[0.044s][info][gc] Using Serial
[13.076s][info][gc] GC(0) Pause Young (Allocation Failure) 4M->1M(15M) 6.156ms
[13.269s][info][gc] GC(1) Pause Young (Allocation Failure) 6M->2M(15M) 4.990ms
[13.406s][info][gc] GC(2) Pause Young (Allocation Failure) 6M->2M(15M) 4.162ms
[14.707s][info][gc] GC(3) Pause Young (Allocation Failure) 7M->3M(15M) 4.728ms
[17.243s][info][gc] GC(4) Pause Young (Allocation Failure) 7M->3M(15M) 7.460ms
[27.590s][info][gc] GC(5) Pause Young (Allocation Failure) 8M->4M(15M) 5.492ms
[27.735s][info][gc] GC(6) Pause Young (Allocation Failure) 8M->4M(15M) 1.223ms
[27.825s][info][gc] GC(7) Pause Young (Allocation Failure) 8M->4M(15M) 1.672ms
[27.850s][info][gc] GC(8) Pause Young (Allocation Failure) 8M->4M(15M) 1.242ms
[27.896s][info][gc] GC(9) Pause Young (Allocation Failure) 8M->4M(15M) 1.218ms
[27.957s][info][gc] GC(10) Pause Young (Allocation Failure) 8M->4M(15M) 1.364ms
[27.982s][info][gc] GC(11) Pause Young (Allocation Failure) 8M->4M(15M) 1.265ms
[28.012s][info][gc] GC(12) Pause Young (Allocation Failure) 8M->4M(15M) 1.084ms
[28.052s][info][gc] GC(13) Pause Young (Allocation Failure) 8M->4M(15M) 0.987ms
[28.081s][info][gc] GC(14) Pause Young (Allocation Failure) 8M->4M(15M) 1.069ms
[28.102s][info][gc] GC(15) Pause Young (Allocation Failure) 8M->4M(15M) 1.082ms
[28.131s][info][gc] GC(16) Pause Young (Allocation Failure) 8M->4M(15M) 1.104ms
[28.146s][info][gc] GC(17) Pause Young (Allocation Failure) 8M->4M(15M) 1.198ms
[28.175s][info][gc] GC(18) Pause Young (Allocation Failure) 8M->4M(15M) 1.963ms
[28.197s][info][gc] GC(19) Pause Young (Allocation Failure) 8M->4M(15M) 1.449ms
[28.213s][info][gc] GC(20) Pause Young (Allocation Failure) 8M->4M(15M) 1.477ms
[28.240s][info][gc] GC(21) Pause Young (Allocation Failure) 8M->4M(15M) 1.259ms
[28.263s][info][gc] GC(22) Pause Young (Allocation Failure) 8M->4M(15M) 0.924ms
[28.283s][info][gc] GC(23) Pause Young (Allocation Failure) 8M->4M(15M) 0.889ms
[28.299s][info][gc] GC(24) Pause Young (Allocation Failure) 8M->4M(15M) 0.808ms
[28.312s][info][gc] GC(25) Pause Young (Allocation Failure) 8M->4M(15M) 1.322ms
[28.335s][info][gc] GC(26) Pause Young (Allocation Failure) 8M->4M(15M) 0.926ms
[28.346s][info][gc] GC(27) Pause Young (Allocation Failure) 8M->4M(15M) 0.960ms
[28.356s][info][gc] GC(28) Pause Young (Allocation Failure) 8M->4M(15M) 1.039ms
[28.500s][info][gc] GC(29) Pause Young (Allocation Failure) 8M->4M(15M) 0.870ms
[28.512s][info][gc] GC(30) Pause Young (Allocation Failure) 8M->4M(15M) 0.901ms
[28.540s][info][gc] GC(31) Pause Young (Allocation Failure) 8M->4M(15M) 0.950ms
[28.552s][info][gc] GC(32) Pause Young (Allocation Failure) 8M->4M(15M) 0.919ms
[28.621s][info][gc] GC(33) Pause Young (Allocation Failure) 8M->4M(15M) 0.963ms
[28.632s][info][gc] GC(34) Pause Young (Allocation Failure) 8M->4M(15M) 0.930ms
[28.643s][info][gc] GC(35) Pause Young (Allocation Failure) 8M->4M(15M) 0.965ms
[28.705s][info][gc] GC(36) Pause Young (Allocation Failure) 8M->4M(15M) 0.992ms
[28.717s][info][gc] GC(37) Pause Young (Allocation Failure) 8M->4M(15M) 1.038ms
[28.727s][info][gc] GC(38) Pause Young (Allocation Failure) 8M->4M(15M) 0.942ms
[28.736s][info][gc] GC(39) Pause Young (Allocation Failure) 8M->4M(15M) 0.677ms
[28.785s][info][gc] GC(40) Pause Young (Allocation Failure) 8M->4M(15M) 0.615ms
[28.795s][info][gc] GC(41) Pause Young (Allocation Failure) 8M->4M(15M) 0.719ms
[28.805s][info][gc] GC(42) Pause Young (Allocation Failure) 8M->4M(15M) 0.695ms
[28.870s][info][gc] GC(43) Pause Young (Allocation Failure) 8M->4M(15M) 0.705ms
[28.882s][info][gc] GC(44) Pause Young (Allocation Failure) 8M->4M(15M) 0.743ms
[28.891s][info][gc] GC(45) Pause Young (Allocation Failure) 8M->4M(15M) 0.885ms
[28.900s][info][gc] GC(46) Pause Young (Allocation Failure) 8M->4M(15M) 0.735ms
[28.933s][info][gc] GC(47) Pause Young (Allocation Failure) 8M->4M(15M) 0.754ms
[28.945s][info][gc] GC(48) Pause Young (Allocation Failure) 8M->4M(15M) 0.827ms
[28.954s][info][gc] GC(49) Pause Young (Allocation Failure) 8M->4M(15M) 0.759ms
[28.965s][info][gc] GC(50) Pause Young (Allocation Failure) 8M->4M(15M) 0.877ms
[28.974s][info][gc] GC(51) Pause Young (Allocation Failure) 8M->4M(15M) 1.016ms
[28.983s][info][gc] GC(52) Pause Young (Allocation Failure) 8M->4M(15M) 0.952ms
[28.993s][info][gc] GC(53) Pause Young (Allocation Failure) 8M->4M(15M) 0.892ms
[29.016s][info][gc] GC(54) Pause Young (Allocation Failure) 8M->4M(15M) 0.879ms
[29.028s][info][gc] GC(55) Pause Young (Allocation Failure) 8M->4M(15M) 1.029ms
[29.036s][info][gc] GC(56) Pause Young (Allocation Failure) 8M->4M(15M) 0.956ms
[29.046s][info][gc] GC(57) Pause Young (Allocation Failure) 8M->4M(15M) 1.001ms
[29.094s][info][gc] GC(58) Pause Young (Allocation Failure) 8M->4M(15M) 0.898ms
[29.103s][info][gc] GC(59) Pause Young (Allocation Failure) 8M->4M(15M) 0.925ms
[29.115s][info][gc] GC(60) Pause Young (Allocation Failure) 8M->4M(15M) 1.102ms
[29.152s][info][gc] GC(61) Pause Young (Allocation Failure) 8M->4M(15M) 1.613ms
[29.164s][info][gc] GC(62) Pause Young (Allocation Failure) 8M->4M(15M) 0.614ms
[29.173s][info][gc] GC(63) Pause Young (Allocation Failure) 8M->4M(15M) 0.680ms
[29.182s][info][gc] GC(64) Pause Young (Allocation Failure) 8M->4M(15M) 0.654ms
[29.205s][info][gc] GC(65) Pause Young (Allocation Failure) 8M->4M(15M) 0.675ms
[29.214s][info][gc] GC(66) Pause Young (Allocation Failure) 8M->4M(15M) 0.732ms
[29.225s][info][gc] GC(67) Pause Young (Allocation Failure) 8M->4M(15M) 1.079ms
[29.270s][info][gc] GC(68) Pause Young (Allocation Failure) 8M->4M(15M) 0.988ms
[29.298s][info][gc] GC(69) Pause Young (Allocation Failure) 8M->4M(15M) 0.706ms
[29.315s][info][gc] GC(70) Pause Young (Allocation Failure) 8M->4M(15M) 1.055ms
[29.324s][info][gc] GC(71) Pause Young (Allocation Failure) 8M->4M(15M) 0.780ms
[29.333s][info][gc] GC(72) Pause Young (Allocation Failure) 8M->4M(15M) 0.779ms
[29.355s][info][gc] GC(73) Pause Young (Allocation Failure) 8M->4M(15M) 0.860ms
[29.364s][info][gc] GC(74) Pause Young (Allocation Failure) 8M->4M(15M) 0.908ms
[29.374s][info][gc] GC(75) Pause Young (Allocation Failure) 8M->4M(15M) 0.833ms
[29.392s][info][gc] GC(76) Pause Young (Allocation Failure) 8M->4M(15M) 0.928ms
[29.402s][info][gc] GC(77) Pause Young (Allocation Failure) 8M->4M(15M) 0.852ms
[29.413s][info][gc] GC(78) Pause Young (Allocation Failure) 8M->4M(15M) 0.824ms
[29.422s][info][gc] GC(79) Pause Young (Allocation Failure) 8M->4M(15M) 0.891ms
[29.442s][info][gc] GC(80) Pause Young (Allocation Failure) 8M->4M(15M) 0.971ms
[29.451s][info][gc] GC(81) Pause Young (Allocation Failure) 8M->4M(15M) 1.165ms
[29.461s][info][gc] GC(82) Pause Young (Allocation Failure) 8M->4M(15M) 1.079ms
[29.471s][info][gc] GC(83) Pause Young (Allocation Failure) 8M->4M(15M) 0.997ms
[29.498s][info][gc] GC(84) Pause Young (Allocation Failure) 8M->4M(15M) 0.641ms
[29.508s][info][gc] GC(85) Pause Young (Allocation Failure) 8M->4M(15M) 0.608ms
[29.517s][info][gc] GC(86) Pause Young (Allocation Failure) 8M->4M(15M) 0.604ms
[29.528s][info][gc] GC(87) Pause Young (Allocation Failure) 8M->4M(15M) 0.591ms
[29.548s][info][gc] GC(88) Pause Young (Allocation Failure) 8M->4M(15M) 1.868ms
[29.558s][info][gc] GC(89) Pause Young (Allocation Failure) 8M->4M(15M) 0.755ms
[29.574s][info][gc] GC(90) Pause Young (Allocation Failure) 8M->4M(15M) 0.941ms
[29.597s][info][gc] GC(91) Pause Young (Allocation Failure) 8M->4M(15M) 1.033ms
[29.615s][info][gc] GC(92) Pause Young (Allocation Failure) 8M->4M(15M) 0.714ms
[29.627s][info][gc] GC(93) Pause Young (Allocation Failure) 8M->4M(15M) 0.714ms
[29.638s][info][gc] GC(94) Pause Young (Allocation Failure) 8M->4M(15M) 0.977ms
[29.655s][info][gc] GC(95) Pause Young (Allocation Failure) 8M->4M(15M) 0.816ms
[29.666s][info][gc] GC(96) Pause Young (Allocation Failure) 8M->4M(15M) 0.699ms
[29.677s][info][gc] GC(97) Pause Young (Allocation Failure) 8M->4M(15M) 0.810ms
[29.689s][info][gc] GC(98) Pause Young (Allocation Failure) 8M->4M(15M) 0.913ms
[29.706s][info][gc] GC(99) Pause Young (Allocation Failure) 8M->4M(15M) 0.806ms
[29.719s][info][gc] GC(100) Pause Young (Allocation Failure) 8M->4M(15M) 0.907ms
[29.735s][info][gc] GC(101) Pause Young (Allocation Failure) 8M->4M(15M) 1.370ms
[29.749s][info][gc] GC(102) Pause Young (Allocation Failure) 8M->4M(15M) 0.822ms
[29.768s][info][gc] GC(103) Pause Young (Allocation Failure) 8M->4M(15M) 1.139ms
[29.778s][info][gc] GC(104) Pause Young (Allocation Failure) 8M->4M(15M) 0.919ms
[29.787s][info][gc] GC(105) Pause Young (Allocation Failure) 8M->4M(15M) 0.935ms
[29.798s][info][gc] GC(106) Pause Young (Allocation Failure) 8M->4M(15M) 0.973ms
[29.814s][info][gc] GC(107) Pause Young (Allocation Failure) 8M->4M(15M) 0.960ms
[29.842s][info][gc] GC(108) Pause Young (Allocation Failure) 8M->4M(15M) 0.923ms
[29.857s][info][gc] GC(109) Pause Young (Allocation Failure) 8M->4M(15M) 0.933ms
[29.887s][info][gc] GC(110) Pause Young (Allocation Failure) 8M->4M(15M) 0.934ms
[29.897s][info][gc] GC(111) Pause Young (Allocation Failure) 8M->4M(15M) 0.834ms
[29.906s][info][gc] GC(112) Pause Young (Allocation Failure) 8M->4M(15M) 0.583ms
[29.914s][info][gc] GC(113) Pause Young (Allocation Failure) 8M->4M(15M) 0.617ms
[29.927s][info][gc] GC(114) Pause Young (Allocation Failure) 8M->4M(15M) 0.875ms
[29.941s][info][gc] GC(115) Pause Young (Allocation Failure) 8M->4M(15M) 0.668ms
[29.950s][info][gc] GC(116) Pause Young (Allocation Failure) 8M->4M(15M) 0.610ms
[29.958s][info][gc] GC(117) Pause Young (Allocation Failure) 8M->4M(15M) 0.741ms
[29.969s][info][gc] GC(118) Pause Young (Allocation Failure) 8M->4M(15M) 0.626ms
[29.978s][info][gc] GC(119) Pause Young (Allocation Failure) 8M->4M(15M) 0.673ms
[29.988s][info][gc] GC(120) Pause Young (Allocation Failure) 8M->4M(15M) 0.707ms
[30.002s][info][gc] GC(121) Pause Young (Allocation Failure) 8M->4M(15M) 0.718ms
[30.023s][info][gc] GC(122) Pause Young (Allocation Failure) 8M->4M(15M) 0.822ms
[30.034s][info][gc] GC(123) Pause Young (Allocation Failure) 8M->4M(15M) 0.745ms
[30.044s][info][gc] GC(124) Pause Young (Allocation Failure) 8M->4M(15M) 0.775ms
[30.055s][info][gc] GC(125) Pause Young (Allocation Failure) 8M->4M(15M) 0.907ms
[30.071s][info][gc] GC(126) Pause Young (Allocation Failure) 8M->4M(15M) 0.926ms
[30.080s][info][gc] GC(127) Pause Young (Allocation Failure) 8M->4M(15M) 0.886ms
[30.090s][info][gc] GC(128) Pause Young (Allocation Failure) 8M->4M(15M) 0.991ms
[30.099s][info][gc] GC(129) Pause Young (Allocation Failure) 8M->4M(15M) 0.908ms
[30.111s][info][gc] GC(130) Pause Young (Allocation Failure) 8M->4M(15M) 0.934ms
[30.120s][info][gc] GC(131) Pause Young (Allocation Failure) 8M->4M(15M) 0.896ms
[30.130s][info][gc] GC(132) Pause Young (Allocation Failure) 8M->4M(15M) 0.969ms
[30.139s][info][gc] GC(133) Pause Young (Allocation Failure) 8M->4M(15M) 0.912ms
[30.158s][info][gc] GC(134) Pause Young (Allocation Failure) 8M->4M(15M) 0.969ms
[30.168s][info][gc] GC(135) Pause Young (Allocation Failure) 8M->4M(15M) 0.979ms
[30.177s][info][gc] GC(136) Pause Young (Allocation Failure) 8M->4M(15M) 0.614ms
[30.186s][info][gc] GC(137) Pause Young (Allocation Failure) 8M->4M(15M) 0.639ms
[30.195s][info][gc] GC(138) Pause Young (Allocation Failure) 8M->4M(15M) 0.634ms
[30.204s][info][gc] GC(139) Pause Young (Allocation Failure) 8M->4M(15M) 0.758ms
[30.213s][info][gc] GC(140) Pause Young (Allocation Failure) 8M->4M(15M) 0.702ms
[30.221s][info][gc] GC(141) Pause Young (Allocation Failure) 8M->4M(15M) 0.739ms
[30.228s][info][gc] GC(142) Pause Young (Allocation Failure) 8M->4M(15M) 0.547ms
[30.237s][info][gc] GC(143) Pause Young (Allocation Failure) 8M->4M(15M) 0.864ms
[30.245s][info][gc] GC(144) Pause Young (Allocation Failure) 8M->4M(15M) 0.625ms
[30.254s][info][gc] GC(145) Pause Young (Allocation Failure) 8M->4M(15M) 0.684ms
[30.265s][info][gc] GC(146) Pause Young (Allocation Failure) 8M->4M(15M) 0.828ms
[30.275s][info][gc] GC(147) Pause Young (Allocation Failure) 8M->4M(15M) 1.052ms
[30.284s][info][gc] GC(148) Pause Young (Allocation Failure) 8M->4M(15M) 0.901ms
[30.291s][info][gc] GC(149) Pause Young (Allocation Failure) 8M->4M(15M) 0.880ms
[30.300s][info][gc] GC(150) Pause Young (Allocation Failure) 8M->4M(15M) 0.987ms
[30.307s][info][gc] GC(151) Pause Young (Allocation Failure) 8M->4M(15M) 0.796ms
[30.314s][info][gc] GC(152) Pause Young (Allocation Failure) 8M->4M(15M) 0.614ms
[30.321s][info][gc] GC(153) Pause Young (Allocation Failure) 8M->4M(15M) 0.633ms
[30.327s][info][gc] GC(154) Pause Young (Allocation Failure) 8M->4M(15M) 0.592ms
[30.335s][info][gc] GC(155) Pause Young (Allocation Failure) 8M->4M(15M) 0.799ms
[30.348s][info][gc] GC(156) Pause Young (Allocation Failure) 8M->4M(15M) 0.874ms
[30.356s][info][gc] GC(157) Pause Young (Allocation Failure) 8M->4M(15M) 0.608ms
[30.365s][info][gc] GC(158) Pause Young (Allocation Failure) 8M->4M(15M) 0.767ms
[30.374s][info][gc] GC(159) Pause Young (Allocation Failure) 8M->4M(15M) 0.481ms
[30.388s][info][gc] GC(160) Pause Young (Allocation Failure) 8M->4M(15M) 0.708ms
[30.395s][info][gc] GC(161) Pause Young (Allocation Failure) 8M->4M(15M) 0.685ms
[30.403s][info][gc] GC(162) Pause Young (Allocation Failure) 8M->4M(15M) 0.584ms
[30.411s][info][gc] GC(163) Pause Young (Allocation Failure) 8M->4M(15M) 0.745ms
[30.421s][info][gc] GC(164) Pause Young (Allocation Failure) 8M->4M(15M) 0.836ms
[30.429s][info][gc] GC(165) Pause Young (Allocation Failure) 8M->4M(15M) 0.607ms
[30.438s][info][gc] GC(166) Pause Young (Allocation Failure) 8M->4M(15M) 0.551ms
[30.443s][info][gc] GC(167) Pause Young (Allocation Failure) 8M->4M(15M) 0.552ms
[30.448s][info][gc] GC(168) Pause Young (Allocation Failure) 8M->4M(15M) 0.536ms
[30.454s][info][gc] GC(169) Pause Young (Allocation Failure) 8M->4M(15M) 0.600ms
[33.594s][info][gc] GC(170) Pause Young (Allocation Failure) 8M->4M(15M) 0.809ms
[64.633s][info][gc] GC(171) Pause Young (Allocation Failure) 8M->4M(15M) 3.940ms
[74.197s][info][gc] GC(172) Pause Young (Allocation Failure) 8M->6M(15M) 6.297ms
[74.218s][info][gc] GC(173) Pause Young (Allocation Failure) 10M->6M(15M) 3.570ms
[74.239s][info][gc] GC(174) Pause Young (Allocation Failure) 10M->7M(15M) 2.514ms
[74.259s][info][gc] GC(175) Pause Young (Allocation Failure) 11M->7M(15M) 1.947ms
[74.277s][info][gc] GC(176) Pause Young (Allocation Failure) 12M->8M(15M) 1.722ms
[74.291s][info][gc] GC(177) Pause Young (Allocation Failure) 12M->8M(15M) 1.926ms
[74.320s][info][gc] GC(178) Pause Young (Allocation Failure) 13M->9M(15M) 1.817ms
[74.342s][info][gc] GC(179) Pause Young (Allocation Failure) 13M->9M(15M) 1.824ms
[74.359s][info][gc] GC(180) Pause Young (Allocation Failure) 14M->10M(15M) 1.967ms
[74.369s][info][gc] GC(181) Pause Young (Allocation Failure) 14M->14M(15M) 0.081ms
[74.411s][info][gc] GC(182) Pause Full (Allocation Failure) 14M->11M(15M) 41.773ms
[74.455s][info][gc] GC(183) Pause Full (Allocation Failure) 15M->11M(15M) 34.191ms
[74.499s][info][gc] GC(184) Pause Full (Allocation Failure) 15M->12M(15M) 32.453ms
[74.548s][info][gc] GC(185) Pause Full (Allocation Failure) 15M->12M(15M) 39.281ms
[74.590s][info][gc] GC(186) Pause Full (Allocation Failure) 15M->12M(15M) 33.597ms
[74.634s][info][gc] GC(187) Pause Full (Allocation Failure) 15M->13M(15M) 35.464ms
[74.677s][info][gc] GC(188) Pause Full (Allocation Failure) 15M->13M(15M) 34.743ms
[74.724s][info][gc] GC(189) Pause Full (Allocation Failure) 15M->13M(15M) 39.489ms
[74.767s][info][gc] GC(190) Pause Full (Allocation Failure) 15M->14M(15M) 36.896ms
[74.806s][info][gc] GC(191) Pause Full (Allocation Failure) 15M->14M(15M) 34.444ms
[74.845s][info][gc] GC(192) Pause Full (Allocation Failure) 15M->14M(15M) 35.476ms
[74.890s][info][gc] GC(193) Pause Full (Allocation Failure) 15M->14M(15M) 39.393ms
[74.931s][info][gc] GC(194) Pause Full (Allocation Failure) 15M->14M(15M) 37.393ms
[74.967s][info][gc] GC(195) Pause Full (Allocation Failure) 15M->14M(15M) 32.730ms
[75.002s][info][gc] GC(196) Pause Full (Allocation Failure) 15M->15M(15M) 33.661ms
[75.049s][info][gc] GC(197) Pause Full (Allocation Failure) 15M->14M(15M) 40.456ms
[75.092s][info][gc] GC(198) Pause Full (Allocation Failure) 15M->14M(15M) 36.236ms
[75.128s][info][gc] GC(199) Pause Full (Allocation Failure) 15M->14M(15M) 33.564ms
[75.174s][info][gc] GC(200) Pause Full (Allocation Failure) 15M->15M(15M) 35.690ms
[75.217s][info][gc] GC(201) Pause Full (Allocation Failure) 15M->15M(15M) 35.439ms
[75.262s][info][gc] GC(202) Pause Full (Allocation Failure) 15M->15M(15M) 39.439ms
[75.298s][info][gc] GC(203) Pause Full (Allocation Failure) 15M->15M(15M) 33.592ms
[75.330s][info][gc] GC(204) Pause Full (Allocation Failure) 15M->15M(15M) 31.084ms
[75.366s][info][gc] GC(205) Pause Full (Allocation Failure) 15M->15M(15M) 34.971ms
[75.399s][info][gc] GC(206) Pause Full (Allocation Failure) 15M->15M(15M) 32.215ms
[75.432s][info][gc] GC(207) Pause Full (Allocation Failure) 15M->15M(15M) 32.107ms
[75.463s][info][gc] GC(208) Pause Full (Allocation Failure) 15M->15M(15M) 31.142ms
[75.497s][info][gc] GC(209) Pause Full (Allocation Failure) 15M->15M(15M) 33.471ms
[75.531s][info][gc] GC(210) Pause Full (Allocation Failure) 15M->15M(15M) 33.013ms
[77.506s][info][gc] GC(211) Pause Full (Allocation Failure) 15M->5M(15M) 37.485ms
[104.666s][info][gc] GC(212) Pause Young (Allocation Failure) 10M->5M(15M) 1.170ms
[129.682s][info][gc] GC(213) Pause Young (Allocation Failure) 10M->6M(15M) 1.167ms
[131.877s][info][gc] GC(214) Pause Young (Allocation Failure) 11M->8M(15M) 2.718ms
[131.899s][info][gc] GC(215) Pause Young (Allocation Failure) 12M->9M(15M) 1.938ms
[131.905s][info][gc] GC(216) Pause Young (Allocation Failure) 13M->9M(15M) 1.447ms
[131.912s][info][gc] GC(217) Pause Young (Allocation Failure) 14M->10M(15M) 1.272ms
[131.917s][info][gc] GC(218) Pause Young (Allocation Failure) 14M->14M(15M) 0.079ms
[131.953s][info][gc] GC(219) Pause Full (Allocation Failure) 14M->8M(15M) 35.949ms
[131.958s][info][gc] GC(220) Pause Young (Allocation Failure) 12M->8M(15M) 1.084ms
[131.979s][info][gc] GC(221) Pause Young (Allocation Failure) 12M->9M(15M) 1.416ms
[131.985s][info][gc] GC(222) Pause Young (Allocation Failure) 13M->9M(15M) 1.275ms
[131.990s][info][gc] GC(223) Pause Young (Allocation Failure) 14M->10M(15M) 1.292ms
[131.995s][info][gc] GC(224) Pause Young (Allocation Failure) 14M->14M(15M) 0.084ms
[132.029s][info][gc] GC(225) Pause Full (Allocation Failure) 14M->10M(15M) 34.700ms
[132.070s][info][gc] GC(226) Pause Full (Allocation Failure) 15M->11M(15M) 35.611ms
[132.114s][info][gc] GC(227) Pause Full (Allocation Failure) 15M->12M(15M) 38.900ms
[132.154s][info][gc] GC(228) Pause Full (Allocation Failure) 15M->12M(15M) 35.394ms
[132.195s][info][gc] GC(229) Pause Full (Allocation Failure) 15M->12M(15M) 37.733ms
[132.239s][info][gc] GC(230) Pause Full (Allocation Failure) 15M->13M(15M) 36.210ms
[132.278s][info][gc] GC(231) Pause Full (Allocation Failure) 15M->13M(15M) 36.540ms
[132.317s][info][gc] GC(232) Pause Full (Allocation Failure) 15M->13M(15M) 37.026ms
[132.357s][info][gc] GC(233) Pause Full (Allocation Failure) 15M->14M(15M) 37.844ms
[132.394s][info][gc] GC(234) Pause Full (Allocation Failure) 15M->14M(15M) 35.195ms
[132.429s][info][gc] GC(235) Pause Full (Allocation Failure) 15M->14M(15M) 32.779ms
[132.460s][info][gc] GC(236) Pause Full (Allocation Failure) 15M->14M(15M) 30.212ms
[132.490s][info][gc] GC(237) Pause Full (Allocation Failure) 15M->14M(15M) 28.869ms
[132.516s][info][gc] GC(238) Pause Full (Allocation Failure) 15M->14M(15M) 24.606ms
[132.552s][info][gc] GC(239) Pause Full (Allocation Failure) 15M->15M(15M) 35.254ms
[132.586s][info][gc] GC(240) Pause Full (Allocation Failure) 15M->15M(15M) 33.341ms
[132.624s][info][gc] GC(241) Pause Full (Allocation Failure) 15M->15M(15M) 36.279ms
[132.658s][info][gc] GC(242) Pause Full (Allocation Failure) 15M->15M(15M) 33.955ms
[132.692s][info][gc] GC(243) Pause Full (Allocation Failure) 15M->15M(15M) 32.759ms
[132.727s][info][gc] GC(244) Pause Full (Allocation Failure) 15M->15M(15M) 33.752ms
[132.763s][info][gc] GC(245) Pause Full (Allocation Failure) 15M->15M(15M) 35.068ms
[132.795s][info][gc] GC(246) Pause Full (Allocation Failure) 15M->15M(15M) 32.296ms
[132.831s][info][gc] GC(247) Pause Full (Allocation Failure) 15M->15M(15M) 35.182ms
[132.866s][info][gc] GC(248) Pause Full (Allocation Failure) 15M->15M(15M) 34.474ms
[132.905s][info][gc] GC(249) Pause Full (Allocation Failure) 15M->15M(15M) 37.821ms
[132.944s][info][gc] GC(250) Pause Full (Allocation Failure) 15M->15M(15M) 38.511ms
[134.777s][info][gc] GC(251) Pause Full (Allocation Failure) 15M->5M(15M) 34.212ms
[147.716s][info][gc] GC(252) Pause Young (Allocation Failure) 9M->5M(15M) 1.836ms
[147.739s][info][gc] GC(253) Pause Young (Allocation Failure) 10M->5M(15M) 1.051ms
[147.753s][info][gc] GC(254) Pause Young (Allocation Failure) 10M->5M(15M) 0.699ms
[147.764s][info][gc] GC(255) Pause Young (Allocation Failure) 10M->5M(15M) 0.559ms
[147.776s][info][gc] GC(256) Pause Young (Allocation Failure) 10M->5M(15M) 0.592ms
[147.791s][info][gc] GC(257) Pause Young (Allocation Failure) 10M->5M(15M) 0.598ms
[147.801s][info][gc] GC(258) Pause Young (Allocation Failure) 10M->5M(15M) 0.592ms
[147.812s][info][gc] GC(259) Pause Young (Allocation Failure) 10M->5M(15M) 0.702ms
[147.826s][info][gc] GC(260) Pause Young (Allocation Failure) 10M->5M(15M) 0.634ms
[147.838s][info][gc] GC(261) Pause Young (Allocation Failure) 10M->5M(15M) 0.843ms
[147.866s][info][gc] GC(262) Pause Young (Allocation Failure) 10M->5M(15M) 0.645ms
[147.878s][info][gc] GC(263) Pause Young (Allocation Failure) 10M->5M(15M) 0.957ms
[147.886s][info][gc] GC(264) Pause Young (Allocation Failure) 10M->5M(15M) 1.061ms
[147.893s][info][gc] GC(265) Pause Young (Allocation Failure) 10M->5M(15M) 1.063ms
[147.903s][info][gc] GC(266) Pause Young (Allocation Failure) 10M->5M(15M) 0.942ms
[147.918s][info][gc] GC(267) Pause Young (Allocation Failure) 10M->5M(15M) 1.026ms
[147.930s][info][gc] GC(268) Pause Young (Allocation Failure) 10M->5M(15M) 1.134ms
[147.945s][info][gc] GC(269) Pause Young (Allocation Failure) 10M->5M(15M) 1.066ms
[147.957s][info][gc] GC(270) Pause Young (Allocation Failure) 10M->5M(15M) 0.790ms
[147.973s][info][gc] GC(271) Pause Young (Allocation Failure) 10M->5M(15M) 0.783ms
[147.983s][info][gc] GC(272) Pause Young (Allocation Failure) 10M->5M(15M) 0.771ms
[148.003s][info][gc] GC(273) Pause Young (Allocation Failure) 10M->5M(15M) 0.821ms
[148.015s][info][gc] GC(274) Pause Young (Allocation Failure) 10M->5M(15M) 0.794ms
[148.025s][info][gc] GC(275) Pause Young (Allocation Failure) 10M->5M(15M) 0.792ms
[148.032s][info][gc] GC(276) Pause Young (Allocation Failure) 10M->5M(15M) 0.652ms
[148.038s][info][gc] GC(277) Pause Young (Allocation Failure) 10M->5M(15M) 0.566ms
[148.043s][info][gc] GC(278) Pause Young (Allocation Failure) 10M->5M(15M) 0.545ms
[148.048s][info][gc] GC(279) Pause Young (Allocation Failure) 10M->5M(15M) 0.555ms
[148.056s][info][gc] GC(280) Pause Young (Allocation Failure) 10M->5M(15M) 0.855ms
[148.062s][info][gc] GC(281) Pause Young (Allocation Failure) 10M->5M(15M) 0.644ms
[148.067s][info][gc] GC(282) Pause Young (Allocation Failure) 10M->5M(15M) 0.649ms
[148.073s][info][gc] GC(283) Pause Young (Allocation Failure) 10M->5M(15M) 0.655ms
[148.078s][info][gc] GC(284) Pause Young (Allocation Failure) 10M->5M(15M) 0.621ms
[148.084s][info][gc] GC(285) Pause Young (Allocation Failure) 10M->5M(15M) 0.584ms
[148.089s][info][gc] GC(286) Pause Young (Allocation Failure) 10M->5M(15M) 0.739ms
[148.095s][info][gc] GC(287) Pause Young (Allocation Failure) 10M->5M(15M) 0.629ms
[148.100s][info][gc] GC(288) Pause Young (Allocation Failure) 10M->5M(15M) 0.614ms
[148.107s][info][gc] GC(289) Pause Young (Allocation Failure) 10M->5M(15M) 0.785ms
[148.113s][info][gc] GC(290) Pause Young (Allocation Failure) 10M->5M(15M) 0.909ms
[148.119s][info][gc] GC(291) Pause Young (Allocation Failure) 10M->5M(15M) 0.747ms
[148.125s][info][gc] GC(292) Pause Young (Allocation Failure) 10M->5M(15M) 0.523ms
[148.133s][info][gc] GC(293) Pause Young (Allocation Failure) 10M->5M(15M) 0.837ms
[148.142s][info][gc] GC(294) Pause Young (Allocation Failure) 10M->5M(15M) 0.522ms
[148.148s][info][gc] GC(295) Pause Young (Allocation Failure) 10M->5M(15M) 0.549ms
[148.154s][info][gc] GC(296) Pause Young (Allocation Failure) 10M->5M(15M) 0.567ms
[148.161s][info][gc] GC(297) Pause Young (Allocation Failure) 10M->5M(15M) 0.606ms
[148.168s][info][gc] GC(298) Pause Young (Allocation Failure) 10M->5M(15M) 0.647ms
[148.174s][info][gc] GC(299) Pause Young (Allocation Failure) 10M->5M(15M) 0.885ms
[148.180s][info][gc] GC(300) Pause Young (Allocation Failure) 10M->5M(15M) 0.855ms
[148.186s][info][gc] GC(301) Pause Young (Allocation Failure) 10M->5M(15M) 0.638ms
[148.192s][info][gc] GC(302) Pause Young (Allocation Failure) 10M->5M(15M) 0.649ms
[148.197s][info][gc] GC(303) Pause Young (Allocation Failure) 10M->5M(15M) 0.678ms
[148.203s][info][gc] GC(304) Pause Young (Allocation Failure) 10M->5M(15M) 0.656ms
[148.209s][info][gc] GC(305) Pause Young (Allocation Failure) 10M->5M(15M) 0.926ms
[148.215s][info][gc] GC(306) Pause Young (Allocation Failure) 10M->5M(15M) 0.688ms
[148.221s][info][gc] GC(307) Pause Young (Allocation Failure) 10M->5M(15M) 0.761ms
[148.226s][info][gc] GC(308) Pause Young (Allocation Failure) 10M->5M(15M) 0.671ms
[148.234s][info][gc] GC(309) Pause Young (Allocation Failure) 10M->5M(15M) 0.795ms
[148.240s][info][gc] GC(310) Pause Young (Allocation Failure) 10M->5M(15M) 0.684ms
[148.246s][info][gc] GC(311) Pause Young (Allocation Failure) 10M->5M(15M) 1.191ms
[148.252s][info][gc] GC(312) Pause Young (Allocation Failure) 10M->5M(15M) 0.680ms
[148.259s][info][gc] GC(313) Pause Young (Allocation Failure) 10M->5M(15M) 1.177ms
[148.268s][info][gc] GC(314) Pause Young (Allocation Failure) 10M->5M(15M) 0.529ms
[148.274s][info][gc] GC(315) Pause Young (Allocation Failure) 10M->5M(15M) 0.550ms
[148.280s][info][gc] GC(316) Pause Young (Allocation Failure) 10M->5M(15M) 0.527ms
[148.286s][info][gc] GC(317) Pause Young (Allocation Failure) 10M->5M(15M) 0.593ms
[148.290s][info][gc] GC(318) Pause Young (Allocation Failure) 10M->5M(15M) 0.585ms
[148.296s][info][gc] GC(319) Pause Young (Allocation Failure) 10M->5M(15M) 0.564ms
[148.301s][info][gc] GC(320) Pause Young (Allocation Failure) 10M->5M(15M) 0.585ms
[148.307s][info][gc] GC(321) Pause Young (Allocation Failure) 10M->5M(15M) 0.750ms
[148.316s][info][gc] GC(322) Pause Young (Allocation Failure) 10M->5M(15M) 0.680ms
[148.322s][info][gc] GC(323) Pause Young (Allocation Failure) 10M->5M(15M) 0.677ms
[148.328s][info][gc] GC(324) Pause Young (Allocation Failure) 10M->5M(15M) 0.721ms
[148.334s][info][gc] GC(325) Pause Young (Allocation Failure) 10M->5M(15M) 0.780ms
[148.339s][info][gc] GC(326) Pause Young (Allocation Failure) 10M->5M(15M) 0.655ms
[148.345s][info][gc] GC(327) Pause Young (Allocation Failure) 10M->5M(15M) 0.739ms
[148.351s][info][gc] GC(328) Pause Young (Allocation Failure) 10M->5M(15M) 0.736ms
[148.356s][info][gc] GC(329) Pause Young (Allocation Failure) 10M->5M(15M) 0.752ms
[148.362s][info][gc] GC(330) Pause Young (Allocation Failure) 10M->5M(15M) 0.751ms
[148.367s][info][gc] GC(331) Pause Young (Allocation Failure) 10M->5M(15M) 0.939ms
[148.374s][info][gc] GC(332) Pause Young (Allocation Failure) 10M->5M(15M) 0.672ms
[148.381s][info][gc] GC(333) Pause Young (Allocation Failure) 10M->5M(15M) 0.723ms
[148.387s][info][gc] GC(334) Pause Young (Allocation Failure) 10M->5M(15M) 0.705ms
[148.393s][info][gc] GC(335) Pause Young (Allocation Failure) 10M->5M(15M) 0.668ms
[148.402s][info][gc] GC(336) Pause Young (Allocation Failure) 10M->5M(15M) 0.776ms
[148.408s][info][gc] GC(337) Pause Young (Allocation Failure) 10M->5M(15M) 0.758ms
[148.414s][info][gc] GC(338) Pause Young (Allocation Failure) 10M->5M(15M) 0.810ms
[148.421s][info][gc] GC(339) Pause Young (Allocation Failure) 10M->5M(15M) 0.549ms
[148.427s][info][gc] GC(340) Pause Young (Allocation Failure) 10M->5M(15M) 0.571ms
[148.436s][info][gc] GC(341) Pause Young (Allocation Failure) 10M->5M(15M) 0.871ms
[148.444s][info][gc] GC(342) Pause Young (Allocation Failure) 10M->5M(15M) 0.659ms
[148.452s][info][gc] GC(343) Pause Young (Allocation Failure) 10M->5M(15M) 0.592ms
[148.461s][info][gc] GC(344) Pause Young (Allocation Failure) 10M->5M(15M) 0.772ms
[148.466s][info][gc] GC(345) Pause Young (Allocation Failure) 10M->5M(15M) 0.624ms
[148.472s][info][gc] GC(346) Pause Young (Allocation Failure) 10M->5M(15M) 0.718ms
[148.478s][info][gc] GC(347) Pause Young (Allocation Failure) 10M->5M(15M) 0.648ms
[148.483s][info][gc] GC(348) Pause Young (Allocation Failure) 10M->5M(15M) 0.765ms
[148.488s][info][gc] GC(349) Pause Young (Allocation Failure) 10M->5M(15M) 0.676ms
[148.494s][info][gc] GC(350) Pause Young (Allocation Failure) 10M->5M(15M) 0.705ms
[148.500s][info][gc] GC(351) Pause Young (Allocation Failure) 10M->5M(15M) 1.025ms
[148.506s][info][gc] GC(352) Pause Young (Allocation Failure) 10M->5M(15M) 1.040ms
[148.511s][info][gc] GC(353) Pause Young (Allocation Failure) 10M->5M(15M) 0.767ms
[148.518s][info][gc] GC(354) Pause Young (Allocation Failure) 10M->5M(15M) 0.779ms
[148.524s][info][gc] GC(355) Pause Young (Allocation Failure) 10M->5M(15M) 0.785ms
[148.530s][info][gc] GC(356) Pause Young (Allocation Failure) 10M->5M(15M) 0.537ms
[148.539s][info][gc] GC(357) Pause Young (Allocation Failure) 10M->5M(15M) 1.220ms
[148.547s][info][gc] GC(358) Pause Young (Allocation Failure) 10M->5M(15M) 0.840ms
[148.558s][info][gc] GC(359) Pause Young (Allocation Failure) 10M->5M(15M) 0.919ms
[148.568s][info][gc] GC(360) Pause Young (Allocation Failure) 10M->5M(15M) 1.203ms
[148.577s][info][gc] GC(361) Pause Young (Allocation Failure) 10M->5M(15M) 1.191ms
[148.588s][info][gc] GC(362) Pause Young (Allocation Failure) 10M->5M(15M) 0.910ms
[148.599s][info][gc] GC(363) Pause Young (Allocation Failure) 10M->5M(15M) 0.604ms
[148.607s][info][gc] GC(364) Pause Young (Allocation Failure) 10M->5M(15M) 1.698ms
[148.617s][info][gc] GC(365) Pause Young (Allocation Failure) 10M->5M(15M) 1.268ms
[148.623s][info][gc] GC(366) Pause Young (Allocation Failure) 10M->5M(15M) 1.140ms
[148.635s][info][gc] GC(367) Pause Young (Allocation Failure) 10M->5M(15M) 0.923ms
[148.643s][info][gc] GC(368) Pause Young (Allocation Failure) 10M->5M(15M) 0.992ms
[148.651s][info][gc] GC(369) Pause Young (Allocation Failure) 10M->5M(15M) 1.115ms
[148.660s][info][gc] GC(370) Pause Young (Allocation Failure) 10M->5M(15M) 0.956ms
[148.671s][info][gc] GC(371) Pause Young (Allocation Failure) 10M->5M(15M) 0.830ms
[148.684s][info][gc] GC(372) Pause Young (Allocation Failure) 10M->5M(15M) 0.677ms
[148.691s][info][gc] GC(373) Pause Young (Allocation Failure) 10M->5M(15M) 0.981ms
[148.696s][info][gc] GC(374) Pause Young (Allocation Failure) 10M->5M(15M) 0.722ms
[148.704s][info][gc] GC(375) Pause Young (Allocation Failure) 10M->5M(15M) 0.957ms
[148.711s][info][gc] GC(376) Pause Young (Allocation Failure) 10M->5M(15M) 0.857ms
[148.720s][info][gc] GC(377) Pause Young (Allocation Failure) 10M->5M(15M) 0.638ms
[148.731s][info][gc] GC(378) Pause Young (Allocation Failure) 10M->5M(15M) 0.863ms
[148.750s][info][gc] GC(379) Pause Young (Allocation Failure) 10M->5M(15M) 0.674ms
[148.762s][info][gc] GC(380) Pause Young (Allocation Failure) 10M->5M(15M) 0.925ms
[148.778s][info][gc] GC(381) Pause Young (Allocation Failure) 10M->5M(15M) 0.873ms
[148.787s][info][gc] GC(382) Pause Young (Allocation Failure) 10M->5M(15M) 0.725ms
[148.792s][info][gc] GC(383) Pause Young (Allocation Failure) 10M->5M(15M) 0.875ms
[148.800s][info][gc] GC(384) Pause Young (Allocation Failure) 10M->5M(15M) 0.714ms
[148.806s][info][gc] GC(385) Pause Young (Allocation Failure) 10M->5M(15M) 0.614ms
[148.813s][info][gc] GC(386) Pause Young (Allocation Failure) 10M->5M(15M) 0.664ms
[148.819s][info][gc] GC(387) Pause Young (Allocation Failure) 10M->5M(15M) 0.635ms
[148.826s][info][gc] GC(388) Pause Young (Allocation Failure) 10M->5M(15M) 1.037ms
[148.837s][info][gc] GC(389) Pause Young (Allocation Failure) 10M->5M(15M) 0.748ms
[148.843s][info][gc] GC(390) Pause Young (Allocation Failure) 10M->5M(15M) 0.690ms
[148.850s][info][gc] GC(391) Pause Young (Allocation Failure) 10M->5M(15M) 0.924ms
[148.855s][info][gc] GC(392) Pause Young (Allocation Failure) 10M->5M(15M) 0.751ms
[148.862s][info][gc] GC(393) Pause Young (Allocation Failure) 10M->5M(15M) 0.708ms
[148.869s][info][gc] GC(394) Pause Young (Allocation Failure) 10M->5M(15M) 0.717ms
[148.875s][info][gc] GC(395) Pause Young (Allocation Failure) 10M->5M(15M) 0.696ms
[148.884s][info][gc] GC(396) Pause Young (Allocation Failure) 10M->5M(15M) 0.741ms
[148.892s][info][gc] GC(397) Pause Young (Allocation Failure) 10M->5M(15M) 0.748ms
[148.898s][info][gc] GC(398) Pause Young (Allocation Failure) 10M->5M(15M) 0.740ms
[148.905s][info][gc] GC(399) Pause Young (Allocation Failure) 10M->5M(15M) 0.758ms
[148.911s][info][gc] GC(400) Pause Young (Allocation Failure) 10M->5M(15M) 0.767ms
[148.921s][info][gc] GC(401) Pause Young (Allocation Failure) 10M->5M(15M) 0.810ms
[148.929s][info][gc] GC(402) Pause Young (Allocation Failure) 10M->5M(15M) 0.636ms
[148.937s][info][gc] GC(403) Pause Young (Allocation Failure) 10M->5M(15M) 0.838ms
[148.945s][info][gc] GC(404) Pause Young (Allocation Failure) 10M->5M(15M) 0.979ms
[148.953s][info][gc] GC(405) Pause Young (Allocation Failure) 10M->5M(15M) 0.855ms
[148.959s][info][gc] GC(406) Pause Young (Allocation Failure) 10M->5M(15M) 0.637ms
[148.965s][info][gc] GC(407) Pause Young (Allocation Failure) 10M->5M(15M) 0.654ms
[148.972s][info][gc] GC(408) Pause Young (Allocation Failure) 10M->5M(15M) 0.648ms
[148.978s][info][gc] GC(409) Pause Young (Allocation Failure) 10M->5M(15M) 0.918ms
[148.983s][info][gc] GC(410) Pause Young (Allocation Failure) 10M->5M(15M) 0.696ms
[148.989s][info][gc] GC(411) Pause Young (Allocation Failure) 10M->5M(15M) 0.677ms
[148.996s][info][gc] GC(412) Pause Young (Allocation Failure) 10M->5M(15M) 0.888ms
[149.002s][info][gc] GC(413) Pause Young (Allocation Failure) 10M->5M(15M) 0.718ms
[149.008s][info][gc] GC(414) Pause Young (Allocation Failure) 10M->5M(15M) 0.920ms
[149.014s][info][gc] GC(415) Pause Young (Allocation Failure) 10M->5M(15M) 0.723ms
[149.019s][info][gc] GC(416) Pause Young (Allocation Failure) 10M->5M(15M) 0.792ms
[149.699s][info][gc] GC(417) Pause Young (Allocation Failure) 10M->5M(15M) 1.110ms
[183.731s][info][gc] GC(418) Pause Young (Allocation Failure) 10M->5M(15M) 0.756ms
[200.049s][info][gc] GC(419) Pause Young (Allocation Failure) 10M->5M(15M) 1.713ms
[200.060s][info][gc] GC(420) Pause Young (Allocation Failure) 10M->5M(15M) 0.998ms
[200.069s][info][gc] GC(421) Pause Young (Allocation Failure) 10M->5M(15M) 0.766ms
[200.079s][info][gc] GC(422) Pause Young (Allocation Failure) 10M->5M(15M) 1.030ms
[200.085s][info][gc] GC(423) Pause Young (Allocation Failure) 10M->5M(15M) 0.726ms
[200.110s][info][gc] GC(424) Pause Young (Allocation Failure) 10M->5M(15M) 1.620ms
[200.118s][info][gc] GC(425) Pause Young (Allocation Failure) 10M->5M(15M) 0.841ms
[200.125s][info][gc] GC(426) Pause Young (Allocation Failure) 10M->5M(15M) 0.795ms
[200.133s][info][gc] GC(427) Pause Young (Allocation Failure) 10M->5M(15M) 0.822ms
[200.141s][info][gc] GC(428) Pause Young (Allocation Failure) 10M->5M(15M) 0.770ms
[200.149s][info][gc] GC(429) Pause Young (Allocation Failure) 10M->5M(15M) 1.233ms
[200.157s][info][gc] GC(430) Pause Young (Allocation Failure) 10M->5M(15M) 0.572ms
[200.167s][info][gc] GC(431) Pause Young (Allocation Failure) 10M->5M(15M) 1.305ms
[200.173s][info][gc] GC(432) Pause Young (Allocation Failure) 10M->5M(15M) 0.811ms
[200.182s][info][gc] GC(433) Pause Young (Allocation Failure) 10M->5M(15M) 0.575ms
[200.188s][info][gc] GC(434) Pause Young (Allocation Failure) 10M->5M(15M) 0.574ms
[200.194s][info][gc] GC(435) Pause Young (Allocation Failure) 10M->5M(15M) 0.845ms
[200.201s][info][gc] GC(436) Pause Young (Allocation Failure) 10M->5M(15M) 0.859ms
[200.207s][info][gc] GC(437) Pause Young (Allocation Failure) 10M->5M(15M) 0.714ms
[200.214s][info][gc] GC(438) Pause Young (Allocation Failure) 10M->5M(15M) 0.674ms
[200.219s][info][gc] GC(439) Pause Young (Allocation Failure) 10M->5M(15M) 0.665ms
[200.226s][info][gc] GC(440) Pause Young (Allocation Failure) 10M->5M(15M) 0.664ms
[200.232s][info][gc] GC(441) Pause Young (Allocation Failure) 10M->5M(15M) 0.681ms
[200.238s][info][gc] GC(442) Pause Young (Allocation Failure) 10M->5M(15M) 0.937ms
[200.245s][info][gc] GC(443) Pause Young (Allocation Failure) 10M->5M(15M) 0.989ms
[200.252s][info][gc] GC(444) Pause Young (Allocation Failure) 10M->5M(15M) 0.703ms
[200.258s][info][gc] GC(445) Pause Young (Allocation Failure) 10M->5M(15M) 0.868ms
[200.266s][info][gc] GC(446) Pause Young (Allocation Failure) 10M->5M(15M) 0.748ms
[200.277s][info][gc] GC(447) Pause Young (Allocation Failure) 10M->5M(15M) 1.132ms
[200.285s][info][gc] GC(448) Pause Young (Allocation Failure) 10M->5M(15M) 0.977ms
[200.291s][info][gc] GC(449) Pause Young (Allocation Failure) 10M->5M(15M) 0.778ms
[200.298s][info][gc] GC(450) Pause Young (Allocation Failure) 10M->5M(15M) 1.007ms
[200.304s][info][gc] GC(451) Pause Young (Allocation Failure) 10M->5M(15M) 0.782ms
[200.310s][info][gc] GC(452) Pause Young (Allocation Failure) 10M->5M(15M) 0.625ms
[200.317s][info][gc] GC(453) Pause Young (Allocation Failure) 10M->5M(15M) 0.545ms
[200.322s][info][gc] GC(454) Pause Young (Allocation Failure) 10M->5M(15M) 0.588ms
[200.328s][info][gc] GC(455) Pause Young (Allocation Failure) 10M->5M(15M) 0.822ms
[200.336s][info][gc] GC(456) Pause Young (Allocation Failure) 10M->5M(15M) 0.709ms
[200.341s][info][gc] GC(457) Pause Young (Allocation Failure) 10M->5M(15M) 0.557ms
[200.347s][info][gc] GC(458) Pause Young (Allocation Failure) 10M->5M(15M) 0.582ms
[200.353s][info][gc] GC(459) Pause Young (Allocation Failure) 10M->5M(15M) 0.668ms
[200.359s][info][gc] GC(460) Pause Young (Allocation Failure) 10M->5M(15M) 0.883ms
[200.365s][info][gc] GC(461) Pause Young (Allocation Failure) 10M->5M(15M) 0.694ms
[200.373s][info][gc] GC(462) Pause Young (Allocation Failure) 10M->5M(15M) 0.646ms
[200.379s][info][gc] GC(463) Pause Young (Allocation Failure) 10M->5M(15M) 0.894ms
[200.385s][info][gc] GC(464) Pause Young (Allocation Failure) 10M->5M(15M) 0.938ms
[200.392s][info][gc] GC(465) Pause Young (Allocation Failure) 10M->5M(15M) 0.835ms
[200.398s][info][gc] GC(466) Pause Young (Allocation Failure) 10M->5M(15M) 0.642ms
[200.405s][info][gc] GC(467) Pause Young (Allocation Failure) 10M->5M(15M) 0.860ms
[200.411s][info][gc] GC(468) Pause Young (Allocation Failure) 10M->5M(15M) 0.704ms
[200.419s][info][gc] GC(469) Pause Young (Allocation Failure) 10M->5M(15M) 0.999ms
[200.427s][info][gc] GC(470) Pause Young (Allocation Failure) 10M->5M(15M) 1.085ms
[200.434s][info][gc] GC(471) Pause Young (Allocation Failure) 10M->5M(15M) 1.265ms
[200.442s][info][gc] GC(472) Pause Young (Allocation Failure) 10M->5M(15M) 1.057ms
[200.452s][info][gc] GC(473) Pause Young (Allocation Failure) 10M->5M(15M) 1.014ms
[200.460s][info][gc] GC(474) Pause Young (Allocation Failure) 10M->5M(15M) 1.050ms
[200.468s][info][gc] GC(475) Pause Young (Allocation Failure) 10M->5M(15M) 0.799ms
[200.477s][info][gc] GC(476) Pause Young (Allocation Failure) 10M->5M(15M) 0.941ms
[200.485s][info][gc] GC(477) Pause Young (Allocation Failure) 10M->5M(15M) 0.808ms
[200.494s][info][gc] GC(478) Pause Young (Allocation Failure) 10M->5M(15M) 0.839ms
[200.502s][info][gc] GC(479) Pause Young (Allocation Failure) 10M->5M(15M) 0.853ms
[200.511s][info][gc] GC(480) Pause Young (Allocation Failure) 10M->5M(15M) 0.866ms
[200.519s][info][gc] GC(481) Pause Young (Allocation Failure) 10M->5M(15M) 0.821ms
[200.528s][info][gc] GC(482) Pause Young (Allocation Failure) 10M->5M(15M) 1.020ms
[200.536s][info][gc] GC(483) Pause Young (Allocation Failure) 10M->5M(15M) 1.014ms
[200.543s][info][gc] GC(484) Pause Young (Allocation Failure) 10M->5M(15M) 0.964ms
[200.551s][info][gc] GC(485) Pause Young (Allocation Failure) 10M->5M(15M) 0.897ms
[200.559s][info][gc] GC(486) Pause Young (Allocation Failure) 10M->5M(15M) 0.931ms
[200.567s][info][gc] GC(487) Pause Young (Allocation Failure) 10M->5M(15M) 0.682ms
[200.575s][info][gc] GC(488) Pause Young (Allocation Failure) 10M->5M(15M) 1.047ms
[200.583s][info][gc] GC(489) Pause Young (Allocation Failure) 10M->5M(15M) 0.961ms
[200.591s][info][gc] GC(490) Pause Young (Allocation Failure) 10M->5M(15M) 0.983ms
[200.599s][info][gc] GC(491) Pause Young (Allocation Failure) 10M->5M(15M) 0.979ms
[200.606s][info][gc] GC(492) Pause Young (Allocation Failure) 10M->5M(15M) 0.966ms
[200.616s][info][gc] GC(493) Pause Young (Allocation Failure) 10M->5M(15M) 1.008ms
[200.624s][info][gc] GC(494) Pause Young (Allocation Failure) 10M->5M(15M) 0.982ms
[200.632s][info][gc] GC(495) Pause Young (Allocation Failure) 10M->5M(15M) 1.043ms
[200.640s][info][gc] GC(496) Pause Young (Allocation Failure) 10M->5M(15M) 0.981ms
[200.648s][info][gc] GC(497) Pause Young (Allocation Failure) 10M->5M(15M) 0.733ms
[200.656s][info][gc] GC(498) Pause Young (Allocation Failure) 10M->5M(15M) 0.506ms
[200.662s][info][gc] GC(499) Pause Young (Allocation Failure) 10M->5M(15M) 0.609ms
[200.668s][info][gc] GC(500) Pause Young (Allocation Failure) 10M->5M(15M) 0.771ms
[200.675s][info][gc] GC(501) Pause Young (Allocation Failure) 10M->5M(15M) 0.891ms
[200.683s][info][gc] GC(502) Pause Young (Allocation Failure) 10M->5M(15M) 0.887ms
[200.691s][info][gc] GC(503) Pause Young (Allocation Failure) 10M->5M(15M) 0.948ms
[200.700s][info][gc] GC(504) Pause Young (Allocation Failure) 10M->5M(15M) 0.863ms
[200.708s][info][gc] GC(505) Pause Young (Allocation Failure) 10M->5M(15M) 0.899ms
[200.717s][info][gc] GC(506) Pause Young (Allocation Failure) 10M->5M(15M) 0.925ms
[200.725s][info][gc] GC(507) Pause Young (Allocation Failure) 10M->5M(15M) 0.917ms
[200.733s][info][gc] GC(508) Pause Young (Allocation Failure) 10M->5M(15M) 0.857ms
[200.741s][info][gc] GC(509) Pause Young (Allocation Failure) 10M->5M(15M) 0.950ms
[200.750s][info][gc] GC(510) Pause Young (Allocation Failure) 10M->5M(15M) 1.026ms
[200.759s][info][gc] GC(511) Pause Young (Allocation Failure) 10M->5M(15M) 0.980ms
[200.768s][info][gc] GC(512) Pause Young (Allocation Failure) 10M->5M(15M) 0.935ms
[200.776s][info][gc] GC(513) Pause Young (Allocation Failure) 10M->5M(15M) 1.038ms
[200.785s][info][gc] GC(514) Pause Young (Allocation Failure) 10M->5M(15M) 0.992ms
[200.794s][info][gc] GC(515) Pause Young (Allocation Failure) 10M->5M(15M) 1.192ms
[200.804s][info][gc] GC(516) Pause Young (Allocation Failure) 10M->5M(15M) 1.035ms
[200.813s][info][gc] GC(517) Pause Young (Allocation Failure) 10M->5M(15M) 1.124ms
[200.822s][info][gc] GC(518) Pause Young (Allocation Failure) 10M->5M(15M) 0.909ms
[200.830s][info][gc] GC(519) Pause Young (Allocation Failure) 10M->5M(15M) 0.929ms
[200.839s][info][gc] GC(520) Pause Young (Allocation Failure) 10M->5M(15M) 1.009ms
[200.848s][info][gc] GC(521) Pause Young (Allocation Failure) 10M->5M(15M) 0.924ms
[200.857s][info][gc] GC(522) Pause Young (Allocation Failure) 10M->5M(15M) 0.757ms
[200.865s][info][gc] GC(523) Pause Young (Allocation Failure) 10M->5M(15M) 0.827ms
[200.874s][info][gc] GC(524) Pause Young (Allocation Failure) 10M->5M(15M) 0.798ms
[200.883s][info][gc] GC(525) Pause Young (Allocation Failure) 10M->5M(15M) 0.884ms
[200.891s][info][gc] GC(526) Pause Young (Allocation Failure) 10M->5M(15M) 0.650ms
[200.900s][info][gc] GC(527) Pause Young (Allocation Failure) 10M->5M(15M) 0.835ms
[200.908s][info][gc] GC(528) Pause Young (Allocation Failure) 10M->5M(15M) 0.870ms
[200.917s][info][gc] GC(529) Pause Young (Allocation Failure) 10M->5M(15M) 0.935ms
[200.925s][info][gc] GC(530) Pause Young (Allocation Failure) 10M->5M(15M) 0.928ms
[200.933s][info][gc] GC(531) Pause Young (Allocation Failure) 10M->5M(15M) 0.973ms
[200.941s][info][gc] GC(532) Pause Young (Allocation Failure) 10M->5M(15M) 0.940ms
[200.950s][info][gc] GC(533) Pause Young (Allocation Failure) 10M->5M(15M) 0.870ms
[200.959s][info][gc] GC(534) Pause Young (Allocation Failure) 10M->5M(15M) 0.990ms
[200.970s][info][gc] GC(535) Pause Young (Allocation Failure) 10M->5M(15M) 1.034ms
[200.979s][info][gc] GC(536) Pause Young (Allocation Failure) 10M->5M(15M) 1.080ms
[200.988s][info][gc] GC(537) Pause Young (Allocation Failure) 10M->5M(15M) 1.030ms
[200.998s][info][gc] GC(538) Pause Young (Allocation Failure) 10M->5M(15M) 1.146ms
[201.007s][info][gc] GC(539) Pause Young (Allocation Failure) 10M->5M(15M) 1.075ms
[201.027s][info][gc] GC(540) Pause Young (Allocation Failure) 10M->5M(15M) 0.959ms
[201.036s][info][gc] GC(541) Pause Young (Allocation Failure) 10M->5M(15M) 0.740ms
[201.045s][info][gc] GC(542) Pause Young (Allocation Failure) 10M->5M(15M) 1.105ms
[201.055s][info][gc] GC(543) Pause Young (Allocation Failure) 10M->5M(15M) 0.684ms
[201.064s][info][gc] GC(544) Pause Young (Allocation Failure) 10M->5M(15M) 1.276ms
[201.075s][info][gc] GC(545) Pause Young (Allocation Failure) 10M->5M(15M) 0.749ms
[201.084s][info][gc] GC(546) Pause Young (Allocation Failure) 10M->5M(15M) 0.830ms
[201.094s][info][gc] GC(547) Pause Young (Allocation Failure) 10M->5M(15M) 0.828ms
[201.103s][info][gc] GC(548) Pause Young (Allocation Failure) 10M->5M(15M) 0.810ms
[201.112s][info][gc] GC(549) Pause Young (Allocation Failure) 10M->5M(15M) 0.986ms
[201.122s][info][gc] GC(550) Pause Young (Allocation Failure) 10M->5M(15M) 0.894ms
[201.131s][info][gc] GC(551) Pause Young (Allocation Failure) 10M->5M(15M) 0.949ms
[201.139s][info][gc] GC(552) Pause Young (Allocation Failure) 10M->5M(15M) 0.924ms
[201.147s][info][gc] GC(553) Pause Young (Allocation Failure) 10M->5M(15M) 0.877ms
[201.156s][info][gc] GC(554) Pause Young (Allocation Failure) 10M->5M(15M) 0.895ms
[201.163s][info][gc] GC(555) Pause Young (Allocation Failure) 10M->5M(15M) 0.928ms
[201.170s][info][gc] GC(556) Pause Young (Allocation Failure) 10M->5M(15M) 0.996ms
[201.177s][info][gc] GC(557) Pause Young (Allocation Failure) 10M->5M(15M) 0.924ms
[201.185s][info][gc] GC(558) Pause Young (Allocation Failure) 10M->5M(15M) 0.990ms
[201.194s][info][gc] GC(559) Pause Young (Allocation Failure) 10M->5M(15M) 1.013ms
[201.201s][info][gc] GC(560) Pause Young (Allocation Failure) 10M->5M(15M) 0.956ms
[201.209s][info][gc] GC(561) Pause Young (Allocation Failure) 10M->5M(15M) 1.081ms
[201.217s][info][gc] GC(562) Pause Young (Allocation Failure) 10M->6M(15M) 1.181ms
[201.225s][info][gc] GC(563) Pause Young (Allocation Failure) 10M->5M(15M) 1.061ms
[201.235s][info][gc] GC(564) Pause Young (Allocation Failure) 10M->5M(15M) 1.106ms
[201.242s][info][gc] GC(565) Pause Young (Allocation Failure) 10M->5M(15M) 1.021ms
[201.250s][info][gc] GC(566) Pause Young (Allocation Failure) 10M->5M(15M) 0.886ms
[201.259s][info][gc] GC(567) Pause Young (Allocation Failure) 10M->6M(15M) 1.132ms
[201.267s][info][gc] GC(568) Pause Young (Allocation Failure) 10M->5M(15M) 0.763ms
[201.275s][info][gc] GC(569) Pause Young (Allocation Failure) 10M->5M(15M) 0.829ms
[201.283s][info][gc] GC(570) Pause Young (Allocation Failure) 10M->5M(15M) 0.534ms
[201.294s][info][gc] GC(571) Pause Young (Allocation Failure) 10M->5M(15M) 0.874ms
[201.302s][info][gc] GC(572) Pause Young (Allocation Failure) 10M->5M(15M) 0.768ms
[201.309s][info][gc] GC(573) Pause Young (Allocation Failure) 10M->5M(15M) 0.788ms
[201.317s][info][gc] GC(574) Pause Young (Allocation Failure) 10M->5M(15M) 0.669ms
[201.325s][info][gc] GC(575) Pause Young (Allocation Failure) 10M->5M(15M) 0.867ms
[201.333s][info][gc] GC(576) Pause Young (Allocation Failure) 10M->5M(15M) 0.643ms
[201.342s][info][gc] GC(577) Pause Young (Allocation Failure) 10M->5M(15M) 0.852ms
[201.349s][info][gc] GC(578) Pause Young (Allocation Failure) 10M->5M(15M) 0.667ms
[201.357s][info][gc] GC(579) Pause Young (Allocation Failure) 10M->5M(15M) 0.973ms
[201.365s][info][gc] GC(580) Pause Young (Allocation Failure) 10M->5M(15M) 0.940ms
[201.373s][info][gc] GC(581) Pause Young (Allocation Failure) 10M->5M(15M) 0.804ms
[201.381s][info][gc] GC(582) Pause Young (Allocation Failure) 10M->5M(15M) 0.837ms
[201.390s][info][gc] GC(583) Pause Young (Allocation Failure) 10M->6M(15M) 1.046ms
[201.397s][info][gc] GC(584) Pause Young (Allocation Failure) 10M->6M(15M) 1.032ms
[201.405s][info][gc] GC(585) Pause Young (Allocation Failure) 10M->5M(15M) 0.967ms
[201.413s][info][gc] GC(586) Pause Young (Allocation Failure) 10M->5M(15M) 0.768ms
[201.421s][info][gc] GC(587) Pause Young (Allocation Failure) 10M->6M(15M) 0.722ms
[201.429s][info][gc] GC(588) Pause Young (Allocation Failure) 10M->5M(15M) 0.779ms
[201.436s][info][gc] GC(589) Pause Young (Allocation Failure) 10M->5M(15M) 0.787ms
[201.444s][info][gc] GC(590) Pause Young (Allocation Failure) 10M->5M(15M) 0.735ms
[201.452s][info][gc] GC(591) Pause Young (Allocation Failure) 10M->5M(15M) 0.906ms
[201.460s][info][gc] GC(592) Pause Young (Allocation Failure) 10M->5M(15M) 0.863ms
[201.469s][info][gc] GC(593) Pause Young (Allocation Failure) 10M->5M(15M) 0.810ms
[201.478s][info][gc] GC(594) Pause Young (Allocation Failure) 10M->5M(15M) 1.070ms
[201.486s][info][gc] GC(595) Pause Young (Allocation Failure) 10M->5M(15M) 0.888ms
[201.494s][info][gc] GC(596) Pause Young (Allocation Failure) 10M->6M(15M) 1.004ms
[201.503s][info][gc] GC(597) Pause Young (Allocation Failure) 10M->6M(15M) 0.996ms
[201.511s][info][gc] GC(598) Pause Young (Allocation Failure) 10M->6M(15M) 1.003ms
[201.519s][info][gc] GC(599) Pause Young (Allocation Failure) 10M->6M(15M) 0.925ms
[201.527s][info][gc] GC(600) Pause Young (Allocation Failure) 10M->6M(15M) 1.015ms
[201.534s][info][gc] GC(601) Pause Young (Allocation Failure) 10M->6M(15M) 0.752ms
[201.541s][info][gc] GC(602) Pause Young (Allocation Failure) 10M->6M(15M) 0.709ms
[201.548s][info][gc] GC(603) Pause Young (Allocation Failure) 10M->6M(15M) 0.910ms
[201.554s][info][gc] GC(604) Pause Young (Allocation Failure) 10M->6M(15M) 0.996ms
[201.560s][info][gc] GC(605) Pause Young (Allocation Failure) 10M->6M(15M) 0.974ms
[201.567s][info][gc] GC(606) Pause Young (Allocation Failure) 10M->6M(15M) 0.795ms
[201.574s][info][gc] GC(607) Pause Young (Allocation Failure) 10M->6M(15M) 0.874ms
[201.582s][info][gc] GC(608) Pause Young (Allocation Failure) 10M->6M(15M) 0.765ms
[201.591s][info][gc] GC(609) Pause Young (Allocation Failure) 10M->6M(15M) 0.773ms
[201.597s][info][gc] GC(610) Pause Young (Allocation Failure) 10M->6M(15M) 0.818ms
[201.603s][info][gc] GC(611) Pause Young (Allocation Failure) 10M->6M(15M) 1.002ms
[201.609s][info][gc] GC(612) Pause Young (Allocation Failure) 10M->5M(15M) 0.600ms
[201.615s][info][gc] GC(613) Pause Young (Allocation Failure) 10M->5M(15M) 0.531ms
[201.621s][info][gc] GC(614) Pause Young (Allocation Failure) 10M->5M(15M) 0.555ms
[201.629s][info][gc] GC(615) Pause Young (Allocation Failure) 10M->5M(15M) 0.626ms
[201.635s][info][gc] GC(616) Pause Young (Allocation Failure) 10M->5M(15M) 0.773ms
[201.641s][info][gc] GC(617) Pause Young (Allocation Failure) 10M->6M(15M) 0.936ms
[201.646s][info][gc] GC(618) Pause Young (Allocation Failure) 10M->6M(15M) 0.576ms
[201.653s][info][gc] GC(619) Pause Young (Allocation Failure) 10M->6M(15M) 0.762ms
[201.658s][info][gc] GC(620) Pause Young (Allocation Failure) 10M->6M(15M) 0.599ms
[201.664s][info][gc] GC(621) Pause Young (Allocation Failure) 10M->6M(15M) 0.856ms
[201.670s][info][gc] GC(622) Pause Young (Allocation Failure) 10M->6M(15M) 0.722ms
[201.676s][info][gc] GC(623) Pause Young (Allocation Failure) 10M->6M(15M) 0.759ms
[201.683s][info][gc] GC(624) Pause Young (Allocation Failure) 10M->6M(15M) 0.811ms
[201.688s][info][gc] GC(625) Pause Young (Allocation Failure) 10M->6M(15M) 0.809ms
[201.694s][info][gc] GC(626) Pause Young (Allocation Failure) 10M->6M(15M) 0.721ms
[201.699s][info][gc] GC(627) Pause Young (Allocation Failure) 10M->6M(15M) 0.790ms
[201.707s][info][gc] GC(628) Pause Young (Allocation Failure) 10M->6M(15M) 0.718ms
[201.713s][info][gc] GC(629) Pause Young (Allocation Failure) 10M->6M(15M) 0.671ms
[201.718s][info][gc] GC(630) Pause Young (Allocation Failure) 10M->6M(15M) 0.801ms
[201.723s][info][gc] GC(631) Pause Young (Allocation Failure) 10M->6M(15M) 0.794ms
[201.730s][info][gc] GC(632) Pause Young (Allocation Failure) 10M->6M(15M) 0.808ms
[201.736s][info][gc] GC(633) Pause Young (Allocation Failure) 10M->5M(15M) 0.520ms
[201.741s][info][gc] GC(634) Pause Young (Allocation Failure) 10M->5M(15M) 0.512ms
[201.747s][info][gc] GC(635) Pause Young (Allocation Failure) 10M->5M(15M) 0.693ms
[201.754s][info][gc] GC(636) Pause Young (Allocation Failure) 10M->5M(15M) 0.744ms
[201.768s][info][gc] GC(637) Pause Young (Allocation Failure) 10M->5M(15M) 0.861ms
[201.783s][info][gc] GC(638) Pause Young (Allocation Failure) 10M->6M(15M) 0.656ms
[201.793s][info][gc] GC(639) Pause Young (Allocation Failure) 10M->6M(15M) 0.680ms
[201.799s][info][gc] GC(640) Pause Young (Allocation Failure) 10M->6M(15M) 0.967ms
[201.806s][info][gc] GC(641) Pause Young (Allocation Failure) 10M->6M(15M) 0.822ms
[201.811s][info][gc] GC(642) Pause Young (Allocation Failure) 10M->6M(15M) 0.613ms
[201.819s][info][gc] GC(643) Pause Young (Allocation Failure) 10M->6M(15M) 0.917ms
[201.827s][info][gc] GC(644) Pause Young (Allocation Failure) 10M->6M(15M) 0.995ms
[201.840s][info][gc] GC(645) Pause Young (Allocation Failure) 10M->6M(15M) 0.844ms
[201.846s][info][gc] GC(646) Pause Young (Allocation Failure) 10M->6M(15M) 0.891ms
[201.852s][info][gc] GC(647) Pause Young (Allocation Failure) 10M->6M(15M) 1.191ms
[201.859s][info][gc] GC(648) Pause Young (Allocation Failure) 10M->6M(15M) 0.669ms
[201.865s][info][gc] GC(649) Pause Young (Allocation Failure) 10M->6M(15M) 1.359ms
[201.893s][info][gc] GC(650) Pause Young (Allocation Failure) 10M->6M(15M) 1.405ms
[201.905s][info][gc] GC(651) Pause Young (Allocation Failure) 10M->6M(15M) 2.910ms
[201.916s][info][gc] GC(652) Pause Young (Allocation Failure) 10M->6M(15M) 1.107ms
[201.924s][info][gc] GC(653) Pause Young (Allocation Failure) 10M->6M(15M) 1.207ms
[201.932s][info][gc] GC(654) Pause Young (Allocation Failure) 10M->6M(15M) 1.220ms
[201.938s][info][gc] GC(655) Pause Young (Allocation Failure) 10M->5M(15M) 0.694ms
[201.944s][info][gc] GC(656) Pause Young (Allocation Failure) 10M->5M(15M) 0.545ms
[201.950s][info][gc] GC(657) Pause Young (Allocation Failure) 10M->6M(15M) 0.526ms
[201.955s][info][gc] GC(658) Pause Young (Allocation Failure) 10M->6M(15M) 0.527ms
[201.961s][info][gc] GC(659) Pause Young (Allocation Failure) 10M->6M(15M) 0.785ms
[201.967s][info][gc] GC(660) Pause Young (Allocation Failure) 10M->6M(15M) 0.565ms
[201.974s][info][gc] GC(661) Pause Young (Allocation Failure) 10M->6M(15M) 0.840ms
[201.979s][info][gc] GC(662) Pause Young (Allocation Failure) 10M->6M(15M) 0.580ms
[201.985s][info][gc] GC(663) Pause Young (Allocation Failure) 10M->6M(15M) 1.195ms
[201.992s][info][gc] GC(664) Pause Young (Allocation Failure) 10M->6M(15M) 0.941ms
[201.998s][info][gc] GC(665) Pause Young (Allocation Failure) 10M->6M(15M) 0.591ms
[202.004s][info][gc] GC(666) Pause Young (Allocation Failure) 10M->6M(15M) 0.827ms
[202.009s][info][gc] GC(667) Pause Young (Allocation Failure) 10M->6M(15M) 0.663ms
[202.014s][info][gc] GC(668) Pause Young (Allocation Failure) 10M->6M(15M) 0.656ms
[202.020s][info][gc] GC(669) Pause Young (Allocation Failure) 10M->6M(15M) 0.929ms
[202.025s][info][gc] GC(670) Pause Young (Allocation Failure) 10M->6M(15M) 0.704ms
[202.031s][info][gc] GC(671) Pause Young (Allocation Failure) 10M->6M(15M) 0.648ms
[202.036s][info][gc] GC(672) Pause Young (Allocation Failure) 10M->6M(15M) 0.722ms
[202.041s][info][gc] GC(673) Pause Young (Allocation Failure) 10M->6M(15M) 0.691ms
[202.047s][info][gc] GC(674) Pause Young (Allocation Failure) 10M->6M(15M) 0.698ms
[202.053s][info][gc] GC(675) Pause Young (Allocation Failure) 10M->6M(15M) 1.074ms
[202.060s][info][gc] GC(676) Pause Young (Allocation Failure) 10M->6M(15M) 1.064ms
[202.066s][info][gc] GC(677) Pause Young (Allocation Failure) 10M->6M(15M) 1.101ms
[202.073s][info][gc] GC(678) Pause Young (Allocation Failure) 10M->6M(15M) 0.499ms
[202.079s][info][gc] GC(679) Pause Young (Allocation Failure) 10M->6M(15M) 0.897ms
[202.087s][info][gc] GC(680) Pause Young (Allocation Failure) 10M->6M(15M) 0.520ms
[202.095s][info][gc] GC(681) Pause Young (Allocation Failure) 10M->6M(15M) 0.759ms
[202.104s][info][gc] GC(682) Pause Young (Allocation Failure) 10M->6M(15M) 0.912ms
[202.113s][info][gc] GC(683) Pause Young (Allocation Failure) 10M->6M(15M) 0.875ms
[202.120s][info][gc] GC(684) Pause Young (Allocation Failure) 10M->6M(15M) 0.691ms
[202.126s][info][gc] GC(685) Pause Young (Allocation Failure) 10M->6M(15M) 0.799ms
[202.134s][info][gc] GC(686) Pause Young (Allocation Failure) 10M->6M(15M) 0.919ms
[202.140s][info][gc] GC(687) Pause Young (Allocation Failure) 10M->6M(15M) 0.603ms
[202.148s][info][gc] GC(688) Pause Young (Allocation Failure) 10M->6M(15M) 0.600ms
[202.154s][info][gc] GC(689) Pause Young (Allocation Failure) 10M->6M(15M) 0.990ms
[202.164s][info][gc] GC(690) Pause Young (Allocation Failure) 10M->6M(15M) 0.926ms
[202.171s][info][gc] GC(691) Pause Young (Allocation Failure) 10M->6M(15M) 0.818ms
[202.178s][info][gc] GC(692) Pause Young (Allocation Failure) 10M->6M(15M) 1.208ms
[202.184s][info][gc] GC(693) Pause Young (Allocation Failure) 10M->6M(15M) 1.012ms
[202.193s][info][gc] GC(694) Pause Young (Allocation Failure) 10M->6M(15M) 1.054ms
[202.201s][info][gc] GC(695) Pause Young (Allocation Failure) 10M->6M(15M) 1.187ms
[202.208s][info][gc] GC(696) Pause Young (Allocation Failure) 10M->6M(15M) 1.161ms
[202.218s][info][gc] GC(697) Pause Young (Allocation Failure) 10M->6M(15M) 1.037ms
[202.228s][info][gc] GC(698) Pause Young (Allocation Failure) 10M->6M(15M) 0.732ms
[202.234s][info][gc] GC(699) Pause Young (Allocation Failure) 10M->6M(15M) 1.164ms
[202.254s][info][gc] GC(700) Pause Young (Allocation Failure) 10M->6M(15M) 0.748ms
[202.262s][info][gc] GC(701) Pause Young (Allocation Failure) 10M->6M(15M) 0.731ms
[202.271s][info][gc] GC(702) Pause Young (Allocation Failure) 10M->6M(15M) 0.889ms
[202.279s][info][gc] GC(703) Pause Young (Allocation Failure) 10M->6M(15M) 0.788ms
[202.287s][info][gc] GC(704) Pause Young (Allocation Failure) 10M->6M(15M) 0.649ms
[202.294s][info][gc] GC(705) Pause Young (Allocation Failure) 10M->6M(15M) 0.588ms
[202.302s][info][gc] GC(706) Pause Young (Allocation Failure) 10M->6M(15M) 0.614ms
[202.310s][info][gc] GC(707) Pause Young (Allocation Failure) 10M->6M(15M) 0.977ms
[202.318s][info][gc] GC(708) Pause Young (Allocation Failure) 10M->6M(15M) 1.152ms
[202.330s][info][gc] GC(709) Pause Young (Allocation Failure) 10M->6M(15M) 0.930ms
[202.341s][info][gc] GC(710) Pause Young (Allocation Failure) 10M->6M(15M) 0.686ms
[202.349s][info][gc] GC(711) Pause Young (Allocation Failure) 10M->6M(15M) 1.067ms
[202.356s][info][gc] GC(712) Pause Young (Allocation Failure) 10M->6M(15M) 0.786ms
[202.362s][info][gc] GC(713) Pause Young (Allocation Failure) 10M->6M(15M) 0.749ms
[202.369s][info][gc] GC(714) Pause Young (Allocation Failure) 10M->6M(15M) 0.920ms
[202.376s][info][gc] GC(715) Pause Young (Allocation Failure) 10M->6M(15M) 0.740ms
[202.381s][info][gc] GC(716) Pause Young (Allocation Failure) 10M->6M(15M) 1.045ms
[202.389s][info][gc] GC(717) Pause Young (Allocation Failure) 10M->6M(15M) 0.622ms
[202.397s][info][gc] GC(718) Pause Young (Allocation Failure) 10M->6M(15M) 0.528ms
[202.405s][info][gc] GC(719) Pause Young (Allocation Failure) 10M->6M(15M) 0.734ms
[202.411s][info][gc] GC(720) Pause Young (Allocation Failure) 10M->6M(15M) 0.556ms
[202.419s][info][gc] GC(721) Pause Young (Allocation Failure) 10M->6M(15M) 0.610ms
[202.424s][info][gc] GC(722) Pause Young (Allocation Failure) 10M->6M(15M) 0.615ms
[202.430s][info][gc] GC(723) Pause Young (Allocation Failure) 10M->6M(15M) 0.893ms
[202.437s][info][gc] GC(724) Pause Young (Allocation Failure) 10M->6M(15M) 0.601ms
[202.444s][info][gc] GC(725) Pause Young (Allocation Failure) 10M->6M(15M) 0.907ms
[202.453s][info][gc] GC(726) Pause Young (Allocation Failure) 10M->6M(15M) 0.910ms
[202.462s][info][gc] GC(727) Pause Young (Allocation Failure) 10M->6M(15M) 0.946ms
[202.471s][info][gc] GC(728) Pause Young (Allocation Failure) 10M->6M(15M) 1.013ms
[202.478s][info][gc] GC(729) Pause Young (Allocation Failure) 10M->6M(15M) 0.822ms
[202.485s][info][gc] GC(730) Pause Young (Allocation Failure) 10M->6M(15M) 0.671ms
[202.490s][info][gc] GC(731) Pause Young (Allocation Failure) 10M->6M(15M) 0.706ms
[202.497s][info][gc] GC(732) Pause Young (Allocation Failure) 10M->6M(15M) 0.710ms
[202.504s][info][gc] GC(733) Pause Young (Allocation Failure) 10M->6M(15M) 0.769ms
[202.512s][info][gc] GC(734) Pause Young (Allocation Failure) 10M->6M(15M) 0.853ms
[202.518s][info][gc] GC(735) Pause Young (Allocation Failure) 10M->6M(15M) 0.684ms
[202.524s][info][gc] GC(736) Pause Young (Allocation Failure) 10M->6M(15M) 0.696ms
[202.529s][info][gc] GC(737) Pause Young (Allocation Failure) 10M->6M(15M) 0.811ms
[202.538s][info][gc] GC(738) Pause Young (Allocation Failure) 10M->6M(15M) 0.979ms
[202.544s][info][gc] GC(739) Pause Young (Allocation Failure) 10M->6M(15M) 0.494ms
[202.550s][info][gc] GC(740) Pause Young (Allocation Failure) 10M->6M(15M) 0.524ms
[202.556s][info][gc] GC(741) Pause Young (Allocation Failure) 10M->6M(15M) 0.558ms
[202.561s][info][gc] GC(742) Pause Young (Allocation Failure) 10M->6M(15M) 0.773ms
[202.566s][info][gc] GC(743) Pause Young (Allocation Failure) 10M->6M(15M) 0.535ms
[202.572s][info][gc] GC(744) Pause Young (Allocation Failure) 10M->6M(15M) 0.545ms
[202.577s][info][gc] GC(745) Pause Young (Allocation Failure) 10M->6M(15M) 0.604ms
[202.582s][info][gc] GC(746) Pause Young (Allocation Failure) 10M->6M(15M) 0.565ms
[202.587s][info][gc] GC(747) Pause Young (Allocation Failure) 10M->6M(15M) 0.587ms
[202.592s][info][gc] GC(748) Pause Young (Allocation Failure) 10M->6M(15M) 0.676ms
[202.598s][info][gc] GC(749) Pause Young (Allocation Failure) 10M->6M(15M) 0.604ms
[202.605s][info][gc] GC(750) Pause Young (Allocation Failure) 10M->6M(15M) 0.634ms
[202.610s][info][gc] GC(751) Pause Young (Allocation Failure) 10M->6M(15M) 0.646ms
[202.616s][info][gc] GC(752) Pause Young (Allocation Failure) 10M->6M(15M) 0.672ms
[202.621s][info][gc] GC(753) Pause Young (Allocation Failure) 10M->6M(15M) 0.654ms
[202.626s][info][gc] GC(754) Pause Young (Allocation Failure) 10M->6M(15M) 0.632ms
[202.632s][info][gc] GC(755) Pause Young (Allocation Failure) 10M->6M(15M) 0.624ms
[202.637s][info][gc] GC(756) Pause Young (Allocation Failure) 10M->6M(15M) 0.636ms
[202.643s][info][gc] GC(757) Pause Young (Allocation Failure) 10M->6M(15M) 0.879ms
[202.649s][info][gc] GC(758) Pause Young (Allocation Failure) 10M->6M(15M) 1.058ms
[202.654s][info][gc] GC(759) Pause Young (Allocation Failure) 10M->6M(15M) 0.732ms
[202.659s][info][gc] GC(760) Pause Young (Allocation Failure) 10M->6M(15M) 0.471ms
[202.664s][info][gc] GC(761) Pause Young (Allocation Failure) 10M->6M(15M) 0.513ms
[202.671s][info][gc] GC(762) Pause Young (Allocation Failure) 10M->6M(15M) 0.557ms
[202.678s][info][gc] GC(763) Pause Young (Allocation Failure) 10M->6M(15M) 0.651ms
[202.684s][info][gc] GC(764) Pause Young (Allocation Failure) 10M->6M(15M) 0.535ms
[202.689s][info][gc] GC(765) Pause Young (Allocation Failure) 10M->6M(15M) 0.605ms
[202.695s][info][gc] GC(766) Pause Young (Allocation Failure) 10M->6M(15M) 0.609ms
[202.700s][info][gc] GC(767) Pause Young (Allocation Failure) 10M->6M(15M) 0.530ms
[202.706s][info][gc] GC(768) Pause Young (Allocation Failure) 10M->6M(15M) 0.628ms
[202.711s][info][gc] GC(769) Pause Young (Allocation Failure) 10M->6M(15M) 0.649ms
[202.716s][info][gc] GC(770) Pause Young (Allocation Failure) 10M->6M(15M) 0.687ms
[202.722s][info][gc] GC(771) Pause Young (Allocation Failure) 10M->6M(15M) 0.691ms
[202.727s][info][gc] GC(772) Pause Young (Allocation Failure) 10M->6M(15M) 0.674ms
[202.732s][info][gc] GC(773) Pause Young (Allocation Failure) 10M->6M(15M) 0.652ms
[202.737s][info][gc] GC(774) Pause Young (Allocation Failure) 10M->6M(15M) 0.643ms
[202.743s][info][gc] GC(775) Pause Young (Allocation Failure) 10M->6M(15M) 0.750ms
[202.748s][info][gc] GC(776) Pause Young (Allocation Failure) 10M->6M(15M) 0.779ms
[202.754s][info][gc] GC(777) Pause Young (Allocation Failure) 10M->6M(15M) 0.785ms
[202.761s][info][gc] GC(778) Pause Young (Allocation Failure) 10M->6M(15M) 0.691ms
[202.766s][info][gc] GC(779) Pause Young (Allocation Failure) 10M->6M(15M) 0.998ms
[202.773s][info][gc] GC(780) Pause Young (Allocation Failure) 10M->6M(15M) 0.974ms
[202.779s][info][gc] GC(781) Pause Young (Allocation Failure) 10M->6M(15M) 0.718ms
[202.784s][info][gc] GC(782) Pause Young (Allocation Failure) 10M->6M(15M) 0.749ms
[202.790s][info][gc] GC(783) Pause Young (Allocation Failure) 10M->6M(15M) 0.904ms
[202.795s][info][gc] GC(784) Pause Young (Allocation Failure) 10M->6M(15M) 0.677ms
[202.800s][info][gc] GC(785) Pause Young (Allocation Failure) 10M->6M(15M) 0.753ms
[202.806s][info][gc] GC(786) Pause Young (Allocation Failure) 10M->6M(15M) 0.538ms
[202.811s][info][gc] GC(787) Pause Young (Allocation Failure) 10M->6M(15M) 0.530ms
[202.816s][info][gc] GC(788) Pause Young (Allocation Failure) 10M->6M(15M) 0.705ms
[202.823s][info][gc] GC(789) Pause Young (Allocation Failure) 10M->6M(15M) 0.557ms
[202.829s][info][gc] GC(790) Pause Young (Allocation Failure) 10M->6M(15M) 0.778ms
[202.835s][info][gc] GC(791) Pause Young (Allocation Failure) 10M->6M(15M) 0.565ms
[202.840s][info][gc] GC(792) Pause Young (Allocation Failure) 10M->6M(15M) 0.562ms
[202.845s][info][gc] GC(793) Pause Young (Allocation Failure) 10M->6M(15M) 0.582ms
[202.851s][info][gc] GC(794) Pause Young (Allocation Failure) 10M->6M(15M) 0.882ms
[202.857s][info][gc] GC(795) Pause Young (Allocation Failure) 10M->6M(15M) 0.676ms
[202.863s][info][gc] GC(796) Pause Young (Allocation Failure) 10M->6M(15M) 0.639ms
[202.869s][info][gc] GC(797) Pause Young (Allocation Failure) 10M->6M(15M) 0.894ms
[202.876s][info][gc] GC(798) Pause Young (Allocation Failure) 10M->6M(15M) 0.689ms
[202.883s][info][gc] GC(799) Pause Young (Allocation Failure) 10M->6M(15M) 0.837ms
[202.889s][info][gc] GC(800) Pause Young (Allocation Failure) 10M->6M(15M) 0.819ms
[202.895s][info][gc] GC(801) Pause Young (Allocation Failure) 10M->6M(15M) 0.756ms
[202.903s][info][gc] GC(802) Pause Young (Allocation Failure) 10M->6M(15M) 1.130ms
[202.910s][info][gc] GC(803) Pause Young (Allocation Failure) 10M->6M(15M) 0.584ms
[202.917s][info][gc] GC(804) Pause Young (Allocation Failure) 10M->6M(15M) 0.534ms
[202.925s][info][gc] GC(805) Pause Young (Allocation Failure) 10M->6M(15M) 0.774ms
[202.936s][info][gc] GC(806) Pause Young (Allocation Failure) 10M->6M(15M) 0.926ms
[202.942s][info][gc] GC(807) Pause Young (Allocation Failure) 10M->6M(15M) 0.593ms
[202.948s][info][gc] GC(808) Pause Young (Allocation Failure) 10M->6M(15M) 0.825ms
[202.955s][info][gc] GC(809) Pause Young (Allocation Failure) 10M->6M(15M) 0.584ms
[202.963s][info][gc] GC(810) Pause Young (Allocation Failure) 10M->6M(15M) 0.885ms
[202.970s][info][gc] GC(811) Pause Young (Allocation Failure) 10M->6M(15M) 0.881ms
[202.978s][info][gc] GC(812) Pause Young (Allocation Failure) 10M->6M(15M) 0.746ms
[202.987s][info][gc] GC(813) Pause Young (Allocation Failure) 10M->6M(15M) 0.630ms
[202.994s][info][gc] GC(814) Pause Young (Allocation Failure) 10M->6M(15M) 0.915ms
[203.002s][info][gc] GC(815) Pause Young (Allocation Failure) 10M->6M(15M) 0.802ms
[203.008s][info][gc] GC(816) Pause Young (Allocation Failure) 10M->6M(15M) 0.688ms
[203.015s][info][gc] GC(817) Pause Young (Allocation Failure) 10M->6M(15M) 0.730ms
[203.021s][info][gc] GC(818) Pause Young (Allocation Failure) 10M->6M(15M) 0.792ms
[203.026s][info][gc] GC(819) Pause Young (Allocation Failure) 10M->6M(15M) 0.838ms
[203.032s][info][gc] GC(820) Pause Young (Allocation Failure) 10M->6M(15M) 0.721ms
[203.037s][info][gc] GC(821) Pause Young (Allocation Failure) 10M->6M(15M) 0.690ms
[203.043s][info][gc] GC(822) Pause Young (Allocation Failure) 10M->6M(15M) 0.710ms
[203.048s][info][gc] GC(823) Pause Young (Allocation Failure) 10M->6M(15M) 0.482ms
[203.053s][info][gc] GC(824) Pause Young (Allocation Failure) 10M->6M(15M) 0.508ms
[203.059s][info][gc] GC(825) Pause Young (Allocation Failure) 10M->6M(15M) 0.585ms
[203.064s][info][gc] GC(826) Pause Young (Allocation Failure) 10M->6M(15M) 0.544ms
[203.070s][info][gc] GC(827) Pause Young (Allocation Failure) 10M->6M(15M) 0.821ms
[203.076s][info][gc] GC(828) Pause Young (Allocation Failure) 10M->6M(15M) 0.582ms
[203.082s][info][gc] GC(829) Pause Young (Allocation Failure) 10M->6M(15M) 0.588ms
[203.087s][info][gc] GC(830) Pause Young (Allocation Failure) 10M->6M(15M) 0.575ms
[203.094s][info][gc] GC(831) Pause Young (Allocation Failure) 10M->6M(15M) 0.652ms
[203.099s][info][gc] GC(832) Pause Young (Allocation Failure) 10M->6M(15M) 0.609ms
[203.104s][info][gc] GC(833) Pause Young (Allocation Failure) 10M->6M(15M) 0.725ms
[203.109s][info][gc] GC(834) Pause Young (Allocation Failure) 10M->6M(15M) 0.705ms
[203.115s][info][gc] GC(835) Pause Young (Allocation Failure) 10M->6M(15M) 0.662ms
[203.121s][info][gc] GC(836) Pause Young (Allocation Failure) 10M->6M(15M) 0.916ms
[203.126s][info][gc] GC(837) Pause Young (Allocation Failure) 10M->6M(15M) 0.734ms
[203.131s][info][gc] GC(838) Pause Young (Allocation Failure) 10M->6M(15M) 0.832ms
[203.137s][info][gc] GC(839) Pause Young (Allocation Failure) 10M->6M(15M) 0.970ms
[203.142s][info][gc] GC(840) Pause Young (Allocation Failure) 10M->6M(15M) 0.830ms
[203.149s][info][gc] GC(841) Pause Young (Allocation Failure) 10M->6M(15M) 0.732ms
[203.154s][info][gc] GC(842) Pause Young (Allocation Failure) 10M->6M(15M) 0.670ms
[203.159s][info][gc] GC(843) Pause Young (Allocation Failure) 10M->6M(15M) 0.673ms
[203.165s][info][gc] GC(844) Pause Young (Allocation Failure) 10M->6M(15M) 0.589ms
[203.170s][info][gc] GC(845) Pause Young (Allocation Failure) 10M->6M(15M) 0.675ms
[203.175s][info][gc] GC(846) Pause Young (Allocation Failure) 10M->6M(15M) 0.661ms
[203.180s][info][gc] GC(847) Pause Young (Allocation Failure) 10M->6M(15M) 0.465ms
[203.185s][info][gc] GC(848) Pause Young (Allocation Failure) 10M->6M(15M) 0.499ms
[203.190s][info][gc] GC(849) Pause Young (Allocation Failure) 10M->6M(15M) 0.492ms
[203.195s][info][gc] GC(850) Pause Young (Allocation Failure) 10M->6M(15M) 0.473ms
[203.202s][info][gc] GC(851) Pause Young (Allocation Failure) 10M->6M(15M) 0.542ms
[203.207s][info][gc] GC(852) Pause Young (Allocation Failure) 10M->6M(15M) 0.521ms
[203.213s][info][gc] GC(853) Pause Young (Allocation Failure) 10M->6M(15M) 0.680ms
[203.219s][info][gc] GC(854) Pause Young (Allocation Failure) 10M->6M(15M) 0.626ms
[203.225s][info][gc] GC(855) Pause Young (Allocation Failure) 10M->6M(15M) 0.933ms
[203.231s][info][gc] GC(856) Pause Young (Allocation Failure) 10M->6M(15M) 0.554ms
[203.237s][info][gc] GC(857) Pause Young (Allocation Failure) 10M->6M(15M) 0.658ms
[203.243s][info][gc] GC(858) Pause Young (Allocation Failure) 10M->6M(15M) 0.682ms
[203.248s][info][gc] GC(859) Pause Young (Allocation Failure) 10M->6M(15M) 0.909ms
[203.254s][info][gc] GC(860) Pause Young (Allocation Failure) 10M->6M(15M) 0.650ms
[203.261s][info][gc] GC(861) Pause Young (Allocation Failure) 10M->6M(15M) 0.836ms
[203.268s][info][gc] GC(862) Pause Young (Allocation Failure) 10M->6M(15M) 0.745ms
[203.274s][info][gc] GC(863) Pause Young (Allocation Failure) 10M->6M(15M) 1.145ms
[203.284s][info][gc] GC(864) Pause Young (Allocation Failure) 10M->6M(15M) 0.987ms
[203.292s][info][gc] GC(865) Pause Young (Allocation Failure) 10M->6M(15M) 1.131ms
[203.300s][info][gc] GC(866) Pause Young (Allocation Failure) 10M->6M(15M) 0.838ms
[203.308s][info][gc] GC(867) Pause Young (Allocation Failure) 10M->6M(15M) 1.235ms
[203.314s][info][gc] GC(868) Pause Young (Allocation Failure) 10M->6M(15M) 0.676ms
[203.319s][info][gc] GC(869) Pause Young (Allocation Failure) 10M->6M(15M) 0.502ms
[203.325s][info][gc] GC(870) Pause Young (Allocation Failure) 10M->6M(15M) 0.583ms
[203.331s][info][gc] GC(871) Pause Young (Allocation Failure) 10M->6M(15M) 0.808ms
[203.338s][info][gc] GC(872) Pause Young (Allocation Failure) 10M->6M(15M) 0.734ms
[203.343s][info][gc] GC(873) Pause Young (Allocation Failure) 10M->6M(15M) 0.572ms
[203.351s][info][gc] GC(874) Pause Young (Allocation Failure) 10M->6M(15M) 0.541ms
[203.358s][info][gc] GC(875) Pause Young (Allocation Failure) 10M->6M(15M) 0.862ms
[203.365s][info][gc] GC(876) Pause Young (Allocation Failure) 10M->6M(15M) 0.848ms
[203.370s][info][gc] GC(877) Pause Young (Allocation Failure) 10M->6M(15M) 0.614ms
[203.379s][info][gc] GC(878) Pause Young (Allocation Failure) 10M->6M(15M) 0.941ms
[203.386s][info][gc] GC(879) Pause Young (Allocation Failure) 10M->6M(15M) 0.790ms
[203.394s][info][gc] GC(880) Pause Young (Allocation Failure) 10M->6M(15M) 0.842ms
[203.405s][info][gc] GC(881) Pause Young (Allocation Failure) 10M->6M(15M) 1.067ms
[203.411s][info][gc] GC(882) Pause Young (Allocation Failure) 10M->6M(15M) 0.998ms
[203.419s][info][gc] GC(883) Pause Young (Allocation Failure) 10M->6M(15M) 0.729ms
[203.425s][info][gc] GC(884) Pause Young (Allocation Failure) 10M->6M(15M) 0.990ms
[203.432s][info][gc] GC(885) Pause Young (Allocation Failure) 10M->6M(15M) 0.936ms
[203.437s][info][gc] GC(886) Pause Young (Allocation Failure) 10M->6M(15M) 0.992ms
[203.446s][info][gc] GC(887) Pause Young (Allocation Failure) 10M->6M(15M) 0.989ms
[203.454s][info][gc] GC(888) Pause Young (Allocation Failure) 10M->6M(15M) 1.076ms
[203.459s][info][gc] GC(889) Pause Young (Allocation Failure) 10M->6M(15M) 0.495ms
[203.465s][info][gc] GC(890) Pause Young (Allocation Failure) 10M->6M(15M) 0.526ms
[203.472s][info][gc] GC(891) Pause Young (Allocation Failure) 10M->6M(15M) 0.782ms
[203.480s][info][gc] GC(892) Pause Young (Allocation Failure) 10M->6M(15M) 0.978ms
[203.488s][info][gc] GC(893) Pause Young (Allocation Failure) 10M->6M(15M) 0.593ms
[203.494s][info][gc] GC(894) Pause Young (Allocation Failure) 10M->6M(15M) 0.590ms
[203.501s][info][gc] GC(895) Pause Young (Allocation Failure) 10M->6M(15M) 0.625ms
[203.508s][info][gc] GC(896) Pause Young (Allocation Failure) 10M->6M(15M) 0.600ms
[203.513s][info][gc] GC(897) Pause Young (Allocation Failure) 10M->6M(15M) 0.695ms
[203.519s][info][gc] GC(898) Pause Young (Allocation Failure) 10M->6M(15M) 1.001ms
[203.526s][info][gc] GC(899) Pause Young (Allocation Failure) 10M->6M(15M) 0.674ms
[203.533s][info][gc] GC(900) Pause Young (Allocation Failure) 10M->6M(15M) 1.143ms
[203.541s][info][gc] GC(901) Pause Young (Allocation Failure) 10M->6M(15M) 0.731ms
[203.547s][info][gc] GC(902) Pause Young (Allocation Failure) 10M->6M(15M) 0.728ms
[203.553s][info][gc] GC(903) Pause Young (Allocation Failure) 10M->6M(15M) 1.105ms
[203.561s][info][gc] GC(904) Pause Young (Allocation Failure) 10M->6M(15M) 1.257ms
[203.568s][info][gc] GC(905) Pause Young (Allocation Failure) 10M->6M(15M) 0.694ms
[203.576s][info][gc] GC(906) Pause Young (Allocation Failure) 10M->6M(15M) 0.726ms
[203.582s][info][gc] GC(907) Pause Young (Allocation Failure) 10M->6M(15M) 1.102ms
[203.589s][info][gc] GC(908) Pause Young (Allocation Failure) 10M->6M(15M) 0.529ms
[203.596s][info][gc] GC(909) Pause Young (Allocation Failure) 10M->6M(15M) 0.535ms
[203.602s][info][gc] GC(910) Pause Young (Allocation Failure) 10M->6M(15M) 0.558ms
[203.608s][info][gc] GC(911) Pause Young (Allocation Failure) 10M->6M(15M) 0.775ms
[203.614s][info][gc] GC(912) Pause Young (Allocation Failure) 10M->6M(15M) 0.819ms
[203.619s][info][gc] GC(913) Pause Young (Allocation Failure) 10M->6M(15M) 0.576ms
[203.625s][info][gc] GC(914) Pause Young (Allocation Failure) 10M->6M(15M) 0.588ms
[203.632s][info][gc] GC(915) Pause Young (Allocation Failure) 10M->6M(15M) 0.705ms
[203.640s][info][gc] GC(916) Pause Young (Allocation Failure) 10M->6M(15M) 0.777ms
[203.649s][info][gc] GC(917) Pause Young (Allocation Failure) 10M->6M(15M) 1.498ms
[203.657s][info][gc] GC(918) Pause Young (Allocation Failure) 10M->6M(15M) 1.269ms
[203.666s][info][gc] GC(919) Pause Young (Allocation Failure) 10M->6M(15M) 0.954ms
[203.673s][info][gc] GC(920) Pause Young (Allocation Failure) 10M->6M(15M) 0.906ms
[203.680s][info][gc] GC(921) Pause Young (Allocation Failure) 10M->6M(15M) 1.077ms
[203.687s][info][gc] GC(922) Pause Young (Allocation Failure) 10M->6M(15M) 0.972ms
[203.694s][info][gc] GC(923) Pause Young (Allocation Failure) 10M->6M(15M) 1.288ms
[203.700s][info][gc] GC(924) Pause Young (Allocation Failure) 10M->6M(15M) 1.128ms
[203.706s][info][gc] GC(925) Pause Young (Allocation Failure) 10M->6M(15M) 1.075ms
[203.712s][info][gc] GC(926) Pause Young (Allocation Failure) 10M->6M(15M) 1.028ms
[203.718s][info][gc] GC(927) Pause Young (Allocation Failure) 10M->6M(15M) 1.001ms
[203.725s][info][gc] GC(928) Pause Young (Allocation Failure) 10M->6M(15M) 0.753ms
[203.731s][info][gc] GC(929) Pause Young (Allocation Failure) 10M->6M(15M) 0.713ms
[203.737s][info][gc] GC(930) Pause Young (Allocation Failure) 10M->6M(15M) 0.577ms
[203.743s][info][gc] GC(931) Pause Young (Allocation Failure) 10M->6M(15M) 0.881ms
[203.750s][info][gc] GC(932) Pause Young (Allocation Failure) 10M->6M(15M) 0.569ms
[203.759s][info][gc] GC(933) Pause Young (Allocation Failure) 10M->6M(15M) 0.683ms
[203.764s][info][gc] GC(934) Pause Young (Allocation Failure) 10M->6M(15M) 0.503ms
[203.774s][info][gc] GC(935) Pause Young (Allocation Failure) 10M->6M(15M) 0.762ms
[203.788s][info][gc] GC(936) Pause Young (Allocation Failure) 10M->6M(15M) 0.767ms
[203.793s][info][gc] GC(937) Pause Young (Allocation Failure) 10M->6M(15M) 0.543ms
[203.798s][info][gc] GC(938) Pause Young (Allocation Failure) 10M->6M(15M) 0.524ms
[203.804s][info][gc] GC(939) Pause Young (Allocation Failure) 10M->6M(15M) 0.632ms
[203.811s][info][gc] GC(940) Pause Young (Allocation Failure) 10M->6M(15M) 0.640ms
[203.817s][info][gc] GC(941) Pause Young (Allocation Failure) 10M->6M(15M) 0.607ms
[203.822s][info][gc] GC(942) Pause Young (Allocation Failure) 10M->6M(15M) 0.644ms
[203.830s][info][gc] GC(943) Pause Young (Allocation Failure) 10M->6M(15M) 1.050ms
[203.836s][info][gc] GC(944) Pause Young (Allocation Failure) 10M->6M(15M) 0.635ms
[203.841s][info][gc] GC(945) Pause Young (Allocation Failure) 10M->6M(15M) 0.634ms
[203.846s][info][gc] GC(946) Pause Young (Allocation Failure) 10M->6M(15M) 0.649ms
[203.853s][info][gc] GC(947) Pause Young (Allocation Failure) 10M->6M(15M) 1.062ms
[203.860s][info][gc] GC(948) Pause Young (Allocation Failure) 10M->6M(15M) 0.697ms
[203.866s][info][gc] GC(949) Pause Young (Allocation Failure) 10M->6M(15M) 1.001ms
[203.871s][info][gc] GC(950) Pause Young (Allocation Failure) 10M->6M(15M) 0.710ms
[203.877s][info][gc] GC(951) Pause Young (Allocation Failure) 10M->6M(15M) 0.988ms
[203.894s][info][gc] GC(952) Pause Young (Allocation Failure) 10M->6M(15M) 0.999ms
[203.902s][info][gc] GC(953) Pause Young (Allocation Failure) 10M->6M(15M) 0.935ms
[203.910s][info][gc] GC(954) Pause Young (Allocation Failure) 10M->6M(15M) 0.892ms
[203.918s][info][gc] GC(955) Pause Young (Allocation Failure) 10M->6M(15M) 0.546ms
[203.924s][info][gc] GC(956) Pause Young (Allocation Failure) 10M->6M(15M) 0.743ms
[203.930s][info][gc] GC(957) Pause Young (Allocation Failure) 10M->6M(15M) 0.740ms
[203.937s][info][gc] GC(958) Pause Young (Allocation Failure) 10M->6M(15M) 0.585ms
[203.943s][info][gc] GC(959) Pause Young (Allocation Failure) 10M->6M(15M) 0.550ms
[203.948s][info][gc] GC(960) Pause Young (Allocation Failure) 10M->6M(15M) 0.547ms
[203.953s][info][gc] GC(961) Pause Young (Allocation Failure) 10M->6M(15M) 0.633ms
[203.959s][info][gc] GC(962) Pause Young (Allocation Failure) 10M->6M(15M) 0.985ms
[203.968s][info][gc] GC(963) Pause Young (Allocation Failure) 10M->6M(15M) 0.643ms
[203.973s][info][gc] GC(964) Pause Young (Allocation Failure) 10M->6M(15M) 0.718ms
[203.980s][info][gc] GC(965) Pause Young (Allocation Failure) 10M->6M(15M) 0.637ms
[203.985s][info][gc] GC(966) Pause Young (Allocation Failure) 10M->6M(15M) 0.661ms
[203.992s][info][gc] GC(967) Pause Young (Allocation Failure) 10M->6M(15M) 0.880ms
[203.999s][info][gc] GC(968) Pause Young (Allocation Failure) 10M->6M(15M) 0.677ms
[204.008s][info][gc] GC(969) Pause Young (Allocation Failure) 10M->6M(15M) 0.692ms
[204.013s][info][gc] GC(970) Pause Young (Allocation Failure) 10M->6M(15M) 0.658ms
[204.019s][info][gc] GC(971) Pause Young (Allocation Failure) 10M->6M(15M) 0.668ms
[204.024s][info][gc] GC(972) Pause Young (Allocation Failure) 10M->6M(15M) 0.971ms
[204.030s][info][gc] GC(973) Pause Young (Allocation Failure) 10M->6M(15M) 0.789ms
[204.036s][info][gc] GC(974) Pause Young (Allocation Failure) 10M->6M(15M) 0.802ms
[204.041s][info][gc] GC(975) Pause Young (Allocation Failure) 10M->6M(15M) 0.794ms
[204.046s][info][gc] GC(976) Pause Young (Allocation Failure) 10M->6M(15M) 0.678ms
[204.051s][info][gc] GC(977) Pause Young (Allocation Failure) 10M->6M(15M) 0.695ms
[204.059s][info][gc] GC(978) Pause Young (Allocation Failure) 10M->6M(15M) 0.784ms
[204.064s][info][gc] GC(979) Pause Young (Allocation Failure) 10M->6M(15M) 0.504ms
[204.071s][info][gc] GC(980) Pause Young (Allocation Failure) 10M->6M(15M) 0.862ms
[204.076s][info][gc] GC(981) Pause Young (Allocation Failure) 10M->6M(15M) 0.517ms
[204.081s][info][gc] GC(982) Pause Young (Allocation Failure) 10M->6M(15M) 0.551ms
[204.086s][info][gc] GC(983) Pause Young (Allocation Failure) 10M->6M(15M) 0.671ms
[204.092s][info][gc] GC(984) Pause Young (Allocation Failure) 10M->6M(15M) 0.594ms
[204.097s][info][gc] GC(985) Pause Young (Allocation Failure) 10M->6M(15M) 0.574ms
[204.102s][info][gc] GC(986) Pause Young (Allocation Failure) 10M->6M(15M) 0.735ms
[204.108s][info][gc] GC(987) Pause Young (Allocation Failure) 10M->6M(15M) 0.659ms
[204.113s][info][gc] GC(988) Pause Young (Allocation Failure) 10M->6M(15M) 0.622ms
[204.118s][info][gc] GC(989) Pause Young (Allocation Failure) 10M->6M(15M) 0.707ms
[204.123s][info][gc] GC(990) Pause Young (Allocation Failure) 10M->6M(15M) 0.669ms
[204.128s][info][gc] GC(991) Pause Young (Allocation Failure) 10M->6M(15M) 0.713ms
[204.134s][info][gc] GC(992) Pause Young (Allocation Failure) 10M->6M(15M) 0.701ms
[204.140s][info][gc] GC(993) Pause Young (Allocation Failure) 10M->6M(15M) 0.692ms
[204.145s][info][gc] GC(994) Pause Young (Allocation Failure) 10M->6M(15M) 0.692ms
[204.150s][info][gc] GC(995) Pause Young (Allocation Failure) 10M->6M(15M) 0.708ms
[204.155s][info][gc] GC(996) Pause Young (Allocation Failure) 10M->6M(15M) 0.626ms
[204.160s][info][gc] GC(997) Pause Young (Allocation Failure) 10M->6M(15M) 0.654ms
[204.166s][info][gc] GC(998) Pause Young (Allocation Failure) 10M->6M(15M) 0.673ms
[204.170s][info][gc] GC(999) Pause Young (Allocation Failure) 10M->6M(15M) 0.493ms
[204.175s][info][gc] GC(1000) Pause Young (Allocation Failure) 10M->6M(15M) 0.456ms
[204.180s][info][gc] GC(1001) Pause Young (Allocation Failure) 10M->6M(15M) 0.585ms
[204.186s][info][gc] GC(1002) Pause Young (Allocation Failure) 10M->6M(15M) 0.553ms
[204.191s][info][gc] GC(1003) Pause Young (Allocation Failure) 10M->6M(15M) 0.565ms
[204.196s][info][gc] GC(1004) Pause Young (Allocation Failure) 10M->6M(15M) 0.568ms
[204.202s][info][gc] GC(1005) Pause Young (Allocation Failure) 10M->6M(15M) 0.626ms
[204.207s][info][gc] GC(1006) Pause Young (Allocation Failure) 10M->6M(15M) 0.512ms
[204.212s][info][gc] GC(1007) Pause Young (Allocation Failure) 10M->6M(15M) 0.665ms
[204.218s][info][gc] GC(1008) Pause Young (Allocation Failure) 10M->6M(15M) 0.653ms
[204.224s][info][gc] GC(1009) Pause Young (Allocation Failure) 10M->6M(15M) 0.682ms
[204.229s][info][gc] GC(1010) Pause Young (Allocation Failure) 10M->6M(15M) 0.637ms
[204.234s][info][gc] GC(1011) Pause Young (Allocation Failure) 10M->6M(15M) 0.657ms
[204.239s][info][gc] GC(1012) Pause Young (Allocation Failure) 10M->6M(15M) 0.736ms
[204.245s][info][gc] GC(1013) Pause Young (Allocation Failure) 10M->6M(15M) 0.684ms
[204.250s][info][gc] GC(1014) Pause Young (Allocation Failure) 10M->6M(15M) 0.686ms
[204.255s][info][gc] GC(1015) Pause Young (Allocation Failure) 10M->6M(15M) 0.707ms
[204.261s][info][gc] GC(1016) Pause Young (Allocation Failure) 10M->6M(15M) 0.683ms
[204.266s][info][gc] GC(1017) Pause Young (Allocation Failure) 10M->6M(15M) 0.698ms
[204.272s][info][gc] GC(1018) Pause Young (Allocation Failure) 10M->6M(15M) 0.772ms
[204.277s][info][gc] GC(1019) Pause Young (Allocation Failure) 10M->6M(15M) 0.694ms
[204.282s][info][gc] GC(1020) Pause Young (Allocation Failure) 10M->6M(15M) 0.715ms
[204.288s][info][gc] GC(1021) Pause Young (Allocation Failure) 10M->6M(15M) 0.799ms
[204.295s][info][gc] GC(1022) Pause Young (Allocation Failure) 10M->6M(15M) 0.530ms
[204.300s][info][gc] GC(1023) Pause Young (Allocation Failure) 10M->6M(15M) 0.554ms
[204.306s][info][gc] GC(1024) Pause Young (Allocation Failure) 10M->6M(15M) 0.473ms
[204.311s][info][gc] GC(1025) Pause Young (Allocation Failure) 10M->6M(15M) 0.611ms
[204.316s][info][gc] GC(1026) Pause Young (Allocation Failure) 10M->6M(15M) 0.598ms
[204.321s][info][gc] GC(1027) Pause Young (Allocation Failure) 10M->6M(15M) 0.770ms
[204.327s][info][gc] GC(1028) Pause Young (Allocation Failure) 10M->6M(15M) 0.671ms
[204.332s][info][gc] GC(1029) Pause Young (Allocation Failure) 10M->6M(15M) 0.560ms
[204.337s][info][gc] GC(1030) Pause Young (Allocation Failure) 10M->6M(15M) 0.615ms
[204.343s][info][gc] GC(1031) Pause Young (Allocation Failure) 10M->6M(15M) 0.750ms
[204.348s][info][gc] GC(1032) Pause Young (Allocation Failure) 10M->6M(15M) 0.567ms
[204.353s][info][gc] GC(1033) Pause Young (Allocation Failure) 10M->6M(15M) 0.566ms
[204.358s][info][gc] GC(1034) Pause Young (Allocation Failure) 10M->6M(15M) 0.861ms
[204.364s][info][gc] GC(1035) Pause Young (Allocation Failure) 10M->6M(15M) 0.704ms
[204.370s][info][gc] GC(1036) Pause Young (Allocation Failure) 10M->6M(15M) 0.749ms
[204.375s][info][gc] GC(1037) Pause Young (Allocation Failure) 10M->6M(15M) 0.681ms
[204.380s][info][gc] GC(1038) Pause Young (Allocation Failure) 10M->6M(15M) 0.630ms
[204.385s][info][gc] GC(1039) Pause Young (Allocation Failure) 10M->6M(15M) 0.614ms
[204.390s][info][gc] GC(1040) Pause Young (Allocation Failure) 10M->6M(15M) 0.774ms
[204.396s][info][gc] GC(1041) Pause Young (Allocation Failure) 10M->6M(15M) 0.803ms
[204.401s][info][gc] GC(1042) Pause Young (Allocation Failure) 10M->6M(15M) 0.470ms
[204.406s][info][gc] GC(1043) Pause Young (Allocation Failure) 10M->6M(15M) 0.505ms
[204.411s][info][gc] GC(1044) Pause Young (Allocation Failure) 10M->6M(15M) 0.564ms
[204.416s][info][gc] GC(1045) Pause Young (Allocation Failure) 10M->6M(15M) 0.573ms
[204.421s][info][gc] GC(1046) Pause Young (Allocation Failure) 10M->6M(15M) 0.567ms
[204.426s][info][gc] GC(1047) Pause Young (Allocation Failure) 10M->6M(15M) 0.591ms
[204.431s][info][gc] GC(1048) Pause Young (Allocation Failure) 10M->6M(15M) 0.623ms
[204.436s][info][gc] GC(1049) Pause Young (Allocation Failure) 10M->6M(15M) 0.601ms
[204.441s][info][gc] GC(1050) Pause Young (Allocation Failure) 10M->6M(15M) 0.779ms
[204.449s][info][gc] GC(1051) Pause Young (Allocation Failure) 10M->6M(15M) 0.638ms
[204.454s][info][gc] GC(1052) Pause Young (Allocation Failure) 10M->6M(15M) 0.618ms
[204.459s][info][gc] GC(1053) Pause Young (Allocation Failure) 10M->6M(15M) 0.934ms
[204.464s][info][gc] GC(1054) Pause Young (Allocation Failure) 10M->6M(15M) 0.724ms
[204.470s][info][gc] GC(1055) Pause Young (Allocation Failure) 10M->6M(15M) 0.718ms
[204.475s][info][gc] GC(1056) Pause Young (Allocation Failure) 10M->6M(15M) 0.642ms
[204.480s][info][gc] GC(1057) Pause Young (Allocation Failure) 10M->6M(15M) 0.574ms
[204.485s][info][gc] GC(1058) Pause Young (Allocation Failure) 10M->6M(15M) 0.837ms
[204.492s][info][gc] GC(1059) Pause Young (Allocation Failure) 10M->6M(15M) 0.858ms
[204.498s][info][gc] GC(1060) Pause Young (Allocation Failure) 10M->6M(15M) 0.621ms
[204.503s][info][gc] GC(1061) Pause Young (Allocation Failure) 10M->6M(15M) 0.724ms
[204.508s][info][gc] GC(1062) Pause Young (Allocation Failure) 10M->6M(15M) 0.516ms
[204.514s][info][gc] GC(1063) Pause Young (Allocation Failure) 10M->6M(15M) 0.508ms
[204.519s][info][gc] GC(1064) Pause Young (Allocation Failure) 10M->6M(15M) 0.701ms
[204.524s][info][gc] GC(1065) Pause Young (Allocation Failure) 10M->6M(15M) 0.582ms
[204.528s][info][gc] GC(1066) Pause Young (Allocation Failure) 10M->6M(15M) 0.591ms
[204.534s][info][gc] GC(1067) Pause Young (Allocation Failure) 10M->6M(15M) 0.630ms
[204.540s][info][gc] GC(1068) Pause Young (Allocation Failure) 10M->6M(15M) 0.698ms
[204.545s][info][gc] GC(1069) Pause Young (Allocation Failure) 10M->6M(15M) 0.593ms
[204.550s][info][gc] GC(1070) Pause Young (Allocation Failure) 10M->6M(15M) 0.707ms
[204.555s][info][gc] GC(1071) Pause Young (Allocation Failure) 10M->6M(15M) 0.611ms
[204.560s][info][gc] GC(1072) Pause Young (Allocation Failure) 10M->6M(15M) 0.621ms
[204.565s][info][gc] GC(1073) Pause Young (Allocation Failure) 10M->6M(15M) 0.635ms
[204.571s][info][gc] GC(1074) Pause Young (Allocation Failure) 10M->6M(15M) 0.665ms
[204.578s][info][gc] GC(1075) Pause Young (Allocation Failure) 10M->6M(15M) 0.976ms
[204.584s][info][gc] GC(1076) Pause Young (Allocation Failure) 10M->6M(15M) 0.817ms
[204.590s][info][gc] GC(1077) Pause Young (Allocation Failure) 10M->6M(15M) 0.781ms
[204.596s][info][gc] GC(1078) Pause Young (Allocation Failure) 10M->6M(15M) 0.725ms
[204.603s][info][gc] GC(1079) Pause Young (Allocation Failure) 10M->6M(15M) 0.794ms
[204.608s][info][gc] GC(1080) Pause Young (Allocation Failure) 10M->6M(15M) 0.685ms
[204.617s][info][gc] GC(1081) Pause Young (Allocation Failure) 10M->6M(15M) 1.021ms
[204.623s][info][gc] GC(1082) Pause Young (Allocation Failure) 10M->6M(15M) 0.781ms
[204.628s][info][gc] GC(1083) Pause Young (Allocation Failure) 10M->6M(15M) 0.546ms
[204.634s][info][gc] GC(1084) Pause Young (Allocation Failure) 10M->6M(15M) 0.567ms
[204.640s][info][gc] GC(1085) Pause Young (Allocation Failure) 10M->6M(15M) 0.595ms
[204.646s][info][gc] GC(1086) Pause Young (Allocation Failure) 10M->6M(15M) 0.991ms
[204.654s][info][gc] GC(1087) Pause Young (Allocation Failure) 10M->6M(15M) 0.589ms
[204.659s][info][gc] GC(1088) Pause Young (Allocation Failure) 10M->6M(15M) 0.586ms
[204.665s][info][gc] GC(1089) Pause Young (Allocation Failure) 10M->6M(15M) 0.687ms
[204.671s][info][gc] GC(1090) Pause Young (Allocation Failure) 10M->6M(15M) 0.750ms
[204.677s][info][gc] GC(1091) Pause Young (Allocation Failure) 10M->6M(15M) 0.935ms
[204.685s][info][gc] GC(1092) Pause Young (Allocation Failure) 10M->6M(15M) 0.954ms
[204.695s][info][gc] GC(1093) Pause Young (Allocation Failure) 10M->6M(15M) 1.036ms
[204.704s][info][gc] GC(1094) Pause Young (Allocation Failure) 10M->6M(15M) 1.009ms
[204.711s][info][gc] GC(1095) Pause Young (Allocation Failure) 10M->6M(15M) 1.005ms
[204.719s][info][gc] GC(1096) Pause Young (Allocation Failure) 10M->6M(15M) 1.051ms
[204.727s][info][gc] GC(1097) Pause Young (Allocation Failure) 10M->6M(15M) 1.014ms
[204.735s][info][gc] GC(1098) Pause Young (Allocation Failure) 10M->6M(15M) 0.799ms
[204.741s][info][gc] GC(1099) Pause Young (Allocation Failure) 10M->6M(15M) 1.182ms
[204.749s][info][gc] GC(1100) Pause Young (Allocation Failure) 10M->6M(15M) 1.070ms
[204.757s][info][gc] GC(1101) Pause Young (Allocation Failure) 10M->6M(15M) 1.149ms
[204.765s][info][gc] GC(1102) Pause Young (Allocation Failure) 10M->6M(15M) 0.741ms
[204.771s][info][gc] GC(1103) Pause Young (Allocation Failure) 10M->6M(15M) 0.716ms
[204.778s][info][gc] GC(1104) Pause Young (Allocation Failure) 10M->6M(15M) 1.034ms
[204.787s][info][gc] GC(1105) Pause Young (Allocation Failure) 10M->6M(15M) 1.354ms
[204.795s][info][gc] GC(1106) Pause Young (Allocation Failure) 10M->6M(15M) 0.893ms
[204.801s][info][gc] GC(1107) Pause Young (Allocation Failure) 10M->6M(15M) 0.840ms
[204.808s][info][gc] GC(1108) Pause Young (Allocation Failure) 10M->6M(15M) 0.813ms
[204.813s][info][gc] GC(1109) Pause Young (Allocation Failure) 10M->6M(15M) 0.625ms
[204.819s][info][gc] GC(1110) Pause Young (Allocation Failure) 10M->6M(15M) 0.537ms
[204.825s][info][gc] GC(1111) Pause Young (Allocation Failure) 10M->6M(15M) 0.633ms
[204.830s][info][gc] GC(1112) Pause Young (Allocation Failure) 10M->6M(15M) 0.629ms
[204.835s][info][gc] GC(1113) Pause Young (Allocation Failure) 10M->6M(15M) 1.011ms
[204.842s][info][gc] GC(1114) Pause Young (Allocation Failure) 10M->6M(15M) 0.663ms
[204.847s][info][gc] GC(1115) Pause Young (Allocation Failure) 10M->6M(15M) 0.721ms
[204.853s][info][gc] GC(1116) Pause Young (Allocation Failure) 10M->6M(15M) 0.709ms
[204.858s][info][gc] GC(1117) Pause Young (Allocation Failure) 10M->6M(15M) 0.722ms
[204.864s][info][gc] GC(1118) Pause Young (Allocation Failure) 10M->6M(15M) 0.701ms
[204.869s][info][gc] GC(1119) Pause Young (Allocation Failure) 10M->6M(15M) 1.097ms
[204.875s][info][gc] GC(1120) Pause Young (Allocation Failure) 10M->6M(15M) 0.739ms
[204.880s][info][gc] GC(1121) Pause Young (Allocation Failure) 10M->6M(15M) 0.666ms
[204.886s][info][gc] GC(1122) Pause Young (Allocation Failure) 10M->6M(15M) 0.892ms
[204.894s][info][gc] GC(1123) Pause Young (Allocation Failure) 10M->6M(15M) 1.046ms
[204.900s][info][gc] GC(1124) Pause Young (Allocation Failure) 10M->6M(15M) 0.953ms
[204.906s][info][gc] GC(1125) Pause Young (Allocation Failure) 10M->6M(15M) 0.714ms
[204.912s][info][gc] GC(1126) Pause Young (Allocation Failure) 10M->6M(15M) 0.837ms
[204.919s][info][gc] GC(1127) Pause Young (Allocation Failure) 10M->6M(15M) 0.722ms
[204.925s][info][gc] GC(1128) Pause Young (Allocation Failure) 10M->6M(15M) 0.519ms
[204.930s][info][gc] GC(1129) Pause Young (Allocation Failure) 10M->6M(15M) 0.552ms
[204.936s][info][gc] GC(1130) Pause Young (Allocation Failure) 10M->6M(15M) 0.554ms
[204.942s][info][gc] GC(1131) Pause Young (Allocation Failure) 10M->6M(15M) 0.579ms
[204.947s][info][gc] GC(1132) Pause Young (Allocation Failure) 10M->6M(15M) 0.679ms
[204.953s][info][gc] GC(1133) Pause Young (Allocation Failure) 10M->6M(15M) 0.633ms
[204.958s][info][gc] GC(1134) Pause Young (Allocation Failure) 10M->6M(15M) 0.606ms
[204.963s][info][gc] GC(1135) Pause Young (Allocation Failure) 10M->6M(15M) 0.774ms
[204.969s][info][gc] GC(1136) Pause Young (Allocation Failure) 10M->6M(15M) 0.648ms
[204.975s][info][gc] GC(1137) Pause Young (Allocation Failure) 10M->6M(15M) 0.726ms
[204.982s][info][gc] GC(1138) Pause Young (Allocation Failure) 10M->6M(15M) 0.679ms
[204.987s][info][gc] GC(1139) Pause Young (Allocation Failure) 10M->6M(15M) 0.959ms
[204.994s][info][gc] GC(1140) Pause Young (Allocation Failure) 10M->6M(15M) 0.817ms
[204.999s][info][gc] GC(1141) Pause Young (Allocation Failure) 10M->6M(15M) 0.667ms
[205.005s][info][gc] GC(1142) Pause Young (Allocation Failure) 10M->6M(15M) 0.671ms
[205.012s][info][gc] GC(1143) Pause Young (Allocation Failure) 10M->6M(15M) 0.766ms
[205.018s][info][gc] GC(1144) Pause Young (Allocation Failure) 10M->6M(15M) 0.694ms
[205.023s][info][gc] GC(1145) Pause Young (Allocation Failure) 10M->6M(15M) 0.686ms
[205.029s][info][gc] GC(1146) Pause Young (Allocation Failure) 10M->6M(15M) 0.735ms
[205.034s][info][gc] GC(1147) Pause Young (Allocation Failure) 10M->6M(15M) 0.527ms
[205.039s][info][gc] GC(1148) Pause Young (Allocation Failure) 10M->6M(15M) 0.518ms
[205.045s][info][gc] GC(1149) Pause Young (Allocation Failure) 10M->6M(15M) 0.574ms
[205.050s][info][gc] GC(1150) Pause Young (Allocation Failure) 10M->6M(15M) 0.597ms
[205.056s][info][gc] GC(1151) Pause Young (Allocation Failure) 10M->6M(15M) 0.860ms
[205.062s][info][gc] GC(1152) Pause Young (Allocation Failure) 10M->6M(15M) 0.651ms
[205.067s][info][gc] GC(1153) Pause Young (Allocation Failure) 10M->6M(15M) 0.584ms
[205.072s][info][gc] GC(1154) Pause Young (Allocation Failure) 10M->6M(15M) 0.645ms
[205.078s][info][gc] GC(1155) Pause Young (Allocation Failure) 10M->6M(15M) 0.651ms
[205.083s][info][gc] GC(1156) Pause Young (Allocation Failure) 10M->6M(15M) 0.628ms
[205.088s][info][gc] GC(1157) Pause Young (Allocation Failure) 10M->6M(15M) 0.578ms
[205.095s][info][gc] GC(1158) Pause Young (Allocation Failure) 10M->6M(15M) 1.017ms
[205.101s][info][gc] GC(1159) Pause Young (Allocation Failure) 10M->6M(15M) 1.011ms
[205.106s][info][gc] GC(1160) Pause Young (Allocation Failure) 10M->6M(15M) 1.004ms
[205.112s][info][gc] GC(1161) Pause Young (Allocation Failure) 10M->6M(15M) 0.749ms
[205.117s][info][gc] GC(1162) Pause Young (Allocation Failure) 10M->6M(15M) 0.702ms
[205.122s][info][gc] GC(1163) Pause Young (Allocation Failure) 10M->6M(15M) 1.082ms
[205.127s][info][gc] GC(1164) Pause Young (Allocation Failure) 10M->6M(15M) 0.764ms
[205.133s][info][gc] GC(1165) Pause Young (Allocation Failure) 10M->6M(15M) 0.485ms
[205.138s][info][gc] GC(1166) Pause Young (Allocation Failure) 10M->6M(15M) 0.579ms
[205.143s][info][gc] GC(1167) Pause Young (Allocation Failure) 10M->6M(15M) 0.534ms
[205.148s][info][gc] GC(1168) Pause Young (Allocation Failure) 10M->6M(15M) 0.548ms
[205.153s][info][gc] GC(1169) Pause Young (Allocation Failure) 10M->6M(15M) 0.582ms
[205.158s][info][gc] GC(1170) Pause Young (Allocation Failure) 10M->6M(15M) 0.561ms
[205.164s][info][gc] GC(1171) Pause Young (Allocation Failure) 10M->6M(15M) 0.598ms
[205.168s][info][gc] GC(1172) Pause Young (Allocation Failure) 10M->6M(15M) 0.573ms
[205.176s][info][gc] GC(1173) Pause Young (Allocation Failure) 10M->6M(15M) 0.590ms
[205.181s][info][gc] GC(1174) Pause Young (Allocation Failure) 10M->6M(15M) 0.615ms
[205.186s][info][gc] GC(1175) Pause Young (Allocation Failure) 10M->6M(15M) 0.718ms
[205.191s][info][gc] GC(1176) Pause Young (Allocation Failure) 10M->6M(15M) 0.591ms
[205.196s][info][gc] GC(1177) Pause Young (Allocation Failure) 10M->6M(15M) 0.586ms
[205.202s][info][gc] GC(1178) Pause Young (Allocation Failure) 10M->6M(15M) 0.817ms
[205.207s][info][gc] GC(1179) Pause Young (Allocation Failure) 10M->6M(15M) 0.708ms
[205.212s][info][gc] GC(1180) Pause Young (Allocation Failure) 10M->6M(15M) 0.635ms
[205.217s][info][gc] GC(1181) Pause Young (Allocation Failure) 10M->6M(15M) 0.626ms
[205.223s][info][gc] GC(1182) Pause Young (Allocation Failure) 10M->6M(15M) 0.616ms
[205.229s][info][gc] GC(1183) Pause Young (Allocation Failure) 10M->6M(15M) 0.513ms
[205.235s][info][gc] GC(1184) Pause Young (Allocation Failure) 10M->6M(15M) 0.689ms
[205.240s][info][gc] GC(1185) Pause Young (Allocation Failure) 10M->6M(15M) 0.553ms
[205.245s][info][gc] GC(1186) Pause Young (Allocation Failure) 10M->6M(15M) 0.551ms
[205.250s][info][gc] GC(1187) Pause Young (Allocation Failure) 10M->6M(15M) 0.588ms
[205.255s][info][gc] GC(1188) Pause Young (Allocation Failure) 10M->6M(15M) 0.561ms
[205.260s][info][gc] GC(1189) Pause Young (Allocation Failure) 10M->6M(15M) 0.506ms
[205.265s][info][gc] GC(1190) Pause Young (Allocation Failure) 10M->6M(15M) 0.491ms
[205.271s][info][gc] GC(1191) Pause Young (Allocation Failure) 10M->6M(15M) 0.527ms
[205.275s][info][gc] GC(1192) Pause Young (Allocation Failure) 10M->6M(15M) 0.570ms
[205.281s][info][gc] GC(1193) Pause Young (Allocation Failure) 10M->6M(15M) 0.604ms
[205.286s][info][gc] GC(1194) Pause Young (Allocation Failure) 10M->6M(15M) 0.602ms
[205.291s][info][gc] GC(1195) Pause Young (Allocation Failure) 10M->6M(15M) 0.603ms
[205.296s][info][gc] GC(1196) Pause Young (Allocation Failure) 10M->6M(15M) 0.679ms
[205.302s][info][gc] GC(1197) Pause Young (Allocation Failure) 10M->6M(15M) 0.696ms
[205.308s][info][gc] GC(1198) Pause Young (Allocation Failure) 10M->6M(15M) 0.650ms
[205.313s][info][gc] GC(1199) Pause Young (Allocation Failure) 10M->6M(15M) 0.654ms
[205.318s][info][gc] GC(1200) Pause Young (Allocation Failure) 10M->6M(15M) 0.662ms
[205.323s][info][gc] GC(1201) Pause Young (Allocation Failure) 10M->6M(15M) 0.711ms
[205.328s][info][gc] GC(1202) Pause Young (Allocation Failure) 10M->6M(15M) 0.628ms
[205.333s][info][gc] GC(1203) Pause Young (Allocation Failure) 10M->6M(15M) 0.670ms
[205.338s][info][gc] GC(1204) Pause Young (Allocation Failure) 10M->6M(15M) 0.634ms
[205.343s][info][gc] GC(1205) Pause Young (Allocation Failure) 10M->6M(15M) 0.587ms
[205.349s][info][gc] GC(1206) Pause Young (Allocation Failure) 10M->6M(15M) 0.483ms
[205.354s][info][gc] GC(1207) Pause Young (Allocation Failure) 10M->6M(15M) 0.598ms
[205.359s][info][gc] GC(1208) Pause Young (Allocation Failure) 10M->6M(15M) 0.501ms
[205.364s][info][gc] GC(1209) Pause Young (Allocation Failure) 10M->6M(15M) 0.566ms
[205.369s][info][gc] GC(1210) Pause Young (Allocation Failure) 10M->6M(15M) 0.531ms
[205.375s][info][gc] GC(1211) Pause Young (Allocation Failure) 10M->6M(15M) 0.574ms
[205.380s][info][gc] GC(1212) Pause Young (Allocation Failure) 10M->6M(15M) 0.521ms
[205.386s][info][gc] GC(1213) Pause Young (Allocation Failure) 10M->6M(15M) 0.631ms
[205.392s][info][gc] GC(1214) Pause Young (Allocation Failure) 10M->6M(15M) 0.618ms
[205.397s][info][gc] GC(1215) Pause Young (Allocation Failure) 10M->6M(15M) 0.639ms
[205.402s][info][gc] GC(1216) Pause Young (Allocation Failure) 10M->6M(15M) 0.664ms
[205.407s][info][gc] GC(1217) Pause Young (Allocation Failure) 10M->6M(15M) 0.684ms
[205.413s][info][gc] GC(1218) Pause Young (Allocation Failure) 10M->6M(15M) 0.818ms
[205.418s][info][gc] GC(1219) Pause Young (Allocation Failure) 10M->6M(15M) 0.775ms
[205.424s][info][gc] GC(1220) Pause Young (Allocation Failure) 10M->6M(15M) 0.663ms
[205.429s][info][gc] GC(1221) Pause Young (Allocation Failure) 10M->6M(15M) 0.704ms
[205.434s][info][gc] GC(1222) Pause Young (Allocation Failure) 10M->6M(15M) 0.763ms
[205.440s][info][gc] GC(1223) Pause Young (Allocation Failure) 10M->6M(15M) 0.729ms
[205.448s][info][gc] GC(1224) Pause Young (Allocation Failure) 10M->6M(15M) 1.031ms
[205.453s][info][gc] GC(1225) Pause Young (Allocation Failure) 10M->6M(15M) 0.734ms
[205.458s][info][gc] GC(1226) Pause Young (Allocation Failure) 10M->6M(15M) 0.629ms
[205.463s][info][gc] GC(1227) Pause Young (Allocation Failure) 10M->6M(15M) 0.567ms
[205.469s][info][gc] GC(1228) Pause Young (Allocation Failure) 10M->6M(15M) 0.553ms
[205.474s][info][gc] GC(1229) Pause Young (Allocation Failure) 10M->6M(15M) 0.575ms
[205.478s][info][gc] GC(1230) Pause Young (Allocation Failure) 10M->6M(15M) 0.516ms
[205.485s][info][gc] GC(1231) Pause Young (Allocation Failure) 10M->6M(15M) 0.674ms
[205.490s][info][gc] GC(1232) Pause Young (Allocation Failure) 10M->6M(15M) 0.580ms
[205.496s][info][gc] GC(1233) Pause Young (Allocation Failure) 10M->6M(15M) 0.646ms
[205.503s][info][gc] GC(1234) Pause Young (Allocation Failure) 10M->6M(15M) 0.608ms
[205.508s][info][gc] GC(1235) Pause Young (Allocation Failure) 10M->6M(15M) 0.966ms
[205.513s][info][gc] GC(1236) Pause Young (Allocation Failure) 10M->6M(15M) 0.590ms
[205.518s][info][gc] GC(1237) Pause Young (Allocation Failure) 10M->6M(15M) 0.552ms
[205.524s][info][gc] GC(1238) Pause Young (Allocation Failure) 10M->6M(15M) 0.679ms
[205.530s][info][gc] GC(1239) Pause Young (Allocation Failure) 10M->6M(15M) 0.649ms
[205.535s][info][gc] GC(1240) Pause Young (Allocation Failure) 10M->6M(15M) 0.678ms
[205.540s][info][gc] GC(1241) Pause Young (Allocation Failure) 10M->6M(15M) 0.609ms
[205.545s][info][gc] GC(1242) Pause Young (Allocation Failure) 10M->6M(15M) 0.592ms
[205.550s][info][gc] GC(1243) Pause Young (Allocation Failure) 10M->6M(15M) 0.695ms
[205.555s][info][gc] GC(1244) Pause Young (Allocation Failure) 10M->6M(15M) 0.706ms
[205.561s][info][gc] GC(1245) Pause Young (Allocation Failure) 10M->6M(15M) 0.622ms
[205.566s][info][gc] GC(1246) Pause Young (Allocation Failure) 10M->6M(15M) 0.747ms
[205.572s][info][gc] GC(1247) Pause Young (Allocation Failure) 10M->6M(15M) 0.667ms
[205.577s][info][gc] GC(1248) Pause Young (Allocation Failure) 10M->6M(15M) 0.637ms
[205.582s][info][gc] GC(1249) Pause Young (Allocation Failure) 10M->6M(15M) 0.464ms
[205.587s][info][gc] GC(1250) Pause Young (Allocation Failure) 10M->6M(15M) 0.658ms
[205.593s][info][gc] GC(1251) Pause Young (Allocation Failure) 10M->6M(15M) 0.553ms
[205.598s][info][gc] GC(1252) Pause Young (Allocation Failure) 10M->6M(15M) 0.537ms
[205.605s][info][gc] GC(1253) Pause Young (Allocation Failure) 10M->6M(15M) 0.838ms
[205.613s][info][gc] GC(1254) Pause Young (Allocation Failure) 10M->6M(15M) 0.676ms
[205.618s][info][gc] GC(1255) Pause Young (Allocation Failure) 10M->6M(15M) 0.646ms
[205.623s][info][gc] GC(1256) Pause Young (Allocation Failure) 10M->6M(15M) 0.634ms
[205.628s][info][gc] GC(1257) Pause Young (Allocation Failure) 10M->6M(15M) 0.567ms
[205.634s][info][gc] GC(1258) Pause Young (Allocation Failure) 10M->6M(15M) 0.775ms
[205.640s][info][gc] GC(1259) Pause Young (Allocation Failure) 10M->6M(15M) 0.655ms
[205.646s][info][gc] GC(1260) Pause Young (Allocation Failure) 10M->6M(15M) 0.590ms
[205.651s][info][gc] GC(1261) Pause Young (Allocation Failure) 10M->6M(15M) 0.691ms
[205.656s][info][gc] GC(1262) Pause Young (Allocation Failure) 10M->6M(15M) 0.703ms
[205.661s][info][gc] GC(1263) Pause Young (Allocation Failure) 10M->6M(15M) 0.737ms
[205.666s][info][gc] GC(1264) Pause Young (Allocation Failure) 10M->6M(15M) 1.026ms
[205.672s][info][gc] GC(1265) Pause Young (Allocation Failure) 10M->6M(15M) 0.744ms
[205.677s][info][gc] GC(1266) Pause Young (Allocation Failure) 10M->6M(15M) 0.762ms
[205.683s][info][gc] GC(1267) Pause Young (Allocation Failure) 10M->6M(15M) 0.800ms
[205.688s][info][gc] GC(1268) Pause Young (Allocation Failure) 10M->6M(15M) 0.736ms
[205.692s][info][gc] GC(1269) Pause Young (Allocation Failure) 10M->6M(15M) 0.585ms
[205.697s][info][gc] GC(1270) Pause Young (Allocation Failure) 10M->6M(15M) 0.657ms
[205.706s][info][gc] GC(1271) Pause Young (Allocation Failure) 10M->6M(15M) 0.772ms
[205.714s][info][gc] GC(1272) Pause Young (Allocation Failure) 10M->6M(15M) 0.723ms
[205.719s][info][gc] GC(1273) Pause Young (Allocation Failure) 10M->6M(15M) 0.591ms
[205.724s][info][gc] GC(1274) Pause Young (Allocation Failure) 10M->6M(15M) 0.584ms
[205.729s][info][gc] GC(1275) Pause Young (Allocation Failure) 10M->6M(15M) 0.670ms
[205.735s][info][gc] GC(1276) Pause Young (Allocation Failure) 10M->6M(15M) 0.625ms
[205.740s][info][gc] GC(1277) Pause Young (Allocation Failure) 10M->6M(15M) 0.632ms
[205.746s][info][gc] GC(1278) Pause Young (Allocation Failure) 10M->6M(15M) 0.909ms
[205.751s][info][gc] GC(1279) Pause Young (Allocation Failure) 10M->6M(15M) 0.776ms
[205.757s][info][gc] GC(1280) Pause Young (Allocation Failure) 10M->6M(15M) 0.560ms
[205.762s][info][gc] GC(1281) Pause Young (Allocation Failure) 10M->6M(15M) 0.603ms
[205.767s][info][gc] GC(1282) Pause Young (Allocation Failure) 10M->6M(15M) 0.618ms
[205.772s][info][gc] GC(1283) Pause Young (Allocation Failure) 10M->6M(15M) 0.969ms
[205.779s][info][gc] GC(1284) Pause Young (Allocation Failure) 10M->6M(15M) 0.746ms
[205.785s][info][gc] GC(1285) Pause Young (Allocation Failure) 10M->6M(15M) 0.679ms
[205.791s][info][gc] GC(1286) Pause Young (Allocation Failure) 10M->6M(15M) 0.601ms
[205.796s][info][gc] GC(1287) Pause Young (Allocation Failure) 10M->6M(15M) 0.699ms
[205.801s][info][gc] GC(1288) Pause Young (Allocation Failure) 10M->6M(15M) 0.695ms
[205.806s][info][gc] GC(1289) Pause Young (Allocation Failure) 10M->6M(15M) 0.726ms
[205.813s][info][gc] GC(1290) Pause Young (Allocation Failure) 10M->6M(15M) 0.908ms
[205.819s][info][gc] GC(1291) Pause Young (Allocation Failure) 10M->6M(15M) 0.736ms
[205.825s][info][gc] GC(1292) Pause Young (Allocation Failure) 10M->6M(15M) 0.965ms
[205.832s][info][gc] GC(1293) Pause Young (Allocation Failure) 10M->6M(15M) 0.495ms
[205.837s][info][gc] GC(1294) Pause Young (Allocation Failure) 10M->6M(15M) 0.454ms
[205.842s][info][gc] GC(1295) Pause Young (Allocation Failure) 10M->6M(15M) 0.503ms
[205.847s][info][gc] GC(1296) Pause Young (Allocation Failure) 10M->6M(15M) 0.466ms
[205.853s][info][gc] GC(1297) Pause Young (Allocation Failure) 10M->6M(15M) 0.542ms
[205.858s][info][gc] GC(1298) Pause Young (Allocation Failure) 10M->6M(15M) 0.526ms
[205.863s][info][gc] GC(1299) Pause Young (Allocation Failure) 10M->6M(15M) 0.604ms
[205.868s][info][gc] GC(1300) Pause Young (Allocation Failure) 10M->6M(15M) 0.499ms
[205.874s][info][gc] GC(1301) Pause Young (Allocation Failure) 10M->6M(15M) 0.623ms
[205.880s][info][gc] GC(1302) Pause Young (Allocation Failure) 10M->6M(15M) 0.646ms
[205.886s][info][gc] GC(1303) Pause Young (Allocation Failure) 10M->6M(15M) 0.647ms
[205.894s][info][gc] GC(1304) Pause Young (Allocation Failure) 10M->6M(15M) 0.663ms
[205.899s][info][gc] GC(1305) Pause Young (Allocation Failure) 10M->6M(15M) 0.730ms
[205.907s][info][gc] GC(1306) Pause Young (Allocation Failure) 10M->6M(15M) 0.719ms
[205.914s][info][gc] GC(1307) Pause Young (Allocation Failure) 10M->6M(15M) 0.825ms
[205.919s][info][gc] GC(1308) Pause Young (Allocation Failure) 10M->6M(15M) 0.916ms
[205.926s][info][gc] GC(1309) Pause Young (Allocation Failure) 10M->6M(15M) 0.846ms
[205.933s][info][gc] GC(1310) Pause Young (Allocation Failure) 10M->6M(15M) 0.893ms
[205.939s][info][gc] GC(1311) Pause Young (Allocation Failure) 10M->6M(15M) 0.714ms
[205.944s][info][gc] GC(1312) Pause Young (Allocation Failure) 10M->6M(15M) 0.667ms
[205.949s][info][gc] GC(1313) Pause Young (Allocation Failure) 10M->6M(15M) 0.667ms
[205.955s][info][gc] GC(1314) Pause Young (Allocation Failure) 10M->6M(15M) 0.693ms
[205.960s][info][gc] GC(1315) Pause Young (Allocation Failure) 10M->6M(15M) 0.492ms
[205.965s][info][gc] GC(1316) Pause Young (Allocation Failure) 10M->6M(15M) 0.526ms
[205.971s][info][gc] GC(1317) Pause Young (Allocation Failure) 10M->6M(15M) 0.795ms
[205.976s][info][gc] GC(1318) Pause Young (Allocation Failure) 10M->6M(15M) 0.649ms
[205.982s][info][gc] GC(1319) Pause Young (Allocation Failure) 10M->6M(15M) 0.555ms
[205.990s][info][gc] GC(1320) Pause Young (Allocation Failure) 10M->6M(15M) 0.671ms
[205.997s][info][gc] GC(1321) Pause Young (Allocation Failure) 10M->6M(15M) 0.565ms
[206.002s][info][gc] GC(1322) Pause Young (Allocation Failure) 10M->6M(15M) 0.896ms
[206.008s][info][gc] GC(1323) Pause Young (Allocation Failure) 10M->6M(15M) 0.581ms
[206.013s][info][gc] GC(1324) Pause Young (Allocation Failure) 10M->6M(15M) 0.567ms
[206.019s][info][gc] GC(1325) Pause Young (Allocation Failure) 10M->6M(15M) 0.638ms
[206.024s][info][gc] GC(1326) Pause Young (Allocation Failure) 10M->6M(15M) 0.647ms
[206.029s][info][gc] GC(1327) Pause Young (Allocation Failure) 10M->6M(15M) 0.661ms
[206.035s][info][gc] GC(1328) Pause Young (Allocation Failure) 10M->6M(15M) 0.561ms
[206.040s][info][gc] GC(1329) Pause Young (Allocation Failure) 10M->6M(15M) 0.583ms
[206.045s][info][gc] GC(1330) Pause Young (Allocation Failure) 10M->6M(15M) 0.659ms
[206.051s][info][gc] GC(1331) Pause Young (Allocation Failure) 10M->6M(15M) 0.611ms
[206.056s][info][gc] GC(1332) Pause Young (Allocation Failure) 10M->6M(15M) 0.843ms
[206.062s][info][gc] GC(1333) Pause Young (Allocation Failure) 10M->6M(15M) 0.661ms
[206.067s][info][gc] GC(1334) Pause Young (Allocation Failure) 10M->6M(15M) 0.719ms
[206.073s][info][gc] GC(1335) Pause Young (Allocation Failure) 10M->6M(15M) 0.868ms
[206.078s][info][gc] GC(1336) Pause Young (Allocation Failure) 10M->6M(15M) 0.762ms
[206.084s][info][gc] GC(1337) Pause Young (Allocation Failure) 10M->6M(15M) 0.693ms
[206.089s][info][gc] GC(1338) Pause Young (Allocation Failure) 10M->6M(15M) 0.485ms
[206.094s][info][gc] GC(1339) Pause Young (Allocation Failure) 10M->6M(15M) 0.574ms
[206.099s][info][gc] GC(1340) Pause Young (Allocation Failure) 10M->6M(15M) 0.601ms
[206.105s][info][gc] GC(1341) Pause Young (Allocation Failure) 10M->6M(15M) 0.592ms
[206.111s][info][gc] GC(1342) Pause Young (Allocation Failure) 10M->6M(15M) 0.854ms
[206.117s][info][gc] GC(1343) Pause Young (Allocation Failure) 10M->6M(15M) 0.629ms
[206.122s][info][gc] GC(1344) Pause Young (Allocation Failure) 10M->6M(15M) 0.602ms
[206.127s][info][gc] GC(1345) Pause Young (Allocation Failure) 10M->6M(15M) 0.637ms
[206.132s][info][gc] GC(1346) Pause Young (Allocation Failure) 10M->6M(15M) 0.609ms
[206.137s][info][gc] GC(1347) Pause Young (Allocation Failure) 10M->6M(15M) 0.544ms
[206.142s][info][gc] GC(1348) Pause Young (Allocation Failure) 10M->6M(15M) 0.691ms
[206.147s][info][gc] GC(1349) Pause Young (Allocation Failure) 10M->6M(15M) 0.683ms
[206.152s][info][gc] GC(1350) Pause Young (Allocation Failure) 10M->6M(15M) 0.745ms
[206.157s][info][gc] GC(1351) Pause Young (Allocation Failure) 10M->6M(15M) 0.748ms
[206.163s][info][gc] GC(1352) Pause Young (Allocation Failure) 10M->6M(15M) 0.721ms
[206.168s][info][gc] GC(1353) Pause Young (Allocation Failure) 10M->6M(15M) 0.988ms
[206.174s][info][gc] GC(1354) Pause Young (Allocation Failure) 10M->6M(15M) 0.826ms
[206.180s][info][gc] GC(1355) Pause Young (Allocation Failure) 10M->6M(15M) 1.009ms
[206.185s][info][gc] GC(1356) Pause Young (Allocation Failure) 10M->6M(15M) 0.737ms
[206.190s][info][gc] GC(1357) Pause Young (Allocation Failure) 10M->6M(15M) 0.752ms
[206.195s][info][gc] GC(1358) Pause Young (Allocation Failure) 10M->6M(15M) 0.458ms
[206.200s][info][gc] GC(1359) Pause Young (Allocation Failure) 10M->6M(15M) 0.546ms
[206.205s][info][gc] GC(1360) Pause Young (Allocation Failure) 10M->6M(15M) 0.551ms
[206.210s][info][gc] GC(1361) Pause Young (Allocation Failure) 10M->6M(15M) 0.546ms
[206.216s][info][gc] GC(1362) Pause Young (Allocation Failure) 10M->6M(15M) 0.587ms
[206.220s][info][gc] GC(1363) Pause Young (Allocation Failure) 10M->6M(15M) 0.605ms
[206.226s][info][gc] GC(1364) Pause Young (Allocation Failure) 10M->6M(15M) 0.609ms
[206.231s][info][gc] GC(1365) Pause Young (Allocation Failure) 10M->6M(15M) 0.616ms
[206.236s][info][gc] GC(1366) Pause Young (Allocation Failure) 10M->6M(15M) 0.633ms
[206.241s][info][gc] GC(1367) Pause Young (Allocation Failure) 10M->6M(15M) 0.680ms
[206.246s][info][gc] GC(1368) Pause Young (Allocation Failure) 10M->6M(15M) 0.683ms
[206.251s][info][gc] GC(1369) Pause Young (Allocation Failure) 10M->6M(15M) 0.746ms
[206.257s][info][gc] GC(1370) Pause Young (Allocation Failure) 10M->6M(15M) 0.711ms
[206.262s][info][gc] GC(1371) Pause Young (Allocation Failure) 10M->6M(15M) 0.754ms
[206.267s][info][gc] GC(1372) Pause Young (Allocation Failure) 10M->6M(15M) 0.733ms
[206.272s][info][gc] GC(1373) Pause Young (Allocation Failure) 10M->6M(15M) 0.734ms
[206.277s][info][gc] GC(1374) Pause Young (Allocation Failure) 10M->6M(15M) 0.731ms
[206.282s][info][gc] GC(1375) Pause Young (Allocation Failure) 10M->6M(15M) 0.786ms
[206.287s][info][gc] GC(1376) Pause Young (Allocation Failure) 10M->6M(15M) 1.008ms
[206.292s][info][gc] GC(1377) Pause Young (Allocation Failure) 10M->6M(15M) 0.687ms
[206.297s][info][gc] GC(1378) Pause Young (Allocation Failure) 10M->6M(15M) 0.447ms
[206.302s][info][gc] GC(1379) Pause Young (Allocation Failure) 10M->6M(15M) 0.489ms
[206.308s][info][gc] GC(1380) Pause Young (Allocation Failure) 10M->6M(15M) 0.549ms
[206.314s][info][gc] GC(1381) Pause Young (Allocation Failure) 10M->6M(15M) 0.521ms
[206.319s][info][gc] GC(1382) Pause Young (Allocation Failure) 10M->6M(15M) 0.500ms
[206.324s][info][gc] GC(1383) Pause Young (Allocation Failure) 10M->6M(15M) 0.664ms
[206.330s][info][gc] GC(1384) Pause Young (Allocation Failure) 10M->6M(15M) 0.618ms
[206.335s][info][gc] GC(1385) Pause Young (Allocation Failure) 10M->6M(15M) 0.633ms
[206.340s][info][gc] GC(1386) Pause Young (Allocation Failure) 10M->6M(15M) 0.608ms
[206.345s][info][gc] GC(1387) Pause Young (Allocation Failure) 10M->6M(15M) 0.635ms
[206.350s][info][gc] GC(1388) Pause Young (Allocation Failure) 10M->6M(15M) 0.644ms
[206.355s][info][gc] GC(1389) Pause Young (Allocation Failure) 10M->6M(15M) 0.624ms
[206.360s][info][gc] GC(1390) Pause Young (Allocation Failure) 10M->6M(15M) 0.673ms
[206.365s][info][gc] GC(1391) Pause Young (Allocation Failure) 10M->6M(15M) 0.688ms
[206.370s][info][gc] GC(1392) Pause Young (Allocation Failure) 10M->6M(15M) 0.629ms
[206.376s][info][gc] GC(1393) Pause Young (Allocation Failure) 10M->6M(15M) 0.580ms
[206.381s][info][gc] GC(1394) Pause Young (Allocation Failure) 10M->6M(15M) 0.572ms
[206.386s][info][gc] GC(1395) Pause Young (Allocation Failure) 10M->6M(15M) 0.706ms
[206.391s][info][gc] GC(1396) Pause Young (Allocation Failure) 10M->6M(15M) 0.757ms
[206.396s][info][gc] GC(1397) Pause Young (Allocation Failure) 10M->6M(15M) 0.745ms
[206.401s][info][gc] GC(1398) Pause Young (Allocation Failure) 10M->6M(15M) 0.743ms
[206.407s][info][gc] GC(1399) Pause Young (Allocation Failure) 10M->6M(15M) 0.661ms
[206.413s][info][gc] GC(1400) Pause Young (Allocation Failure) 10M->6M(15M) 0.685ms
[206.419s][info][gc] GC(1401) Pause Young (Allocation Failure) 10M->6M(15M) 0.742ms
[206.425s][info][gc] GC(1402) Pause Young (Allocation Failure) 10M->6M(15M) 0.682ms
[206.431s][info][gc] GC(1403) Pause Young (Allocation Failure) 10M->6M(15M) 0.713ms
[206.436s][info][gc] GC(1404) Pause Young (Allocation Failure) 10M->6M(15M) 0.720ms
[206.440s][info][gc] GC(1405) Pause Young (Allocation Failure) 10M->6M(15M) 0.504ms
[206.448s][info][gc] GC(1406) Pause Young (Allocation Failure) 10M->6M(15M) 0.692ms
[206.453s][info][gc] GC(1407) Pause Young (Allocation Failure) 10M->6M(15M) 0.532ms
[206.458s][info][gc] GC(1408) Pause Young (Allocation Failure) 10M->6M(15M) 0.508ms
[206.463s][info][gc] GC(1409) Pause Young (Allocation Failure) 10M->6M(15M) 0.546ms
[206.468s][info][gc] GC(1410) Pause Young (Allocation Failure) 10M->6M(15M) 0.530ms
[206.474s][info][gc] GC(1411) Pause Young (Allocation Failure) 10M->6M(15M) 0.584ms
[206.480s][info][gc] GC(1412) Pause Young (Allocation Failure) 10M->6M(15M) 0.573ms
[206.485s][info][gc] GC(1413) Pause Young (Allocation Failure) 10M->6M(15M) 0.566ms
[206.490s][info][gc] GC(1414) Pause Young (Allocation Failure) 10M->6M(15M) 0.566ms
[206.495s][info][gc] GC(1415) Pause Young (Allocation Failure) 10M->6M(15M) 0.793ms
[206.500s][info][gc] GC(1416) Pause Young (Allocation Failure) 10M->6M(15M) 0.745ms
[206.507s][info][gc] GC(1417) Pause Young (Allocation Failure) 10M->6M(15M) 0.997ms
[206.514s][info][gc] GC(1418) Pause Young (Allocation Failure) 10M->6M(15M) 0.975ms
[206.520s][info][gc] GC(1419) Pause Young (Allocation Failure) 10M->6M(15M) 0.687ms
[206.526s][info][gc] GC(1420) Pause Young (Allocation Failure) 10M->6M(15M) 0.996ms
[206.532s][info][gc] GC(1421) Pause Young (Allocation Failure) 10M->6M(15M) 0.713ms
[206.537s][info][gc] GC(1422) Pause Young (Allocation Failure) 10M->6M(15M) 0.698ms
[206.543s][info][gc] GC(1423) Pause Young (Allocation Failure) 10M->6M(15M) 0.701ms
[206.548s][info][gc] GC(1424) Pause Young (Allocation Failure) 10M->6M(15M) 0.783ms
[206.554s][info][gc] GC(1425) Pause Young (Allocation Failure) 10M->6M(15M) 0.836ms
[206.560s][info][gc] GC(1426) Pause Young (Allocation Failure) 10M->6M(15M) 0.765ms
[206.565s][info][gc] GC(1427) Pause Young (Allocation Failure) 10M->6M(15M) 0.448ms
[206.570s][info][gc] GC(1428) Pause Young (Allocation Failure) 10M->6M(15M) 0.439ms
[206.576s][info][gc] GC(1429) Pause Young (Allocation Failure) 10M->6M(15M) 0.575ms
[206.581s][info][gc] GC(1430) Pause Young (Allocation Failure) 10M->6M(15M) 0.505ms
[206.586s][info][gc] GC(1431) Pause Young (Allocation Failure) 10M->6M(15M) 0.471ms
[206.591s][info][gc] GC(1432) Pause Young (Allocation Failure) 10M->6M(15M) 0.476ms
[206.596s][info][gc] GC(1433) Pause Young (Allocation Failure) 10M->6M(15M) 0.479ms
[206.601s][info][gc] GC(1434) Pause Young (Allocation Failure) 10M->6M(15M) 0.583ms
[206.607s][info][gc] GC(1435) Pause Young (Allocation Failure) 10M->6M(15M) 0.550ms
[206.612s][info][gc] GC(1436) Pause Young (Allocation Failure) 10M->6M(15M) 0.526ms
[206.619s][info][gc] GC(1437) Pause Young (Allocation Failure) 10M->6M(15M) 0.795ms
[206.625s][info][gc] GC(1438) Pause Young (Allocation Failure) 10M->6M(15M) 0.696ms
[206.630s][info][gc] GC(1439) Pause Young (Allocation Failure) 10M->6M(15M) 0.877ms
[206.636s][info][gc] GC(1440) Pause Young (Allocation Failure) 10M->6M(15M) 0.736ms
[206.641s][info][gc] GC(1441) Pause Young (Allocation Failure) 10M->6M(15M) 0.715ms
[206.646s][info][gc] GC(1442) Pause Young (Allocation Failure) 10M->6M(15M) 0.772ms
[206.652s][info][gc] GC(1443) Pause Young (Allocation Failure) 10M->6M(15M) 0.766ms
[206.657s][info][gc] GC(1444) Pause Young (Allocation Failure) 10M->6M(15M) 0.598ms
[206.662s][info][gc] GC(1445) Pause Young (Allocation Failure) 10M->6M(15M) 0.582ms
[206.667s][info][gc] GC(1446) Pause Young (Allocation Failure) 10M->6M(15M) 0.712ms
[206.672s][info][gc] GC(1447) Pause Young (Allocation Failure) 10M->6M(15M) 0.703ms
[206.678s][info][gc] GC(1448) Pause Young (Allocation Failure) 10M->6M(15M) 0.697ms
[206.683s][info][gc] GC(1449) Pause Young (Allocation Failure) 10M->6M(15M) 0.514ms
[206.688s][info][gc] GC(1450) Pause Young (Allocation Failure) 10M->6M(15M) 0.552ms
[206.693s][info][gc] GC(1451) Pause Young (Allocation Failure) 10M->6M(15M) 0.598ms
[206.698s][info][gc] GC(1452) Pause Young (Allocation Failure) 10M->6M(15M) 0.546ms
[206.703s][info][gc] GC(1453) Pause Young (Allocation Failure) 10M->6M(15M) 0.661ms
[206.710s][info][gc] GC(1454) Pause Young (Allocation Failure) 10M->6M(15M) 0.984ms
[206.716s][info][gc] GC(1455) Pause Young (Allocation Failure) 10M->6M(15M) 0.611ms
[206.724s][info][gc] GC(1456) Pause Young (Allocation Failure) 10M->6M(15M) 0.626ms
[206.730s][info][gc] GC(1457) Pause Young (Allocation Failure) 10M->6M(15M) 0.573ms
[206.736s][info][gc] GC(1458) Pause Young (Allocation Failure) 10M->6M(15M) 0.686ms
[206.741s][info][gc] GC(1459) Pause Young (Allocation Failure) 10M->6M(15M) 0.636ms
[206.747s][info][gc] GC(1460) Pause Young (Allocation Failure) 10M->6M(15M) 0.953ms
[206.752s][info][gc] GC(1461) Pause Young (Allocation Failure) 10M->6M(15M) 0.827ms
[206.758s][info][gc] GC(1462) Pause Young (Allocation Failure) 10M->6M(15M) 0.795ms
[206.764s][info][gc] GC(1463) Pause Young (Allocation Failure) 10M->6M(15M) 0.678ms
[206.770s][info][gc] GC(1464) Pause Young (Allocation Failure) 10M->6M(15M) 1.209ms
[206.778s][info][gc] GC(1465) Pause Young (Allocation Failure) 10M->6M(15M) 0.987ms
[206.788s][info][gc] GC(1466) Pause Young (Allocation Failure) 10M->6M(15M) 0.762ms
[206.793s][info][gc] GC(1467) Pause Young (Allocation Failure) 10M->6M(15M) 0.701ms
[206.799s][info][gc] GC(1468) Pause Young (Allocation Failure) 10M->6M(15M) 0.785ms
[206.804s][info][gc] GC(1469) Pause Young (Allocation Failure) 10M->6M(15M) 0.522ms
[206.810s][info][gc] GC(1470) Pause Young (Allocation Failure) 10M->6M(15M) 0.496ms
[206.815s][info][gc] GC(1471) Pause Young (Allocation Failure) 10M->6M(15M) 0.578ms
[206.821s][info][gc] GC(1472) Pause Young (Allocation Failure) 10M->6M(15M) 0.510ms
[206.826s][info][gc] GC(1473) Pause Young (Allocation Failure) 10M->6M(15M) 0.754ms
[206.832s][info][gc] GC(1474) Pause Young (Allocation Failure) 10M->6M(15M) 0.554ms
[206.837s][info][gc] GC(1475) Pause Young (Allocation Failure) 10M->6M(15M) 0.595ms
[206.842s][info][gc] GC(1476) Pause Young (Allocation Failure) 10M->6M(15M) 0.552ms
[206.850s][info][gc] GC(1477) Pause Young (Allocation Failure) 10M->6M(15M) 0.721ms
[206.856s][info][gc] GC(1478) Pause Young (Allocation Failure) 10M->6M(15M) 0.670ms
[206.860s][info][gc] GC(1479) Pause Young (Allocation Failure) 10M->6M(15M) 0.711ms
[206.866s][info][gc] GC(1480) Pause Young (Allocation Failure) 10M->6M(15M) 0.589ms
[206.871s][info][gc] GC(1481) Pause Young (Allocation Failure) 10M->6M(15M) 0.582ms
[206.876s][info][gc] GC(1482) Pause Young (Allocation Failure) 10M->6M(15M) 0.684ms
[206.881s][info][gc] GC(1483) Pause Young (Allocation Failure) 10M->6M(15M) 0.576ms
[206.886s][info][gc] GC(1484) Pause Young (Allocation Failure) 10M->6M(15M) 0.596ms
[206.892s][info][gc] GC(1485) Pause Young (Allocation Failure) 10M->6M(15M) 0.878ms
[206.898s][info][gc] GC(1486) Pause Young (Allocation Failure) 10M->6M(15M) 1.102ms
[206.905s][info][gc] GC(1487) Pause Young (Allocation Failure) 10M->6M(15M) 0.702ms
[206.912s][info][gc] GC(1488) Pause Young (Allocation Failure) 10M->6M(15M) 0.767ms
[206.919s][info][gc] GC(1489) Pause Young (Allocation Failure) 10M->6M(15M) 0.682ms
[206.926s][info][gc] GC(1490) Pause Young (Allocation Failure) 10M->6M(15M) 0.498ms
[206.932s][info][gc] GC(1491) Pause Young (Allocation Failure) 10M->6M(15M) 0.757ms
[206.938s][info][gc] GC(1492) Pause Young (Allocation Failure) 10M->6M(15M) 0.741ms
[206.944s][info][gc] GC(1493) Pause Young (Allocation Failure) 10M->6M(15M) 0.561ms
[206.950s][info][gc] GC(1494) Pause Young (Allocation Failure) 10M->6M(15M) 0.761ms
[206.956s][info][gc] GC(1495) Pause Young (Allocation Failure) 10M->6M(15M) 0.838ms
[206.961s][info][gc] GC(1496) Pause Young (Allocation Failure) 10M->6M(15M) 0.618ms
[206.967s][info][gc] GC(1497) Pause Young (Allocation Failure) 10M->6M(15M) 0.825ms
[206.975s][info][gc] GC(1498) Pause Young (Allocation Failure) 10M->6M(15M) 0.584ms
[206.982s][info][gc] GC(1499) Pause Young (Allocation Failure) 10M->6M(15M) 0.842ms
[206.991s][info][gc] GC(1500) Pause Young (Allocation Failure) 10M->6M(15M) 0.968ms
[207.002s][info][gc] GC(1501) Pause Young (Allocation Failure) 10M->6M(15M) 0.728ms
[207.009s][info][gc] GC(1502) Pause Young (Allocation Failure) 10M->6M(15M) 0.679ms
[207.015s][info][gc] GC(1503) Pause Young (Allocation Failure) 10M->6M(15M) 0.675ms
[207.021s][info][gc] GC(1504) Pause Young (Allocation Failure) 10M->6M(15M) 0.656ms
[207.026s][info][gc] GC(1505) Pause Young (Allocation Failure) 10M->6M(15M) 0.626ms
[207.032s][info][gc] GC(1506) Pause Young (Allocation Failure) 10M->6M(15M) 0.853ms
[207.037s][info][gc] GC(1507) Pause Young (Allocation Failure) 10M->6M(15M) 0.705ms
[207.042s][info][gc] GC(1508) Pause Young (Allocation Failure) 10M->6M(15M) 0.716ms
[207.048s][info][gc] GC(1509) Pause Young (Allocation Failure) 10M->6M(15M) 1.134ms
[207.054s][info][gc] GC(1510) Pause Young (Allocation Failure) 10M->6M(15M) 0.687ms
[207.060s][info][gc] GC(1511) Pause Young (Allocation Failure) 10M->6M(15M) 0.714ms
[207.065s][info][gc] GC(1512) Pause Young (Allocation Failure) 10M->6M(15M) 0.654ms
[207.070s][info][gc] GC(1513) Pause Young (Allocation Failure) 10M->6M(15M) 0.750ms
[207.077s][info][gc] GC(1514) Pause Young (Allocation Failure) 10M->6M(15M) 0.508ms
[207.082s][info][gc] GC(1515) Pause Young (Allocation Failure) 10M->6M(15M) 0.669ms
[207.087s][info][gc] GC(1516) Pause Young (Allocation Failure) 10M->6M(15M) 0.496ms
[207.092s][info][gc] GC(1517) Pause Young (Allocation Failure) 10M->6M(15M) 0.504ms
[207.098s][info][gc] GC(1518) Pause Young (Allocation Failure) 10M->6M(15M) 0.726ms
[207.103s][info][gc] GC(1519) Pause Young (Allocation Failure) 10M->6M(15M) 0.658ms
[207.109s][info][gc] GC(1520) Pause Young (Allocation Failure) 10M->6M(15M) 0.646ms
[207.115s][info][gc] GC(1521) Pause Young (Allocation Failure) 10M->6M(15M) 0.666ms
[207.120s][info][gc] GC(1522) Pause Young (Allocation Failure) 10M->6M(15M) 0.595ms
[207.125s][info][gc] GC(1523) Pause Young (Allocation Failure) 10M->6M(15M) 0.654ms
[207.131s][info][gc] GC(1524) Pause Young (Allocation Failure) 10M->6M(15M) 0.751ms
[207.136s][info][gc] GC(1525) Pause Young (Allocation Failure) 10M->6M(15M) 0.587ms
[207.141s][info][gc] GC(1526) Pause Young (Allocation Failure) 10M->6M(15M) 0.731ms
[207.147s][info][gc] GC(1527) Pause Young (Allocation Failure) 10M->6M(15M) 0.703ms
[207.153s][info][gc] GC(1528) Pause Young (Allocation Failure) 10M->6M(15M) 0.765ms
[207.157s][info][gc] GC(1529) Pause Young (Allocation Failure) 10M->6M(15M) 0.648ms
[207.163s][info][gc] GC(1530) Pause Young (Allocation Failure) 10M->6M(15M) 0.759ms
[207.167s][info][gc] GC(1531) Pause Young (Allocation Failure) 10M->6M(15M) 0.730ms
[207.173s][info][gc] GC(1532) Pause Young (Allocation Failure) 10M->6M(15M) 0.820ms
[207.178s][info][gc] GC(1533) Pause Young (Allocation Failure) 10M->6M(15M) 0.509ms
[207.183s][info][gc] GC(1534) Pause Young (Allocation Failure) 10M->6M(15M) 0.593ms
[207.188s][info][gc] GC(1535) Pause Young (Allocation Failure) 10M->6M(15M) 0.602ms
[207.193s][info][gc] GC(1536) Pause Young (Allocation Failure) 10M->6M(15M) 0.542ms
[207.198s][info][gc] GC(1537) Pause Young (Allocation Failure) 10M->6M(15M) 0.531ms
[207.203s][info][gc] GC(1538) Pause Young (Allocation Failure) 10M->6M(15M) 0.607ms
[207.209s][info][gc] GC(1539) Pause Young (Allocation Failure) 10M->6M(15M) 0.685ms
[207.214s][info][gc] GC(1540) Pause Young (Allocation Failure) 10M->6M(15M) 0.696ms
[207.220s][info][gc] GC(1541) Pause Young (Allocation Failure) 10M->6M(15M) 0.638ms
[207.225s][info][gc] GC(1542) Pause Young (Allocation Failure) 10M->6M(15M) 0.707ms
[207.230s][info][gc] GC(1543) Pause Young (Allocation Failure) 10M->6M(15M) 0.572ms
[207.235s][info][gc] GC(1544) Pause Young (Allocation Failure) 10M->6M(15M) 0.538ms
[207.240s][info][gc] GC(1545) Pause Young (Allocation Failure) 10M->6M(15M) 0.665ms
[207.245s][info][gc] GC(1546) Pause Young (Allocation Failure) 10M->6M(15M) 0.715ms
[207.250s][info][gc] GC(1547) Pause Young (Allocation Failure) 10M->6M(15M) 0.710ms
[207.255s][info][gc] GC(1548) Pause Young (Allocation Failure) 10M->6M(15M) 0.735ms
[207.262s][info][gc] GC(1549) Pause Young (Allocation Failure) 10M->6M(15M) 0.710ms
[207.268s][info][gc] GC(1550) Pause Young (Allocation Failure) 10M->6M(15M) 0.626ms
[207.273s][info][gc] GC(1551) Pause Young (Allocation Failure) 10M->6M(15M) 0.792ms
[207.282s][info][gc] GC(1552) Pause Young (Allocation Failure) 10M->6M(15M) 0.778ms
[207.287s][info][gc] GC(1553) Pause Young (Allocation Failure) 10M->6M(15M) 0.505ms
[207.292s][info][gc] GC(1554) Pause Young (Allocation Failure) 10M->6M(15M) 0.568ms
[207.297s][info][gc] GC(1555) Pause Young (Allocation Failure) 10M->6M(15M) 0.466ms
[207.302s][info][gc] GC(1556) Pause Young (Allocation Failure) 10M->6M(15M) 0.453ms
[207.308s][info][gc] GC(1557) Pause Young (Allocation Failure) 10M->6M(15M) 0.505ms
[207.314s][info][gc] GC(1558) Pause Young (Allocation Failure) 10M->6M(15M) 0.718ms
[207.319s][info][gc] GC(1559) Pause Young (Allocation Failure) 10M->6M(15M) 0.573ms
[207.325s][info][gc] GC(1560) Pause Young (Allocation Failure) 10M->6M(15M) 0.563ms
[207.330s][info][gc] GC(1561) Pause Young (Allocation Failure) 10M->6M(15M) 0.551ms
[207.335s][info][gc] GC(1562) Pause Young (Allocation Failure) 10M->6M(15M) 0.574ms
[207.342s][info][gc] GC(1563) Pause Young (Allocation Failure) 10M->6M(15M) 0.726ms
[207.347s][info][gc] GC(1564) Pause Young (Allocation Failure) 10M->6M(15M) 0.611ms
[207.352s][info][gc] GC(1565) Pause Young (Allocation Failure) 10M->6M(15M) 0.686ms
[207.358s][info][gc] GC(1566) Pause Young (Allocation Failure) 10M->6M(15M) 0.690ms
[207.363s][info][gc] GC(1567) Pause Young (Allocation Failure) 10M->6M(15M) 0.824ms
[207.368s][info][gc] GC(1568) Pause Young (Allocation Failure) 10M->6M(15M) 0.695ms
[207.374s][info][gc] GC(1569) Pause Young (Allocation Failure) 10M->6M(15M) 0.769ms
[207.380s][info][gc] GC(1570) Pause Young (Allocation Failure) 10M->6M(15M) 0.639ms
[207.385s][info][gc] GC(1571) Pause Young (Allocation Failure) 10M->6M(15M) 0.707ms
[207.390s][info][gc] GC(1572) Pause Young (Allocation Failure) 10M->6M(15M) 0.718ms
[207.396s][info][gc] GC(1573) Pause Young (Allocation Failure) 10M->6M(15M) 0.732ms
[207.402s][info][gc] GC(1574) Pause Young (Allocation Failure) 10M->6M(15M) 0.518ms
[207.407s][info][gc] GC(1575) Pause Young (Allocation Failure) 10M->6M(15M) 0.534ms
[207.412s][info][gc] GC(1576) Pause Young (Allocation Failure) 10M->6M(15M) 0.497ms
[207.417s][info][gc] GC(1577) Pause Young (Allocation Failure) 10M->6M(15M) 0.578ms
[207.423s][info][gc] GC(1578) Pause Young (Allocation Failure) 10M->6M(15M) 0.536ms
[207.428s][info][gc] GC(1579) Pause Young (Allocation Failure) 10M->6M(15M) 0.555ms
[207.434s][info][gc] GC(1580) Pause Young (Allocation Failure) 10M->6M(15M) 0.897ms
[207.440s][info][gc] GC(1581) Pause Young (Allocation Failure) 10M->6M(15M) 0.593ms
[207.446s][info][gc] GC(1582) Pause Young (Allocation Failure) 10M->6M(15M) 0.875ms
[207.452s][info][gc] GC(1583) Pause Young (Allocation Failure) 10M->6M(15M) 0.652ms
[207.457s][info][gc] GC(1584) Pause Young (Allocation Failure) 10M->6M(15M) 0.652ms
[207.462s][info][gc] GC(1585) Pause Young (Allocation Failure) 10M->6M(15M) 0.607ms
[207.467s][info][gc] GC(1586) Pause Young (Allocation Failure) 10M->6M(15M) 0.661ms
[207.472s][info][gc] GC(1587) Pause Young (Allocation Failure) 10M->6M(15M) 0.631ms
[207.478s][info][gc] GC(1588) Pause Young (Allocation Failure) 10M->6M(15M) 0.741ms
[207.483s][info][gc] GC(1589) Pause Young (Allocation Failure) 10M->6M(15M) 0.705ms
[207.489s][info][gc] GC(1590) Pause Young (Allocation Failure) 10M->6M(15M) 0.651ms
[207.494s][info][gc] GC(1591) Pause Young (Allocation Failure) 10M->6M(15M) 0.621ms
[207.500s][info][gc] GC(1592) Pause Young (Allocation Failure) 10M->6M(15M) 0.647ms
[207.505s][info][gc] GC(1593) Pause Young (Allocation Failure) 10M->6M(15M) 0.621ms
[207.510s][info][gc] GC(1594) Pause Young (Allocation Failure) 10M->6M(15M) 0.760ms
[207.517s][info][gc] GC(1595) Pause Young (Allocation Failure) 10M->6M(15M) 0.832ms
[207.526s][info][gc] GC(1596) Pause Young (Allocation Failure) 10M->6M(15M) 0.607ms
[207.533s][info][gc] GC(1597) Pause Young (Allocation Failure) 10M->6M(15M) 1.633ms
[207.541s][info][gc] GC(1598) Pause Young (Allocation Failure) 10M->6M(15M) 0.926ms
[207.552s][info][gc] GC(1599) Pause Young (Allocation Failure) 10M->6M(15M) 0.912ms
[207.560s][info][gc] GC(1600) Pause Young (Allocation Failure) 10M->6M(15M) 0.575ms
[207.568s][info][gc] GC(1601) Pause Young (Allocation Failure) 10M->6M(15M) 0.625ms
[207.576s][info][gc] GC(1602) Pause Young (Allocation Failure) 10M->6M(15M) 0.644ms
[207.582s][info][gc] GC(1603) Pause Young (Allocation Failure) 10M->6M(15M) 0.695ms
[207.588s][info][gc] GC(1604) Pause Young (Allocation Failure) 10M->6M(15M) 0.667ms
[207.596s][info][gc] GC(1605) Pause Young (Allocation Failure) 10M->6M(15M) 0.901ms
[207.602s][info][gc] GC(1606) Pause Young (Allocation Failure) 10M->6M(15M) 0.702ms
[207.608s][info][gc] GC(1607) Pause Young (Allocation Failure) 10M->6M(15M) 0.736ms
[207.614s][info][gc] GC(1608) Pause Young (Allocation Failure) 10M->6M(15M) 0.699ms
[207.620s][info][gc] GC(1609) Pause Young (Allocation Failure) 10M->6M(15M) 1.003ms
[207.626s][info][gc] GC(1610) Pause Young (Allocation Failure) 10M->6M(15M) 0.763ms
[207.632s][info][gc] GC(1611) Pause Young (Allocation Failure) 10M->6M(15M) 0.793ms
[207.637s][info][gc] GC(1612) Pause Young (Allocation Failure) 10M->6M(15M) 0.656ms
[207.642s][info][gc] GC(1613) Pause Young (Allocation Failure) 10M->6M(15M) 0.655ms
[207.647s][info][gc] GC(1614) Pause Young (Allocation Failure) 10M->6M(15M) 0.685ms
[207.653s][info][gc] GC(1615) Pause Young (Allocation Failure) 10M->6M(15M) 0.727ms
[207.659s][info][gc] GC(1616) Pause Young (Allocation Failure) 10M->6M(15M) 0.793ms
[207.664s][info][gc] GC(1617) Pause Young (Allocation Failure) 10M->6M(15M) 0.517ms
[207.669s][info][gc] GC(1618) Pause Young (Allocation Failure) 10M->6M(15M) 0.508ms
[207.675s][info][gc] GC(1619) Pause Young (Allocation Failure) 10M->6M(15M) 0.748ms
[207.680s][info][gc] GC(1620) Pause Young (Allocation Failure) 10M->6M(15M) 0.578ms
[207.685s][info][gc] GC(1621) Pause Young (Allocation Failure) 10M->6M(15M) 0.575ms
[207.690s][info][gc] GC(1622) Pause Young (Allocation Failure) 10M->6M(15M) 0.574ms
[207.696s][info][gc] GC(1623) Pause Young (Allocation Failure) 10M->6M(15M) 0.775ms
[207.702s][info][gc] GC(1624) Pause Young (Allocation Failure) 10M->6M(15M) 0.679ms
[207.707s][info][gc] GC(1625) Pause Young (Allocation Failure) 10M->6M(15M) 0.605ms
[207.712s][info][gc] GC(1626) Pause Young (Allocation Failure) 10M->6M(15M) 0.624ms
[207.720s][info][gc] GC(1627) Pause Young (Allocation Failure) 10M->6M(15M) 0.837ms
[207.725s][info][gc] GC(1628) Pause Young (Allocation Failure) 10M->6M(15M) 0.763ms
[207.730s][info][gc] GC(1629) Pause Young (Allocation Failure) 10M->6M(15M) 0.691ms
[207.736s][info][gc] GC(1630) Pause Young (Allocation Failure) 10M->6M(15M) 0.915ms
[207.742s][info][gc] GC(1631) Pause Young (Allocation Failure) 10M->6M(15M) 0.769ms
[207.747s][info][gc] GC(1632) Pause Young (Allocation Failure) 10M->6M(15M) 0.742ms
[207.752s][info][gc] GC(1633) Pause Young (Allocation Failure) 10M->6M(15M) 0.802ms
[207.758s][info][gc] GC(1634) Pause Young (Allocation Failure) 10M->6M(15M) 0.756ms
[207.765s][info][gc] GC(1635) Pause Young (Allocation Failure) 10M->6M(15M) 0.920ms
[207.771s][info][gc] GC(1636) Pause Young (Allocation Failure) 10M->6M(15M) 0.719ms
[207.777s][info][gc] GC(1637) Pause Young (Allocation Failure) 10M->6M(15M) 0.777ms
[207.782s][info][gc] GC(1638) Pause Young (Allocation Failure) 10M->6M(15M) 0.521ms
[207.789s][info][gc] GC(1639) Pause Young (Allocation Failure) 10M->6M(15M) 0.540ms
[207.794s][info][gc] GC(1640) Pause Young (Allocation Failure) 10M->6M(15M) 0.556ms
[207.800s][info][gc] GC(1641) Pause Young (Allocation Failure) 10M->6M(15M) 0.663ms
[207.805s][info][gc] GC(1642) Pause Young (Allocation Failure) 10M->6M(15M) 0.589ms
[207.811s][info][gc] GC(1643) Pause Young (Allocation Failure) 10M->6M(15M) 0.582ms
[207.817s][info][gc] GC(1644) Pause Young (Allocation Failure) 10M->6M(15M) 0.593ms
[207.824s][info][gc] GC(1645) Pause Young (Allocation Failure) 10M->6M(15M) 0.611ms
[207.829s][info][gc] GC(1646) Pause Young (Allocation Failure) 10M->6M(15M) 0.911ms
[207.835s][info][gc] GC(1647) Pause Young (Allocation Failure) 10M->6M(15M) 0.669ms
[207.842s][info][gc] GC(1648) Pause Young (Allocation Failure) 10M->6M(15M) 0.828ms
[207.847s][info][gc] GC(1649) Pause Young (Allocation Failure) 10M->6M(15M) 0.679ms
[207.853s][info][gc] GC(1650) Pause Young (Allocation Failure) 10M->6M(15M) 0.711ms
[207.858s][info][gc] GC(1651) Pause Young (Allocation Failure) 10M->6M(15M) 0.668ms
[207.863s][info][gc] GC(1652) Pause Young (Allocation Failure) 10M->6M(15M) 0.664ms
[207.869s][info][gc] GC(1653) Pause Young (Allocation Failure) 10M->6M(15M) 0.694ms
[207.876s][info][gc] GC(1654) Pause Young (Allocation Failure) 10M->6M(15M) 0.705ms
[207.881s][info][gc] GC(1655) Pause Young (Allocation Failure) 10M->6M(15M) 0.700ms
[207.887s][info][gc] GC(1656) Pause Young (Allocation Failure) 10M->6M(15M) 0.697ms
[207.892s][info][gc] GC(1657) Pause Young (Allocation Failure) 10M->6M(15M) 0.508ms
[207.898s][info][gc] GC(1658) Pause Young (Allocation Failure) 10M->6M(15M) 0.514ms
[207.903s][info][gc] GC(1659) Pause Young (Allocation Failure) 10M->6M(15M) 0.536ms
[207.908s][info][gc] GC(1660) Pause Young (Allocation Failure) 10M->6M(15M) 0.498ms
[207.915s][info][gc] GC(1661) Pause Young (Allocation Failure) 10M->6M(15M) 0.874ms
[207.923s][info][gc] GC(1662) Pause Young (Allocation Failure) 10M->6M(15M) 0.593ms
[207.929s][info][gc] GC(1663) Pause Young (Allocation Failure) 10M->6M(15M) 0.595ms
[207.934s][info][gc] GC(1664) Pause Young (Allocation Failure) 10M->6M(15M) 0.604ms
[207.940s][info][gc] GC(1665) Pause Young (Allocation Failure) 10M->6M(15M) 0.895ms
[207.947s][info][gc] GC(1666) Pause Young (Allocation Failure) 10M->6M(15M) 0.650ms
[207.953s][info][gc] GC(1667) Pause Young (Allocation Failure) 10M->6M(15M) 0.692ms
[207.959s][info][gc] GC(1668) Pause Young (Allocation Failure) 10M->6M(15M) 1.027ms
[207.964s][info][gc] GC(1669) Pause Young (Allocation Failure) 10M->6M(15M) 0.700ms
[207.972s][info][gc] GC(1670) Pause Young (Allocation Failure) 10M->6M(15M) 1.029ms
[207.980s][info][gc] GC(1671) Pause Young (Allocation Failure) 10M->6M(15M) 0.731ms
[207.988s][info][gc] GC(1672) Pause Young (Allocation Failure) 10M->6M(15M) 1.116ms
[207.997s][info][gc] GC(1673) Pause Young (Allocation Failure) 10M->6M(15M) 1.078ms
[208.005s][info][gc] GC(1674) Pause Young (Allocation Failure) 10M->6M(15M) 1.371ms
[208.012s][info][gc] GC(1675) Pause Young (Allocation Failure) 10M->6M(15M) 0.735ms
[208.018s][info][gc] GC(1676) Pause Young (Allocation Failure) 10M->6M(15M) 0.848ms
[208.025s][info][gc] GC(1677) Pause Young (Allocation Failure) 10M->6M(15M) 0.729ms
[208.031s][info][gc] GC(1678) Pause Young (Allocation Failure) 10M->6M(15M) 0.718ms
[208.037s][info][gc] GC(1679) Pause Young (Allocation Failure) 10M->6M(15M) 0.754ms
[208.045s][info][gc] GC(1680) Pause Young (Allocation Failure) 10M->6M(15M) 0.547ms
[208.051s][info][gc] GC(1681) Pause Young (Allocation Failure) 10M->6M(15M) 0.839ms
[208.060s][info][gc] GC(1682) Pause Young (Allocation Failure) 10M->6M(15M) 0.822ms
[208.066s][info][gc] GC(1683) Pause Young (Allocation Failure) 10M->6M(15M) 0.814ms
[208.072s][info][gc] GC(1684) Pause Young (Allocation Failure) 10M->6M(15M) 1.190ms
[208.078s][info][gc] GC(1685) Pause Young (Allocation Failure) 10M->6M(15M) 0.896ms
[208.083s][info][gc] GC(1686) Pause Young (Allocation Failure) 10M->6M(15M) 0.874ms
[208.091s][info][gc] GC(1687) Pause Young (Allocation Failure) 10M->6M(15M) 0.603ms
[208.096s][info][gc] GC(1688) Pause Young (Allocation Failure) 10M->6M(15M) 0.898ms
[208.103s][info][gc] GC(1689) Pause Young (Allocation Failure) 10M->6M(15M) 0.743ms
[208.111s][info][gc] GC(1690) Pause Young (Allocation Failure) 10M->6M(15M) 0.752ms
[208.117s][info][gc] GC(1691) Pause Young (Allocation Failure) 10M->6M(15M) 0.987ms
[208.125s][info][gc] GC(1692) Pause Young (Allocation Failure) 10M->6M(15M) 0.955ms
[208.130s][info][gc] GC(1693) Pause Young (Allocation Failure) 10M->6M(15M) 0.721ms
[208.137s][info][gc] GC(1694) Pause Young (Allocation Failure) 10M->6M(15M) 1.038ms
[208.145s][info][gc] GC(1695) Pause Young (Allocation Failure) 10M->6M(15M) 0.793ms
[208.152s][info][gc] GC(1696) Pause Young (Allocation Failure) 10M->6M(15M) 0.790ms
[208.160s][info][gc] GC(1697) Pause Young (Allocation Failure) 10M->6M(15M) 0.755ms
[208.167s][info][gc] GC(1698) Pause Young (Allocation Failure) 10M->6M(15M) 0.892ms
[208.173s][info][gc] GC(1699) Pause Young (Allocation Failure) 10M->6M(15M) 0.669ms
[208.179s][info][gc] GC(1700) Pause Young (Allocation Failure) 10M->6M(15M) 0.789ms
[208.186s][info][gc] GC(1701) Pause Young (Allocation Failure) 10M->6M(15M) 0.540ms
[208.194s][info][gc] GC(1702) Pause Young (Allocation Failure) 10M->6M(15M) 0.573ms
[208.202s][info][gc] GC(1703) Pause Young (Allocation Failure) 10M->6M(15M) 0.691ms
[208.207s][info][gc] GC(1704) Pause Young (Allocation Failure) 10M->6M(15M) 0.801ms
[208.212s][info][gc] GC(1705) Pause Young (Allocation Failure) 10M->6M(15M) 0.701ms
[208.217s][info][gc] GC(1706) Pause Young (Allocation Failure) 10M->6M(15M) 0.612ms
[208.222s][info][gc] GC(1707) Pause Young (Allocation Failure) 10M->6M(15M) 0.612ms
[208.228s][info][gc] GC(1708) Pause Young (Allocation Failure) 10M->6M(15M) 0.822ms
[208.233s][info][gc] GC(1709) Pause Young (Allocation Failure) 10M->6M(15M) 0.645ms
[208.238s][info][gc] GC(1710) Pause Young (Allocation Failure) 10M->6M(15M) 0.611ms
[208.243s][info][gc] GC(1711) Pause Young (Allocation Failure) 10M->6M(15M) 0.709ms
[208.249s][info][gc] GC(1712) Pause Young (Allocation Failure) 10M->6M(15M) 0.756ms
[208.254s][info][gc] GC(1713) Pause Young (Allocation Failure) 10M->6M(15M) 0.773ms
[208.259s][info][gc] GC(1714) Pause Young (Allocation Failure) 10M->6M(15M) 0.648ms
[208.264s][info][gc] GC(1715) Pause Young (Allocation Failure) 10M->6M(15M) 0.665ms
[208.270s][info][gc] GC(1716) Pause Young (Allocation Failure) 10M->6M(15M) 0.709ms
[208.275s][info][gc] GC(1717) Pause Young (Allocation Failure) 10M->6M(15M) 0.590ms
[208.281s][info][gc] GC(1718) Pause Young (Allocation Failure) 10M->6M(15M) 0.659ms
[208.286s][info][gc] GC(1719) Pause Young (Allocation Failure) 10M->6M(15M) 0.458ms
[208.291s][info][gc] GC(1720) Pause Young (Allocation Failure) 10M->6M(15M) 0.429ms
[208.296s][info][gc] GC(1721) Pause Young (Allocation Failure) 10M->6M(15M) 0.573ms
[208.302s][info][gc] GC(1722) Pause Young (Allocation Failure) 10M->6M(15M) 0.612ms
[208.307s][info][gc] GC(1723) Pause Young (Allocation Failure) 10M->6M(15M) 0.567ms
[208.313s][info][gc] GC(1724) Pause Young (Allocation Failure) 10M->6M(15M) 0.649ms
[208.318s][info][gc] GC(1725) Pause Young (Allocation Failure) 10M->6M(15M) 0.684ms
[208.324s][info][gc] GC(1726) Pause Young (Allocation Failure) 10M->6M(15M) 0.774ms
[208.329s][info][gc] GC(1727) Pause Young (Allocation Failure) 10M->6M(15M) 0.616ms
[208.334s][info][gc] GC(1728) Pause Young (Allocation Failure) 10M->6M(15M) 0.605ms
[208.340s][info][gc] GC(1729) Pause Young (Allocation Failure) 10M->6M(15M) 0.721ms
[208.345s][info][gc] GC(1730) Pause Young (Allocation Failure) 10M->6M(15M) 0.629ms
[208.349s][info][gc] GC(1731) Pause Young (Allocation Failure) 10M->6M(15M) 0.629ms
[208.355s][info][gc] GC(1732) Pause Young (Allocation Failure) 10M->6M(15M) 1.037ms
[208.360s][info][gc] GC(1733) Pause Young (Allocation Failure) 10M->6M(15M) 0.619ms
[208.365s][info][gc] GC(1734) Pause Young (Allocation Failure) 10M->6M(15M) 0.636ms
[208.371s][info][gc] GC(1735) Pause Young (Allocation Failure) 10M->6M(15M) 0.825ms
[208.376s][info][gc] GC(1736) Pause Young (Allocation Failure) 10M->6M(15M) 0.692ms
[208.381s][info][gc] GC(1737) Pause Young (Allocation Failure) 10M->6M(15M) 0.433ms
[208.386s][info][gc] GC(1738) Pause Young (Allocation Failure) 10M->6M(15M) 0.489ms
[208.391s][info][gc] GC(1739) Pause Young (Allocation Failure) 10M->6M(15M) 0.479ms
[208.395s][info][gc] GC(1740) Pause Young (Allocation Failure) 10M->6M(15M) 0.469ms
[208.400s][info][gc] GC(1741) Pause Young (Allocation Failure) 10M->6M(15M) 0.544ms
[208.406s][info][gc] GC(1742) Pause Young (Allocation Failure) 10M->6M(15M) 0.531ms
[208.411s][info][gc] GC(1743) Pause Young (Allocation Failure) 10M->6M(15M) 0.575ms
[208.416s][info][gc] GC(1744) Pause Young (Allocation Failure) 10M->6M(15M) 0.586ms
[208.422s][info][gc] GC(1745) Pause Young (Allocation Failure) 10M->6M(15M) 0.580ms
[208.427s][info][gc] GC(1746) Pause Young (Allocation Failure) 10M->6M(15M) 0.667ms
[208.432s][info][gc] GC(1747) Pause Young (Allocation Failure) 10M->6M(15M) 0.694ms
[208.438s][info][gc] GC(1748) Pause Young (Allocation Failure) 10M->6M(15M) 0.572ms
[208.444s][info][gc] GC(1749) Pause Young (Allocation Failure) 10M->6M(15M) 0.932ms
[208.452s][info][gc] GC(1750) Pause Young (Allocation Failure) 10M->6M(15M) 1.004ms
[208.458s][info][gc] GC(1751) Pause Young (Allocation Failure) 10M->6M(15M) 0.620ms
[208.463s][info][gc] GC(1752) Pause Young (Allocation Failure) 10M->6M(15M) 0.963ms
[208.469s][info][gc] GC(1753) Pause Young (Allocation Failure) 10M->6M(15M) 0.721ms
[208.474s][info][gc] GC(1754) Pause Young (Allocation Failure) 10M->6M(15M) 0.644ms
[208.479s][info][gc] GC(1755) Pause Young (Allocation Failure) 10M->6M(15M) 0.660ms
[208.484s][info][gc] GC(1756) Pause Young (Allocation Failure) 10M->6M(15M) 0.670ms
[208.489s][info][gc] GC(1757) Pause Young (Allocation Failure) 10M->6M(15M) 0.686ms
[208.494s][info][gc] GC(1758) Pause Young (Allocation Failure) 10M->6M(15M) 0.482ms
[208.499s][info][gc] GC(1759) Pause Young (Allocation Failure) 10M->6M(15M) 0.522ms
[208.505s][info][gc] GC(1760) Pause Young (Allocation Failure) 10M->6M(15M) 0.539ms
[208.510s][info][gc] GC(1761) Pause Young (Allocation Failure) 10M->6M(15M) 0.486ms
[208.515s][info][gc] GC(1762) Pause Young (Allocation Failure) 10M->6M(15M) 0.562ms
[208.520s][info][gc] GC(1763) Pause Young (Allocation Failure) 10M->6M(15M) 0.809ms
[208.525s][info][gc] GC(1764) Pause Young (Allocation Failure) 10M->6M(15M) 0.654ms
[208.531s][info][gc] GC(1765) Pause Young (Allocation Failure) 10M->6M(15M) 0.768ms
[208.536s][info][gc] GC(1766) Pause Young (Allocation Failure) 10M->6M(15M) 0.525ms
[208.542s][info][gc] GC(1767) Pause Young (Allocation Failure) 10M->6M(15M) 0.654ms
[208.547s][info][gc] GC(1768) Pause Young (Allocation Failure) 10M->6M(15M) 0.638ms
[208.556s][info][gc] GC(1769) Pause Young (Allocation Failure) 10M->6M(15M) 0.908ms
[208.564s][info][gc] GC(1770) Pause Young (Allocation Failure) 10M->6M(15M) 1.024ms
[208.576s][info][gc] GC(1771) Pause Young (Allocation Failure) 10M->6M(15M) 1.026ms
[208.584s][info][gc] GC(1772) Pause Young (Allocation Failure) 10M->6M(15M) 0.983ms
[208.591s][info][gc] GC(1773) Pause Young (Allocation Failure) 10M->6M(15M) 0.893ms
[208.601s][info][gc] GC(1774) Pause Young (Allocation Failure) 10M->6M(15M) 0.695ms
[208.610s][info][gc] GC(1775) Pause Young (Allocation Failure) 10M->6M(15M) 0.656ms
[208.619s][info][gc] GC(1776) Pause Young (Allocation Failure) 10M->6M(15M) 1.551ms
[208.625s][info][gc] GC(1777) Pause Young (Allocation Failure) 10M->6M(15M) 0.667ms
[208.636s][info][gc] GC(1778) Pause Young (Allocation Failure) 10M->6M(15M) 0.708ms
[208.643s][info][gc] GC(1779) Pause Young (Allocation Failure) 10M->6M(15M) 1.137ms
[208.650s][info][gc] GC(1780) Pause Young (Allocation Failure) 10M->6M(15M) 1.411ms
[208.659s][info][gc] GC(1781) Pause Young (Allocation Failure) 10M->6M(15M) 2.196ms
[208.666s][info][gc] GC(1782) Pause Young (Allocation Failure) 10M->6M(15M) 2.407ms
[208.674s][info][gc] GC(1783) Pause Young (Allocation Failure) 10M->6M(15M) 2.486ms
[208.679s][info][gc] GC(1784) Pause Young (Allocation Failure) 10M->6M(15M) 0.603ms
[208.684s][info][gc] GC(1785) Pause Young (Allocation Failure) 10M->6M(15M) 0.768ms
[208.690s][info][gc] GC(1786) Pause Young (Allocation Failure) 10M->6M(15M) 0.584ms
[208.695s][info][gc] GC(1787) Pause Young (Allocation Failure) 10M->6M(15M) 0.564ms
[208.700s][info][gc] GC(1788) Pause Young (Allocation Failure) 10M->6M(15M) 0.572ms
[208.705s][info][gc] GC(1789) Pause Young (Allocation Failure) 10M->6M(15M) 0.588ms
[208.710s][info][gc] GC(1790) Pause Young (Allocation Failure) 10M->6M(15M) 0.611ms
[208.716s][info][gc] GC(1791) Pause Young (Allocation Failure) 10M->6M(15M) 0.633ms
[208.721s][info][gc] GC(1792) Pause Young (Allocation Failure) 10M->6M(15M) 0.721ms
[208.727s][info][gc] GC(1793) Pause Young (Allocation Failure) 10M->6M(15M) 0.772ms
[208.733s][info][gc] GC(1794) Pause Young (Allocation Failure) 10M->6M(15M) 0.677ms
[208.738s][info][gc] GC(1795) Pause Young (Allocation Failure) 10M->6M(15M) 0.729ms
[208.744s][info][gc] GC(1796) Pause Young (Allocation Failure) 10M->6M(15M) 0.768ms
[208.749s][info][gc] GC(1797) Pause Young (Allocation Failure) 10M->6M(15M) 0.756ms
[208.755s][info][gc] GC(1798) Pause Young (Allocation Failure) 10M->6M(15M) 0.754ms
[208.762s][info][gc] GC(1799) Pause Young (Allocation Failure) 10M->6M(15M) 0.834ms
[208.767s][info][gc] GC(1800) Pause Young (Allocation Failure) 10M->6M(15M) 0.836ms
[208.772s][info][gc] GC(1801) Pause Young (Allocation Failure) 10M->6M(15M) 0.801ms
[208.778s][info][gc] GC(1802) Pause Young (Allocation Failure) 10M->6M(15M) 0.712ms
[208.783s][info][gc] GC(1803) Pause Young (Allocation Failure) 10M->6M(15M) 0.642ms
[208.791s][info][gc] GC(1804) Pause Young (Allocation Failure) 10M->6M(15M) 0.621ms
[208.796s][info][gc] GC(1805) Pause Young (Allocation Failure) 10M->6M(15M) 0.504ms
[208.802s][info][gc] GC(1806) Pause Young (Allocation Failure) 10M->6M(15M) 0.551ms
[208.807s][info][gc] GC(1807) Pause Young (Allocation Failure) 10M->6M(15M) 0.533ms
[208.812s][info][gc] GC(1808) Pause Young (Allocation Failure) 10M->6M(15M) 0.556ms
[208.817s][info][gc] GC(1809) Pause Young (Allocation Failure) 10M->6M(15M) 0.553ms
[208.822s][info][gc] GC(1810) Pause Young (Allocation Failure) 10M->6M(15M) 0.553ms
[208.828s][info][gc] GC(1811) Pause Young (Allocation Failure) 10M->6M(15M) 0.602ms
[208.834s][info][gc] GC(1812) Pause Young (Allocation Failure) 10M->6M(15M) 0.960ms
[208.840s][info][gc] GC(1813) Pause Young (Allocation Failure) 10M->6M(15M) 0.706ms
[208.846s][info][gc] GC(1814) Pause Young (Allocation Failure) 10M->6M(15M) 0.673ms
[208.851s][info][gc] GC(1815) Pause Young (Allocation Failure) 10M->6M(15M) 0.691ms
[208.856s][info][gc] GC(1816) Pause Young (Allocation Failure) 10M->6M(15M) 0.702ms
[208.862s][info][gc] GC(1817) Pause Young (Allocation Failure) 10M->6M(15M) 0.767ms
[208.867s][info][gc] GC(1818) Pause Young (Allocation Failure) 10M->6M(15M) 0.721ms
[208.872s][info][gc] GC(1819) Pause Young (Allocation Failure) 10M->6M(15M) 0.771ms
[208.877s][info][gc] GC(1820) Pause Young (Allocation Failure) 10M->6M(15M) 0.704ms
[208.882s][info][gc] GC(1821) Pause Young (Allocation Failure) 10M->6M(15M) 0.484ms
[208.888s][info][gc] GC(1822) Pause Young (Allocation Failure) 10M->6M(15M) 0.772ms
[208.894s][info][gc] GC(1823) Pause Young (Allocation Failure) 10M->6M(15M) 0.553ms
[208.900s][info][gc] GC(1824) Pause Young (Allocation Failure) 10M->6M(15M) 0.570ms
[208.907s][info][gc] GC(1825) Pause Young (Allocation Failure) 10M->6M(15M) 0.790ms
[208.914s][info][gc] GC(1826) Pause Young (Allocation Failure) 10M->6M(15M) 0.575ms
[208.920s][info][gc] GC(1827) Pause Young (Allocation Failure) 10M->6M(15M) 0.805ms
[208.929s][info][gc] GC(1828) Pause Young (Allocation Failure) 10M->6M(15M) 0.605ms
[208.935s][info][gc] GC(1829) Pause Young (Allocation Failure) 10M->6M(15M) 1.005ms
[208.941s][info][gc] GC(1830) Pause Young (Allocation Failure) 10M->6M(15M) 0.896ms
[208.947s][info][gc] GC(1831) Pause Young (Allocation Failure) 10M->6M(15M) 0.848ms
[208.953s][info][gc] GC(1832) Pause Young (Allocation Failure) 10M->6M(15M) 0.774ms
[208.959s][info][gc] GC(1833) Pause Young (Allocation Failure) 10M->6M(15M) 1.129ms
[208.966s][info][gc] GC(1834) Pause Young (Allocation Failure) 10M->6M(15M) 0.750ms
[208.974s][info][gc] GC(1835) Pause Young (Allocation Failure) 10M->6M(15M) 0.816ms
[208.980s][info][gc] GC(1836) Pause Young (Allocation Failure) 10M->6M(15M) 0.805ms
[208.986s][info][gc] GC(1837) Pause Young (Allocation Failure) 10M->6M(15M) 0.850ms
[208.993s][info][gc] GC(1838) Pause Young (Allocation Failure) 10M->6M(15M) 1.460ms
[208.999s][info][gc] GC(1839) Pause Young (Allocation Failure) 10M->6M(15M) 0.756ms
[209.006s][info][gc] GC(1840) Pause Young (Allocation Failure) 10M->6M(15M) 1.104ms
[209.012s][info][gc] GC(1841) Pause Young (Allocation Failure) 10M->6M(15M) 0.768ms
[209.018s][info][gc] GC(1842) Pause Young (Allocation Failure) 10M->6M(15M) 0.665ms
[209.024s][info][gc] GC(1843) Pause Young (Allocation Failure) 10M->6M(15M) 0.542ms
[209.029s][info][gc] GC(1844) Pause Young (Allocation Failure) 10M->6M(15M) 0.494ms
[209.034s][info][gc] GC(1845) Pause Young (Allocation Failure) 10M->6M(15M) 0.544ms
[209.041s][info][gc] GC(1846) Pause Young (Allocation Failure) 10M->6M(15M) 0.814ms
[209.046s][info][gc] GC(1847) Pause Young (Allocation Failure) 10M->6M(15M) 0.543ms
[209.053s][info][gc] GC(1848) Pause Young (Allocation Failure) 10M->6M(15M) 0.610ms
[209.058s][info][gc] GC(1849) Pause Young (Allocation Failure) 10M->6M(15M) 0.621ms
[209.064s][info][gc] GC(1850) Pause Young (Allocation Failure) 10M->6M(15M) 0.632ms
[209.069s][info][gc] GC(1851) Pause Young (Allocation Failure) 10M->6M(15M) 0.827ms
[209.075s][info][gc] GC(1852) Pause Young (Allocation Failure) 10M->6M(15M) 0.710ms
[209.081s][info][gc] GC(1853) Pause Young (Allocation Failure) 10M->6M(15M) 0.624ms
[209.086s][info][gc] GC(1854) Pause Young (Allocation Failure) 10M->6M(15M) 0.695ms
[209.091s][info][gc] GC(1855) Pause Young (Allocation Failure) 10M->6M(15M) 0.690ms
[209.096s][info][gc] GC(1856) Pause Young (Allocation Failure) 10M->6M(15M) 0.703ms
[209.101s][info][gc] GC(1857) Pause Young (Allocation Failure) 10M->6M(15M) 0.668ms
[209.106s][info][gc] GC(1858) Pause Young (Allocation Failure) 10M->6M(15M) 0.719ms
[209.111s][info][gc] GC(1859) Pause Young (Allocation Failure) 10M->6M(15M) 0.736ms
[209.116s][info][gc] GC(1860) Pause Young (Allocation Failure) 10M->6M(15M) 0.708ms
[209.122s][info][gc] GC(1861) Pause Young (Allocation Failure) 10M->6M(15M) 0.689ms
[209.128s][info][gc] GC(1862) Pause Young (Allocation Failure) 10M->6M(15M) 0.787ms
[209.134s][info][gc] GC(1863) Pause Young (Allocation Failure) 10M->6M(15M) 0.882ms
[209.139s][info][gc] GC(1864) Pause Young (Allocation Failure) 10M->6M(15M) 0.607ms
[209.144s][info][gc] GC(1865) Pause Young (Allocation Failure) 10M->6M(15M) 0.568ms
[209.149s][info][gc] GC(1866) Pause Young (Allocation Failure) 10M->6M(15M) 0.750ms
[209.156s][info][gc] GC(1867) Pause Young (Allocation Failure) 10M->6M(15M) 0.641ms
[209.161s][info][gc] GC(1868) Pause Young (Allocation Failure) 10M->6M(15M) 0.525ms
[209.167s][info][gc] GC(1869) Pause Young (Allocation Failure) 10M->6M(15M) 0.612ms
[209.171s][info][gc] GC(1870) Pause Young (Allocation Failure) 10M->6M(15M) 0.587ms
[209.177s][info][gc] GC(1871) Pause Young (Allocation Failure) 10M->6M(15M) 0.660ms
[209.183s][info][gc] GC(1872) Pause Young (Allocation Failure) 10M->6M(15M) 0.565ms
[209.189s][info][gc] GC(1873) Pause Young (Allocation Failure) 10M->6M(15M) 0.552ms
[209.194s][info][gc] GC(1874) Pause Young (Allocation Failure) 10M->6M(15M) 0.573ms
[209.199s][info][gc] GC(1875) Pause Young (Allocation Failure) 10M->6M(15M) 0.736ms
[209.204s][info][gc] GC(1876) Pause Young (Allocation Failure) 10M->6M(15M) 0.589ms
[209.209s][info][gc] GC(1877) Pause Young (Allocation Failure) 10M->6M(15M) 0.559ms
[209.215s][info][gc] GC(1878) Pause Young (Allocation Failure) 10M->6M(15M) 0.636ms
[209.220s][info][gc] GC(1879) Pause Young (Allocation Failure) 10M->6M(15M) 0.594ms
[209.225s][info][gc] GC(1880) Pause Young (Allocation Failure) 10M->6M(15M) 0.586ms
[209.231s][info][gc] GC(1881) Pause Young (Allocation Failure) 10M->6M(15M) 0.989ms
[209.236s][info][gc] GC(1882) Pause Young (Allocation Failure) 10M->6M(15M) 0.734ms
[209.242s][info][gc] GC(1883) Pause Young (Allocation Failure) 10M->6M(15M) 0.761ms
[209.247s][info][gc] GC(1884) Pause Young (Allocation Failure) 10M->6M(15M) 0.737ms
[209.253s][info][gc] GC(1885) Pause Young (Allocation Failure) 10M->6M(15M) 0.706ms
[209.259s][info][gc] GC(1886) Pause Young (Allocation Failure) 10M->6M(15M) 0.664ms
[209.264s][info][gc] GC(1887) Pause Young (Allocation Failure) 10M->6M(15M) 0.443ms
[209.269s][info][gc] GC(1888) Pause Young (Allocation Failure) 10M->6M(15M) 0.469ms
[209.274s][info][gc] GC(1889) Pause Young (Allocation Failure) 10M->6M(15M) 0.473ms
[209.279s][info][gc] GC(1890) Pause Young (Allocation Failure) 10M->6M(15M) 0.484ms
[209.285s][info][gc] GC(1891) Pause Young (Allocation Failure) 10M->6M(15M) 0.588ms
[209.290s][info][gc] GC(1892) Pause Young (Allocation Failure) 10M->6M(15M) 0.576ms
[209.296s][info][gc] GC(1893) Pause Young (Allocation Failure) 10M->6M(15M) 0.746ms
[209.301s][info][gc] GC(1894) Pause Young (Allocation Failure) 10M->6M(15M) 0.613ms
[209.307s][info][gc] GC(1895) Pause Young (Allocation Failure) 10M->6M(15M) 0.690ms
[209.312s][info][gc] GC(1896) Pause Young (Allocation Failure) 10M->6M(15M) 0.550ms
[209.317s][info][gc] GC(1897) Pause Young (Allocation Failure) 10M->6M(15M) 0.541ms
[209.322s][info][gc] GC(1898) Pause Young (Allocation Failure) 10M->6M(15M) 0.717ms
[209.328s][info][gc] GC(1899) Pause Young (Allocation Failure) 10M->6M(15M) 1.009ms
[209.334s][info][gc] GC(1900) Pause Young (Allocation Failure) 10M->6M(15M) 1.045ms
[209.340s][info][gc] GC(1901) Pause Young (Allocation Failure) 10M->6M(15M) 0.752ms
[209.345s][info][gc] GC(1902) Pause Young (Allocation Failure) 10M->6M(15M) 0.824ms
[209.350s][info][gc] GC(1903) Pause Young (Allocation Failure) 10M->6M(15M) 0.721ms
[209.356s][info][gc] GC(1904) Pause Young (Allocation Failure) 10M->6M(15M) 0.747ms
[209.361s][info][gc] GC(1905) Pause Young (Allocation Failure) 10M->6M(15M) 0.802ms
[209.366s][info][gc] GC(1906) Pause Young (Allocation Failure) 10M->6M(15M) 0.676ms
[209.372s][info][gc] GC(1907) Pause Young (Allocation Failure) 10M->6M(15M) 0.519ms
[209.378s][info][gc] GC(1908) Pause Young (Allocation Failure) 10M->6M(15M) 0.570ms
[209.383s][info][gc] GC(1909) Pause Young (Allocation Failure) 10M->6M(15M) 0.560ms
[209.388s][info][gc] GC(1910) Pause Young (Allocation Failure) 10M->6M(15M) 0.643ms
[209.393s][info][gc] GC(1911) Pause Young (Allocation Failure) 10M->6M(15M) 0.504ms
[209.398s][info][gc] GC(1912) Pause Young (Allocation Failure) 10M->6M(15M) 0.586ms
[209.404s][info][gc] GC(1913) Pause Young (Allocation Failure) 10M->6M(15M) 0.669ms
[209.409s][info][gc] GC(1914) Pause Young (Allocation Failure) 10M->6M(15M) 0.824ms
[209.414s][info][gc] GC(1915) Pause Young (Allocation Failure) 10M->6M(15M) 0.651ms
[209.419s][info][gc] GC(1916) Pause Young (Allocation Failure) 10M->6M(15M) 0.640ms
[209.425s][info][gc] GC(1917) Pause Young (Allocation Failure) 10M->6M(15M) 0.712ms
[209.431s][info][gc] GC(1918) Pause Young (Allocation Failure) 10M->6M(15M) 0.738ms
[209.436s][info][gc] GC(1919) Pause Young (Allocation Failure) 10M->6M(15M) 0.674ms
[209.442s][info][gc] GC(1920) Pause Young (Allocation Failure) 10M->6M(15M) 0.764ms
[209.449s][info][gc] GC(1921) Pause Young (Allocation Failure) 10M->6M(15M) 0.723ms
[209.455s][info][gc] GC(1922) Pause Young (Allocation Failure) 10M->6M(15M) 0.793ms
[209.461s][info][gc] GC(1923) Pause Young (Allocation Failure) 10M->6M(15M) 0.668ms
[209.467s][info][gc] GC(1924) Pause Young (Allocation Failure) 10M->6M(15M) 0.694ms
[209.472s][info][gc] GC(1925) Pause Young (Allocation Failure) 10M->6M(15M) 0.719ms
[209.479s][info][gc] GC(1926) Pause Young (Allocation Failure) 10M->6M(15M) 0.859ms
[209.485s][info][gc] GC(1927) Pause Young (Allocation Failure) 10M->6M(15M) 0.750ms
[209.490s][info][gc] GC(1928) Pause Young (Allocation Failure) 10M->6M(15M) 0.506ms
[209.495s][info][gc] GC(1929) Pause Young (Allocation Failure) 10M->6M(15M) 0.482ms
[209.500s][info][gc] GC(1930) Pause Young (Allocation Failure) 10M->6M(15M) 0.506ms
[209.505s][info][gc] GC(1931) Pause Young (Allocation Failure) 10M->6M(15M) 0.558ms
[209.510s][info][gc] GC(1932) Pause Young (Allocation Failure) 10M->6M(15M) 0.567ms
[209.516s][info][gc] GC(1933) Pause Young (Allocation Failure) 10M->6M(15M) 0.546ms
[209.521s][info][gc] GC(1934) Pause Young (Allocation Failure) 10M->6M(15M) 0.585ms
[209.527s][info][gc] GC(1935) Pause Young (Allocation Failure) 10M->6M(15M) 0.586ms
[209.533s][info][gc] GC(1936) Pause Young (Allocation Failure) 10M->6M(15M) 0.725ms
[209.538s][info][gc] GC(1937) Pause Young (Allocation Failure) 10M->6M(15M) 0.543ms
[209.543s][info][gc] GC(1938) Pause Young (Allocation Failure) 10M->6M(15M) 0.705ms
[209.549s][info][gc] GC(1939) Pause Young (Allocation Failure) 10M->6M(15M) 0.741ms
[209.554s][info][gc] GC(1940) Pause Young (Allocation Failure) 10M->6M(15M) 0.868ms
[209.560s][info][gc] GC(1941) Pause Young (Allocation Failure) 10M->6M(15M) 0.672ms
[209.566s][info][gc] GC(1942) Pause Young (Allocation Failure) 10M->6M(15M) 0.615ms
[209.571s][info][gc] GC(1943) Pause Young (Allocation Failure) 10M->6M(15M) 0.745ms
[209.576s][info][gc] GC(1944) Pause Young (Allocation Failure) 10M->6M(15M) 0.819ms
[209.582s][info][gc] GC(1945) Pause Young (Allocation Failure) 10M->6M(15M) 0.813ms
[209.588s][info][gc] GC(1946) Pause Young (Allocation Failure) 10M->6M(15M) 0.719ms
[209.593s][info][gc] GC(1947) Pause Young (Allocation Failure) 10M->6M(15M) 0.887ms
[209.599s][info][gc] GC(1948) Pause Young (Allocation Failure) 10M->6M(15M) 0.628ms
[209.604s][info][gc] GC(1949) Pause Young (Allocation Failure) 10M->6M(15M) 0.436ms
[209.609s][info][gc] GC(1950) Pause Young (Allocation Failure) 10M->6M(15M) 0.438ms
[209.614s][info][gc] GC(1951) Pause Young (Allocation Failure) 10M->6M(15M) 0.569ms
[209.619s][info][gc] GC(1952) Pause Young (Allocation Failure) 10M->6M(15M) 0.572ms
[209.625s][info][gc] GC(1953) Pause Young (Allocation Failure) 10M->6M(15M) 0.626ms
[209.629s][info][gc] GC(1954) Pause Young (Allocation Failure) 10M->6M(15M) 0.617ms
[209.635s][info][gc] GC(1955) Pause Young (Allocation Failure) 10M->6M(15M) 0.626ms
[209.640s][info][gc] GC(1956) Pause Young (Allocation Failure) 10M->6M(15M) 0.623ms
[209.645s][info][gc] GC(1957) Pause Young (Allocation Failure) 10M->6M(15M) 0.581ms
[209.650s][info][gc] GC(1958) Pause Young (Allocation Failure) 10M->6M(15M) 0.565ms
[209.655s][info][gc] GC(1959) Pause Young (Allocation Failure) 10M->6M(15M) 0.691ms
[209.661s][info][gc] GC(1960) Pause Young (Allocation Failure) 10M->6M(15M) 0.737ms
[209.666s][info][gc] GC(1961) Pause Young (Allocation Failure) 10M->6M(15M) 0.689ms
[209.671s][info][gc] GC(1962) Pause Young (Allocation Failure) 10M->6M(15M) 0.764ms
[209.678s][info][gc] GC(1963) Pause Young (Allocation Failure) 10M->6M(15M) 0.825ms
[209.683s][info][gc] GC(1964) Pause Young (Allocation Failure) 10M->6M(15M) 0.758ms
[209.688s][info][gc] GC(1965) Pause Young (Allocation Failure) 10M->6M(15M) 0.710ms
[209.694s][info][gc] GC(1966) Pause Young (Allocation Failure) 10M->6M(15M) 0.739ms
[209.699s][info][gc] GC(1967) Pause Young (Allocation Failure) 10M->6M(15M) 0.696ms
[209.704s][info][gc] GC(1968) Pause Young (Allocation Failure) 10M->6M(15M) 0.761ms
[209.710s][info][gc] GC(1969) Pause Young (Allocation Failure) 10M->6M(15M) 0.728ms
[209.716s][info][gc] GC(1970) Pause Young (Allocation Failure) 10M->6M(15M) 0.532ms
[209.721s][info][gc] GC(1971) Pause Young (Allocation Failure) 10M->6M(15M) 0.509ms
[209.729s][info][gc] GC(1972) Pause Young (Allocation Failure) 10M->6M(15M) 0.851ms
[209.734s][info][gc] GC(1973) Pause Young (Allocation Failure) 10M->6M(15M) 0.531ms
[209.740s][info][gc] GC(1974) Pause Young (Allocation Failure) 10M->6M(15M) 0.744ms
[209.745s][info][gc] GC(1975) Pause Young (Allocation Failure) 10M->6M(15M) 0.564ms
[209.750s][info][gc] GC(1976) Pause Young (Allocation Failure) 10M->6M(15M) 0.665ms
[209.757s][info][gc] GC(1977) Pause Young (Allocation Failure) 10M->6M(15M) 0.695ms
[209.762s][info][gc] GC(1978) Pause Young (Allocation Failure) 10M->6M(15M) 0.610ms
[209.768s][info][gc] GC(1979) Pause Young (Allocation Failure) 10M->6M(15M) 0.897ms
[209.775s][info][gc] GC(1980) Pause Young (Allocation Failure) 10M->6M(15M) 0.902ms
[209.786s][info][gc] GC(1981) Pause Young (Allocation Failure) 10M->6M(15M) 0.923ms
[209.794s][info][gc] GC(1982) Pause Young (Allocation Failure) 10M->6M(15M) 1.017ms
[209.800s][info][gc] GC(1983) Pause Young (Allocation Failure) 10M->6M(15M) 0.649ms
[209.807s][info][gc] GC(1984) Pause Young (Allocation Failure) 10M->6M(15M) 0.686ms
[209.812s][info][gc] GC(1985) Pause Young (Allocation Failure) 10M->6M(15M) 0.632ms
[209.817s][info][gc] GC(1986) Pause Young (Allocation Failure) 10M->6M(15M) 0.650ms
[209.823s][info][gc] GC(1987) Pause Young (Allocation Failure) 10M->6M(15M) 0.748ms
[209.828s][info][gc] GC(1988) Pause Young (Allocation Failure) 10M->6M(15M) 0.718ms
[209.834s][info][gc] GC(1989) Pause Young (Allocation Failure) 10M->6M(15M) 0.642ms
[209.842s][info][gc] GC(1990) Pause Young (Allocation Failure) 10M->6M(15M) 1.194ms
[209.848s][info][gc] GC(1991) Pause Young (Allocation Failure) 10M->6M(15M) 0.705ms
[209.854s][info][gc] GC(1992) Pause Young (Allocation Failure) 10M->6M(15M) 0.721ms
[209.859s][info][gc] GC(1993) Pause Young (Allocation Failure) 11M->6M(15M) 0.447ms
[209.864s][info][gc] GC(1994) Pause Young (Allocation Failure) 10M->6M(15M) 0.502ms
[209.870s][info][gc] GC(1995) Pause Young (Allocation Failure) 10M->6M(15M) 0.545ms
[209.875s][info][gc] GC(1996) Pause Young (Allocation Failure) 10M->6M(15M) 0.580ms
[209.880s][info][gc] GC(1997) Pause Young (Allocation Failure) 10M->6M(15M) 0.529ms
[209.885s][info][gc] GC(1998) Pause Young (Allocation Failure) 10M->6M(15M) 0.484ms
[209.892s][info][gc] GC(1999) Pause Young (Allocation Failure) 10M->6M(15M) 1.096ms
[209.897s][info][gc] GC(2000) Pause Young (Allocation Failure) 10M->6M(15M) 0.811ms
[209.903s][info][gc] GC(2001) Pause Young (Allocation Failure) 10M->6M(15M) 0.684ms
[209.908s][info][gc] GC(2002) Pause Young (Allocation Failure) 10M->6M(15M) 0.658ms
[209.913s][info][gc] GC(2003) Pause Young (Allocation Failure) 10M->6M(15M) 0.716ms
[209.920s][info][gc] GC(2004) Pause Young (Allocation Failure) 10M->6M(15M) 0.815ms
[209.925s][info][gc] GC(2005) Pause Young (Allocation Failure) 10M->6M(15M) 0.923ms
[209.932s][info][gc] GC(2006) Pause Young (Allocation Failure) 10M->6M(15M) 0.787ms
[209.938s][info][gc] GC(2007) Pause Young (Allocation Failure) 10M->6M(15M) 0.829ms
[209.945s][info][gc] GC(2008) Pause Young (Allocation Failure) 11M->6M(15M) 1.036ms
[209.952s][info][gc] GC(2009) Pause Young (Allocation Failure) 11M->6M(15M) 0.723ms
[209.958s][info][gc] GC(2010) Pause Young (Allocation Failure) 10M->6M(15M) 0.714ms
[209.966s][info][gc] GC(2011) Pause Young (Allocation Failure) 10M->6M(15M) 0.990ms
[209.974s][info][gc] GC(2012) Pause Young (Allocation Failure) 10M->6M(15M) 0.837ms
[209.981s][info][gc] GC(2013) Pause Young (Allocation Failure) 10M->6M(15M) 0.890ms
[209.987s][info][gc] GC(2014) Pause Young (Allocation Failure) 10M->6M(15M) 0.785ms
[209.993s][info][gc] GC(2015) Pause Young (Allocation Failure) 11M->6M(15M) 0.878ms
[210.001s][info][gc] GC(2016) Pause Young (Allocation Failure) 10M->6M(15M) 0.748ms
[210.009s][info][gc] GC(2017) Pause Young (Allocation Failure) 10M->6M(15M) 0.574ms
[210.014s][info][gc] GC(2018) Pause Young (Allocation Failure) 10M->6M(15M) 0.544ms
[210.019s][info][gc] GC(2019) Pause Young (Allocation Failure) 10M->6M(15M) 0.524ms
[210.026s][info][gc] GC(2020) Pause Young (Allocation Failure) 10M->6M(15M) 0.880ms
[210.032s][info][gc] GC(2021) Pause Young (Allocation Failure) 10M->6M(15M) 0.839ms
[210.037s][info][gc] GC(2022) Pause Young (Allocation Failure) 10M->6M(15M) 0.609ms
[210.043s][info][gc] GC(2023) Pause Young (Allocation Failure) 10M->6M(15M) 0.684ms
[210.048s][info][gc] GC(2024) Pause Young (Allocation Failure) 10M->6M(15M) 0.666ms
[210.054s][info][gc] GC(2025) Pause Young (Allocation Failure) 10M->6M(15M) 0.653ms
[210.061s][info][gc] GC(2026) Pause Young (Allocation Failure) 10M->6M(15M) 1.182ms
[210.066s][info][gc] GC(2027) Pause Young (Allocation Failure) 11M->6M(15M) 0.660ms
[210.071s][info][gc] GC(2028) Pause Young (Allocation Failure) 11M->6M(15M) 0.643ms
[210.076s][info][gc] GC(2029) Pause Young (Allocation Failure) 11M->6M(15M) 0.699ms
[210.081s][info][gc] GC(2030) Pause Young (Allocation Failure) 11M->6M(15M) 0.659ms
[210.086s][info][gc] GC(2031) Pause Young (Allocation Failure) 10M->6M(15M) 0.637ms
[210.092s][info][gc] GC(2032) Pause Young (Allocation Failure) 11M->6M(15M) 0.711ms
[210.097s][info][gc] GC(2033) Pause Young (Allocation Failure) 11M->6M(15M) 0.509ms
[210.104s][info][gc] GC(2034) Pause Young (Allocation Failure) 10M->6M(15M) 0.702ms
[210.109s][info][gc] GC(2035) Pause Young (Allocation Failure) 10M->6M(15M) 0.543ms
[210.114s][info][gc] GC(2036) Pause Young (Allocation Failure) 10M->6M(15M) 0.526ms
[210.119s][info][gc] GC(2037) Pause Young (Allocation Failure) 10M->6M(15M) 0.665ms
[210.125s][info][gc] GC(2038) Pause Young (Allocation Failure) 10M->6M(15M) 0.601ms
[210.130s][info][gc] GC(2039) Pause Young (Allocation Failure) 10M->6M(15M) 0.696ms
[210.136s][info][gc] GC(2040) Pause Young (Allocation Failure) 10M->6M(15M) 1.057ms
[210.143s][info][gc] GC(2041) Pause Young (Allocation Failure) 10M->6M(15M) 0.547ms
[210.148s][info][gc] GC(2042) Pause Young (Allocation Failure) 10M->6M(15M) 0.555ms
[210.154s][info][gc] GC(2043) Pause Young (Allocation Failure) 10M->6M(15M) 0.801ms
[210.159s][info][gc] GC(2044) Pause Young (Allocation Failure) 10M->6M(15M) 0.616ms
[210.164s][info][gc] GC(2045) Pause Young (Allocation Failure) 11M->6M(15M) 0.611ms
[210.171s][info][gc] GC(2046) Pause Young (Allocation Failure) 11M->6M(15M) 0.695ms
[210.176s][info][gc] GC(2047) Pause Young (Allocation Failure) 11M->6M(15M) 0.759ms
[210.182s][info][gc] GC(2048) Pause Young (Allocation Failure) 11M->6M(15M) 0.838ms
[210.187s][info][gc] GC(2049) Pause Young (Allocation Failure) 11M->6M(15M) 0.662ms
[210.192s][info][gc] GC(2050) Pause Young (Allocation Failure) 10M->6M(15M) 0.647ms
[210.197s][info][gc] GC(2051) Pause Young (Allocation Failure) 11M->6M(15M) 0.650ms
[210.202s][info][gc] GC(2052) Pause Young (Allocation Failure) 11M->6M(15M) 0.660ms
[210.207s][info][gc] GC(2053) Pause Young (Allocation Failure) 11M->6M(15M) 0.524ms
[210.212s][info][gc] GC(2054) Pause Young (Allocation Failure) 10M->6M(15M) 0.517ms
[210.217s][info][gc] GC(2055) Pause Young (Allocation Failure) 10M->6M(15M) 0.517ms
[210.223s][info][gc] GC(2056) Pause Young (Allocation Failure) 10M->6M(15M) 0.604ms
[210.228s][info][gc] GC(2057) Pause Young (Allocation Failure) 10M->6M(15M) 0.559ms
[210.233s][info][gc] GC(2058) Pause Young (Allocation Failure) 10M->6M(15M) 0.608ms
[210.238s][info][gc] GC(2059) Pause Young (Allocation Failure) 10M->6M(15M) 0.500ms
[210.244s][info][gc] GC(2060) Pause Young (Allocation Failure) 10M->6M(15M) 0.670ms
[210.249s][info][gc] GC(2061) Pause Young (Allocation Failure) 10M->6M(15M) 0.674ms
[210.255s][info][gc] GC(2062) Pause Young (Allocation Failure) 10M->6M(15M) 0.673ms
[210.259s][info][gc] GC(2063) Pause Young (Allocation Failure) 11M->6M(15M) 0.682ms
[210.265s][info][gc] GC(2064) Pause Young (Allocation Failure) 11M->6M(15M) 0.692ms
[210.270s][info][gc] GC(2065) Pause Young (Allocation Failure) 11M->6M(15M) 0.748ms
[210.275s][info][gc] GC(2066) Pause Young (Allocation Failure) 11M->6M(15M) 0.706ms
[210.280s][info][gc] GC(2067) Pause Young (Allocation Failure) 11M->6M(15M) 1.093ms
[210.286s][info][gc] GC(2068) Pause Young (Allocation Failure) 11M->6M(15M) 0.765ms
[210.291s][info][gc] GC(2069) Pause Young (Allocation Failure) 11M->6M(15M) 0.717ms
[210.296s][info][gc] GC(2070) Pause Young (Allocation Failure) 11M->6M(15M) 0.726ms
[210.301s][info][gc] GC(2071) Pause Young (Allocation Failure) 11M->6M(15M) 0.640ms
[210.306s][info][gc] GC(2072) Pause Young (Allocation Failure) 11M->6M(15M) 0.608ms
[238.782s][info][gc] GC(2073) Pause Young (Allocation Failure) 11M->6M(15M) 2.157ms
[248.565s][info][gc] GC(2074) Pause Young (Allocation Failure) 11M->8M(15M) 2.903ms
[248.572s][info][gc] GC(2075) Pause Young (Allocation Failure) 12M->8M(15M) 2.109ms
[248.578s][info][gc] GC(2076) Pause Young (Allocation Failure) 13M->9M(15M) 1.227ms
[248.584s][info][gc] GC(2077) Pause Young (Allocation Failure) 13M->10M(15M) 1.197ms
[248.591s][info][gc] GC(2078) Pause Young (Allocation Failure) 14M->10M(15M) 1.220ms
[248.598s][info][gc] GC(2079) Pause Young (Allocation Failure) 14M->14M(15M) 0.082ms
[248.636s][info][gc] GC(2080) Pause Full (Allocation Failure) 14M->9M(15M) 38.077ms
[248.664s][info][gc] GC(2081) Pause Young (Allocation Failure) 13M->10M(15M) 1.424ms
[248.673s][info][gc] GC(2082) Pause Young (Allocation Failure) 14M->10M(15M) 1.442ms
[248.677s][info][gc] GC(2083) Pause Young (Allocation Failure) 14M->14M(15M) 0.086ms
[248.710s][info][gc] GC(2084) Pause Full (Allocation Failure) 14M->11M(15M) 33.038ms
[248.749s][info][gc] GC(2085) Pause Full (Allocation Failure) 15M->11M(15M) 33.682ms
[248.788s][info][gc] GC(2086) Pause Full (Allocation Failure) 15M->12M(15M) 31.230ms
[248.820s][info][gc] GC(2087) Pause Full (Allocation Failure) 15M->12M(15M) 26.792ms
[248.852s][info][gc] GC(2088) Pause Full (Allocation Failure) 15M->13M(15M) 26.840ms
[248.883s][info][gc] GC(2089) Pause Full (Allocation Failure) 15M->13M(15M) 27.262ms
[248.919s][info][gc] GC(2090) Pause Full (Allocation Failure) 15M->13M(15M) 33.000ms
[248.950s][info][gc] GC(2091) Pause Full (Allocation Failure) 15M->14M(15M) 28.739ms
[248.985s][info][gc] GC(2092) Pause Full (Allocation Failure) 15M->14M(15M) 32.927ms
[249.016s][info][gc] GC(2093) Pause Full (Allocation Failure) 15M->14M(15M) 27.877ms
[249.046s][info][gc] GC(2094) Pause Full (Allocation Failure) 15M->14M(15M) 28.912ms
[249.074s][info][gc] GC(2095) Pause Full (Allocation Failure) 15M->14M(15M) 25.922ms
[249.103s][info][gc] GC(2096) Pause Full (Allocation Failure) 15M->14M(15M) 27.250ms
[249.133s][info][gc] GC(2097) Pause Full (Allocation Failure) 15M->14M(15M) 28.553ms
[249.161s][info][gc] GC(2098) Pause Full (Allocation Failure) 15M->14M(15M) 25.380ms
[249.190s][info][gc] GC(2099) Pause Full (Allocation Failure) 15M->15M(15M) 27.477ms
[249.244s][info][gc] GC(2100) Pause Full (Allocation Failure) 15M->14M(15M) 52.292ms
[249.278s][info][gc] GC(2101) Pause Full (Allocation Failure) 15M->15M(15M) 31.532ms
[249.307s][info][gc] GC(2102) Pause Full (Allocation Failure) 15M->15M(15M) 27.262ms
[249.335s][info][gc] GC(2103) Pause Full (Allocation Failure) 15M->15M(15M) 27.261ms
[249.364s][info][gc] GC(2104) Pause Full (Allocation Failure) 15M->15M(15M) 27.396ms
[249.385s][info][gc] GC(2105) Pause Full (Allocation Failure) 15M->15M(15M) 20.907ms
[249.408s][info][gc] GC(2106) Pause Full (Allocation Failure) 15M->15M(15M) 21.774ms
[249.429s][info][gc] GC(2107) Pause Full (Allocation Failure) 15M->15M(15M) 20.714ms
[249.451s][info][gc] GC(2108) Pause Full (Allocation Failure) 15M->15M(15M) 21.893ms
[249.473s][info][gc] GC(2109) Pause Full (Allocation Failure) 15M->15M(15M) 20.656ms
[249.493s][info][gc] GC(2110) Pause Full (Allocation Failure) 15M->15M(15M) 20.489ms
[249.514s][info][gc] GC(2111) Pause Full (Allocation Failure) 15M->15M(15M) 20.533ms
[249.549s][info][gc] GC(2112) Pause Full (Allocation Failure) 15M->6M(15M) 32.149ms
[277.823s][info][gc] GC(2113) Pause Young (Allocation Failure) 10M->6M(15M) 1.236ms
[313.862s][info][gc] GC(2114) Pause Young (Allocation Failure) 10M->6M(15M) 1.234ms
[350.892s][info][gc] GC(2115) Pause Young (Allocation Failure) 10M->6M(15M) 2.163ms
[389.932s][info][gc] GC(2116) Pause Young (Allocation Failure) 10M->6M(15M) 1.055ms
[428.312s][info][gc] GC(2117) Pause Young (Allocation Failure) 10M->6M(15M) 2.949ms
[466.997s][info][gc] GC(2118) Pause Young (Allocation Failure) 10M->6M(15M) 1.225ms
[506.033s][info][gc] GC(2119) Pause Young (Allocation Failure) 10M->6M(15M) 0.995ms
