[0.036s][info][gc] Using Serial
[4.866s][info][gc] GC(0) Pause Young (Allocation Failure) 4M->1M(15M) 6.108ms
[5.048s][info][gc] GC(1) Pause Young (Allocation Failure) 6M->2M(15M) 4.610ms
[5.190s][info][gc] GC(2) Pause Young (Allocation Failure) 6M->2M(15M) 3.827ms
[7.156s][info][gc] GC(3) Pause Young (Allocation Failure) 7M->3M(15M) 4.170ms
[9.670s][info][gc] GC(4) Pause Young (Allocation Failure) 7M->3M(15M) 8.032ms
[17.385s][info][gc] GC(5) Pause Young (Allocation Failure) 8M->4M(15M) 2.585ms
[17.440s][info][gc] GC(6) Pause Young (Allocation Failure) 8M->4M(15M) 1.039ms
[17.478s][info][gc] GC(7) Pause Young (Allocation Failure) 8M->4M(15M) 0.743ms
[17.507s][info][gc] GC(8) Pause Young (Allocation Failure) 8M->4M(15M) 0.702ms
[17.574s][info][gc] GC(9) Pause Young (Allocation Failure) 8M->4M(15M) 1.026ms
[17.590s][info][gc] GC(10) Pause Young (Allocation Failure) 8M->4M(15M) 0.914ms
[17.604s][info][gc] GC(11) Pause Young (Allocation Failure) 8M->4M(15M) 0.736ms
[17.623s][info][gc] GC(12) Pause Young (Allocation Failure) 8M->4M(15M) 0.766ms
[17.639s][info][gc] GC(13) Pause Young (Allocation Failure) 8M->4M(15M) 1.132ms
[17.652s][info][gc] GC(14) Pause Young (Allocation Failure) 8M->4M(15M) 0.739ms
[17.668s][info][gc] GC(15) Pause Young (Allocation Failure) 8M->4M(15M) 1.806ms
[17.683s][info][gc] GC(16) Pause Young (Allocation Failure) 8M->4M(15M) 0.778ms
[17.696s][info][gc] GC(17) Pause Young (Allocation Failure) 8M->4M(15M) 0.769ms
[17.707s][info][gc] GC(18) Pause Young (Allocation Failure) 8M->4M(15M) 0.772ms
[17.720s][info][gc] GC(19) Pause Young (Allocation Failure) 8M->4M(15M) 0.898ms
[17.729s][info][gc] GC(20) Pause Young (Allocation Failure) 8M->4M(15M) 0.860ms
[17.737s][info][gc] GC(21) Pause Young (Allocation Failure) 8M->4M(15M) 0.665ms
[17.749s][info][gc] GC(22) Pause Young (Allocation Failure) 8M->4M(15M) 0.639ms
[17.763s][info][gc] GC(23) Pause Young (Allocation Failure) 8M->4M(15M) 0.602ms
[17.773s][info][gc] GC(24) Pause Young (Allocation Failure) 8M->4M(15M) 0.618ms
[17.781s][info][gc] GC(25) Pause Young (Allocation Failure) 8M->4M(15M) 0.624ms
[17.794s][info][gc] GC(26) Pause Young (Allocation Failure) 8M->4M(15M) 0.648ms
[17.804s][info][gc] GC(27) Pause Young (Allocation Failure) 8M->4M(15M) 0.471ms
[17.814s][info][gc] GC(28) Pause Young (Allocation Failure) 8M->4M(15M) 0.483ms
[17.821s][info][gc] GC(29) Pause Young (Allocation Failure) 8M->4M(15M) 0.534ms
[17.828s][info][gc] GC(30) Pause Young (Allocation Failure) 8M->4M(15M) 0.510ms
[17.835s][info][gc] GC(31) Pause Young (Allocation Failure) 8M->4M(15M) 0.513ms
[17.841s][info][gc] GC(32) Pause Young (Allocation Failure) 8M->4M(15M) 0.507ms
[17.848s][info][gc] GC(33) Pause Young (Allocation Failure) 8M->4M(15M) 0.516ms
[17.854s][info][gc] GC(34) Pause Young (Allocation Failure) 8M->4M(15M) 0.551ms
[17.862s][info][gc] GC(35) Pause Young (Allocation Failure) 8M->4M(15M) 0.675ms
[17.871s][info][gc] GC(36) Pause Young (Allocation Failure) 8M->4M(15M) 0.818ms
[17.881s][info][gc] GC(37) Pause Young (Allocation Failure) 8M->4M(15M) 0.549ms
[17.887s][info][gc] GC(38) Pause Young (Allocation Failure) 8M->4M(15M) 0.628ms
[17.893s][info][gc] GC(39) Pause Young (Allocation Failure) 8M->4M(15M) 0.598ms
[17.901s][info][gc] GC(40) Pause Young (Allocation Failure) 8M->4M(15M) 0.848ms
[17.908s][info][gc] GC(41) Pause Young (Allocation Failure) 8M->4M(15M) 0.567ms
[17.914s][info][gc] GC(42) Pause Young (Allocation Failure) 8M->4M(15M) 0.544ms
[17.921s][info][gc] GC(43) Pause Young (Allocation Failure) 8M->4M(15M) 0.584ms
[17.927s][info][gc] GC(44) Pause Young (Allocation Failure) 8M->4M(15M) 0.712ms
[17.934s][info][gc] GC(45) Pause Young (Allocation Failure) 8M->4M(15M) 0.757ms
[17.940s][info][gc] GC(46) Pause Young (Allocation Failure) 8M->4M(15M) 1.071ms
[17.953s][info][gc] GC(47) Pause Young (Allocation Failure) 8M->4M(15M) 0.979ms
[17.962s][info][gc] GC(48) Pause Young (Allocation Failure) 8M->4M(15M) 0.605ms
[17.971s][info][gc] GC(49) Pause Young (Allocation Failure) 8M->4M(15M) 0.465ms
[17.980s][info][gc] GC(50) Pause Young (Allocation Failure) 8M->4M(15M) 0.882ms
[17.989s][info][gc] GC(51) Pause Young (Allocation Failure) 8M->4M(15M) 0.466ms
[17.998s][info][gc] GC(52) Pause Young (Allocation Failure) 8M->4M(15M) 0.849ms
[18.008s][info][gc] GC(53) Pause Young (Allocation Failure) 8M->4M(15M) 0.722ms
[18.018s][info][gc] GC(54) Pause Young (Allocation Failure) 8M->4M(15M) 0.476ms
[18.027s][info][gc] GC(55) Pause Young (Allocation Failure) 8M->4M(15M) 0.702ms
[18.035s][info][gc] GC(56) Pause Young (Allocation Failure) 8M->4M(15M) 0.520ms
[18.046s][info][gc] GC(57) Pause Young (Allocation Failure) 8M->4M(15M) 0.846ms
[18.057s][info][gc] GC(58) Pause Young (Allocation Failure) 8M->4M(15M) 0.540ms
[18.069s][info][gc] GC(59) Pause Young (Allocation Failure) 8M->4M(15M) 0.823ms
[18.079s][info][gc] GC(60) Pause Young (Allocation Failure) 8M->4M(15M) 0.601ms
[18.085s][info][gc] GC(61) Pause Young (Allocation Failure) 8M->4M(15M) 0.893ms
[18.091s][info][gc] GC(62) Pause Young (Allocation Failure) 8M->4M(15M) 0.569ms
[18.100s][info][gc] GC(63) Pause Young (Allocation Failure) 8M->4M(15M) 0.682ms
[18.107s][info][gc] GC(64) Pause Young (Allocation Failure) 8M->4M(15M) 0.683ms
[18.113s][info][gc] GC(65) Pause Young (Allocation Failure) 8M->4M(15M) 0.628ms
[18.121s][info][gc] GC(66) Pause Young (Allocation Failure) 8M->4M(15M) 0.528ms
[18.133s][info][gc] GC(67) Pause Young (Allocation Failure) 8M->4M(15M) 0.386ms
[18.142s][info][gc] GC(68) Pause Young (Allocation Failure) 8M->4M(15M) 0.611ms
[18.151s][info][gc] GC(69) Pause Young (Allocation Failure) 8M->4M(15M) 0.642ms
[18.162s][info][gc] GC(70) Pause Young (Allocation Failure) 8M->4M(15M) 0.439ms
[18.171s][info][gc] GC(71) Pause Young (Allocation Failure) 8M->4M(15M) 0.449ms
[18.181s][info][gc] GC(72) Pause Young (Allocation Failure) 8M->4M(15M) 0.729ms
[18.197s][info][gc] GC(73) Pause Young (Allocation Failure) 8M->4M(15M) 0.679ms
[18.205s][info][gc] GC(74) Pause Young (Allocation Failure) 8M->4M(15M) 0.489ms
[18.216s][info][gc] GC(75) Pause Young (Allocation Failure) 8M->4M(15M) 0.503ms
[18.222s][info][gc] GC(76) Pause Young (Allocation Failure) 8M->4M(15M) 0.808ms
[18.231s][info][gc] GC(77) Pause Young (Allocation Failure) 8M->4M(15M) 0.796ms
[18.239s][info][gc] GC(78) Pause Young (Allocation Failure) 8M->4M(15M) 0.560ms
[18.245s][info][gc] GC(79) Pause Young (Allocation Failure) 8M->4M(15M) 0.554ms
[18.256s][info][gc] GC(80) Pause Young (Allocation Failure) 8M->4M(15M) 0.596ms
[18.270s][info][gc] GC(81) Pause Young (Allocation Failure) 8M->4M(15M) 0.936ms
[18.279s][info][gc] GC(82) Pause Young (Allocation Failure) 8M->4M(15M) 0.802ms
[18.290s][info][gc] GC(83) Pause Young (Allocation Failure) 8M->4M(15M) 0.825ms
[18.300s][info][gc] GC(84) Pause Young (Allocation Failure) 8M->4M(15M) 0.973ms
[18.307s][info][gc] GC(85) Pause Young (Allocation Failure) 8M->4M(15M) 0.657ms
[18.316s][info][gc] GC(86) Pause Young (Allocation Failure) 8M->4M(15M) 0.695ms
[18.326s][info][gc] GC(87) Pause Young (Allocation Failure) 8M->4M(15M) 0.769ms
[18.333s][info][gc] GC(88) Pause Young (Allocation Failure) 8M->4M(15M) 0.843ms
[18.339s][info][gc] GC(89) Pause Young (Allocation Failure) 8M->4M(15M) 0.632ms
[18.347s][info][gc] GC(90) Pause Young (Allocation Failure) 8M->4M(15M) 0.418ms
[18.357s][info][gc] GC(91) Pause Young (Allocation Failure) 8M->4M(15M) 0.478ms
[18.363s][info][gc] GC(92) Pause Young (Allocation Failure) 8M->4M(15M) 0.643ms
[18.371s][info][gc] GC(93) Pause Young (Allocation Failure) 8M->4M(15M) 0.582ms
[18.380s][info][gc] GC(94) Pause Young (Allocation Failure) 8M->4M(15M) 0.760ms
[18.389s][info][gc] GC(95) Pause Young (Allocation Failure) 8M->4M(15M) 0.489ms
[18.396s][info][gc] GC(96) Pause Young (Allocation Failure) 8M->4M(15M) 0.475ms
[18.403s][info][gc] GC(97) Pause Young (Allocation Failure) 8M->4M(15M) 0.876ms
[18.410s][info][gc] GC(98) Pause Young (Allocation Failure) 8M->4M(15M) 0.508ms
[18.417s][info][gc] GC(99) Pause Young (Allocation Failure) 8M->4M(15M) 0.789ms
[18.426s][info][gc] GC(100) Pause Young (Allocation Failure) 8M->4M(15M) 0.566ms
[18.436s][info][gc] GC(101) Pause Young (Allocation Failure) 8M->4M(15M) 0.802ms
[18.446s][info][gc] GC(102) Pause Young (Allocation Failure) 8M->4M(15M) 0.633ms
[18.453s][info][gc] GC(103) Pause Young (Allocation Failure) 8M->4M(15M) 0.585ms
[18.459s][info][gc] GC(104) Pause Young (Allocation Failure) 8M->4M(15M) 0.571ms
[18.467s][info][gc] GC(105) Pause Young (Allocation Failure) 8M->4M(15M) 0.843ms
[18.475s][info][gc] GC(106) Pause Young (Allocation Failure) 8M->4M(15M) 0.564ms
[18.484s][info][gc] GC(107) Pause Young (Allocation Failure) 8M->4M(15M) 0.828ms
[18.496s][info][gc] GC(108) Pause Young (Allocation Failure) 8M->4M(15M) 0.974ms
[18.505s][info][gc] GC(109) Pause Young (Allocation Failure) 8M->4M(15M) 0.446ms
[18.515s][info][gc] GC(110) Pause Young (Allocation Failure) 8M->4M(15M) 0.669ms
[18.524s][info][gc] GC(111) Pause Young (Allocation Failure) 8M->4M(15M) 0.564ms
[18.534s][info][gc] GC(112) Pause Young (Allocation Failure) 8M->4M(15M) 0.692ms
[18.540s][info][gc] GC(113) Pause Young (Allocation Failure) 8M->4M(15M) 0.479ms
[18.548s][info][gc] GC(114) Pause Young (Allocation Failure) 8M->4M(15M) 0.760ms
[18.557s][info][gc] GC(115) Pause Young (Allocation Failure) 8M->4M(15M) 0.490ms
[18.564s][info][gc] GC(116) Pause Young (Allocation Failure) 8M->4M(15M) 0.706ms
[18.573s][info][gc] GC(117) Pause Young (Allocation Failure) 8M->4M(15M) 0.574ms
[18.579s][info][gc] GC(118) Pause Young (Allocation Failure) 8M->4M(15M) 0.878ms
[18.587s][info][gc] GC(119) Pause Young (Allocation Failure) 8M->4M(15M) 0.527ms
[18.596s][info][gc] GC(120) Pause Young (Allocation Failure) 8M->4M(15M) 0.617ms
[18.605s][info][gc] GC(121) Pause Young (Allocation Failure) 8M->4M(15M) 0.604ms
[18.614s][info][gc] GC(122) Pause Young (Allocation Failure) 8M->4M(15M) 0.848ms
[18.623s][info][gc] GC(123) Pause Young (Allocation Failure) 8M->4M(15M) 0.890ms
[18.630s][info][gc] GC(124) Pause Young (Allocation Failure) 8M->4M(15M) 0.743ms
[18.637s][info][gc] GC(125) Pause Young (Allocation Failure) 8M->4M(15M) 0.698ms
[18.645s][info][gc] GC(126) Pause Young (Allocation Failure) 8M->4M(15M) 0.770ms
[18.654s][info][gc] GC(127) Pause Young (Allocation Failure) 8M->4M(15M) 0.830ms
[18.663s][info][gc] GC(128) Pause Young (Allocation Failure) 8M->4M(15M) 0.930ms
[18.673s][info][gc] GC(129) Pause Young (Allocation Failure) 8M->4M(15M) 1.631ms
[18.686s][info][gc] GC(130) Pause Young (Allocation Failure) 8M->4M(15M) 1.082ms
[18.695s][info][gc] GC(131) Pause Young (Allocation Failure) 8M->4M(15M) 0.767ms
[18.704s][info][gc] GC(132) Pause Young (Allocation Failure) 8M->4M(15M) 0.937ms
[18.710s][info][gc] GC(133) Pause Young (Allocation Failure) 8M->4M(15M) 0.448ms
[18.717s][info][gc] GC(134) Pause Young (Allocation Failure) 8M->4M(15M) 0.449ms
[18.723s][info][gc] GC(135) Pause Young (Allocation Failure) 8M->4M(15M) 0.721ms
[18.734s][info][gc] GC(136) Pause Young (Allocation Failure) 8M->4M(15M) 0.455ms
[18.740s][info][gc] GC(137) Pause Young (Allocation Failure) 8M->4M(15M) 0.727ms
[18.748s][info][gc] GC(138) Pause Young (Allocation Failure) 8M->4M(15M) 0.448ms
[18.756s][info][gc] GC(139) Pause Young (Allocation Failure) 8M->4M(15M) 0.456ms
[18.761s][info][gc] GC(140) Pause Young (Allocation Failure) 8M->4M(15M) 0.472ms
[18.767s][info][gc] GC(141) Pause Young (Allocation Failure) 8M->4M(15M) 0.485ms
[18.772s][info][gc] GC(142) Pause Young (Allocation Failure) 8M->4M(15M) 0.551ms
[18.780s][info][gc] GC(143) Pause Young (Allocation Failure) 8M->4M(15M) 0.542ms
[18.789s][info][gc] GC(144) Pause Young (Allocation Failure) 8M->4M(15M) 0.594ms
[18.797s][info][gc] GC(145) Pause Young (Allocation Failure) 8M->4M(15M) 0.617ms
[18.810s][info][gc] GC(146) Pause Young (Allocation Failure) 8M->4M(15M) 0.825ms
[18.818s][info][gc] GC(147) Pause Young (Allocation Failure) 8M->4M(15M) 0.601ms
[18.826s][info][gc] GC(148) Pause Young (Allocation Failure) 8M->4M(15M) 0.557ms
[18.834s][info][gc] GC(149) Pause Young (Allocation Failure) 8M->4M(15M) 0.973ms
[18.843s][info][gc] GC(150) Pause Young (Allocation Failure) 8M->4M(15M) 0.647ms
[18.851s][info][gc] GC(151) Pause Young (Allocation Failure) 8M->4M(15M) 0.639ms
[18.861s][info][gc] GC(152) Pause Young (Allocation Failure) 8M->4M(15M) 1.036ms
[18.877s][info][gc] GC(153) Pause Young (Allocation Failure) 8M->4M(15M) 0.975ms
[18.891s][info][gc] GC(154) Pause Young (Allocation Failure) 8M->4M(15M) 0.856ms
[18.900s][info][gc] GC(155) Pause Young (Allocation Failure) 8M->4M(15M) 0.445ms
[18.906s][info][gc] GC(156) Pause Young (Allocation Failure) 8M->4M(15M) 0.456ms
[18.916s][info][gc] GC(157) Pause Young (Allocation Failure) 8M->4M(15M) 0.669ms
[18.924s][info][gc] GC(158) Pause Young (Allocation Failure) 8M->4M(15M) 0.579ms
[18.933s][info][gc] GC(159) Pause Young (Allocation Failure) 8M->4M(15M) 0.465ms
[18.944s][info][gc] GC(160) Pause Young (Allocation Failure) 8M->4M(15M) 0.764ms
[18.960s][info][gc] GC(161) Pause Young (Allocation Failure) 8M->4M(15M) 0.481ms
[18.968s][info][gc] GC(162) Pause Young (Allocation Failure) 8M->4M(15M) 0.863ms
[18.974s][info][gc] GC(163) Pause Young (Allocation Failure) 8M->4M(15M) 0.519ms
[18.982s][info][gc] GC(164) Pause Young (Allocation Failure) 8M->4M(15M) 0.800ms
[18.988s][info][gc] GC(165) Pause Young (Allocation Failure) 8M->4M(15M) 0.745ms
[18.996s][info][gc] GC(166) Pause Young (Allocation Failure) 8M->4M(15M) 0.715ms
[19.003s][info][gc] GC(167) Pause Young (Allocation Failure) 8M->4M(15M) 0.581ms
[19.009s][info][gc] GC(168) Pause Young (Allocation Failure) 8M->4M(15M) 0.763ms
[19.015s][info][gc] GC(169) Pause Young (Allocation Failure) 8M->4M(15M) 0.608ms
[19.022s][info][gc] GC(170) Pause Young (Allocation Failure) 8M->4M(15M) 0.650ms
[19.027s][info][gc] GC(171) Pause Young (Allocation Failure) 8M->4M(15M) 0.757ms
[19.033s][info][gc] GC(172) Pause Young (Allocation Failure) 8M->4M(15M) 0.555ms
[19.039s][info][gc] GC(173) Pause Young (Allocation Failure) 8M->4M(15M) 0.640ms
[19.044s][info][gc] GC(174) Pause Young (Allocation Failure) 8M->4M(15M) 0.563ms
[19.050s][info][gc] GC(175) Pause Young (Allocation Failure) 8M->4M(15M) 0.551ms
[19.056s][info][gc] GC(176) Pause Young (Allocation Failure) 8M->4M(15M) 0.552ms
[19.064s][info][gc] GC(177) Pause Young (Allocation Failure) 8M->4M(15M) 0.400ms
[19.069s][info][gc] GC(178) Pause Young (Allocation Failure) 8M->4M(15M) 0.476ms
[19.076s][info][gc] GC(179) Pause Young (Allocation Failure) 8M->4M(15M) 0.587ms
[19.082s][info][gc] GC(180) Pause Young (Allocation Failure) 8M->4M(15M) 0.454ms
[19.091s][info][gc] GC(181) Pause Young (Allocation Failure) 8M->4M(15M) 0.448ms
[19.096s][info][gc] GC(182) Pause Young (Allocation Failure) 8M->4M(15M) 0.443ms
[19.102s][info][gc] GC(183) Pause Young (Allocation Failure) 8M->4M(15M) 0.634ms
[19.112s][info][gc] GC(184) Pause Young (Allocation Failure) 8M->4M(15M) 0.725ms
[19.121s][info][gc] GC(185) Pause Young (Allocation Failure) 8M->4M(15M) 0.580ms
[19.127s][info][gc] GC(186) Pause Young (Allocation Failure) 8M->4M(15M) 0.875ms
[19.136s][info][gc] GC(187) Pause Young (Allocation Failure) 8M->4M(15M) 0.856ms
[19.145s][info][gc] GC(188) Pause Young (Allocation Failure) 8M->4M(15M) 0.594ms
[19.158s][info][gc] GC(189) Pause Young (Allocation Failure) 8M->4M(15M) 0.794ms
[19.166s][info][gc] GC(190) Pause Young (Allocation Failure) 8M->4M(15M) 0.879ms
[19.175s][info][gc] GC(191) Pause Young (Allocation Failure) 8M->4M(15M) 0.940ms
[19.181s][info][gc] GC(192) Pause Young (Allocation Failure) 8M->4M(15M) 1.024ms
[19.191s][info][gc] GC(193) Pause Young (Allocation Failure) 8M->4M(15M) 0.893ms
[19.198s][info][gc] GC(194) Pause Young (Allocation Failure) 8M->4M(15M) 1.006ms
[19.207s][info][gc] GC(195) Pause Young (Allocation Failure) 8M->4M(15M) 0.652ms
[19.215s][info][gc] GC(196) Pause Young (Allocation Failure) 8M->4M(15M) 0.953ms
[19.224s][info][gc] GC(197) Pause Young (Allocation Failure) 8M->4M(15M) 0.849ms
[19.230s][info][gc] GC(198) Pause Young (Allocation Failure) 8M->4M(15M) 0.583ms
[19.235s][info][gc] GC(199) Pause Young (Allocation Failure) 8M->4M(15M) 0.429ms
[19.240s][info][gc] GC(200) Pause Young (Allocation Failure) 8M->4M(15M) 0.441ms
[19.247s][info][gc] GC(201) Pause Young (Allocation Failure) 8M->4M(15M) 0.737ms
[19.253s][info][gc] GC(202) Pause Young (Allocation Failure) 8M->4M(15M) 0.445ms
[19.258s][info][gc] GC(203) Pause Young (Allocation Failure) 8M->4M(15M) 0.438ms
[19.264s][info][gc] GC(204) Pause Young (Allocation Failure) 8M->4M(15M) 0.483ms
[19.269s][info][gc] GC(205) Pause Young (Allocation Failure) 8M->4M(15M) 0.459ms
[19.275s][info][gc] GC(206) Pause Young (Allocation Failure) 8M->4M(15M) 0.733ms
[19.280s][info][gc] GC(207) Pause Young (Allocation Failure) 8M->4M(15M) 0.553ms
[19.285s][info][gc] GC(208) Pause Young (Allocation Failure) 8M->4M(15M) 0.599ms
[19.292s][info][gc] GC(209) Pause Young (Allocation Failure) 8M->4M(15M) 0.549ms
[19.298s][info][gc] GC(210) Pause Young (Allocation Failure) 8M->4M(15M) 0.568ms
[19.306s][info][gc] GC(211) Pause Young (Allocation Failure) 8M->4M(15M) 0.666ms
[19.312s][info][gc] GC(212) Pause Young (Allocation Failure) 8M->4M(15M) 0.595ms
[19.317s][info][gc] GC(213) Pause Young (Allocation Failure) 8M->4M(15M) 0.552ms
[19.331s][info][gc] GC(214) Pause Young (Allocation Failure) 8M->4M(15M) 0.775ms
[19.338s][info][gc] GC(215) Pause Young (Allocation Failure) 8M->4M(15M) 0.933ms
[19.345s][info][gc] GC(216) Pause Young (Allocation Failure) 8M->4M(15M) 0.821ms
[19.351s][info][gc] GC(217) Pause Young (Allocation Failure) 8M->4M(15M) 0.679ms
[19.360s][info][gc] GC(218) Pause Young (Allocation Failure) 8M->4M(15M) 0.657ms
[19.367s][info][gc] GC(219) Pause Young (Allocation Failure) 8M->4M(15M) 0.409ms
[19.373s][info][gc] GC(220) Pause Young (Allocation Failure) 8M->4M(15M) 0.563ms
[19.378s][info][gc] GC(221) Pause Young (Allocation Failure) 8M->4M(15M) 0.471ms
[19.386s][info][gc] GC(222) Pause Young (Allocation Failure) 8M->4M(15M) 0.433ms
[19.392s][info][gc] GC(223) Pause Young (Allocation Failure) 8M->4M(15M) 0.478ms
[19.399s][info][gc] GC(224) Pause Young (Allocation Failure) 8M->4M(15M) 0.496ms
[19.404s][info][gc] GC(225) Pause Young (Allocation Failure) 8M->4M(15M) 0.523ms
[19.421s][info][gc] GC(226) Pause Young (Allocation Failure) 8M->4M(15M) 1.000ms
[19.443s][info][gc] GC(227) Pause Young (Allocation Failure) 8M->4M(15M) 0.604ms
[19.451s][info][gc] GC(228) Pause Young (Allocation Failure) 8M->4M(15M) 0.751ms
[19.459s][info][gc] GC(229) Pause Young (Allocation Failure) 8M->4M(15M) 0.875ms
[19.467s][info][gc] GC(230) Pause Young (Allocation Failure) 8M->4M(15M) 0.743ms
[19.474s][info][gc] GC(231) Pause Young (Allocation Failure) 8M->4M(15M) 0.526ms
[19.479s][info][gc] GC(232) Pause Young (Allocation Failure) 8M->4M(15M) 0.572ms
[19.487s][info][gc] GC(233) Pause Young (Allocation Failure) 8M->4M(15M) 0.603ms
[19.492s][info][gc] GC(234) Pause Young (Allocation Failure) 8M->4M(15M) 0.603ms
[19.499s][info][gc] GC(235) Pause Young (Allocation Failure) 8M->4M(15M) 0.576ms
[19.504s][info][gc] GC(236) Pause Young (Allocation Failure) 8M->4M(15M) 0.579ms
[19.510s][info][gc] GC(237) Pause Young (Allocation Failure) 8M->4M(15M) 0.704ms
[19.515s][info][gc] GC(238) Pause Young (Allocation Failure) 8M->4M(15M) 0.598ms
[19.521s][info][gc] GC(239) Pause Young (Allocation Failure) 8M->4M(15M) 0.633ms
[19.526s][info][gc] GC(240) Pause Young (Allocation Failure) 8M->4M(15M) 0.375ms
[19.532s][info][gc] GC(241) Pause Young (Allocation Failure) 8M->4M(15M) 0.559ms
[19.537s][info][gc] GC(242) Pause Young (Allocation Failure) 8M->4M(15M) 0.422ms
[19.542s][info][gc] GC(243) Pause Young (Allocation Failure) 8M->4M(15M) 0.459ms
[19.548s][info][gc] GC(244) Pause Young (Allocation Failure) 8M->4M(15M) 0.611ms
[19.553s][info][gc] GC(245) Pause Young (Allocation Failure) 8M->4M(15M) 0.466ms
[19.560s][info][gc] GC(246) Pause Young (Allocation Failure) 8M->4M(15M) 0.651ms
[19.565s][info][gc] GC(247) Pause Young (Allocation Failure) 8M->4M(15M) 0.697ms
[19.570s][info][gc] GC(248) Pause Young (Allocation Failure) 8M->4M(15M) 0.478ms
[19.576s][info][gc] GC(249) Pause Young (Allocation Failure) 8M->4M(15M) 0.484ms
[19.582s][info][gc] GC(250) Pause Young (Allocation Failure) 8M->4M(15M) 0.743ms
[19.587s][info][gc] GC(251) Pause Young (Allocation Failure) 8M->4M(15M) 0.516ms
[19.592s][info][gc] GC(252) Pause Young (Allocation Failure) 8M->4M(15M) 0.513ms
[19.598s][info][gc] GC(253) Pause Young (Allocation Failure) 8M->4M(15M) 0.627ms
[19.603s][info][gc] GC(254) Pause Young (Allocation Failure) 8M->4M(15M) 0.557ms
[19.608s][info][gc] GC(255) Pause Young (Allocation Failure) 8M->4M(15M) 0.535ms
[19.614s][info][gc] GC(256) Pause Young (Allocation Failure) 8M->4M(15M) 0.688ms
[19.620s][info][gc] GC(257) Pause Young (Allocation Failure) 8M->4M(15M) 0.564ms
[19.627s][info][gc] GC(258) Pause Young (Allocation Failure) 8M->4M(15M) 0.578ms
[19.633s][info][gc] GC(259) Pause Young (Allocation Failure) 8M->4M(15M) 0.899ms
[19.640s][info][gc] GC(260) Pause Young (Allocation Failure) 8M->4M(15M) 0.634ms
[19.647s][info][gc] GC(261) Pause Young (Allocation Failure) 8M->4M(15M) 0.591ms
[19.653s][info][gc] GC(262) Pause Young (Allocation Failure) 8M->4M(15M) 0.413ms
[19.658s][info][gc] GC(263) Pause Young (Allocation Failure) 8M->4M(15M) 0.654ms
[19.665s][info][gc] GC(264) Pause Young (Allocation Failure) 8M->4M(15M) 0.465ms
[19.671s][info][gc] GC(265) Pause Young (Allocation Failure) 8M->4M(15M) 0.491ms
[19.679s][info][gc] GC(266) Pause Young (Allocation Failure) 8M->4M(15M) 1.275ms
[19.690s][info][gc] GC(267) Pause Young (Allocation Failure) 8M->4M(15M) 1.343ms
[19.698s][info][gc] GC(268) Pause Young (Allocation Failure) 8M->4M(15M) 0.716ms
[19.707s][info][gc] GC(269) Pause Young (Allocation Failure) 8M->4M(15M) 0.714ms
[19.724s][info][gc] GC(270) Pause Young (Allocation Failure) 8M->4M(15M) 0.673ms
[19.733s][info][gc] GC(271) Pause Young (Allocation Failure) 8M->4M(15M) 0.676ms
[19.741s][info][gc] GC(272) Pause Young (Allocation Failure) 8M->4M(15M) 0.809ms
[19.750s][info][gc] GC(273) Pause Young (Allocation Failure) 8M->4M(15M) 0.753ms
[19.759s][info][gc] GC(274) Pause Young (Allocation Failure) 8M->4M(15M) 0.785ms
[19.767s][info][gc] GC(275) Pause Young (Allocation Failure) 8M->4M(15M) 0.817ms
[19.776s][info][gc] GC(276) Pause Young (Allocation Failure) 8M->4M(15M) 0.786ms
[19.790s][info][gc] GC(277) Pause Young (Allocation Failure) 8M->4M(15M) 0.747ms
[19.800s][info][gc] GC(278) Pause Young (Allocation Failure) 8M->4M(15M) 0.780ms
[19.823s][info][gc] GC(279) Pause Young (Allocation Failure) 8M->4M(15M) 13.406ms
[19.838s][info][gc] GC(280) Pause Young (Allocation Failure) 8M->4M(15M) 0.865ms
[19.852s][info][gc] GC(281) Pause Young (Allocation Failure) 8M->4M(15M) 0.912ms
[19.861s][info][gc] GC(282) Pause Young (Allocation Failure) 8M->4M(15M) 0.748ms
[19.871s][info][gc] GC(283) Pause Young (Allocation Failure) 8M->4M(15M) 1.057ms
[19.880s][info][gc] GC(284) Pause Young (Allocation Failure) 8M->4M(15M) 0.890ms
[19.889s][info][gc] GC(285) Pause Young (Allocation Failure) 8M->4M(15M) 1.056ms
[19.899s][info][gc] GC(286) Pause Young (Allocation Failure) 8M->4M(15M) 0.591ms
[19.908s][info][gc] GC(287) Pause Young (Allocation Failure) 8M->4M(15M) 0.850ms
[19.918s][info][gc] GC(288) Pause Young (Allocation Failure) 8M->4M(15M) 0.426ms
[19.926s][info][gc] GC(289) Pause Young (Allocation Failure) 8M->4M(15M) 0.700ms
[19.932s][info][gc] GC(290) Pause Young (Allocation Failure) 8M->4M(15M) 0.424ms
[19.937s][info][gc] GC(291) Pause Young (Allocation Failure) 8M->4M(15M) 0.448ms
[19.944s][info][gc] GC(292) Pause Young (Allocation Failure) 8M->4M(15M) 0.452ms
[19.949s][info][gc] GC(293) Pause Young (Allocation Failure) 8M->4M(15M) 0.543ms
[19.955s][info][gc] GC(294) Pause Young (Allocation Failure) 8M->4M(15M) 0.631ms
[19.961s][info][gc] GC(295) Pause Young (Allocation Failure) 8M->4M(15M) 0.511ms
[19.967s][info][gc] GC(296) Pause Young (Allocation Failure) 8M->4M(15M) 0.529ms
[19.972s][info][gc] GC(297) Pause Young (Allocation Failure) 8M->4M(15M) 0.573ms
[19.979s][info][gc] GC(298) Pause Young (Allocation Failure) 8M->4M(15M) 0.639ms
[19.986s][info][gc] GC(299) Pause Young (Allocation Failure) 8M->4M(15M) 0.544ms
[19.992s][info][gc] GC(300) Pause Young (Allocation Failure) 8M->4M(15M) 0.582ms
[19.998s][info][gc] GC(301) Pause Young (Allocation Failure) 8M->4M(15M) 0.838ms
[20.007s][info][gc] GC(302) Pause Young (Allocation Failure) 8M->4M(15M) 0.917ms
[20.017s][info][gc] GC(303) Pause Young (Allocation Failure) 8M->4M(15M) 0.781ms
[20.024s][info][gc] GC(304) Pause Young (Allocation Failure) 8M->4M(15M) 0.629ms
[20.032s][info][gc] GC(305) Pause Young (Allocation Failure) 8M->4M(15M) 0.987ms
[20.039s][info][gc] GC(306) Pause Young (Allocation Failure) 8M->4M(15M) 0.757ms
[20.046s][info][gc] GC(307) Pause Young (Allocation Failure) 8M->4M(15M) 0.968ms
[20.052s][info][gc] GC(308) Pause Young (Allocation Failure) 8M->4M(15M) 0.674ms
[20.059s][info][gc] GC(309) Pause Young (Allocation Failure) 8M->4M(15M) 0.409ms
[20.066s][info][gc] GC(310) Pause Young (Allocation Failure) 8M->4M(15M) 0.418ms
[20.074s][info][gc] GC(311) Pause Young (Allocation Failure) 8M->4M(15M) 0.447ms
[20.082s][info][gc] GC(312) Pause Young (Allocation Failure) 8M->4M(15M) 0.626ms
[20.088s][info][gc] GC(313) Pause Young (Allocation Failure) 8M->4M(15M) 0.655ms
[20.094s][info][gc] GC(314) Pause Young (Allocation Failure) 8M->4M(15M) 0.547ms
[20.100s][info][gc] GC(315) Pause Young (Allocation Failure) 8M->4M(15M) 0.486ms
[20.106s][info][gc] GC(316) Pause Young (Allocation Failure) 8M->4M(15M) 0.728ms
[20.112s][info][gc] GC(317) Pause Young (Allocation Failure) 8M->4M(15M) 0.530ms
[20.117s][info][gc] GC(318) Pause Young (Allocation Failure) 8M->4M(15M) 0.662ms
[20.123s][info][gc] GC(319) Pause Young (Allocation Failure) 8M->4M(15M) 0.510ms
[20.129s][info][gc] GC(320) Pause Young (Allocation Failure) 8M->4M(15M) 0.643ms
[20.135s][info][gc] GC(321) Pause Young (Allocation Failure) 8M->4M(15M) 0.528ms
[20.140s][info][gc] GC(322) Pause Young (Allocation Failure) 8M->4M(15M) 0.541ms
[20.149s][info][gc] GC(323) Pause Young (Allocation Failure) 8M->4M(15M) 0.886ms
[20.157s][info][gc] GC(324) Pause Young (Allocation Failure) 8M->4M(15M) 0.650ms
[20.164s][info][gc] GC(325) Pause Young (Allocation Failure) 8M->4M(15M) 0.780ms
[20.171s][info][gc] GC(326) Pause Young (Allocation Failure) 8M->4M(15M) 0.646ms
[20.178s][info][gc] GC(327) Pause Young (Allocation Failure) 8M->4M(15M) 0.572ms
[20.185s][info][gc] GC(328) Pause Young (Allocation Failure) 8M->4M(15M) 0.877ms
[20.190s][info][gc] GC(329) Pause Young (Allocation Failure) 8M->4M(15M) 0.412ms
[20.196s][info][gc] GC(330) Pause Young (Allocation Failure) 8M->4M(15M) 0.672ms
[20.202s][info][gc] GC(331) Pause Young (Allocation Failure) 8M->4M(15M) 0.429ms
[20.207s][info][gc] GC(332) Pause Young (Allocation Failure) 8M->4M(15M) 0.400ms
[20.214s][info][gc] GC(333) Pause Young (Allocation Failure) 8M->4M(15M) 0.500ms
[20.221s][info][gc] GC(334) Pause Young (Allocation Failure) 8M->4M(15M) 0.499ms
[20.227s][info][gc] GC(335) Pause Young (Allocation Failure) 8M->4M(15M) 0.513ms
[20.233s][info][gc] GC(336) Pause Young (Allocation Failure) 8M->4M(15M) 0.695ms
[20.240s][info][gc] GC(337) Pause Young (Allocation Failure) 8M->4M(15M) 0.801ms
[20.246s][info][gc] GC(338) Pause Young (Allocation Failure) 8M->4M(15M) 0.577ms
[20.252s][info][gc] GC(339) Pause Young (Allocation Failure) 8M->4M(15M) 0.577ms
[20.259s][info][gc] GC(340) Pause Young (Allocation Failure) 8M->4M(15M) 0.544ms
[20.266s][info][gc] GC(341) Pause Young (Allocation Failure) 8M->4M(15M) 0.568ms
[20.272s][info][gc] GC(342) Pause Young (Allocation Failure) 8M->4M(15M) 0.596ms
[20.278s][info][gc] GC(343) Pause Young (Allocation Failure) 8M->4M(15M) 0.587ms
[20.283s][info][gc] GC(344) Pause Young (Allocation Failure) 8M->4M(15M) 0.584ms
[20.289s][info][gc] GC(345) Pause Young (Allocation Failure) 8M->4M(15M) 0.556ms
[20.294s][info][gc] GC(346) Pause Young (Allocation Failure) 8M->4M(15M) 0.547ms
[20.299s][info][gc] GC(347) Pause Young (Allocation Failure) 8M->4M(15M) 0.531ms
[20.305s][info][gc] GC(348) Pause Young (Allocation Failure) 8M->4M(15M) 0.587ms
[20.310s][info][gc] GC(349) Pause Young (Allocation Failure) 8M->4M(15M) 0.384ms
[20.315s][info][gc] GC(350) Pause Young (Allocation Failure) 8M->4M(15M) 0.397ms
[20.320s][info][gc] GC(351) Pause Young (Allocation Failure) 8M->4M(15M) 0.444ms
[20.326s][info][gc] GC(352) Pause Young (Allocation Failure) 8M->4M(15M) 0.435ms
[20.330s][info][gc] GC(353) Pause Young (Allocation Failure) 8M->4M(15M) 0.440ms
[20.336s][info][gc] GC(354) Pause Young (Allocation Failure) 8M->4M(15M) 0.577ms
[20.342s][info][gc] GC(355) Pause Young (Allocation Failure) 8M->4M(15M) 0.466ms
[20.347s][info][gc] GC(356) Pause Young (Allocation Failure) 8M->4M(15M) 0.486ms
[20.352s][info][gc] GC(357) Pause Young (Allocation Failure) 8M->4M(15M) 0.472ms
[20.357s][info][gc] GC(358) Pause Young (Allocation Failure) 8M->4M(15M) 0.452ms
[20.362s][info][gc] GC(359) Pause Young (Allocation Failure) 8M->4M(15M) 0.466ms
[20.367s][info][gc] GC(360) Pause Young (Allocation Failure) 8M->4M(15M) 0.607ms
[20.373s][info][gc] GC(361) Pause Young (Allocation Failure) 8M->4M(15M) 0.521ms
[20.379s][info][gc] GC(362) Pause Young (Allocation Failure) 8M->4M(15M) 0.560ms
[20.385s][info][gc] GC(363) Pause Young (Allocation Failure) 8M->4M(15M) 0.809ms
[20.391s][info][gc] GC(364) Pause Young (Allocation Failure) 8M->4M(15M) 0.555ms
[20.396s][info][gc] GC(365) Pause Young (Allocation Failure) 8M->4M(15M) 0.618ms
[20.401s][info][gc] GC(366) Pause Young (Allocation Failure) 8M->4M(15M) 0.528ms
[20.406s][info][gc] GC(367) Pause Young (Allocation Failure) 8M->4M(15M) 0.554ms
[20.412s][info][gc] GC(368) Pause Young (Allocation Failure) 8M->4M(15M) 0.535ms
[20.418s][info][gc] GC(369) Pause Young (Allocation Failure) 8M->4M(15M) 0.568ms
[20.423s][info][gc] GC(370) Pause Young (Allocation Failure) 8M->4M(15M) 0.595ms
[20.428s][info][gc] GC(371) Pause Young (Allocation Failure) 8M->4M(15M) 0.338ms
[20.434s][info][gc] GC(372) Pause Young (Allocation Failure) 8M->4M(15M) 0.516ms
[20.438s][info][gc] GC(373) Pause Young (Allocation Failure) 8M->4M(15M) 0.461ms
[20.444s][info][gc] GC(374) Pause Young (Allocation Failure) 8M->4M(15M) 0.441ms
[20.449s][info][gc] GC(375) Pause Young (Allocation Failure) 8M->4M(15M) 0.457ms
[20.454s][info][gc] GC(376) Pause Young (Allocation Failure) 8M->4M(15M) 0.477ms
[20.459s][info][gc] GC(377) Pause Young (Allocation Failure) 8M->4M(15M) 0.481ms
[20.464s][info][gc] GC(378) Pause Young (Allocation Failure) 8M->4M(15M) 0.763ms
[20.469s][info][gc] GC(379) Pause Young (Allocation Failure) 8M->4M(15M) 0.502ms
[20.475s][info][gc] GC(380) Pause Young (Allocation Failure) 8M->4M(15M) 0.570ms
[20.481s][info][gc] GC(381) Pause Young (Allocation Failure) 8M->4M(15M) 0.761ms
[20.488s][info][gc] GC(382) Pause Young (Allocation Failure) 8M->4M(15M) 0.558ms
[20.493s][info][gc] GC(383) Pause Young (Allocation Failure) 8M->4M(15M) 0.592ms
[20.498s][info][gc] GC(384) Pause Young (Allocation Failure) 8M->4M(15M) 0.580ms
[20.504s][info][gc] GC(385) Pause Young (Allocation Failure) 8M->4M(15M) 0.624ms
[20.509s][info][gc] GC(386) Pause Young (Allocation Failure) 8M->4M(15M) 0.586ms
[20.514s][info][gc] GC(387) Pause Young (Allocation Failure) 8M->4M(15M) 0.615ms
[20.520s][info][gc] GC(388) Pause Young (Allocation Failure) 8M->4M(15M) 0.611ms
[20.525s][info][gc] GC(389) Pause Young (Allocation Failure) 8M->4M(15M) 0.514ms
[20.531s][info][gc] GC(390) Pause Young (Allocation Failure) 8M->4M(15M) 0.496ms
[20.537s][info][gc] GC(391) Pause Young (Allocation Failure) 8M->4M(15M) 0.424ms
[20.542s][info][gc] GC(392) Pause Young (Allocation Failure) 8M->4M(15M) 0.417ms
[20.552s][info][gc] GC(393) Pause Young (Allocation Failure) 8M->4M(15M) 0.823ms
[20.557s][info][gc] GC(394) Pause Young (Allocation Failure) 8M->4M(15M) 0.418ms
[20.564s][info][gc] GC(395) Pause Young (Allocation Failure) 8M->4M(15M) 0.550ms
[20.569s][info][gc] GC(396) Pause Young (Allocation Failure) 8M->4M(15M) 0.556ms
[20.575s][info][gc] GC(397) Pause Young (Allocation Failure) 8M->4M(15M) 0.723ms
[20.580s][info][gc] GC(398) Pause Young (Allocation Failure) 8M->4M(15M) 0.499ms
[20.587s][info][gc] GC(399) Pause Young (Allocation Failure) 8M->4M(15M) 0.548ms
[20.593s][info][gc] GC(400) Pause Young (Allocation Failure) 8M->4M(15M) 0.565ms
[20.599s][info][gc] GC(401) Pause Young (Allocation Failure) 8M->4M(15M) 0.731ms
[20.604s][info][gc] GC(402) Pause Young (Allocation Failure) 8M->4M(15M) 0.508ms
[20.610s][info][gc] GC(403) Pause Young (Allocation Failure) 8M->4M(15M) 0.719ms
[20.616s][info][gc] GC(404) Pause Young (Allocation Failure) 8M->4M(15M) 0.730ms
[20.621s][info][gc] GC(405) Pause Young (Allocation Failure) 8M->4M(15M) 0.598ms
[20.627s][info][gc] GC(406) Pause Young (Allocation Failure) 8M->4M(15M) 0.610ms
[20.633s][info][gc] GC(407) Pause Young (Allocation Failure) 8M->4M(15M) 0.571ms
[20.638s][info][gc] GC(408) Pause Young (Allocation Failure) 8M->4M(15M) 0.976ms
[20.645s][info][gc] GC(409) Pause Young (Allocation Failure) 8M->4M(15M) 0.564ms
[20.650s][info][gc] GC(410) Pause Young (Allocation Failure) 8M->4M(15M) 0.392ms
[20.655s][info][gc] GC(411) Pause Young (Allocation Failure) 8M->4M(15M) 0.470ms
[20.660s][info][gc] GC(412) Pause Young (Allocation Failure) 8M->4M(15M) 0.428ms
[20.667s][info][gc] GC(413) Pause Young (Allocation Failure) 8M->4M(15M) 0.798ms
[20.676s][info][gc] GC(414) Pause Young (Allocation Failure) 8M->4M(15M) 0.906ms
[20.687s][info][gc] GC(415) Pause Young (Allocation Failure) 8M->4M(15M) 0.609ms
[20.694s][info][gc] GC(416) Pause Young (Allocation Failure) 8M->4M(15M) 0.704ms
[20.701s][info][gc] GC(417) Pause Young (Allocation Failure) 8M->4M(15M) 0.820ms
[20.710s][info][gc] GC(418) Pause Young (Allocation Failure) 8M->4M(15M) 0.742ms
[20.715s][info][gc] GC(419) Pause Young (Allocation Failure) 8M->4M(15M) 0.510ms
[20.721s][info][gc] GC(420) Pause Young (Allocation Failure) 8M->4M(15M) 0.532ms
[20.727s][info][gc] GC(421) Pause Young (Allocation Failure) 8M->4M(15M) 0.458ms
[20.732s][info][gc] GC(422) Pause Young (Allocation Failure) 8M->4M(15M) 0.674ms
[20.738s][info][gc] GC(423) Pause Young (Allocation Failure) 8M->4M(15M) 0.523ms
[20.744s][info][gc] GC(424) Pause Young (Allocation Failure) 8M->4M(15M) 0.560ms
[20.750s][info][gc] GC(425) Pause Young (Allocation Failure) 8M->4M(15M) 0.588ms
[20.756s][info][gc] GC(426) Pause Young (Allocation Failure) 8M->4M(15M) 0.541ms
[20.761s][info][gc] GC(427) Pause Young (Allocation Failure) 8M->4M(15M) 0.556ms
[20.767s][info][gc] GC(428) Pause Young (Allocation Failure) 8M->4M(15M) 0.589ms
[20.773s][info][gc] GC(429) Pause Young (Allocation Failure) 8M->4M(15M) 0.623ms
[20.779s][info][gc] GC(430) Pause Young (Allocation Failure) 8M->4M(15M) 0.851ms
[20.786s][info][gc] GC(431) Pause Young (Allocation Failure) 8M->4M(15M) 0.941ms
[20.793s][info][gc] GC(432) Pause Young (Allocation Failure) 8M->4M(15M) 0.582ms
[20.798s][info][gc] GC(433) Pause Young (Allocation Failure) 8M->4M(15M) 0.370ms
[20.804s][info][gc] GC(434) Pause Young (Allocation Failure) 8M->4M(15M) 0.385ms
[20.811s][info][gc] GC(435) Pause Young (Allocation Failure) 8M->4M(15M) 0.412ms
[20.817s][info][gc] GC(436) Pause Young (Allocation Failure) 8M->4M(15M) 0.557ms
[20.822s][info][gc] GC(437) Pause Young (Allocation Failure) 8M->4M(15M) 0.439ms
[20.827s][info][gc] GC(438) Pause Young (Allocation Failure) 8M->4M(15M) 0.422ms
[20.832s][info][gc] GC(439) Pause Young (Allocation Failure) 8M->4M(15M) 0.432ms
[20.837s][info][gc] GC(440) Pause Young (Allocation Failure) 8M->4M(15M) 0.439ms
[20.842s][info][gc] GC(441) Pause Young (Allocation Failure) 8M->4M(15M) 0.459ms
[20.847s][info][gc] GC(442) Pause Young (Allocation Failure) 8M->4M(15M) 0.530ms
[20.853s][info][gc] GC(443) Pause Young (Allocation Failure) 8M->4M(15M) 0.513ms
[20.858s][info][gc] GC(444) Pause Young (Allocation Failure) 8M->4M(15M) 0.610ms
[20.865s][info][gc] GC(445) Pause Young (Allocation Failure) 8M->4M(15M) 0.535ms
[20.873s][info][gc] GC(446) Pause Young (Allocation Failure) 8M->4M(15M) 0.841ms
[20.880s][info][gc] GC(447) Pause Young (Allocation Failure) 8M->4M(15M) 0.561ms
[20.885s][info][gc] GC(448) Pause Young (Allocation Failure) 8M->4M(15M) 0.600ms
[20.892s][info][gc] GC(449) Pause Young (Allocation Failure) 8M->4M(15M) 0.619ms
[20.899s][info][gc] GC(450) Pause Young (Allocation Failure) 8M->4M(15M) 0.608ms
[20.905s][info][gc] GC(451) Pause Young (Allocation Failure) 8M->4M(15M) 0.540ms
[20.911s][info][gc] GC(452) Pause Young (Allocation Failure) 8M->4M(15M) 0.417ms
[20.919s][info][gc] GC(453) Pause Young (Allocation Failure) 8M->4M(15M) 0.771ms
[20.927s][info][gc] GC(454) Pause Young (Allocation Failure) 8M->4M(15M) 0.659ms
[20.933s][info][gc] GC(455) Pause Young (Allocation Failure) 8M->4M(15M) 0.441ms
[20.939s][info][gc] GC(456) Pause Young (Allocation Failure) 8M->4M(15M) 0.621ms
[20.945s][info][gc] GC(457) Pause Young (Allocation Failure) 8M->4M(15M) 0.464ms
[20.950s][info][gc] GC(458) Pause Young (Allocation Failure) 8M->4M(15M) 0.471ms
[20.956s][info][gc] GC(459) Pause Young (Allocation Failure) 8M->4M(15M) 0.812ms
[20.961s][info][gc] GC(460) Pause Young (Allocation Failure) 8M->4M(15M) 0.854ms
[20.969s][info][gc] GC(461) Pause Young (Allocation Failure) 8M->4M(15M) 0.556ms
[20.974s][info][gc] GC(462) Pause Young (Allocation Failure) 8M->4M(15M) 0.546ms
[20.980s][info][gc] GC(463) Pause Young (Allocation Failure) 8M->4M(15M) 0.780ms
[20.986s][info][gc] GC(464) Pause Young (Allocation Failure) 8M->4M(15M) 0.808ms
[20.993s][info][gc] GC(465) Pause Young (Allocation Failure) 8M->4M(15M) 0.858ms
[20.999s][info][gc] GC(466) Pause Young (Allocation Failure) 8M->4M(15M) 0.583ms
[21.007s][info][gc] GC(467) Pause Young (Allocation Failure) 8M->4M(15M) 0.565ms
[21.014s][info][gc] GC(468) Pause Young (Allocation Failure) 8M->4M(15M) 0.622ms
[21.022s][info][gc] GC(469) Pause Young (Allocation Failure) 8M->4M(15M) 0.856ms
[21.031s][info][gc] GC(470) Pause Young (Allocation Failure) 8M->4M(15M) 0.918ms
[21.037s][info][gc] GC(471) Pause Young (Allocation Failure) 8M->4M(15M) 0.385ms
[21.042s][info][gc] GC(472) Pause Young (Allocation Failure) 8M->4M(15M) 0.406ms
[21.047s][info][gc] GC(473) Pause Young (Allocation Failure) 8M->4M(15M) 0.400ms
[21.052s][info][gc] GC(474) Pause Young (Allocation Failure) 8M->4M(15M) 0.414ms
[21.057s][info][gc] GC(475) Pause Young (Allocation Failure) 8M->4M(15M) 0.431ms
[21.062s][info][gc] GC(476) Pause Young (Allocation Failure) 8M->4M(15M) 0.447ms
[21.068s][info][gc] GC(477) Pause Young (Allocation Failure) 8M->4M(15M) 0.481ms
[21.073s][info][gc] GC(478) Pause Young (Allocation Failure) 8M->4M(15M) 0.474ms
[21.079s][info][gc] GC(479) Pause Young (Allocation Failure) 8M->4M(15M) 0.519ms
[21.085s][info][gc] GC(480) Pause Young (Allocation Failure) 8M->4M(15M) 0.578ms
[21.091s][info][gc] GC(481) Pause Young (Allocation Failure) 8M->4M(15M) 0.524ms
[21.097s][info][gc] GC(482) Pause Young (Allocation Failure) 8M->4M(15M) 0.526ms
[21.102s][info][gc] GC(483) Pause Young (Allocation Failure) 8M->4M(15M) 0.503ms
[21.108s][info][gc] GC(484) Pause Young (Allocation Failure) 8M->4M(15M) 0.784ms
[21.113s][info][gc] GC(485) Pause Young (Allocation Failure) 8M->4M(15M) 0.573ms
[21.118s][info][gc] GC(486) Pause Young (Allocation Failure) 8M->4M(15M) 0.570ms
[21.124s][info][gc] GC(487) Pause Young (Allocation Failure) 8M->4M(15M) 0.528ms
[21.129s][info][gc] GC(488) Pause Young (Allocation Failure) 8M->4M(15M) 0.501ms
[21.135s][info][gc] GC(489) Pause Young (Allocation Failure) 8M->4M(15M) 1.279ms
[21.141s][info][gc] GC(490) Pause Young (Allocation Failure) 8M->4M(15M) 0.391ms
[21.146s][info][gc] GC(491) Pause Young (Allocation Failure) 8M->4M(15M) 0.388ms
[21.151s][info][gc] GC(492) Pause Young (Allocation Failure) 8M->4M(15M) 0.436ms
[21.156s][info][gc] GC(493) Pause Young (Allocation Failure) 8M->4M(15M) 0.416ms
[21.161s][info][gc] GC(494) Pause Young (Allocation Failure) 8M->4M(15M) 0.424ms
[21.166s][info][gc] GC(495) Pause Young (Allocation Failure) 8M->4M(15M) 0.469ms
[21.171s][info][gc] GC(496) Pause Young (Allocation Failure) 8M->4M(15M) 0.480ms
[21.176s][info][gc] GC(497) Pause Young (Allocation Failure) 8M->4M(15M) 0.474ms
[21.182s][info][gc] GC(498) Pause Young (Allocation Failure) 8M->4M(15M) 0.476ms
[21.190s][info][gc] GC(499) Pause Young (Allocation Failure) 8M->4M(15M) 0.571ms
[21.197s][info][gc] GC(500) Pause Young (Allocation Failure) 8M->4M(15M) 0.924ms
[21.202s][info][gc] GC(501) Pause Young (Allocation Failure) 8M->4M(15M) 0.700ms
[21.207s][info][gc] GC(502) Pause Young (Allocation Failure) 8M->4M(15M) 0.734ms
[21.215s][info][gc] GC(503) Pause Young (Allocation Failure) 8M->4M(15M) 0.639ms
[21.221s][info][gc] GC(504) Pause Young (Allocation Failure) 8M->4M(15M) 0.594ms
[21.228s][info][gc] GC(505) Pause Young (Allocation Failure) 8M->4M(15M) 0.611ms
[21.235s][info][gc] GC(506) Pause Young (Allocation Failure) 8M->4M(15M) 0.686ms
[21.242s][info][gc] GC(507) Pause Young (Allocation Failure) 8M->4M(15M) 0.781ms
[21.248s][info][gc] GC(508) Pause Young (Allocation Failure) 8M->4M(15M) 0.603ms
[21.254s][info][gc] GC(509) Pause Young (Allocation Failure) 8M->4M(15M) 0.714ms
[21.259s][info][gc] GC(510) Pause Young (Allocation Failure) 8M->4M(15M) 0.613ms
[21.265s][info][gc] GC(511) Pause Young (Allocation Failure) 8M->4M(15M) 0.476ms
[21.271s][info][gc] GC(512) Pause Young (Allocation Failure) 8M->4M(15M) 0.607ms
[21.281s][info][gc] GC(513) Pause Young (Allocation Failure) 8M->4M(15M) 0.479ms
[21.287s][info][gc] GC(514) Pause Young (Allocation Failure) 8M->4M(15M) 0.542ms
[21.293s][info][gc] GC(515) Pause Young (Allocation Failure) 8M->4M(15M) 0.457ms
[21.298s][info][gc] GC(516) Pause Young (Allocation Failure) 8M->4M(15M) 0.494ms
[21.305s][info][gc] GC(517) Pause Young (Allocation Failure) 8M->4M(15M) 0.492ms
[21.310s][info][gc] GC(518) Pause Young (Allocation Failure) 8M->4M(15M) 0.631ms
[21.315s][info][gc] GC(519) Pause Young (Allocation Failure) 8M->4M(15M) 0.511ms
[21.321s][info][gc] GC(520) Pause Young (Allocation Failure) 8M->4M(15M) 0.537ms
[21.326s][info][gc] GC(521) Pause Young (Allocation Failure) 8M->4M(15M) 0.525ms
[21.332s][info][gc] GC(522) Pause Young (Allocation Failure) 8M->4M(15M) 0.559ms
[21.337s][info][gc] GC(523) Pause Young (Allocation Failure) 8M->4M(15M) 0.566ms
[21.343s][info][gc] GC(524) Pause Young (Allocation Failure) 8M->4M(15M) 0.553ms
[21.348s][info][gc] GC(525) Pause Young (Allocation Failure) 8M->4M(15M) 0.552ms
[21.353s][info][gc] GC(526) Pause Young (Allocation Failure) 8M->4M(15M) 0.623ms
[21.359s][info][gc] GC(527) Pause Young (Allocation Failure) 8M->4M(15M) 0.561ms
[21.364s][info][gc] GC(528) Pause Young (Allocation Failure) 8M->4M(15M) 0.686ms
[21.369s][info][gc] GC(529) Pause Young (Allocation Failure) 8M->4M(15M) 0.581ms
[21.374s][info][gc] GC(530) Pause Young (Allocation Failure) 8M->4M(15M) 0.539ms
[21.379s][info][gc] GC(531) Pause Young (Allocation Failure) 8M->4M(15M) 0.397ms
[21.384s][info][gc] GC(532) Pause Young (Allocation Failure) 8M->4M(15M) 0.410ms
[21.389s][info][gc] GC(533) Pause Young (Allocation Failure) 8M->4M(15M) 0.441ms
[21.395s][info][gc] GC(534) Pause Young (Allocation Failure) 8M->4M(15M) 0.492ms
[21.400s][info][gc] GC(535) Pause Young (Allocation Failure) 8M->4M(15M) 0.506ms
[21.406s][info][gc] GC(536) Pause Young (Allocation Failure) 8M->4M(15M) 0.445ms
[21.411s][info][gc] GC(537) Pause Young (Allocation Failure) 8M->4M(15M) 0.465ms
[21.416s][info][gc] GC(538) Pause Young (Allocation Failure) 8M->4M(15M) 0.471ms
[21.421s][info][gc] GC(539) Pause Young (Allocation Failure) 8M->4M(15M) 0.441ms
[21.427s][info][gc] GC(540) Pause Young (Allocation Failure) 8M->4M(15M) 0.502ms
[21.433s][info][gc] GC(541) Pause Young (Allocation Failure) 8M->4M(15M) 0.547ms
[21.437s][info][gc] GC(542) Pause Young (Allocation Failure) 8M->4M(15M) 0.536ms
[21.442s][info][gc] GC(543) Pause Young (Allocation Failure) 8M->4M(15M) 0.486ms
[21.448s][info][gc] GC(544) Pause Young (Allocation Failure) 8M->4M(15M) 0.530ms
[21.455s][info][gc] GC(545) Pause Young (Allocation Failure) 8M->4M(15M) 0.616ms
[21.461s][info][gc] GC(546) Pause Young (Allocation Failure) 8M->4M(15M) 0.849ms
[21.466s][info][gc] GC(547) Pause Young (Allocation Failure) 8M->4M(15M) 0.498ms
[21.471s][info][gc] GC(548) Pause Young (Allocation Failure) 8M->4M(15M) 0.495ms
[21.476s][info][gc] GC(549) Pause Young (Allocation Failure) 8M->4M(15M) 0.491ms
[21.481s][info][gc] GC(550) Pause Young (Allocation Failure) 8M->4M(15M) 0.617ms
[21.487s][info][gc] GC(551) Pause Young (Allocation Failure) 8M->4M(15M) 0.331ms
[21.491s][info][gc] GC(552) Pause Young (Allocation Failure) 8M->4M(15M) 0.348ms
[21.498s][info][gc] GC(553) Pause Young (Allocation Failure) 8M->4M(15M) 0.601ms
[21.504s][info][gc] GC(554) Pause Young (Allocation Failure) 8M->4M(15M) 0.431ms
[21.511s][info][gc] GC(555) Pause Young (Allocation Failure) 8M->4M(15M) 0.644ms
[21.519s][info][gc] GC(556) Pause Young (Allocation Failure) 8M->4M(15M) 0.453ms
[21.524s][info][gc] GC(557) Pause Young (Allocation Failure) 8M->4M(15M) 0.516ms
[21.530s][info][gc] GC(558) Pause Young (Allocation Failure) 8M->4M(15M) 0.516ms
[21.538s][info][gc] GC(559) Pause Young (Allocation Failure) 8M->4M(15M) 0.505ms
[21.544s][info][gc] GC(560) Pause Young (Allocation Failure) 8M->4M(15M) 0.749ms
[21.548s][info][gc] GC(561) Pause Young (Allocation Failure) 8M->4M(15M) 0.503ms
[21.554s][info][gc] GC(562) Pause Young (Allocation Failure) 8M->4M(15M) 0.493ms
[21.559s][info][gc] GC(563) Pause Young (Allocation Failure) 8M->4M(15M) 0.549ms
[21.564s][info][gc] GC(564) Pause Young (Allocation Failure) 8M->4M(15M) 0.553ms
[21.569s][info][gc] GC(565) Pause Young (Allocation Failure) 8M->4M(15M) 0.604ms
[21.575s][info][gc] GC(566) Pause Young (Allocation Failure) 8M->4M(15M) 0.686ms
[21.580s][info][gc] GC(567) Pause Young (Allocation Failure) 8M->4M(15M) 0.601ms
[21.585s][info][gc] GC(568) Pause Young (Allocation Failure) 8M->4M(15M) 0.599ms
[21.590s][info][gc] GC(569) Pause Young (Allocation Failure) 8M->4M(15M) 0.582ms
[21.595s][info][gc] GC(570) Pause Young (Allocation Failure) 8M->4M(15M) 0.389ms
[21.600s][info][gc] GC(571) Pause Young (Allocation Failure) 8M->4M(15M) 0.429ms
[21.605s][info][gc] GC(572) Pause Young (Allocation Failure) 8M->4M(15M) 0.441ms
[21.610s][info][gc] GC(573) Pause Young (Allocation Failure) 8M->4M(15M) 0.635ms
[21.615s][info][gc] GC(574) Pause Young (Allocation Failure) 8M->4M(15M) 0.392ms
[21.621s][info][gc] GC(575) Pause Young (Allocation Failure) 8M->4M(15M) 0.450ms
[21.627s][info][gc] GC(576) Pause Young (Allocation Failure) 8M->4M(15M) 0.478ms
[21.632s][info][gc] GC(577) Pause Young (Allocation Failure) 8M->4M(15M) 0.500ms
[21.637s][info][gc] GC(578) Pause Young (Allocation Failure) 8M->4M(15M) 0.487ms
[21.642s][info][gc] GC(579) Pause Young (Allocation Failure) 8M->4M(15M) 0.458ms
[21.648s][info][gc] GC(580) Pause Young (Allocation Failure) 8M->4M(15M) 0.509ms
[21.654s][info][gc] GC(581) Pause Young (Allocation Failure) 8M->4M(15M) 0.524ms
[21.659s][info][gc] GC(582) Pause Young (Allocation Failure) 8M->4M(15M) 0.563ms
[21.664s][info][gc] GC(583) Pause Young (Allocation Failure) 8M->4M(15M) 0.552ms
[21.671s][info][gc] GC(584) Pause Young (Allocation Failure) 8M->4M(15M) 0.607ms
[21.678s][info][gc] GC(585) Pause Young (Allocation Failure) 8M->4M(15M) 0.825ms
[21.690s][info][gc] GC(586) Pause Young (Allocation Failure) 8M->4M(15M) 1.005ms
[21.698s][info][gc] GC(587) Pause Young (Allocation Failure) 8M->4M(15M) 0.559ms
[21.705s][info][gc] GC(588) Pause Young (Allocation Failure) 8M->4M(15M) 0.639ms
[21.711s][info][gc] GC(589) Pause Young (Allocation Failure) 8M->4M(15M) 0.672ms
[21.718s][info][gc] GC(590) Pause Young (Allocation Failure) 8M->4M(15M) 0.852ms
[21.723s][info][gc] GC(591) Pause Young (Allocation Failure) 8M->4M(15M) 0.632ms
[21.728s][info][gc] GC(592) Pause Young (Allocation Failure) 8M->4M(15M) 0.650ms
[21.736s][info][gc] GC(593) Pause Young (Allocation Failure) 8M->4M(15M) 0.443ms
[21.741s][info][gc] GC(594) Pause Young (Allocation Failure) 8M->4M(15M) 0.450ms
[21.746s][info][gc] GC(595) Pause Young (Allocation Failure) 8M->4M(15M) 0.503ms
[21.751s][info][gc] GC(596) Pause Young (Allocation Failure) 8M->4M(15M) 0.505ms
[21.757s][info][gc] GC(597) Pause Young (Allocation Failure) 8M->4M(15M) 0.544ms
[21.762s][info][gc] GC(598) Pause Young (Allocation Failure) 8M->4M(15M) 0.496ms
[21.768s][info][gc] GC(599) Pause Young (Allocation Failure) 8M->4M(15M) 0.514ms
[21.773s][info][gc] GC(600) Pause Young (Allocation Failure) 8M->4M(15M) 0.525ms
[21.778s][info][gc] GC(601) Pause Young (Allocation Failure) 8M->4M(15M) 0.509ms
[21.783s][info][gc] GC(602) Pause Young (Allocation Failure) 8M->4M(15M) 0.526ms
[21.788s][info][gc] GC(603) Pause Young (Allocation Failure) 8M->4M(15M) 0.524ms
[21.794s][info][gc] GC(604) Pause Young (Allocation Failure) 8M->4M(15M) 0.590ms
[21.801s][info][gc] GC(605) Pause Young (Allocation Failure) 8M->4M(15M) 0.617ms
[21.807s][info][gc] GC(606) Pause Young (Allocation Failure) 8M->4M(15M) 0.580ms
[21.812s][info][gc] GC(607) Pause Young (Allocation Failure) 8M->4M(15M) 0.557ms
[21.817s][info][gc] GC(608) Pause Young (Allocation Failure) 8M->4M(15M) 0.534ms
[21.822s][info][gc] GC(609) Pause Young (Allocation Failure) 8M->4M(15M) 0.543ms
[21.827s][info][gc] GC(610) Pause Young (Allocation Failure) 8M->4M(15M) 0.599ms
[21.832s][info][gc] GC(611) Pause Young (Allocation Failure) 8M->4M(15M) 0.400ms
[21.837s][info][gc] GC(612) Pause Young (Allocation Failure) 8M->4M(15M) 0.405ms
[21.842s][info][gc] GC(613) Pause Young (Allocation Failure) 8M->4M(15M) 0.366ms
[21.848s][info][gc] GC(614) Pause Young (Allocation Failure) 8M->4M(15M) 0.420ms
[21.853s][info][gc] GC(615) Pause Young (Allocation Failure) 8M->4M(15M) 0.449ms
[21.858s][info][gc] GC(616) Pause Young (Allocation Failure) 8M->4M(15M) 0.423ms
[21.863s][info][gc] GC(617) Pause Young (Allocation Failure) 8M->4M(15M) 0.447ms
[21.869s][info][gc] GC(618) Pause Young (Allocation Failure) 8M->4M(15M) 0.717ms
[21.876s][info][gc] GC(619) Pause Young (Allocation Failure) 8M->4M(15M) 0.576ms
[21.882s][info][gc] GC(620) Pause Young (Allocation Failure) 8M->4M(15M) 0.497ms
[21.887s][info][gc] GC(621) Pause Young (Allocation Failure) 8M->4M(15M) 0.575ms
[21.893s][info][gc] GC(622) Pause Young (Allocation Failure) 8M->4M(15M) 0.506ms
[21.898s][info][gc] GC(623) Pause Young (Allocation Failure) 8M->4M(15M) 0.511ms
[21.905s][info][gc] GC(624) Pause Young (Allocation Failure) 8M->4M(15M) 0.527ms
[21.910s][info][gc] GC(625) Pause Young (Allocation Failure) 8M->4M(15M) 0.527ms
[21.915s][info][gc] GC(626) Pause Young (Allocation Failure) 8M->4M(15M) 0.533ms
[21.920s][info][gc] GC(627) Pause Young (Allocation Failure) 8M->4M(15M) 0.525ms
[21.926s][info][gc] GC(628) Pause Young (Allocation Failure) 8M->4M(15M) 0.625ms
[21.931s][info][gc] GC(629) Pause Young (Allocation Failure) 8M->4M(15M) 0.547ms
[21.938s][info][gc] GC(630) Pause Young (Allocation Failure) 8M->4M(15M) 0.741ms
[21.945s][info][gc] GC(631) Pause Young (Allocation Failure) 8M->4M(15M) 0.824ms
[21.954s][info][gc] GC(632) Pause Young (Allocation Failure) 8M->4M(15M) 0.604ms
[21.960s][info][gc] GC(633) Pause Young (Allocation Failure) 8M->4M(15M) 0.518ms
[21.965s][info][gc] GC(634) Pause Young (Allocation Failure) 8M->4M(15M) 0.394ms
[21.970s][info][gc] GC(635) Pause Young (Allocation Failure) 8M->4M(15M) 0.596ms
[21.976s][info][gc] GC(636) Pause Young (Allocation Failure) 8M->4M(15M) 0.438ms
[21.982s][info][gc] GC(637) Pause Young (Allocation Failure) 8M->4M(15M) 0.515ms
[21.988s][info][gc] GC(638) Pause Young (Allocation Failure) 8M->4M(15M) 0.511ms
[21.993s][info][gc] GC(639) Pause Young (Allocation Failure) 8M->4M(15M) 0.493ms
[22.003s][info][gc] GC(640) Pause Young (Allocation Failure) 8M->4M(15M) 0.777ms
[22.011s][info][gc] GC(641) Pause Young (Allocation Failure) 8M->4M(15M) 0.679ms
[22.018s][info][gc] GC(642) Pause Young (Allocation Failure) 8M->4M(15M) 0.764ms
[22.024s][info][gc] GC(643) Pause Young (Allocation Failure) 8M->4M(15M) 0.555ms
[22.029s][info][gc] GC(644) Pause Young (Allocation Failure) 8M->4M(15M) 0.608ms
[22.034s][info][gc] GC(645) Pause Young (Allocation Failure) 8M->4M(15M) 0.608ms
[22.042s][info][gc] GC(646) Pause Young (Allocation Failure) 8M->4M(15M) 0.631ms
[22.047s][info][gc] GC(647) Pause Young (Allocation Failure) 8M->4M(15M) 0.610ms
[22.053s][info][gc] GC(648) Pause Young (Allocation Failure) 8M->4M(15M) 0.621ms
[22.059s][info][gc] GC(649) Pause Young (Allocation Failure) 8M->4M(15M) 0.584ms
[22.064s][info][gc] GC(650) Pause Young (Allocation Failure) 8M->4M(15M) 0.611ms
[22.070s][info][gc] GC(651) Pause Young (Allocation Failure) 8M->4M(15M) 0.674ms
[22.075s][info][gc] GC(652) Pause Young (Allocation Failure) 8M->4M(15M) 0.391ms
[22.080s][info][gc] GC(653) Pause Young (Allocation Failure) 8M->4M(15M) 0.402ms
[22.085s][info][gc] GC(654) Pause Young (Allocation Failure) 8M->4M(15M) 0.409ms
[22.092s][info][gc] GC(655) Pause Young (Allocation Failure) 8M->4M(15M) 0.451ms
[22.098s][info][gc] GC(656) Pause Young (Allocation Failure) 8M->4M(15M) 0.550ms
[22.103s][info][gc] GC(657) Pause Young (Allocation Failure) 8M->4M(15M) 0.456ms
[22.109s][info][gc] GC(658) Pause Young (Allocation Failure) 8M->4M(15M) 0.475ms
[22.115s][info][gc] GC(659) Pause Young (Allocation Failure) 8M->4M(15M) 0.573ms
[22.121s][info][gc] GC(660) Pause Young (Allocation Failure) 8M->4M(15M) 0.889ms
[22.126s][info][gc] GC(661) Pause Young (Allocation Failure) 8M->4M(15M) 0.551ms
[22.132s][info][gc] GC(662) Pause Young (Allocation Failure) 8M->4M(15M) 0.523ms
[22.138s][info][gc] GC(663) Pause Young (Allocation Failure) 8M->4M(15M) 0.588ms
[22.143s][info][gc] GC(664) Pause Young (Allocation Failure) 8M->4M(15M) 0.663ms
[22.149s][info][gc] GC(665) Pause Young (Allocation Failure) 8M->4M(15M) 0.785ms
[22.154s][info][gc] GC(666) Pause Young (Allocation Failure) 8M->4M(15M) 0.887ms
[22.160s][info][gc] GC(667) Pause Young (Allocation Failure) 8M->4M(15M) 0.761ms
[22.166s][info][gc] GC(668) Pause Young (Allocation Failure) 8M->4M(15M) 0.629ms
[22.172s][info][gc] GC(669) Pause Young (Allocation Failure) 8M->4M(15M) 0.770ms
[22.177s][info][gc] GC(670) Pause Young (Allocation Failure) 8M->4M(15M) 0.611ms
[22.182s][info][gc] GC(671) Pause Young (Allocation Failure) 8M->4M(15M) 0.557ms
[22.187s][info][gc] GC(672) Pause Young (Allocation Failure) 8M->4M(15M) 0.605ms
[22.192s][info][gc] GC(673) Pause Young (Allocation Failure) 8M->4M(15M) 0.374ms
[22.198s][info][gc] GC(674) Pause Young (Allocation Failure) 8M->4M(15M) 0.492ms
[22.204s][info][gc] GC(675) Pause Young (Allocation Failure) 8M->4M(15M) 0.680ms
[22.211s][info][gc] GC(676) Pause Young (Allocation Failure) 8M->4M(15M) 0.469ms
[22.218s][info][gc] GC(677) Pause Young (Allocation Failure) 8M->4M(15M) 0.478ms
[22.224s][info][gc] GC(678) Pause Young (Allocation Failure) 8M->4M(15M) 0.668ms
[22.230s][info][gc] GC(679) Pause Young (Allocation Failure) 8M->4M(15M) 0.504ms
[22.238s][info][gc] GC(680) Pause Young (Allocation Failure) 8M->4M(15M) 0.776ms
[22.243s][info][gc] GC(681) Pause Young (Allocation Failure) 8M->4M(15M) 0.542ms
[22.248s][info][gc] GC(682) Pause Young (Allocation Failure) 8M->4M(15M) 0.477ms
[22.254s][info][gc] GC(683) Pause Young (Allocation Failure) 8M->4M(15M) 0.538ms
[22.259s][info][gc] GC(684) Pause Young (Allocation Failure) 8M->4M(15M) 0.510ms
[22.264s][info][gc] GC(685) Pause Young (Allocation Failure) 8M->4M(15M) 0.548ms
[22.269s][info][gc] GC(686) Pause Young (Allocation Failure) 8M->4M(15M) 0.609ms
[22.275s][info][gc] GC(687) Pause Young (Allocation Failure) 8M->4M(15M) 0.560ms
[22.281s][info][gc] GC(688) Pause Young (Allocation Failure) 8M->4M(15M) 0.638ms
[22.287s][info][gc] GC(689) Pause Young (Allocation Failure) 8M->4M(15M) 0.592ms
[22.293s][info][gc] GC(690) Pause Young (Allocation Failure) 8M->4M(15M) 0.714ms
[22.299s][info][gc] GC(691) Pause Young (Allocation Failure) 8M->4M(15M) 0.522ms
[22.304s][info][gc] GC(692) Pause Young (Allocation Failure) 8M->4M(15M) 0.776ms
[22.310s][info][gc] GC(693) Pause Young (Allocation Failure) 8M->4M(15M) 0.389ms
[22.315s][info][gc] GC(694) Pause Young (Allocation Failure) 8M->4M(15M) 0.381ms
[22.320s][info][gc] GC(695) Pause Young (Allocation Failure) 8M->4M(15M) 0.413ms
[22.325s][info][gc] GC(696) Pause Young (Allocation Failure) 8M->4M(15M) 0.396ms
[22.330s][info][gc] GC(697) Pause Young (Allocation Failure) 8M->4M(15M) 0.432ms
[22.335s][info][gc] GC(698) Pause Young (Allocation Failure) 8M->4M(15M) 0.460ms
[22.340s][info][gc] GC(699) Pause Young (Allocation Failure) 8M->4M(15M) 0.578ms
[22.345s][info][gc] GC(700) Pause Young (Allocation Failure) 8M->4M(15M) 0.548ms
[22.351s][info][gc] GC(701) Pause Young (Allocation Failure) 8M->4M(15M) 0.502ms
[22.356s][info][gc] GC(702) Pause Young (Allocation Failure) 8M->4M(15M) 0.521ms
[22.361s][info][gc] GC(703) Pause Young (Allocation Failure) 8M->4M(15M) 0.497ms
[22.366s][info][gc] GC(704) Pause Young (Allocation Failure) 8M->4M(15M) 0.472ms
[22.371s][info][gc] GC(705) Pause Young (Allocation Failure) 8M->4M(15M) 0.533ms
[22.376s][info][gc] GC(706) Pause Young (Allocation Failure) 8M->4M(15M) 0.474ms
[22.382s][info][gc] GC(707) Pause Young (Allocation Failure) 8M->4M(15M) 0.471ms
[22.388s][info][gc] GC(708) Pause Young (Allocation Failure) 8M->4M(15M) 0.634ms
[22.392s][info][gc] GC(709) Pause Young (Allocation Failure) 8M->4M(15M) 0.587ms
[22.397s][info][gc] GC(710) Pause Young (Allocation Failure) 8M->4M(15M) 0.625ms
[22.403s][info][gc] GC(711) Pause Young (Allocation Failure) 8M->4M(15M) 0.642ms
[22.409s][info][gc] GC(712) Pause Young (Allocation Failure) 8M->4M(15M) 0.646ms
[22.414s][info][gc] GC(713) Pause Young (Allocation Failure) 8M->4M(15M) 0.526ms
[22.419s][info][gc] GC(714) Pause Young (Allocation Failure) 8M->4M(15M) 0.429ms
[22.424s][info][gc] GC(715) Pause Young (Allocation Failure) 8M->4M(15M) 0.432ms
[22.430s][info][gc] GC(716) Pause Young (Allocation Failure) 8M->4M(15M) 0.440ms
[22.435s][info][gc] GC(717) Pause Young (Allocation Failure) 8M->4M(15M) 0.441ms
[22.439s][info][gc] GC(718) Pause Young (Allocation Failure) 8M->4M(15M) 0.471ms
[22.444s][info][gc] GC(719) Pause Young (Allocation Failure) 8M->4M(15M) 0.475ms
[22.449s][info][gc] GC(720) Pause Young (Allocation Failure) 8M->4M(15M) 0.506ms
[22.454s][info][gc] GC(721) Pause Young (Allocation Failure) 8M->4M(15M) 0.437ms
[22.459s][info][gc] GC(722) Pause Young (Allocation Failure) 8M->4M(15M) 0.387ms
[22.464s][info][gc] GC(723) Pause Young (Allocation Failure) 8M->4M(15M) 0.409ms
[22.469s][info][gc] GC(724) Pause Young (Allocation Failure) 8M->4M(15M) 0.383ms
[22.474s][info][gc] GC(725) Pause Young (Allocation Failure) 8M->4M(15M) 0.416ms
[22.479s][info][gc] GC(726) Pause Young (Allocation Failure) 8M->4M(15M) 0.429ms
[22.484s][info][gc] GC(727) Pause Young (Allocation Failure) 8M->4M(15M) 0.503ms
[22.489s][info][gc] GC(728) Pause Young (Allocation Failure) 8M->4M(15M) 0.584ms
[22.494s][info][gc] GC(729) Pause Young (Allocation Failure) 8M->4M(15M) 0.611ms
[22.500s][info][gc] GC(730) Pause Young (Allocation Failure) 8M->4M(15M) 0.595ms
[22.506s][info][gc] GC(731) Pause Young (Allocation Failure) 8M->4M(15M) 0.556ms
[22.511s][info][gc] GC(732) Pause Young (Allocation Failure) 8M->4M(15M) 0.547ms
[22.516s][info][gc] GC(733) Pause Young (Allocation Failure) 8M->4M(15M) 0.648ms
[22.521s][info][gc] GC(734) Pause Young (Allocation Failure) 8M->4M(15M) 0.559ms
[22.530s][info][gc] GC(735) Pause Young (Allocation Failure) 8M->4M(15M) 0.940ms
[22.537s][info][gc] GC(736) Pause Young (Allocation Failure) 8M->4M(15M) 0.403ms
[22.543s][info][gc] GC(737) Pause Young (Allocation Failure) 8M->4M(15M) 0.614ms
[22.548s][info][gc] GC(738) Pause Young (Allocation Failure) 8M->4M(15M) 0.453ms
[22.554s][info][gc] GC(739) Pause Young (Allocation Failure) 8M->4M(15M) 0.445ms
[22.560s][info][gc] GC(740) Pause Young (Allocation Failure) 8M->4M(15M) 0.657ms
[22.567s][info][gc] GC(741) Pause Young (Allocation Failure) 8M->4M(15M) 0.447ms
[22.573s][info][gc] GC(742) Pause Young (Allocation Failure) 8M->4M(15M) 0.482ms
[22.579s][info][gc] GC(743) Pause Young (Allocation Failure) 8M->4M(15M) 0.494ms
[22.584s][info][gc] GC(744) Pause Young (Allocation Failure) 8M->4M(15M) 0.446ms
[22.589s][info][gc] GC(745) Pause Young (Allocation Failure) 8M->4M(15M) 0.468ms
[22.594s][info][gc] GC(746) Pause Young (Allocation Failure) 8M->4M(15M) 0.515ms
[22.599s][info][gc] GC(747) Pause Young (Allocation Failure) 8M->4M(15M) 0.538ms
[22.606s][info][gc] GC(748) Pause Young (Allocation Failure) 8M->4M(15M) 0.669ms
[22.611s][info][gc] GC(749) Pause Young (Allocation Failure) 8M->4M(15M) 0.650ms
[22.616s][info][gc] GC(750) Pause Young (Allocation Failure) 8M->4M(15M) 0.572ms
[22.622s][info][gc] GC(751) Pause Young (Allocation Failure) 8M->4M(15M) 0.695ms
[22.627s][info][gc] GC(752) Pause Young (Allocation Failure) 8M->4M(15M) 0.657ms
[22.633s][info][gc] GC(753) Pause Young (Allocation Failure) 8M->4M(15M) 0.532ms
[22.638s][info][gc] GC(754) Pause Young (Allocation Failure) 8M->4M(15M) 0.634ms
[22.644s][info][gc] GC(755) Pause Young (Allocation Failure) 8M->4M(15M) 0.404ms
[22.649s][info][gc] GC(756) Pause Young (Allocation Failure) 8M->4M(15M) 0.399ms
[22.654s][info][gc] GC(757) Pause Young (Allocation Failure) 8M->4M(15M) 0.463ms
[22.659s][info][gc] GC(758) Pause Young (Allocation Failure) 8M->4M(15M) 0.499ms
[22.664s][info][gc] GC(759) Pause Young (Allocation Failure) 8M->4M(15M) 0.487ms
[22.670s][info][gc] GC(760) Pause Young (Allocation Failure) 8M->4M(15M) 0.795ms
[22.678s][info][gc] GC(761) Pause Young (Allocation Failure) 8M->4M(15M) 0.803ms
[22.689s][info][gc] GC(762) Pause Young (Allocation Failure) 8M->4M(15M) 0.598ms
[22.696s][info][gc] GC(763) Pause Young (Allocation Failure) 8M->4M(15M) 0.496ms
[22.701s][info][gc] GC(764) Pause Young (Allocation Failure) 8M->4M(15M) 0.696ms
[22.709s][info][gc] GC(765) Pause Young (Allocation Failure) 8M->4M(15M) 0.602ms
[22.714s][info][gc] GC(766) Pause Young (Allocation Failure) 8M->4M(15M) 0.586ms
[22.721s][info][gc] GC(767) Pause Young (Allocation Failure) 8M->4M(15M) 0.514ms
[22.726s][info][gc] GC(768) Pause Young (Allocation Failure) 8M->4M(15M) 0.547ms
[22.732s][info][gc] GC(769) Pause Young (Allocation Failure) 8M->4M(15M) 0.850ms
[22.737s][info][gc] GC(770) Pause Young (Allocation Failure) 8M->4M(15M) 0.532ms
[22.742s][info][gc] GC(771) Pause Young (Allocation Failure) 8M->4M(15M) 0.665ms
[22.750s][info][gc] GC(772) Pause Young (Allocation Failure) 8M->4M(15M) 0.707ms
[22.755s][info][gc] GC(773) Pause Young (Allocation Failure) 8M->4M(15M) 0.558ms
[22.760s][info][gc] GC(774) Pause Young (Allocation Failure) 8M->4M(15M) 0.596ms
[22.765s][info][gc] GC(775) Pause Young (Allocation Failure) 8M->4M(15M) 0.664ms
[22.771s][info][gc] GC(776) Pause Young (Allocation Failure) 8M->4M(15M) 0.619ms
[22.776s][info][gc] GC(777) Pause Young (Allocation Failure) 8M->4M(15M) 0.555ms
[22.782s][info][gc] GC(778) Pause Young (Allocation Failure) 8M->4M(15M) 0.553ms
[22.787s][info][gc] GC(779) Pause Young (Allocation Failure) 8M->4M(15M) 0.404ms
[22.792s][info][gc] GC(780) Pause Young (Allocation Failure) 8M->4M(15M) 0.413ms
[22.797s][info][gc] GC(781) Pause Young (Allocation Failure) 8M->4M(15M) 0.414ms
[22.803s][info][gc] GC(782) Pause Young (Allocation Failure) 8M->4M(15M) 0.426ms
[22.808s][info][gc] GC(783) Pause Young (Allocation Failure) 8M->4M(15M) 0.584ms
[22.814s][info][gc] GC(784) Pause Young (Allocation Failure) 8M->4M(15M) 0.479ms
[22.819s][info][gc] GC(785) Pause Young (Allocation Failure) 8M->4M(15M) 0.464ms
[22.824s][info][gc] GC(786) Pause Young (Allocation Failure) 8M->4M(15M) 0.669ms
[22.830s][info][gc] GC(787) Pause Young (Allocation Failure) 8M->4M(15M) 0.513ms
[22.835s][info][gc] GC(788) Pause Young (Allocation Failure) 8M->4M(15M) 0.579ms
[22.840s][info][gc] GC(789) Pause Young (Allocation Failure) 8M->4M(15M) 0.530ms
[22.846s][info][gc] GC(790) Pause Young (Allocation Failure) 8M->4M(15M) 0.527ms
[22.851s][info][gc] GC(791) Pause Young (Allocation Failure) 8M->4M(15M) 0.580ms
[22.856s][info][gc] GC(792) Pause Young (Allocation Failure) 8M->4M(15M) 0.562ms
[22.862s][info][gc] GC(793) Pause Young (Allocation Failure) 8M->4M(15M) 0.558ms
[22.867s][info][gc] GC(794) Pause Young (Allocation Failure) 8M->4M(15M) 0.767ms
[22.874s][info][gc] GC(795) Pause Young (Allocation Failure) 8M->4M(15M) 0.593ms
[22.880s][info][gc] GC(796) Pause Young (Allocation Failure) 8M->4M(15M) 0.381ms
[22.885s][info][gc] GC(797) Pause Young (Allocation Failure) 8M->4M(15M) 0.368ms
[22.891s][info][gc] GC(798) Pause Young (Allocation Failure) 8M->4M(15M) 0.412ms
[22.896s][info][gc] GC(799) Pause Young (Allocation Failure) 8M->4M(15M) 0.399ms
[22.901s][info][gc] GC(800) Pause Young (Allocation Failure) 8M->4M(15M) 0.422ms
[22.906s][info][gc] GC(801) Pause Young (Allocation Failure) 8M->4M(15M) 0.432ms
[22.912s][info][gc] GC(802) Pause Young (Allocation Failure) 8M->4M(15M) 0.481ms
[22.917s][info][gc] GC(803) Pause Young (Allocation Failure) 8M->4M(15M) 0.469ms
[22.922s][info][gc] GC(804) Pause Young (Allocation Failure) 8M->4M(15M) 0.497ms
[22.927s][info][gc] GC(805) Pause Young (Allocation Failure) 8M->4M(15M) 0.492ms
[22.932s][info][gc] GC(806) Pause Young (Allocation Failure) 8M->4M(15M) 0.493ms
[22.937s][info][gc] GC(807) Pause Young (Allocation Failure) 8M->4M(15M) 0.521ms
[22.943s][info][gc] GC(808) Pause Young (Allocation Failure) 8M->4M(15M) 0.499ms
[22.948s][info][gc] GC(809) Pause Young (Allocation Failure) 8M->4M(15M) 0.517ms
[22.954s][info][gc] GC(810) Pause Young (Allocation Failure) 8M->4M(15M) 0.580ms
[22.959s][info][gc] GC(811) Pause Young (Allocation Failure) 8M->4M(15M) 0.618ms
[22.964s][info][gc] GC(812) Pause Young (Allocation Failure) 8M->4M(15M) 0.622ms
[22.969s][info][gc] GC(813) Pause Young (Allocation Failure) 8M->4M(15M) 0.543ms
[22.975s][info][gc] GC(814) Pause Young (Allocation Failure) 8M->4M(15M) 0.506ms
[22.980s][info][gc] GC(815) Pause Young (Allocation Failure) 8M->4M(15M) 0.533ms
[22.985s][info][gc] GC(816) Pause Young (Allocation Failure) 8M->4M(15M) 0.353ms
[22.990s][info][gc] GC(817) Pause Young (Allocation Failure) 8M->4M(15M) 0.359ms
[22.995s][info][gc] GC(818) Pause Young (Allocation Failure) 8M->4M(15M) 0.361ms
[23.000s][info][gc] GC(819) Pause Young (Allocation Failure) 8M->4M(15M) 0.383ms
[23.006s][info][gc] GC(820) Pause Young (Allocation Failure) 8M->4M(15M) 0.519ms
[23.011s][info][gc] GC(821) Pause Young (Allocation Failure) 8M->4M(15M) 0.509ms
[23.016s][info][gc] GC(822) Pause Young (Allocation Failure) 8M->4M(15M) 0.497ms
[23.022s][info][gc] GC(823) Pause Young (Allocation Failure) 8M->4M(15M) 0.482ms
[23.028s][info][gc] GC(824) Pause Young (Allocation Failure) 8M->4M(15M) 0.527ms
[23.033s][info][gc] GC(825) Pause Young (Allocation Failure) 8M->4M(15M) 0.524ms
[23.038s][info][gc] GC(826) Pause Young (Allocation Failure) 8M->4M(15M) 0.551ms
[23.043s][info][gc] GC(827) Pause Young (Allocation Failure) 8M->4M(15M) 0.589ms
[23.048s][info][gc] GC(828) Pause Young (Allocation Failure) 8M->4M(15M) 0.593ms
[23.053s][info][gc] GC(829) Pause Young (Allocation Failure) 8M->4M(15M) 0.623ms
[23.059s][info][gc] GC(830) Pause Young (Allocation Failure) 8M->4M(15M) 0.785ms
[23.068s][info][gc] GC(831) Pause Young (Allocation Failure) 8M->4M(15M) 1.000ms
[23.074s][info][gc] GC(832) Pause Young (Allocation Failure) 8M->4M(15M) 0.624ms
[23.078s][info][gc] GC(833) Pause Young (Allocation Failure) 8M->4M(15M) 0.443ms
[23.084s][info][gc] GC(834) Pause Young (Allocation Failure) 8M->4M(15M) 0.596ms
[23.088s][info][gc] GC(835) Pause Young (Allocation Failure) 8M->4M(15M) 0.476ms
[23.093s][info][gc] GC(836) Pause Young (Allocation Failure) 8M->4M(15M) 0.486ms
[23.099s][info][gc] GC(837) Pause Young (Allocation Failure) 8M->4M(15M) 0.462ms
[23.104s][info][gc] GC(838) Pause Young (Allocation Failure) 8M->4M(15M) 0.462ms
[23.109s][info][gc] GC(839) Pause Young (Allocation Failure) 8M->4M(15M) 0.460ms
[23.115s][info][gc] GC(840) Pause Young (Allocation Failure) 8M->4M(15M) 0.788ms
[23.121s][info][gc] GC(841) Pause Young (Allocation Failure) 8M->4M(15M) 0.548ms
[23.127s][info][gc] GC(842) Pause Young (Allocation Failure) 8M->4M(15M) 0.531ms
[23.132s][info][gc] GC(843) Pause Young (Allocation Failure) 8M->4M(15M) 0.732ms
[23.137s][info][gc] GC(844) Pause Young (Allocation Failure) 8M->4M(15M) 0.533ms
[23.142s][info][gc] GC(845) Pause Young (Allocation Failure) 8M->4M(15M) 0.539ms
[23.147s][info][gc] GC(846) Pause Young (Allocation Failure) 8M->4M(15M) 0.680ms
[23.153s][info][gc] GC(847) Pause Young (Allocation Failure) 8M->4M(15M) 0.580ms
[23.157s][info][gc] GC(848) Pause Young (Allocation Failure) 8M->4M(15M) 0.560ms
[23.163s][info][gc] GC(849) Pause Young (Allocation Failure) 8M->4M(15M) 0.546ms
[23.170s][info][gc] GC(850) Pause Young (Allocation Failure) 8M->4M(15M) 0.578ms
[23.178s][info][gc] GC(851) Pause Young (Allocation Failure) 8M->4M(15M) 0.812ms
[23.186s][info][gc] GC(852) Pause Young (Allocation Failure) 8M->4M(15M) 0.776ms
[23.194s][info][gc] GC(853) Pause Young (Allocation Failure) 8M->4M(15M) 0.820ms
[23.201s][info][gc] GC(854) Pause Young (Allocation Failure) 8M->4M(15M) 0.650ms
[23.208s][info][gc] GC(855) Pause Young (Allocation Failure) 8M->4M(15M) 0.487ms
[23.220s][info][gc] GC(856) Pause Young (Allocation Failure) 8M->4M(15M) 0.642ms
[23.227s][info][gc] GC(857) Pause Young (Allocation Failure) 8M->4M(15M) 0.454ms
[23.233s][info][gc] GC(858) Pause Young (Allocation Failure) 8M->4M(15M) 0.445ms
[23.238s][info][gc] GC(859) Pause Young (Allocation Failure) 8M->4M(15M) 0.463ms
[23.243s][info][gc] GC(860) Pause Young (Allocation Failure) 8M->4M(15M) 0.576ms
[23.248s][info][gc] GC(861) Pause Young (Allocation Failure) 8M->4M(15M) 0.482ms
[23.254s][info][gc] GC(862) Pause Young (Allocation Failure) 8M->4M(15M) 0.475ms
[23.259s][info][gc] GC(863) Pause Young (Allocation Failure) 8M->4M(15M) 0.474ms
[23.264s][info][gc] GC(864) Pause Young (Allocation Failure) 8M->4M(15M) 0.527ms
[23.269s][info][gc] GC(865) Pause Young (Allocation Failure) 8M->4M(15M) 0.540ms
[23.274s][info][gc] GC(866) Pause Young (Allocation Failure) 8M->4M(15M) 0.552ms
[23.280s][info][gc] GC(867) Pause Young (Allocation Failure) 8M->4M(15M) 0.529ms
[23.286s][info][gc] GC(868) Pause Young (Allocation Failure) 8M->4M(15M) 0.561ms
[23.291s][info][gc] GC(869) Pause Young (Allocation Failure) 8M->4M(15M) 0.623ms
[23.297s][info][gc] GC(870) Pause Young (Allocation Failure) 8M->4M(15M) 0.642ms
[23.302s][info][gc] GC(871) Pause Young (Allocation Failure) 8M->4M(15M) 0.559ms
[23.307s][info][gc] GC(872) Pause Young (Allocation Failure) 8M->4M(15M) 0.596ms
[23.312s][info][gc] GC(873) Pause Young (Allocation Failure) 8M->4M(15M) 0.409ms
[23.317s][info][gc] GC(874) Pause Young (Allocation Failure) 8M->4M(15M) 0.400ms
[23.322s][info][gc] GC(875) Pause Young (Allocation Failure) 8M->4M(15M) 0.414ms
[23.328s][info][gc] GC(876) Pause Young (Allocation Failure) 8M->4M(15M) 0.437ms
[23.333s][info][gc] GC(877) Pause Young (Allocation Failure) 8M->4M(15M) 0.491ms
[23.338s][info][gc] GC(878) Pause Young (Allocation Failure) 8M->4M(15M) 0.532ms
[23.344s][info][gc] GC(879) Pause Young (Allocation Failure) 8M->4M(15M) 0.412ms
[23.349s][info][gc] GC(880) Pause Young (Allocation Failure) 8M->4M(15M) 0.394ms
[23.354s][info][gc] GC(881) Pause Young (Allocation Failure) 8M->4M(15M) 0.399ms
[23.359s][info][gc] GC(882) Pause Young (Allocation Failure) 8M->4M(15M) 0.538ms
[23.365s][info][gc] GC(883) Pause Young (Allocation Failure) 8M->4M(15M) 0.452ms
[23.370s][info][gc] GC(884) Pause Young (Allocation Failure) 8M->4M(15M) 0.490ms
[23.375s][info][gc] GC(885) Pause Young (Allocation Failure) 8M->4M(15M) 0.500ms
[23.380s][info][gc] GC(886) Pause Young (Allocation Failure) 8M->4M(15M) 0.543ms
[23.385s][info][gc] GC(887) Pause Young (Allocation Failure) 8M->4M(15M) 0.568ms
[23.392s][info][gc] GC(888) Pause Young (Allocation Failure) 8M->4M(15M) 0.676ms
[23.398s][info][gc] GC(889) Pause Young (Allocation Failure) 8M->4M(15M) 0.558ms
[23.403s][info][gc] GC(890) Pause Young (Allocation Failure) 8M->4M(15M) 0.642ms
[23.408s][info][gc] GC(891) Pause Young (Allocation Failure) 8M->4M(15M) 0.561ms
[23.414s][info][gc] GC(892) Pause Young (Allocation Failure) 8M->4M(15M) 0.563ms
[23.420s][info][gc] GC(893) Pause Young (Allocation Failure) 8M->4M(15M) 0.863ms
[23.425s][info][gc] GC(894) Pause Young (Allocation Failure) 8M->4M(15M) 0.515ms
[23.430s][info][gc] GC(895) Pause Young (Allocation Failure) 8M->4M(15M) 0.429ms
[23.435s][info][gc] GC(896) Pause Young (Allocation Failure) 8M->4M(15M) 0.445ms
[23.441s][info][gc] GC(897) Pause Young (Allocation Failure) 8M->4M(15M) 0.467ms
[23.445s][info][gc] GC(898) Pause Young (Allocation Failure) 8M->4M(15M) 0.450ms
[23.451s][info][gc] GC(899) Pause Young (Allocation Failure) 8M->4M(15M) 0.490ms
[23.456s][info][gc] GC(900) Pause Young (Allocation Failure) 8M->4M(15M) 0.472ms
[23.461s][info][gc] GC(901) Pause Young (Allocation Failure) 8M->4M(15M) 0.448ms
[23.466s][info][gc] GC(902) Pause Young (Allocation Failure) 8M->4M(15M) 0.433ms
[23.474s][info][gc] GC(903) Pause Young (Allocation Failure) 8M->4M(15M) 0.556ms
[23.479s][info][gc] GC(904) Pause Young (Allocation Failure) 8M->4M(15M) 0.504ms
[23.485s][info][gc] GC(905) Pause Young (Allocation Failure) 8M->4M(15M) 0.600ms
[23.490s][info][gc] GC(906) Pause Young (Allocation Failure) 8M->4M(15M) 0.550ms
[23.495s][info][gc] GC(907) Pause Young (Allocation Failure) 8M->4M(15M) 0.560ms
[23.500s][info][gc] GC(908) Pause Young (Allocation Failure) 8M->4M(15M) 0.618ms
[23.505s][info][gc] GC(909) Pause Young (Allocation Failure) 8M->4M(15M) 0.591ms
[23.510s][info][gc] GC(910) Pause Young (Allocation Failure) 8M->4M(15M) 0.579ms
[23.515s][info][gc] GC(911) Pause Young (Allocation Failure) 8M->4M(15M) 0.651ms
[23.520s][info][gc] GC(912) Pause Young (Allocation Failure) 8M->4M(15M) 0.560ms
[23.526s][info][gc] GC(913) Pause Young (Allocation Failure) 8M->4M(15M) 0.800ms
[23.531s][info][gc] GC(914) Pause Young (Allocation Failure) 8M->4M(15M) 0.557ms
[23.538s][info][gc] GC(915) Pause Young (Allocation Failure) 8M->4M(15M) 0.557ms
[23.546s][info][gc] GC(916) Pause Young (Allocation Failure) 8M->4M(15M) 0.627ms
[23.552s][info][gc] GC(917) Pause Young (Allocation Failure) 8M->4M(15M) 0.428ms
[23.556s][info][gc] GC(918) Pause Young (Allocation Failure) 8M->4M(15M) 0.409ms
[23.561s][info][gc] GC(919) Pause Young (Allocation Failure) 8M->4M(15M) 0.448ms
[23.567s][info][gc] GC(920) Pause Young (Allocation Failure) 8M->4M(15M) 0.490ms
[23.572s][info][gc] GC(921) Pause Young (Allocation Failure) 8M->4M(15M) 0.447ms
[23.576s][info][gc] GC(922) Pause Young (Allocation Failure) 8M->4M(15M) 0.491ms
[23.582s][info][gc] GC(923) Pause Young (Allocation Failure) 8M->4M(15M) 0.491ms
[23.587s][info][gc] GC(924) Pause Young (Allocation Failure) 8M->4M(15M) 0.424ms
[23.592s][info][gc] GC(925) Pause Young (Allocation Failure) 8M->4M(15M) 0.439ms
[23.597s][info][gc] GC(926) Pause Young (Allocation Failure) 8M->4M(15M) 0.525ms
[23.602s][info][gc] GC(927) Pause Young (Allocation Failure) 8M->4M(15M) 0.573ms
[23.607s][info][gc] GC(928) Pause Young (Allocation Failure) 8M->4M(15M) 0.556ms
[23.614s][info][gc] GC(929) Pause Young (Allocation Failure) 8M->4M(15M) 0.811ms
[23.620s][info][gc] GC(930) Pause Young (Allocation Failure) 8M->4M(15M) 0.597ms
[23.625s][info][gc] GC(931) Pause Young (Allocation Failure) 8M->4M(15M) 0.623ms
[23.631s][info][gc] GC(932) Pause Young (Allocation Failure) 8M->4M(15M) 0.621ms
[23.636s][info][gc] GC(933) Pause Young (Allocation Failure) 8M->4M(15M) 0.603ms
[23.642s][info][gc] GC(934) Pause Young (Allocation Failure) 8M->4M(15M) 0.651ms
[23.648s][info][gc] GC(935) Pause Young (Allocation Failure) 8M->4M(15M) 0.523ms
[23.653s][info][gc] GC(936) Pause Young (Allocation Failure) 8M->4M(15M) 0.515ms
[23.658s][info][gc] GC(937) Pause Young (Allocation Failure) 8M->4M(15M) 0.746ms
[23.663s][info][gc] GC(938) Pause Young (Allocation Failure) 8M->4M(15M) 0.386ms
[23.670s][info][gc] GC(939) Pause Young (Allocation Failure) 8M->4M(15M) 0.613ms
[23.675s][info][gc] GC(940) Pause Young (Allocation Failure) 8M->4M(15M) 0.434ms
[23.684s][info][gc] GC(941) Pause Young (Allocation Failure) 8M->4M(15M) 0.900ms
[23.691s][info][gc] GC(942) Pause Young (Allocation Failure) 8M->4M(15M) 0.797ms
[23.698s][info][gc] GC(943) Pause Young (Allocation Failure) 8M->4M(15M) 0.730ms
[23.703s][info][gc] GC(944) Pause Young (Allocation Failure) 8M->4M(15M) 0.479ms
[23.708s][info][gc] GC(945) Pause Young (Allocation Failure) 8M->4M(15M) 0.502ms
[23.713s][info][gc] GC(946) Pause Young (Allocation Failure) 8M->4M(15M) 0.439ms
[23.718s][info][gc] GC(947) Pause Young (Allocation Failure) 8M->4M(15M) 0.442ms
[23.725s][info][gc] GC(948) Pause Young (Allocation Failure) 8M->4M(15M) 0.465ms
[23.730s][info][gc] GC(949) Pause Young (Allocation Failure) 8M->4M(15M) 0.453ms
[23.735s][info][gc] GC(950) Pause Young (Allocation Failure) 8M->4M(15M) 0.482ms
[23.740s][info][gc] GC(951) Pause Young (Allocation Failure) 8M->4M(15M) 0.474ms
[23.745s][info][gc] GC(952) Pause Young (Allocation Failure) 8M->4M(15M) 0.545ms
[23.750s][info][gc] GC(953) Pause Young (Allocation Failure) 8M->4M(15M) 0.534ms
[23.755s][info][gc] GC(954) Pause Young (Allocation Failure) 8M->4M(15M) 0.566ms
[23.761s][info][gc] GC(955) Pause Young (Allocation Failure) 8M->4M(15M) 0.605ms
[23.766s][info][gc] GC(956) Pause Young (Allocation Failure) 8M->4M(15M) 0.630ms
[23.771s][info][gc] GC(957) Pause Young (Allocation Failure) 8M->4M(15M) 0.607ms
[23.776s][info][gc] GC(958) Pause Young (Allocation Failure) 8M->4M(15M) 0.611ms
[23.782s][info][gc] GC(959) Pause Young (Allocation Failure) 8M->4M(15M) 0.582ms
[23.788s][info][gc] GC(960) Pause Young (Allocation Failure) 8M->4M(15M) 0.575ms
[23.793s][info][gc] GC(961) Pause Young (Allocation Failure) 8M->4M(15M) 0.620ms
[23.798s][info][gc] GC(962) Pause Young (Allocation Failure) 8M->4M(15M) 0.335ms
[23.803s][info][gc] GC(963) Pause Young (Allocation Failure) 8M->4M(15M) 0.423ms
[23.808s][info][gc] GC(964) Pause Young (Allocation Failure) 8M->4M(15M) 0.852ms
[23.814s][info][gc] GC(965) Pause Young (Allocation Failure) 8M->4M(15M) 1.062ms
[23.820s][info][gc] GC(966) Pause Young (Allocation Failure) 8M->4M(15M) 0.482ms
[23.828s][info][gc] GC(967) Pause Young (Allocation Failure) 8M->4M(15M) 0.472ms
[23.837s][info][gc] GC(968) Pause Young (Allocation Failure) 8M->4M(15M) 0.534ms
[23.844s][info][gc] GC(969) Pause Young (Allocation Failure) 8M->4M(15M) 0.557ms
[23.851s][info][gc] GC(970) Pause Young (Allocation Failure) 8M->4M(15M) 0.580ms
[23.859s][info][gc] GC(971) Pause Young (Allocation Failure) 8M->4M(15M) 0.569ms
[23.868s][info][gc] GC(972) Pause Young (Allocation Failure) 8M->4M(15M) 1.215ms
[23.876s][info][gc] GC(973) Pause Young (Allocation Failure) 8M->4M(15M) 0.567ms
[23.882s][info][gc] GC(974) Pause Young (Allocation Failure) 8M->4M(15M) 0.594ms
[23.887s][info][gc] GC(975) Pause Young (Allocation Failure) 8M->4M(15M) 0.602ms
[23.896s][info][gc] GC(976) Pause Young (Allocation Failure) 8M->4M(15M) 0.919ms
[23.905s][info][gc] GC(977) Pause Young (Allocation Failure) 8M->4M(15M) 0.601ms
[23.912s][info][gc] GC(978) Pause Young (Allocation Failure) 8M->4M(15M) 1.152ms
[23.920s][info][gc] GC(979) Pause Young (Allocation Failure) 8M->4M(15M) 0.635ms
[23.929s][info][gc] GC(980) Pause Young (Allocation Failure) 8M->4M(15M) 1.275ms
[23.934s][info][gc] GC(981) Pause Young (Allocation Failure) 8M->4M(15M) 0.442ms
[23.940s][info][gc] GC(982) Pause Young (Allocation Failure) 8M->4M(15M) 0.634ms
[23.945s][info][gc] GC(983) Pause Young (Allocation Failure) 8M->4M(15M) 0.885ms
[23.951s][info][gc] GC(984) Pause Young (Allocation Failure) 8M->4M(15M) 0.887ms
[23.959s][info][gc] GC(985) Pause Young (Allocation Failure) 8M->4M(15M) 0.523ms
[23.964s][info][gc] GC(986) Pause Young (Allocation Failure) 8M->4M(15M) 0.810ms
[23.972s][info][gc] GC(987) Pause Young (Allocation Failure) 8M->4M(15M) 0.510ms
[23.980s][info][gc] GC(988) Pause Young (Allocation Failure) 8M->4M(15M) 0.737ms
[23.989s][info][gc] GC(989) Pause Young (Allocation Failure) 8M->4M(15M) 0.820ms
[23.997s][info][gc] GC(990) Pause Young (Allocation Failure) 8M->4M(15M) 1.081ms
[24.004s][info][gc] GC(991) Pause Young (Allocation Failure) 8M->4M(15M) 0.667ms
[24.011s][info][gc] GC(992) Pause Young (Allocation Failure) 8M->4M(15M) 0.879ms
[24.019s][info][gc] GC(993) Pause Young (Allocation Failure) 8M->4M(15M) 0.898ms
[24.027s][info][gc] GC(994) Pause Young (Allocation Failure) 8M->4M(15M) 0.889ms
[24.036s][info][gc] GC(995) Pause Young (Allocation Failure) 8M->4M(15M) 0.878ms
[24.045s][info][gc] GC(996) Pause Young (Allocation Failure) 8M->4M(15M) 1.066ms
[24.053s][info][gc] GC(997) Pause Young (Allocation Failure) 8M->4M(15M) 0.863ms
[24.061s][info][gc] GC(998) Pause Young (Allocation Failure) 8M->4M(15M) 0.617ms
[24.069s][info][gc] GC(999) Pause Young (Allocation Failure) 8M->4M(15M) 0.640ms
[24.076s][info][gc] GC(1000) Pause Young (Allocation Failure) 8M->4M(15M) 0.612ms
[24.085s][info][gc] GC(1001) Pause Young (Allocation Failure) 8M->4M(15M) 1.178ms
[24.093s][info][gc] GC(1002) Pause Young (Allocation Failure) 8M->4M(15M) 0.748ms
[24.104s][info][gc] GC(1003) Pause Young (Allocation Failure) 8M->4M(15M) 0.883ms
[24.110s][info][gc] GC(1004) Pause Young (Allocation Failure) 8M->4M(15M) 0.952ms
[24.116s][info][gc] GC(1005) Pause Young (Allocation Failure) 8M->4M(15M) 1.035ms
[24.123s][info][gc] GC(1006) Pause Young (Allocation Failure) 8M->4M(15M) 0.510ms
[24.130s][info][gc] GC(1007) Pause Young (Allocation Failure) 8M->4M(15M) 0.937ms
[24.137s][info][gc] GC(1008) Pause Young (Allocation Failure) 8M->4M(15M) 0.546ms
[24.143s][info][gc] GC(1009) Pause Young (Allocation Failure) 8M->4M(15M) 0.651ms
[24.149s][info][gc] GC(1010) Pause Young (Allocation Failure) 8M->4M(15M) 0.562ms
[24.155s][info][gc] GC(1011) Pause Young (Allocation Failure) 8M->4M(15M) 0.586ms
[24.160s][info][gc] GC(1012) Pause Young (Allocation Failure) 8M->4M(15M) 0.683ms
[24.165s][info][gc] GC(1013) Pause Young (Allocation Failure) 8M->4M(15M) 0.543ms
[24.172s][info][gc] GC(1014) Pause Young (Allocation Failure) 8M->4M(15M) 0.586ms
[24.178s][info][gc] GC(1015) Pause Young (Allocation Failure) 8M->4M(15M) 0.600ms
[24.185s][info][gc] GC(1016) Pause Young (Allocation Failure) 8M->4M(15M) 0.597ms
[24.191s][info][gc] GC(1017) Pause Young (Allocation Failure) 8M->4M(15M) 0.518ms
[24.198s][info][gc] GC(1018) Pause Young (Allocation Failure) 8M->4M(15M) 0.393ms
[24.204s][info][gc] GC(1019) Pause Young (Allocation Failure) 8M->4M(15M) 0.421ms
[24.210s][info][gc] GC(1020) Pause Young (Allocation Failure) 8M->4M(15M) 0.495ms
[24.218s][info][gc] GC(1021) Pause Young (Allocation Failure) 8M->4M(15M) 0.561ms
[24.224s][info][gc] GC(1022) Pause Young (Allocation Failure) 9M->4M(15M) 0.536ms
[24.230s][info][gc] GC(1023) Pause Young (Allocation Failure) 9M->4M(15M) 0.532ms
[24.235s][info][gc] GC(1024) Pause Young (Allocation Failure) 9M->4M(15M) 0.524ms
[24.241s][info][gc] GC(1025) Pause Young (Allocation Failure) 9M->4M(15M) 0.597ms
[24.246s][info][gc] GC(1026) Pause Young (Allocation Failure) 9M->4M(15M) 0.597ms
[24.251s][info][gc] GC(1027) Pause Young (Allocation Failure) 9M->4M(15M) 0.564ms
[24.256s][info][gc] GC(1028) Pause Young (Allocation Failure) 9M->4M(15M) 0.558ms
[24.261s][info][gc] GC(1029) Pause Young (Allocation Failure) 9M->4M(15M) 0.572ms
[24.266s][info][gc] GC(1030) Pause Young (Allocation Failure) 9M->4M(15M) 0.653ms
[24.272s][info][gc] GC(1031) Pause Young (Allocation Failure) 9M->4M(15M) 0.615ms
[24.277s][info][gc] GC(1032) Pause Young (Allocation Failure) 9M->4M(15M) 0.608ms
[24.283s][info][gc] GC(1033) Pause Young (Allocation Failure) 9M->4M(15M) 0.650ms
[24.288s][info][gc] GC(1034) Pause Young (Allocation Failure) 9M->4M(15M) 0.676ms
[24.294s][info][gc] GC(1035) Pause Young (Allocation Failure) 9M->4M(15M) 0.771ms
[24.299s][info][gc] GC(1036) Pause Young (Allocation Failure) 9M->4M(15M) 0.632ms
[24.304s][info][gc] GC(1037) Pause Young (Allocation Failure) 9M->4M(15M) 0.657ms
[24.309s][info][gc] GC(1038) Pause Young (Allocation Failure) 9M->4M(15M) 0.547ms
[24.314s][info][gc] GC(1039) Pause Young (Allocation Failure) 9M->4M(15M) 0.385ms
[24.319s][info][gc] GC(1040) Pause Young (Allocation Failure) 8M->4M(15M) 0.430ms
[24.323s][info][gc] GC(1041) Pause Young (Allocation Failure) 9M->4M(15M) 0.412ms
[24.329s][info][gc] GC(1042) Pause Young (Allocation Failure) 9M->4M(15M) 0.369ms
[24.336s][info][gc] GC(1043) Pause Young (Allocation Failure) 9M->4M(15M) 0.572ms
[24.342s][info][gc] GC(1044) Pause Young (Allocation Failure) 9M->4M(15M) 0.643ms
[24.350s][info][gc] GC(1045) Pause Young (Allocation Failure) 9M->4M(15M) 0.660ms
[24.358s][info][gc] GC(1046) Pause Young (Allocation Failure) 9M->4M(15M) 0.497ms
[24.363s][info][gc] GC(1047) Pause Young (Allocation Failure) 9M->4M(15M) 0.704ms
[24.368s][info][gc] GC(1048) Pause Young (Allocation Failure) 9M->4M(15M) 0.739ms
[24.374s][info][gc] GC(1049) Pause Young (Allocation Failure) 9M->4M(15M) 0.554ms
[24.381s][info][gc] GC(1050) Pause Young (Allocation Failure) 9M->4M(15M) 0.521ms
[24.388s][info][gc] GC(1051) Pause Young (Allocation Failure) 9M->4M(15M) 0.528ms
[24.393s][info][gc] GC(1052) Pause Young (Allocation Failure) 9M->4M(15M) 0.584ms
[24.398s][info][gc] GC(1053) Pause Young (Allocation Failure) 9M->4M(15M) 0.557ms
[24.403s][info][gc] GC(1054) Pause Young (Allocation Failure) 9M->4M(15M) 0.568ms
[24.408s][info][gc] GC(1055) Pause Young (Allocation Failure) 9M->4M(15M) 0.571ms
[24.413s][info][gc] GC(1056) Pause Young (Allocation Failure) 9M->4M(15M) 0.535ms
[24.418s][info][gc] GC(1057) Pause Young (Allocation Failure) 9M->4M(15M) 0.894ms
[24.424s][info][gc] GC(1058) Pause Young (Allocation Failure) 9M->4M(15M) 0.604ms
[24.429s][info][gc] GC(1059) Pause Young (Allocation Failure) 9M->4M(15M) 0.593ms
[24.434s][info][gc] GC(1060) Pause Young (Allocation Failure) 9M->4M(15M) 0.404ms
[24.439s][info][gc] GC(1061) Pause Young (Allocation Failure) 9M->4M(15M) 0.403ms
[24.444s][info][gc] GC(1062) Pause Young (Allocation Failure) 9M->4M(15M) 0.454ms
[24.450s][info][gc] GC(1063) Pause Young (Allocation Failure) 9M->4M(15M) 0.471ms
[24.455s][info][gc] GC(1064) Pause Young (Allocation Failure) 9M->4M(15M) 0.475ms
[24.460s][info][gc] GC(1065) Pause Young (Allocation Failure) 9M->4M(15M) 0.487ms
[24.464s][info][gc] GC(1066) Pause Young (Allocation Failure) 9M->4M(15M) 0.499ms
[24.470s][info][gc] GC(1067) Pause Young (Allocation Failure) 9M->4M(15M) 0.535ms
[24.474s][info][gc] GC(1068) Pause Young (Allocation Failure) 9M->4M(15M) 0.535ms
[24.479s][info][gc] GC(1069) Pause Young (Allocation Failure) 9M->4M(15M) 0.514ms
[24.484s][info][gc] GC(1070) Pause Young (Allocation Failure) 9M->4M(15M) 0.601ms
[24.489s][info][gc] GC(1071) Pause Young (Allocation Failure) 9M->4M(15M) 0.602ms
[24.494s][info][gc] GC(1072) Pause Young (Allocation Failure) 9M->4M(15M) 0.565ms
[24.499s][info][gc] GC(1073) Pause Young (Allocation Failure) 9M->4M(15M) 0.598ms
[24.505s][info][gc] GC(1074) Pause Young (Allocation Failure) 9M->4M(15M) 0.555ms
[24.509s][info][gc] GC(1075) Pause Young (Allocation Failure) 9M->4M(15M) 0.558ms
[24.515s][info][gc] GC(1076) Pause Young (Allocation Failure) 9M->4M(15M) 0.553ms
[24.520s][info][gc] GC(1077) Pause Young (Allocation Failure) 9M->4M(15M) 0.391ms
[24.524s][info][gc] GC(1078) Pause Young (Allocation Failure) 9M->4M(15M) 0.436ms
[24.531s][info][gc] GC(1079) Pause Young (Allocation Failure) 9M->4M(15M) 0.502ms
[24.540s][info][gc] GC(1080) Pause Young (Allocation Failure) 9M->4M(15M) 0.713ms
[24.547s][info][gc] GC(1081) Pause Young (Allocation Failure) 9M->4M(15M) 0.600ms
[24.557s][info][gc] GC(1082) Pause Young (Allocation Failure) 9M->4M(15M) 0.652ms
[24.565s][info][gc] GC(1083) Pause Young (Allocation Failure) 9M->4M(15M) 0.712ms
[24.574s][info][gc] GC(1084) Pause Young (Allocation Failure) 9M->4M(15M) 0.764ms
[24.583s][info][gc] GC(1085) Pause Young (Allocation Failure) 9M->4M(15M) 0.933ms
[24.592s][info][gc] GC(1086) Pause Young (Allocation Failure) 9M->4M(15M) 1.005ms
[24.602s][info][gc] GC(1087) Pause Young (Allocation Failure) 9M->4M(15M) 1.855ms
[24.610s][info][gc] GC(1088) Pause Young (Allocation Failure) 9M->4M(15M) 0.770ms
[24.622s][info][gc] GC(1089) Pause Young (Allocation Failure) 9M->4M(15M) 0.835ms
[24.632s][info][gc] GC(1090) Pause Young (Allocation Failure) 9M->4M(15M) 1.651ms
[24.642s][info][gc] GC(1091) Pause Young (Allocation Failure) 9M->4M(15M) 0.685ms
[24.650s][info][gc] GC(1092) Pause Young (Allocation Failure) 9M->4M(15M) 0.951ms
[24.662s][info][gc] GC(1093) Pause Young (Allocation Failure) 9M->4M(15M) 0.993ms
[24.670s][info][gc] GC(1094) Pause Young (Allocation Failure) 9M->4M(15M) 1.616ms
[24.678s][info][gc] GC(1095) Pause Young (Allocation Failure) 9M->4M(15M) 0.767ms
[24.687s][info][gc] GC(1096) Pause Young (Allocation Failure) 9M->4M(15M) 0.887ms
[24.702s][info][gc] GC(1097) Pause Young (Allocation Failure) 9M->4M(15M) 1.199ms
[24.710s][info][gc] GC(1098) Pause Young (Allocation Failure) 9M->4M(15M) 0.653ms
[24.715s][info][gc] GC(1099) Pause Young (Allocation Failure) 9M->4M(15M) 0.550ms
[24.722s][info][gc] GC(1100) Pause Young (Allocation Failure) 9M->4M(15M) 0.861ms
[24.729s][info][gc] GC(1101) Pause Young (Allocation Failure) 9M->4M(15M) 0.666ms
[24.736s][info][gc] GC(1102) Pause Young (Allocation Failure) 9M->4M(15M) 0.934ms
[24.742s][info][gc] GC(1103) Pause Young (Allocation Failure) 9M->4M(15M) 0.605ms
[24.750s][info][gc] GC(1104) Pause Young (Allocation Failure) 9M->4M(15M) 0.640ms
[24.757s][info][gc] GC(1105) Pause Young (Allocation Failure) 9M->4M(15M) 0.775ms
[24.764s][info][gc] GC(1106) Pause Young (Allocation Failure) 9M->4M(15M) 0.430ms
[24.771s][info][gc] GC(1107) Pause Young (Allocation Failure) 9M->4M(15M) 0.477ms
[24.778s][info][gc] GC(1108) Pause Young (Allocation Failure) 9M->4M(15M) 0.736ms
[24.785s][info][gc] GC(1109) Pause Young (Allocation Failure) 9M->4M(15M) 0.948ms
[24.794s][info][gc] GC(1110) Pause Young (Allocation Failure) 9M->4M(15M) 0.745ms
[24.803s][info][gc] GC(1111) Pause Young (Allocation Failure) 9M->4M(15M) 0.802ms
[24.812s][info][gc] GC(1112) Pause Young (Allocation Failure) 9M->4M(15M) 0.776ms
[24.820s][info][gc] GC(1113) Pause Young (Allocation Failure) 9M->4M(15M) 0.783ms
[24.829s][info][gc] GC(1114) Pause Young (Allocation Failure) 9M->4M(15M) 1.071ms
[24.837s][info][gc] GC(1115) Pause Young (Allocation Failure) 9M->4M(15M) 0.862ms
[24.859s][info][gc] GC(1116) Pause Young (Allocation Failure) 9M->4M(15M) 1.181ms
[24.866s][info][gc] GC(1117) Pause Young (Allocation Failure) 9M->4M(15M) 0.684ms
[24.874s][info][gc] GC(1118) Pause Young (Allocation Failure) 9M->4M(15M) 0.849ms
[24.882s][info][gc] GC(1119) Pause Young (Allocation Failure) 9M->4M(15M) 0.839ms
[24.891s][info][gc] GC(1120) Pause Young (Allocation Failure) 9M->4M(15M) 0.917ms
[24.898s][info][gc] GC(1121) Pause Young (Allocation Failure) 9M->4M(15M) 0.584ms
[24.907s][info][gc] GC(1122) Pause Young (Allocation Failure) 9M->4M(15M) 0.627ms
[24.915s][info][gc] GC(1123) Pause Young (Allocation Failure) 9M->4M(15M) 0.667ms
[24.923s][info][gc] GC(1124) Pause Young (Allocation Failure) 9M->4M(15M) 0.616ms
[24.931s][info][gc] GC(1125) Pause Young (Allocation Failure) 9M->4M(15M) 0.659ms
[24.940s][info][gc] GC(1126) Pause Young (Allocation Failure) 9M->4M(15M) 0.714ms
[24.948s][info][gc] GC(1127) Pause Young (Allocation Failure) 9M->4M(15M) 0.717ms
[24.956s][info][gc] GC(1128) Pause Young (Allocation Failure) 9M->4M(15M) 0.771ms
[24.965s][info][gc] GC(1129) Pause Young (Allocation Failure) 9M->4M(15M) 0.767ms
[24.971s][info][gc] GC(1130) Pause Young (Allocation Failure) 9M->4M(15M) 0.755ms
[24.980s][info][gc] GC(1131) Pause Young (Allocation Failure) 9M->4M(15M) 0.852ms
[24.988s][info][gc] GC(1132) Pause Young (Allocation Failure) 9M->4M(15M) 0.825ms
[24.997s][info][gc] GC(1133) Pause Young (Allocation Failure) 9M->4M(15M) 0.853ms
[25.005s][info][gc] GC(1134) Pause Young (Allocation Failure) 9M->4M(15M) 0.753ms
[25.013s][info][gc] GC(1135) Pause Young (Allocation Failure) 9M->4M(15M) 0.823ms
[25.022s][info][gc] GC(1136) Pause Young (Allocation Failure) 9M->4M(15M) 0.787ms
[25.032s][info][gc] GC(1137) Pause Young (Allocation Failure) 9M->4M(15M) 1.345ms
[25.041s][info][gc] GC(1138) Pause Young (Allocation Failure) 9M->4M(15M) 1.435ms
[25.048s][info][gc] GC(1139) Pause Young (Allocation Failure) 9M->4M(15M) 0.612ms
[25.055s][info][gc] GC(1140) Pause Young (Allocation Failure) 9M->4M(15M) 0.397ms
[25.061s][info][gc] GC(1141) Pause Young (Allocation Failure) 9M->4M(15M) 0.643ms
[25.070s][info][gc] GC(1142) Pause Young (Allocation Failure) 9M->4M(15M) 0.669ms
[25.079s][info][gc] GC(1143) Pause Young (Allocation Failure) 9M->4M(15M) 0.650ms
[25.086s][info][gc] GC(1144) Pause Young (Allocation Failure) 9M->4M(15M) 0.646ms
[25.095s][info][gc] GC(1145) Pause Young (Allocation Failure) 9M->4M(15M) 0.683ms
[25.103s][info][gc] GC(1146) Pause Young (Allocation Failure) 9M->4M(15M) 0.689ms
[25.113s][info][gc] GC(1147) Pause Young (Allocation Failure) 9M->4M(15M) 0.743ms
[25.121s][info][gc] GC(1148) Pause Young (Allocation Failure) 9M->4M(15M) 0.764ms
[25.130s][info][gc] GC(1149) Pause Young (Allocation Failure) 9M->4M(15M) 0.793ms
[25.138s][info][gc] GC(1150) Pause Young (Allocation Failure) 9M->4M(15M) 0.785ms
[25.147s][info][gc] GC(1151) Pause Young (Allocation Failure) 9M->4M(15M) 0.760ms
[25.156s][info][gc] GC(1152) Pause Young (Allocation Failure) 9M->4M(15M) 0.799ms
[25.164s][info][gc] GC(1153) Pause Young (Allocation Failure) 9M->4M(15M) 0.722ms
[25.172s][info][gc] GC(1154) Pause Young (Allocation Failure) 9M->4M(15M) 0.836ms
[25.181s][info][gc] GC(1155) Pause Young (Allocation Failure) 9M->4M(15M) 0.799ms
[25.187s][info][gc] GC(1156) Pause Young (Allocation Failure) 9M->4M(15M) 0.555ms
[25.195s][info][gc] GC(1157) Pause Young (Allocation Failure) 9M->4M(15M) 0.841ms
[25.203s][info][gc] GC(1158) Pause Young (Allocation Failure) 9M->4M(15M) 0.808ms
[25.212s][info][gc] GC(1159) Pause Young (Allocation Failure) 9M->4M(15M) 0.812ms
[25.220s][info][gc] GC(1160) Pause Young (Allocation Failure) 9M->4M(15M) 0.826ms
[25.228s][info][gc] GC(1161) Pause Young (Allocation Failure) 9M->4M(15M) 0.557ms
[25.237s][info][gc] GC(1162) Pause Young (Allocation Failure) 9M->4M(15M) 0.626ms
[25.245s][info][gc] GC(1163) Pause Young (Allocation Failure) 9M->4M(15M) 0.620ms
[25.253s][info][gc] GC(1164) Pause Young (Allocation Failure) 9M->4M(15M) 0.517ms
[25.259s][info][gc] GC(1165) Pause Young (Allocation Failure) 9M->4M(15M) 0.602ms
[25.267s][info][gc] GC(1166) Pause Young (Allocation Failure) 9M->4M(15M) 0.695ms
[25.274s][info][gc] GC(1167) Pause Young (Allocation Failure) 9M->4M(15M) 0.684ms
[25.283s][info][gc] GC(1168) Pause Young (Allocation Failure) 9M->4M(15M) 0.908ms
[25.288s][info][gc] GC(1169) Pause Young (Allocation Failure) 9M->4M(15M) 0.495ms
[25.296s][info][gc] GC(1170) Pause Young (Allocation Failure) 9M->4M(15M) 0.541ms
[25.301s][info][gc] GC(1171) Pause Young (Allocation Failure) 9M->4M(15M) 0.517ms
[25.308s][info][gc] GC(1172) Pause Young (Allocation Failure) 9M->4M(15M) 0.803ms
[25.316s][info][gc] GC(1173) Pause Young (Allocation Failure) 9M->4M(15M) 0.779ms
[25.324s][info][gc] GC(1174) Pause Young (Allocation Failure) 9M->4M(15M) 0.793ms
[25.333s][info][gc] GC(1175) Pause Young (Allocation Failure) 9M->4M(15M) 0.808ms
[25.341s][info][gc] GC(1176) Pause Young (Allocation Failure) 9M->4M(15M) 0.901ms
[25.348s][info][gc] GC(1177) Pause Young (Allocation Failure) 9M->4M(15M) 0.704ms
[25.354s][info][gc] GC(1178) Pause Young (Allocation Failure) 9M->4M(15M) 0.882ms
[25.363s][info][gc] GC(1179) Pause Young (Allocation Failure) 9M->4M(15M) 1.140ms
[25.372s][info][gc] GC(1180) Pause Young (Allocation Failure) 9M->4M(15M) 0.901ms
[25.381s][info][gc] GC(1181) Pause Young (Allocation Failure) 9M->4M(15M) 0.986ms
[25.389s][info][gc] GC(1182) Pause Young (Allocation Failure) 9M->4M(15M) 0.621ms
[25.396s][info][gc] GC(1183) Pause Young (Allocation Failure) 9M->4M(15M) 0.662ms
[25.404s][info][gc] GC(1184) Pause Young (Allocation Failure) 9M->4M(15M) 0.693ms
[25.413s][info][gc] GC(1185) Pause Young (Allocation Failure) 9M->4M(15M) 0.717ms
[25.421s][info][gc] GC(1186) Pause Young (Allocation Failure) 9M->4M(15M) 0.722ms
[25.430s][info][gc] GC(1187) Pause Young (Allocation Failure) 9M->4M(15M) 0.719ms
[25.439s][info][gc] GC(1188) Pause Young (Allocation Failure) 9M->4M(15M) 0.648ms
[25.446s][info][gc] GC(1189) Pause Young (Allocation Failure) 9M->4M(15M) 0.751ms
[25.454s][info][gc] GC(1190) Pause Young (Allocation Failure) 9M->4M(15M) 0.642ms
[25.462s][info][gc] GC(1191) Pause Young (Allocation Failure) 9M->4M(15M) 0.850ms
[25.471s][info][gc] GC(1192) Pause Young (Allocation Failure) 9M->4M(15M) 0.923ms
[25.480s][info][gc] GC(1193) Pause Young (Allocation Failure) 9M->4M(15M) 0.645ms
[25.487s][info][gc] GC(1194) Pause Young (Allocation Failure) 9M->4M(15M) 0.967ms
[25.496s][info][gc] GC(1195) Pause Young (Allocation Failure) 9M->4M(15M) 0.861ms
[25.504s][info][gc] GC(1196) Pause Young (Allocation Failure) 9M->4M(15M) 0.846ms
[25.514s][info][gc] GC(1197) Pause Young (Allocation Failure) 9M->4M(15M) 0.874ms
[25.521s][info][gc] GC(1198) Pause Young (Allocation Failure) 9M->4M(15M) 1.043ms
[25.530s][info][gc] GC(1199) Pause Young (Allocation Failure) 9M->4M(15M) 0.923ms
[25.539s][info][gc] GC(1200) Pause Young (Allocation Failure) 9M->4M(15M) 0.925ms
[25.548s][info][gc] GC(1201) Pause Young (Allocation Failure) 9M->4M(15M) 0.877ms
[25.555s][info][gc] GC(1202) Pause Young (Allocation Failure) 9M->4M(15M) 0.627ms
[25.562s][info][gc] GC(1203) Pause Young (Allocation Failure) 9M->4M(15M) 0.969ms
[25.571s][info][gc] GC(1204) Pause Young (Allocation Failure) 9M->4M(15M) 0.647ms
[25.579s][info][gc] GC(1205) Pause Young (Allocation Failure) 9M->4M(15M) 0.647ms
[25.588s][info][gc] GC(1206) Pause Young (Allocation Failure) 9M->4M(15M) 0.739ms
[25.596s][info][gc] GC(1207) Pause Young (Allocation Failure) 9M->4M(15M) 0.861ms
[25.603s][info][gc] GC(1208) Pause Young (Allocation Failure) 9M->4M(15M) 0.439ms
[25.611s][info][gc] GC(1209) Pause Young (Allocation Failure) 9M->4M(15M) 0.721ms
[25.618s][info][gc] GC(1210) Pause Young (Allocation Failure) 9M->4M(15M) 0.684ms
[25.627s][info][gc] GC(1211) Pause Young (Allocation Failure) 9M->4M(15M) 0.698ms
[25.634s][info][gc] GC(1212) Pause Young (Allocation Failure) 9M->4M(15M) 0.734ms
[25.643s][info][gc] GC(1213) Pause Young (Allocation Failure) 9M->4M(15M) 0.717ms
[25.652s][info][gc] GC(1214) Pause Young (Allocation Failure) 9M->4M(15M) 0.721ms
[25.661s][info][gc] GC(1215) Pause Young (Allocation Failure) 9M->4M(15M) 0.796ms
[25.669s][info][gc] GC(1216) Pause Young (Allocation Failure) 9M->4M(15M) 0.839ms
[25.678s][info][gc] GC(1217) Pause Young (Allocation Failure) 9M->4M(15M) 0.823ms
[25.690s][info][gc] GC(1218) Pause Young (Allocation Failure) 9M->4M(15M) 0.806ms
[25.698s][info][gc] GC(1219) Pause Young (Allocation Failure) 9M->4M(15M) 0.744ms
[25.707s][info][gc] GC(1220) Pause Young (Allocation Failure) 9M->4M(15M) 0.715ms
[25.713s][info][gc] GC(1221) Pause Young (Allocation Failure) 9M->4M(15M) 0.549ms
[25.722s][info][gc] GC(1222) Pause Young (Allocation Failure) 9M->4M(15M) 0.928ms
[25.728s][info][gc] GC(1223) Pause Young (Allocation Failure) 9M->4M(15M) 0.546ms
[25.737s][info][gc] GC(1224) Pause Young (Allocation Failure) 9M->4M(15M) 0.907ms
[25.745s][info][gc] GC(1225) Pause Young (Allocation Failure) 9M->4M(15M) 0.815ms
[25.754s][info][gc] GC(1226) Pause Young (Allocation Failure) 9M->4M(15M) 0.885ms
[25.760s][info][gc] GC(1227) Pause Young (Allocation Failure) 9M->4M(15M) 0.975ms
[25.768s][info][gc] GC(1228) Pause Young (Allocation Failure) 9M->4M(15M) 0.652ms
[25.774s][info][gc] GC(1229) Pause Young (Allocation Failure) 9M->4M(15M) 0.713ms
[25.781s][info][gc] GC(1230) Pause Young (Allocation Failure) 9M->4M(15M) 0.872ms
[25.789s][info][gc] GC(1231) Pause Young (Allocation Failure) 9M->4M(15M) 0.793ms
[25.797s][info][gc] GC(1232) Pause Young (Allocation Failure) 9M->4M(15M) 0.949ms
[25.806s][info][gc] GC(1233) Pause Young (Allocation Failure) 9M->4M(15M) 0.847ms
[25.813s][info][gc] GC(1234) Pause Young (Allocation Failure) 9M->4M(15M) 0.670ms
[25.821s][info][gc] GC(1235) Pause Young (Allocation Failure) 9M->4M(15M) 0.569ms
[25.829s][info][gc] GC(1236) Pause Young (Allocation Failure) 9M->4M(15M) 0.594ms
[25.837s][info][gc] GC(1237) Pause Young (Allocation Failure) 9M->4M(15M) 0.708ms
[25.846s][info][gc] GC(1238) Pause Young (Allocation Failure) 9M->4M(15M) 0.768ms
[25.854s][info][gc] GC(1239) Pause Young (Allocation Failure) 9M->4M(15M) 0.794ms
[25.862s][info][gc] GC(1240) Pause Young (Allocation Failure) 9M->4M(15M) 0.762ms
[25.871s][info][gc] GC(1241) Pause Young (Allocation Failure) 9M->4M(15M) 0.733ms
[25.879s][info][gc] GC(1242) Pause Young (Allocation Failure) 9M->4M(15M) 0.811ms
[25.887s][info][gc] GC(1243) Pause Young (Allocation Failure) 9M->4M(15M) 0.786ms
[25.895s][info][gc] GC(1244) Pause Young (Allocation Failure) 9M->4M(15M) 0.784ms
[25.904s][info][gc] GC(1245) Pause Young (Allocation Failure) 9M->4M(15M) 0.856ms
[25.912s][info][gc] GC(1246) Pause Young (Allocation Failure) 9M->4M(15M) 0.748ms
[25.920s][info][gc] GC(1247) Pause Young (Allocation Failure) 9M->4M(15M) 0.905ms
[25.928s][info][gc] GC(1248) Pause Young (Allocation Failure) 9M->4M(15M) 0.880ms
[25.935s][info][gc] GC(1249) Pause Young (Allocation Failure) 9M->4M(15M) 0.836ms
[25.942s][info][gc] GC(1250) Pause Young (Allocation Failure) 9M->4M(15M) 0.799ms
[25.948s][info][gc] GC(1251) Pause Young (Allocation Failure) 9M->4M(15M) 0.803ms
[25.953s][info][gc] GC(1252) Pause Young (Allocation Failure) 9M->4M(15M) 0.605ms
[25.961s][info][gc] GC(1253) Pause Young (Allocation Failure) 9M->4M(15M) 0.615ms
[25.966s][info][gc] GC(1254) Pause Young (Allocation Failure) 9M->4M(15M) 0.596ms
[25.973s][info][gc] GC(1255) Pause Young (Allocation Failure) 9M->4M(15M) 0.414ms
[25.980s][info][gc] GC(1256) Pause Young (Allocation Failure) 9M->4M(15M) 0.401ms
[25.986s][info][gc] GC(1257) Pause Young (Allocation Failure) 9M->4M(15M) 0.459ms
[25.991s][info][gc] GC(1258) Pause Young (Allocation Failure) 9M->4M(15M) 0.450ms
[25.997s][info][gc] GC(1259) Pause Young (Allocation Failure) 9M->4M(15M) 0.497ms
[26.002s][info][gc] GC(1260) Pause Young (Allocation Failure) 9M->4M(15M) 0.483ms
[26.007s][info][gc] GC(1261) Pause Young (Allocation Failure) 9M->4M(15M) 0.761ms
[26.014s][info][gc] GC(1262) Pause Young (Allocation Failure) 9M->4M(15M) 0.512ms
[26.019s][info][gc] GC(1263) Pause Young (Allocation Failure) 9M->4M(15M) 0.669ms
[26.026s][info][gc] GC(1264) Pause Young (Allocation Failure) 9M->4M(15M) 0.523ms
[26.032s][info][gc] GC(1265) Pause Young (Allocation Failure) 9M->4M(15M) 0.588ms
[26.039s][info][gc] GC(1266) Pause Young (Allocation Failure) 9M->4M(15M) 0.655ms
[26.046s][info][gc] GC(1267) Pause Young (Allocation Failure) 9M->4M(15M) 0.849ms
[26.054s][info][gc] GC(1268) Pause Young (Allocation Failure) 9M->4M(15M) 0.670ms
[26.062s][info][gc] GC(1269) Pause Young (Allocation Failure) 9M->4M(15M) 0.974ms
[26.070s][info][gc] GC(1270) Pause Young (Allocation Failure) 9M->4M(15M) 0.647ms
[26.078s][info][gc] GC(1271) Pause Young (Allocation Failure) 9M->4M(15M) 0.842ms
[26.086s][info][gc] GC(1272) Pause Young (Allocation Failure) 9M->4M(15M) 0.913ms
[26.094s][info][gc] GC(1273) Pause Young (Allocation Failure) 9M->4M(15M) 0.628ms
[26.101s][info][gc] GC(1274) Pause Young (Allocation Failure) 9M->4M(15M) 0.483ms
[26.109s][info][gc] GC(1275) Pause Young (Allocation Failure) 9M->4M(15M) 0.563ms
[26.118s][info][gc] GC(1276) Pause Young (Allocation Failure) 9M->4M(15M) 1.123ms
[26.127s][info][gc] GC(1277) Pause Young (Allocation Failure) 9M->4M(15M) 0.601ms
[26.136s][info][gc] GC(1278) Pause Young (Allocation Failure) 9M->4M(15M) 0.696ms
[26.144s][info][gc] GC(1279) Pause Young (Allocation Failure) 9M->4M(15M) 0.908ms
[26.149s][info][gc] GC(1280) Pause Young (Allocation Failure) 9M->4M(15M) 0.470ms
[26.155s][info][gc] GC(1281) Pause Young (Allocation Failure) 9M->4M(15M) 0.504ms
[26.160s][info][gc] GC(1282) Pause Young (Allocation Failure) 9M->4M(15M) 0.503ms
[26.167s][info][gc] GC(1283) Pause Young (Allocation Failure) 9M->4M(15M) 0.549ms
[26.173s][info][gc] GC(1284) Pause Young (Allocation Failure) 9M->4M(15M) 0.626ms
[26.179s][info][gc] GC(1285) Pause Young (Allocation Failure) 9M->4M(15M) 0.846ms
[26.186s][info][gc] GC(1286) Pause Young (Allocation Failure) 9M->4M(15M) 1.042ms
[26.195s][info][gc] GC(1287) Pause Young (Allocation Failure) 9M->4M(15M) 0.776ms
[26.206s][info][gc] GC(1288) Pause Young (Allocation Failure) 9M->4M(15M) 0.904ms
[26.215s][info][gc] GC(1289) Pause Young (Allocation Failure) 9M->4M(15M) 0.869ms
[26.223s][info][gc] GC(1290) Pause Young (Allocation Failure) 9M->4M(15M) 1.396ms
[26.232s][info][gc] GC(1291) Pause Young (Allocation Failure) 9M->4M(15M) 1.032ms
[26.241s][info][gc] GC(1292) Pause Young (Allocation Failure) 9M->4M(15M) 0.821ms
[26.250s][info][gc] GC(1293) Pause Young (Allocation Failure) 9M->4M(15M) 0.890ms
[26.258s][info][gc] GC(1294) Pause Young (Allocation Failure) 9M->4M(15M) 0.857ms
[26.265s][info][gc] GC(1295) Pause Young (Allocation Failure) 9M->4M(15M) 0.422ms
[26.272s][info][gc] GC(1296) Pause Young (Allocation Failure) 9M->4M(15M) 0.434ms
[26.279s][info][gc] GC(1297) Pause Young (Allocation Failure) 9M->4M(15M) 0.618ms
[26.286s][info][gc] GC(1298) Pause Young (Allocation Failure) 9M->4M(15M) 0.617ms
[26.292s][info][gc] GC(1299) Pause Young (Allocation Failure) 9M->4M(15M) 0.657ms
[26.300s][info][gc] GC(1300) Pause Young (Allocation Failure) 9M->4M(15M) 0.503ms
[26.306s][info][gc] GC(1301) Pause Young (Allocation Failure) 9M->4M(15M) 0.694ms
[26.313s][info][gc] GC(1302) Pause Young (Allocation Failure) 9M->4M(15M) 0.485ms
[26.318s][info][gc] GC(1303) Pause Young (Allocation Failure) 9M->4M(15M) 0.717ms
[26.324s][info][gc] GC(1304) Pause Young (Allocation Failure) 9M->4M(15M) 0.763ms
[26.331s][info][gc] GC(1305) Pause Young (Allocation Failure) 9M->4M(15M) 0.792ms
[26.339s][info][gc] GC(1306) Pause Young (Allocation Failure) 9M->4M(15M) 0.896ms
[26.346s][info][gc] GC(1307) Pause Young (Allocation Failure) 9M->4M(15M) 0.740ms
[26.353s][info][gc] GC(1308) Pause Young (Allocation Failure) 9M->4M(15M) 0.741ms
[26.360s][info][gc] GC(1309) Pause Young (Allocation Failure) 9M->4M(15M) 0.606ms
[26.368s][info][gc] GC(1310) Pause Young (Allocation Failure) 9M->4M(15M) 0.611ms
[26.373s][info][gc] GC(1311) Pause Young (Allocation Failure) 9M->4M(15M) 0.582ms
[26.379s][info][gc] GC(1312) Pause Young (Allocation Failure) 9M->4M(15M) 0.677ms
[26.385s][info][gc] GC(1313) Pause Young (Allocation Failure) 9M->4M(15M) 0.815ms
[26.393s][info][gc] GC(1314) Pause Young (Allocation Failure) 9M->4M(15M) 0.446ms
[26.398s][info][gc] GC(1315) Pause Young (Allocation Failure) 9M->4M(15M) 0.396ms
[26.403s][info][gc] GC(1316) Pause Young (Allocation Failure) 9M->4M(15M) 0.401ms
[26.408s][info][gc] GC(1317) Pause Young (Allocation Failure) 9M->4M(15M) 0.427ms
[26.415s][info][gc] GC(1318) Pause Young (Allocation Failure) 9M->4M(15M) 0.620ms
[26.422s][info][gc] GC(1319) Pause Young (Allocation Failure) 9M->4M(15M) 0.490ms
[26.429s][info][gc] GC(1320) Pause Young (Allocation Failure) 9M->4M(15M) 0.489ms
[26.435s][info][gc] GC(1321) Pause Young (Allocation Failure) 9M->4M(15M) 0.496ms
[26.441s][info][gc] GC(1322) Pause Young (Allocation Failure) 9M->4M(15M) 0.527ms
[26.448s][info][gc] GC(1323) Pause Young (Allocation Failure) 9M->4M(15M) 0.527ms
[26.455s][info][gc] GC(1324) Pause Young (Allocation Failure) 9M->4M(15M) 0.577ms
[26.461s][info][gc] GC(1325) Pause Young (Allocation Failure) 9M->4M(15M) 0.590ms
[26.467s][info][gc] GC(1326) Pause Young (Allocation Failure) 9M->4M(15M) 0.805ms
[26.473s][info][gc] GC(1327) Pause Young (Allocation Failure) 9M->4M(15M) 0.597ms
[26.481s][info][gc] GC(1328) Pause Young (Allocation Failure) 9M->4M(15M) 0.566ms
[26.489s][info][gc] GC(1329) Pause Young (Allocation Failure) 9M->4M(15M) 0.912ms
[26.494s][info][gc] GC(1330) Pause Young (Allocation Failure) 9M->4M(15M) 1.016ms
[26.501s][info][gc] GC(1331) Pause Young (Allocation Failure) 9M->4M(15M) 0.571ms
[26.506s][info][gc] GC(1332) Pause Young (Allocation Failure) 9M->4M(15M) 0.575ms
[26.511s][info][gc] GC(1333) Pause Young (Allocation Failure) 9M->4M(15M) 0.422ms
[26.518s][info][gc] GC(1334) Pause Young (Allocation Failure) 9M->4M(15M) 0.516ms
[26.526s][info][gc] GC(1335) Pause Young (Allocation Failure) 9M->4M(15M) 0.645ms
[26.534s][info][gc] GC(1336) Pause Young (Allocation Failure) 9M->4M(15M) 0.646ms
[26.542s][info][gc] GC(1337) Pause Young (Allocation Failure) 9M->4M(15M) 0.709ms
[26.550s][info][gc] GC(1338) Pause Young (Allocation Failure) 9M->4M(15M) 0.797ms
[26.560s][info][gc] GC(1339) Pause Young (Allocation Failure) 9M->4M(15M) 0.835ms
[26.567s][info][gc] GC(1340) Pause Young (Allocation Failure) 9M->4M(15M) 0.741ms
[26.572s][info][gc] GC(1341) Pause Young (Allocation Failure) 9M->4M(15M) 0.766ms
[26.580s][info][gc] GC(1342) Pause Young (Allocation Failure) 9M->4M(15M) 0.607ms
[26.586s][info][gc] GC(1343) Pause Young (Allocation Failure) 9M->4M(15M) 0.563ms
[26.593s][info][gc] GC(1344) Pause Young (Allocation Failure) 9M->4M(15M) 0.634ms
[26.601s][info][gc] GC(1345) Pause Young (Allocation Failure) 9M->4M(15M) 0.880ms
[26.609s][info][gc] GC(1346) Pause Young (Allocation Failure) 9M->4M(15M) 0.903ms
[26.615s][info][gc] GC(1347) Pause Young (Allocation Failure) 9M->4M(15M) 0.826ms
[26.622s][info][gc] GC(1348) Pause Young (Allocation Failure) 9M->4M(15M) 1.045ms
[26.628s][info][gc] GC(1349) Pause Young (Allocation Failure) 9M->4M(15M) 0.869ms
[26.634s][info][gc] GC(1350) Pause Young (Allocation Failure) 9M->4M(15M) 0.598ms
[26.643s][info][gc] GC(1351) Pause Young (Allocation Failure) 9M->4M(15M) 0.908ms
[26.650s][info][gc] GC(1352) Pause Young (Allocation Failure) 9M->4M(15M) 0.611ms
[26.657s][info][gc] GC(1353) Pause Young (Allocation Failure) 9M->4M(15M) 0.641ms
[26.664s][info][gc] GC(1354) Pause Young (Allocation Failure) 9M->4M(15M) 0.433ms
[26.674s][info][gc] GC(1355) Pause Young (Allocation Failure) 9M->4M(15M) 0.771ms
[26.682s][info][gc] GC(1356) Pause Young (Allocation Failure) 9M->4M(15M) 1.024ms
[26.693s][info][gc] GC(1357) Pause Young (Allocation Failure) 9M->4M(15M) 0.770ms
[26.699s][info][gc] GC(1358) Pause Young (Allocation Failure) 9M->4M(15M) 0.477ms
[26.708s][info][gc] GC(1359) Pause Young (Allocation Failure) 9M->4M(15M) 0.746ms
[26.716s][info][gc] GC(1360) Pause Young (Allocation Failure) 9M->4M(15M) 0.845ms
[26.723s][info][gc] GC(1361) Pause Young (Allocation Failure) 9M->4M(15M) 0.938ms
[26.730s][info][gc] GC(1362) Pause Young (Allocation Failure) 9M->4M(15M) 0.632ms
[26.737s][info][gc] GC(1363) Pause Young (Allocation Failure) 9M->4M(15M) 1.137ms
[26.743s][info][gc] GC(1364) Pause Young (Allocation Failure) 9M->4M(15M) 0.734ms
[26.749s][info][gc] GC(1365) Pause Young (Allocation Failure) 9M->4M(15M) 0.984ms
[26.755s][info][gc] GC(1366) Pause Young (Allocation Failure) 9M->4M(15M) 0.833ms
[26.762s][info][gc] GC(1367) Pause Young (Allocation Failure) 9M->4M(15M) 0.738ms
[26.770s][info][gc] GC(1368) Pause Young (Allocation Failure) 9M->4M(15M) 0.617ms
[26.779s][info][gc] GC(1369) Pause Young (Allocation Failure) 9M->4M(15M) 0.897ms
[26.785s][info][gc] GC(1370) Pause Young (Allocation Failure) 9M->4M(15M) 0.633ms
[26.791s][info][gc] GC(1371) Pause Young (Allocation Failure) 9M->4M(15M) 0.920ms
[26.798s][info][gc] GC(1372) Pause Young (Allocation Failure) 9M->4M(15M) 0.887ms
[26.803s][info][gc] GC(1373) Pause Young (Allocation Failure) 9M->4M(15M) 0.685ms
[26.811s][info][gc] GC(1374) Pause Young (Allocation Failure) 9M->4M(15M) 0.675ms
[26.819s][info][gc] GC(1375) Pause Young (Allocation Failure) 9M->4M(15M) 0.586ms
[26.827s][info][gc] GC(1376) Pause Young (Allocation Failure) 9M->4M(15M) 0.657ms
[26.834s][info][gc] GC(1377) Pause Young (Allocation Failure) 9M->4M(15M) 0.657ms
[26.842s][info][gc] GC(1378) Pause Young (Allocation Failure) 9M->4M(15M) 0.804ms
[26.850s][info][gc] GC(1379) Pause Young (Allocation Failure) 9M->4M(15M) 0.757ms
[26.857s][info][gc] GC(1380) Pause Young (Allocation Failure) 9M->4M(15M) 0.527ms
[26.864s][info][gc] GC(1381) Pause Young (Allocation Failure) 9M->4M(15M) 0.544ms
[26.873s][info][gc] GC(1382) Pause Young (Allocation Failure) 9M->4M(15M) 0.854ms
[26.881s][info][gc] GC(1383) Pause Young (Allocation Failure) 9M->4M(15M) 0.880ms
[26.889s][info][gc] GC(1384) Pause Young (Allocation Failure) 9M->4M(15M) 0.837ms
[26.896s][info][gc] GC(1385) Pause Young (Allocation Failure) 9M->4M(15M) 0.969ms
[26.902s][info][gc] GC(1386) Pause Young (Allocation Failure) 9M->4M(15M) 0.914ms
[26.908s][info][gc] GC(1387) Pause Young (Allocation Failure) 9M->4M(15M) 0.890ms
[26.915s][info][gc] GC(1388) Pause Young (Allocation Failure) 9M->4M(15M) 0.586ms
[26.922s][info][gc] GC(1389) Pause Young (Allocation Failure) 9M->4M(15M) 0.704ms
[26.928s][info][gc] GC(1390) Pause Young (Allocation Failure) 9M->4M(15M) 0.596ms
[26.935s][info][gc] GC(1391) Pause Young (Allocation Failure) 9M->4M(15M) 0.427ms
[26.942s][info][gc] GC(1392) Pause Young (Allocation Failure) 9M->4M(15M) 0.720ms
[26.947s][info][gc] GC(1393) Pause Young (Allocation Failure) 9M->4M(15M) 0.652ms
[26.954s][info][gc] GC(1394) Pause Young (Allocation Failure) 9M->4M(15M) 0.433ms
[26.961s][info][gc] GC(1395) Pause Young (Allocation Failure) 9M->4M(15M) 0.457ms
[26.969s][info][gc] GC(1396) Pause Young (Allocation Failure) 9M->4M(15M) 0.729ms
[26.976s][info][gc] GC(1397) Pause Young (Allocation Failure) 9M->4M(15M) 0.530ms
[26.981s][info][gc] GC(1398) Pause Young (Allocation Failure) 9M->4M(15M) 0.743ms
[26.989s][info][gc] GC(1399) Pause Young (Allocation Failure) 9M->4M(15M) 0.594ms
[26.995s][info][gc] GC(1400) Pause Young (Allocation Failure) 9M->4M(15M) 0.806ms
[27.002s][info][gc] GC(1401) Pause Young (Allocation Failure) 9M->4M(15M) 0.548ms
[27.009s][info][gc] GC(1402) Pause Young (Allocation Failure) 9M->4M(15M) 0.596ms
[27.015s][info][gc] GC(1403) Pause Young (Allocation Failure) 9M->4M(15M) 0.874ms
[27.023s][info][gc] GC(1404) Pause Young (Allocation Failure) 9M->4M(15M) 0.609ms
[27.029s][info][gc] GC(1405) Pause Young (Allocation Failure) 9M->4M(15M) 0.883ms
[27.034s][info][gc] GC(1406) Pause Young (Allocation Failure) 9M->4M(15M) 0.859ms
[27.040s][info][gc] GC(1407) Pause Young (Allocation Failure) 9M->4M(15M) 0.905ms
[27.048s][info][gc] GC(1408) Pause Young (Allocation Failure) 9M->4M(15M) 0.996ms
[27.056s][info][gc] GC(1409) Pause Young (Allocation Failure) 9M->4M(15M) 0.897ms
[27.064s][info][gc] GC(1410) Pause Young (Allocation Failure) 9M->4M(15M) 0.861ms
[27.073s][info][gc] GC(1411) Pause Young (Allocation Failure) 9M->4M(15M) 0.632ms
[27.081s][info][gc] GC(1412) Pause Young (Allocation Failure) 9M->4M(15M) 0.618ms
[27.089s][info][gc] GC(1413) Pause Young (Allocation Failure) 9M->4M(15M) 0.660ms
[27.098s][info][gc] GC(1414) Pause Young (Allocation Failure) 9M->4M(15M) 0.659ms
[27.106s][info][gc] GC(1415) Pause Young (Allocation Failure) 9M->4M(15M) 0.621ms
[27.114s][info][gc] GC(1416) Pause Young (Allocation Failure) 9M->4M(15M) 0.705ms
[27.122s][info][gc] GC(1417) Pause Young (Allocation Failure) 9M->4M(15M) 0.736ms
[27.130s][info][gc] GC(1418) Pause Young (Allocation Failure) 9M->4M(15M) 0.721ms
[27.136s][info][gc] GC(1419) Pause Young (Allocation Failure) 9M->4M(15M) 0.565ms
[27.143s][info][gc] GC(1420) Pause Young (Allocation Failure) 9M->4M(15M) 0.859ms
[27.152s][info][gc] GC(1421) Pause Young (Allocation Failure) 9M->4M(15M) 1.392ms
[27.160s][info][gc] GC(1422) Pause Young (Allocation Failure) 9M->4M(15M) 0.532ms
[27.168s][info][gc] GC(1423) Pause Young (Allocation Failure) 9M->4M(15M) 0.942ms
[27.176s][info][gc] GC(1424) Pause Young (Allocation Failure) 9M->4M(15M) 0.904ms
[27.181s][info][gc] GC(1425) Pause Young (Allocation Failure) 9M->4M(15M) 0.872ms
[27.186s][info][gc] GC(1426) Pause Young (Allocation Failure) 9M->4M(15M) 0.843ms
[27.192s][info][gc] GC(1427) Pause Young (Allocation Failure) 9M->4M(15M) 0.660ms
[27.201s][info][gc] GC(1428) Pause Young (Allocation Failure) 9M->4M(15M) 0.907ms
[27.209s][info][gc] GC(1429) Pause Young (Allocation Failure) 9M->4M(15M) 0.852ms
[27.215s][info][gc] GC(1430) Pause Young (Allocation Failure) 9M->4M(15M) 0.599ms
[27.222s][info][gc] GC(1431) Pause Young (Allocation Failure) 9M->4M(15M) 0.629ms
[27.229s][info][gc] GC(1432) Pause Young (Allocation Failure) 9M->4M(15M) 0.688ms
[27.236s][info][gc] GC(1433) Pause Young (Allocation Failure) 9M->4M(15M) 0.414ms
[27.242s][info][gc] GC(1434) Pause Young (Allocation Failure) 9M->4M(15M) 0.726ms
[27.250s][info][gc] GC(1435) Pause Young (Allocation Failure) 9M->4M(15M) 0.699ms
[27.257s][info][gc] GC(1436) Pause Young (Allocation Failure) 9M->4M(15M) 0.483ms
[27.264s][info][gc] GC(1437) Pause Young (Allocation Failure) 9M->4M(15M) 0.517ms
[27.270s][info][gc] GC(1438) Pause Young (Allocation Failure) 9M->4M(15M) 0.808ms
[27.275s][info][gc] GC(1439) Pause Young (Allocation Failure) 9M->4M(15M) 0.542ms
[27.281s][info][gc] GC(1440) Pause Young (Allocation Failure) 9M->4M(15M) 0.808ms
[27.290s][info][gc] GC(1441) Pause Young (Allocation Failure) 9M->4M(15M) 0.584ms
[27.298s][info][gc] GC(1442) Pause Young (Allocation Failure) 9M->4M(15M) 0.638ms
[27.303s][info][gc] GC(1443) Pause Young (Allocation Failure) 9M->4M(15M) 0.567ms
[27.311s][info][gc] GC(1444) Pause Young (Allocation Failure) 9M->4M(15M) 0.942ms
[27.320s][info][gc] GC(1445) Pause Young (Allocation Failure) 9M->4M(15M) 0.874ms
[27.328s][info][gc] GC(1446) Pause Young (Allocation Failure) 9M->4M(15M) 0.915ms
[27.336s][info][gc] GC(1447) Pause Young (Allocation Failure) 9M->4M(15M) 0.835ms
[27.343s][info][gc] GC(1448) Pause Young (Allocation Failure) 9M->4M(15M) 0.761ms
[27.352s][info][gc] GC(1449) Pause Young (Allocation Failure) 9M->4M(15M) 0.865ms
[27.360s][info][gc] GC(1450) Pause Young (Allocation Failure) 9M->4M(15M) 0.786ms
[27.368s][info][gc] GC(1451) Pause Young (Allocation Failure) 9M->4M(15M) 0.592ms
[27.375s][info][gc] GC(1452) Pause Young (Allocation Failure) 9M->4M(15M) 0.626ms
[27.380s][info][gc] GC(1453) Pause Young (Allocation Failure) 9M->4M(15M) 0.654ms
[27.388s][info][gc] GC(1454) Pause Young (Allocation Failure) 9M->4M(15M) 0.681ms
[27.396s][info][gc] GC(1455) Pause Young (Allocation Failure) 9M->4M(15M) 0.544ms
[27.402s][info][gc] GC(1456) Pause Young (Allocation Failure) 9M->4M(15M) 0.483ms
[27.408s][info][gc] GC(1457) Pause Young (Allocation Failure) 9M->4M(15M) 0.700ms
[27.414s][info][gc] GC(1458) Pause Young (Allocation Failure) 9M->4M(15M) 0.718ms
[27.421s][info][gc] GC(1459) Pause Young (Allocation Failure) 9M->4M(15M) 0.458ms
[27.426s][info][gc] GC(1460) Pause Young (Allocation Failure) 9M->4M(15M) 0.523ms
[27.431s][info][gc] GC(1461) Pause Young (Allocation Failure) 9M->4M(15M) 0.510ms
[27.437s][info][gc] GC(1462) Pause Young (Allocation Failure) 9M->4M(15M) 0.601ms
[27.442s][info][gc] GC(1463) Pause Young (Allocation Failure) 9M->4M(15M) 0.520ms
[27.448s][info][gc] GC(1464) Pause Young (Allocation Failure) 9M->4M(15M) 0.874ms
[27.455s][info][gc] GC(1465) Pause Young (Allocation Failure) 9M->4M(15M) 0.620ms
[27.461s][info][gc] GC(1466) Pause Young (Allocation Failure) 9M->4M(15M) 0.902ms
[27.466s][info][gc] GC(1467) Pause Young (Allocation Failure) 9M->4M(15M) 0.854ms
[27.472s][info][gc] GC(1468) Pause Young (Allocation Failure) 9M->4M(15M) 0.592ms
[27.478s][info][gc] GC(1469) Pause Young (Allocation Failure) 9M->4M(15M) 0.570ms
[27.485s][info][gc] GC(1470) Pause Young (Allocation Failure) 9M->4M(15M) 0.578ms
[27.492s][info][gc] GC(1471) Pause Young (Allocation Failure) 9M->4M(15M) 0.940ms
[27.498s][info][gc] GC(1472) Pause Young (Allocation Failure) 9M->4M(15M) 0.583ms
[27.503s][info][gc] GC(1473) Pause Young (Allocation Failure) 9M->4M(15M) 0.846ms
[27.509s][info][gc] GC(1474) Pause Young (Allocation Failure) 9M->4M(15M) 0.400ms
[27.514s][info][gc] GC(1475) Pause Young (Allocation Failure) 9M->4M(15M) 0.387ms
[27.522s][info][gc] GC(1476) Pause Young (Allocation Failure) 9M->4M(15M) 0.588ms
[27.531s][info][gc] GC(1477) Pause Young (Allocation Failure) 9M->4M(15M) 0.703ms
[27.539s][info][gc] GC(1478) Pause Young (Allocation Failure) 9M->4M(15M) 0.700ms
[27.547s][info][gc] GC(1479) Pause Young (Allocation Failure) 9M->4M(15M) 0.708ms
[27.555s][info][gc] GC(1480) Pause Young (Allocation Failure) 9M->4M(15M) 0.738ms
[27.563s][info][gc] GC(1481) Pause Young (Allocation Failure) 9M->4M(15M) 0.759ms
[27.571s][info][gc] GC(1482) Pause Young (Allocation Failure) 9M->4M(15M) 0.556ms
[27.579s][info][gc] GC(1483) Pause Young (Allocation Failure) 9M->4M(15M) 0.894ms
[27.587s][info][gc] GC(1484) Pause Young (Allocation Failure) 9M->4M(15M) 0.541ms
[27.595s][info][gc] GC(1485) Pause Young (Allocation Failure) 9M->4M(15M) 0.660ms
[27.601s][info][gc] GC(1486) Pause Young (Allocation Failure) 9M->4M(15M) 0.678ms
[27.607s][info][gc] GC(1487) Pause Young (Allocation Failure) 9M->4M(15M) 0.764ms
[27.612s][info][gc] GC(1488) Pause Young (Allocation Failure) 9M->4M(15M) 0.882ms
[27.620s][info][gc] GC(1489) Pause Young (Allocation Failure) 9M->4M(15M) 0.818ms
[27.628s][info][gc] GC(1490) Pause Young (Allocation Failure) 9M->4M(15M) 0.590ms
[27.634s][info][gc] GC(1491) Pause Young (Allocation Failure) 9M->4M(15M) 0.554ms
[27.642s][info][gc] GC(1492) Pause Young (Allocation Failure) 9M->4M(15M) 0.403ms
[27.650s][info][gc] GC(1493) Pause Young (Allocation Failure) 9M->4M(15M) 0.672ms
[27.659s][info][gc] GC(1494) Pause Young (Allocation Failure) 9M->4M(15M) 0.654ms
[27.664s][info][gc] GC(1495) Pause Young (Allocation Failure) 9M->4M(15M) 0.774ms
[27.672s][info][gc] GC(1496) Pause Young (Allocation Failure) 9M->4M(15M) 0.703ms
[27.678s][info][gc] GC(1497) Pause Young (Allocation Failure) 9M->4M(15M) 0.480ms
[27.689s][info][gc] GC(1498) Pause Young (Allocation Failure) 9M->4M(15M) 0.688ms
[27.696s][info][gc] GC(1499) Pause Young (Allocation Failure) 9M->4M(15M) 0.680ms
[27.704s][info][gc] GC(1500) Pause Young (Allocation Failure) 9M->4M(15M) 0.689ms
[27.712s][info][gc] GC(1501) Pause Young (Allocation Failure) 9M->4M(15M) 0.675ms
[27.720s][info][gc] GC(1502) Pause Young (Allocation Failure) 9M->4M(15M) 0.592ms
[27.726s][info][gc] GC(1503) Pause Young (Allocation Failure) 9M->4M(15M) 0.742ms
[27.732s][info][gc] GC(1504) Pause Young (Allocation Failure) 9M->4M(15M) 0.553ms
[27.739s][info][gc] GC(1505) Pause Young (Allocation Failure) 9M->4M(15M) 0.622ms
[27.744s][info][gc] GC(1506) Pause Young (Allocation Failure) 9M->4M(15M) 0.555ms
[27.751s][info][gc] GC(1507) Pause Young (Allocation Failure) 9M->4M(15M) 0.550ms
[27.757s][info][gc] GC(1508) Pause Young (Allocation Failure) 9M->4M(15M) 0.749ms
[27.765s][info][gc] GC(1509) Pause Young (Allocation Failure) 9M->4M(15M) 0.548ms
[27.770s][info][gc] GC(1510) Pause Young (Allocation Failure) 9M->4M(15M) 0.792ms
[27.775s][info][gc] GC(1511) Pause Young (Allocation Failure) 9M->4M(15M) 0.819ms
[27.783s][info][gc] GC(1512) Pause Young (Allocation Failure) 9M->4M(15M) 0.557ms
[27.790s][info][gc] GC(1513) Pause Young (Allocation Failure) 9M->4M(15M) 0.602ms
[27.795s][info][gc] GC(1514) Pause Young (Allocation Failure) 9M->4M(15M) 0.404ms
[27.801s][info][gc] GC(1515) Pause Young (Allocation Failure) 9M->4M(15M) 0.433ms
[27.809s][info][gc] GC(1516) Pause Young (Allocation Failure) 9M->4M(15M) 0.494ms
[27.817s][info][gc] GC(1517) Pause Young (Allocation Failure) 9M->4M(15M) 0.638ms
[27.825s][info][gc] GC(1518) Pause Young (Allocation Failure) 9M->4M(15M) 0.693ms
[27.833s][info][gc] GC(1519) Pause Young (Allocation Failure) 9M->4M(15M) 0.688ms
[27.841s][info][gc] GC(1520) Pause Young (Allocation Failure) 9M->4M(15M) 0.686ms
[27.849s][info][gc] GC(1521) Pause Young (Allocation Failure) 9M->4M(15M) 0.740ms
[27.858s][info][gc] GC(1522) Pause Young (Allocation Failure) 9M->4M(15M) 0.791ms
[27.866s][info][gc] GC(1523) Pause Young (Allocation Failure) 9M->4M(15M) 0.809ms
[27.874s][info][gc] GC(1524) Pause Young (Allocation Failure) 9M->4M(15M) 0.837ms
[27.883s][info][gc] GC(1525) Pause Young (Allocation Failure) 9M->4M(15M) 0.788ms
[27.891s][info][gc] GC(1526) Pause Young (Allocation Failure) 9M->4M(15M) 0.797ms
[27.899s][info][gc] GC(1527) Pause Young (Allocation Failure) 9M->4M(15M) 0.602ms
[27.906s][info][gc] GC(1528) Pause Young (Allocation Failure) 9M->4M(15M) 0.859ms
[27.913s][info][gc] GC(1529) Pause Young (Allocation Failure) 9M->4M(15M) 0.779ms
[27.920s][info][gc] GC(1530) Pause Young (Allocation Failure) 9M->4M(15M) 0.810ms
[27.926s][info][gc] GC(1531) Pause Young (Allocation Failure) 9M->4M(15M) 0.640ms
[27.931s][info][gc] GC(1532) Pause Young (Allocation Failure) 9M->4M(15M) 0.725ms
[27.938s][info][gc] GC(1533) Pause Young (Allocation Failure) 9M->4M(15M) 0.409ms
[27.945s][info][gc] GC(1534) Pause Young (Allocation Failure) 9M->4M(15M) 0.414ms
[27.950s][info][gc] GC(1535) Pause Young (Allocation Failure) 9M->4M(15M) 0.430ms
[27.955s][info][gc] GC(1536) Pause Young (Allocation Failure) 9M->4M(15M) 0.628ms
[27.961s][info][gc] GC(1537) Pause Young (Allocation Failure) 9M->4M(15M) 0.463ms
[27.966s][info][gc] GC(1538) Pause Young (Allocation Failure) 9M->4M(15M) 0.649ms
[27.972s][info][gc] GC(1539) Pause Young (Allocation Failure) 9M->4M(15M) 0.744ms
[27.977s][info][gc] GC(1540) Pause Young (Allocation Failure) 9M->4M(15M) 0.493ms
[27.985s][info][gc] GC(1541) Pause Young (Allocation Failure) 9M->4M(15M) 0.550ms
[27.990s][info][gc] GC(1542) Pause Young (Allocation Failure) 9M->4M(15M) 0.792ms
[27.995s][info][gc] GC(1543) Pause Young (Allocation Failure) 9M->4M(15M) 0.796ms
[28.002s][info][gc] GC(1544) Pause Young (Allocation Failure) 9M->4M(15M) 0.540ms
[28.008s][info][gc] GC(1545) Pause Young (Allocation Failure) 9M->4M(15M) 0.871ms
[28.014s][info][gc] GC(1546) Pause Young (Allocation Failure) 9M->4M(15M) 0.852ms
[28.019s][info][gc] GC(1547) Pause Young (Allocation Failure) 9M->4M(15M) 0.869ms
[28.025s][info][gc] GC(1548) Pause Young (Allocation Failure) 9M->4M(15M) 0.570ms
[28.032s][info][gc] GC(1549) Pause Young (Allocation Failure) 9M->4M(15M) 0.807ms
[28.040s][info][gc] GC(1550) Pause Young (Allocation Failure) 9M->4M(15M) 0.907ms
[28.049s][info][gc] GC(1551) Pause Young (Allocation Failure) 9M->4M(15M) 0.917ms
[28.058s][info][gc] GC(1552) Pause Young (Allocation Failure) 9M->4M(15M) 0.835ms
[28.066s][info][gc] GC(1553) Pause Young (Allocation Failure) 9M->4M(15M) 0.606ms
[28.075s][info][gc] GC(1554) Pause Young (Allocation Failure) 9M->4M(15M) 0.640ms
[28.083s][info][gc] GC(1555) Pause Young (Allocation Failure) 9M->4M(15M) 0.679ms
[28.092s][info][gc] GC(1556) Pause Young (Allocation Failure) 9M->4M(15M) 0.858ms
[28.101s][info][gc] GC(1557) Pause Young (Allocation Failure) 9M->4M(15M) 0.700ms
[28.109s][info][gc] GC(1558) Pause Young (Allocation Failure) 9M->4M(15M) 0.800ms
[28.119s][info][gc] GC(1559) Pause Young (Allocation Failure) 9M->4M(15M) 0.877ms
[28.129s][info][gc] GC(1560) Pause Young (Allocation Failure) 9M->4M(15M) 0.748ms
[28.137s][info][gc] GC(1561) Pause Young (Allocation Failure) 9M->4M(15M) 1.012ms
[28.146s][info][gc] GC(1562) Pause Young (Allocation Failure) 9M->4M(15M) 0.761ms
[28.154s][info][gc] GC(1563) Pause Young (Allocation Failure) 9M->4M(15M) 0.754ms
[28.163s][info][gc] GC(1564) Pause Young (Allocation Failure) 9M->4M(15M) 0.812ms
[28.172s][info][gc] GC(1565) Pause Young (Allocation Failure) 9M->4M(15M) 0.849ms
[28.180s][info][gc] GC(1566) Pause Young (Allocation Failure) 9M->4M(15M) 0.630ms
[28.188s][info][gc] GC(1567) Pause Young (Allocation Failure) 9M->4M(15M) 0.595ms
[28.197s][info][gc] GC(1568) Pause Young (Allocation Failure) 9M->4M(15M) 0.678ms
[28.203s][info][gc] GC(1569) Pause Young (Allocation Failure) 9M->4M(15M) 0.845ms
[28.210s][info][gc] GC(1570) Pause Young (Allocation Failure) 9M->4M(15M) 0.859ms
[28.216s][info][gc] GC(1571) Pause Young (Allocation Failure) 9M->4M(15M) 0.607ms
[28.223s][info][gc] GC(1572) Pause Young (Allocation Failure) 9M->4M(15M) 0.631ms
[28.229s][info][gc] GC(1573) Pause Young (Allocation Failure) 9M->4M(15M) 0.488ms
[28.235s][info][gc] GC(1574) Pause Young (Allocation Failure) 9M->4M(15M) 0.432ms
[28.241s][info][gc] GC(1575) Pause Young (Allocation Failure) 9M->4M(15M) 0.461ms
[28.248s][info][gc] GC(1576) Pause Young (Allocation Failure) 9M->4M(15M) 0.444ms
[28.254s][info][gc] GC(1577) Pause Young (Allocation Failure) 9M->4M(15M) 0.794ms
[28.262s][info][gc] GC(1578) Pause Young (Allocation Failure) 9M->4M(15M) 0.937ms
[28.273s][info][gc] GC(1579) Pause Young (Allocation Failure) 9M->4M(15M) 0.756ms
[28.281s][info][gc] GC(1580) Pause Young (Allocation Failure) 9M->4M(15M) 0.619ms
[28.288s][info][gc] GC(1581) Pause Young (Allocation Failure) 9M->4M(15M) 0.808ms
[28.295s][info][gc] GC(1582) Pause Young (Allocation Failure) 9M->4M(15M) 0.909ms
[28.304s][info][gc] GC(1583) Pause Young (Allocation Failure) 9M->4M(15M) 1.153ms
[28.316s][info][gc] GC(1584) Pause Young (Allocation Failure) 9M->4M(15M) 0.877ms
[28.325s][info][gc] GC(1585) Pause Young (Allocation Failure) 9M->4M(15M) 1.010ms
[28.334s][info][gc] GC(1586) Pause Young (Allocation Failure) 9M->4M(15M) 0.973ms
[28.346s][info][gc] GC(1587) Pause Young (Allocation Failure) 9M->4M(15M) 0.766ms
[28.355s][info][gc] GC(1588) Pause Young (Allocation Failure) 9M->4M(15M) 0.845ms
[28.363s][info][gc] GC(1589) Pause Young (Allocation Failure) 9M->4M(15M) 0.627ms
[28.370s][info][gc] GC(1590) Pause Young (Allocation Failure) 9M->4M(15M) 0.671ms
[28.378s][info][gc] GC(1591) Pause Young (Allocation Failure) 9M->4M(15M) 0.819ms
[28.385s][info][gc] GC(1592) Pause Young (Allocation Failure) 9M->4M(15M) 0.664ms
[28.395s][info][gc] GC(1593) Pause Young (Allocation Failure) 9M->4M(15M) 0.653ms
[28.404s][info][gc] GC(1594) Pause Young (Allocation Failure) 9M->4M(15M) 0.657ms
[28.412s][info][gc] GC(1595) Pause Young (Allocation Failure) 9M->4M(15M) 0.739ms
[28.420s][info][gc] GC(1596) Pause Young (Allocation Failure) 9M->4M(15M) 0.720ms
[28.429s][info][gc] GC(1597) Pause Young (Allocation Failure) 9M->4M(15M) 0.876ms
[28.437s][info][gc] GC(1598) Pause Young (Allocation Failure) 9M->4M(15M) 0.781ms
[28.446s][info][gc] GC(1599) Pause Young (Allocation Failure) 9M->4M(15M) 0.924ms
[28.454s][info][gc] GC(1600) Pause Young (Allocation Failure) 9M->4M(15M) 0.738ms
[28.462s][info][gc] GC(1601) Pause Young (Allocation Failure) 9M->4M(15M) 0.778ms
[28.471s][info][gc] GC(1602) Pause Young (Allocation Failure) 9M->4M(15M) 0.810ms
[28.479s][info][gc] GC(1603) Pause Young (Allocation Failure) 9M->4M(15M) 0.901ms
[28.487s][info][gc] GC(1604) Pause Young (Allocation Failure) 9M->4M(15M) 0.895ms
[28.496s][info][gc] GC(1605) Pause Young (Allocation Failure) 9M->4M(15M) 0.911ms
[28.505s][info][gc] GC(1606) Pause Young (Allocation Failure) 9M->4M(15M) 0.972ms
[28.513s][info][gc] GC(1607) Pause Young (Allocation Failure) 9M->4M(15M) 0.587ms
[28.521s][info][gc] GC(1608) Pause Young (Allocation Failure) 9M->4M(15M) 0.600ms
[28.528s][info][gc] GC(1609) Pause Young (Allocation Failure) 9M->4M(15M) 0.409ms
[28.536s][info][gc] GC(1610) Pause Young (Allocation Failure) 9M->4M(15M) 0.633ms
[28.545s][info][gc] GC(1611) Pause Young (Allocation Failure) 9M->4M(15M) 0.696ms
[28.551s][info][gc] GC(1612) Pause Young (Allocation Failure) 9M->4M(15M) 0.808ms
[28.558s][info][gc] GC(1613) Pause Young (Allocation Failure) 9M->4M(15M) 0.469ms
[28.565s][info][gc] GC(1614) Pause Young (Allocation Failure) 9M->4M(15M) 0.572ms
[28.572s][info][gc] GC(1615) Pause Young (Allocation Failure) 9M->4M(15M) 0.483ms
[28.578s][info][gc] GC(1616) Pause Young (Allocation Failure) 9M->4M(15M) 0.568ms
[28.586s][info][gc] GC(1617) Pause Young (Allocation Failure) 9M->4M(15M) 0.495ms
[28.594s][info][gc] GC(1618) Pause Young (Allocation Failure) 9M->4M(15M) 0.791ms
[28.600s][info][gc] GC(1619) Pause Young (Allocation Failure) 9M->4M(15M) 0.793ms
[28.606s][info][gc] GC(1620) Pause Young (Allocation Failure) 9M->4M(15M) 0.671ms
[28.612s][info][gc] GC(1621) Pause Young (Allocation Failure) 9M->4M(15M) 0.823ms
[28.620s][info][gc] GC(1622) Pause Young (Allocation Failure) 9M->4M(15M) 1.012ms
[28.626s][info][gc] GC(1623) Pause Young (Allocation Failure) 9M->5M(15M) 0.653ms
[28.632s][info][gc] GC(1624) Pause Young (Allocation Failure) 9M->4M(15M) 0.788ms
[28.639s][info][gc] GC(1625) Pause Young (Allocation Failure) 9M->4M(15M) 0.835ms
[28.648s][info][gc] GC(1626) Pause Young (Allocation Failure) 9M->4M(15M) 0.879ms
[28.656s][info][gc] GC(1627) Pause Young (Allocation Failure) 9M->5M(15M) 0.861ms
[28.664s][info][gc] GC(1628) Pause Young (Allocation Failure) 9M->4M(15M) 0.586ms
[28.672s][info][gc] GC(1629) Pause Young (Allocation Failure) 9M->4M(15M) 0.585ms
[28.680s][info][gc] GC(1630) Pause Young (Allocation Failure) 9M->4M(15M) 0.624ms
[28.694s][info][gc] GC(1631) Pause Young (Allocation Failure) 9M->4M(15M) 0.888ms
[28.703s][info][gc] GC(1632) Pause Young (Allocation Failure) 9M->4M(15M) 0.634ms
[28.711s][info][gc] GC(1633) Pause Young (Allocation Failure) 9M->4M(15M) 0.683ms
[28.720s][info][gc] GC(1634) Pause Young (Allocation Failure) 9M->4M(15M) 0.669ms
[28.728s][info][gc] GC(1635) Pause Young (Allocation Failure) 9M->4M(15M) 0.675ms
[28.736s][info][gc] GC(1636) Pause Young (Allocation Failure) 9M->4M(15M) 0.652ms
[28.744s][info][gc] GC(1637) Pause Young (Allocation Failure) 9M->4M(15M) 0.706ms
[28.752s][info][gc] GC(1638) Pause Young (Allocation Failure) 9M->4M(15M) 0.814ms
[28.761s][info][gc] GC(1639) Pause Young (Allocation Failure) 9M->4M(15M) 0.810ms
[28.769s][info][gc] GC(1640) Pause Young (Allocation Failure) 9M->4M(15M) 0.865ms
[28.777s][info][gc] GC(1641) Pause Young (Allocation Failure) 9M->4M(15M) 0.877ms
[28.785s][info][gc] GC(1642) Pause Young (Allocation Failure) 9M->4M(15M) 0.875ms
[28.793s][info][gc] GC(1643) Pause Young (Allocation Failure) 9M->4M(15M) 0.727ms
[28.800s][info][gc] GC(1644) Pause Young (Allocation Failure) 9M->5M(15M) 0.816ms
[28.807s][info][gc] GC(1645) Pause Young (Allocation Failure) 9M->5M(15M) 0.885ms
[28.813s][info][gc] GC(1646) Pause Young (Allocation Failure) 9M->5M(15M) 0.672ms
[28.821s][info][gc] GC(1647) Pause Young (Allocation Failure) 9M->4M(15M) 0.588ms
[28.826s][info][gc] GC(1648) Pause Young (Allocation Failure) 9M->5M(15M) 0.785ms
[28.832s][info][gc] GC(1649) Pause Young (Allocation Failure) 9M->5M(15M) 0.792ms
[28.837s][info][gc] GC(1650) Pause Young (Allocation Failure) 9M->5M(15M) 0.811ms
[28.843s][info][gc] GC(1651) Pause Young (Allocation Failure) 9M->4M(15M) 0.396ms
[28.848s][info][gc] GC(1652) Pause Young (Allocation Failure) 9M->4M(15M) 0.401ms
[28.854s][info][gc] GC(1653) Pause Young (Allocation Failure) 9M->4M(15M) 0.694ms
[28.862s][info][gc] GC(1654) Pause Young (Allocation Failure) 9M->4M(15M) 0.773ms
[28.871s][info][gc] GC(1655) Pause Young (Allocation Failure) 9M->4M(15M) 0.695ms
[28.879s][info][gc] GC(1656) Pause Young (Allocation Failure) 9M->4M(15M) 0.519ms
[28.887s][info][gc] GC(1657) Pause Young (Allocation Failure) 9M->4M(15M) 0.777ms
[42.686s][info][gc] GC(1658) Pause Young (Allocation Failure) 9M->5M(15M) 0.775ms
[78.732s][info][gc] GC(1659) Pause Young (Allocation Failure) 9M->5M(15M) 1.057ms
[83.890s][info][gc] GC(1660) Pause Young (Allocation Failure) 9M->4M(15M) 0.674ms
[83.896s][info][gc] GC(1661) Pause Young (Allocation Failure) 9M->4M(15M) 0.568ms
[83.902s][info][gc] GC(1662) Pause Young (Allocation Failure) 9M->4M(15M) 0.832ms
[83.908s][info][gc] GC(1663) Pause Young (Allocation Failure) 9M->4M(15M) 0.591ms
[83.914s][info][gc] GC(1664) Pause Young (Allocation Failure) 9M->4M(15M) 0.791ms
[83.921s][info][gc] GC(1665) Pause Young (Allocation Failure) 9M->4M(15M) 0.646ms
[83.927s][info][gc] GC(1666) Pause Young (Allocation Failure) 9M->4M(15M) 0.698ms
[83.933s][info][gc] GC(1667) Pause Young (Allocation Failure) 9M->4M(15M) 0.739ms
[83.941s][info][gc] GC(1668) Pause Young (Allocation Failure) 9M->4M(15M) 0.669ms
[83.947s][info][gc] GC(1669) Pause Young (Allocation Failure) 9M->5M(15M) 0.754ms
[83.954s][info][gc] GC(1670) Pause Young (Allocation Failure) 9M->5M(15M) 0.717ms
[83.962s][info][gc] GC(1671) Pause Young (Allocation Failure) 9M->5M(15M) 0.747ms
[83.967s][info][gc] GC(1672) Pause Young (Allocation Failure) 9M->5M(15M) 0.720ms
[83.972s][info][gc] GC(1673) Pause Young (Allocation Failure) 9M->5M(15M) 0.722ms
[83.978s][info][gc] GC(1674) Pause Young (Allocation Failure) 9M->5M(15M) 0.724ms
[83.983s][info][gc] GC(1675) Pause Young (Allocation Failure) 9M->5M(15M) 0.680ms
[83.989s][info][gc] GC(1676) Pause Young (Allocation Failure) 9M->5M(15M) 0.560ms
[83.995s][info][gc] GC(1677) Pause Young (Allocation Failure) 9M->5M(15M) 0.608ms
[84.001s][info][gc] GC(1678) Pause Young (Allocation Failure) 9M->4M(15M) 0.425ms
[84.006s][info][gc] GC(1679) Pause Young (Allocation Failure) 9M->4M(15M) 0.389ms
[84.012s][info][gc] GC(1680) Pause Young (Allocation Failure) 9M->4M(15M) 0.430ms
[84.017s][info][gc] GC(1681) Pause Young (Allocation Failure) 9M->4M(15M) 0.433ms
[84.022s][info][gc] GC(1682) Pause Young (Allocation Failure) 9M->4M(15M) 0.440ms
[84.028s][info][gc] GC(1683) Pause Young (Allocation Failure) 9M->4M(15M) 0.448ms
[84.033s][info][gc] GC(1684) Pause Young (Allocation Failure) 9M->4M(15M) 0.433ms
[84.038s][info][gc] GC(1685) Pause Young (Allocation Failure) 9M->4M(15M) 0.451ms
[84.044s][info][gc] GC(1686) Pause Young (Allocation Failure) 9M->4M(15M) 0.471ms
[84.049s][info][gc] GC(1687) Pause Young (Allocation Failure) 9M->5M(15M) 0.461ms
[84.054s][info][gc] GC(1688) Pause Young (Allocation Failure) 9M->5M(15M) 0.478ms
[84.061s][info][gc] GC(1689) Pause Young (Allocation Failure) 9M->5M(15M) 0.508ms
[84.070s][info][gc] GC(1690) Pause Young (Allocation Failure) 9M->5M(15M) 0.771ms
[84.075s][info][gc] GC(1691) Pause Young (Allocation Failure) 9M->5M(15M) 0.798ms
[84.086s][info][gc] GC(1692) Pause Young (Allocation Failure) 9M->5M(15M) 0.575ms
[84.094s][info][gc] GC(1693) Pause Young (Allocation Failure) 9M->5M(15M) 0.829ms
[84.099s][info][gc] GC(1694) Pause Young (Allocation Failure) 9M->5M(15M) 0.638ms
[84.105s][info][gc] GC(1695) Pause Young (Allocation Failure) 9M->5M(15M) 0.675ms
[84.112s][info][gc] GC(1696) Pause Young (Allocation Failure) 9M->5M(15M) 0.653ms
[84.119s][info][gc] GC(1697) Pause Young (Allocation Failure) 9M->5M(15M) 0.657ms
[84.127s][info][gc] GC(1698) Pause Young (Allocation Failure) 9M->5M(15M) 0.791ms
[84.135s][info][gc] GC(1699) Pause Young (Allocation Failure) 9M->4M(15M) 0.622ms
[84.143s][info][gc] GC(1700) Pause Young (Allocation Failure) 9M->4M(15M) 0.617ms
[84.152s][info][gc] GC(1701) Pause Young (Allocation Failure) 9M->4M(15M) 0.798ms
[84.163s][info][gc] GC(1702) Pause Young (Allocation Failure) 9M->4M(15M) 0.714ms
[84.173s][info][gc] GC(1703) Pause Young (Allocation Failure) 9M->4M(15M) 0.778ms
[84.181s][info][gc] GC(1704) Pause Young (Allocation Failure) 9M->4M(15M) 0.737ms
[84.191s][info][gc] GC(1705) Pause Young (Allocation Failure) 9M->4M(15M) 0.757ms
[84.204s][info][gc] GC(1706) Pause Young (Allocation Failure) 9M->5M(15M) 0.799ms
[84.220s][info][gc] GC(1707) Pause Young (Allocation Failure) 9M->5M(15M) 0.963ms
[84.254s][info][gc] GC(1708) Pause Young (Allocation Failure) 9M->5M(15M) 0.784ms
[84.262s][info][gc] GC(1709) Pause Young (Allocation Failure) 9M->5M(15M) 0.830ms
[84.271s][info][gc] GC(1710) Pause Young (Allocation Failure) 9M->5M(15M) 1.286ms
[84.280s][info][gc] GC(1711) Pause Young (Allocation Failure) 9M->5M(15M) 0.858ms
[84.302s][info][gc] GC(1712) Pause Young (Allocation Failure) 9M->5M(15M) 0.929ms
[84.317s][info][gc] GC(1713) Pause Young (Allocation Failure) 9M->5M(15M) 0.942ms
[84.333s][info][gc] GC(1714) Pause Young (Allocation Failure) 9M->5M(15M) 0.944ms
[84.344s][info][gc] GC(1715) Pause Young (Allocation Failure) 9M->5M(15M) 0.969ms
[84.357s][info][gc] GC(1716) Pause Young (Allocation Failure) 9M->5M(15M) 0.957ms
[84.367s][info][gc] GC(1717) Pause Young (Allocation Failure) 9M->5M(15M) 1.271ms
[84.375s][info][gc] GC(1718) Pause Young (Allocation Failure) 9M->5M(15M) 1.353ms
[84.385s][info][gc] GC(1719) Pause Young (Allocation Failure) 9M->5M(15M) 0.922ms
[84.392s][info][gc] GC(1720) Pause Young (Allocation Failure) 9M->4M(15M) 0.670ms
[84.399s][info][gc] GC(1721) Pause Young (Allocation Failure) 9M->4M(15M) 0.461ms
[84.406s][info][gc] GC(1722) Pause Young (Allocation Failure) 9M->4M(15M) 0.653ms
[84.418s][info][gc] GC(1723) Pause Young (Allocation Failure) 9M->4M(15M) 0.699ms
[84.426s][info][gc] GC(1724) Pause Young (Allocation Failure) 9M->4M(15M) 0.473ms
[84.431s][info][gc] GC(1725) Pause Young (Allocation Failure) 9M->4M(15M) 0.464ms
[84.437s][info][gc] GC(1726) Pause Young (Allocation Failure) 9M->5M(15M) 0.547ms
[84.446s][info][gc] GC(1727) Pause Young (Allocation Failure) 9M->5M(15M) 0.475ms
[84.452s][info][gc] GC(1728) Pause Young (Allocation Failure) 9M->5M(15M) 0.520ms
[84.460s][info][gc] GC(1729) Pause Young (Allocation Failure) 9M->5M(15M) 0.504ms
[84.466s][info][gc] GC(1730) Pause Young (Allocation Failure) 9M->5M(15M) 0.523ms
[84.474s][info][gc] GC(1731) Pause Young (Allocation Failure) 9M->5M(15M) 0.583ms
[84.478s][info][gc] GC(1732) Pause Young (Allocation Failure) 9M->5M(15M) 0.565ms
[84.486s][info][gc] GC(1733) Pause Young (Allocation Failure) 9M->5M(15M) 0.808ms
[84.492s][info][gc] GC(1734) Pause Young (Allocation Failure) 9M->5M(15M) 0.669ms
[84.498s][info][gc] GC(1735) Pause Young (Allocation Failure) 9M->5M(15M) 0.605ms
[84.503s][info][gc] GC(1736) Pause Young (Allocation Failure) 9M->5M(15M) 0.590ms
[84.508s][info][gc] GC(1737) Pause Young (Allocation Failure) 9M->5M(15M) 0.606ms
[84.514s][info][gc] GC(1738) Pause Young (Allocation Failure) 9M->5M(15M) 0.636ms
[84.520s][info][gc] GC(1739) Pause Young (Allocation Failure) 9M->5M(15M) 0.647ms
[84.527s][info][gc] GC(1740) Pause Young (Allocation Failure) 9M->5M(15M) 0.674ms
[84.534s][info][gc] GC(1741) Pause Young (Allocation Failure) 9M->5M(15M) 1.071ms
[84.542s][info][gc] GC(1742) Pause Young (Allocation Failure) 9M->4M(15M) 0.462ms
[84.547s][info][gc] GC(1743) Pause Young (Allocation Failure) 9M->4M(15M) 0.430ms
[84.553s][info][gc] GC(1744) Pause Young (Allocation Failure) 9M->4M(15M) 0.449ms
[84.558s][info][gc] GC(1745) Pause Young (Allocation Failure) 9M->5M(15M) 0.418ms
[84.564s][info][gc] GC(1746) Pause Young (Allocation Failure) 9M->5M(15M) 0.503ms
[84.569s][info][gc] GC(1747) Pause Young (Allocation Failure) 9M->5M(15M) 0.472ms
[84.575s][info][gc] GC(1748) Pause Young (Allocation Failure) 9M->5M(15M) 0.514ms
[84.580s][info][gc] GC(1749) Pause Young (Allocation Failure) 9M->5M(15M) 0.502ms
[84.585s][info][gc] GC(1750) Pause Young (Allocation Failure) 9M->5M(15M) 0.674ms
[84.590s][info][gc] GC(1751) Pause Young (Allocation Failure) 9M->5M(15M) 0.520ms
[84.596s][info][gc] GC(1752) Pause Young (Allocation Failure) 9M->5M(15M) 0.569ms
[84.602s][info][gc] GC(1753) Pause Young (Allocation Failure) 9M->5M(15M) 0.613ms
[84.606s][info][gc] GC(1754) Pause Young (Allocation Failure) 9M->5M(15M) 0.556ms
[84.613s][info][gc] GC(1755) Pause Young (Allocation Failure) 9M->5M(15M) 0.611ms
[84.618s][info][gc] GC(1756) Pause Young (Allocation Failure) 9M->5M(15M) 0.620ms
[84.624s][info][gc] GC(1757) Pause Young (Allocation Failure) 9M->5M(15M) 0.754ms
[84.629s][info][gc] GC(1758) Pause Young (Allocation Failure) 9M->5M(15M) 0.564ms
[84.634s][info][gc] GC(1759) Pause Young (Allocation Failure) 9M->5M(15M) 0.616ms
[84.641s][info][gc] GC(1760) Pause Young (Allocation Failure) 9M->5M(15M) 0.613ms
[84.646s][info][gc] GC(1761) Pause Young (Allocation Failure) 9M->5M(15M) 0.681ms
[84.651s][info][gc] GC(1762) Pause Young (Allocation Failure) 9M->4M(15M) 0.387ms
[84.656s][info][gc] GC(1763) Pause Young (Allocation Failure) 9M->4M(15M) 0.385ms
[84.662s][info][gc] GC(1764) Pause Young (Allocation Failure) 9M->4M(15M) 1.134ms
[84.669s][info][gc] GC(1765) Pause Young (Allocation Failure) 9M->5M(15M) 0.481ms
[84.674s][info][gc] GC(1766) Pause Young (Allocation Failure) 9M->5M(15M) 0.702ms
[84.681s][info][gc] GC(1767) Pause Young (Allocation Failure) 9M->5M(15M) 0.519ms
[84.686s][info][gc] GC(1768) Pause Young (Allocation Failure) 9M->5M(15M) 0.701ms
[84.696s][info][gc] GC(1769) Pause Young (Allocation Failure) 9M->5M(15M) 0.859ms
[84.705s][info][gc] GC(1770) Pause Young (Allocation Failure) 9M->5M(15M) 0.898ms
[84.713s][info][gc] GC(1771) Pause Young (Allocation Failure) 9M->5M(15M) 0.747ms
[84.720s][info][gc] GC(1772) Pause Young (Allocation Failure) 9M->5M(15M) 1.055ms
[84.728s][info][gc] GC(1773) Pause Young (Allocation Failure) 9M->5M(15M) 1.039ms
[84.739s][info][gc] GC(1774) Pause Young (Allocation Failure) 9M->5M(15M) 0.911ms
[84.750s][info][gc] GC(1775) Pause Young (Allocation Failure) 9M->5M(15M) 0.732ms
[84.756s][info][gc] GC(1776) Pause Young (Allocation Failure) 9M->5M(15M) 0.674ms
[84.764s][info][gc] GC(1777) Pause Young (Allocation Failure) 9M->5M(15M) 0.654ms
[84.771s][info][gc] GC(1778) Pause Young (Allocation Failure) 9M->5M(15M) 0.629ms
[84.777s][info][gc] GC(1779) Pause Young (Allocation Failure) 9M->5M(15M) 0.620ms
[84.782s][info][gc] GC(1780) Pause Young (Allocation Failure) 9M->5M(15M) 0.724ms
[84.787s][info][gc] GC(1781) Pause Young (Allocation Failure) 9M->4M(15M) 0.449ms
[84.794s][info][gc] GC(1782) Pause Young (Allocation Failure) 9M->5M(15M) 0.441ms
[84.800s][info][gc] GC(1783) Pause Young (Allocation Failure) 9M->5M(15M) 0.746ms
[84.805s][info][gc] GC(1784) Pause Young (Allocation Failure) 9M->5M(15M) 0.504ms
[84.812s][info][gc] GC(1785) Pause Young (Allocation Failure) 9M->5M(15M) 0.522ms
[84.817s][info][gc] GC(1786) Pause Young (Allocation Failure) 9M->5M(15M) 0.505ms
[84.823s][info][gc] GC(1787) Pause Young (Allocation Failure) 9M->5M(15M) 0.548ms
[84.829s][info][gc] GC(1788) Pause Young (Allocation Failure) 9M->5M(15M) 0.544ms
[84.834s][info][gc] GC(1789) Pause Young (Allocation Failure) 9M->5M(15M) 0.542ms
[84.841s][info][gc] GC(1790) Pause Young (Allocation Failure) 9M->5M(15M) 0.554ms
[84.847s][info][gc] GC(1791) Pause Young (Allocation Failure) 9M->5M(15M) 0.702ms
[84.853s][info][gc] GC(1792) Pause Young (Allocation Failure) 9M->5M(15M) 0.662ms
[84.859s][info][gc] GC(1793) Pause Young (Allocation Failure) 9M->5M(15M) 0.594ms
[84.866s][info][gc] GC(1794) Pause Young (Allocation Failure) 9M->5M(15M) 0.572ms
[84.872s][info][gc] GC(1795) Pause Young (Allocation Failure) 9M->5M(15M) 0.589ms
[84.878s][info][gc] GC(1796) Pause Young (Allocation Failure) 9M->5M(15M) 0.667ms
[84.883s][info][gc] GC(1797) Pause Young (Allocation Failure) 9M->5M(15M) 0.627ms
[84.889s][info][gc] GC(1798) Pause Young (Allocation Failure) 9M->5M(15M) 0.574ms
[84.895s][info][gc] GC(1799) Pause Young (Allocation Failure) 9M->5M(15M) 0.755ms
[84.903s][info][gc] GC(1800) Pause Young (Allocation Failure) 9M->5M(15M) 0.646ms
[84.908s][info][gc] GC(1801) Pause Young (Allocation Failure) 9M->5M(15M) 0.594ms
[84.915s][info][gc] GC(1802) Pause Young (Allocation Failure) 9M->5M(15M) 0.613ms
[84.921s][info][gc] GC(1803) Pause Young (Allocation Failure) 9M->5M(15M) 0.432ms
[84.927s][info][gc] GC(1804) Pause Young (Allocation Failure) 9M->5M(15M) 0.460ms
[84.933s][info][gc] GC(1805) Pause Young (Allocation Failure) 9M->5M(15M) 0.493ms
[84.939s][info][gc] GC(1806) Pause Young (Allocation Failure) 9M->5M(15M) 0.602ms
[84.944s][info][gc] GC(1807) Pause Young (Allocation Failure) 9M->5M(15M) 0.496ms
[84.950s][info][gc] GC(1808) Pause Young (Allocation Failure) 9M->5M(15M) 0.518ms
[84.954s][info][gc] GC(1809) Pause Young (Allocation Failure) 9M->5M(15M) 0.443ms
[84.960s][info][gc] GC(1810) Pause Young (Allocation Failure) 9M->5M(15M) 0.501ms
[84.966s][info][gc] GC(1811) Pause Young (Allocation Failure) 9M->5M(15M) 0.533ms
[84.972s][info][gc] GC(1812) Pause Young (Allocation Failure) 9M->5M(15M) 0.485ms
[84.978s][info][gc] GC(1813) Pause Young (Allocation Failure) 9M->5M(15M) 0.543ms
[84.983s][info][gc] GC(1814) Pause Young (Allocation Failure) 9M->5M(15M) 0.535ms
[84.988s][info][gc] GC(1815) Pause Young (Allocation Failure) 9M->5M(15M) 0.577ms
[84.994s][info][gc] GC(1816) Pause Young (Allocation Failure) 9M->5M(15M) 0.632ms
[85.000s][info][gc] GC(1817) Pause Young (Allocation Failure) 9M->5M(15M) 0.915ms
[85.005s][info][gc] GC(1818) Pause Young (Allocation Failure) 9M->5M(15M) 0.604ms
[85.011s][info][gc] GC(1819) Pause Young (Allocation Failure) 9M->5M(15M) 0.680ms
[85.017s][info][gc] GC(1820) Pause Young (Allocation Failure) 9M->5M(15M) 0.429ms
[85.023s][info][gc] GC(1821) Pause Young (Allocation Failure) 9M->5M(15M) 0.627ms
[85.029s][info][gc] GC(1822) Pause Young (Allocation Failure) 9M->5M(15M) 0.438ms
[85.034s][info][gc] GC(1823) Pause Young (Allocation Failure) 9M->5M(15M) 0.505ms
[85.041s][info][gc] GC(1824) Pause Young (Allocation Failure) 9M->5M(15M) 0.470ms
[85.046s][info][gc] GC(1825) Pause Young (Allocation Failure) 9M->5M(15M) 0.525ms
[85.051s][info][gc] GC(1826) Pause Young (Allocation Failure) 9M->5M(15M) 0.498ms
[85.057s][info][gc] GC(1827) Pause Young (Allocation Failure) 9M->5M(15M) 0.506ms
[85.062s][info][gc] GC(1828) Pause Young (Allocation Failure) 9M->5M(15M) 0.536ms
[85.068s][info][gc] GC(1829) Pause Young (Allocation Failure) 9M->5M(15M) 0.523ms
[85.076s][info][gc] GC(1830) Pause Young (Allocation Failure) 9M->5M(15M) 0.539ms
[85.085s][info][gc] GC(1831) Pause Young (Allocation Failure) 9M->5M(15M) 0.715ms
[85.091s][info][gc] GC(1832) Pause Young (Allocation Failure) 9M->5M(15M) 0.588ms
[85.098s][info][gc] GC(1833) Pause Young (Allocation Failure) 9M->5M(15M) 0.569ms
[85.104s][info][gc] GC(1834) Pause Young (Allocation Failure) 9M->5M(15M) 0.874ms
[85.109s][info][gc] GC(1835) Pause Young (Allocation Failure) 9M->5M(15M) 0.624ms
[85.114s][info][gc] GC(1836) Pause Young (Allocation Failure) 9M->5M(15M) 0.625ms
[85.122s][info][gc] GC(1837) Pause Young (Allocation Failure) 9M->5M(15M) 0.974ms
[85.128s][info][gc] GC(1838) Pause Young (Allocation Failure) 9M->5M(15M) 0.894ms
[85.138s][info][gc] GC(1839) Pause Young (Allocation Failure) 9M->5M(15M) 0.988ms
[85.145s][info][gc] GC(1840) Pause Young (Allocation Failure) 9M->5M(15M) 0.638ms
[85.151s][info][gc] GC(1841) Pause Young (Allocation Failure) 9M->5M(15M) 0.604ms
[85.157s][info][gc] GC(1842) Pause Young (Allocation Failure) 9M->5M(15M) 0.419ms
[85.163s][info][gc] GC(1843) Pause Young (Allocation Failure) 9M->5M(15M) 0.442ms
[85.169s][info][gc] GC(1844) Pause Young (Allocation Failure) 9M->5M(15M) 0.573ms
[85.174s][info][gc] GC(1845) Pause Young (Allocation Failure) 9M->5M(15M) 0.590ms
[85.179s][info][gc] GC(1846) Pause Young (Allocation Failure) 9M->5M(15M) 0.451ms
[85.189s][info][gc] GC(1847) Pause Young (Allocation Failure) 9M->5M(15M) 0.615ms
[85.197s][info][gc] GC(1848) Pause Young (Allocation Failure) 9M->5M(15M) 0.497ms
[85.204s][info][gc] GC(1849) Pause Young (Allocation Failure) 9M->5M(15M) 0.500ms
[85.211s][info][gc] GC(1850) Pause Young (Allocation Failure) 9M->5M(15M) 0.550ms
[85.218s][info][gc] GC(1851) Pause Young (Allocation Failure) 9M->5M(15M) 0.536ms
[85.224s][info][gc] GC(1852) Pause Young (Allocation Failure) 9M->5M(15M) 0.658ms
[85.229s][info][gc] GC(1853) Pause Young (Allocation Failure) 9M->5M(15M) 0.725ms
[85.236s][info][gc] GC(1854) Pause Young (Allocation Failure) 9M->5M(15M) 0.689ms
[85.242s][info][gc] GC(1855) Pause Young (Allocation Failure) 9M->5M(15M) 0.548ms
[85.248s][info][gc] GC(1856) Pause Young (Allocation Failure) 9M->5M(15M) 0.619ms
[85.253s][info][gc] GC(1857) Pause Young (Allocation Failure) 9M->5M(15M) 0.568ms
[85.260s][info][gc] GC(1858) Pause Young (Allocation Failure) 9M->5M(15M) 0.576ms
[85.270s][info][gc] GC(1859) Pause Young (Allocation Failure) 9M->5M(15M) 0.756ms
[85.275s][info][gc] GC(1860) Pause Young (Allocation Failure) 9M->5M(15M) 0.631ms
[85.282s][info][gc] GC(1861) Pause Young (Allocation Failure) 9M->5M(15M) 0.581ms
[85.288s][info][gc] GC(1862) Pause Young (Allocation Failure) 9M->5M(15M) 0.562ms
[85.292s][info][gc] GC(1863) Pause Young (Allocation Failure) 9M->5M(15M) 0.443ms
[85.304s][info][gc] GC(1864) Pause Young (Allocation Failure) 9M->5M(15M) 0.452ms
[85.310s][info][gc] GC(1865) Pause Young (Allocation Failure) 9M->5M(15M) 0.757ms
[85.316s][info][gc] GC(1866) Pause Young (Allocation Failure) 9M->5M(15M) 0.470ms
[85.321s][info][gc] GC(1867) Pause Young (Allocation Failure) 9M->5M(15M) 0.441ms
[85.327s][info][gc] GC(1868) Pause Young (Allocation Failure) 9M->5M(15M) 0.677ms
[85.336s][info][gc] GC(1869) Pause Young (Allocation Failure) 9M->5M(15M) 0.656ms
[85.343s][info][gc] GC(1870) Pause Young (Allocation Failure) 9M->5M(15M) 0.835ms
[85.349s][info][gc] GC(1871) Pause Young (Allocation Failure) 9M->5M(15M) 0.571ms
[85.355s][info][gc] GC(1872) Pause Young (Allocation Failure) 9M->5M(15M) 0.597ms
[85.362s][info][gc] GC(1873) Pause Young (Allocation Failure) 9M->5M(15M) 0.582ms
[85.368s][info][gc] GC(1874) Pause Young (Allocation Failure) 9M->5M(15M) 0.619ms
[85.374s][info][gc] GC(1875) Pause Young (Allocation Failure) 9M->5M(15M) 0.977ms
[85.379s][info][gc] GC(1876) Pause Young (Allocation Failure) 9M->5M(15M) 0.654ms
[85.384s][info][gc] GC(1877) Pause Young (Allocation Failure) 9M->5M(15M) 0.623ms
[85.390s][info][gc] GC(1878) Pause Young (Allocation Failure) 9M->5M(15M) 0.966ms
[85.396s][info][gc] GC(1879) Pause Young (Allocation Failure) 9M->5M(15M) 0.589ms
[85.403s][info][gc] GC(1880) Pause Young (Allocation Failure) 9M->5M(15M) 0.621ms
[85.408s][info][gc] GC(1881) Pause Young (Allocation Failure) 9M->5M(15M) 0.605ms
[85.414s][info][gc] GC(1882) Pause Young (Allocation Failure) 9M->5M(15M) 1.185ms
[85.419s][info][gc] GC(1883) Pause Young (Allocation Failure) 9M->5M(15M) 0.419ms
[85.425s][info][gc] GC(1884) Pause Young (Allocation Failure) 9M->5M(15M) 0.434ms
[85.431s][info][gc] GC(1885) Pause Young (Allocation Failure) 9M->5M(15M) 0.582ms
[85.436s][info][gc] GC(1886) Pause Young (Allocation Failure) 9M->5M(15M) 0.458ms
[85.442s][info][gc] GC(1887) Pause Young (Allocation Failure) 9M->5M(15M) 0.474ms
[85.448s][info][gc] GC(1888) Pause Young (Allocation Failure) 9M->5M(15M) 0.502ms
[85.454s][info][gc] GC(1889) Pause Young (Allocation Failure) 9M->5M(15M) 0.635ms
[85.459s][info][gc] GC(1890) Pause Young (Allocation Failure) 9M->5M(15M) 0.524ms
[85.465s][info][gc] GC(1891) Pause Young (Allocation Failure) 9M->5M(15M) 0.512ms
[85.471s][info][gc] GC(1892) Pause Young (Allocation Failure) 9M->5M(15M) 0.539ms
[85.476s][info][gc] GC(1893) Pause Young (Allocation Failure) 9M->5M(15M) 0.496ms
[85.483s][info][gc] GC(1894) Pause Young (Allocation Failure) 9M->5M(15M) 0.618ms
[85.488s][info][gc] GC(1895) Pause Young (Allocation Failure) 9M->5M(15M) 0.591ms
[85.493s][info][gc] GC(1896) Pause Young (Allocation Failure) 9M->5M(15M) 0.651ms
[85.500s][info][gc] GC(1897) Pause Young (Allocation Failure) 9M->5M(15M) 0.642ms
[85.505s][info][gc] GC(1898) Pause Young (Allocation Failure) 9M->5M(15M) 0.586ms
[85.511s][info][gc] GC(1899) Pause Young (Allocation Failure) 9M->5M(15M) 0.846ms
[85.516s][info][gc] GC(1900) Pause Young (Allocation Failure) 9M->5M(15M) 0.629ms
[85.522s][info][gc] GC(1901) Pause Young (Allocation Failure) 9M->5M(15M) 0.564ms
[85.527s][info][gc] GC(1902) Pause Young (Allocation Failure) 9M->5M(15M) 0.569ms
[85.534s][info][gc] GC(1903) Pause Young (Allocation Failure) 9M->5M(15M) 0.615ms
[85.539s][info][gc] GC(1904) Pause Young (Allocation Failure) 9M->5M(15M) 0.648ms
[85.544s][info][gc] GC(1905) Pause Young (Allocation Failure) 9M->5M(15M) 0.429ms
[85.550s][info][gc] GC(1906) Pause Young (Allocation Failure) 9M->5M(15M) 0.481ms
[85.554s][info][gc] GC(1907) Pause Young (Allocation Failure) 9M->5M(15M) 0.424ms
[85.559s][info][gc] GC(1908) Pause Young (Allocation Failure) 9M->5M(15M) 0.441ms
[85.565s][info][gc] GC(1909) Pause Young (Allocation Failure) 9M->5M(15M) 0.456ms
[85.570s][info][gc] GC(1910) Pause Young (Allocation Failure) 9M->5M(15M) 0.430ms
[85.575s][info][gc] GC(1911) Pause Young (Allocation Failure) 9M->5M(15M) 0.466ms
[85.581s][info][gc] GC(1912) Pause Young (Allocation Failure) 9M->5M(15M) 0.501ms
[85.586s][info][gc] GC(1913) Pause Young (Allocation Failure) 9M->5M(15M) 0.550ms
[85.591s][info][gc] GC(1914) Pause Young (Allocation Failure) 9M->5M(15M) 0.491ms
[85.596s][info][gc] GC(1915) Pause Young (Allocation Failure) 9M->5M(15M) 0.521ms
[85.601s][info][gc] GC(1916) Pause Young (Allocation Failure) 9M->5M(15M) 0.530ms
[85.606s][info][gc] GC(1917) Pause Young (Allocation Failure) 9M->5M(15M) 0.542ms
[85.612s][info][gc] GC(1918) Pause Young (Allocation Failure) 9M->5M(15M) 0.580ms
[85.617s][info][gc] GC(1919) Pause Young (Allocation Failure) 9M->5M(15M) 0.529ms
[85.622s][info][gc] GC(1920) Pause Young (Allocation Failure) 9M->5M(15M) 0.555ms
[85.629s][info][gc] GC(1921) Pause Young (Allocation Failure) 9M->5M(15M) 0.748ms
[85.634s][info][gc] GC(1922) Pause Young (Allocation Failure) 9M->5M(15M) 0.574ms
[85.639s][info][gc] GC(1923) Pause Young (Allocation Failure) 9M->5M(15M) 0.575ms
[85.644s][info][gc] GC(1924) Pause Young (Allocation Failure) 9M->5M(15M) 0.626ms
[85.649s][info][gc] GC(1925) Pause Young (Allocation Failure) 9M->5M(15M) 0.549ms
[85.654s][info][gc] GC(1926) Pause Young (Allocation Failure) 9M->5M(15M) 0.387ms
[85.660s][info][gc] GC(1927) Pause Young (Allocation Failure) 9M->5M(15M) 0.492ms
[85.665s][info][gc] GC(1928) Pause Young (Allocation Failure) 9M->5M(15M) 0.440ms
[85.670s][info][gc] GC(1929) Pause Young (Allocation Failure) 9M->5M(15M) 0.478ms
[85.675s][info][gc] GC(1930) Pause Young (Allocation Failure) 9M->5M(15M) 0.510ms
[85.680s][info][gc] GC(1931) Pause Young (Allocation Failure) 9M->5M(15M) 0.496ms
[85.685s][info][gc] GC(1932) Pause Young (Allocation Failure) 9M->5M(15M) 0.514ms
[85.690s][info][gc] GC(1933) Pause Young (Allocation Failure) 9M->5M(15M) 0.531ms
[85.695s][info][gc] GC(1934) Pause Young (Allocation Failure) 9M->5M(15M) 0.556ms
[85.701s][info][gc] GC(1935) Pause Young (Allocation Failure) 9M->5M(15M) 0.544ms
[85.706s][info][gc] GC(1936) Pause Young (Allocation Failure) 9M->5M(15M) 0.599ms
[85.711s][info][gc] GC(1937) Pause Young (Allocation Failure) 9M->5M(15M) 0.535ms
[85.717s][info][gc] GC(1938) Pause Young (Allocation Failure) 9M->5M(15M) 0.570ms
[85.722s][info][gc] GC(1939) Pause Young (Allocation Failure) 9M->5M(15M) 0.587ms
[85.728s][info][gc] GC(1940) Pause Young (Allocation Failure) 9M->5M(15M) 0.825ms
[85.736s][info][gc] GC(1941) Pause Young (Allocation Failure) 9M->5M(15M) 1.029ms
[85.744s][info][gc] GC(1942) Pause Young (Allocation Failure) 9M->5M(15M) 0.957ms
[85.752s][info][gc] GC(1943) Pause Young (Allocation Failure) 9M->5M(15M) 0.920ms
[85.758s][info][gc] GC(1944) Pause Young (Allocation Failure) 9M->5M(15M) 0.867ms
[85.765s][info][gc] GC(1945) Pause Young (Allocation Failure) 9M->5M(15M) 0.644ms
[85.770s][info][gc] GC(1946) Pause Young (Allocation Failure) 9M->5M(15M) 0.637ms
[85.776s][info][gc] GC(1947) Pause Young (Allocation Failure) 9M->5M(15M) 0.624ms
[85.781s][info][gc] GC(1948) Pause Young (Allocation Failure) 9M->5M(15M) 0.655ms
[85.787s][info][gc] GC(1949) Pause Young (Allocation Failure) 9M->5M(15M) 0.700ms
[85.792s][info][gc] GC(1950) Pause Young (Allocation Failure) 9M->5M(15M) 0.654ms
[85.798s][info][gc] GC(1951) Pause Young (Allocation Failure) 9M->5M(15M) 0.598ms
[85.804s][info][gc] GC(1952) Pause Young (Allocation Failure) 9M->5M(15M) 0.413ms
[85.809s][info][gc] GC(1953) Pause Young (Allocation Failure) 9M->5M(15M) 0.396ms
[85.814s][info][gc] GC(1954) Pause Young (Allocation Failure) 9M->5M(15M) 0.424ms
[85.819s][info][gc] GC(1955) Pause Young (Allocation Failure) 9M->5M(15M) 0.409ms
[85.824s][info][gc] GC(1956) Pause Young (Allocation Failure) 9M->5M(15M) 0.423ms
[85.829s][info][gc] GC(1957) Pause Young (Allocation Failure) 9M->5M(15M) 0.432ms
[85.834s][info][gc] GC(1958) Pause Young (Allocation Failure) 9M->5M(15M) 0.453ms
[85.842s][info][gc] GC(1959) Pause Young (Allocation Failure) 9M->5M(15M) 0.477ms
[85.848s][info][gc] GC(1960) Pause Young (Allocation Failure) 9M->5M(15M) 0.528ms
[85.855s][info][gc] GC(1961) Pause Young (Allocation Failure) 9M->5M(15M) 0.498ms
[85.862s][info][gc] GC(1962) Pause Young (Allocation Failure) 9M->5M(15M) 0.545ms
[85.868s][info][gc] GC(1963) Pause Young (Allocation Failure) 9M->5M(15M) 0.553ms
[85.880s][info][gc] GC(1964) Pause Young (Allocation Failure) 9M->5M(15M) 1.105ms
[85.889s][info][gc] GC(1965) Pause Young (Allocation Failure) 9M->5M(15M) 0.814ms
[85.897s][info][gc] GC(1966) Pause Young (Allocation Failure) 9M->5M(15M) 0.588ms
[85.907s][info][gc] GC(1967) Pause Young (Allocation Failure) 9M->5M(15M) 1.110ms
[85.914s][info][gc] GC(1968) Pause Young (Allocation Failure) 9M->5M(15M) 1.010ms
[85.923s][info][gc] GC(1969) Pause Young (Allocation Failure) 9M->5M(15M) 0.622ms
[85.932s][info][gc] GC(1970) Pause Young (Allocation Failure) 9M->5M(15M) 0.831ms
[85.940s][info][gc] GC(1971) Pause Young (Allocation Failure) 9M->5M(15M) 0.680ms
[85.945s][info][gc] GC(1972) Pause Young (Allocation Failure) 9M->5M(15M) 0.674ms
[85.952s][info][gc] GC(1973) Pause Young (Allocation Failure) 9M->5M(15M) 0.416ms
[85.957s][info][gc] GC(1974) Pause Young (Allocation Failure) 9M->5M(15M) 0.422ms
[85.967s][info][gc] GC(1975) Pause Young (Allocation Failure) 9M->5M(15M) 0.658ms
[85.984s][info][gc] GC(1976) Pause Young (Allocation Failure) 9M->5M(15M) 1.345ms
[85.994s][info][gc] GC(1977) Pause Young (Allocation Failure) 9M->5M(15M) 0.770ms
[86.002s][info][gc] GC(1978) Pause Young (Allocation Failure) 9M->5M(15M) 0.758ms
[86.007s][info][gc] GC(1979) Pause Young (Allocation Failure) 9M->5M(15M) 0.534ms
[86.013s][info][gc] GC(1980) Pause Young (Allocation Failure) 9M->5M(15M) 0.531ms
[86.023s][info][gc] GC(1981) Pause Young (Allocation Failure) 9M->5M(15M) 0.832ms
[86.031s][info][gc] GC(1982) Pause Young (Allocation Failure) 9M->5M(15M) 0.873ms
[86.036s][info][gc] GC(1983) Pause Young (Allocation Failure) 9M->5M(15M) 0.567ms
[86.042s][info][gc] GC(1984) Pause Young (Allocation Failure) 9M->5M(15M) 0.578ms
[86.048s][info][gc] GC(1985) Pause Young (Allocation Failure) 9M->5M(15M) 0.583ms
[86.053s][info][gc] GC(1986) Pause Young (Allocation Failure) 9M->5M(15M) 0.668ms
[86.061s][info][gc] GC(1987) Pause Young (Allocation Failure) 9M->5M(15M) 0.612ms
[86.067s][info][gc] GC(1988) Pause Young (Allocation Failure) 9M->5M(15M) 0.804ms
[86.073s][info][gc] GC(1989) Pause Young (Allocation Failure) 9M->5M(15M) 0.858ms
[86.078s][info][gc] GC(1990) Pause Young (Allocation Failure) 9M->5M(15M) 0.665ms
[86.084s][info][gc] GC(1991) Pause Young (Allocation Failure) 9M->5M(15M) 0.623ms
[86.090s][info][gc] GC(1992) Pause Young (Allocation Failure) 9M->5M(15M) 0.529ms
[86.096s][info][gc] GC(1993) Pause Young (Allocation Failure) 9M->5M(15M) 0.458ms
[86.101s][info][gc] GC(1994) Pause Young (Allocation Failure) 9M->5M(15M) 0.504ms
[86.109s][info][gc] GC(1995) Pause Young (Allocation Failure) 9M->5M(15M) 0.506ms
[86.114s][info][gc] GC(1996) Pause Young (Allocation Failure) 9M->5M(15M) 0.465ms
[86.120s][info][gc] GC(1997) Pause Young (Allocation Failure) 9M->5M(15M) 0.514ms
[86.125s][info][gc] GC(1998) Pause Young (Allocation Failure) 9M->5M(15M) 0.560ms
[86.130s][info][gc] GC(1999) Pause Young (Allocation Failure) 9M->5M(15M) 0.530ms
[86.139s][info][gc] GC(2000) Pause Young (Allocation Failure) 9M->5M(15M) 0.804ms
[86.145s][info][gc] GC(2001) Pause Young (Allocation Failure) 9M->5M(15M) 0.577ms
[86.151s][info][gc] GC(2002) Pause Young (Allocation Failure) 9M->5M(15M) 0.617ms
[86.157s][info][gc] GC(2003) Pause Young (Allocation Failure) 9M->5M(15M) 0.625ms
[86.163s][info][gc] GC(2004) Pause Young (Allocation Failure) 9M->5M(15M) 0.613ms
[86.169s][info][gc] GC(2005) Pause Young (Allocation Failure) 9M->5M(15M) 0.855ms
[86.175s][info][gc] GC(2006) Pause Young (Allocation Failure) 9M->5M(15M) 0.665ms
[86.181s][info][gc] GC(2007) Pause Young (Allocation Failure) 9M->5M(15M) 0.898ms
[86.192s][info][gc] GC(2008) Pause Young (Allocation Failure) 9M->5M(15M) 0.930ms
[86.201s][info][gc] GC(2009) Pause Young (Allocation Failure) 9M->5M(15M) 0.989ms
[86.210s][info][gc] GC(2010) Pause Young (Allocation Failure) 9M->5M(15M) 0.650ms
[86.218s][info][gc] GC(2011) Pause Young (Allocation Failure) 9M->5M(15M) 0.635ms
[86.226s][info][gc] GC(2012) Pause Young (Allocation Failure) 9M->5M(15M) 0.631ms
[86.234s][info][gc] GC(2013) Pause Young (Allocation Failure) 9M->5M(15M) 0.636ms
[86.241s][info][gc] GC(2014) Pause Young (Allocation Failure) 9M->5M(15M) 0.938ms
[86.247s][info][gc] GC(2015) Pause Young (Allocation Failure) 9M->5M(15M) 0.779ms
[86.255s][info][gc] GC(2016) Pause Young (Allocation Failure) 9M->5M(15M) 0.505ms
[86.262s][info][gc] GC(2017) Pause Young (Allocation Failure) 9M->5M(15M) 0.747ms
[86.270s][info][gc] GC(2018) Pause Young (Allocation Failure) 9M->5M(15M) 0.564ms
[86.276s][info][gc] GC(2019) Pause Young (Allocation Failure) 9M->5M(15M) 0.930ms
[86.284s][info][gc] GC(2020) Pause Young (Allocation Failure) 9M->5M(15M) 0.742ms
[86.291s][info][gc] GC(2021) Pause Young (Allocation Failure) 9M->5M(15M) 0.620ms
[86.298s][info][gc] GC(2022) Pause Young (Allocation Failure) 9M->5M(15M) 0.545ms
[86.306s][info][gc] GC(2023) Pause Young (Allocation Failure) 9M->5M(15M) 0.920ms
[86.313s][info][gc] GC(2024) Pause Young (Allocation Failure) 9M->5M(15M) 0.583ms
[86.318s][info][gc] GC(2025) Pause Young (Allocation Failure) 9M->5M(15M) 0.619ms
[86.325s][info][gc] GC(2026) Pause Young (Allocation Failure) 9M->5M(15M) 0.866ms
[86.334s][info][gc] GC(2027) Pause Young (Allocation Failure) 9M->5M(15M) 1.001ms
[86.340s][info][gc] GC(2028) Pause Young (Allocation Failure) 9M->5M(15M) 0.731ms
[86.349s][info][gc] GC(2029) Pause Young (Allocation Failure) 9M->5M(15M) 0.965ms
[86.358s][info][gc] GC(2030) Pause Young (Allocation Failure) 9M->5M(15M) 0.492ms
[86.363s][info][gc] GC(2031) Pause Young (Allocation Failure) 9M->5M(15M) 0.421ms
[86.368s][info][gc] GC(2032) Pause Young (Allocation Failure) 9M->5M(15M) 0.424ms
[86.373s][info][gc] GC(2033) Pause Young (Allocation Failure) 9M->5M(15M) 0.478ms
[86.378s][info][gc] GC(2034) Pause Young (Allocation Failure) 9M->5M(15M) 0.471ms
[86.383s][info][gc] GC(2035) Pause Young (Allocation Failure) 9M->5M(15M) 0.446ms
[86.388s][info][gc] GC(2036) Pause Young (Allocation Failure) 9M->5M(15M) 0.473ms
[86.394s][info][gc] GC(2037) Pause Young (Allocation Failure) 9M->5M(15M) 0.477ms
[86.399s][info][gc] GC(2038) Pause Young (Allocation Failure) 9M->5M(15M) 0.456ms
[86.404s][info][gc] GC(2039) Pause Young (Allocation Failure) 9M->5M(15M) 0.503ms
[86.409s][info][gc] GC(2040) Pause Young (Allocation Failure) 9M->5M(15M) 0.540ms
[86.414s][info][gc] GC(2041) Pause Young (Allocation Failure) 9M->5M(15M) 0.531ms
[86.420s][info][gc] GC(2042) Pause Young (Allocation Failure) 9M->5M(15M) 0.565ms
[86.425s][info][gc] GC(2043) Pause Young (Allocation Failure) 9M->5M(15M) 0.537ms
[86.430s][info][gc] GC(2044) Pause Young (Allocation Failure) 9M->5M(15M) 0.551ms
[86.435s][info][gc] GC(2045) Pause Young (Allocation Failure) 9M->5M(15M) 0.621ms
[86.442s][info][gc] GC(2046) Pause Young (Allocation Failure) 9M->5M(15M) 0.562ms
[86.447s][info][gc] GC(2047) Pause Young (Allocation Failure) 9M->5M(15M) 0.555ms
[86.452s][info][gc] GC(2048) Pause Young (Allocation Failure) 9M->5M(15M) 0.616ms
[86.457s][info][gc] GC(2049) Pause Young (Allocation Failure) 9M->5M(15M) 0.385ms
[86.462s][info][gc] GC(2050) Pause Young (Allocation Failure) 9M->5M(15M) 0.369ms
[86.467s][info][gc] GC(2051) Pause Young (Allocation Failure) 9M->5M(15M) 0.341ms
[86.473s][info][gc] GC(2052) Pause Young (Allocation Failure) 9M->5M(15M) 0.428ms
[86.478s][info][gc] GC(2053) Pause Young (Allocation Failure) 9M->5M(15M) 0.393ms
[86.483s][info][gc] GC(2054) Pause Young (Allocation Failure) 9M->5M(15M) 0.491ms
[86.488s][info][gc] GC(2055) Pause Young (Allocation Failure) 9M->5M(15M) 0.409ms
[86.493s][info][gc] GC(2056) Pause Young (Allocation Failure) 9M->5M(15M) 0.441ms
[86.499s][info][gc] GC(2057) Pause Young (Allocation Failure) 9M->5M(15M) 0.467ms
[86.504s][info][gc] GC(2058) Pause Young (Allocation Failure) 9M->5M(15M) 0.576ms
[86.510s][info][gc] GC(2059) Pause Young (Allocation Failure) 9M->5M(15M) 0.574ms
[86.515s][info][gc] GC(2060) Pause Young (Allocation Failure) 9M->5M(15M) 0.573ms
[86.520s][info][gc] GC(2061) Pause Young (Allocation Failure) 9M->5M(15M) 0.660ms
[86.526s][info][gc] GC(2062) Pause Young (Allocation Failure) 9M->5M(15M) 0.650ms
[86.531s][info][gc] GC(2063) Pause Young (Allocation Failure) 9M->5M(15M) 0.697ms
[86.537s][info][gc] GC(2064) Pause Young (Allocation Failure) 9M->5M(15M) 0.733ms
[86.542s][info][gc] GC(2065) Pause Young (Allocation Failure) 9M->5M(15M) 0.651ms
[86.547s][info][gc] GC(2066) Pause Young (Allocation Failure) 9M->5M(15M) 0.635ms
[86.553s][info][gc] GC(2067) Pause Young (Allocation Failure) 9M->5M(15M) 0.595ms
[86.559s][info][gc] GC(2068) Pause Young (Allocation Failure) 9M->5M(15M) 0.605ms
[86.564s][info][gc] GC(2069) Pause Young (Allocation Failure) 9M->5M(15M) 0.533ms
[86.569s][info][gc] GC(2070) Pause Young (Allocation Failure) 9M->5M(15M) 0.371ms
[86.574s][info][gc] GC(2071) Pause Young (Allocation Failure) 9M->5M(15M) 0.480ms
[86.579s][info][gc] GC(2072) Pause Young (Allocation Failure) 9M->5M(15M) 0.392ms
[86.584s][info][gc] GC(2073) Pause Young (Allocation Failure) 9M->5M(15M) 0.393ms
[86.590s][info][gc] GC(2074) Pause Young (Allocation Failure) 9M->5M(15M) 0.526ms
[86.594s][info][gc] GC(2075) Pause Young (Allocation Failure) 9M->5M(15M) 0.515ms
[86.600s][info][gc] GC(2076) Pause Young (Allocation Failure) 9M->5M(15M) 0.627ms
[86.605s][info][gc] GC(2077) Pause Young (Allocation Failure) 9M->5M(15M) 0.547ms
[86.609s][info][gc] GC(2078) Pause Young (Allocation Failure) 9M->5M(15M) 0.499ms
[86.616s][info][gc] GC(2079) Pause Young (Allocation Failure) 9M->5M(15M) 0.548ms
[86.621s][info][gc] GC(2080) Pause Young (Allocation Failure) 9M->5M(15M) 0.781ms
[86.627s][info][gc] GC(2081) Pause Young (Allocation Failure) 9M->5M(15M) 0.811ms
[86.632s][info][gc] GC(2082) Pause Young (Allocation Failure) 9M->5M(15M) 0.789ms
[86.637s][info][gc] GC(2083) Pause Young (Allocation Failure) 9M->5M(15M) 0.836ms
[86.643s][info][gc] GC(2084) Pause Young (Allocation Failure) 9M->5M(15M) 0.926ms
[86.652s][info][gc] GC(2085) Pause Young (Allocation Failure) 9M->5M(15M) 0.615ms
[86.659s][info][gc] GC(2086) Pause Young (Allocation Failure) 9M->5M(15M) 0.709ms
[86.666s][info][gc] GC(2087) Pause Young (Allocation Failure) 9M->5M(15M) 0.616ms
[86.672s][info][gc] GC(2088) Pause Young (Allocation Failure) 9M->5M(15M) 0.584ms
[86.677s][info][gc] GC(2089) Pause Young (Allocation Failure) 9M->5M(15M) 0.592ms
[86.682s][info][gc] GC(2090) Pause Young (Allocation Failure) 9M->5M(15M) 0.425ms
[86.687s][info][gc] GC(2091) Pause Young (Allocation Failure) 9M->5M(15M) 0.414ms
[86.692s][info][gc] GC(2092) Pause Young (Allocation Failure) 9M->5M(15M) 0.435ms
[86.698s][info][gc] GC(2093) Pause Young (Allocation Failure) 9M->5M(15M) 0.452ms
[86.703s][info][gc] GC(2094) Pause Young (Allocation Failure) 9M->5M(15M) 0.498ms
[86.711s][info][gc] GC(2095) Pause Young (Allocation Failure) 9M->5M(15M) 0.865ms
[86.717s][info][gc] GC(2096) Pause Young (Allocation Failure) 9M->5M(15M) 0.505ms
[86.725s][info][gc] GC(2097) Pause Young (Allocation Failure) 9M->5M(15M) 0.507ms
[86.731s][info][gc] GC(2098) Pause Young (Allocation Failure) 9M->5M(15M) 0.547ms
[86.740s][info][gc] GC(2099) Pause Young (Allocation Failure) 9M->5M(15M) 0.622ms
[86.750s][info][gc] GC(2100) Pause Young (Allocation Failure) 9M->5M(15M) 0.804ms
[86.756s][info][gc] GC(2101) Pause Young (Allocation Failure) 9M->5M(15M) 0.740ms
[86.764s][info][gc] GC(2102) Pause Young (Allocation Failure) 9M->5M(15M) 0.800ms
[86.769s][info][gc] GC(2103) Pause Young (Allocation Failure) 9M->5M(15M) 0.742ms
[86.777s][info][gc] GC(2104) Pause Young (Allocation Failure) 9M->5M(15M) 0.595ms
[86.783s][info][gc] GC(2105) Pause Young (Allocation Failure) 9M->5M(15M) 0.626ms
[86.788s][info][gc] GC(2106) Pause Young (Allocation Failure) 9M->5M(15M) 0.948ms
[86.794s][info][gc] GC(2107) Pause Young (Allocation Failure) 9M->5M(15M) 0.607ms
[86.799s][info][gc] GC(2108) Pause Young (Allocation Failure) 9M->5M(15M) 0.584ms
[86.805s][info][gc] GC(2109) Pause Young (Allocation Failure) 9M->5M(15M) 0.637ms
[86.810s][info][gc] GC(2110) Pause Young (Allocation Failure) 9M->5M(15M) 0.675ms
[86.816s][info][gc] GC(2111) Pause Young (Allocation Failure) 9M->5M(15M) 0.463ms
[86.821s][info][gc] GC(2112) Pause Young (Allocation Failure) 9M->5M(15M) 0.424ms
[86.827s][info][gc] GC(2113) Pause Young (Allocation Failure) 9M->5M(15M) 0.439ms
[86.833s][info][gc] GC(2114) Pause Young (Allocation Failure) 9M->5M(15M) 0.448ms
[86.838s][info][gc] GC(2115) Pause Young (Allocation Failure) 9M->5M(15M) 0.492ms
[86.843s][info][gc] GC(2116) Pause Young (Allocation Failure) 9M->5M(15M) 0.479ms
[86.849s][info][gc] GC(2117) Pause Young (Allocation Failure) 9M->5M(15M) 0.475ms
[86.855s][info][gc] GC(2118) Pause Young (Allocation Failure) 9M->5M(15M) 0.751ms
[86.860s][info][gc] GC(2119) Pause Young (Allocation Failure) 9M->5M(15M) 0.623ms
[86.866s][info][gc] GC(2120) Pause Young (Allocation Failure) 9M->5M(15M) 0.508ms
[86.871s][info][gc] GC(2121) Pause Young (Allocation Failure) 9M->5M(15M) 0.504ms
[86.876s][info][gc] GC(2122) Pause Young (Allocation Failure) 9M->5M(15M) 0.499ms
[86.882s][info][gc] GC(2123) Pause Young (Allocation Failure) 9M->5M(15M) 0.635ms
[86.887s][info][gc] GC(2124) Pause Young (Allocation Failure) 9M->5M(15M) 0.593ms
[86.892s][info][gc] GC(2125) Pause Young (Allocation Failure) 9M->5M(15M) 0.528ms
[86.898s][info][gc] GC(2126) Pause Young (Allocation Failure) 9M->5M(15M) 0.642ms
[86.905s][info][gc] GC(2127) Pause Young (Allocation Failure) 9M->5M(15M) 0.564ms
[86.912s][info][gc] GC(2128) Pause Young (Allocation Failure) 9M->5M(15M) 0.924ms
[86.917s][info][gc] GC(2129) Pause Young (Allocation Failure) 9M->5M(15M) 0.682ms
[86.923s][info][gc] GC(2130) Pause Young (Allocation Failure) 9M->5M(15M) 0.597ms
[86.929s][info][gc] GC(2131) Pause Young (Allocation Failure) 9M->5M(15M) 0.569ms
[86.935s][info][gc] GC(2132) Pause Young (Allocation Failure) 9M->5M(15M) 0.824ms
[86.940s][info][gc] GC(2133) Pause Young (Allocation Failure) 9M->5M(15M) 0.434ms
[86.945s][info][gc] GC(2134) Pause Young (Allocation Failure) 9M->5M(15M) 0.388ms
[86.951s][info][gc] GC(2135) Pause Young (Allocation Failure) 9M->5M(15M) 0.531ms
[86.956s][info][gc] GC(2136) Pause Young (Allocation Failure) 9M->5M(15M) 0.430ms
[86.963s][info][gc] GC(2137) Pause Young (Allocation Failure) 9M->5M(15M) 0.445ms
[86.971s][info][gc] GC(2138) Pause Young (Allocation Failure) 9M->5M(15M) 0.489ms
[86.977s][info][gc] GC(2139) Pause Young (Allocation Failure) 9M->5M(15M) 0.522ms
[86.982s][info][gc] GC(2140) Pause Young (Allocation Failure) 9M->5M(15M) 0.503ms
[86.987s][info][gc] GC(2141) Pause Young (Allocation Failure) 9M->5M(15M) 0.493ms
[86.992s][info][gc] GC(2142) Pause Young (Allocation Failure) 9M->5M(15M) 0.566ms
[86.998s][info][gc] GC(2143) Pause Young (Allocation Failure) 9M->5M(15M) 0.517ms
[87.003s][info][gc] GC(2144) Pause Young (Allocation Failure) 9M->5M(15M) 0.640ms
[87.008s][info][gc] GC(2145) Pause Young (Allocation Failure) 9M->5M(15M) 0.577ms
[87.013s][info][gc] GC(2146) Pause Young (Allocation Failure) 9M->5M(15M) 0.519ms
[87.018s][info][gc] GC(2147) Pause Young (Allocation Failure) 9M->5M(15M) 0.618ms
[87.023s][info][gc] GC(2148) Pause Young (Allocation Failure) 9M->5M(15M) 0.510ms
[87.028s][info][gc] GC(2149) Pause Young (Allocation Failure) 9M->5M(15M) 0.519ms
[87.033s][info][gc] GC(2150) Pause Young (Allocation Failure) 9M->5M(15M) 0.500ms
[87.038s][info][gc] GC(2151) Pause Young (Allocation Failure) 9M->5M(15M) 0.480ms
[87.044s][info][gc] GC(2152) Pause Young (Allocation Failure) 9M->5M(15M) 0.570ms
[87.049s][info][gc] GC(2153) Pause Young (Allocation Failure) 9M->5M(15M) 0.600ms
[87.054s][info][gc] GC(2154) Pause Young (Allocation Failure) 9M->5M(15M) 0.462ms
[87.059s][info][gc] GC(2155) Pause Young (Allocation Failure) 9M->5M(15M) 0.463ms
[87.064s][info][gc] GC(2156) Pause Young (Allocation Failure) 9M->5M(15M) 0.430ms
[87.069s][info][gc] GC(2157) Pause Young (Allocation Failure) 9M->5M(15M) 0.575ms
[87.074s][info][gc] GC(2158) Pause Young (Allocation Failure) 9M->5M(15M) 0.521ms
[87.079s][info][gc] GC(2159) Pause Young (Allocation Failure) 9M->5M(15M) 0.476ms
[87.084s][info][gc] GC(2160) Pause Young (Allocation Failure) 9M->5M(15M) 0.488ms
[87.090s][info][gc] GC(2161) Pause Young (Allocation Failure) 9M->5M(15M) 0.611ms
[87.095s][info][gc] GC(2162) Pause Young (Allocation Failure) 9M->5M(15M) 0.550ms
[87.102s][info][gc] GC(2163) Pause Young (Allocation Failure) 9M->5M(15M) 0.716ms
[87.107s][info][gc] GC(2164) Pause Young (Allocation Failure) 9M->5M(15M) 0.516ms
[87.112s][info][gc] GC(2165) Pause Young (Allocation Failure) 9M->5M(15M) 0.702ms
[87.117s][info][gc] GC(2166) Pause Young (Allocation Failure) 9M->5M(15M) 0.899ms
[87.124s][info][gc] GC(2167) Pause Young (Allocation Failure) 9M->5M(15M) 0.586ms
[87.129s][info][gc] GC(2168) Pause Young (Allocation Failure) 9M->5M(15M) 0.530ms
[87.138s][info][gc] GC(2169) Pause Young (Allocation Failure) 9M->5M(15M) 0.873ms
[87.145s][info][gc] GC(2170) Pause Young (Allocation Failure) 9M->5M(15M) 0.618ms
[87.150s][info][gc] GC(2171) Pause Young (Allocation Failure) 9M->5M(15M) 0.921ms
[87.156s][info][gc] GC(2172) Pause Young (Allocation Failure) 9M->5M(15M) 0.440ms
[87.162s][info][gc] GC(2173) Pause Young (Allocation Failure) 9M->5M(15M) 0.449ms
[87.167s][info][gc] GC(2174) Pause Young (Allocation Failure) 9M->5M(15M) 0.454ms
[87.172s][info][gc] GC(2175) Pause Young (Allocation Failure) 9M->5M(15M) 0.473ms
[87.177s][info][gc] GC(2176) Pause Young (Allocation Failure) 9M->5M(15M) 0.506ms
[87.183s][info][gc] GC(2177) Pause Young (Allocation Failure) 9M->5M(15M) 1.100ms
[87.190s][info][gc] GC(2178) Pause Young (Allocation Failure) 9M->5M(15M) 0.533ms
[87.195s][info][gc] GC(2179) Pause Young (Allocation Failure) 9M->5M(15M) 0.448ms
[87.201s][info][gc] GC(2180) Pause Young (Allocation Failure) 9M->5M(15M) 0.499ms
[87.206s][info][gc] GC(2181) Pause Young (Allocation Failure) 9M->5M(15M) 0.732ms
[87.211s][info][gc] GC(2182) Pause Young (Allocation Failure) 9M->5M(15M) 0.557ms
[87.216s][info][gc] GC(2183) Pause Young (Allocation Failure) 9M->5M(15M) 0.540ms
[87.222s][info][gc] GC(2184) Pause Young (Allocation Failure) 9M->5M(15M) 0.853ms
[87.228s][info][gc] GC(2185) Pause Young (Allocation Failure) 9M->5M(15M) 0.743ms
[87.236s][info][gc] GC(2186) Pause Young (Allocation Failure) 9M->5M(15M) 0.797ms
[87.243s][info][gc] GC(2187) Pause Young (Allocation Failure) 9M->5M(15M) 0.634ms
[87.249s][info][gc] GC(2188) Pause Young (Allocation Failure) 9M->5M(15M) 0.701ms
[87.254s][info][gc] GC(2189) Pause Young (Allocation Failure) 9M->5M(15M) 0.619ms
[87.260s][info][gc] GC(2190) Pause Young (Allocation Failure) 9M->5M(15M) 0.944ms
[87.269s][info][gc] GC(2191) Pause Young (Allocation Failure) 9M->5M(15M) 0.575ms
[87.274s][info][gc] GC(2192) Pause Young (Allocation Failure) 9M->5M(15M) 0.598ms
[87.281s][info][gc] GC(2193) Pause Young (Allocation Failure) 9M->5M(15M) 0.619ms
[87.289s][info][gc] GC(2194) Pause Young (Allocation Failure) 9M->5M(15M) 0.420ms
[87.296s][info][gc] GC(2195) Pause Young (Allocation Failure) 9M->5M(15M) 0.433ms
[87.301s][info][gc] GC(2196) Pause Young (Allocation Failure) 9M->5M(15M) 0.459ms
[87.306s][info][gc] GC(2197) Pause Young (Allocation Failure) 9M->5M(15M) 0.454ms
[87.312s][info][gc] GC(2198) Pause Young (Allocation Failure) 9M->5M(15M) 0.688ms
[87.320s][info][gc] GC(2199) Pause Young (Allocation Failure) 9M->5M(15M) 0.474ms
[87.325s][info][gc] GC(2200) Pause Young (Allocation Failure) 9M->5M(15M) 0.513ms
[87.331s][info][gc] GC(2201) Pause Young (Allocation Failure) 9M->5M(15M) 0.487ms
[87.336s][info][gc] GC(2202) Pause Young (Allocation Failure) 9M->5M(15M) 0.530ms
[87.342s][info][gc] GC(2203) Pause Young (Allocation Failure) 9M->5M(15M) 0.516ms
[87.348s][info][gc] GC(2204) Pause Young (Allocation Failure) 9M->5M(15M) 0.589ms
[87.353s][info][gc] GC(2205) Pause Young (Allocation Failure) 9M->5M(15M) 0.510ms
[87.359s][info][gc] GC(2206) Pause Young (Allocation Failure) 9M->5M(15M) 0.537ms
[87.365s][info][gc] GC(2207) Pause Young (Allocation Failure) 9M->5M(15M) 0.555ms
[87.371s][info][gc] GC(2208) Pause Young (Allocation Failure) 9M->5M(15M) 0.669ms
[87.376s][info][gc] GC(2209) Pause Young (Allocation Failure) 9M->5M(15M) 0.580ms
[87.381s][info][gc] GC(2210) Pause Young (Allocation Failure) 9M->5M(15M) 0.675ms
[87.387s][info][gc] GC(2211) Pause Young (Allocation Failure) 9M->5M(15M) 0.540ms
[87.392s][info][gc] GC(2212) Pause Young (Allocation Failure) 9M->5M(15M) 0.595ms
[87.397s][info][gc] GC(2213) Pause Young (Allocation Failure) 9M->5M(15M) 0.577ms
[87.402s][info][gc] GC(2214) Pause Young (Allocation Failure) 9M->5M(15M) 0.547ms
[87.408s][info][gc] GC(2215) Pause Young (Allocation Failure) 9M->5M(15M) 0.647ms
[87.413s][info][gc] GC(2216) Pause Young (Allocation Failure) 9M->5M(15M) 0.397ms
[87.418s][info][gc] GC(2217) Pause Young (Allocation Failure) 9M->5M(15M) 0.378ms
[87.424s][info][gc] GC(2218) Pause Young (Allocation Failure) 9M->5M(15M) 0.478ms
[87.429s][info][gc] GC(2219) Pause Young (Allocation Failure) 9M->5M(15M) 0.440ms
[87.434s][info][gc] GC(2220) Pause Young (Allocation Failure) 9M->5M(15M) 0.503ms
[87.439s][info][gc] GC(2221) Pause Young (Allocation Failure) 9M->5M(15M) 0.466ms
[87.444s][info][gc] GC(2222) Pause Young (Allocation Failure) 9M->5M(15M) 0.487ms
[87.451s][info][gc] GC(2223) Pause Young (Allocation Failure) 9M->5M(15M) 0.622ms
[87.457s][info][gc] GC(2224) Pause Young (Allocation Failure) 9M->5M(15M) 0.523ms
[87.462s][info][gc] GC(2225) Pause Young (Allocation Failure) 9M->5M(15M) 0.605ms
[87.467s][info][gc] GC(2226) Pause Young (Allocation Failure) 9M->5M(15M) 0.679ms
[87.476s][info][gc] GC(2227) Pause Young (Allocation Failure) 9M->5M(15M) 0.871ms
[87.485s][info][gc] GC(2228) Pause Young (Allocation Failure) 9M->5M(15M) 0.874ms
[87.494s][info][gc] GC(2229) Pause Young (Allocation Failure) 9M->5M(15M) 0.600ms
[87.501s][info][gc] GC(2230) Pause Young (Allocation Failure) 9M->5M(15M) 0.932ms
[87.506s][info][gc] GC(2231) Pause Young (Allocation Failure) 9M->5M(15M) 0.677ms
[87.512s][info][gc] GC(2232) Pause Young (Allocation Failure) 9M->5M(15M) 0.901ms
[87.519s][info][gc] GC(2233) Pause Young (Allocation Failure) 9M->5M(15M) 0.623ms
[87.525s][info][gc] GC(2234) Pause Young (Allocation Failure) 9M->5M(15M) 0.636ms
[87.529s][info][gc] GC(2235) Pause Young (Allocation Failure) 9M->5M(15M) 0.410ms
[87.534s][info][gc] GC(2236) Pause Young (Allocation Failure) 9M->5M(15M) 0.413ms
[87.540s][info][gc] GC(2237) Pause Young (Allocation Failure) 9M->5M(15M) 0.497ms
[87.545s][info][gc] GC(2238) Pause Young (Allocation Failure) 9M->5M(15M) 0.472ms
[87.551s][info][gc] GC(2239) Pause Young (Allocation Failure) 9M->5M(15M) 0.493ms
[87.556s][info][gc] GC(2240) Pause Young (Allocation Failure) 9M->5M(15M) 0.507ms
[87.561s][info][gc] GC(2241) Pause Young (Allocation Failure) 9M->5M(15M) 0.472ms
[87.567s][info][gc] GC(2242) Pause Young (Allocation Failure) 9M->5M(15M) 0.520ms
[87.572s][info][gc] GC(2243) Pause Young (Allocation Failure) 9M->5M(15M) 0.551ms
[87.577s][info][gc] GC(2244) Pause Young (Allocation Failure) 9M->5M(15M) 0.508ms
[87.582s][info][gc] GC(2245) Pause Young (Allocation Failure) 9M->5M(15M) 0.563ms
[87.588s][info][gc] GC(2246) Pause Young (Allocation Failure) 9M->5M(15M) 0.569ms
[87.593s][info][gc] GC(2247) Pause Young (Allocation Failure) 9M->5M(15M) 0.615ms
[87.598s][info][gc] GC(2248) Pause Young (Allocation Failure) 9M->5M(15M) 0.605ms
[87.603s][info][gc] GC(2249) Pause Young (Allocation Failure) 9M->5M(15M) 0.507ms
[87.608s][info][gc] GC(2250) Pause Young (Allocation Failure) 9M->5M(15M) 0.483ms
[87.613s][info][gc] GC(2251) Pause Young (Allocation Failure) 9M->5M(15M) 0.506ms
[87.619s][info][gc] GC(2252) Pause Young (Allocation Failure) 9M->5M(15M) 0.512ms
[87.623s][info][gc] GC(2253) Pause Young (Allocation Failure) 9M->5M(15M) 0.519ms
[87.630s][info][gc] GC(2254) Pause Young (Allocation Failure) 9M->5M(15M) 0.576ms
[87.635s][info][gc] GC(2255) Pause Young (Allocation Failure) 9M->5M(15M) 0.562ms
[87.640s][info][gc] GC(2256) Pause Young (Allocation Failure) 9M->5M(15M) 0.558ms
[87.645s][info][gc] GC(2257) Pause Young (Allocation Failure) 9M->5M(15M) 0.414ms
[87.650s][info][gc] GC(2258) Pause Young (Allocation Failure) 9M->5M(15M) 0.407ms
[87.655s][info][gc] GC(2259) Pause Young (Allocation Failure) 9M->5M(15M) 0.421ms
[87.660s][info][gc] GC(2260) Pause Young (Allocation Failure) 9M->5M(15M) 0.445ms
[87.665s][info][gc] GC(2261) Pause Young (Allocation Failure) 9M->5M(15M) 0.440ms
[87.671s][info][gc] GC(2262) Pause Young (Allocation Failure) 9M->5M(15M) 0.461ms
[87.677s][info][gc] GC(2263) Pause Young (Allocation Failure) 9M->5M(15M) 0.531ms
[87.682s][info][gc] GC(2264) Pause Young (Allocation Failure) 9M->5M(15M) 0.521ms
[87.687s][info][gc] GC(2265) Pause Young (Allocation Failure) 9M->5M(15M) 0.503ms
[87.691s][info][gc] GC(2266) Pause Young (Allocation Failure) 9M->5M(15M) 0.545ms
[87.696s][info][gc] GC(2267) Pause Young (Allocation Failure) 9M->5M(15M) 0.570ms
[87.702s][info][gc] GC(2268) Pause Young (Allocation Failure) 9M->5M(15M) 0.561ms
[87.708s][info][gc] GC(2269) Pause Young (Allocation Failure) 9M->5M(15M) 0.606ms
[87.713s][info][gc] GC(2270) Pause Young (Allocation Failure) 9M->5M(15M) 0.599ms
[87.719s][info][gc] GC(2271) Pause Young (Allocation Failure) 9M->5M(15M) 0.586ms
[87.724s][info][gc] GC(2272) Pause Young (Allocation Failure) 9M->5M(15M) 0.606ms
[87.729s][info][gc] GC(2273) Pause Young (Allocation Failure) 9M->5M(15M) 0.566ms
[87.735s][info][gc] GC(2274) Pause Young (Allocation Failure) 9M->5M(15M) 0.754ms
[87.744s][info][gc] GC(2275) Pause Young (Allocation Failure) 9M->5M(15M) 0.702ms
[87.750s][info][gc] GC(2276) Pause Young (Allocation Failure) 9M->5M(15M) 0.769ms
[87.756s][info][gc] GC(2277) Pause Young (Allocation Failure) 9M->5M(15M) 0.631ms
[87.761s][info][gc] GC(2278) Pause Young (Allocation Failure) 9M->5M(15M) 0.652ms
[87.767s][info][gc] GC(2279) Pause Young (Allocation Failure) 9M->5M(15M) 0.613ms
[87.772s][info][gc] GC(2280) Pause Young (Allocation Failure) 9M->5M(15M) 0.606ms
[87.777s][info][gc] GC(2281) Pause Young (Allocation Failure) 9M->5M(15M) 0.450ms
[87.782s][info][gc] GC(2282) Pause Young (Allocation Failure) 9M->5M(15M) 0.461ms
[87.787s][info][gc] GC(2283) Pause Young (Allocation Failure) 9M->5M(15M) 0.413ms
[87.792s][info][gc] GC(2284) Pause Young (Allocation Failure) 9M->5M(15M) 0.404ms
[87.797s][info][gc] GC(2285) Pause Young (Allocation Failure) 9M->5M(15M) 0.396ms
[87.803s][info][gc] GC(2286) Pause Young (Allocation Failure) 9M->5M(15M) 0.463ms
[87.808s][info][gc] GC(2287) Pause Young (Allocation Failure) 9M->5M(15M) 0.449ms
[87.814s][info][gc] GC(2288) Pause Young (Allocation Failure) 9M->5M(15M) 0.557ms
[87.819s][info][gc] GC(2289) Pause Young (Allocation Failure) 9M->5M(15M) 0.507ms
[87.824s][info][gc] GC(2290) Pause Young (Allocation Failure) 9M->5M(15M) 0.524ms
[87.829s][info][gc] GC(2291) Pause Young (Allocation Failure) 9M->5M(15M) 0.547ms
[87.835s][info][gc] GC(2292) Pause Young (Allocation Failure) 9M->5M(15M) 0.601ms
[87.841s][info][gc] GC(2293) Pause Young (Allocation Failure) 9M->5M(15M) 0.604ms
[87.847s][info][gc] GC(2294) Pause Young (Allocation Failure) 9M->5M(15M) 0.617ms
[87.852s][info][gc] GC(2295) Pause Young (Allocation Failure) 9M->5M(15M) 0.594ms
[87.857s][info][gc] GC(2296) Pause Young (Allocation Failure) 9M->5M(15M) 0.587ms
[87.862s][info][gc] GC(2297) Pause Young (Allocation Failure) 9M->5M(15M) 0.599ms
[87.867s][info][gc] GC(2298) Pause Young (Allocation Failure) 9M->5M(15M) 0.612ms
[87.872s][info][gc] GC(2299) Pause Young (Allocation Failure) 9M->5M(15M) 0.593ms
[87.877s][info][gc] GC(2300) Pause Young (Allocation Failure) 9M->5M(15M) 0.549ms
[87.882s][info][gc] GC(2301) Pause Young (Allocation Failure) 9M->5M(15M) 0.377ms
[87.888s][info][gc] GC(2302) Pause Young (Allocation Failure) 9M->5M(15M) 0.430ms
[87.893s][info][gc] GC(2303) Pause Young (Allocation Failure) 9M->5M(15M) 0.447ms
[87.898s][info][gc] GC(2304) Pause Young (Allocation Failure) 9M->5M(15M) 0.462ms
[87.903s][info][gc] GC(2305) Pause Young (Allocation Failure) 9M->5M(15M) 0.487ms
[87.908s][info][gc] GC(2306) Pause Young (Allocation Failure) 9M->5M(15M) 0.464ms
[87.913s][info][gc] GC(2307) Pause Young (Allocation Failure) 9M->5M(15M) 0.602ms
[87.920s][info][gc] GC(2308) Pause Young (Allocation Failure) 9M->5M(15M) 0.533ms
[87.925s][info][gc] GC(2309) Pause Young (Allocation Failure) 9M->5M(15M) 0.529ms
[87.931s][info][gc] GC(2310) Pause Young (Allocation Failure) 9M->5M(15M) 0.548ms
[87.937s][info][gc] GC(2311) Pause Young (Allocation Failure) 9M->5M(15M) 0.685ms
[87.942s][info][gc] GC(2312) Pause Young (Allocation Failure) 9M->5M(15M) 0.478ms
[87.947s][info][gc] GC(2313) Pause Young (Allocation Failure) 9M->5M(15M) 0.794ms
[87.952s][info][gc] GC(2314) Pause Young (Allocation Failure) 9M->5M(15M) 0.669ms
[87.957s][info][gc] GC(2315) Pause Young (Allocation Failure) 9M->5M(15M) 0.583ms
[87.963s][info][gc] GC(2316) Pause Young (Allocation Failure) 9M->5M(15M) 0.680ms
[87.968s][info][gc] GC(2317) Pause Young (Allocation Failure) 9M->5M(15M) 0.570ms
[87.973s][info][gc] GC(2318) Pause Young (Allocation Failure) 9M->5M(15M) 0.706ms
[87.978s][info][gc] GC(2319) Pause Young (Allocation Failure) 9M->5M(15M) 0.601ms
[87.983s][info][gc] GC(2320) Pause Young (Allocation Failure) 9M->5M(15M) 0.576ms
[87.988s][info][gc] GC(2321) Pause Young (Allocation Failure) 9M->5M(15M) 0.439ms
[87.994s][info][gc] GC(2322) Pause Young (Allocation Failure) 9M->5M(15M) 0.537ms
[87.998s][info][gc] GC(2323) Pause Young (Allocation Failure) 9M->5M(15M) 0.463ms
[88.003s][info][gc] GC(2324) Pause Young (Allocation Failure) 9M->5M(15M) 0.443ms
[88.008s][info][gc] GC(2325) Pause Young (Allocation Failure) 9M->5M(15M) 0.533ms
[88.013s][info][gc] GC(2326) Pause Young (Allocation Failure) 9M->5M(15M) 0.459ms
[88.018s][info][gc] GC(2327) Pause Young (Allocation Failure) 9M->5M(15M) 0.481ms
[88.023s][info][gc] GC(2328) Pause Young (Allocation Failure) 9M->5M(15M) 0.505ms
[88.028s][info][gc] GC(2329) Pause Young (Allocation Failure) 9M->5M(15M) 0.513ms
[88.033s][info][gc] GC(2330) Pause Young (Allocation Failure) 9M->5M(15M) 0.471ms
[88.038s][info][gc] GC(2331) Pause Young (Allocation Failure) 9M->5M(15M) 0.460ms
[88.044s][info][gc] GC(2332) Pause Young (Allocation Failure) 9M->5M(15M) 0.590ms
[88.049s][info][gc] GC(2333) Pause Young (Allocation Failure) 9M->5M(15M) 0.498ms
[88.054s][info][gc] GC(2334) Pause Young (Allocation Failure) 9M->5M(15M) 0.510ms
[88.060s][info][gc] GC(2335) Pause Young (Allocation Failure) 9M->5M(15M) 0.657ms
[88.065s][info][gc] GC(2336) Pause Young (Allocation Failure) 9M->5M(15M) 0.680ms
[88.071s][info][gc] GC(2337) Pause Young (Allocation Failure) 9M->5M(15M) 0.634ms
[88.077s][info][gc] GC(2338) Pause Young (Allocation Failure) 9M->5M(15M) 0.598ms
[88.082s][info][gc] GC(2339) Pause Young (Allocation Failure) 9M->5M(15M) 0.609ms
[88.087s][info][gc] GC(2340) Pause Young (Allocation Failure) 9M->5M(15M) 0.666ms
[88.092s][info][gc] GC(2341) Pause Young (Allocation Failure) 9M->5M(15M) 0.388ms
[88.097s][info][gc] GC(2342) Pause Young (Allocation Failure) 9M->5M(15M) 0.368ms
[88.102s][info][gc] GC(2343) Pause Young (Allocation Failure) 9M->5M(15M) 0.361ms
[88.110s][info][gc] GC(2344) Pause Young (Allocation Failure) 9M->5M(15M) 0.485ms
[88.115s][info][gc] GC(2345) Pause Young (Allocation Failure) 9M->5M(15M) 0.459ms
[88.120s][info][gc] GC(2346) Pause Young (Allocation Failure) 9M->5M(15M) 0.691ms
[88.125s][info][gc] GC(2347) Pause Young (Allocation Failure) 9M->5M(15M) 0.468ms
[88.130s][info][gc] GC(2348) Pause Young (Allocation Failure) 9M->5M(15M) 0.495ms
[88.138s][info][gc] GC(2349) Pause Young (Allocation Failure) 9M->5M(15M) 0.711ms
[88.144s][info][gc] GC(2350) Pause Young (Allocation Failure) 9M->5M(15M) 0.586ms
[88.149s][info][gc] GC(2351) Pause Young (Allocation Failure) 9M->5M(15M) 0.624ms
[88.154s][info][gc] GC(2352) Pause Young (Allocation Failure) 9M->5M(15M) 0.596ms
[88.159s][info][gc] GC(2353) Pause Young (Allocation Failure) 9M->5M(15M) 0.585ms
[88.164s][info][gc] GC(2354) Pause Young (Allocation Failure) 9M->5M(15M) 0.628ms
[88.170s][info][gc] GC(2355) Pause Young (Allocation Failure) 9M->5M(15M) 0.605ms
[88.175s][info][gc] GC(2356) Pause Young (Allocation Failure) 9M->5M(15M) 0.616ms
[88.181s][info][gc] GC(2357) Pause Young (Allocation Failure) 9M->5M(15M) 0.597ms
[88.186s][info][gc] GC(2358) Pause Young (Allocation Failure) 9M->5M(15M) 0.612ms
[88.191s][info][gc] GC(2359) Pause Young (Allocation Failure) 9M->5M(15M) 0.548ms
[88.197s][info][gc] GC(2360) Pause Young (Allocation Failure) 9M->5M(15M) 0.525ms
[88.202s][info][gc] GC(2361) Pause Young (Allocation Failure) 9M->5M(15M) 0.682ms
[88.207s][info][gc] GC(2362) Pause Young (Allocation Failure) 9M->5M(15M) 0.355ms
[88.212s][info][gc] GC(2363) Pause Young (Allocation Failure) 9M->5M(15M) 0.418ms
[88.218s][info][gc] GC(2364) Pause Young (Allocation Failure) 9M->5M(15M) 0.385ms
[88.222s][info][gc] GC(2365) Pause Young (Allocation Failure) 9M->5M(15M) 0.359ms
[88.227s][info][gc] GC(2366) Pause Young (Allocation Failure) 9M->5M(15M) 0.373ms
[88.234s][info][gc] GC(2367) Pause Young (Allocation Failure) 9M->5M(15M) 0.798ms
[88.239s][info][gc] GC(2368) Pause Young (Allocation Failure) 9M->5M(15M) 0.472ms
[88.244s][info][gc] GC(2369) Pause Young (Allocation Failure) 9M->5M(15M) 0.482ms
[88.249s][info][gc] GC(2370) Pause Young (Allocation Failure) 9M->5M(15M) 0.501ms
[88.254s][info][gc] GC(2371) Pause Young (Allocation Failure) 9M->5M(15M) 0.559ms
[88.259s][info][gc] GC(2372) Pause Young (Allocation Failure) 9M->5M(15M) 0.531ms
[88.264s][info][gc] GC(2373) Pause Young (Allocation Failure) 9M->5M(15M) 0.628ms
[88.269s][info][gc] GC(2374) Pause Young (Allocation Failure) 9M->5M(15M) 0.574ms
[88.274s][info][gc] GC(2375) Pause Young (Allocation Failure) 9M->5M(15M) 0.556ms
[88.279s][info][gc] GC(2376) Pause Young (Allocation Failure) 9M->5M(15M) 0.575ms
[88.285s][info][gc] GC(2377) Pause Young (Allocation Failure) 9M->5M(15M) 0.618ms
[88.290s][info][gc] GC(2378) Pause Young (Allocation Failure) 9M->5M(15M) 0.654ms
[88.295s][info][gc] GC(2379) Pause Young (Allocation Failure) 9M->5M(15M) 0.651ms
[88.300s][info][gc] GC(2380) Pause Young (Allocation Failure) 9M->5M(15M) 0.596ms
[88.305s][info][gc] GC(2381) Pause Young (Allocation Failure) 9M->5M(15M) 0.593ms
[88.310s][info][gc] GC(2382) Pause Young (Allocation Failure) 9M->5M(15M) 0.628ms
[88.316s][info][gc] GC(2383) Pause Young (Allocation Failure) 9M->5M(15M) 0.430ms
[88.322s][info][gc] GC(2384) Pause Young (Allocation Failure) 9M->5M(15M) 0.694ms
[88.328s][info][gc] GC(2385) Pause Young (Allocation Failure) 9M->5M(15M) 0.465ms
[88.333s][info][gc] GC(2386) Pause Young (Allocation Failure) 9M->5M(15M) 0.440ms
[88.339s][info][gc] GC(2387) Pause Young (Allocation Failure) 9M->5M(15M) 0.512ms
[88.344s][info][gc] GC(2388) Pause Young (Allocation Failure) 9M->5M(15M) 0.495ms
[88.349s][info][gc] GC(2389) Pause Young (Allocation Failure) 9M->5M(15M) 0.581ms
[88.354s][info][gc] GC(2390) Pause Young (Allocation Failure) 9M->5M(15M) 0.503ms
[88.361s][info][gc] GC(2391) Pause Young (Allocation Failure) 9M->5M(15M) 0.855ms
[88.369s][info][gc] GC(2392) Pause Young (Allocation Failure) 9M->5M(15M) 0.554ms
[88.374s][info][gc] GC(2393) Pause Young (Allocation Failure) 9M->5M(15M) 0.521ms
[88.381s][info][gc] GC(2394) Pause Young (Allocation Failure) 9M->5M(15M) 1.224ms
[88.388s][info][gc] GC(2395) Pause Young (Allocation Failure) 9M->5M(15M) 0.670ms
[88.395s][info][gc] GC(2396) Pause Young (Allocation Failure) 9M->5M(15M) 0.763ms
[88.400s][info][gc] GC(2397) Pause Young (Allocation Failure) 9M->5M(15M) 0.578ms
[88.406s][info][gc] GC(2398) Pause Young (Allocation Failure) 9M->5M(15M) 0.596ms
[88.412s][info][gc] GC(2399) Pause Young (Allocation Failure) 9M->5M(15M) 0.608ms
[88.417s][info][gc] GC(2400) Pause Young (Allocation Failure) 9M->5M(15M) 0.622ms
[88.423s][info][gc] GC(2401) Pause Young (Allocation Failure) 9M->5M(15M) 0.617ms
[88.429s][info][gc] GC(2402) Pause Young (Allocation Failure) 9M->5M(15M) 0.610ms
[88.434s][info][gc] GC(2403) Pause Young (Allocation Failure) 9M->5M(15M) 0.411ms
[88.440s][info][gc] GC(2404) Pause Young (Allocation Failure) 9M->5M(15M) 0.422ms
[88.446s][info][gc] GC(2405) Pause Young (Allocation Failure) 9M->5M(15M) 0.465ms
[88.451s][info][gc] GC(2406) Pause Young (Allocation Failure) 9M->5M(15M) 0.426ms
[88.456s][info][gc] GC(2407) Pause Young (Allocation Failure) 9M->5M(15M) 0.443ms
[88.461s][info][gc] GC(2408) Pause Young (Allocation Failure) 9M->5M(15M) 0.481ms
[88.467s][info][gc] GC(2409) Pause Young (Allocation Failure) 9M->5M(15M) 0.431ms
[88.472s][info][gc] GC(2410) Pause Young (Allocation Failure) 9M->5M(15M) 0.858ms
[88.477s][info][gc] GC(2411) Pause Young (Allocation Failure) 9M->5M(15M) 0.491ms
[88.482s][info][gc] GC(2412) Pause Young (Allocation Failure) 9M->5M(15M) 0.469ms
[88.488s][info][gc] GC(2413) Pause Young (Allocation Failure) 9M->5M(15M) 0.561ms
[88.493s][info][gc] GC(2414) Pause Young (Allocation Failure) 9M->5M(15M) 0.478ms
[88.499s][info][gc] GC(2415) Pause Young (Allocation Failure) 9M->5M(15M) 0.540ms
[88.505s][info][gc] GC(2416) Pause Young (Allocation Failure) 9M->5M(15M) 0.620ms
[88.510s][info][gc] GC(2417) Pause Young (Allocation Failure) 9M->5M(15M) 0.626ms
[88.515s][info][gc] GC(2418) Pause Young (Allocation Failure) 9M->5M(15M) 0.608ms
[88.521s][info][gc] GC(2419) Pause Young (Allocation Failure) 9M->5M(15M) 0.564ms
[88.527s][info][gc] GC(2420) Pause Young (Allocation Failure) 9M->5M(15M) 0.620ms
[88.532s][info][gc] GC(2421) Pause Young (Allocation Failure) 9M->5M(15M) 0.636ms
[88.537s][info][gc] GC(2422) Pause Young (Allocation Failure) 9M->5M(15M) 0.544ms
[88.542s][info][gc] GC(2423) Pause Young (Allocation Failure) 9M->5M(15M) 0.493ms
[88.547s][info][gc] GC(2424) Pause Young (Allocation Failure) 9M->5M(15M) 0.379ms
[88.553s][info][gc] GC(2425) Pause Young (Allocation Failure) 9M->5M(15M) 0.636ms
[88.558s][info][gc] GC(2426) Pause Young (Allocation Failure) 9M->5M(15M) 0.443ms
[88.564s][info][gc] GC(2427) Pause Young (Allocation Failure) 9M->5M(15M) 0.478ms
[88.569s][info][gc] GC(2428) Pause Young (Allocation Failure) 9M->5M(15M) 0.491ms
[88.574s][info][gc] GC(2429) Pause Young (Allocation Failure) 9M->5M(15M) 0.481ms
[88.579s][info][gc] GC(2430) Pause Young (Allocation Failure) 9M->5M(15M) 0.639ms
[88.584s][info][gc] GC(2431) Pause Young (Allocation Failure) 9M->5M(15M) 0.586ms
[88.589s][info][gc] GC(2432) Pause Young (Allocation Failure) 9M->5M(15M) 0.708ms
[88.594s][info][gc] GC(2433) Pause Young (Allocation Failure) 9M->5M(15M) 0.460ms
[88.600s][info][gc] GC(2434) Pause Young (Allocation Failure) 9M->5M(15M) 0.566ms
[88.606s][info][gc] GC(2435) Pause Young (Allocation Failure) 9M->5M(15M) 0.537ms
[88.612s][info][gc] GC(2436) Pause Young (Allocation Failure) 9M->5M(15M) 0.572ms
[88.617s][info][gc] GC(2437) Pause Young (Allocation Failure) 9M->5M(15M) 0.554ms
[88.622s][info][gc] GC(2438) Pause Young (Allocation Failure) 9M->5M(15M) 0.551ms
[88.626s][info][gc] GC(2439) Pause Young (Allocation Failure) 9M->5M(15M) 0.597ms
[88.633s][info][gc] GC(2440) Pause Young (Allocation Failure) 9M->5M(15M) 0.653ms
[88.638s][info][gc] GC(2441) Pause Young (Allocation Failure) 9M->5M(15M) 0.590ms
[88.643s][info][gc] GC(2442) Pause Young (Allocation Failure) 9M->5M(15M) 0.614ms
[88.648s][info][gc] GC(2443) Pause Young (Allocation Failure) 9M->5M(15M) 0.606ms
[88.653s][info][gc] GC(2444) Pause Young (Allocation Failure) 9M->5M(15M) 0.549ms
[88.658s][info][gc] GC(2445) Pause Young (Allocation Failure) 9M->5M(15M) 0.625ms
[88.663s][info][gc] GC(2446) Pause Young (Allocation Failure) 9M->5M(15M) 0.595ms
[88.668s][info][gc] GC(2447) Pause Young (Allocation Failure) 9M->5M(15M) 0.371ms
[88.673s][info][gc] GC(2448) Pause Young (Allocation Failure) 9M->5M(15M) 0.393ms
[88.678s][info][gc] GC(2449) Pause Young (Allocation Failure) 9M->5M(15M) 0.420ms
[88.684s][info][gc] GC(2450) Pause Young (Allocation Failure) 9M->5M(15M) 0.459ms
[88.689s][info][gc] GC(2451) Pause Young (Allocation Failure) 9M->5M(15M) 0.468ms
[88.694s][info][gc] GC(2452) Pause Young (Allocation Failure) 9M->5M(15M) 0.517ms
[88.699s][info][gc] GC(2453) Pause Young (Allocation Failure) 9M->5M(15M) 0.506ms
[88.704s][info][gc] GC(2454) Pause Young (Allocation Failure) 9M->5M(15M) 0.530ms
[88.709s][info][gc] GC(2455) Pause Young (Allocation Failure) 9M->5M(15M) 0.571ms
[88.716s][info][gc] GC(2456) Pause Young (Allocation Failure) 9M->5M(15M) 0.572ms
[88.721s][info][gc] GC(2457) Pause Young (Allocation Failure) 9M->5M(15M) 0.572ms
[88.726s][info][gc] GC(2458) Pause Young (Allocation Failure) 9M->5M(15M) 0.624ms
[88.732s][info][gc] GC(2459) Pause Young (Allocation Failure) 9M->5M(15M) 0.598ms
[88.738s][info][gc] GC(2460) Pause Young (Allocation Failure) 9M->5M(15M) 0.598ms
[88.744s][info][gc] GC(2461) Pause Young (Allocation Failure) 9M->5M(15M) 0.958ms
[88.751s][info][gc] GC(2462) Pause Young (Allocation Failure) 9M->5M(15M) 0.706ms
[88.758s][info][gc] GC(2463) Pause Young (Allocation Failure) 9M->5M(15M) 0.758ms
[88.765s][info][gc] GC(2464) Pause Young (Allocation Failure) 9M->5M(15M) 0.707ms
[88.771s][info][gc] GC(2465) Pause Young (Allocation Failure) 9M->5M(15M) 0.593ms
[88.776s][info][gc] GC(2466) Pause Young (Allocation Failure) 9M->5M(15M) 0.581ms
[88.781s][info][gc] GC(2467) Pause Young (Allocation Failure) 9M->5M(15M) 0.583ms
[88.786s][info][gc] GC(2468) Pause Young (Allocation Failure) 9M->5M(15M) 0.585ms
[88.792s][info][gc] GC(2469) Pause Young (Allocation Failure) 9M->5M(15M) 0.653ms
[88.797s][info][gc] GC(2470) Pause Young (Allocation Failure) 9M->5M(15M) 0.438ms
[88.802s][info][gc] GC(2471) Pause Young (Allocation Failure) 9M->5M(15M) 0.422ms
[88.807s][info][gc] GC(2472) Pause Young (Allocation Failure) 9M->5M(15M) 0.476ms
[88.812s][info][gc] GC(2473) Pause Young (Allocation Failure) 9M->5M(15M) 0.454ms
[88.817s][info][gc] GC(2474) Pause Young (Allocation Failure) 9M->5M(15M) 0.465ms
[88.822s][info][gc] GC(2475) Pause Young (Allocation Failure) 9M->5M(15M) 0.487ms
[88.828s][info][gc] GC(2476) Pause Young (Allocation Failure) 9M->5M(15M) 0.472ms
[88.833s][info][gc] GC(2477) Pause Young (Allocation Failure) 9M->5M(15M) 0.478ms
[88.838s][info][gc] GC(2478) Pause Young (Allocation Failure) 9M->5M(15M) 0.504ms
[88.843s][info][gc] GC(2479) Pause Young (Allocation Failure) 9M->5M(15M) 0.511ms
[88.848s][info][gc] GC(2480) Pause Young (Allocation Failure) 9M->5M(15M) 0.518ms
[88.854s][info][gc] GC(2481) Pause Young (Allocation Failure) 9M->5M(15M) 0.638ms
[88.859s][info][gc] GC(2482) Pause Young (Allocation Failure) 9M->5M(15M) 0.570ms
[88.864s][info][gc] GC(2483) Pause Young (Allocation Failure) 9M->5M(15M) 0.560ms
[88.869s][info][gc] GC(2484) Pause Young (Allocation Failure) 9M->5M(15M) 0.722ms
[88.874s][info][gc] GC(2485) Pause Young (Allocation Failure) 9M->5M(15M) 0.581ms
[88.880s][info][gc] GC(2486) Pause Young (Allocation Failure) 9M->5M(15M) 0.565ms
[88.885s][info][gc] GC(2487) Pause Young (Allocation Failure) 9M->5M(15M) 0.692ms
[88.890s][info][gc] GC(2488) Pause Young (Allocation Failure) 9M->5M(15M) 0.614ms
[88.895s][info][gc] GC(2489) Pause Young (Allocation Failure) 9M->5M(15M) 0.396ms
[88.900s][info][gc] GC(2490) Pause Young (Allocation Failure) 9M->5M(15M) 0.651ms
[88.906s][info][gc] GC(2491) Pause Young (Allocation Failure) 9M->5M(15M) 0.386ms
[88.911s][info][gc] GC(2492) Pause Young (Allocation Failure) 9M->5M(15M) 0.418ms
[88.916s][info][gc] GC(2493) Pause Young (Allocation Failure) 9M->5M(15M) 0.469ms
[88.921s][info][gc] GC(2494) Pause Young (Allocation Failure) 9M->5M(15M) 0.518ms
[88.926s][info][gc] GC(2495) Pause Young (Allocation Failure) 9M->5M(15M) 0.735ms
[88.931s][info][gc] GC(2496) Pause Young (Allocation Failure) 9M->5M(15M) 0.468ms
[88.937s][info][gc] GC(2497) Pause Young (Allocation Failure) 9M->5M(15M) 0.564ms
[88.942s][info][gc] GC(2498) Pause Young (Allocation Failure) 9M->5M(15M) 0.482ms
[88.948s][info][gc] GC(2499) Pause Young (Allocation Failure) 9M->5M(15M) 0.642ms
[88.954s][info][gc] GC(2500) Pause Young (Allocation Failure) 9M->5M(15M) 0.535ms
[88.959s][info][gc] GC(2501) Pause Young (Allocation Failure) 9M->5M(15M) 0.490ms
[88.964s][info][gc] GC(2502) Pause Young (Allocation Failure) 9M->5M(15M) 0.666ms
[88.969s][info][gc] GC(2503) Pause Young (Allocation Failure) 9M->5M(15M) 0.580ms
[88.974s][info][gc] GC(2504) Pause Young (Allocation Failure) 9M->5M(15M) 0.581ms
[88.979s][info][gc] GC(2505) Pause Young (Allocation Failure) 9M->5M(15M) 0.649ms
[88.985s][info][gc] GC(2506) Pause Young (Allocation Failure) 9M->5M(15M) 0.639ms
[88.990s][info][gc] GC(2507) Pause Young (Allocation Failure) 9M->5M(15M) 0.705ms
[88.995s][info][gc] GC(2508) Pause Young (Allocation Failure) 9M->5M(15M) 0.605ms
[89.001s][info][gc] GC(2509) Pause Young (Allocation Failure) 9M->5M(15M) 0.623ms
[89.006s][info][gc] GC(2510) Pause Young (Allocation Failure) 9M->5M(15M) 0.613ms
[89.011s][info][gc] GC(2511) Pause Young (Allocation Failure) 9M->5M(15M) 0.412ms
[89.016s][info][gc] GC(2512) Pause Young (Allocation Failure) 9M->5M(15M) 0.411ms
[89.021s][info][gc] GC(2513) Pause Young (Allocation Failure) 9M->5M(15M) 0.420ms
[89.026s][info][gc] GC(2514) Pause Young (Allocation Failure) 9M->5M(15M) 0.388ms
[89.031s][info][gc] GC(2515) Pause Young (Allocation Failure) 9M->5M(15M) 0.479ms
[89.036s][info][gc] GC(2516) Pause Young (Allocation Failure) 9M->5M(15M) 0.485ms
[89.041s][info][gc] GC(2517) Pause Young (Allocation Failure) 9M->5M(15M) 0.489ms
[89.047s][info][gc] GC(2518) Pause Young (Allocation Failure) 9M->5M(15M) 0.726ms
[89.052s][info][gc] GC(2519) Pause Young (Allocation Failure) 9M->5M(15M) 0.590ms
[89.057s][info][gc] GC(2520) Pause Young (Allocation Failure) 9M->5M(15M) 0.587ms
[89.062s][info][gc] GC(2521) Pause Young (Allocation Failure) 9M->5M(15M) 0.614ms
[89.067s][info][gc] GC(2522) Pause Young (Allocation Failure) 9M->5M(15M) 0.567ms
[89.073s][info][gc] GC(2523) Pause Young (Allocation Failure) 9M->5M(15M) 0.602ms
[89.078s][info][gc] GC(2524) Pause Young (Allocation Failure) 9M->5M(15M) 0.711ms
[89.083s][info][gc] GC(2525) Pause Young (Allocation Failure) 9M->5M(15M) 0.613ms
[89.088s][info][gc] GC(2526) Pause Young (Allocation Failure) 9M->5M(15M) 0.691ms
[89.095s][info][gc] GC(2527) Pause Young (Allocation Failure) 9M->5M(15M) 0.658ms
[89.100s][info][gc] GC(2528) Pause Young (Allocation Failure) 9M->5M(15M) 0.598ms
[89.105s][info][gc] GC(2529) Pause Young (Allocation Failure) 9M->5M(15M) 0.548ms
[89.111s][info][gc] GC(2530) Pause Young (Allocation Failure) 9M->5M(15M) 0.452ms
[89.116s][info][gc] GC(2531) Pause Young (Allocation Failure) 9M->5M(15M) 0.439ms
[89.121s][info][gc] GC(2532) Pause Young (Allocation Failure) 9M->5M(15M) 0.446ms
[89.126s][info][gc] GC(2533) Pause Young (Allocation Failure) 9M->5M(15M) 0.516ms
[89.132s][info][gc] GC(2534) Pause Young (Allocation Failure) 9M->5M(15M) 0.499ms
[89.139s][info][gc] GC(2535) Pause Young (Allocation Failure) 9M->5M(15M) 0.490ms
[89.145s][info][gc] GC(2536) Pause Young (Allocation Failure) 9M->5M(15M) 0.498ms
[89.150s][info][gc] GC(2537) Pause Young (Allocation Failure) 9M->5M(15M) 0.601ms
[89.156s][info][gc] GC(2538) Pause Young (Allocation Failure) 9M->5M(15M) 0.557ms
[89.161s][info][gc] GC(2539) Pause Young (Allocation Failure) 9M->5M(15M) 0.548ms
[89.166s][info][gc] GC(2540) Pause Young (Allocation Failure) 9M->5M(15M) 0.560ms
[89.171s][info][gc] GC(2541) Pause Young (Allocation Failure) 9M->5M(15M) 0.559ms
[89.176s][info][gc] GC(2542) Pause Young (Allocation Failure) 9M->5M(15M) 0.581ms
[89.183s][info][gc] GC(2543) Pause Young (Allocation Failure) 9M->5M(15M) 0.617ms
[89.188s][info][gc] GC(2544) Pause Young (Allocation Failure) 9M->5M(15M) 0.619ms
[89.193s][info][gc] GC(2545) Pause Young (Allocation Failure) 9M->5M(15M) 0.657ms
[89.198s][info][gc] GC(2546) Pause Young (Allocation Failure) 9M->5M(15M) 0.606ms
[89.203s][info][gc] GC(2547) Pause Young (Allocation Failure) 9M->5M(15M) 0.689ms
[89.208s][info][gc] GC(2548) Pause Young (Allocation Failure) 9M->5M(15M) 0.567ms
[89.213s][info][gc] GC(2549) Pause Young (Allocation Failure) 9M->5M(15M) 0.436ms
[89.217s][info][gc] GC(2550) Pause Young (Allocation Failure) 9M->5M(15M) 0.477ms
[89.223s][info][gc] GC(2551) Pause Young (Allocation Failure) 9M->5M(15M) 0.505ms
[89.228s][info][gc] GC(2552) Pause Young (Allocation Failure) 9M->5M(15M) 0.500ms
[89.233s][info][gc] GC(2553) Pause Young (Allocation Failure) 9M->5M(15M) 0.472ms
[89.238s][info][gc] GC(2554) Pause Young (Allocation Failure) 9M->5M(15M) 0.465ms
[89.243s][info][gc] GC(2555) Pause Young (Allocation Failure) 9M->5M(15M) 0.430ms
[89.248s][info][gc] GC(2556) Pause Young (Allocation Failure) 9M->5M(15M) 0.423ms
[89.254s][info][gc] GC(2557) Pause Young (Allocation Failure) 9M->5M(15M) 0.452ms
[89.260s][info][gc] GC(2558) Pause Young (Allocation Failure) 9M->5M(15M) 0.539ms
[89.265s][info][gc] GC(2559) Pause Young (Allocation Failure) 9M->5M(15M) 0.666ms
[89.272s][info][gc] GC(2560) Pause Young (Allocation Failure) 9M->5M(15M) 0.572ms
[89.277s][info][gc] GC(2561) Pause Young (Allocation Failure) 9M->5M(15M) 0.568ms
[89.285s][info][gc] GC(2562) Pause Young (Allocation Failure) 9M->5M(15M) 0.645ms
[89.289s][info][gc] GC(2563) Pause Young (Allocation Failure) 9M->5M(15M) 0.595ms
[89.295s][info][gc] GC(2564) Pause Young (Allocation Failure) 9M->5M(15M) 0.701ms
[89.301s][info][gc] GC(2565) Pause Young (Allocation Failure) 9M->5M(15M) 0.574ms
[89.307s][info][gc] GC(2566) Pause Young (Allocation Failure) 9M->5M(15M) 0.577ms
[89.312s][info][gc] GC(2567) Pause Young (Allocation Failure) 9M->5M(15M) 0.612ms
[89.317s][info][gc] GC(2568) Pause Young (Allocation Failure) 9M->5M(15M) 0.402ms
[89.322s][info][gc] GC(2569) Pause Young (Allocation Failure) 9M->5M(15M) 0.416ms
[89.328s][info][gc] GC(2570) Pause Young (Allocation Failure) 9M->5M(15M) 0.702ms
[89.333s][info][gc] GC(2571) Pause Young (Allocation Failure) 9M->5M(15M) 0.459ms
[89.339s][info][gc] GC(2572) Pause Young (Allocation Failure) 9M->5M(15M) 0.701ms
[89.345s][info][gc] GC(2573) Pause Young (Allocation Failure) 9M->5M(15M) 0.675ms
[89.351s][info][gc] GC(2574) Pause Young (Allocation Failure) 9M->5M(15M) 0.580ms
[89.357s][info][gc] GC(2575) Pause Young (Allocation Failure) 9M->5M(15M) 0.568ms
[89.363s][info][gc] GC(2576) Pause Young (Allocation Failure) 9M->5M(15M) 0.530ms
[89.368s][info][gc] GC(2577) Pause Young (Allocation Failure) 9M->5M(15M) 0.482ms
[89.374s][info][gc] GC(2578) Pause Young (Allocation Failure) 9M->5M(15M) 0.511ms
[89.379s][info][gc] GC(2579) Pause Young (Allocation Failure) 9M->5M(15M) 0.488ms
[89.384s][info][gc] GC(2580) Pause Young (Allocation Failure) 9M->5M(15M) 0.538ms
[89.390s][info][gc] GC(2581) Pause Young (Allocation Failure) 9M->5M(15M) 0.634ms
[89.395s][info][gc] GC(2582) Pause Young (Allocation Failure) 9M->5M(15M) 0.590ms
[89.402s][info][gc] GC(2583) Pause Young (Allocation Failure) 9M->5M(15M) 0.696ms
[89.407s][info][gc] GC(2584) Pause Young (Allocation Failure) 9M->5M(15M) 0.683ms
[89.412s][info][gc] GC(2585) Pause Young (Allocation Failure) 9M->5M(15M) 0.577ms
[89.417s][info][gc] GC(2586) Pause Young (Allocation Failure) 9M->5M(15M) 0.553ms
[89.423s][info][gc] GC(2587) Pause Young (Allocation Failure) 9M->5M(15M) 0.661ms
[89.429s][info][gc] GC(2588) Pause Young (Allocation Failure) 9M->5M(15M) 0.575ms
[89.434s][info][gc] GC(2589) Pause Young (Allocation Failure) 9M->5M(15M) 0.381ms
[89.438s][info][gc] GC(2590) Pause Young (Allocation Failure) 9M->5M(15M) 0.415ms
[89.443s][info][gc] GC(2591) Pause Young (Allocation Failure) 9M->5M(15M) 0.433ms
[89.449s][info][gc] GC(2592) Pause Young (Allocation Failure) 9M->5M(15M) 0.442ms
[89.454s][info][gc] GC(2593) Pause Young (Allocation Failure) 9M->5M(15M) 0.421ms
[89.460s][info][gc] GC(2594) Pause Young (Allocation Failure) 9M->5M(15M) 0.552ms
[89.465s][info][gc] GC(2595) Pause Young (Allocation Failure) 9M->5M(15M) 0.555ms
[89.470s][info][gc] GC(2596) Pause Young (Allocation Failure) 9M->5M(15M) 0.502ms
[89.475s][info][gc] GC(2597) Pause Young (Allocation Failure) 9M->5M(15M) 0.522ms
[89.480s][info][gc] GC(2598) Pause Young (Allocation Failure) 9M->5M(15M) 0.483ms
[89.485s][info][gc] GC(2599) Pause Young (Allocation Failure) 9M->5M(15M) 0.442ms
[89.492s][info][gc] GC(2600) Pause Young (Allocation Failure) 9M->5M(15M) 0.533ms
[89.497s][info][gc] GC(2601) Pause Young (Allocation Failure) 9M->5M(15M) 0.548ms
[89.502s][info][gc] GC(2602) Pause Young (Allocation Failure) 9M->5M(15M) 0.545ms
[89.507s][info][gc] GC(2603) Pause Young (Allocation Failure) 9M->5M(15M) 0.613ms
[89.512s][info][gc] GC(2604) Pause Young (Allocation Failure) 9M->5M(15M) 0.720ms
[89.517s][info][gc] GC(2605) Pause Young (Allocation Failure) 9M->5M(15M) 0.641ms
[89.522s][info][gc] GC(2606) Pause Young (Allocation Failure) 9M->5M(15M) 0.667ms
[89.529s][info][gc] GC(2607) Pause Young (Allocation Failure) 9M->5M(15M) 0.942ms
[89.534s][info][gc] GC(2608) Pause Young (Allocation Failure) 9M->5M(15M) 0.512ms
[89.540s][info][gc] GC(2609) Pause Young (Allocation Failure) 9M->5M(15M) 0.549ms
[89.545s][info][gc] GC(2610) Pause Young (Allocation Failure) 9M->5M(15M) 0.506ms
[89.549s][info][gc] GC(2611) Pause Young (Allocation Failure) 9M->5M(15M) 0.357ms
[89.555s][info][gc] GC(2612) Pause Young (Allocation Failure) 9M->5M(15M) 0.444ms
[89.560s][info][gc] GC(2613) Pause Young (Allocation Failure) 9M->5M(15M) 0.474ms
[89.565s][info][gc] GC(2614) Pause Young (Allocation Failure) 9M->5M(15M) 0.456ms
[89.570s][info][gc] GC(2615) Pause Young (Allocation Failure) 9M->5M(15M) 0.432ms
[89.575s][info][gc] GC(2616) Pause Young (Allocation Failure) 9M->5M(15M) 0.385ms
[89.580s][info][gc] GC(2617) Pause Young (Allocation Failure) 9M->5M(15M) 0.556ms
[89.585s][info][gc] GC(2618) Pause Young (Allocation Failure) 9M->5M(15M) 0.422ms
[89.590s][info][gc] GC(2619) Pause Young (Allocation Failure) 9M->5M(15M) 0.497ms
[89.596s][info][gc] GC(2620) Pause Young (Allocation Failure) 9M->5M(15M) 0.463ms
[89.601s][info][gc] GC(2621) Pause Young (Allocation Failure) 9M->5M(15M) 0.538ms
[89.607s][info][gc] GC(2622) Pause Young (Allocation Failure) 9M->5M(15M) 0.471ms
[89.612s][info][gc] GC(2623) Pause Young (Allocation Failure) 9M->5M(15M) 0.525ms
[89.617s][info][gc] GC(2624) Pause Young (Allocation Failure) 9M->5M(15M) 0.531ms
[89.622s][info][gc] GC(2625) Pause Young (Allocation Failure) 9M->5M(15M) 0.587ms
[89.627s][info][gc] GC(2626) Pause Young (Allocation Failure) 9M->5M(15M) 0.546ms
[89.632s][info][gc] GC(2627) Pause Young (Allocation Failure) 9M->5M(15M) 0.572ms
[89.637s][info][gc] GC(2628) Pause Young (Allocation Failure) 9M->5M(15M) 0.638ms
[89.642s][info][gc] GC(2629) Pause Young (Allocation Failure) 9M->5M(15M) 0.615ms
[89.648s][info][gc] GC(2630) Pause Young (Allocation Failure) 9M->5M(15M) 0.550ms
[89.653s][info][gc] GC(2631) Pause Young (Allocation Failure) 9M->5M(15M) 0.538ms
[89.658s][info][gc] GC(2632) Pause Young (Allocation Failure) 9M->5M(15M) 0.543ms
[89.663s][info][gc] GC(2633) Pause Young (Allocation Failure) 9M->5M(15M) 0.382ms
[89.668s][info][gc] GC(2634) Pause Young (Allocation Failure) 9M->5M(15M) 0.374ms
[89.673s][info][gc] GC(2635) Pause Young (Allocation Failure) 9M->5M(15M) 0.470ms
[89.680s][info][gc] GC(2636) Pause Young (Allocation Failure) 9M->5M(15M) 0.852ms
[89.685s][info][gc] GC(2637) Pause Young (Allocation Failure) 9M->5M(15M) 0.481ms
[89.690s][info][gc] GC(2638) Pause Young (Allocation Failure) 9M->5M(15M) 0.501ms
[89.695s][info][gc] GC(2639) Pause Young (Allocation Failure) 9M->5M(15M) 0.485ms
[89.700s][info][gc] GC(2640) Pause Young (Allocation Failure) 9M->5M(15M) 0.718ms
[89.705s][info][gc] GC(2641) Pause Young (Allocation Failure) 9M->5M(15M) 0.507ms
[89.710s][info][gc] GC(2642) Pause Young (Allocation Failure) 9M->5M(15M) 0.500ms
[89.715s][info][gc] GC(2643) Pause Young (Allocation Failure) 9M->5M(15M) 0.442ms
[89.721s][info][gc] GC(2644) Pause Young (Allocation Failure) 9M->5M(15M) 0.570ms
[89.726s][info][gc] GC(2645) Pause Young (Allocation Failure) 9M->5M(15M) 0.565ms
[89.732s][info][gc] GC(2646) Pause Young (Allocation Failure) 9M->5M(15M) 0.837ms
[89.740s][info][gc] GC(2647) Pause Young (Allocation Failure) 9M->5M(15M) 0.887ms
[89.752s][info][gc] GC(2648) Pause Young (Allocation Failure) 9M->5M(15M) 0.780ms
[89.758s][info][gc] GC(2649) Pause Young (Allocation Failure) 9M->5M(15M) 0.636ms
[89.765s][info][gc] GC(2650) Pause Young (Allocation Failure) 9M->5M(15M) 1.159ms
[89.770s][info][gc] GC(2651) Pause Young (Allocation Failure) 9M->5M(15M) 0.672ms
[89.776s][info][gc] GC(2652) Pause Young (Allocation Failure) 9M->5M(15M) 0.616ms
[89.782s][info][gc] GC(2653) Pause Young (Allocation Failure) 9M->5M(15M) 0.698ms
[89.787s][info][gc] GC(2654) Pause Young (Allocation Failure) 9M->5M(15M) 0.606ms
[89.793s][info][gc] GC(2655) Pause Young (Allocation Failure) 9M->5M(15M) 0.406ms
[89.798s][info][gc] GC(2656) Pause Young (Allocation Failure) 9M->5M(15M) 0.504ms
[89.803s][info][gc] GC(2657) Pause Young (Allocation Failure) 9M->5M(15M) 0.437ms
[89.810s][info][gc] GC(2658) Pause Young (Allocation Failure) 9M->5M(15M) 0.499ms
[89.815s][info][gc] GC(2659) Pause Young (Allocation Failure) 9M->5M(15M) 0.471ms
[89.820s][info][gc] GC(2660) Pause Young (Allocation Failure) 9M->5M(15M) 0.467ms
[89.825s][info][gc] GC(2661) Pause Young (Allocation Failure) 9M->5M(15M) 0.441ms
[89.830s][info][gc] GC(2662) Pause Young (Allocation Failure) 9M->5M(15M) 0.527ms
[89.835s][info][gc] GC(2663) Pause Young (Allocation Failure) 9M->5M(15M) 0.506ms
[89.840s][info][gc] GC(2664) Pause Young (Allocation Failure) 9M->5M(15M) 0.618ms
[89.845s][info][gc] GC(2665) Pause Young (Allocation Failure) 9M->5M(15M) 0.582ms
[89.851s][info][gc] GC(2666) Pause Young (Allocation Failure) 9M->5M(15M) 0.795ms
[89.857s][info][gc] GC(2667) Pause Young (Allocation Failure) 9M->5M(15M) 0.588ms
[89.862s][info][gc] GC(2668) Pause Young (Allocation Failure) 9M->5M(15M) 0.607ms
[89.867s][info][gc] GC(2669) Pause Young (Allocation Failure) 9M->5M(15M) 0.610ms
[89.872s][info][gc] GC(2670) Pause Young (Allocation Failure) 9M->5M(15M) 0.590ms
[89.877s][info][gc] GC(2671) Pause Young (Allocation Failure) 9M->5M(15M) 0.625ms
[89.882s][info][gc] GC(2672) Pause Young (Allocation Failure) 9M->5M(15M) 0.664ms
[89.888s][info][gc] GC(2673) Pause Young (Allocation Failure) 9M->5M(15M) 0.625ms
[89.893s][info][gc] GC(2674) Pause Young (Allocation Failure) 9M->5M(15M) 0.386ms
[89.898s][info][gc] GC(2675) Pause Young (Allocation Failure) 9M->5M(15M) 0.411ms
[89.903s][info][gc] GC(2676) Pause Young (Allocation Failure) 9M->5M(15M) 0.503ms
[89.908s][info][gc] GC(2677) Pause Young (Allocation Failure) 9M->5M(15M) 0.464ms
[89.913s][info][gc] GC(2678) Pause Young (Allocation Failure) 9M->5M(15M) 0.524ms
[89.918s][info][gc] GC(2679) Pause Young (Allocation Failure) 9M->5M(15M) 0.510ms
[89.923s][info][gc] GC(2680) Pause Young (Allocation Failure) 9M->5M(15M) 0.461ms
[89.928s][info][gc] GC(2681) Pause Young (Allocation Failure) 9M->5M(15M) 0.513ms
[89.933s][info][gc] GC(2682) Pause Young (Allocation Failure) 9M->5M(15M) 0.507ms
[89.939s][info][gc] GC(2683) Pause Young (Allocation Failure) 9M->5M(15M) 0.549ms
[89.944s][info][gc] GC(2684) Pause Young (Allocation Failure) 9M->5M(15M) 0.546ms
[89.949s][info][gc] GC(2685) Pause Young (Allocation Failure) 9M->5M(15M) 0.543ms
[89.955s][info][gc] GC(2686) Pause Young (Allocation Failure) 9M->5M(15M) 0.540ms
[89.960s][info][gc] GC(2687) Pause Young (Allocation Failure) 9M->5M(15M) 0.591ms
[89.967s][info][gc] GC(2688) Pause Young (Allocation Failure) 9M->5M(15M) 0.656ms
[89.972s][info][gc] GC(2689) Pause Young (Allocation Failure) 9M->5M(15M) 0.606ms
[89.977s][info][gc] GC(2690) Pause Young (Allocation Failure) 9M->5M(15M) 0.751ms
[89.982s][info][gc] GC(2691) Pause Young (Allocation Failure) 9M->5M(15M) 0.552ms
[89.987s][info][gc] GC(2692) Pause Young (Allocation Failure) 9M->5M(15M) 0.531ms
[89.993s][info][gc] GC(2693) Pause Young (Allocation Failure) 9M->5M(15M) 0.625ms
[89.998s][info][gc] GC(2694) Pause Young (Allocation Failure) 9M->5M(15M) 0.636ms
[90.003s][info][gc] GC(2695) Pause Young (Allocation Failure) 9M->5M(15M) 0.381ms
[90.009s][info][gc] GC(2696) Pause Young (Allocation Failure) 9M->5M(15M) 0.455ms
[90.014s][info][gc] GC(2697) Pause Young (Allocation Failure) 9M->5M(15M) 0.385ms
[90.019s][info][gc] GC(2698) Pause Young (Allocation Failure) 9M->5M(15M) 0.556ms
[90.024s][info][gc] GC(2699) Pause Young (Allocation Failure) 9M->5M(15M) 0.550ms
[90.029s][info][gc] GC(2700) Pause Young (Allocation Failure) 9M->5M(15M) 0.417ms
[90.034s][info][gc] GC(2701) Pause Young (Allocation Failure) 9M->5M(15M) 0.428ms
[90.039s][info][gc] GC(2702) Pause Young (Allocation Failure) 9M->5M(15M) 0.416ms
[90.044s][info][gc] GC(2703) Pause Young (Allocation Failure) 9M->5M(15M) 0.428ms
[90.049s][info][gc] GC(2704) Pause Young (Allocation Failure) 9M->5M(15M) 0.451ms
[90.054s][info][gc] GC(2705) Pause Young (Allocation Failure) 9M->5M(15M) 0.487ms
[90.060s][info][gc] GC(2706) Pause Young (Allocation Failure) 9M->5M(15M) 0.701ms
[90.065s][info][gc] GC(2707) Pause Young (Allocation Failure) 9M->5M(15M) 0.524ms
[90.070s][info][gc] GC(2708) Pause Young (Allocation Failure) 9M->5M(15M) 0.533ms
[90.076s][info][gc] GC(2709) Pause Young (Allocation Failure) 9M->5M(15M) 0.581ms
[90.081s][info][gc] GC(2710) Pause Young (Allocation Failure) 9M->5M(15M) 0.559ms
[90.086s][info][gc] GC(2711) Pause Young (Allocation Failure) 9M->5M(15M) 0.976ms
[90.092s][info][gc] GC(2712) Pause Young (Allocation Failure) 9M->5M(15M) 0.576ms
[90.097s][info][gc] GC(2713) Pause Young (Allocation Failure) 9M->5M(15M) 0.557ms
[90.102s][info][gc] GC(2714) Pause Young (Allocation Failure) 9M->5M(15M) 0.596ms
[90.109s][info][gc] GC(2715) Pause Young (Allocation Failure) 9M->5M(15M) 0.624ms
[90.114s][info][gc] GC(2716) Pause Young (Allocation Failure) 9M->5M(15M) 0.569ms
[90.119s][info][gc] GC(2717) Pause Young (Allocation Failure) 9M->5M(15M) 0.717ms
[90.124s][info][gc] GC(2718) Pause Young (Allocation Failure) 9M->5M(15M) 0.415ms
[90.129s][info][gc] GC(2719) Pause Young (Allocation Failure) 9M->5M(15M) 0.407ms
[90.135s][info][gc] GC(2720) Pause Young (Allocation Failure) 9M->5M(15M) 0.981ms
[90.144s][info][gc] GC(2721) Pause Young (Allocation Failure) 9M->5M(15M) 0.755ms
[90.150s][info][gc] GC(2722) Pause Young (Allocation Failure) 9M->5M(15M) 0.596ms
[90.155s][info][gc] GC(2723) Pause Young (Allocation Failure) 9M->5M(15M) 0.492ms
[90.160s][info][gc] GC(2724) Pause Young (Allocation Failure) 9M->5M(15M) 0.528ms
[90.165s][info][gc] GC(2725) Pause Young (Allocation Failure) 9M->5M(15M) 0.642ms
[90.171s][info][gc] GC(2726) Pause Young (Allocation Failure) 9M->5M(15M) 0.528ms
[90.176s][info][gc] GC(2727) Pause Young (Allocation Failure) 9M->5M(15M) 0.539ms
[90.181s][info][gc] GC(2728) Pause Young (Allocation Failure) 9M->5M(15M) 0.570ms
[90.189s][info][gc] GC(2729) Pause Young (Allocation Failure) 9M->5M(15M) 0.612ms
[90.194s][info][gc] GC(2730) Pause Young (Allocation Failure) 9M->5M(15M) 0.543ms
[90.200s][info][gc] GC(2731) Pause Young (Allocation Failure) 9M->5M(15M) 0.623ms
[90.205s][info][gc] GC(2732) Pause Young (Allocation Failure) 9M->5M(15M) 0.575ms
[90.212s][info][gc] GC(2733) Pause Young (Allocation Failure) 9M->5M(15M) 0.847ms
[90.220s][info][gc] GC(2734) Pause Young (Allocation Failure) 9M->5M(15M) 0.880ms
[90.225s][info][gc] GC(2735) Pause Young (Allocation Failure) 9M->5M(15M) 0.821ms
[90.230s][info][gc] GC(2736) Pause Young (Allocation Failure) 9M->5M(15M) 0.579ms
[90.238s][info][gc] GC(2737) Pause Young (Allocation Failure) 9M->5M(15M) 0.584ms
[90.243s][info][gc] GC(2738) Pause Young (Allocation Failure) 9M->5M(15M) 0.497ms
[90.250s][info][gc] GC(2739) Pause Young (Allocation Failure) 9M->5M(15M) 0.430ms
[90.255s][info][gc] GC(2740) Pause Young (Allocation Failure) 9M->5M(15M) 0.418ms
[90.260s][info][gc] GC(2741) Pause Young (Allocation Failure) 9M->5M(15M) 0.452ms
[90.265s][info][gc] GC(2742) Pause Young (Allocation Failure) 9M->5M(15M) 0.447ms
[90.270s][info][gc] GC(2743) Pause Young (Allocation Failure) 9M->5M(15M) 0.448ms
[90.275s][info][gc] GC(2744) Pause Young (Allocation Failure) 9M->5M(15M) 0.459ms
[90.281s][info][gc] GC(2745) Pause Young (Allocation Failure) 9M->5M(15M) 0.482ms
[90.286s][info][gc] GC(2746) Pause Young (Allocation Failure) 9M->5M(15M) 0.478ms
[90.291s][info][gc] GC(2747) Pause Young (Allocation Failure) 9M->5M(15M) 0.526ms
[90.298s][info][gc] GC(2748) Pause Young (Allocation Failure) 9M->5M(15M) 0.526ms
[90.303s][info][gc] GC(2749) Pause Young (Allocation Failure) 9M->5M(15M) 0.509ms
[90.309s][info][gc] GC(2750) Pause Young (Allocation Failure) 9M->5M(15M) 0.657ms
[90.314s][info][gc] GC(2751) Pause Young (Allocation Failure) 9M->5M(15M) 0.554ms
[90.319s][info][gc] GC(2752) Pause Young (Allocation Failure) 9M->5M(15M) 0.567ms
[90.324s][info][gc] GC(2753) Pause Young (Allocation Failure) 9M->5M(15M) 0.648ms
[90.331s][info][gc] GC(2754) Pause Young (Allocation Failure) 9M->5M(15M) 0.673ms
[90.336s][info][gc] GC(2755) Pause Young (Allocation Failure) 9M->5M(15M) 0.617ms
[90.342s][info][gc] GC(2756) Pause Young (Allocation Failure) 9M->5M(15M) 0.638ms
[90.347s][info][gc] GC(2757) Pause Young (Allocation Failure) 9M->5M(15M) 0.632ms
[90.353s][info][gc] GC(2758) Pause Young (Allocation Failure) 9M->5M(15M) 0.401ms
[90.358s][info][gc] GC(2759) Pause Young (Allocation Failure) 9M->5M(15M) 0.658ms
[90.366s][info][gc] GC(2760) Pause Young (Allocation Failure) 9M->5M(15M) 0.634ms
[90.371s][info][gc] GC(2761) Pause Young (Allocation Failure) 9M->5M(15M) 0.493ms
[90.376s][info][gc] GC(2762) Pause Young (Allocation Failure) 9M->5M(15M) 0.458ms
[90.381s][info][gc] GC(2763) Pause Young (Allocation Failure) 9M->5M(15M) 0.481ms
[90.386s][info][gc] GC(2764) Pause Young (Allocation Failure) 9M->5M(15M) 0.470ms
[90.392s][info][gc] GC(2765) Pause Young (Allocation Failure) 9M->5M(15M) 0.557ms
[90.397s][info][gc] GC(2766) Pause Young (Allocation Failure) 9M->5M(15M) 0.533ms
[90.402s][info][gc] GC(2767) Pause Young (Allocation Failure) 9M->5M(15M) 0.612ms
[90.409s][info][gc] GC(2768) Pause Young (Allocation Failure) 9M->5M(15M) 1.006ms
[90.415s][info][gc] GC(2769) Pause Young (Allocation Failure) 9M->5M(15M) 0.533ms
[90.420s][info][gc] GC(2770) Pause Young (Allocation Failure) 9M->5M(15M) 0.633ms
[90.425s][info][gc] GC(2771) Pause Young (Allocation Failure) 9M->5M(15M) 0.551ms
[90.430s][info][gc] GC(2772) Pause Young (Allocation Failure) 9M->5M(15M) 0.580ms
[90.435s][info][gc] GC(2773) Pause Young (Allocation Failure) 9M->5M(15M) 0.666ms
[90.441s][info][gc] GC(2774) Pause Young (Allocation Failure) 9M->5M(15M) 0.647ms
[90.446s][info][gc] GC(2775) Pause Young (Allocation Failure) 9M->5M(15M) 0.601ms
[90.451s][info][gc] GC(2776) Pause Young (Allocation Failure) 9M->5M(15M) 0.412ms
[90.455s][info][gc] GC(2777) Pause Young (Allocation Failure) 9M->5M(15M) 0.453ms
[90.460s][info][gc] GC(2778) Pause Young (Allocation Failure) 9M->5M(15M) 0.470ms
[90.465s][info][gc] GC(2779) Pause Young (Allocation Failure) 9M->5M(15M) 0.498ms
[90.471s][info][gc] GC(2780) Pause Young (Allocation Failure) 9M->5M(15M) 0.493ms
[90.476s][info][gc] GC(2781) Pause Young (Allocation Failure) 9M->5M(15M) 0.494ms
[90.481s][info][gc] GC(2782) Pause Young (Allocation Failure) 9M->5M(15M) 0.497ms
[90.485s][info][gc] GC(2783) Pause Young (Allocation Failure) 9M->5M(15M) 0.534ms
[90.491s][info][gc] GC(2784) Pause Young (Allocation Failure) 9M->5M(15M) 0.535ms
[90.496s][info][gc] GC(2785) Pause Young (Allocation Failure) 9M->5M(15M) 0.558ms
[90.501s][info][gc] GC(2786) Pause Young (Allocation Failure) 9M->5M(15M) 0.516ms
[90.506s][info][gc] GC(2787) Pause Young (Allocation Failure) 9M->5M(15M) 0.522ms
[90.512s][info][gc] GC(2788) Pause Young (Allocation Failure) 9M->5M(15M) 0.607ms
[90.517s][info][gc] GC(2789) Pause Young (Allocation Failure) 9M->5M(15M) 0.824ms
[90.522s][info][gc] GC(2790) Pause Young (Allocation Failure) 9M->5M(15M) 0.604ms
[90.528s][info][gc] GC(2791) Pause Young (Allocation Failure) 9M->5M(15M) 0.592ms
[90.533s][info][gc] GC(2792) Pause Young (Allocation Failure) 9M->5M(15M) 0.533ms
[90.538s][info][gc] GC(2793) Pause Young (Allocation Failure) 9M->5M(15M) 0.512ms
[90.546s][info][gc] GC(2794) Pause Young (Allocation Failure) 9M->5M(15M) 0.634ms
[90.551s][info][gc] GC(2795) Pause Young (Allocation Failure) 9M->5M(15M) 0.661ms
[90.556s][info][gc] GC(2796) Pause Young (Allocation Failure) 9M->5M(15M) 0.417ms
[90.561s][info][gc] GC(2797) Pause Young (Allocation Failure) 9M->5M(15M) 0.455ms
[90.567s][info][gc] GC(2798) Pause Young (Allocation Failure) 9M->5M(15M) 0.453ms
[90.572s][info][gc] GC(2799) Pause Young (Allocation Failure) 9M->5M(15M) 0.471ms
[90.577s][info][gc] GC(2800) Pause Young (Allocation Failure) 9M->5M(15M) 0.436ms
[90.583s][info][gc] GC(2801) Pause Young (Allocation Failure) 9M->5M(15M) 0.413ms
[90.588s][info][gc] GC(2802) Pause Young (Allocation Failure) 9M->5M(15M) 0.412ms
[90.593s][info][gc] GC(2803) Pause Young (Allocation Failure) 9M->5M(15M) 0.508ms
[90.598s][info][gc] GC(2804) Pause Young (Allocation Failure) 9M->5M(15M) 0.481ms
[90.603s][info][gc] GC(2805) Pause Young (Allocation Failure) 9M->5M(15M) 0.515ms
[90.608s][info][gc] GC(2806) Pause Young (Allocation Failure) 9M->5M(15M) 0.527ms
[90.614s][info][gc] GC(2807) Pause Young (Allocation Failure) 9M->5M(15M) 0.538ms
[90.620s][info][gc] GC(2808) Pause Young (Allocation Failure) 9M->5M(15M) 0.708ms
[90.625s][info][gc] GC(2809) Pause Young (Allocation Failure) 9M->5M(15M) 0.567ms
[90.630s][info][gc] GC(2810) Pause Young (Allocation Failure) 9M->5M(15M) 0.547ms
[90.635s][info][gc] GC(2811) Pause Young (Allocation Failure) 9M->5M(15M) 0.580ms
[90.640s][info][gc] GC(2812) Pause Young (Allocation Failure) 9M->5M(15M) 0.616ms
[90.645s][info][gc] GC(2813) Pause Young (Allocation Failure) 9M->5M(15M) 0.559ms
[90.650s][info][gc] GC(2814) Pause Young (Allocation Failure) 9M->5M(15M) 0.607ms
[90.655s][info][gc] GC(2815) Pause Young (Allocation Failure) 9M->5M(15M) 0.504ms
[90.661s][info][gc] GC(2816) Pause Young (Allocation Failure) 9M->5M(15M) 0.608ms
[90.666s][info][gc] GC(2817) Pause Young (Allocation Failure) 9M->5M(15M) 0.583ms
[90.671s][info][gc] GC(2818) Pause Young (Allocation Failure) 9M->5M(15M) 0.641ms
[90.677s][info][gc] GC(2819) Pause Young (Allocation Failure) 9M->5M(15M) 0.363ms
[90.682s][info][gc] GC(2820) Pause Young (Allocation Failure) 9M->5M(15M) 0.352ms
[90.687s][info][gc] GC(2821) Pause Young (Allocation Failure) 9M->5M(15M) 0.440ms
[90.692s][info][gc] GC(2822) Pause Young (Allocation Failure) 9M->5M(15M) 0.530ms
[90.697s][info][gc] GC(2823) Pause Young (Allocation Failure) 9M->5M(15M) 0.448ms
[90.702s][info][gc] GC(2824) Pause Young (Allocation Failure) 9M->5M(15M) 0.494ms
[90.707s][info][gc] GC(2825) Pause Young (Allocation Failure) 9M->5M(15M) 0.591ms
[90.712s][info][gc] GC(2826) Pause Young (Allocation Failure) 9M->5M(15M) 0.721ms
[90.717s][info][gc] GC(2827) Pause Young (Allocation Failure) 9M->5M(15M) 0.533ms
[90.723s][info][gc] GC(2828) Pause Young (Allocation Failure) 9M->5M(15M) 0.597ms
[90.728s][info][gc] GC(2829) Pause Young (Allocation Failure) 9M->5M(15M) 0.641ms
[90.733s][info][gc] GC(2830) Pause Young (Allocation Failure) 9M->5M(15M) 0.526ms
[90.740s][info][gc] GC(2831) Pause Young (Allocation Failure) 9M->5M(15M) 0.663ms
[90.746s][info][gc] GC(2832) Pause Young (Allocation Failure) 9M->5M(15M) 0.810ms
[90.752s][info][gc] GC(2833) Pause Young (Allocation Failure) 9M->5M(15M) 0.783ms
[90.759s][info][gc] GC(2834) Pause Young (Allocation Failure) 9M->5M(15M) 0.568ms
[90.764s][info][gc] GC(2835) Pause Young (Allocation Failure) 9M->5M(15M) 0.558ms
[90.770s][info][gc] GC(2836) Pause Young (Allocation Failure) 9M->5M(15M) 0.602ms
[90.776s][info][gc] GC(2837) Pause Young (Allocation Failure) 9M->5M(15M) 0.544ms
[90.782s][info][gc] GC(2838) Pause Young (Allocation Failure) 9M->5M(15M) 0.596ms
[90.787s][info][gc] GC(2839) Pause Young (Allocation Failure) 9M->5M(15M) 0.646ms
[90.792s][info][gc] GC(2840) Pause Young (Allocation Failure) 9M->5M(15M) 0.568ms
[90.797s][info][gc] GC(2841) Pause Young (Allocation Failure) 9M->5M(15M) 0.549ms
[90.803s][info][gc] GC(2842) Pause Young (Allocation Failure) 9M->5M(15M) 0.681ms
[90.808s][info][gc] GC(2843) Pause Young (Allocation Failure) 9M->5M(15M) 0.530ms
[90.813s][info][gc] GC(2844) Pause Young (Allocation Failure) 9M->5M(15M) 0.787ms
[90.818s][info][gc] GC(2845) Pause Young (Allocation Failure) 9M->5M(15M) 0.566ms
[90.823s][info][gc] GC(2846) Pause Young (Allocation Failure) 9M->5M(15M) 0.547ms
[90.828s][info][gc] GC(2847) Pause Young (Allocation Failure) 9M->5M(15M) 0.367ms
[90.833s][info][gc] GC(2848) Pause Young (Allocation Failure) 9M->5M(15M) 0.371ms
[90.838s][info][gc] GC(2849) Pause Young (Allocation Failure) 9M->5M(15M) 0.566ms
[90.844s][info][gc] GC(2850) Pause Young (Allocation Failure) 9M->5M(15M) 0.434ms
[90.848s][info][gc] GC(2851) Pause Young (Allocation Failure) 9M->5M(15M) 0.363ms
[90.854s][info][gc] GC(2852) Pause Young (Allocation Failure) 9M->5M(15M) 0.424ms
[90.859s][info][gc] GC(2853) Pause Young (Allocation Failure) 9M->5M(15M) 0.428ms
[90.864s][info][gc] GC(2854) Pause Young (Allocation Failure) 9M->5M(15M) 0.449ms
[90.869s][info][gc] GC(2855) Pause Young (Allocation Failure) 9M->5M(15M) 0.733ms
[90.874s][info][gc] GC(2856) Pause Young (Allocation Failure) 9M->5M(15M) 0.538ms
[90.879s][info][gc] GC(2857) Pause Young (Allocation Failure) 9M->5M(15M) 0.561ms
[90.886s][info][gc] GC(2858) Pause Young (Allocation Failure) 9M->5M(15M) 0.558ms
[90.893s][info][gc] GC(2859) Pause Young (Allocation Failure) 9M->5M(15M) 0.807ms
[90.901s][info][gc] GC(2860) Pause Young (Allocation Failure) 9M->5M(15M) 1.034ms
[90.907s][info][gc] GC(2861) Pause Young (Allocation Failure) 9M->5M(15M) 0.561ms
[90.912s][info][gc] GC(2862) Pause Young (Allocation Failure) 9M->5M(15M) 0.921ms
[90.918s][info][gc] GC(2863) Pause Young (Allocation Failure) 9M->5M(15M) 0.686ms
[90.923s][info][gc] GC(2864) Pause Young (Allocation Failure) 9M->5M(15M) 0.579ms
[90.928s][info][gc] GC(2865) Pause Young (Allocation Failure) 9M->5M(15M) 0.568ms
[90.934s][info][gc] GC(2866) Pause Young (Allocation Failure) 9M->5M(15M) 0.585ms
[90.938s][info][gc] GC(2867) Pause Young (Allocation Failure) 9M->5M(15M) 0.572ms
[90.943s][info][gc] GC(2868) Pause Young (Allocation Failure) 9M->5M(15M) 0.419ms
[90.950s][info][gc] GC(2869) Pause Young (Allocation Failure) 9M->5M(15M) 0.462ms
[90.955s][info][gc] GC(2870) Pause Young (Allocation Failure) 9M->5M(15M) 0.447ms
[90.960s][info][gc] GC(2871) Pause Young (Allocation Failure) 9M->5M(15M) 0.427ms
[90.965s][info][gc] GC(2872) Pause Young (Allocation Failure) 9M->5M(15M) 0.422ms
[90.970s][info][gc] GC(2873) Pause Young (Allocation Failure) 9M->5M(15M) 0.470ms
[90.975s][info][gc] GC(2874) Pause Young (Allocation Failure) 9M->5M(15M) 0.435ms
[90.981s][info][gc] GC(2875) Pause Young (Allocation Failure) 9M->5M(15M) 0.493ms
[90.986s][info][gc] GC(2876) Pause Young (Allocation Failure) 9M->5M(15M) 0.503ms
[90.991s][info][gc] GC(2877) Pause Young (Allocation Failure) 9M->5M(15M) 0.480ms
[90.997s][info][gc] GC(2878) Pause Young (Allocation Failure) 9M->5M(15M) 0.594ms
[91.002s][info][gc] GC(2879) Pause Young (Allocation Failure) 9M->5M(15M) 0.549ms
[91.007s][info][gc] GC(2880) Pause Young (Allocation Failure) 9M->5M(15M) 0.545ms
[91.013s][info][gc] GC(2881) Pause Young (Allocation Failure) 9M->5M(15M) 0.610ms
[91.018s][info][gc] GC(2882) Pause Young (Allocation Failure) 9M->5M(15M) 0.578ms
[91.023s][info][gc] GC(2883) Pause Young (Allocation Failure) 9M->5M(15M) 0.567ms
[91.028s][info][gc] GC(2884) Pause Young (Allocation Failure) 9M->5M(15M) 0.586ms
[91.033s][info][gc] GC(2885) Pause Young (Allocation Failure) 9M->5M(15M) 0.583ms
[91.038s][info][gc] GC(2886) Pause Young (Allocation Failure) 9M->5M(15M) 0.579ms
[91.043s][info][gc] GC(2887) Pause Young (Allocation Failure) 9M->5M(15M) 0.603ms
[91.048s][info][gc] GC(2888) Pause Young (Allocation Failure) 9M->5M(15M) 0.598ms
[91.053s][info][gc] GC(2889) Pause Young (Allocation Failure) 9M->5M(15M) 0.363ms
[91.059s][info][gc] GC(2890) Pause Young (Allocation Failure) 9M->5M(15M) 0.472ms
[91.064s][info][gc] GC(2891) Pause Young (Allocation Failure) 9M->5M(15M) 0.420ms
[91.069s][info][gc] GC(2892) Pause Young (Allocation Failure) 9M->5M(15M) 0.455ms
[91.075s][info][gc] GC(2893) Pause Young (Allocation Failure) 9M->5M(15M) 0.478ms
[91.080s][info][gc] GC(2894) Pause Young (Allocation Failure) 9M->5M(15M) 0.493ms
[91.085s][info][gc] GC(2895) Pause Young (Allocation Failure) 9M->5M(15M) 0.560ms
[91.091s][info][gc] GC(2896) Pause Young (Allocation Failure) 9M->5M(15M) 0.569ms
[91.096s][info][gc] GC(2897) Pause Young (Allocation Failure) 9M->5M(15M) 0.564ms
[91.101s][info][gc] GC(2898) Pause Young (Allocation Failure) 9M->5M(15M) 0.574ms
[91.107s][info][gc] GC(2899) Pause Young (Allocation Failure) 9M->5M(15M) 0.739ms
[91.112s][info][gc] GC(2900) Pause Young (Allocation Failure) 9M->5M(15M) 0.712ms
[91.117s][info][gc] GC(2901) Pause Young (Allocation Failure) 9M->5M(15M) 0.608ms
[91.123s][info][gc] GC(2902) Pause Young (Allocation Failure) 9M->5M(15M) 0.629ms
[91.128s][info][gc] GC(2903) Pause Young (Allocation Failure) 9M->5M(15M) 0.693ms
[91.134s][info][gc] GC(2904) Pause Young (Allocation Failure) 9M->5M(15M) 0.806ms
[91.140s][info][gc] GC(2905) Pause Young (Allocation Failure) 9M->5M(15M) 0.598ms
[91.145s][info][gc] GC(2906) Pause Young (Allocation Failure) 9M->5M(15M) 0.578ms
[91.151s][info][gc] GC(2907) Pause Young (Allocation Failure) 9M->5M(15M) 0.543ms
[91.158s][info][gc] GC(2908) Pause Young (Allocation Failure) 9M->5M(15M) 0.528ms
[91.163s][info][gc] GC(2909) Pause Young (Allocation Failure) 9M->5M(15M) 0.481ms
[91.168s][info][gc] GC(2910) Pause Young (Allocation Failure) 9M->5M(15M) 0.483ms
[91.173s][info][gc] GC(2911) Pause Young (Allocation Failure) 9M->5M(15M) 0.465ms
[91.178s][info][gc] GC(2912) Pause Young (Allocation Failure) 9M->5M(15M) 0.449ms
[91.183s][info][gc] GC(2913) Pause Young (Allocation Failure) 9M->5M(15M) 0.431ms
[91.189s][info][gc] GC(2914) Pause Young (Allocation Failure) 9M->5M(15M) 0.439ms
[91.194s][info][gc] GC(2915) Pause Young (Allocation Failure) 9M->5M(15M) 0.528ms
[91.199s][info][gc] GC(2916) Pause Young (Allocation Failure) 9M->5M(15M) 0.513ms
[91.205s][info][gc] GC(2917) Pause Young (Allocation Failure) 9M->5M(15M) 0.931ms
[91.213s][info][gc] GC(2918) Pause Young (Allocation Failure) 9M->5M(15M) 0.565ms
[91.219s][info][gc] GC(2919) Pause Young (Allocation Failure) 9M->5M(15M) 0.726ms
[91.224s][info][gc] GC(2920) Pause Young (Allocation Failure) 9M->5M(15M) 0.844ms
[91.230s][info][gc] GC(2921) Pause Young (Allocation Failure) 9M->5M(15M) 0.780ms
[91.235s][info][gc] GC(2922) Pause Young (Allocation Failure) 9M->5M(15M) 0.597ms
[91.241s][info][gc] GC(2923) Pause Young (Allocation Failure) 9M->5M(15M) 0.798ms
[91.248s][info][gc] GC(2924) Pause Young (Allocation Failure) 9M->5M(15M) 0.621ms
[91.255s][info][gc] GC(2925) Pause Young (Allocation Failure) 9M->5M(15M) 0.781ms
[91.261s][info][gc] GC(2926) Pause Young (Allocation Failure) 9M->5M(15M) 0.612ms
[91.268s][info][gc] GC(2927) Pause Young (Allocation Failure) 9M->5M(15M) 0.867ms
[91.273s][info][gc] GC(2928) Pause Young (Allocation Failure) 9M->5M(15M) 0.864ms
[91.278s][info][gc] GC(2929) Pause Young (Allocation Failure) 9M->5M(15M) 0.856ms
[91.285s][info][gc] GC(2930) Pause Young (Allocation Failure) 9M->5M(15M) 0.454ms
[91.292s][info][gc] GC(2931) Pause Young (Allocation Failure) 9M->5M(15M) 0.588ms
[91.297s][info][gc] GC(2932) Pause Young (Allocation Failure) 9M->5M(15M) 0.509ms
[91.302s][info][gc] GC(2933) Pause Young (Allocation Failure) 9M->5M(15M) 0.483ms
[91.307s][info][gc] GC(2934) Pause Young (Allocation Failure) 9M->5M(15M) 0.524ms
[91.312s][info][gc] GC(2935) Pause Young (Allocation Failure) 9M->5M(15M) 0.474ms
[91.317s][info][gc] GC(2936) Pause Young (Allocation Failure) 9M->5M(15M) 0.452ms
[91.322s][info][gc] GC(2937) Pause Young (Allocation Failure) 9M->5M(15M) 0.474ms
[91.328s][info][gc] GC(2938) Pause Young (Allocation Failure) 9M->5M(15M) 0.460ms
[91.333s][info][gc] GC(2939) Pause Young (Allocation Failure) 9M->5M(15M) 0.491ms
[91.338s][info][gc] GC(2940) Pause Young (Allocation Failure) 9M->5M(15M) 0.582ms
[91.343s][info][gc] GC(2941) Pause Young (Allocation Failure) 9M->5M(15M) 0.578ms
[91.348s][info][gc] GC(2942) Pause Young (Allocation Failure) 9M->5M(15M) 0.622ms
[91.354s][info][gc] GC(2943) Pause Young (Allocation Failure) 9M->5M(15M) 0.585ms
[91.359s][info][gc] GC(2944) Pause Young (Allocation Failure) 9M->5M(15M) 0.699ms
[91.367s][info][gc] GC(2945) Pause Young (Allocation Failure) 9M->5M(15M) 0.839ms
[91.376s][info][gc] GC(2946) Pause Young (Allocation Failure) 9M->5M(15M) 0.849ms
[91.384s][info][gc] GC(2947) Pause Young (Allocation Failure) 9M->5M(15M) 0.884ms
[91.393s][info][gc] GC(2948) Pause Young (Allocation Failure) 9M->5M(15M) 0.927ms
[91.401s][info][gc] GC(2949) Pause Young (Allocation Failure) 9M->5M(15M) 0.619ms
[91.409s][info][gc] GC(2950) Pause Young (Allocation Failure) 9M->5M(15M) 0.631ms
[91.417s][info][gc] GC(2951) Pause Young (Allocation Failure) 9M->5M(15M) 0.634ms
[91.426s][info][gc] GC(2952) Pause Young (Allocation Failure) 9M->5M(15M) 0.654ms
[91.435s][info][gc] GC(2953) Pause Young (Allocation Failure) 9M->5M(15M) 0.653ms
[91.443s][info][gc] GC(2954) Pause Young (Allocation Failure) 9M->5M(15M) 0.743ms
[91.451s][info][gc] GC(2955) Pause Young (Allocation Failure) 9M->5M(15M) 0.699ms
[91.459s][info][gc] GC(2956) Pause Young (Allocation Failure) 9M->5M(15M) 0.832ms
[91.468s][info][gc] GC(2957) Pause Young (Allocation Failure) 9M->5M(15M) 0.785ms
[91.473s][info][gc] GC(2958) Pause Young (Allocation Failure) 9M->5M(15M) 0.515ms
[91.478s][info][gc] GC(2959) Pause Young (Allocation Failure) 9M->5M(15M) 0.509ms
[91.483s][info][gc] GC(2960) Pause Young (Allocation Failure) 9M->5M(15M) 0.507ms
[91.488s][info][gc] GC(2961) Pause Young (Allocation Failure) 9M->5M(15M) 0.548ms
[91.493s][info][gc] GC(2962) Pause Young (Allocation Failure) 9M->5M(15M) 0.599ms
[91.498s][info][gc] GC(2963) Pause Young (Allocation Failure) 9M->5M(15M) 0.564ms
[91.504s][info][gc] GC(2964) Pause Young (Allocation Failure) 9M->5M(15M) 0.883ms
[91.509s][info][gc] GC(2965) Pause Young (Allocation Failure) 9M->5M(15M) 0.601ms
[91.514s][info][gc] GC(2966) Pause Young (Allocation Failure) 9M->5M(15M) 0.756ms
[91.520s][info][gc] GC(2967) Pause Young (Allocation Failure) 9M->5M(15M) 0.544ms
[91.525s][info][gc] GC(2968) Pause Young (Allocation Failure) 9M->5M(15M) 0.564ms
[91.531s][info][gc] GC(2969) Pause Young (Allocation Failure) 9M->5M(15M) 0.589ms
[91.538s][info][gc] GC(2970) Pause Young (Allocation Failure) 9M->5M(15M) 0.625ms
[91.543s][info][gc] GC(2971) Pause Young (Allocation Failure) 9M->5M(15M) 0.418ms
[91.548s][info][gc] GC(2972) Pause Young (Allocation Failure) 9M->5M(15M) 0.458ms
[91.554s][info][gc] GC(2973) Pause Young (Allocation Failure) 9M->5M(15M) 0.451ms
[91.559s][info][gc] GC(2974) Pause Young (Allocation Failure) 9M->5M(15M) 0.477ms
[91.564s][info][gc] GC(2975) Pause Young (Allocation Failure) 9M->5M(15M) 0.459ms
[91.571s][info][gc] GC(2976) Pause Young (Allocation Failure) 9M->5M(15M) 0.472ms
[91.576s][info][gc] GC(2977) Pause Young (Allocation Failure) 9M->5M(15M) 0.504ms
[91.581s][info][gc] GC(2978) Pause Young (Allocation Failure) 9M->5M(15M) 0.558ms
[91.586s][info][gc] GC(2979) Pause Young (Allocation Failure) 9M->5M(15M) 0.481ms
[91.591s][info][gc] GC(2980) Pause Young (Allocation Failure) 9M->5M(15M) 0.511ms
[91.596s][info][gc] GC(2981) Pause Young (Allocation Failure) 9M->5M(15M) 0.583ms
[91.601s][info][gc] GC(2982) Pause Young (Allocation Failure) 9M->5M(15M) 0.537ms
[91.606s][info][gc] GC(2983) Pause Young (Allocation Failure) 9M->5M(15M) 0.561ms
[91.612s][info][gc] GC(2984) Pause Young (Allocation Failure) 9M->5M(15M) 0.694ms
[91.617s][info][gc] GC(2985) Pause Young (Allocation Failure) 9M->5M(15M) 0.588ms
[91.622s][info][gc] GC(2986) Pause Young (Allocation Failure) 9M->5M(15M) 0.602ms
[91.627s][info][gc] GC(2987) Pause Young (Allocation Failure) 9M->5M(15M) 0.513ms
[91.633s][info][gc] GC(2988) Pause Young (Allocation Failure) 9M->5M(15M) 0.578ms
[91.637s][info][gc] GC(2989) Pause Young (Allocation Failure) 9M->5M(15M) 0.644ms
[91.643s][info][gc] GC(2990) Pause Young (Allocation Failure) 9M->5M(15M) 0.392ms
[91.648s][info][gc] GC(2991) Pause Young (Allocation Failure) 9M->5M(15M) 0.418ms
[91.653s][info][gc] GC(2992) Pause Young (Allocation Failure) 9M->5M(15M) 0.379ms
[91.658s][info][gc] GC(2993) Pause Young (Allocation Failure) 9M->5M(15M) 0.397ms
[91.663s][info][gc] GC(2994) Pause Young (Allocation Failure) 9M->5M(15M) 0.397ms
[91.668s][info][gc] GC(2995) Pause Young (Allocation Failure) 9M->5M(15M) 0.428ms
[91.673s][info][gc] GC(2996) Pause Young (Allocation Failure) 9M->5M(15M) 0.465ms
[91.678s][info][gc] GC(2997) Pause Young (Allocation Failure) 9M->5M(15M) 0.462ms
[91.683s][info][gc] GC(2998) Pause Young (Allocation Failure) 9M->5M(15M) 0.528ms
[91.688s][info][gc] GC(2999) Pause Young (Allocation Failure) 9M->5M(15M) 0.527ms
[91.693s][info][gc] GC(3000) Pause Young (Allocation Failure) 9M->5M(15M) 0.581ms
[91.698s][info][gc] GC(3001) Pause Young (Allocation Failure) 9M->5M(15M) 0.539ms
[91.703s][info][gc] GC(3002) Pause Young (Allocation Failure) 9M->5M(15M) 0.523ms
[91.708s][info][gc] GC(3003) Pause Young (Allocation Failure) 9M->5M(15M) 0.669ms
[91.713s][info][gc] GC(3004) Pause Young (Allocation Failure) 9M->5M(15M) 0.522ms
[91.718s][info][gc] GC(3005) Pause Young (Allocation Failure) 9M->5M(15M) 0.507ms
[91.723s][info][gc] GC(3006) Pause Young (Allocation Failure) 9M->5M(15M) 0.528ms
[91.729s][info][gc] GC(3007) Pause Young (Allocation Failure) 9M->5M(15M) 0.596ms
[91.736s][info][gc] GC(3008) Pause Young (Allocation Failure) 9M->5M(15M) 0.596ms
[91.743s][info][gc] GC(3009) Pause Young (Allocation Failure) 9M->5M(15M) 0.695ms
[91.751s][info][gc] GC(3010) Pause Young (Allocation Failure) 9M->5M(15M) 0.703ms
[91.757s][info][gc] GC(3011) Pause Young (Allocation Failure) 9M->5M(15M) 0.618ms
[91.765s][info][gc] GC(3012) Pause Young (Allocation Failure) 9M->5M(15M) 0.717ms
[91.771s][info][gc] GC(3013) Pause Young (Allocation Failure) 9M->5M(15M) 0.607ms
[91.776s][info][gc] GC(3014) Pause Young (Allocation Failure) 9M->5M(15M) 0.649ms
[91.781s][info][gc] GC(3015) Pause Young (Allocation Failure) 9M->5M(15M) 0.717ms
[91.786s][info][gc] GC(3016) Pause Young (Allocation Failure) 9M->5M(15M) 0.413ms
[91.792s][info][gc] GC(3017) Pause Young (Allocation Failure) 9M->5M(15M) 0.473ms
[91.797s][info][gc] GC(3018) Pause Young (Allocation Failure) 9M->5M(15M) 0.470ms
[91.802s][info][gc] GC(3019) Pause Young (Allocation Failure) 9M->5M(15M) 0.444ms
[91.808s][info][gc] GC(3020) Pause Young (Allocation Failure) 9M->5M(15M) 0.464ms
[91.813s][info][gc] GC(3021) Pause Young (Allocation Failure) 9M->5M(15M) 0.545ms
[91.819s][info][gc] GC(3022) Pause Young (Allocation Failure) 9M->5M(15M) 0.458ms
[91.824s][info][gc] GC(3023) Pause Young (Allocation Failure) 9M->5M(15M) 0.496ms
[91.829s][info][gc] GC(3024) Pause Young (Allocation Failure) 9M->5M(15M) 0.534ms
[91.835s][info][gc] GC(3025) Pause Young (Allocation Failure) 9M->5M(15M) 0.510ms
[91.841s][info][gc] GC(3026) Pause Young (Allocation Failure) 9M->5M(15M) 0.557ms
[91.846s][info][gc] GC(3027) Pause Young (Allocation Failure) 9M->5M(15M) 0.523ms
[91.851s][info][gc] GC(3028) Pause Young (Allocation Failure) 9M->5M(15M) 0.536ms
[91.856s][info][gc] GC(3029) Pause Young (Allocation Failure) 9M->5M(15M) 0.544ms
[91.861s][info][gc] GC(3030) Pause Young (Allocation Failure) 9M->5M(15M) 0.540ms
[91.866s][info][gc] GC(3031) Pause Young (Allocation Failure) 9M->5M(15M) 0.547ms
[91.872s][info][gc] GC(3032) Pause Young (Allocation Failure) 9M->5M(15M) 0.593ms
[91.877s][info][gc] GC(3033) Pause Young (Allocation Failure) 9M->5M(15M) 0.573ms
[91.883s][info][gc] GC(3034) Pause Young (Allocation Failure) 9M->5M(15M) 0.570ms
[91.888s][info][gc] GC(3035) Pause Young (Allocation Failure) 9M->5M(15M) 0.606ms
[91.894s][info][gc] GC(3036) Pause Young (Allocation Failure) 9M->5M(15M) 0.551ms
[91.898s][info][gc] GC(3037) Pause Young (Allocation Failure) 9M->5M(15M) 0.529ms
[91.905s][info][gc] GC(3038) Pause Young (Allocation Failure) 9M->5M(15M) 0.424ms
[91.910s][info][gc] GC(3039) Pause Young (Allocation Failure) 9M->5M(15M) 0.633ms
[91.915s][info][gc] GC(3040) Pause Young (Allocation Failure) 9M->5M(15M) 0.441ms
[91.920s][info][gc] GC(3041) Pause Young (Allocation Failure) 9M->5M(15M) 0.464ms
[91.925s][info][gc] GC(3042) Pause Young (Allocation Failure) 9M->5M(15M) 0.449ms
[91.931s][info][gc] GC(3043) Pause Young (Allocation Failure) 9M->5M(15M) 0.537ms
[91.936s][info][gc] GC(3044) Pause Young (Allocation Failure) 9M->5M(15M) 0.520ms
[91.941s][info][gc] GC(3045) Pause Young (Allocation Failure) 9M->5M(15M) 0.484ms
[91.946s][info][gc] GC(3046) Pause Young (Allocation Failure) 9M->5M(15M) 0.491ms
[91.952s][info][gc] GC(3047) Pause Young (Allocation Failure) 9M->5M(15M) 0.576ms
[91.958s][info][gc] GC(3048) Pause Young (Allocation Failure) 9M->5M(15M) 0.590ms
[91.963s][info][gc] GC(3049) Pause Young (Allocation Failure) 9M->5M(15M) 0.558ms
[91.968s][info][gc] GC(3050) Pause Young (Allocation Failure) 9M->5M(15M) 0.610ms
[91.974s][info][gc] GC(3051) Pause Young (Allocation Failure) 9M->5M(15M) 0.583ms
[91.979s][info][gc] GC(3052) Pause Young (Allocation Failure) 9M->5M(15M) 0.589ms
[91.986s][info][gc] GC(3053) Pause Young (Allocation Failure) 9M->5M(15M) 0.574ms
[91.991s][info][gc] GC(3054) Pause Young (Allocation Failure) 9M->5M(15M) 0.561ms
[91.996s][info][gc] GC(3055) Pause Young (Allocation Failure) 9M->5M(15M) 0.567ms
[92.001s][info][gc] GC(3056) Pause Young (Allocation Failure) 9M->5M(15M) 0.548ms
[92.006s][info][gc] GC(3057) Pause Young (Allocation Failure) 9M->5M(15M) 0.456ms
[92.013s][info][gc] GC(3058) Pause Young (Allocation Failure) 9M->5M(15M) 0.444ms
[92.018s][info][gc] GC(3059) Pause Young (Allocation Failure) 9M->5M(15M) 0.410ms
[92.023s][info][gc] GC(3060) Pause Young (Allocation Failure) 9M->5M(15M) 0.429ms
[92.028s][info][gc] GC(3061) Pause Young (Allocation Failure) 9M->5M(15M) 0.403ms
[92.033s][info][gc] GC(3062) Pause Young (Allocation Failure) 9M->5M(15M) 0.467ms
[92.039s][info][gc] GC(3063) Pause Young (Allocation Failure) 9M->5M(15M) 0.466ms
[92.044s][info][gc] GC(3064) Pause Young (Allocation Failure) 9M->5M(15M) 0.452ms
[92.049s][info][gc] GC(3065) Pause Young (Allocation Failure) 9M->5M(15M) 0.547ms
[92.054s][info][gc] GC(3066) Pause Young (Allocation Failure) 9M->5M(15M) 0.512ms
[92.059s][info][gc] GC(3067) Pause Young (Allocation Failure) 9M->5M(15M) 0.476ms
[92.066s][info][gc] GC(3068) Pause Young (Allocation Failure) 9M->5M(15M) 0.781ms
[92.075s][info][gc] GC(3069) Pause Young (Allocation Failure) 9M->5M(15M) 0.793ms
[92.083s][info][gc] GC(3070) Pause Young (Allocation Failure) 9M->5M(15M) 0.872ms
[92.092s][info][gc] GC(3071) Pause Young (Allocation Failure) 9M->5M(15M) 0.831ms
[92.100s][info][gc] GC(3072) Pause Young (Allocation Failure) 9M->5M(15M) 0.851ms
[92.108s][info][gc] GC(3073) Pause Young (Allocation Failure) 9M->5M(15M) 0.854ms
[92.116s][info][gc] GC(3074) Pause Young (Allocation Failure) 9M->5M(15M) 0.887ms
[92.125s][info][gc] GC(3075) Pause Young (Allocation Failure) 9M->5M(15M) 0.951ms
[92.134s][info][gc] GC(3076) Pause Young (Allocation Failure) 9M->5M(15M) 0.981ms
[92.142s][info][gc] GC(3077) Pause Young (Allocation Failure) 9M->5M(15M) 0.859ms
[92.151s][info][gc] GC(3078) Pause Young (Allocation Failure) 9M->5M(15M) 1.066ms
[92.159s][info][gc] GC(3079) Pause Young (Allocation Failure) 9M->5M(15M) 1.221ms
[92.168s][info][gc] GC(3080) Pause Young (Allocation Failure) 9M->5M(15M) 1.007ms
[92.176s][info][gc] GC(3081) Pause Young (Allocation Failure) 9M->5M(15M) 0.685ms
[92.184s][info][gc] GC(3082) Pause Young (Allocation Failure) 9M->5M(15M) 0.598ms
[92.191s][info][gc] GC(3083) Pause Young (Allocation Failure) 9M->5M(15M) 0.427ms
[92.196s][info][gc] GC(3084) Pause Young (Allocation Failure) 9M->5M(15M) 0.454ms
[92.203s][info][gc] GC(3085) Pause Young (Allocation Failure) 9M->5M(15M) 0.805ms
[92.211s][info][gc] GC(3086) Pause Young (Allocation Failure) 9M->5M(15M) 0.463ms
[92.216s][info][gc] GC(3087) Pause Young (Allocation Failure) 9M->5M(15M) 0.533ms
[92.221s][info][gc] GC(3088) Pause Young (Allocation Failure) 9M->5M(15M) 0.662ms
[92.226s][info][gc] GC(3089) Pause Young (Allocation Failure) 9M->5M(15M) 0.714ms
[92.234s][info][gc] GC(3090) Pause Young (Allocation Failure) 9M->5M(15M) 1.160ms
[92.241s][info][gc] GC(3091) Pause Young (Allocation Failure) 9M->5M(15M) 0.513ms
[92.246s][info][gc] GC(3092) Pause Young (Allocation Failure) 9M->5M(15M) 0.744ms
[92.252s][info][gc] GC(3093) Pause Young (Allocation Failure) 9M->5M(15M) 0.576ms
[92.260s][info][gc] GC(3094) Pause Young (Allocation Failure) 9M->5M(15M) 0.810ms
[92.265s][info][gc] GC(3095) Pause Young (Allocation Failure) 9M->5M(15M) 0.642ms
[92.271s][info][gc] GC(3096) Pause Young (Allocation Failure) 9M->5M(15M) 0.616ms
[92.276s][info][gc] GC(3097) Pause Young (Allocation Failure) 9M->5M(15M) 0.566ms
[92.282s][info][gc] GC(3098) Pause Young (Allocation Failure) 9M->5M(15M) 0.861ms
[92.288s][info][gc] GC(3099) Pause Young (Allocation Failure) 9M->5M(15M) 0.629ms
[92.293s][info][gc] GC(3100) Pause Young (Allocation Failure) 9M->5M(15M) 0.588ms
[92.298s][info][gc] GC(3101) Pause Young (Allocation Failure) 9M->5M(15M) 0.578ms
[92.303s][info][gc] GC(3102) Pause Young (Allocation Failure) 9M->5M(15M) 0.412ms
[92.309s][info][gc] GC(3103) Pause Young (Allocation Failure) 9M->5M(15M) 0.418ms
[92.314s][info][gc] GC(3104) Pause Young (Allocation Failure) 9M->5M(15M) 0.448ms
[92.319s][info][gc] GC(3105) Pause Young (Allocation Failure) 9M->5M(15M) 0.428ms
[92.324s][info][gc] GC(3106) Pause Young (Allocation Failure) 9M->5M(15M) 0.482ms
[92.329s][info][gc] GC(3107) Pause Young (Allocation Failure) 9M->5M(15M) 0.483ms
[92.335s][info][gc] GC(3108) Pause Young (Allocation Failure) 9M->5M(15M) 0.505ms
[92.340s][info][gc] GC(3109) Pause Young (Allocation Failure) 9M->5M(15M) 0.524ms
[92.345s][info][gc] GC(3110) Pause Young (Allocation Failure) 9M->5M(15M) 0.546ms
[92.352s][info][gc] GC(3111) Pause Young (Allocation Failure) 9M->5M(15M) 0.610ms
[92.356s][info][gc] GC(3112) Pause Young (Allocation Failure) 9M->5M(15M) 0.598ms
[92.362s][info][gc] GC(3113) Pause Young (Allocation Failure) 9M->5M(15M) 0.819ms
[92.368s][info][gc] GC(3114) Pause Young (Allocation Failure) 9M->5M(15M) 0.716ms
[92.374s][info][gc] GC(3115) Pause Young (Allocation Failure) 9M->5M(15M) 0.647ms
[92.379s][info][gc] GC(3116) Pause Young (Allocation Failure) 9M->5M(15M) 0.504ms
[92.384s][info][gc] GC(3117) Pause Young (Allocation Failure) 9M->5M(15M) 0.555ms
[92.389s][info][gc] GC(3118) Pause Young (Allocation Failure) 9M->5M(15M) 0.578ms
[92.394s][info][gc] GC(3119) Pause Young (Allocation Failure) 9M->5M(15M) 0.468ms
[92.399s][info][gc] GC(3120) Pause Young (Allocation Failure) 9M->5M(15M) 0.660ms
[92.406s][info][gc] GC(3121) Pause Young (Allocation Failure) 9M->5M(15M) 0.491ms
[92.412s][info][gc] GC(3122) Pause Young (Allocation Failure) 9M->5M(15M) 0.478ms
[92.416s][info][gc] GC(3123) Pause Young (Allocation Failure) 9M->5M(15M) 0.484ms
[92.421s][info][gc] GC(3124) Pause Young (Allocation Failure) 9M->5M(15M) 0.487ms
[92.426s][info][gc] GC(3125) Pause Young (Allocation Failure) 9M->5M(15M) 0.525ms
[92.431s][info][gc] GC(3126) Pause Young (Allocation Failure) 9M->5M(15M) 0.461ms
[92.437s][info][gc] GC(3127) Pause Young (Allocation Failure) 9M->5M(15M) 0.690ms
[92.442s][info][gc] GC(3128) Pause Young (Allocation Failure) 9M->5M(15M) 0.699ms
[92.448s][info][gc] GC(3129) Pause Young (Allocation Failure) 9M->5M(15M) 1.450ms
[92.453s][info][gc] GC(3130) Pause Young (Allocation Failure) 9M->5M(15M) 0.550ms
[92.459s][info][gc] GC(3131) Pause Young (Allocation Failure) 9M->5M(15M) 0.578ms
[92.464s][info][gc] GC(3132) Pause Young (Allocation Failure) 9M->5M(15M) 0.825ms
[92.469s][info][gc] GC(3133) Pause Young (Allocation Failure) 9M->5M(15M) 0.563ms
[92.474s][info][gc] GC(3134) Pause Young (Allocation Failure) 9M->5M(15M) 0.591ms
[92.479s][info][gc] GC(3135) Pause Young (Allocation Failure) 9M->5M(15M) 0.545ms
[92.485s][info][gc] GC(3136) Pause Young (Allocation Failure) 9M->5M(15M) 0.573ms
[92.490s][info][gc] GC(3137) Pause Young (Allocation Failure) 9M->5M(15M) 0.562ms
[92.495s][info][gc] GC(3138) Pause Young (Allocation Failure) 9M->5M(15M) 0.423ms
[92.500s][info][gc] GC(3139) Pause Young (Allocation Failure) 9M->5M(15M) 0.434ms
[92.505s][info][gc] GC(3140) Pause Young (Allocation Failure) 9M->5M(15M) 0.425ms
[92.510s][info][gc] GC(3141) Pause Young (Allocation Failure) 9M->5M(15M) 0.512ms
[92.516s][info][gc] GC(3142) Pause Young (Allocation Failure) 9M->5M(15M) 0.471ms
[92.521s][info][gc] GC(3143) Pause Young (Allocation Failure) 9M->5M(15M) 0.486ms
[92.526s][info][gc] GC(3144) Pause Young (Allocation Failure) 9M->5M(15M) 0.424ms
[92.532s][info][gc] GC(3145) Pause Young (Allocation Failure) 9M->5M(15M) 0.487ms
[92.537s][info][gc] GC(3146) Pause Young (Allocation Failure) 9M->5M(15M) 0.498ms
[92.545s][info][gc] GC(3147) Pause Young (Allocation Failure) 9M->5M(15M) 0.616ms
[92.550s][info][gc] GC(3148) Pause Young (Allocation Failure) 9M->5M(15M) 0.563ms
[92.555s][info][gc] GC(3149) Pause Young (Allocation Failure) 9M->5M(15M) 0.556ms
[92.560s][info][gc] GC(3150) Pause Young (Allocation Failure) 9M->5M(15M) 0.706ms
[92.566s][info][gc] GC(3151) Pause Young (Allocation Failure) 9M->5M(15M) 0.614ms
[92.572s][info][gc] GC(3152) Pause Young (Allocation Failure) 9M->5M(15M) 0.769ms
[92.577s][info][gc] GC(3153) Pause Young (Allocation Failure) 9M->5M(15M) 0.561ms
[92.583s][info][gc] GC(3154) Pause Young (Allocation Failure) 9M->5M(15M) 0.536ms
[92.588s][info][gc] GC(3155) Pause Young (Allocation Failure) 9M->5M(15M) 0.519ms
[92.593s][info][gc] GC(3156) Pause Young (Allocation Failure) 9M->5M(15M) 0.533ms
[92.598s][info][gc] GC(3157) Pause Young (Allocation Failure) 9M->5M(15M) 0.592ms
[92.604s][info][gc] GC(3158) Pause Young (Allocation Failure) 9M->5M(15M) 0.632ms
[92.608s][info][gc] GC(3159) Pause Young (Allocation Failure) 9M->5M(15M) 0.429ms
[92.613s][info][gc] GC(3160) Pause Young (Allocation Failure) 9M->5M(15M) 0.408ms
[92.619s][info][gc] GC(3161) Pause Young (Allocation Failure) 9M->5M(15M) 0.437ms
[92.624s][info][gc] GC(3162) Pause Young (Allocation Failure) 9M->5M(15M) 0.446ms
[92.629s][info][gc] GC(3163) Pause Young (Allocation Failure) 9M->5M(15M) 0.420ms
[92.634s][info][gc] GC(3164) Pause Young (Allocation Failure) 9M->5M(15M) 0.526ms
[92.639s][info][gc] GC(3165) Pause Young (Allocation Failure) 9M->5M(15M) 0.630ms
[92.644s][info][gc] GC(3166) Pause Young (Allocation Failure) 9M->5M(15M) 0.472ms
[92.649s][info][gc] GC(3167) Pause Young (Allocation Failure) 9M->5M(15M) 0.587ms
[92.654s][info][gc] GC(3168) Pause Young (Allocation Failure) 9M->5M(15M) 0.479ms
[92.659s][info][gc] GC(3169) Pause Young (Allocation Failure) 9M->5M(15M) 0.512ms
[92.664s][info][gc] GC(3170) Pause Young (Allocation Failure) 9M->5M(15M) 0.607ms
[92.670s][info][gc] GC(3171) Pause Young (Allocation Failure) 9M->5M(15M) 0.606ms
[92.675s][info][gc] GC(3172) Pause Young (Allocation Failure) 9M->5M(15M) 0.569ms
[92.680s][info][gc] GC(3173) Pause Young (Allocation Failure) 9M->5M(15M) 0.578ms
[92.686s][info][gc] GC(3174) Pause Young (Allocation Failure) 9M->5M(15M) 0.671ms
[92.691s][info][gc] GC(3175) Pause Young (Allocation Failure) 9M->5M(15M) 0.554ms
[92.696s][info][gc] GC(3176) Pause Young (Allocation Failure) 9M->5M(15M) 0.616ms
[92.702s][info][gc] GC(3177) Pause Young (Allocation Failure) 9M->5M(15M) 0.629ms
[92.706s][info][gc] GC(3178) Pause Young (Allocation Failure) 9M->5M(15M) 0.608ms
[92.712s][info][gc] GC(3179) Pause Young (Allocation Failure) 9M->5M(15M) 0.589ms
[92.717s][info][gc] GC(3180) Pause Young (Allocation Failure) 9M->5M(15M) 0.591ms
[92.722s][info][gc] GC(3181) Pause Young (Allocation Failure) 9M->5M(15M) 0.667ms
[92.727s][info][gc] GC(3182) Pause Young (Allocation Failure) 9M->5M(15M) 0.412ms
[92.733s][info][gc] GC(3183) Pause Young (Allocation Failure) 9M->5M(15M) 0.492ms
[92.739s][info][gc] GC(3184) Pause Young (Allocation Failure) 9M->5M(15M) 0.425ms
[92.746s][info][gc] GC(3185) Pause Young (Allocation Failure) 9M->5M(15M) 0.449ms
[92.751s][info][gc] GC(3186) Pause Young (Allocation Failure) 9M->5M(15M) 0.718ms
[92.758s][info][gc] GC(3187) Pause Young (Allocation Failure) 9M->5M(15M) 0.736ms
[92.766s][info][gc] GC(3188) Pause Young (Allocation Failure) 9M->5M(15M) 0.659ms
[92.772s][info][gc] GC(3189) Pause Young (Allocation Failure) 9M->5M(15M) 0.468ms
[92.777s][info][gc] GC(3190) Pause Young (Allocation Failure) 9M->5M(15M) 0.482ms
[92.782s][info][gc] GC(3191) Pause Young (Allocation Failure) 9M->5M(15M) 0.531ms
[92.787s][info][gc] GC(3192) Pause Young (Allocation Failure) 9M->5M(15M) 0.454ms
[92.792s][info][gc] GC(3193) Pause Young (Allocation Failure) 9M->5M(15M) 0.513ms
[92.797s][info][gc] GC(3194) Pause Young (Allocation Failure) 9M->5M(15M) 0.537ms
[92.802s][info][gc] GC(3195) Pause Young (Allocation Failure) 9M->5M(15M) 0.524ms
[92.808s][info][gc] GC(3196) Pause Young (Allocation Failure) 9M->5M(15M) 0.534ms
[92.813s][info][gc] GC(3197) Pause Young (Allocation Failure) 9M->5M(15M) 0.536ms
[92.818s][info][gc] GC(3198) Pause Young (Allocation Failure) 9M->5M(15M) 0.545ms
[92.823s][info][gc] GC(3199) Pause Young (Allocation Failure) 9M->5M(15M) 0.529ms
[92.828s][info][gc] GC(3200) Pause Young (Allocation Failure) 9M->5M(15M) 0.577ms
[92.833s][info][gc] GC(3201) Pause Young (Allocation Failure) 9M->5M(15M) 0.533ms
[92.838s][info][gc] GC(3202) Pause Young (Allocation Failure) 9M->5M(15M) 0.617ms
[92.845s][info][gc] GC(3203) Pause Young (Allocation Failure) 9M->5M(15M) 0.634ms
[92.849s][info][gc] GC(3204) Pause Young (Allocation Failure) 9M->5M(15M) 0.598ms
[92.855s][info][gc] GC(3205) Pause Young (Allocation Failure) 9M->5M(15M) 0.655ms
[92.860s][info][gc] GC(3206) Pause Young (Allocation Failure) 9M->5M(15M) 0.592ms
[92.865s][info][gc] GC(3207) Pause Young (Allocation Failure) 9M->5M(15M) 0.642ms
[92.871s][info][gc] GC(3208) Pause Young (Allocation Failure) 9M->5M(15M) 0.670ms
[92.876s][info][gc] GC(3209) Pause Young (Allocation Failure) 9M->5M(15M) 0.637ms
[92.881s][info][gc] GC(3210) Pause Young (Allocation Failure) 9M->5M(15M) 0.440ms
[92.886s][info][gc] GC(3211) Pause Young (Allocation Failure) 9M->5M(15M) 0.454ms
[92.892s][info][gc] GC(3212) Pause Young (Allocation Failure) 9M->5M(15M) 0.474ms
[92.896s][info][gc] GC(3213) Pause Young (Allocation Failure) 9M->5M(15M) 0.464ms
[92.901s][info][gc] GC(3214) Pause Young (Allocation Failure) 9M->5M(15M) 0.465ms
[92.907s][info][gc] GC(3215) Pause Young (Allocation Failure) 9M->5M(15M) 0.473ms
[92.912s][info][gc] GC(3216) Pause Young (Allocation Failure) 9M->5M(15M) 0.540ms
[92.917s][info][gc] GC(3217) Pause Young (Allocation Failure) 9M->5M(15M) 0.540ms
[92.922s][info][gc] GC(3218) Pause Young (Allocation Failure) 9M->5M(15M) 0.510ms
[92.927s][info][gc] GC(3219) Pause Young (Allocation Failure) 9M->5M(15M) 0.501ms
[92.932s][info][gc] GC(3220) Pause Young (Allocation Failure) 9M->5M(15M) 0.507ms
[92.937s][info][gc] GC(3221) Pause Young (Allocation Failure) 9M->5M(15M) 0.578ms
[92.942s][info][gc] GC(3222) Pause Young (Allocation Failure) 9M->5M(15M) 0.596ms
[92.948s][info][gc] GC(3223) Pause Young (Allocation Failure) 9M->5M(15M) 0.531ms
[92.953s][info][gc] GC(3224) Pause Young (Allocation Failure) 9M->5M(15M) 0.577ms
[92.958s][info][gc] GC(3225) Pause Young (Allocation Failure) 9M->5M(15M) 0.618ms
[92.963s][info][gc] GC(3226) Pause Young (Allocation Failure) 9M->5M(15M) 0.611ms
[92.969s][info][gc] GC(3227) Pause Young (Allocation Failure) 9M->5M(15M) 0.607ms
[92.974s][info][gc] GC(3228) Pause Young (Allocation Failure) 9M->5M(15M) 0.580ms
[92.979s][info][gc] GC(3229) Pause Young (Allocation Failure) 9M->5M(15M) 0.612ms
[92.985s][info][gc] GC(3230) Pause Young (Allocation Failure) 9M->5M(15M) 0.834ms
[92.991s][info][gc] GC(3231) Pause Young (Allocation Failure) 9M->5M(15M) 0.638ms
[92.995s][info][gc] GC(3232) Pause Young (Allocation Failure) 9M->5M(15M) 0.407ms
[93.000s][info][gc] GC(3233) Pause Young (Allocation Failure) 9M->5M(15M) 0.501ms
[93.005s][info][gc] GC(3234) Pause Young (Allocation Failure) 9M->5M(15M) 0.442ms
[93.010s][info][gc] GC(3235) Pause Young (Allocation Failure) 9M->5M(15M) 0.481ms
[93.015s][info][gc] GC(3236) Pause Young (Allocation Failure) 9M->5M(15M) 0.523ms
[93.020s][info][gc] GC(3237) Pause Young (Allocation Failure) 9M->5M(15M) 0.504ms
[93.025s][info][gc] GC(3238) Pause Young (Allocation Failure) 9M->5M(15M) 0.496ms
[93.030s][info][gc] GC(3239) Pause Young (Allocation Failure) 9M->5M(15M) 0.546ms
[93.035s][info][gc] GC(3240) Pause Young (Allocation Failure) 9M->5M(15M) 0.541ms
[93.040s][info][gc] GC(3241) Pause Young (Allocation Failure) 9M->5M(15M) 0.525ms
[93.045s][info][gc] GC(3242) Pause Young (Allocation Failure) 9M->5M(15M) 0.538ms
[93.050s][info][gc] GC(3243) Pause Young (Allocation Failure) 9M->5M(15M) 0.562ms
[93.055s][info][gc] GC(3244) Pause Young (Allocation Failure) 9M->5M(15M) 0.547ms
[93.061s][info][gc] GC(3245) Pause Young (Allocation Failure) 9M->5M(15M) 0.568ms
[93.066s][info][gc] GC(3246) Pause Young (Allocation Failure) 9M->5M(15M) 0.569ms
[93.071s][info][gc] GC(3247) Pause Young (Allocation Failure) 9M->5M(15M) 0.533ms
[93.076s][info][gc] GC(3248) Pause Young (Allocation Failure) 9M->5M(15M) 0.547ms
[93.083s][info][gc] GC(3249) Pause Young (Allocation Failure) 9M->5M(15M) 0.623ms
[93.089s][info][gc] GC(3250) Pause Young (Allocation Failure) 9M->5M(15M) 0.641ms
[93.094s][info][gc] GC(3251) Pause Young (Allocation Failure) 9M->5M(15M) 0.672ms
[93.099s][info][gc] GC(3252) Pause Young (Allocation Failure) 9M->5M(15M) 0.601ms
[93.104s][info][gc] GC(3253) Pause Young (Allocation Failure) 9M->5M(15M) 0.407ms
[93.109s][info][gc] GC(3254) Pause Young (Allocation Failure) 9M->5M(15M) 0.445ms
[93.115s][info][gc] GC(3255) Pause Young (Allocation Failure) 9M->5M(15M) 0.459ms
[93.120s][info][gc] GC(3256) Pause Young (Allocation Failure) 9M->5M(15M) 0.461ms
[93.125s][info][gc] GC(3257) Pause Young (Allocation Failure) 9M->5M(15M) 0.449ms
[93.130s][info][gc] GC(3258) Pause Young (Allocation Failure) 9M->5M(15M) 0.491ms
[93.137s][info][gc] GC(3259) Pause Young (Allocation Failure) 9M->5M(15M) 0.632ms
[93.142s][info][gc] GC(3260) Pause Young (Allocation Failure) 9M->5M(15M) 0.529ms
[93.148s][info][gc] GC(3261) Pause Young (Allocation Failure) 9M->5M(15M) 0.528ms
[93.153s][info][gc] GC(3262) Pause Young (Allocation Failure) 9M->5M(15M) 0.484ms
[93.158s][info][gc] GC(3263) Pause Young (Allocation Failure) 9M->5M(15M) 0.479ms
[93.164s][info][gc] GC(3264) Pause Young (Allocation Failure) 9M->5M(15M) 0.542ms
[93.172s][info][gc] GC(3265) Pause Young (Allocation Failure) 9M->5M(15M) 0.587ms
[93.177s][info][gc] GC(3266) Pause Young (Allocation Failure) 9M->5M(15M) 0.608ms
[93.182s][info][gc] GC(3267) Pause Young (Allocation Failure) 9M->5M(15M) 0.618ms
[93.187s][info][gc] GC(3268) Pause Young (Allocation Failure) 9M->5M(15M) 0.658ms
[93.192s][info][gc] GC(3269) Pause Young (Allocation Failure) 10M->5M(15M) 0.538ms
[93.197s][info][gc] GC(3270) Pause Young (Allocation Failure) 9M->5M(15M) 0.507ms
[93.202s][info][gc] GC(3271) Pause Young (Allocation Failure) 9M->5M(15M) 0.491ms
[93.208s][info][gc] GC(3272) Pause Young (Allocation Failure) 9M->5M(15M) 0.771ms
[93.214s][info][gc] GC(3273) Pause Young (Allocation Failure) 9M->5M(15M) 0.620ms
[93.221s][info][gc] GC(3274) Pause Young (Allocation Failure) 9M->5M(15M) 0.647ms
[93.226s][info][gc] GC(3275) Pause Young (Allocation Failure) 10M->5M(15M) 0.448ms
[93.232s][info][gc] GC(3276) Pause Young (Allocation Failure) 9M->5M(15M) 0.619ms
[93.238s][info][gc] GC(3277) Pause Young (Allocation Failure) 9M->5M(15M) 0.515ms
[93.243s][info][gc] GC(3278) Pause Young (Allocation Failure) 9M->5M(15M) 0.509ms
[93.248s][info][gc] GC(3279) Pause Young (Allocation Failure) 9M->5M(15M) 0.450ms
[93.253s][info][gc] GC(3280) Pause Young (Allocation Failure) 9M->5M(15M) 0.425ms
[93.259s][info][gc] GC(3281) Pause Young (Allocation Failure) 9M->5M(15M) 0.514ms
[93.263s][info][gc] GC(3282) Pause Young (Allocation Failure) 9M->5M(15M) 0.513ms
[93.268s][info][gc] GC(3283) Pause Young (Allocation Failure) 9M->5M(15M) 0.500ms
[93.273s][info][gc] GC(3284) Pause Young (Allocation Failure) 9M->5M(15M) 0.545ms
[93.278s][info][gc] GC(3285) Pause Young (Allocation Failure) 9M->5M(15M) 0.529ms
[93.283s][info][gc] GC(3286) Pause Young (Allocation Failure) 9M->5M(15M) 0.526ms
[93.289s][info][gc] GC(3287) Pause Young (Allocation Failure) 9M->5M(15M) 0.508ms
[93.294s][info][gc] GC(3288) Pause Young (Allocation Failure) 9M->5M(15M) 0.499ms
[93.299s][info][gc] GC(3289) Pause Young (Allocation Failure) 9M->5M(15M) 0.564ms
[93.304s][info][gc] GC(3290) Pause Young (Allocation Failure) 9M->5M(15M) 0.644ms
[93.309s][info][gc] GC(3291) Pause Young (Allocation Failure) 9M->5M(15M) 0.573ms
[93.314s][info][gc] GC(3292) Pause Young (Allocation Failure) 9M->5M(15M) 0.637ms
[93.319s][info][gc] GC(3293) Pause Young (Allocation Failure) 10M->5M(15M) 0.687ms
[93.324s][info][gc] GC(3294) Pause Young (Allocation Failure) 10M->5M(15M) 0.620ms
[93.330s][info][gc] GC(3295) Pause Young (Allocation Failure) 10M->5M(15M) 0.597ms
[93.336s][info][gc] GC(3296) Pause Young (Allocation Failure) 9M->5M(15M) 0.946ms
[93.341s][info][gc] GC(3297) Pause Young (Allocation Failure) 9M->5M(15M) 0.607ms
[93.346s][info][gc] GC(3298) Pause Young (Allocation Failure) 10M->5M(15M) 0.598ms
[93.351s][info][gc] GC(3299) Pause Young (Allocation Failure) 10M->5M(15M) 0.480ms
[93.356s][info][gc] GC(3300) Pause Young (Allocation Failure) 9M->5M(15M) 0.443ms
[93.361s][info][gc] GC(3301) Pause Young (Allocation Failure) 9M->5M(15M) 0.441ms
[93.366s][info][gc] GC(3302) Pause Young (Allocation Failure) 9M->5M(15M) 0.489ms
[93.371s][info][gc] GC(3303) Pause Young (Allocation Failure) 9M->5M(15M) 0.493ms
[93.376s][info][gc] GC(3304) Pause Young (Allocation Failure) 9M->5M(15M) 0.486ms
[93.382s][info][gc] GC(3305) Pause Young (Allocation Failure) 9M->5M(15M) 0.525ms
[93.387s][info][gc] GC(3306) Pause Young (Allocation Failure) 9M->5M(15M) 0.492ms
[93.392s][info][gc] GC(3307) Pause Young (Allocation Failure) 9M->5M(15M) 0.525ms
[93.398s][info][gc] GC(3308) Pause Young (Allocation Failure) 9M->5M(15M) 0.604ms
[93.403s][info][gc] GC(3309) Pause Young (Allocation Failure) 9M->5M(15M) 0.558ms
[93.408s][info][gc] GC(3310) Pause Young (Allocation Failure) 9M->5M(15M) 0.614ms
[93.413s][info][gc] GC(3311) Pause Young (Allocation Failure) 9M->5M(15M) 0.553ms
[93.419s][info][gc] GC(3312) Pause Young (Allocation Failure) 10M->5M(15M) 0.630ms
[102.773s][info][gc] GC(3313) Pause Young (Allocation Failure) 10M->5M(15M) 1.278ms
[139.777s][info][gc] GC(3314) Pause Young (Allocation Failure) 10M->5M(15M) 0.862ms
[157.515s][info][gc] GC(3315) Pause Young (Allocation Failure) 10M->5M(15M) 0.838ms
[157.525s][info][gc] GC(3316) Pause Young (Allocation Failure) 9M->5M(15M) 0.548ms
[157.536s][info][gc] GC(3317) Pause Young (Allocation Failure) 9M->5M(15M) 0.789ms
[157.542s][info][gc] GC(3318) Pause Young (Allocation Failure) 9M->5M(15M) 0.851ms
[157.550s][info][gc] GC(3319) Pause Young (Allocation Failure) 9M->5M(15M) 0.771ms
[157.556s][info][gc] GC(3320) Pause Young (Allocation Failure) 9M->5M(15M) 0.582ms
[157.564s][info][gc] GC(3321) Pause Young (Allocation Failure) 9M->5M(15M) 0.594ms
[157.570s][info][gc] GC(3322) Pause Young (Allocation Failure) 10M->5M(15M) 0.691ms
[157.578s][info][gc] GC(3323) Pause Young (Allocation Failure) 10M->5M(15M) 0.616ms
[157.585s][info][gc] GC(3324) Pause Young (Allocation Failure) 10M->5M(15M) 1.136ms
[157.591s][info][gc] GC(3325) Pause Young (Allocation Failure) 10M->5M(15M) 0.654ms
[157.597s][info][gc] GC(3326) Pause Young (Allocation Failure) 10M->5M(15M) 0.753ms
[157.605s][info][gc] GC(3327) Pause Young (Allocation Failure) 10M->5M(15M) 0.953ms
[157.613s][info][gc] GC(3328) Pause Young (Allocation Failure) 10M->5M(15M) 0.979ms
[157.619s][info][gc] GC(3329) Pause Young (Allocation Failure) 10M->5M(15M) 0.717ms
[157.626s][info][gc] GC(3330) Pause Young (Allocation Failure) 10M->5M(15M) 1.112ms
[157.631s][info][gc] GC(3331) Pause Young (Allocation Failure) 10M->5M(15M) 0.473ms
[157.638s][info][gc] GC(3332) Pause Young (Allocation Failure) 9M->5M(15M) 0.741ms
[157.645s][info][gc] GC(3333) Pause Young (Allocation Failure) 9M->5M(15M) 0.529ms
[157.650s][info][gc] GC(3334) Pause Young (Allocation Failure) 9M->5M(15M) 0.526ms
[157.657s][info][gc] GC(3335) Pause Young (Allocation Failure) 9M->5M(15M) 0.481ms
[157.662s][info][gc] GC(3336) Pause Young (Allocation Failure) 9M->5M(15M) 0.504ms
[157.669s][info][gc] GC(3337) Pause Young (Allocation Failure) 9M->5M(15M) 0.712ms
[157.674s][info][gc] GC(3338) Pause Young (Allocation Failure) 9M->5M(15M) 0.499ms
[157.683s][info][gc] GC(3339) Pause Young (Allocation Failure) 9M->5M(15M) 0.775ms
[157.690s][info][gc] GC(3340) Pause Young (Allocation Failure) 10M->5M(15M) 0.552ms
[157.698s][info][gc] GC(3341) Pause Young (Allocation Failure) 10M->5M(15M) 0.542ms
[157.704s][info][gc] GC(3342) Pause Young (Allocation Failure) 10M->5M(15M) 0.593ms
[157.711s][info][gc] GC(3343) Pause Young (Allocation Failure) 10M->5M(15M) 0.612ms
[157.717s][info][gc] GC(3344) Pause Young (Allocation Failure) 10M->5M(15M) 0.972ms
[157.728s][info][gc] GC(3345) Pause Young (Allocation Failure) 10M->5M(15M) 0.626ms
[157.735s][info][gc] GC(3346) Pause Young (Allocation Failure) 10M->5M(15M) 0.648ms
[157.740s][info][gc] GC(3347) Pause Young (Allocation Failure) 10M->5M(15M) 0.607ms
[157.746s][info][gc] GC(3348) Pause Young (Allocation Failure) 10M->5M(15M) 0.970ms
[157.751s][info][gc] GC(3349) Pause Young (Allocation Failure) 10M->5M(15M) 0.694ms
[157.757s][info][gc] GC(3350) Pause Young (Allocation Failure) 10M->5M(15M) 0.416ms
[157.763s][info][gc] GC(3351) Pause Young (Allocation Failure) 9M->5M(15M) 0.429ms
[157.768s][info][gc] GC(3352) Pause Young (Allocation Failure) 9M->5M(15M) 0.434ms
[157.775s][info][gc] GC(3353) Pause Young (Allocation Failure) 9M->5M(15M) 0.490ms
[157.780s][info][gc] GC(3354) Pause Young (Allocation Failure) 9M->5M(15M) 0.461ms
[157.787s][info][gc] GC(3355) Pause Young (Allocation Failure) 9M->5M(15M) 0.583ms
[157.792s][info][gc] GC(3356) Pause Young (Allocation Failure) 9M->5M(15M) 0.758ms
[157.797s][info][gc] GC(3357) Pause Young (Allocation Failure) 9M->5M(15M) 0.495ms
[157.804s][info][gc] GC(3358) Pause Young (Allocation Failure) 9M->5M(15M) 0.664ms
[157.816s][info][gc] GC(3359) Pause Young (Allocation Failure) 10M->5M(15M) 0.706ms
[157.844s][info][gc] GC(3360) Pause Young (Allocation Failure) 9M->5M(15M) 0.752ms
[157.854s][info][gc] GC(3361) Pause Young (Allocation Failure) 10M->5M(15M) 0.857ms
[157.861s][info][gc] GC(3362) Pause Young (Allocation Failure) 10M->5M(15M) 0.562ms
[157.870s][info][gc] GC(3363) Pause Young (Allocation Failure) 10M->5M(15M) 0.639ms
[157.876s][info][gc] GC(3364) Pause Young (Allocation Failure) 10M->5M(15M) 0.746ms
[157.884s][info][gc] GC(3365) Pause Young (Allocation Failure) 10M->5M(15M) 0.604ms
[157.890s][info][gc] GC(3366) Pause Young (Allocation Failure) 10M->5M(15M) 0.993ms
[157.899s][info][gc] GC(3367) Pause Young (Allocation Failure) 10M->5M(15M) 0.616ms
[157.905s][info][gc] GC(3368) Pause Young (Allocation Failure) 10M->5M(15M) 0.912ms
[157.913s][info][gc] GC(3369) Pause Young (Allocation Failure) 10M->5M(15M) 0.589ms
[157.919s][info][gc] GC(3370) Pause Young (Allocation Failure) 10M->5M(15M) 1.358ms
[157.925s][info][gc] GC(3371) Pause Young (Allocation Failure) 10M->5M(15M) 0.660ms
[157.931s][info][gc] GC(3372) Pause Young (Allocation Failure) 10M->5M(15M) 0.969ms
[157.957s][info][gc] GC(3373) Pause Young (Allocation Failure) 10M->5M(15M) 1.617ms
[157.970s][info][gc] GC(3374) Pause Young (Allocation Failure) 10M->5M(15M) 0.914ms
[157.978s][info][gc] GC(3375) Pause Young (Allocation Failure) 10M->5M(15M) 0.602ms
[157.985s][info][gc] GC(3376) Pause Young (Allocation Failure) 10M->5M(15M) 0.675ms
[157.991s][info][gc] GC(3377) Pause Young (Allocation Failure) 9M->5M(15M) 0.450ms
[157.996s][info][gc] GC(3378) Pause Young (Allocation Failure) 9M->5M(15M) 0.486ms
[158.003s][info][gc] GC(3379) Pause Young (Allocation Failure) 9M->5M(15M) 0.491ms
[158.008s][info][gc] GC(3380) Pause Young (Allocation Failure) 9M->5M(15M) 0.463ms
[158.015s][info][gc] GC(3381) Pause Young (Allocation Failure) 9M->5M(15M) 0.495ms
[158.020s][info][gc] GC(3382) Pause Young (Allocation Failure) 10M->5M(15M) 0.503ms
[158.026s][info][gc] GC(3383) Pause Young (Allocation Failure) 10M->5M(15M) 0.773ms
[158.031s][info][gc] GC(3384) Pause Young (Allocation Failure) 10M->5M(15M) 0.545ms
[158.037s][info][gc] GC(3385) Pause Young (Allocation Failure) 10M->5M(15M) 0.548ms
[158.043s][info][gc] GC(3386) Pause Young (Allocation Failure) 10M->5M(15M) 0.549ms
[158.049s][info][gc] GC(3387) Pause Young (Allocation Failure) 10M->5M(15M) 0.614ms
[158.055s][info][gc] GC(3388) Pause Young (Allocation Failure) 10M->5M(15M) 0.595ms
[158.061s][info][gc] GC(3389) Pause Young (Allocation Failure) 10M->5M(15M) 0.604ms
[158.067s][info][gc] GC(3390) Pause Young (Allocation Failure) 10M->5M(15M) 0.754ms
[158.073s][info][gc] GC(3391) Pause Young (Allocation Failure) 10M->5M(15M) 0.584ms
[158.079s][info][gc] GC(3392) Pause Young (Allocation Failure) 10M->5M(15M) 0.678ms
[158.085s][info][gc] GC(3393) Pause Young (Allocation Failure) 10M->5M(15M) 0.645ms
[158.091s][info][gc] GC(3394) Pause Young (Allocation Failure) 10M->5M(15M) 0.707ms
[158.100s][info][gc] GC(3395) Pause Young (Allocation Failure) 10M->5M(15M) 0.765ms
[158.107s][info][gc] GC(3396) Pause Young (Allocation Failure) 10M->5M(15M) 0.710ms
[158.112s][info][gc] GC(3397) Pause Young (Allocation Failure) 9M->5M(15M) 0.589ms
[158.118s][info][gc] GC(3398) Pause Young (Allocation Failure) 9M->5M(15M) 0.484ms
[158.126s][info][gc] GC(3399) Pause Young (Allocation Failure) 9M->5M(15M) 0.703ms
[158.137s][info][gc] GC(3400) Pause Young (Allocation Failure) 9M->5M(15M) 0.786ms
[158.154s][info][gc] GC(3401) Pause Young (Allocation Failure) 10M->5M(15M) 0.750ms
[158.167s][info][gc] GC(3402) Pause Young (Allocation Failure) 10M->5M(15M) 0.676ms
[158.177s][info][gc] GC(3403) Pause Young (Allocation Failure) 10M->5M(15M) 0.520ms
[158.188s][info][gc] GC(3404) Pause Young (Allocation Failure) 10M->5M(15M) 0.884ms
[158.195s][info][gc] GC(3405) Pause Young (Allocation Failure) 10M->5M(15M) 0.811ms
[158.204s][info][gc] GC(3406) Pause Young (Allocation Failure) 10M->5M(15M) 0.866ms
[158.212s][info][gc] GC(3407) Pause Young (Allocation Failure) 10M->5M(15M) 1.253ms
[158.220s][info][gc] GC(3408) Pause Young (Allocation Failure) 10M->5M(15M) 0.550ms
[158.229s][info][gc] GC(3409) Pause Young (Allocation Failure) 10M->5M(15M) 0.814ms
[158.241s][info][gc] GC(3410) Pause Young (Allocation Failure) 10M->5M(15M) 0.880ms
[158.249s][info][gc] GC(3411) Pause Young (Allocation Failure) 10M->5M(15M) 0.563ms
[158.258s][info][gc] GC(3412) Pause Young (Allocation Failure) 10M->5M(15M) 0.565ms
[158.266s][info][gc] GC(3413) Pause Young (Allocation Failure) 10M->5M(15M) 1.010ms
[158.274s][info][gc] GC(3414) Pause Young (Allocation Failure) 10M->5M(15M) 0.588ms
[158.283s][info][gc] GC(3415) Pause Young (Allocation Failure) 10M->5M(15M) 0.952ms
[158.290s][info][gc] GC(3416) Pause Young (Allocation Failure) 10M->5M(15M) 0.731ms
[158.298s][info][gc] GC(3417) Pause Young (Allocation Failure) 10M->5M(15M) 0.827ms
[158.307s][info][gc] GC(3418) Pause Young (Allocation Failure) 10M->5M(15M) 1.134ms
[158.312s][info][gc] GC(3419) Pause Young (Allocation Failure) 10M->5M(15M) 0.606ms
[158.326s][info][gc] GC(3420) Pause Young (Allocation Failure) 10M->5M(15M) 0.741ms
[158.337s][info][gc] GC(3421) Pause Young (Allocation Failure) 9M->5M(15M) 0.689ms
[158.347s][info][gc] GC(3422) Pause Young (Allocation Failure) 10M->5M(15M) 0.863ms
[158.361s][info][gc] GC(3423) Pause Young (Allocation Failure) 10M->5M(15M) 0.843ms
[158.370s][info][gc] GC(3424) Pause Young (Allocation Failure) 10M->5M(15M) 0.603ms
[158.379s][info][gc] GC(3425) Pause Young (Allocation Failure) 10M->5M(15M) 0.789ms
[158.392s][info][gc] GC(3426) Pause Young (Allocation Failure) 10M->5M(15M) 0.868ms
[158.403s][info][gc] GC(3427) Pause Young (Allocation Failure) 10M->5M(15M) 0.640ms
[158.412s][info][gc] GC(3428) Pause Young (Allocation Failure) 10M->5M(15M) 1.093ms
[158.421s][info][gc] GC(3429) Pause Young (Allocation Failure) 10M->5M(15M) 1.020ms
[158.432s][info][gc] GC(3430) Pause Young (Allocation Failure) 10M->5M(15M) 0.872ms
[158.443s][info][gc] GC(3431) Pause Young (Allocation Failure) 10M->5M(15M) 0.859ms
[158.473s][info][gc] GC(3432) Pause Young (Allocation Failure) 10M->5M(15M) 0.941ms
[158.489s][info][gc] GC(3433) Pause Young (Allocation Failure) 10M->5M(15M) 0.960ms
[158.500s][info][gc] GC(3434) Pause Young (Allocation Failure) 10M->5M(15M) 0.922ms
[158.511s][info][gc] GC(3435) Pause Young (Allocation Failure) 10M->5M(15M) 1.690ms
[158.520s][info][gc] GC(3436) Pause Young (Allocation Failure) 10M->5M(15M) 1.089ms
[158.529s][info][gc] GC(3437) Pause Young (Allocation Failure) 10M->5M(15M) 0.967ms
[158.538s][info][gc] GC(3438) Pause Young (Allocation Failure) 10M->5M(15M) 0.699ms
[158.549s][info][gc] GC(3439) Pause Young (Allocation Failure) 10M->5M(15M) 0.660ms
[158.557s][info][gc] GC(3440) Pause Young (Allocation Failure) 9M->5M(15M) 0.547ms
[158.567s][info][gc] GC(3441) Pause Young (Allocation Failure) 10M->5M(15M) 0.632ms
[158.581s][info][gc] GC(3442) Pause Young (Allocation Failure) 10M->5M(15M) 0.733ms
[158.592s][info][gc] GC(3443) Pause Young (Allocation Failure) 10M->5M(15M) 0.740ms
[158.602s][info][gc] GC(3444) Pause Young (Allocation Failure) 10M->5M(15M) 0.818ms
[158.612s][info][gc] GC(3445) Pause Young (Allocation Failure) 10M->5M(15M) 0.778ms
[158.620s][info][gc] GC(3446) Pause Young (Allocation Failure) 10M->5M(15M) 0.674ms
[158.628s][info][gc] GC(3447) Pause Young (Allocation Failure) 10M->5M(15M) 0.791ms
[158.635s][info][gc] GC(3448) Pause Young (Allocation Failure) 10M->5M(15M) 0.528ms
[158.642s][info][gc] GC(3449) Pause Young (Allocation Failure) 10M->5M(15M) 0.573ms
[158.647s][info][gc] GC(3450) Pause Young (Allocation Failure) 10M->5M(15M) 0.638ms
[158.652s][info][gc] GC(3451) Pause Young (Allocation Failure) 10M->5M(15M) 0.988ms
[158.659s][info][gc] GC(3452) Pause Young (Allocation Failure) 10M->5M(15M) 0.805ms
[158.666s][info][gc] GC(3453) Pause Young (Allocation Failure) 10M->5M(15M) 1.124ms
[158.672s][info][gc] GC(3454) Pause Young (Allocation Failure) 10M->5M(15M) 0.636ms
[158.677s][info][gc] GC(3455) Pause Young (Allocation Failure) 10M->5M(15M) 0.702ms
[158.685s][info][gc] GC(3456) Pause Young (Allocation Failure) 10M->5M(15M) 0.658ms
[158.691s][info][gc] GC(3457) Pause Young (Allocation Failure) 10M->5M(15M) 0.588ms
[158.699s][info][gc] GC(3458) Pause Young (Allocation Failure) 10M->5M(15M) 0.447ms
[158.704s][info][gc] GC(3459) Pause Young (Allocation Failure) 10M->5M(15M) 0.453ms
[158.710s][info][gc] GC(3460) Pause Young (Allocation Failure) 10M->5M(15M) 0.528ms
[158.717s][info][gc] GC(3461) Pause Young (Allocation Failure) 10M->5M(15M) 0.488ms
[158.724s][info][gc] GC(3462) Pause Young (Allocation Failure) 10M->5M(15M) 0.445ms
[158.729s][info][gc] GC(3463) Pause Young (Allocation Failure) 10M->5M(15M) 0.514ms
[158.737s][info][gc] GC(3464) Pause Young (Allocation Failure) 10M->5M(15M) 0.567ms
[158.747s][info][gc] GC(3465) Pause Young (Allocation Failure) 10M->5M(15M) 1.295ms
[158.753s][info][gc] GC(3466) Pause Young (Allocation Failure) 10M->5M(15M) 0.713ms
[158.760s][info][gc] GC(3467) Pause Young (Allocation Failure) 10M->5M(15M) 1.211ms
[158.766s][info][gc] GC(3468) Pause Young (Allocation Failure) 10M->5M(15M) 0.598ms
[158.771s][info][gc] GC(3469) Pause Young (Allocation Failure) 10M->5M(15M) 0.573ms
[158.779s][info][gc] GC(3470) Pause Young (Allocation Failure) 10M->5M(15M) 0.683ms
[158.785s][info][gc] GC(3471) Pause Young (Allocation Failure) 10M->5M(15M) 0.796ms
[158.794s][info][gc] GC(3472) Pause Young (Allocation Failure) 10M->5M(15M) 0.860ms
[158.804s][info][gc] GC(3473) Pause Young (Allocation Failure) 10M->5M(15M) 0.642ms
[158.812s][info][gc] GC(3474) Pause Young (Allocation Failure) 10M->5M(15M) 0.589ms
[158.819s][info][gc] GC(3475) Pause Young (Allocation Failure) 10M->5M(15M) 0.571ms
[158.826s][info][gc] GC(3476) Pause Young (Allocation Failure) 10M->5M(15M) 1.465ms
[158.835s][info][gc] GC(3477) Pause Young (Allocation Failure) 10M->5M(15M) 0.692ms
[158.848s][info][gc] GC(3478) Pause Young (Allocation Failure) 10M->5M(15M) 1.839ms
[158.860s][info][gc] GC(3479) Pause Young (Allocation Failure) 10M->5M(15M) 0.936ms
[158.871s][info][gc] GC(3480) Pause Young (Allocation Failure) 10M->5M(15M) 1.039ms
[158.880s][info][gc] GC(3481) Pause Young (Allocation Failure) 10M->5M(15M) 2.139ms
[158.889s][info][gc] GC(3482) Pause Young (Allocation Failure) 10M->5M(15M) 0.919ms
[158.902s][info][gc] GC(3483) Pause Young (Allocation Failure) 10M->5M(15M) 0.867ms
[158.910s][info][gc] GC(3484) Pause Young (Allocation Failure) 10M->5M(15M) 0.465ms
[158.918s][info][gc] GC(3485) Pause Young (Allocation Failure) 10M->5M(15M) 0.671ms
[158.928s][info][gc] GC(3486) Pause Young (Allocation Failure) 10M->5M(15M) 0.714ms
[158.939s][info][gc] GC(3487) Pause Young (Allocation Failure) 10M->5M(15M) 0.728ms
[158.950s][info][gc] GC(3488) Pause Young (Allocation Failure) 10M->5M(15M) 0.785ms
[158.958s][info][gc] GC(3489) Pause Young (Allocation Failure) 10M->5M(15M) 0.736ms
[158.967s][info][gc] GC(3490) Pause Young (Allocation Failure) 10M->5M(15M) 0.780ms
[158.980s][info][gc] GC(3491) Pause Young (Allocation Failure) 10M->5M(15M) 1.775ms
[158.991s][info][gc] GC(3492) Pause Young (Allocation Failure) 10M->5M(15M) 1.197ms
[158.999s][info][gc] GC(3493) Pause Young (Allocation Failure) 10M->5M(15M) 0.973ms
[159.008s][info][gc] GC(3494) Pause Young (Allocation Failure) 10M->5M(15M) 0.856ms
[159.017s][info][gc] GC(3495) Pause Young (Allocation Failure) 10M->5M(15M) 0.828ms
[159.027s][info][gc] GC(3496) Pause Young (Allocation Failure) 10M->5M(15M) 1.082ms
[159.036s][info][gc] GC(3497) Pause Young (Allocation Failure) 10M->5M(15M) 0.921ms
[159.047s][info][gc] GC(3498) Pause Young (Allocation Failure) 10M->5M(15M) 0.885ms
[159.057s][info][gc] GC(3499) Pause Young (Allocation Failure) 10M->5M(15M) 0.910ms
[159.068s][info][gc] GC(3500) Pause Young (Allocation Failure) 10M->5M(15M) 0.954ms
[159.077s][info][gc] GC(3501) Pause Young (Allocation Failure) 10M->5M(15M) 0.625ms
[159.085s][info][gc] GC(3502) Pause Young (Allocation Failure) 10M->5M(15M) 0.760ms
[159.097s][info][gc] GC(3503) Pause Young (Allocation Failure) 10M->5M(15M) 0.696ms
[159.106s][info][gc] GC(3504) Pause Young (Allocation Failure) 10M->5M(15M) 0.948ms
[159.115s][info][gc] GC(3505) Pause Young (Allocation Failure) 10M->5M(15M) 0.723ms
[159.124s][info][gc] GC(3506) Pause Young (Allocation Failure) 10M->5M(15M) 0.942ms
[159.139s][info][gc] GC(3507) Pause Young (Allocation Failure) 10M->5M(15M) 0.794ms
[159.157s][info][gc] GC(3508) Pause Young (Allocation Failure) 10M->5M(15M) 0.910ms
[159.166s][info][gc] GC(3509) Pause Young (Allocation Failure) 10M->5M(15M) 0.828ms
[159.177s][info][gc] GC(3510) Pause Young (Allocation Failure) 10M->5M(15M) 1.077ms
[159.191s][info][gc] GC(3511) Pause Young (Allocation Failure) 10M->5M(15M) 0.948ms
[159.200s][info][gc] GC(3512) Pause Young (Allocation Failure) 10M->5M(15M) 1.112ms
[159.209s][info][gc] GC(3513) Pause Young (Allocation Failure) 10M->5M(15M) 0.924ms
[159.219s][info][gc] GC(3514) Pause Young (Allocation Failure) 10M->5M(15M) 1.038ms
[159.228s][info][gc] GC(3515) Pause Young (Allocation Failure) 10M->5M(15M) 1.141ms
[159.246s][info][gc] GC(3516) Pause Young (Allocation Failure) 10M->5M(15M) 1.017ms
[159.256s][info][gc] GC(3517) Pause Young (Allocation Failure) 10M->5M(15M) 0.979ms
[159.264s][info][gc] GC(3518) Pause Young (Allocation Failure) 10M->5M(15M) 0.871ms
[159.274s][info][gc] GC(3519) Pause Young (Allocation Failure) 10M->5M(15M) 0.945ms
[159.286s][info][gc] GC(3520) Pause Young (Allocation Failure) 10M->5M(15M) 0.663ms
[159.296s][info][gc] GC(3521) Pause Young (Allocation Failure) 10M->5M(15M) 0.663ms
[159.304s][info][gc] GC(3522) Pause Young (Allocation Failure) 10M->5M(15M) 0.661ms
[159.315s][info][gc] GC(3523) Pause Young (Allocation Failure) 10M->5M(15M) 0.777ms
[159.329s][info][gc] GC(3524) Pause Young (Allocation Failure) 10M->5M(15M) 0.726ms
[159.338s][info][gc] GC(3525) Pause Young (Allocation Failure) 10M->5M(15M) 0.756ms
[159.347s][info][gc] GC(3526) Pause Young (Allocation Failure) 10M->5M(15M) 0.943ms
[159.358s][info][gc] GC(3527) Pause Young (Allocation Failure) 10M->5M(15M) 0.905ms
[159.372s][info][gc] GC(3528) Pause Young (Allocation Failure) 10M->5M(15M) 0.783ms
[159.385s][info][gc] GC(3529) Pause Young (Allocation Failure) 10M->5M(15M) 0.757ms
[159.394s][info][gc] GC(3530) Pause Young (Allocation Failure) 10M->5M(15M) 0.853ms
[159.404s][info][gc] GC(3531) Pause Young (Allocation Failure) 10M->5M(15M) 0.852ms
[159.410s][info][gc] GC(3532) Pause Young (Allocation Failure) 10M->5M(15M) 0.831ms
[159.420s][info][gc] GC(3533) Pause Young (Allocation Failure) 10M->5M(15M) 0.967ms
[159.430s][info][gc] GC(3534) Pause Young (Allocation Failure) 10M->5M(15M) 1.001ms
[159.439s][info][gc] GC(3535) Pause Young (Allocation Failure) 10M->5M(15M) 1.019ms
[159.473s][info][gc] GC(3536) Pause Young (Allocation Failure) 10M->5M(15M) 0.991ms
[159.491s][info][gc] GC(3537) Pause Young (Allocation Failure) 10M->5M(15M) 1.379ms
[159.517s][info][gc] GC(3538) Pause Young (Allocation Failure) 10M->5M(15M) 0.985ms
[159.526s][info][gc] GC(3539) Pause Young (Allocation Failure) 10M->5M(15M) 0.764ms
[159.537s][info][gc] GC(3540) Pause Young (Allocation Failure) 10M->5M(15M) 0.830ms
[159.547s][info][gc] GC(3541) Pause Young (Allocation Failure) 10M->5M(15M) 1.109ms
[159.558s][info][gc] GC(3542) Pause Young (Allocation Failure) 10M->5M(15M) 0.632ms
[159.569s][info][gc] GC(3543) Pause Young (Allocation Failure) 10M->5M(15M) 0.655ms
[159.585s][info][gc] GC(3544) Pause Young (Allocation Failure) 10M->5M(15M) 0.643ms
[159.596s][info][gc] GC(3545) Pause Young (Allocation Failure) 10M->5M(15M) 0.719ms
[159.604s][info][gc] GC(3546) Pause Young (Allocation Failure) 10M->5M(15M) 0.488ms
[159.611s][info][gc] GC(3547) Pause Young (Allocation Failure) 10M->5M(15M) 0.617ms
[159.619s][info][gc] GC(3548) Pause Young (Allocation Failure) 10M->5M(15M) 0.494ms
[159.627s][info][gc] GC(3549) Pause Young (Allocation Failure) 10M->5M(15M) 0.811ms
[159.636s][info][gc] GC(3550) Pause Young (Allocation Failure) 10M->5M(15M) 0.719ms
[159.645s][info][gc] GC(3551) Pause Young (Allocation Failure) 10M->5M(15M) 0.556ms
[159.651s][info][gc] GC(3552) Pause Young (Allocation Failure) 10M->5M(15M) 0.859ms
[159.660s][info][gc] GC(3553) Pause Young (Allocation Failure) 10M->5M(15M) 0.714ms
[159.666s][info][gc] GC(3554) Pause Young (Allocation Failure) 10M->5M(15M) 0.584ms
[159.676s][info][gc] GC(3555) Pause Young (Allocation Failure) 10M->5M(15M) 0.879ms
[159.686s][info][gc] GC(3556) Pause Young (Allocation Failure) 10M->5M(15M) 0.969ms
[159.695s][info][gc] GC(3557) Pause Young (Allocation Failure) 10M->5M(15M) 0.984ms
[159.704s][info][gc] GC(3558) Pause Young (Allocation Failure) 10M->5M(15M) 0.875ms
[159.712s][info][gc] GC(3559) Pause Young (Allocation Failure) 10M->5M(15M) 0.888ms
[159.718s][info][gc] GC(3560) Pause Young (Allocation Failure) 10M->5M(15M) 0.902ms
[159.724s][info][gc] GC(3561) Pause Young (Allocation Failure) 10M->5M(15M) 0.863ms
[159.732s][info][gc] GC(3562) Pause Young (Allocation Failure) 10M->5M(15M) 0.402ms
[159.740s][info][gc] GC(3563) Pause Young (Allocation Failure) 10M->5M(15M) 0.424ms
[159.746s][info][gc] GC(3564) Pause Young (Allocation Failure) 10M->5M(15M) 0.663ms
[159.753s][info][gc] GC(3565) Pause Young (Allocation Failure) 10M->5M(15M) 0.782ms
[159.762s][info][gc] GC(3566) Pause Young (Allocation Failure) 10M->5M(15M) 0.489ms
[159.770s][info][gc] GC(3567) Pause Young (Allocation Failure) 10M->5M(15M) 0.739ms
[159.777s][info][gc] GC(3568) Pause Young (Allocation Failure) 10M->5M(15M) 0.710ms
[159.782s][info][gc] GC(3569) Pause Young (Allocation Failure) 10M->5M(15M) 0.505ms
[159.789s][info][gc] GC(3570) Pause Young (Allocation Failure) 10M->5M(15M) 0.916ms
[159.795s][info][gc] GC(3571) Pause Young (Allocation Failure) 10M->5M(15M) 0.790ms
[159.802s][info][gc] GC(3572) Pause Young (Allocation Failure) 10M->5M(15M) 1.043ms
[159.807s][info][gc] GC(3573) Pause Young (Allocation Failure) 10M->5M(15M) 0.790ms
[159.815s][info][gc] GC(3574) Pause Young (Allocation Failure) 10M->5M(15M) 1.137ms
[159.822s][info][gc] GC(3575) Pause Young (Allocation Failure) 10M->5M(15M) 0.760ms
[159.830s][info][gc] GC(3576) Pause Young (Allocation Failure) 10M->5M(15M) 0.577ms
[159.837s][info][gc] GC(3577) Pause Young (Allocation Failure) 10M->5M(15M) 0.615ms
[159.846s][info][gc] GC(3578) Pause Young (Allocation Failure) 10M->5M(15M) 0.856ms
[159.862s][info][gc] GC(3579) Pause Young (Allocation Failure) 10M->5M(15M) 0.864ms
[159.871s][info][gc] GC(3580) Pause Young (Allocation Failure) 10M->5M(15M) 0.605ms
[159.876s][info][gc] GC(3581) Pause Young (Allocation Failure) 10M->5M(15M) 0.580ms
[159.884s][info][gc] GC(3582) Pause Young (Allocation Failure) 10M->5M(15M) 0.572ms
[159.889s][info][gc] GC(3583) Pause Young (Allocation Failure) 10M->5M(15M) 0.807ms
[159.900s][info][gc] GC(3584) Pause Young (Allocation Failure) 10M->5M(15M) 0.600ms
[159.909s][info][gc] GC(3585) Pause Young (Allocation Failure) 10M->5M(15M) 0.796ms
[159.914s][info][gc] GC(3586) Pause Young (Allocation Failure) 10M->5M(15M) 0.402ms
[159.923s][info][gc] GC(3587) Pause Young (Allocation Failure) 10M->5M(15M) 0.429ms
[159.928s][info][gc] GC(3588) Pause Young (Allocation Failure) 10M->5M(15M) 0.430ms
[159.933s][info][gc] GC(3589) Pause Young (Allocation Failure) 10M->5M(15M) 0.670ms
[159.939s][info][gc] GC(3590) Pause Young (Allocation Failure) 10M->5M(15M) 0.467ms
[159.945s][info][gc] GC(3591) Pause Young (Allocation Failure) 10M->5M(15M) 0.500ms
[159.953s][info][gc] GC(3592) Pause Young (Allocation Failure) 10M->5M(15M) 0.495ms
[159.959s][info][gc] GC(3593) Pause Young (Allocation Failure) 10M->5M(15M) 0.806ms
[159.967s][info][gc] GC(3594) Pause Young (Allocation Failure) 10M->5M(15M) 0.803ms
[159.977s][info][gc] GC(3595) Pause Young (Allocation Failure) 10M->5M(15M) 0.582ms
[159.981s][info][gc] GC(3596) Pause Young (Allocation Failure) 10M->5M(15M) 0.582ms
[159.989s][info][gc] GC(3597) Pause Young (Allocation Failure) 10M->5M(15M) 1.144ms
[159.995s][info][gc] GC(3598) Pause Young (Allocation Failure) 10M->5M(15M) 0.597ms
[160.003s][info][gc] GC(3599) Pause Young (Allocation Failure) 10M->5M(15M) 0.903ms
[160.010s][info][gc] GC(3600) Pause Young (Allocation Failure) 10M->5M(15M) 0.662ms
[160.018s][info][gc] GC(3601) Pause Young (Allocation Failure) 10M->5M(15M) 0.564ms
[160.025s][info][gc] GC(3602) Pause Young (Allocation Failure) 10M->5M(15M) 0.596ms
[160.033s][info][gc] GC(3603) Pause Young (Allocation Failure) 10M->5M(15M) 0.568ms
[160.039s][info][gc] GC(3604) Pause Young (Allocation Failure) 10M->5M(15M) 0.387ms
[160.048s][info][gc] GC(3605) Pause Young (Allocation Failure) 10M->5M(15M) 0.434ms
[160.053s][info][gc] GC(3606) Pause Young (Allocation Failure) 10M->5M(15M) 0.665ms
[160.062s][info][gc] GC(3607) Pause Young (Allocation Failure) 10M->5M(15M) 0.484ms
[160.070s][info][gc] GC(3608) Pause Young (Allocation Failure) 10M->5M(15M) 0.581ms
[160.076s][info][gc] GC(3609) Pause Young (Allocation Failure) 10M->5M(15M) 0.571ms
[160.083s][info][gc] GC(3610) Pause Young (Allocation Failure) 10M->5M(15M) 0.449ms
[160.091s][info][gc] GC(3611) Pause Young (Allocation Failure) 10M->5M(15M) 0.716ms
[160.098s][info][gc] GC(3612) Pause Young (Allocation Failure) 10M->5M(15M) 0.516ms
[160.104s][info][gc] GC(3613) Pause Young (Allocation Failure) 10M->5M(15M) 0.517ms
[160.112s][info][gc] GC(3614) Pause Young (Allocation Failure) 10M->5M(15M) 0.543ms
[160.117s][info][gc] GC(3615) Pause Young (Allocation Failure) 10M->5M(15M) 0.875ms
[160.126s][info][gc] GC(3616) Pause Young (Allocation Failure) 10M->5M(15M) 0.570ms
[160.132s][info][gc] GC(3617) Pause Young (Allocation Failure) 10M->5M(15M) 0.838ms
[160.138s][info][gc] GC(3618) Pause Young (Allocation Failure) 10M->5M(15M) 0.591ms
[160.147s][info][gc] GC(3619) Pause Young (Allocation Failure) 10M->5M(15M) 0.791ms
[160.153s][info][gc] GC(3620) Pause Young (Allocation Failure) 10M->5M(15M) 0.610ms
[160.158s][info][gc] GC(3621) Pause Young (Allocation Failure) 10M->5M(15M) 0.702ms
[160.166s][info][gc] GC(3622) Pause Young (Allocation Failure) 10M->5M(15M) 0.651ms
[160.173s][info][gc] GC(3623) Pause Young (Allocation Failure) 10M->5M(15M) 0.848ms
[160.180s][info][gc] GC(3624) Pause Young (Allocation Failure) 10M->5M(15M) 0.759ms
[160.189s][info][gc] GC(3625) Pause Young (Allocation Failure) 10M->5M(15M) 0.969ms
[160.195s][info][gc] GC(3626) Pause Young (Allocation Failure) 10M->5M(15M) 0.860ms
[160.203s][info][gc] GC(3627) Pause Young (Allocation Failure) 10M->5M(15M) 0.716ms
[160.208s][info][gc] GC(3628) Pause Young (Allocation Failure) 10M->5M(15M) 0.421ms
[160.213s][info][gc] GC(3629) Pause Young (Allocation Failure) 10M->5M(15M) 0.693ms
[160.220s][info][gc] GC(3630) Pause Young (Allocation Failure) 10M->5M(15M) 0.462ms
[160.225s][info][gc] GC(3631) Pause Young (Allocation Failure) 10M->5M(15M) 0.664ms
[160.235s][info][gc] GC(3632) Pause Young (Allocation Failure) 10M->5M(15M) 0.585ms
[160.243s][info][gc] GC(3633) Pause Young (Allocation Failure) 10M->5M(15M) 0.703ms
[160.248s][info][gc] GC(3634) Pause Young (Allocation Failure) 10M->5M(15M) 0.648ms
[160.254s][info][gc] GC(3635) Pause Young (Allocation Failure) 10M->5M(15M) 0.860ms
[160.261s][info][gc] GC(3636) Pause Young (Allocation Failure) 10M->5M(15M) 0.685ms
[160.270s][info][gc] GC(3637) Pause Young (Allocation Failure) 10M->5M(15M) 0.810ms
[160.278s][info][gc] GC(3638) Pause Young (Allocation Failure) 10M->5M(15M) 0.611ms
[160.286s][info][gc] GC(3639) Pause Young (Allocation Failure) 10M->5M(15M) 0.534ms
[160.295s][info][gc] GC(3640) Pause Young (Allocation Failure) 10M->5M(15M) 0.984ms
[160.302s][info][gc] GC(3641) Pause Young (Allocation Failure) 10M->5M(15M) 0.567ms
[160.309s][info][gc] GC(3642) Pause Young (Allocation Failure) 10M->5M(15M) 1.223ms
[160.316s][info][gc] GC(3643) Pause Young (Allocation Failure) 10M->5M(15M) 0.800ms
[160.324s][info][gc] GC(3644) Pause Young (Allocation Failure) 10M->5M(15M) 0.959ms
[160.333s][info][gc] GC(3645) Pause Young (Allocation Failure) 10M->5M(15M) 0.612ms
[160.340s][info][gc] GC(3646) Pause Young (Allocation Failure) 10M->5M(15M) 0.852ms
[160.345s][info][gc] GC(3647) Pause Young (Allocation Failure) 10M->5M(15M) 0.819ms
[160.352s][info][gc] GC(3648) Pause Young (Allocation Failure) 10M->5M(15M) 0.831ms
[160.357s][info][gc] GC(3649) Pause Young (Allocation Failure) 10M->5M(15M) 0.755ms
[160.364s][info][gc] GC(3650) Pause Young (Allocation Failure) 10M->5M(15M) 0.415ms
[160.371s][info][gc] GC(3651) Pause Young (Allocation Failure) 10M->5M(15M) 0.459ms
[160.379s][info][gc] GC(3652) Pause Young (Allocation Failure) 10M->5M(15M) 0.493ms
[160.384s][info][gc] GC(3653) Pause Young (Allocation Failure) 10M->5M(15M) 0.660ms
[160.391s][info][gc] GC(3654) Pause Young (Allocation Failure) 10M->5M(15M) 0.461ms
[160.397s][info][gc] GC(3655) Pause Young (Allocation Failure) 10M->5M(15M) 0.491ms
[160.405s][info][gc] GC(3656) Pause Young (Allocation Failure) 10M->5M(15M) 0.454ms
[160.413s][info][gc] GC(3657) Pause Young (Allocation Failure) 10M->5M(15M) 0.460ms
[160.422s][info][gc] GC(3658) Pause Young (Allocation Failure) 10M->5M(15M) 0.794ms
[160.428s][info][gc] GC(3659) Pause Young (Allocation Failure) 10M->5M(15M) 1.224ms
[160.434s][info][gc] GC(3660) Pause Young (Allocation Failure) 10M->5M(15M) 0.754ms
[160.440s][info][gc] GC(3661) Pause Young (Allocation Failure) 10M->5M(15M) 0.789ms
[160.448s][info][gc] GC(3662) Pause Young (Allocation Failure) 10M->5M(15M) 0.564ms
[160.454s][info][gc] GC(3663) Pause Young (Allocation Failure) 10M->5M(15M) 1.053ms
[160.461s][info][gc] GC(3664) Pause Young (Allocation Failure) 10M->5M(15M) 0.596ms
[160.466s][info][gc] GC(3665) Pause Young (Allocation Failure) 10M->5M(15M) 0.645ms
[160.473s][info][gc] GC(3666) Pause Young (Allocation Failure) 10M->5M(15M) 0.571ms
[160.481s][info][gc] GC(3667) Pause Young (Allocation Failure) 10M->5M(15M) 0.704ms
[160.488s][info][gc] GC(3668) Pause Young (Allocation Failure) 10M->5M(15M) 0.592ms
[160.498s][info][gc] GC(3669) Pause Young (Allocation Failure) 10M->5M(15M) 0.602ms
[160.505s][info][gc] GC(3670) Pause Young (Allocation Failure) 10M->5M(15M) 0.608ms
[160.513s][info][gc] GC(3671) Pause Young (Allocation Failure) 10M->5M(15M) 0.416ms
[160.519s][info][gc] GC(3672) Pause Young (Allocation Failure) 10M->5M(15M) 0.598ms
[160.526s][info][gc] GC(3673) Pause Young (Allocation Failure) 10M->5M(15M) 0.459ms
[160.537s][info][gc] GC(3674) Pause Young (Allocation Failure) 10M->5M(15M) 0.633ms
[160.542s][info][gc] GC(3675) Pause Young (Allocation Failure) 10M->5M(15M) 0.627ms
[160.548s][info][gc] GC(3676) Pause Young (Allocation Failure) 10M->5M(15M) 0.803ms
[160.553s][info][gc] GC(3677) Pause Young (Allocation Failure) 10M->5M(15M) 0.500ms
[160.559s][info][gc] GC(3678) Pause Young (Allocation Failure) 10M->5M(15M) 0.521ms
[160.566s][info][gc] GC(3679) Pause Young (Allocation Failure) 10M->5M(15M) 0.505ms
[160.572s][info][gc] GC(3680) Pause Young (Allocation Failure) 10M->5M(15M) 0.496ms
[160.580s][info][gc] GC(3681) Pause Young (Allocation Failure) 10M->5M(15M) 0.531ms
[160.585s][info][gc] GC(3682) Pause Young (Allocation Failure) 10M->5M(15M) 0.757ms
[160.593s][info][gc] GC(3683) Pause Young (Allocation Failure) 10M->5M(15M) 0.950ms
[160.603s][info][gc] GC(3684) Pause Young (Allocation Failure) 10M->5M(15M) 0.975ms
[160.612s][info][gc] GC(3685) Pause Young (Allocation Failure) 10M->5M(15M) 0.913ms
[160.622s][info][gc] GC(3686) Pause Young (Allocation Failure) 10M->5M(15M) 0.736ms
[160.633s][info][gc] GC(3687) Pause Young (Allocation Failure) 10M->5M(15M) 0.938ms
[160.643s][info][gc] GC(3688) Pause Young (Allocation Failure) 10M->5M(15M) 0.938ms
[160.651s][info][gc] GC(3689) Pause Young (Allocation Failure) 10M->5M(15M) 0.614ms
[160.660s][info][gc] GC(3690) Pause Young (Allocation Failure) 10M->5M(15M) 0.587ms
[160.668s][info][gc] GC(3691) Pause Young (Allocation Failure) 10M->5M(15M) 1.165ms
[160.674s][info][gc] GC(3692) Pause Young (Allocation Failure) 10M->5M(15M) 0.488ms
[160.683s][info][gc] GC(3693) Pause Young (Allocation Failure) 10M->5M(15M) 1.042ms
[160.692s][info][gc] GC(3694) Pause Young (Allocation Failure) 10M->5M(15M) 1.188ms
[160.704s][info][gc] GC(3695) Pause Young (Allocation Failure) 10M->5M(15M) 1.039ms
[160.713s][info][gc] GC(3696) Pause Young (Allocation Failure) 10M->5M(15M) 1.053ms
[160.718s][info][gc] GC(3697) Pause Young (Allocation Failure) 10M->5M(15M) 0.513ms
[160.725s][info][gc] GC(3698) Pause Young (Allocation Failure) 10M->5M(15M) 0.552ms
[160.730s][info][gc] GC(3699) Pause Young (Allocation Failure) 10M->5M(15M) 0.527ms
[160.736s][info][gc] GC(3700) Pause Young (Allocation Failure) 10M->5M(15M) 0.577ms
[160.741s][info][gc] GC(3701) Pause Young (Allocation Failure) 10M->5M(15M) 0.535ms
[160.749s][info][gc] GC(3702) Pause Young (Allocation Failure) 10M->5M(15M) 1.001ms
[160.755s][info][gc] GC(3703) Pause Young (Allocation Failure) 10M->5M(15M) 0.853ms
[160.760s][info][gc] GC(3704) Pause Young (Allocation Failure) 10M->5M(15M) 0.654ms
[160.767s][info][gc] GC(3705) Pause Young (Allocation Failure) 10M->5M(15M) 0.692ms
[160.778s][info][gc] GC(3706) Pause Young (Allocation Failure) 10M->5M(15M) 0.898ms
[160.785s][info][gc] GC(3707) Pause Young (Allocation Failure) 10M->5M(15M) 0.749ms
[160.792s][info][gc] GC(3708) Pause Young (Allocation Failure) 10M->5M(15M) 0.721ms
[160.799s][info][gc] GC(3709) Pause Young (Allocation Failure) 10M->5M(15M) 0.870ms
[160.806s][info][gc] GC(3710) Pause Young (Allocation Failure) 10M->5M(15M) 0.604ms
[160.813s][info][gc] GC(3711) Pause Young (Allocation Failure) 10M->5M(15M) 0.590ms
[160.820s][info][gc] GC(3712) Pause Young (Allocation Failure) 10M->5M(15M) 0.601ms
[160.829s][info][gc] GC(3713) Pause Young (Allocation Failure) 10M->5M(15M) 1.148ms
[160.843s][info][gc] GC(3714) Pause Young (Allocation Failure) 10M->5M(15M) 3.500ms
[160.851s][info][gc] GC(3715) Pause Young (Allocation Failure) 10M->5M(15M) 0.607ms
[160.861s][info][gc] GC(3716) Pause Young (Allocation Failure) 10M->6M(15M) 0.908ms
[160.871s][info][gc] GC(3717) Pause Young (Allocation Failure) 10M->5M(15M) 1.008ms
[160.879s][info][gc] GC(3718) Pause Young (Allocation Failure) 10M->5M(15M) 0.660ms
[160.886s][info][gc] GC(3719) Pause Young (Allocation Failure) 10M->5M(15M) 0.775ms
[160.891s][info][gc] GC(3720) Pause Young (Allocation Failure) 10M->5M(15M) 0.584ms
[160.898s][info][gc] GC(3721) Pause Young (Allocation Failure) 10M->6M(15M) 0.614ms
[160.903s][info][gc] GC(3722) Pause Young (Allocation Failure) 10M->5M(15M) 0.384ms
[160.908s][info][gc] GC(3723) Pause Young (Allocation Failure) 10M->5M(15M) 0.861ms
[160.915s][info][gc] GC(3724) Pause Young (Allocation Failure) 10M->5M(15M) 0.433ms
[160.920s][info][gc] GC(3725) Pause Young (Allocation Failure) 10M->5M(15M) 0.405ms
[160.927s][info][gc] GC(3726) Pause Young (Allocation Failure) 10M->5M(15M) 0.456ms
[160.932s][info][gc] GC(3727) Pause Young (Allocation Failure) 10M->5M(15M) 0.448ms
[160.939s][info][gc] GC(3728) Pause Young (Allocation Failure) 10M->5M(15M) 0.483ms
[160.944s][info][gc] GC(3729) Pause Young (Allocation Failure) 10M->5M(15M) 0.472ms
[160.951s][info][gc] GC(3730) Pause Young (Allocation Failure) 10M->5M(15M) 0.488ms
[160.956s][info][gc] GC(3731) Pause Young (Allocation Failure) 10M->5M(15M) 0.458ms
[160.962s][info][gc] GC(3732) Pause Young (Allocation Failure) 10M->5M(15M) 0.842ms
[160.968s][info][gc] GC(3733) Pause Young (Allocation Failure) 10M->5M(15M) 0.517ms
[160.974s][info][gc] GC(3734) Pause Young (Allocation Failure) 10M->5M(15M) 0.798ms
[160.982s][info][gc] GC(3735) Pause Young (Allocation Failure) 10M->5M(15M) 0.603ms
[160.989s][info][gc] GC(3736) Pause Young (Allocation Failure) 10M->5M(15M) 1.057ms
[160.998s][info][gc] GC(3737) Pause Young (Allocation Failure) 10M->5M(15M) 0.662ms
[161.008s][info][gc] GC(3738) Pause Young (Allocation Failure) 10M->6M(15M) 0.642ms
[161.014s][info][gc] GC(3739) Pause Young (Allocation Failure) 10M->6M(15M) 0.587ms
[161.023s][info][gc] GC(3740) Pause Young (Allocation Failure) 10M->6M(15M) 0.591ms
[161.031s][info][gc] GC(3741) Pause Young (Allocation Failure) 10M->5M(15M) 0.906ms
[161.037s][info][gc] GC(3742) Pause Young (Allocation Failure) 10M->5M(15M) 0.601ms
[161.046s][info][gc] GC(3743) Pause Young (Allocation Failure) 10M->6M(15M) 0.612ms
[161.051s][info][gc] GC(3744) Pause Young (Allocation Failure) 10M->6M(15M) 0.650ms
[161.059s][info][gc] GC(3745) Pause Young (Allocation Failure) 10M->6M(15M) 0.674ms
[161.064s][info][gc] GC(3746) Pause Young (Allocation Failure) 10M->6M(15M) 0.634ms
[161.071s][info][gc] GC(3747) Pause Young (Allocation Failure) 10M->5M(15M) 0.717ms
[161.077s][info][gc] GC(3748) Pause Young (Allocation Failure) 10M->5M(15M) 0.547ms
[161.084s][info][gc] GC(3749) Pause Young (Allocation Failure) 10M->5M(15M) 0.735ms
[161.091s][info][gc] GC(3750) Pause Young (Allocation Failure) 10M->5M(15M) 0.460ms
[161.099s][info][gc] GC(3751) Pause Young (Allocation Failure) 10M->5M(15M) 0.521ms
[161.105s][info][gc] GC(3752) Pause Young (Allocation Failure) 10M->5M(15M) 0.689ms
[161.112s][info][gc] GC(3753) Pause Young (Allocation Failure) 10M->5M(15M) 0.473ms
[161.118s][info][gc] GC(3754) Pause Young (Allocation Failure) 10M->5M(15M) 0.547ms
[161.124s][info][gc] GC(3755) Pause Young (Allocation Failure) 10M->5M(15M) 0.520ms
[161.130s][info][gc] GC(3756) Pause Young (Allocation Failure) 10M->5M(15M) 0.531ms
[161.139s][info][gc] GC(3757) Pause Young (Allocation Failure) 10M->6M(15M) 1.016ms
[161.144s][info][gc] GC(3758) Pause Young (Allocation Failure) 10M->6M(15M) 0.825ms
[161.151s][info][gc] GC(3759) Pause Young (Allocation Failure) 10M->6M(15M) 0.619ms
[161.156s][info][gc] GC(3760) Pause Young (Allocation Failure) 10M->6M(15M) 0.589ms
[161.161s][info][gc] GC(3761) Pause Young (Allocation Failure) 10M->6M(15M) 0.792ms
[161.167s][info][gc] GC(3762) Pause Young (Allocation Failure) 10M->6M(15M) 0.665ms
[161.173s][info][gc] GC(3763) Pause Young (Allocation Failure) 10M->6M(15M) 0.587ms
[161.181s][info][gc] GC(3764) Pause Young (Allocation Failure) 10M->6M(15M) 0.765ms
[161.190s][info][gc] GC(3765) Pause Young (Allocation Failure) 10M->6M(15M) 0.963ms
[161.198s][info][gc] GC(3766) Pause Young (Allocation Failure) 10M->5M(15M) 0.433ms
[161.206s][info][gc] GC(3767) Pause Young (Allocation Failure) 10M->5M(15M) 0.458ms
[161.212s][info][gc] GC(3768) Pause Young (Allocation Failure) 10M->5M(15M) 0.467ms
[161.219s][info][gc] GC(3769) Pause Young (Allocation Failure) 10M->5M(15M) 0.487ms
[161.226s][info][gc] GC(3770) Pause Young (Allocation Failure) 10M->5M(15M) 0.476ms
[161.234s][info][gc] GC(3771) Pause Young (Allocation Failure) 10M->5M(15M) 0.687ms
[161.239s][info][gc] GC(3772) Pause Young (Allocation Failure) 10M->5M(15M) 0.542ms
[161.246s][info][gc] GC(3773) Pause Young (Allocation Failure) 10M->5M(15M) 0.661ms
[161.253s][info][gc] GC(3774) Pause Young (Allocation Failure) 10M->5M(15M) 0.520ms
[161.261s][info][gc] GC(3775) Pause Young (Allocation Failure) 10M->5M(15M) 0.549ms
[161.266s][info][gc] GC(3776) Pause Young (Allocation Failure) 10M->6M(15M) 0.506ms
[161.272s][info][gc] GC(3777) Pause Young (Allocation Failure) 10M->6M(15M) 0.556ms
[161.277s][info][gc] GC(3778) Pause Young (Allocation Failure) 10M->6M(15M) 0.551ms
[161.284s][info][gc] GC(3779) Pause Young (Allocation Failure) 10M->6M(15M) 0.595ms
[161.290s][info][gc] GC(3780) Pause Young (Allocation Failure) 10M->6M(15M) 0.611ms
[161.296s][info][gc] GC(3781) Pause Young (Allocation Failure) 10M->6M(15M) 0.959ms
[161.304s][info][gc] GC(3782) Pause Young (Allocation Failure) 10M->6M(15M) 0.572ms
[161.310s][info][gc] GC(3783) Pause Young (Allocation Failure) 10M->6M(15M) 1.193ms
[161.315s][info][gc] GC(3784) Pause Young (Allocation Failure) 10M->6M(15M) 0.622ms
[161.321s][info][gc] GC(3785) Pause Young (Allocation Failure) 10M->6M(15M) 0.583ms
[161.327s][info][gc] GC(3786) Pause Young (Allocation Failure) 10M->6M(15M) 0.607ms
[161.333s][info][gc] GC(3787) Pause Young (Allocation Failure) 10M->6M(15M) 0.567ms
[161.340s][info][gc] GC(3788) Pause Young (Allocation Failure) 10M->6M(15M) 0.617ms
[161.345s][info][gc] GC(3789) Pause Young (Allocation Failure) 10M->6M(15M) 0.641ms
[161.352s][info][gc] GC(3790) Pause Young (Allocation Failure) 10M->6M(15M) 0.643ms
[161.357s][info][gc] GC(3791) Pause Young (Allocation Failure) 10M->5M(15M) 0.423ms
[161.363s][info][gc] GC(3792) Pause Young (Allocation Failure) 10M->5M(15M) 0.858ms
[161.370s][info][gc] GC(3793) Pause Young (Allocation Failure) 10M->5M(15M) 0.424ms
[161.376s][info][gc] GC(3794) Pause Young (Allocation Failure) 10M->5M(15M) 0.592ms
[161.381s][info][gc] GC(3795) Pause Young (Allocation Failure) 10M->5M(15M) 0.481ms
[161.387s][info][gc] GC(3796) Pause Young (Allocation Failure) 10M->5M(15M) 0.585ms
[161.394s][info][gc] GC(3797) Pause Young (Allocation Failure) 10M->5M(15M) 0.480ms
[161.399s][info][gc] GC(3798) Pause Young (Allocation Failure) 10M->5M(15M) 0.456ms
[161.406s][info][gc] GC(3799) Pause Young (Allocation Failure) 10M->6M(15M) 0.510ms
[161.411s][info][gc] GC(3800) Pause Young (Allocation Failure) 10M->6M(15M) 0.496ms
[161.418s][info][gc] GC(3801) Pause Young (Allocation Failure) 10M->6M(15M) 0.680ms
[161.423s][info][gc] GC(3802) Pause Young (Allocation Failure) 10M->6M(15M) 0.568ms
[161.429s][info][gc] GC(3803) Pause Young (Allocation Failure) 10M->6M(15M) 0.885ms
[161.435s][info][gc] GC(3804) Pause Young (Allocation Failure) 10M->6M(15M) 0.584ms
[161.440s][info][gc] GC(3805) Pause Young (Allocation Failure) 10M->6M(15M) 0.586ms
[161.447s][info][gc] GC(3806) Pause Young (Allocation Failure) 10M->6M(15M) 0.598ms
[161.451s][info][gc] GC(3807) Pause Young (Allocation Failure) 10M->6M(15M) 0.596ms
[161.459s][info][gc] GC(3808) Pause Young (Allocation Failure) 10M->6M(15M) 0.727ms
[161.464s][info][gc] GC(3809) Pause Young (Allocation Failure) 10M->6M(15M) 0.604ms
[161.470s][info][gc] GC(3810) Pause Young (Allocation Failure) 10M->6M(15M) 0.843ms
[161.475s][info][gc] GC(3811) Pause Young (Allocation Failure) 10M->5M(15M) 0.423ms
[161.482s][info][gc] GC(3812) Pause Young (Allocation Failure) 10M->5M(15M) 0.607ms
[161.488s][info][gc] GC(3813) Pause Young (Allocation Failure) 10M->5M(15M) 0.488ms
[161.493s][info][gc] GC(3814) Pause Young (Allocation Failure) 10M->5M(15M) 0.477ms
[161.499s][info][gc] GC(3815) Pause Young (Allocation Failure) 10M->5M(15M) 0.476ms
[161.504s][info][gc] GC(3816) Pause Young (Allocation Failure) 10M->5M(15M) 0.452ms
[161.512s][info][gc] GC(3817) Pause Young (Allocation Failure) 10M->5M(15M) 0.495ms
[161.517s][info][gc] GC(3818) Pause Young (Allocation Failure) 10M->6M(15M) 0.493ms
[161.525s][info][gc] GC(3819) Pause Young (Allocation Failure) 10M->6M(15M) 0.885ms
[161.530s][info][gc] GC(3820) Pause Young (Allocation Failure) 10M->6M(15M) 0.551ms
[161.537s][info][gc] GC(3821) Pause Young (Allocation Failure) 10M->6M(15M) 0.924ms
[161.543s][info][gc] GC(3822) Pause Young (Allocation Failure) 10M->6M(15M) 0.620ms
[161.548s][info][gc] GC(3823) Pause Young (Allocation Failure) 10M->6M(15M) 0.565ms
[161.554s][info][gc] GC(3824) Pause Young (Allocation Failure) 10M->6M(15M) 0.610ms
[161.559s][info][gc] GC(3825) Pause Young (Allocation Failure) 10M->6M(15M) 0.589ms
[161.566s][info][gc] GC(3826) Pause Young (Allocation Failure) 10M->6M(15M) 0.620ms
[161.571s][info][gc] GC(3827) Pause Young (Allocation Failure) 10M->6M(15M) 0.595ms
[161.578s][info][gc] GC(3828) Pause Young (Allocation Failure) 10M->6M(15M) 0.600ms
[161.583s][info][gc] GC(3829) Pause Young (Allocation Failure) 10M->6M(15M) 0.575ms
[161.591s][info][gc] GC(3830) Pause Young (Allocation Failure) 10M->6M(15M) 0.694ms
[161.596s][info][gc] GC(3831) Pause Young (Allocation Failure) 10M->5M(15M) 0.421ms
[161.602s][info][gc] GC(3832) Pause Young (Allocation Failure) 10M->5M(15M) 0.746ms
[161.608s][info][gc] GC(3833) Pause Young (Allocation Failure) 10M->5M(15M) 0.403ms
[161.613s][info][gc] GC(3834) Pause Young (Allocation Failure) 10M->5M(15M) 0.417ms
[161.620s][info][gc] GC(3835) Pause Young (Allocation Failure) 10M->5M(15M) 0.451ms
[161.625s][info][gc] GC(3836) Pause Young (Allocation Failure) 10M->5M(15M) 0.442ms
[161.632s][info][gc] GC(3837) Pause Young (Allocation Failure) 10M->6M(15M) 0.480ms
[161.638s][info][gc] GC(3838) Pause Young (Allocation Failure) 10M->6M(15M) 0.550ms
[161.644s][info][gc] GC(3839) Pause Young (Allocation Failure) 10M->6M(15M) 0.529ms
[161.650s][info][gc] GC(3840) Pause Young (Allocation Failure) 10M->6M(15M) 0.527ms
[161.655s][info][gc] GC(3841) Pause Young (Allocation Failure) 10M->6M(15M) 0.513ms
[161.661s][info][gc] GC(3842) Pause Young (Allocation Failure) 10M->6M(15M) 0.596ms
[161.671s][info][gc] GC(3843) Pause Young (Allocation Failure) 10M->6M(15M) 0.721ms
[161.676s][info][gc] GC(3844) Pause Young (Allocation Failure) 10M->6M(15M) 0.561ms
[161.683s][info][gc] GC(3845) Pause Young (Allocation Failure) 10M->6M(15M) 1.349ms
[161.690s][info][gc] GC(3846) Pause Young (Allocation Failure) 10M->6M(15M) 0.645ms
[161.696s][info][gc] GC(3847) Pause Young (Allocation Failure) 10M->6M(15M) 0.911ms
[161.702s][info][gc] GC(3848) Pause Young (Allocation Failure) 10M->6M(15M) 0.567ms
[161.707s][info][gc] GC(3849) Pause Young (Allocation Failure) 10M->6M(15M) 0.543ms
[161.714s][info][gc] GC(3850) Pause Young (Allocation Failure) 10M->6M(15M) 0.594ms
[161.719s][info][gc] GC(3851) Pause Young (Allocation Failure) 10M->6M(15M) 0.615ms
[161.726s][info][gc] GC(3852) Pause Young (Allocation Failure) 10M->5M(15M) 0.417ms
[161.731s][info][gc] GC(3853) Pause Young (Allocation Failure) 10M->5M(15M) 0.399ms
[161.737s][info][gc] GC(3854) Pause Young (Allocation Failure) 10M->5M(15M) 0.561ms
[161.742s][info][gc] GC(3855) Pause Young (Allocation Failure) 10M->6M(15M) 0.578ms
[161.748s][info][gc] GC(3856) Pause Young (Allocation Failure) 10M->6M(15M) 0.449ms
[161.754s][info][gc] GC(3857) Pause Young (Allocation Failure) 10M->6M(15M) 0.457ms
[161.759s][info][gc] GC(3858) Pause Young (Allocation Failure) 10M->6M(15M) 0.488ms
[161.765s][info][gc] GC(3859) Pause Young (Allocation Failure) 10M->6M(15M) 0.544ms
[161.770s][info][gc] GC(3860) Pause Young (Allocation Failure) 10M->6M(15M) 0.480ms
[161.777s][info][gc] GC(3861) Pause Young (Allocation Failure) 10M->6M(15M) 0.773ms
[161.783s][info][gc] GC(3862) Pause Young (Allocation Failure) 10M->6M(15M) 0.525ms
[161.788s][info][gc] GC(3863) Pause Young (Allocation Failure) 10M->6M(15M) 0.743ms
[161.795s][info][gc] GC(3864) Pause Young (Allocation Failure) 10M->6M(15M) 0.544ms
[161.801s][info][gc] GC(3865) Pause Young (Allocation Failure) 10M->6M(15M) 0.691ms
[161.809s][info][gc] GC(3866) Pause Young (Allocation Failure) 10M->6M(15M) 0.628ms
[161.815s][info][gc] GC(3867) Pause Young (Allocation Failure) 10M->6M(15M) 0.563ms
[161.822s][info][gc] GC(3868) Pause Young (Allocation Failure) 10M->6M(15M) 0.602ms
[161.827s][info][gc] GC(3869) Pause Young (Allocation Failure) 10M->6M(15M) 0.549ms
[161.835s][info][gc] GC(3870) Pause Young (Allocation Failure) 10M->6M(15M) 0.747ms
[161.843s][info][gc] GC(3871) Pause Young (Allocation Failure) 10M->6M(15M) 1.460ms
[161.850s][info][gc] GC(3872) Pause Young (Allocation Failure) 10M->6M(15M) 0.691ms
[161.859s][info][gc] GC(3873) Pause Young (Allocation Failure) 10M->6M(15M) 0.743ms
[161.864s][info][gc] GC(3874) Pause Young (Allocation Failure) 10M->6M(15M) 0.584ms
[161.870s][info][gc] GC(3875) Pause Young (Allocation Failure) 10M->6M(15M) 1.195ms
[161.875s][info][gc] GC(3876) Pause Young (Allocation Failure) 10M->6M(15M) 0.614ms
[161.880s][info][gc] GC(3877) Pause Young (Allocation Failure) 10M->5M(15M) 0.407ms
[161.888s][info][gc] GC(3878) Pause Young (Allocation Failure) 10M->6M(15M) 0.465ms
[161.893s][info][gc] GC(3879) Pause Young (Allocation Failure) 10M->6M(15M) 0.419ms
[161.901s][info][gc] GC(3880) Pause Young (Allocation Failure) 10M->6M(15M) 0.505ms
[161.906s][info][gc] GC(3881) Pause Young (Allocation Failure) 10M->6M(15M) 0.454ms
[161.912s][info][gc] GC(3882) Pause Young (Allocation Failure) 10M->6M(15M) 0.466ms
[161.918s][info][gc] GC(3883) Pause Young (Allocation Failure) 10M->6M(15M) 0.487ms
[161.924s][info][gc] GC(3884) Pause Young (Allocation Failure) 10M->6M(15M) 0.702ms
[161.929s][info][gc] GC(3885) Pause Young (Allocation Failure) 10M->6M(15M) 0.560ms
[161.934s][info][gc] GC(3886) Pause Young (Allocation Failure) 10M->6M(15M) 0.528ms
[161.940s][info][gc] GC(3887) Pause Young (Allocation Failure) 10M->6M(15M) 0.547ms
[161.945s][info][gc] GC(3888) Pause Young (Allocation Failure) 10M->6M(15M) 0.538ms
[161.952s][info][gc] GC(3889) Pause Young (Allocation Failure) 10M->6M(15M) 0.597ms
[161.957s][info][gc] GC(3890) Pause Young (Allocation Failure) 10M->6M(15M) 0.615ms
[161.964s][info][gc] GC(3891) Pause Young (Allocation Failure) 10M->6M(15M) 1.089ms
[161.969s][info][gc] GC(3892) Pause Young (Allocation Failure) 10M->6M(15M) 0.560ms
[161.974s][info][gc] GC(3893) Pause Young (Allocation Failure) 10M->6M(15M) 0.597ms
[161.981s][info][gc] GC(3894) Pause Young (Allocation Failure) 10M->6M(15M) 0.599ms
[161.986s][info][gc] GC(3895) Pause Young (Allocation Failure) 10M->6M(15M) 0.567ms
[161.993s][info][gc] GC(3896) Pause Young (Allocation Failure) 10M->6M(15M) 0.585ms
[161.998s][info][gc] GC(3897) Pause Young (Allocation Failure) 10M->6M(15M) 0.409ms
[162.006s][info][gc] GC(3898) Pause Young (Allocation Failure) 10M->6M(15M) 0.417ms
[162.011s][info][gc] GC(3899) Pause Young (Allocation Failure) 10M->6M(15M) 0.407ms
[162.017s][info][gc] GC(3900) Pause Young (Allocation Failure) 10M->6M(15M) 0.935ms
[162.022s][info][gc] GC(3901) Pause Young (Allocation Failure) 10M->6M(15M) 0.441ms
[162.028s][info][gc] GC(3902) Pause Young (Allocation Failure) 10M->6M(15M) 0.429ms
[162.035s][info][gc] GC(3903) Pause Young (Allocation Failure) 10M->6M(15M) 0.496ms
[162.040s][info][gc] GC(3904) Pause Young (Allocation Failure) 10M->6M(15M) 0.474ms
[162.046s][info][gc] GC(3905) Pause Young (Allocation Failure) 10M->6M(15M) 0.515ms
[162.052s][info][gc] GC(3906) Pause Young (Allocation Failure) 10M->6M(15M) 0.596ms
[162.059s][info][gc] GC(3907) Pause Young (Allocation Failure) 10M->6M(15M) 0.838ms
[162.066s][info][gc] GC(3908) Pause Young (Allocation Failure) 10M->6M(15M) 0.982ms
[162.075s][info][gc] GC(3909) Pause Young (Allocation Failure) 10M->6M(15M) 0.774ms
[162.081s][info][gc] GC(3910) Pause Young (Allocation Failure) 10M->6M(15M) 0.604ms
[162.089s][info][gc] GC(3911) Pause Young (Allocation Failure) 10M->6M(15M) 0.937ms
[162.095s][info][gc] GC(3912) Pause Young (Allocation Failure) 10M->6M(15M) 0.683ms
[162.102s][info][gc] GC(3913) Pause Young (Allocation Failure) 10M->6M(15M) 0.709ms
[162.108s][info][gc] GC(3914) Pause Young (Allocation Failure) 10M->6M(15M) 0.591ms
[162.114s][info][gc] GC(3915) Pause Young (Allocation Failure) 10M->6M(15M) 0.640ms
[162.121s][info][gc] GC(3916) Pause Young (Allocation Failure) 10M->6M(15M) 0.638ms
[162.129s][info][gc] GC(3917) Pause Young (Allocation Failure) 10M->6M(15M) 0.903ms
[162.136s][info][gc] GC(3918) Pause Young (Allocation Failure) 10M->6M(15M) 1.018ms
[162.143s][info][gc] GC(3919) Pause Young (Allocation Failure) 10M->6M(15M) 0.474ms
[162.148s][info][gc] GC(3920) Pause Young (Allocation Failure) 10M->6M(15M) 0.570ms
[162.155s][info][gc] GC(3921) Pause Young (Allocation Failure) 10M->6M(15M) 0.658ms
[162.160s][info][gc] GC(3922) Pause Young (Allocation Failure) 10M->6M(15M) 0.506ms
[162.166s][info][gc] GC(3923) Pause Young (Allocation Failure) 10M->6M(15M) 0.479ms
[162.173s][info][gc] GC(3924) Pause Young (Allocation Failure) 10M->6M(15M) 0.487ms
[162.181s][info][gc] GC(3925) Pause Young (Allocation Failure) 10M->6M(15M) 1.013ms
[162.187s][info][gc] GC(3926) Pause Young (Allocation Failure) 10M->6M(15M) 0.892ms
[162.196s][info][gc] GC(3927) Pause Young (Allocation Failure) 10M->6M(15M) 0.696ms
[162.202s][info][gc] GC(3928) Pause Young (Allocation Failure) 10M->6M(15M) 0.602ms
[162.209s][info][gc] GC(3929) Pause Young (Allocation Failure) 10M->6M(15M) 0.593ms
[162.215s][info][gc] GC(3930) Pause Young (Allocation Failure) 10M->6M(15M) 0.814ms
[162.223s][info][gc] GC(3931) Pause Young (Allocation Failure) 10M->6M(15M) 0.579ms
[162.231s][info][gc] GC(3932) Pause Young (Allocation Failure) 10M->6M(15M) 1.014ms
[162.237s][info][gc] GC(3933) Pause Young (Allocation Failure) 10M->6M(15M) 0.825ms
[162.248s][info][gc] GC(3934) Pause Young (Allocation Failure) 10M->6M(15M) 0.636ms
[162.255s][info][gc] GC(3935) Pause Young (Allocation Failure) 10M->6M(15M) 0.631ms
[162.262s][info][gc] GC(3936) Pause Young (Allocation Failure) 10M->6M(15M) 0.772ms
[162.268s][info][gc] GC(3937) Pause Young (Allocation Failure) 10M->6M(15M) 0.712ms
[162.275s][info][gc] GC(3938) Pause Young (Allocation Failure) 10M->6M(15M) 0.601ms
[162.280s][info][gc] GC(3939) Pause Young (Allocation Failure) 10M->6M(15M) 0.630ms
[162.286s][info][gc] GC(3940) Pause Young (Allocation Failure) 10M->6M(15M) 0.419ms
[162.292s][info][gc] GC(3941) Pause Young (Allocation Failure) 10M->6M(15M) 0.661ms
[162.298s][info][gc] GC(3942) Pause Young (Allocation Failure) 10M->6M(15M) 0.751ms
[162.303s][info][gc] GC(3943) Pause Young (Allocation Failure) 10M->6M(15M) 0.493ms
[162.308s][info][gc] GC(3944) Pause Young (Allocation Failure) 10M->6M(15M) 0.480ms
[162.315s][info][gc] GC(3945) Pause Young (Allocation Failure) 10M->6M(15M) 0.481ms
[162.320s][info][gc] GC(3946) Pause Young (Allocation Failure) 10M->6M(15M) 0.672ms
[162.328s][info][gc] GC(3947) Pause Young (Allocation Failure) 10M->6M(15M) 0.502ms
[162.333s][info][gc] GC(3948) Pause Young (Allocation Failure) 10M->6M(15M) 0.510ms
[162.340s][info][gc] GC(3949) Pause Young (Allocation Failure) 10M->6M(15M) 0.596ms
[162.345s][info][gc] GC(3950) Pause Young (Allocation Failure) 10M->6M(15M) 0.507ms
[162.352s][info][gc] GC(3951) Pause Young (Allocation Failure) 10M->6M(15M) 0.857ms
[162.357s][info][gc] GC(3952) Pause Young (Allocation Failure) 10M->6M(15M) 0.590ms
[162.363s][info][gc] GC(3953) Pause Young (Allocation Failure) 10M->6M(15M) 0.719ms
[162.369s][info][gc] GC(3954) Pause Young (Allocation Failure) 10M->6M(15M) 0.639ms
[162.374s][info][gc] GC(3955) Pause Young (Allocation Failure) 10M->6M(15M) 0.553ms
[162.381s][info][gc] GC(3956) Pause Young (Allocation Failure) 10M->6M(15M) 0.591ms
[162.386s][info][gc] GC(3957) Pause Young (Allocation Failure) 10M->6M(15M) 0.572ms
[162.393s][info][gc] GC(3958) Pause Young (Allocation Failure) 10M->6M(15M) 0.590ms
[162.400s][info][gc] GC(3959) Pause Young (Allocation Failure) 10M->6M(15M) 0.643ms
[162.406s][info][gc] GC(3960) Pause Young (Allocation Failure) 10M->6M(15M) 0.425ms
[162.411s][info][gc] GC(3961) Pause Young (Allocation Failure) 10M->6M(15M) 0.425ms
[162.417s][info][gc] GC(3962) Pause Young (Allocation Failure) 10M->6M(15M) 0.980ms
[162.422s][info][gc] GC(3963) Pause Young (Allocation Failure) 10M->6M(15M) 0.457ms
[162.427s][info][gc] GC(3964) Pause Young (Allocation Failure) 10M->6M(15M) 0.435ms
[162.435s][info][gc] GC(3965) Pause Young (Allocation Failure) 10M->6M(15M) 0.489ms
[162.439s][info][gc] GC(3966) Pause Young (Allocation Failure) 10M->6M(15M) 0.548ms
[162.446s][info][gc] GC(3967) Pause Young (Allocation Failure) 10M->6M(15M) 0.504ms
[162.452s][info][gc] GC(3968) Pause Young (Allocation Failure) 10M->6M(15M) 0.512ms
[162.458s][info][gc] GC(3969) Pause Young (Allocation Failure) 10M->6M(15M) 0.770ms
[162.463s][info][gc] GC(3970) Pause Young (Allocation Failure) 10M->6M(15M) 0.527ms
[162.468s][info][gc] GC(3971) Pause Young (Allocation Failure) 10M->6M(15M) 0.519ms
[162.474s][info][gc] GC(3972) Pause Young (Allocation Failure) 10M->6M(15M) 0.547ms
[162.480s][info][gc] GC(3973) Pause Young (Allocation Failure) 10M->6M(15M) 0.568ms
[162.486s][info][gc] GC(3974) Pause Young (Allocation Failure) 10M->6M(15M) 0.589ms
[162.492s][info][gc] GC(3975) Pause Young (Allocation Failure) 10M->6M(15M) 0.611ms
[162.498s][info][gc] GC(3976) Pause Young (Allocation Failure) 10M->6M(15M) 1.398ms
[162.503s][info][gc] GC(3977) Pause Young (Allocation Failure) 10M->6M(15M) 0.594ms
[162.508s][info][gc] GC(3978) Pause Young (Allocation Failure) 10M->6M(15M) 0.572ms
[162.515s][info][gc] GC(3979) Pause Young (Allocation Failure) 10M->6M(15M) 0.587ms
[162.520s][info][gc] GC(3980) Pause Young (Allocation Failure) 10M->6M(15M) 0.447ms
[162.527s][info][gc] GC(3981) Pause Young (Allocation Failure) 10M->6M(15M) 0.417ms
[162.532s][info][gc] GC(3982) Pause Young (Allocation Failure) 10M->6M(15M) 0.436ms
[162.539s][info][gc] GC(3983) Pause Young (Allocation Failure) 10M->6M(15M) 0.537ms
[162.544s][info][gc] GC(3984) Pause Young (Allocation Failure) 10M->6M(15M) 0.461ms
[162.549s][info][gc] GC(3985) Pause Young (Allocation Failure) 10M->6M(15M) 0.477ms
[162.556s][info][gc] GC(3986) Pause Young (Allocation Failure) 10M->6M(15M) 0.497ms
[162.561s][info][gc] GC(3987) Pause Young (Allocation Failure) 10M->6M(15M) 0.478ms
[162.567s][info][gc] GC(3988) Pause Young (Allocation Failure) 10M->6M(15M) 0.513ms
[162.574s][info][gc] GC(3989) Pause Young (Allocation Failure) 10M->6M(15M) 0.719ms
[162.581s][info][gc] GC(3990) Pause Young (Allocation Failure) 10M->6M(15M) 0.526ms
[162.586s][info][gc] GC(3991) Pause Young (Allocation Failure) 10M->6M(15M) 0.637ms
[162.594s][info][gc] GC(3992) Pause Young (Allocation Failure) 10M->6M(15M) 0.551ms
[162.600s][info][gc] GC(3993) Pause Young (Allocation Failure) 10M->6M(15M) 0.638ms
[162.607s][info][gc] GC(3994) Pause Young (Allocation Failure) 10M->6M(15M) 0.592ms
[162.612s][info][gc] GC(3995) Pause Young (Allocation Failure) 10M->6M(15M) 0.585ms
[162.618s][info][gc] GC(3996) Pause Young (Allocation Failure) 10M->6M(15M) 1.225ms
[162.624s][info][gc] GC(3997) Pause Young (Allocation Failure) 10M->6M(15M) 0.673ms
[162.630s][info][gc] GC(3998) Pause Young (Allocation Failure) 10M->6M(15M) 0.850ms
[162.637s][info][gc] GC(3999) Pause Young (Allocation Failure) 10M->6M(15M) 0.690ms
[162.642s][info][gc] GC(4000) Pause Young (Allocation Failure) 10M->6M(15M) 0.578ms
[162.648s][info][gc] GC(4001) Pause Young (Allocation Failure) 10M->6M(15M) 0.533ms
[162.653s][info][gc] GC(4002) Pause Young (Allocation Failure) 10M->6M(15M) 0.473ms
[162.659s][info][gc] GC(4003) Pause Young (Allocation Failure) 10M->6M(15M) 0.444ms
[162.665s][info][gc] GC(4004) Pause Young (Allocation Failure) 10M->6M(15M) 0.476ms
[162.670s][info][gc] GC(4005) Pause Young (Allocation Failure) 10M->6M(15M) 0.809ms
[162.677s][info][gc] GC(4006) Pause Young (Allocation Failure) 10M->6M(15M) 0.496ms
[162.686s][info][gc] GC(4007) Pause Young (Allocation Failure) 10M->6M(15M) 0.839ms
[162.693s][info][gc] GC(4008) Pause Young (Allocation Failure) 10M->6M(15M) 0.535ms
[162.700s][info][gc] GC(4009) Pause Young (Allocation Failure) 10M->6M(15M) 0.545ms
[162.705s][info][gc] GC(4010) Pause Young (Allocation Failure) 10M->6M(15M) 0.519ms
[162.711s][info][gc] GC(4011) Pause Young (Allocation Failure) 10M->6M(15M) 0.918ms
[162.717s][info][gc] GC(4012) Pause Young (Allocation Failure) 10M->6M(15M) 0.621ms
[162.722s][info][gc] GC(4013) Pause Young (Allocation Failure) 10M->6M(15M) 0.510ms
[162.728s][info][gc] GC(4014) Pause Young (Allocation Failure) 10M->6M(15M) 0.686ms
[162.734s][info][gc] GC(4015) Pause Young (Allocation Failure) 10M->6M(15M) 0.638ms
[162.741s][info][gc] GC(4016) Pause Young (Allocation Failure) 10M->6M(15M) 0.643ms
[162.746s][info][gc] GC(4017) Pause Young (Allocation Failure) 10M->6M(15M) 0.653ms
[162.753s][info][gc] GC(4018) Pause Young (Allocation Failure) 10M->6M(15M) 0.621ms
[162.758s][info][gc] GC(4019) Pause Young (Allocation Failure) 10M->6M(15M) 0.600ms
[162.763s][info][gc] GC(4020) Pause Young (Allocation Failure) 10M->6M(15M) 0.669ms
[162.769s][info][gc] GC(4021) Pause Young (Allocation Failure) 10M->6M(15M) 0.438ms
[162.774s][info][gc] GC(4022) Pause Young (Allocation Failure) 10M->6M(15M) 0.378ms
[162.781s][info][gc] GC(4023) Pause Young (Allocation Failure) 10M->6M(15M) 0.477ms
[162.786s][info][gc] GC(4024) Pause Young (Allocation Failure) 10M->6M(15M) 0.443ms
[162.792s][info][gc] GC(4025) Pause Young (Allocation Failure) 10M->6M(15M) 0.718ms
[162.798s][info][gc] GC(4026) Pause Young (Allocation Failure) 10M->6M(15M) 0.524ms
[162.804s][info][gc] GC(4027) Pause Young (Allocation Failure) 10M->6M(15M) 1.085ms
[162.810s][info][gc] GC(4028) Pause Young (Allocation Failure) 10M->6M(15M) 0.587ms
[162.817s][info][gc] GC(4029) Pause Young (Allocation Failure) 10M->6M(15M) 0.788ms
[162.823s][info][gc] GC(4030) Pause Young (Allocation Failure) 10M->6M(15M) 0.495ms
[162.829s][info][gc] GC(4031) Pause Young (Allocation Failure) 10M->6M(15M) 0.586ms
[162.838s][info][gc] GC(4032) Pause Young (Allocation Failure) 10M->6M(15M) 0.791ms
[162.848s][info][gc] GC(4033) Pause Young (Allocation Failure) 10M->6M(15M) 0.747ms
[162.866s][info][gc] GC(4034) Pause Young (Allocation Failure) 10M->6M(15M) 0.565ms
[162.873s][info][gc] GC(4035) Pause Young (Allocation Failure) 10M->6M(15M) 0.849ms
[162.879s][info][gc] GC(4036) Pause Young (Allocation Failure) 10M->6M(15M) 0.609ms
[162.886s][info][gc] GC(4037) Pause Young (Allocation Failure) 10M->6M(15M) 0.995ms
[162.891s][info][gc] GC(4038) Pause Young (Allocation Failure) 10M->6M(15M) 0.585ms
[162.896s][info][gc] GC(4039) Pause Young (Allocation Failure) 10M->6M(15M) 0.558ms
[162.903s][info][gc] GC(4040) Pause Young (Allocation Failure) 10M->6M(15M) 0.589ms
[162.912s][info][gc] GC(4041) Pause Young (Allocation Failure) 10M->6M(15M) 0.839ms
[162.917s][info][gc] GC(4042) Pause Young (Allocation Failure) 10M->6M(15M) 0.577ms
[162.922s][info][gc] GC(4043) Pause Young (Allocation Failure) 10M->6M(15M) 0.566ms
[162.929s][info][gc] GC(4044) Pause Young (Allocation Failure) 10M->6M(15M) 0.609ms
[162.934s][info][gc] GC(4045) Pause Young (Allocation Failure) 10M->6M(15M) 0.623ms
[162.941s][info][gc] GC(4046) Pause Young (Allocation Failure) 10M->6M(15M) 0.669ms
[162.947s][info][gc] GC(4047) Pause Young (Allocation Failure) 10M->6M(15M) 0.423ms
[162.954s][info][gc] GC(4048) Pause Young (Allocation Failure) 10M->6M(15M) 0.458ms
[162.959s][info][gc] GC(4049) Pause Young (Allocation Failure) 10M->6M(15M) 0.403ms
[162.966s][info][gc] GC(4050) Pause Young (Allocation Failure) 10M->6M(15M) 0.542ms
[162.971s][info][gc] GC(4051) Pause Young (Allocation Failure) 10M->6M(15M) 0.522ms
[162.976s][info][gc] GC(4052) Pause Young (Allocation Failure) 10M->6M(15M) 0.484ms
[162.982s][info][gc] GC(4053) Pause Young (Allocation Failure) 10M->6M(15M) 0.506ms
[162.988s][info][gc] GC(4054) Pause Young (Allocation Failure) 10M->6M(15M) 0.712ms
[162.994s][info][gc] GC(4055) Pause Young (Allocation Failure) 10M->6M(15M) 0.515ms
[163.000s][info][gc] GC(4056) Pause Young (Allocation Failure) 10M->6M(15M) 0.754ms
[163.008s][info][gc] GC(4057) Pause Young (Allocation Failure) 10M->6M(15M) 0.553ms
[163.014s][info][gc] GC(4058) Pause Young (Allocation Failure) 10M->6M(15M) 0.618ms
[163.022s][info][gc] GC(4059) Pause Young (Allocation Failure) 10M->6M(15M) 0.619ms
[163.029s][info][gc] GC(4060) Pause Young (Allocation Failure) 10M->6M(15M) 0.568ms
[163.036s][info][gc] GC(4061) Pause Young (Allocation Failure) 10M->6M(15M) 0.922ms
[163.042s][info][gc] GC(4062) Pause Young (Allocation Failure) 10M->6M(15M) 0.837ms
[163.050s][info][gc] GC(4063) Pause Young (Allocation Failure) 10M->6M(15M) 0.837ms
[163.055s][info][gc] GC(4064) Pause Young (Allocation Failure) 10M->6M(15M) 0.800ms
[163.064s][info][gc] GC(4065) Pause Young (Allocation Failure) 10M->6M(15M) 0.837ms
[163.076s][info][gc] GC(4066) Pause Young (Allocation Failure) 10M->6M(15M) 0.980ms
[163.083s][info][gc] GC(4067) Pause Young (Allocation Failure) 10M->6M(15M) 0.963ms
[163.090s][info][gc] GC(4068) Pause Young (Allocation Failure) 10M->6M(15M) 0.592ms
[163.096s][info][gc] GC(4069) Pause Young (Allocation Failure) 10M->6M(15M) 0.414ms
[163.102s][info][gc] GC(4070) Pause Young (Allocation Failure) 10M->6M(15M) 0.447ms
[163.107s][info][gc] GC(4071) Pause Young (Allocation Failure) 10M->6M(15M) 0.434ms
[163.114s][info][gc] GC(4072) Pause Young (Allocation Failure) 10M->6M(15M) 0.449ms
[163.119s][info][gc] GC(4073) Pause Young (Allocation Failure) 10M->6M(15M) 0.659ms
[163.125s][info][gc] GC(4074) Pause Young (Allocation Failure) 10M->6M(15M) 0.688ms
[163.132s][info][gc] GC(4075) Pause Young (Allocation Failure) 10M->6M(15M) 0.495ms
[163.137s][info][gc] GC(4076) Pause Young (Allocation Failure) 10M->6M(15M) 0.839ms
[163.143s][info][gc] GC(4077) Pause Young (Allocation Failure) 10M->6M(15M) 0.502ms
[163.149s][info][gc] GC(4078) Pause Young (Allocation Failure) 10M->6M(15M) 0.508ms
[163.155s][info][gc] GC(4079) Pause Young (Allocation Failure) 10M->6M(15M) 0.544ms
[163.161s][info][gc] GC(4080) Pause Young (Allocation Failure) 10M->6M(15M) 0.568ms
[163.167s][info][gc] GC(4081) Pause Young (Allocation Failure) 10M->6M(15M) 0.574ms
[163.173s][info][gc] GC(4082) Pause Young (Allocation Failure) 10M->6M(15M) 0.846ms
[163.181s][info][gc] GC(4083) Pause Young (Allocation Failure) 10M->6M(15M) 0.860ms
[163.188s][info][gc] GC(4084) Pause Young (Allocation Failure) 10M->6M(15M) 0.682ms
[163.195s][info][gc] GC(4085) Pause Young (Allocation Failure) 10M->6M(15M) 0.565ms
[163.202s][info][gc] GC(4086) Pause Young (Allocation Failure) 10M->6M(15M) 0.843ms
[163.209s][info][gc] GC(4087) Pause Young (Allocation Failure) 10M->6M(15M) 0.632ms
[163.215s][info][gc] GC(4088) Pause Young (Allocation Failure) 10M->6M(15M) 0.603ms
[163.222s][info][gc] GC(4089) Pause Young (Allocation Failure) 10M->6M(15M) 0.616ms
[163.227s][info][gc] GC(4090) Pause Young (Allocation Failure) 10M->6M(15M) 0.606ms
[163.235s][info][gc] GC(4091) Pause Young (Allocation Failure) 10M->6M(15M) 0.561ms
[163.240s][info][gc] GC(4092) Pause Young (Allocation Failure) 10M->6M(15M) 0.453ms
[163.247s][info][gc] GC(4093) Pause Young (Allocation Failure) 10M->6M(15M) 0.476ms
[163.252s][info][gc] GC(4094) Pause Young (Allocation Failure) 10M->6M(15M) 0.459ms
[163.258s][info][gc] GC(4095) Pause Young (Allocation Failure) 10M->6M(15M) 0.762ms
[163.264s][info][gc] GC(4096) Pause Young (Allocation Failure) 10M->6M(15M) 0.497ms
[163.269s][info][gc] GC(4097) Pause Young (Allocation Failure) 10M->6M(15M) 0.519ms
[163.276s][info][gc] GC(4098) Pause Young (Allocation Failure) 10M->6M(15M) 0.516ms
[163.282s][info][gc] GC(4099) Pause Young (Allocation Failure) 10M->6M(15M) 0.566ms
[163.288s][info][gc] GC(4100) Pause Young (Allocation Failure) 10M->6M(15M) 0.555ms
[163.293s][info][gc] GC(4101) Pause Young (Allocation Failure) 10M->6M(15M) 0.569ms
[163.300s][info][gc] GC(4102) Pause Young (Allocation Failure) 10M->6M(15M) 0.966ms
[163.308s][info][gc] GC(4103) Pause Young (Allocation Failure) 10M->6M(15M) 1.211ms
[163.315s][info][gc] GC(4104) Pause Young (Allocation Failure) 10M->6M(15M) 0.642ms
[163.320s][info][gc] GC(4105) Pause Young (Allocation Failure) 10M->6M(15M) 0.584ms
[163.327s][info][gc] GC(4106) Pause Young (Allocation Failure) 10M->6M(15M) 0.632ms
[163.332s][info][gc] GC(4107) Pause Young (Allocation Failure) 10M->6M(15M) 0.428ms
[163.336s][info][gc] GC(4108) Pause Young (Allocation Failure) 10M->6M(15M) 0.374ms
[163.343s][info][gc] GC(4109) Pause Young (Allocation Failure) 10M->6M(15M) 0.454ms
[163.348s][info][gc] GC(4110) Pause Young (Allocation Failure) 10M->6M(15M) 0.450ms
[163.354s][info][gc] GC(4111) Pause Young (Allocation Failure) 10M->6M(15M) 0.465ms
[163.359s][info][gc] GC(4112) Pause Young (Allocation Failure) 10M->6M(15M) 0.444ms
[163.366s][info][gc] GC(4113) Pause Young (Allocation Failure) 10M->6M(15M) 0.517ms
[163.371s][info][gc] GC(4114) Pause Young (Allocation Failure) 10M->6M(15M) 0.474ms
[163.376s][info][gc] GC(4115) Pause Young (Allocation Failure) 10M->6M(15M) 0.489ms
[163.383s][info][gc] GC(4116) Pause Young (Allocation Failure) 10M->6M(15M) 0.494ms
[163.388s][info][gc] GC(4117) Pause Young (Allocation Failure) 10M->6M(15M) 0.469ms
[163.395s][info][gc] GC(4118) Pause Young (Allocation Failure) 10M->6M(15M) 0.584ms
[163.400s][info][gc] GC(4119) Pause Young (Allocation Failure) 10M->6M(15M) 0.529ms
[163.409s][info][gc] GC(4120) Pause Young (Allocation Failure) 10M->6M(15M) 0.613ms
[163.415s][info][gc] GC(4121) Pause Young (Allocation Failure) 10M->6M(15M) 0.558ms
[163.422s][info][gc] GC(4122) Pause Young (Allocation Failure) 10M->6M(15M) 0.573ms
[163.427s][info][gc] GC(4123) Pause Young (Allocation Failure) 10M->6M(15M) 0.606ms
[163.434s][info][gc] GC(4124) Pause Young (Allocation Failure) 10M->6M(15M) 0.567ms
[163.439s][info][gc] GC(4125) Pause Young (Allocation Failure) 10M->6M(15M) 0.593ms
[163.446s][info][gc] GC(4126) Pause Young (Allocation Failure) 10M->6M(15M) 0.954ms
[163.451s][info][gc] GC(4127) Pause Young (Allocation Failure) 10M->6M(15M) 0.602ms
[163.456s][info][gc] GC(4128) Pause Young (Allocation Failure) 10M->6M(15M) 0.491ms
[163.463s][info][gc] GC(4129) Pause Young (Allocation Failure) 10M->6M(15M) 0.421ms
[163.468s][info][gc] GC(4130) Pause Young (Allocation Failure) 10M->6M(15M) 0.444ms
[163.475s][info][gc] GC(4131) Pause Young (Allocation Failure) 10M->6M(15M) 0.473ms
[163.480s][info][gc] GC(4132) Pause Young (Allocation Failure) 10M->6M(15M) 0.482ms
[163.487s][info][gc] GC(4133) Pause Young (Allocation Failure) 10M->6M(15M) 0.492ms
[163.492s][info][gc] GC(4134) Pause Young (Allocation Failure) 10M->6M(15M) 0.501ms
[163.497s][info][gc] GC(4135) Pause Young (Allocation Failure) 10M->6M(15M) 0.604ms
[163.503s][info][gc] GC(4136) Pause Young (Allocation Failure) 10M->6M(15M) 0.497ms
[163.509s][info][gc] GC(4137) Pause Young (Allocation Failure) 10M->6M(15M) 0.544ms
[163.515s][info][gc] GC(4138) Pause Young (Allocation Failure) 10M->6M(15M) 0.508ms
[163.521s][info][gc] GC(4139) Pause Young (Allocation Failure) 10M->6M(15M) 0.544ms
[163.527s][info][gc] GC(4140) Pause Young (Allocation Failure) 10M->6M(15M) 0.578ms
[163.533s][info][gc] GC(4141) Pause Young (Allocation Failure) 10M->6M(15M) 0.579ms
[163.540s][info][gc] GC(4142) Pause Young (Allocation Failure) 10M->6M(15M) 0.705ms
[163.545s][info][gc] GC(4143) Pause Young (Allocation Failure) 10M->6M(15M) 0.689ms
[163.551s][info][gc] GC(4144) Pause Young (Allocation Failure) 10M->6M(15M) 0.717ms
[163.557s][info][gc] GC(4145) Pause Young (Allocation Failure) 10M->6M(15M) 0.600ms
[163.563s][info][gc] GC(4146) Pause Young (Allocation Failure) 10M->6M(15M) 0.586ms
[163.571s][info][gc] GC(4147) Pause Young (Allocation Failure) 10M->6M(15M) 0.606ms
[163.577s][info][gc] GC(4148) Pause Young (Allocation Failure) 10M->6M(15M) 0.896ms
[163.584s][info][gc] GC(4149) Pause Young (Allocation Failure) 10M->6M(15M) 0.657ms
[163.589s][info][gc] GC(4150) Pause Young (Allocation Failure) 10M->6M(15M) 0.403ms
[163.596s][info][gc] GC(4151) Pause Young (Allocation Failure) 10M->6M(15M) 0.451ms
[163.601s][info][gc] GC(4152) Pause Young (Allocation Failure) 10M->6M(15M) 0.451ms
[163.609s][info][gc] GC(4153) Pause Young (Allocation Failure) 10M->6M(15M) 0.566ms
[163.614s][info][gc] GC(4154) Pause Young (Allocation Failure) 10M->6M(15M) 0.466ms
[163.620s][info][gc] GC(4155) Pause Young (Allocation Failure) 10M->6M(15M) 0.522ms
[163.626s][info][gc] GC(4156) Pause Young (Allocation Failure) 10M->6M(15M) 0.515ms
[163.633s][info][gc] GC(4157) Pause Young (Allocation Failure) 10M->6M(15M) 0.695ms
[163.639s][info][gc] GC(4158) Pause Young (Allocation Failure) 10M->6M(15M) 0.639ms
[163.644s][info][gc] GC(4159) Pause Young (Allocation Failure) 10M->6M(15M) 0.745ms
[163.650s][info][gc] GC(4160) Pause Young (Allocation Failure) 10M->6M(15M) 0.538ms
[163.657s][info][gc] GC(4161) Pause Young (Allocation Failure) 10M->6M(15M) 0.557ms
[163.663s][info][gc] GC(4162) Pause Young (Allocation Failure) 10M->6M(15M) 0.550ms
[163.668s][info][gc] GC(4163) Pause Young (Allocation Failure) 10M->6M(15M) 0.538ms
[163.675s][info][gc] GC(4164) Pause Young (Allocation Failure) 10M->6M(15M) 0.585ms
[163.681s][info][gc] GC(4165) Pause Young (Allocation Failure) 10M->6M(15M) 0.837ms
[163.689s][info][gc] GC(4166) Pause Young (Allocation Failure) 10M->6M(15M) 0.814ms
[163.695s][info][gc] GC(4167) Pause Young (Allocation Failure) 10M->6M(15M) 0.593ms
[163.701s][info][gc] GC(4168) Pause Young (Allocation Failure) 10M->6M(15M) 0.607ms
[163.706s][info][gc] GC(4169) Pause Young (Allocation Failure) 10M->6M(15M) 0.582ms
[163.713s][info][gc] GC(4170) Pause Young (Allocation Failure) 10M->6M(15M) 1.020ms
[163.718s][info][gc] GC(4171) Pause Young (Allocation Failure) 10M->6M(15M) 0.421ms
[163.723s][info][gc] GC(4172) Pause Young (Allocation Failure) 10M->6M(15M) 0.435ms
[163.729s][info][gc] GC(4173) Pause Young (Allocation Failure) 10M->6M(15M) 0.452ms
[163.735s][info][gc] GC(4174) Pause Young (Allocation Failure) 10M->6M(15M) 0.478ms
[163.741s][info][gc] GC(4175) Pause Young (Allocation Failure) 10M->6M(15M) 0.488ms
[163.746s][info][gc] GC(4176) Pause Young (Allocation Failure) 10M->6M(15M) 0.475ms
[163.752s][info][gc] GC(4177) Pause Young (Allocation Failure) 10M->6M(15M) 0.865ms
[163.757s][info][gc] GC(4178) Pause Young (Allocation Failure) 10M->6M(15M) 0.513ms
[163.763s][info][gc] GC(4179) Pause Young (Allocation Failure) 10M->6M(15M) 0.518ms
[163.769s][info][gc] GC(4180) Pause Young (Allocation Failure) 10M->6M(15M) 0.747ms
[163.775s][info][gc] GC(4181) Pause Young (Allocation Failure) 10M->6M(15M) 0.594ms
[163.782s][info][gc] GC(4182) Pause Young (Allocation Failure) 10M->6M(15M) 0.531ms
[163.787s][info][gc] GC(4183) Pause Young (Allocation Failure) 10M->6M(15M) 0.519ms
[163.794s][info][gc] GC(4184) Pause Young (Allocation Failure) 10M->6M(15M) 0.669ms
[163.800s][info][gc] GC(4185) Pause Young (Allocation Failure) 10M->6M(15M) 0.685ms
[163.807s][info][gc] GC(4186) Pause Young (Allocation Failure) 10M->6M(15M) 1.069ms
[163.815s][info][gc] GC(4187) Pause Young (Allocation Failure) 10M->6M(15M) 0.921ms
[163.829s][info][gc] GC(4188) Pause Young (Allocation Failure) 10M->6M(15M) 0.877ms
[163.837s][info][gc] GC(4189) Pause Young (Allocation Failure) 10M->6M(15M) 0.808ms
[163.844s][info][gc] GC(4190) Pause Young (Allocation Failure) 10M->6M(15M) 0.906ms
[163.853s][info][gc] GC(4191) Pause Young (Allocation Failure) 10M->6M(15M) 0.597ms
[163.861s][info][gc] GC(4192) Pause Young (Allocation Failure) 10M->6M(15M) 0.916ms
[163.866s][info][gc] GC(4193) Pause Young (Allocation Failure) 10M->6M(15M) 0.622ms
[163.873s][info][gc] GC(4194) Pause Young (Allocation Failure) 10M->6M(15M) 0.910ms
[163.879s][info][gc] GC(4195) Pause Young (Allocation Failure) 10M->6M(15M) 0.456ms
[163.884s][info][gc] GC(4196) Pause Young (Allocation Failure) 10M->6M(15M) 0.512ms
[163.891s][info][gc] GC(4197) Pause Young (Allocation Failure) 10M->6M(15M) 0.445ms
[163.896s][info][gc] GC(4198) Pause Young (Allocation Failure) 10M->6M(15M) 0.447ms
[163.904s][info][gc] GC(4199) Pause Young (Allocation Failure) 10M->6M(15M) 0.502ms
[163.909s][info][gc] GC(4200) Pause Young (Allocation Failure) 10M->6M(15M) 0.473ms
[163.916s][info][gc] GC(4201) Pause Young (Allocation Failure) 10M->6M(15M) 0.514ms
[163.921s][info][gc] GC(4202) Pause Young (Allocation Failure) 10M->6M(15M) 0.472ms
[163.929s][info][gc] GC(4203) Pause Young (Allocation Failure) 10M->6M(15M) 0.873ms
[163.938s][info][gc] GC(4204) Pause Young (Allocation Failure) 10M->6M(15M) 1.147ms
[163.944s][info][gc] GC(4205) Pause Young (Allocation Failure) 10M->6M(15M) 0.589ms
[163.949s][info][gc] GC(4206) Pause Young (Allocation Failure) 10M->6M(15M) 0.548ms
[163.957s][info][gc] GC(4207) Pause Young (Allocation Failure) 10M->6M(15M) 0.599ms
[163.962s][info][gc] GC(4208) Pause Young (Allocation Failure) 10M->6M(15M) 0.688ms
[163.969s][info][gc] GC(4209) Pause Young (Allocation Failure) 10M->6M(15M) 0.592ms
[163.974s][info][gc] GC(4210) Pause Young (Allocation Failure) 10M->6M(15M) 0.591ms
[163.981s][info][gc] GC(4211) Pause Young (Allocation Failure) 10M->6M(15M) 0.629ms
[163.987s][info][gc] GC(4212) Pause Young (Allocation Failure) 10M->6M(15M) 0.561ms
[163.993s][info][gc] GC(4213) Pause Young (Allocation Failure) 10M->6M(15M) 0.455ms
[163.998s][info][gc] GC(4214) Pause Young (Allocation Failure) 10M->6M(15M) 0.442ms
[164.004s][info][gc] GC(4215) Pause Young (Allocation Failure) 10M->6M(15M) 0.460ms
[164.011s][info][gc] GC(4216) Pause Young (Allocation Failure) 10M->6M(15M) 0.508ms
[164.016s][info][gc] GC(4217) Pause Young (Allocation Failure) 10M->6M(15M) 0.682ms
[164.023s][info][gc] GC(4218) Pause Young (Allocation Failure) 10M->6M(15M) 0.529ms
[164.028s][info][gc] GC(4219) Pause Young (Allocation Failure) 10M->6M(15M) 0.514ms
[164.035s][info][gc] GC(4220) Pause Young (Allocation Failure) 10M->6M(15M) 0.527ms
[164.040s][info][gc] GC(4221) Pause Young (Allocation Failure) 10M->6M(15M) 0.513ms
[164.046s][info][gc] GC(4222) Pause Young (Allocation Failure) 10M->6M(15M) 0.807ms
[164.051s][info][gc] GC(4223) Pause Young (Allocation Failure) 10M->6M(15M) 0.591ms
[164.057s][info][gc] GC(4224) Pause Young (Allocation Failure) 10M->6M(15M) 0.750ms
[164.064s][info][gc] GC(4225) Pause Young (Allocation Failure) 10M->6M(15M) 0.571ms
[164.072s][info][gc] GC(4226) Pause Young (Allocation Failure) 10M->6M(15M) 1.152ms
[164.079s][info][gc] GC(4227) Pause Young (Allocation Failure) 10M->6M(15M) 0.570ms
[164.088s][info][gc] GC(4228) Pause Young (Allocation Failure) 10M->6M(15M) 0.753ms
[164.102s][info][gc] GC(4229) Pause Young (Allocation Failure) 10M->6M(15M) 0.697ms
[164.108s][info][gc] GC(4230) Pause Young (Allocation Failure) 10M->6M(15M) 0.588ms
[164.114s][info][gc] GC(4231) Pause Young (Allocation Failure) 10M->6M(15M) 0.717ms
[164.120s][info][gc] GC(4232) Pause Young (Allocation Failure) 10M->6M(15M) 0.835ms
[164.127s][info][gc] GC(4233) Pause Young (Allocation Failure) 10M->6M(15M) 0.800ms
[164.134s][info][gc] GC(4234) Pause Young (Allocation Failure) 10M->6M(15M) 0.428ms
[164.140s][info][gc] GC(4235) Pause Young (Allocation Failure) 10M->6M(15M) 0.536ms
[164.145s][info][gc] GC(4236) Pause Young (Allocation Failure) 10M->6M(15M) 0.697ms
[164.151s][info][gc] GC(4237) Pause Young (Allocation Failure) 10M->6M(15M) 0.648ms
[164.159s][info][gc] GC(4238) Pause Young (Allocation Failure) 10M->6M(15M) 0.476ms
[164.164s][info][gc] GC(4239) Pause Young (Allocation Failure) 10M->6M(15M) 0.469ms
[164.171s][info][gc] GC(4240) Pause Young (Allocation Failure) 10M->6M(15M) 0.490ms
[164.178s][info][gc] GC(4241) Pause Young (Allocation Failure) 10M->6M(15M) 0.544ms
[164.184s][info][gc] GC(4242) Pause Young (Allocation Failure) 10M->6M(15M) 0.660ms
[164.189s][info][gc] GC(4243) Pause Young (Allocation Failure) 10M->6M(15M) 0.493ms
[164.197s][info][gc] GC(4244) Pause Young (Allocation Failure) 10M->6M(15M) 0.752ms
[164.202s][info][gc] GC(4245) Pause Young (Allocation Failure) 10M->6M(15M) 0.527ms
[164.212s][info][gc] GC(4246) Pause Young (Allocation Failure) 10M->6M(15M) 0.824ms
[164.218s][info][gc] GC(4247) Pause Young (Allocation Failure) 10M->6M(15M) 1.099ms
[164.227s][info][gc] GC(4248) Pause Young (Allocation Failure) 10M->6M(15M) 0.876ms
[164.236s][info][gc] GC(4249) Pause Young (Allocation Failure) 10M->6M(15M) 0.668ms
[164.241s][info][gc] GC(4250) Pause Young (Allocation Failure) 10M->6M(15M) 0.657ms
[164.250s][info][gc] GC(4251) Pause Young (Allocation Failure) 10M->6M(15M) 0.912ms
[164.257s][info][gc] GC(4252) Pause Young (Allocation Failure) 10M->6M(15M) 0.788ms
[164.265s][info][gc] GC(4253) Pause Young (Allocation Failure) 10M->6M(15M) 0.961ms
[164.272s][info][gc] GC(4254) Pause Young (Allocation Failure) 10M->6M(15M) 1.099ms
[164.281s][info][gc] GC(4255) Pause Young (Allocation Failure) 10M->6M(15M) 0.702ms
[164.291s][info][gc] GC(4256) Pause Young (Allocation Failure) 10M->6M(15M) 0.852ms
[164.297s][info][gc] GC(4257) Pause Young (Allocation Failure) 10M->6M(15M) 0.476ms
[164.305s][info][gc] GC(4258) Pause Young (Allocation Failure) 10M->6M(15M) 0.655ms
[164.313s][info][gc] GC(4259) Pause Young (Allocation Failure) 10M->6M(15M) 0.828ms
[164.321s][info][gc] GC(4260) Pause Young (Allocation Failure) 10M->6M(15M) 0.571ms
[164.327s][info][gc] GC(4261) Pause Young (Allocation Failure) 10M->6M(15M) 0.813ms
[164.334s][info][gc] GC(4262) Pause Young (Allocation Failure) 10M->6M(15M) 0.533ms
[164.342s][info][gc] GC(4263) Pause Young (Allocation Failure) 10M->6M(15M) 0.725ms
[164.350s][info][gc] GC(4264) Pause Young (Allocation Failure) 10M->6M(15M) 0.624ms
[164.358s][info][gc] GC(4265) Pause Young (Allocation Failure) 10M->6M(15M) 0.527ms
[164.364s][info][gc] GC(4266) Pause Young (Allocation Failure) 10M->6M(15M) 0.626ms
[164.373s][info][gc] GC(4267) Pause Young (Allocation Failure) 10M->6M(15M) 0.811ms
[164.382s][info][gc] GC(4268) Pause Young (Allocation Failure) 10M->6M(15M) 0.911ms
[164.391s][info][gc] GC(4269) Pause Young (Allocation Failure) 10M->6M(15M) 0.621ms
[164.400s][info][gc] GC(4270) Pause Young (Allocation Failure) 10M->6M(15M) 0.720ms
[164.406s][info][gc] GC(4271) Pause Young (Allocation Failure) 10M->6M(15M) 1.037ms
[164.414s][info][gc] GC(4272) Pause Young (Allocation Failure) 10M->6M(15M) 0.939ms
[164.428s][info][gc] GC(4273) Pause Young (Allocation Failure) 10M->6M(15M) 0.911ms
[164.438s][info][gc] GC(4274) Pause Young (Allocation Failure) 10M->6M(15M) 0.969ms
[164.445s][info][gc] GC(4275) Pause Young (Allocation Failure) 10M->6M(15M) 1.140ms
[164.456s][info][gc] GC(4276) Pause Young (Allocation Failure) 10M->6M(15M) 0.651ms
[164.467s][info][gc] GC(4277) Pause Young (Allocation Failure) 10M->6M(15M) 0.983ms
[164.475s][info][gc] GC(4278) Pause Young (Allocation Failure) 10M->6M(15M) 0.701ms
[164.482s][info][gc] GC(4279) Pause Young (Allocation Failure) 10M->6M(15M) 0.639ms
[164.490s][info][gc] GC(4280) Pause Young (Allocation Failure) 10M->6M(15M) 0.513ms
[164.497s][info][gc] GC(4281) Pause Young (Allocation Failure) 10M->6M(15M) 0.537ms
[164.504s][info][gc] GC(4282) Pause Young (Allocation Failure) 10M->6M(15M) 0.682ms
[164.509s][info][gc] GC(4283) Pause Young (Allocation Failure) 10M->6M(15M) 0.510ms
[164.517s][info][gc] GC(4284) Pause Young (Allocation Failure) 10M->6M(15M) 0.522ms
[164.524s][info][gc] GC(4285) Pause Young (Allocation Failure) 10M->6M(15M) 0.808ms
[164.531s][info][gc] GC(4286) Pause Young (Allocation Failure) 10M->6M(15M) 0.545ms
[164.539s][info][gc] GC(4287) Pause Young (Allocation Failure) 10M->6M(15M) 1.011ms
[164.546s][info][gc] GC(4288) Pause Young (Allocation Failure) 10M->6M(15M) 0.572ms
[164.552s][info][gc] GC(4289) Pause Young (Allocation Failure) 10M->6M(15M) 0.882ms
[164.558s][info][gc] GC(4290) Pause Young (Allocation Failure) 10M->6M(15M) 0.582ms
[164.565s][info][gc] GC(4291) Pause Young (Allocation Failure) 10M->6M(15M) 0.709ms
[164.571s][info][gc] GC(4292) Pause Young (Allocation Failure) 10M->6M(15M) 0.628ms
[164.577s][info][gc] GC(4293) Pause Young (Allocation Failure) 10M->6M(15M) 0.605ms
[164.584s][info][gc] GC(4294) Pause Young (Allocation Failure) 10M->6M(15M) 0.634ms
[164.589s][info][gc] GC(4295) Pause Young (Allocation Failure) 10M->6M(15M) 0.392ms
[164.597s][info][gc] GC(4296) Pause Young (Allocation Failure) 10M->6M(15M) 0.420ms
[164.604s][info][gc] GC(4297) Pause Young (Allocation Failure) 10M->6M(15M) 0.670ms
[164.615s][info][gc] GC(4298) Pause Young (Allocation Failure) 10M->6M(15M) 0.636ms
[164.625s][info][gc] GC(4299) Pause Young (Allocation Failure) 10M->6M(15M) 1.050ms
[164.633s][info][gc] GC(4300) Pause Young (Allocation Failure) 10M->6M(15M) 0.669ms
[164.642s][info][gc] GC(4301) Pause Young (Allocation Failure) 10M->6M(15M) 0.647ms
[164.651s][info][gc] GC(4302) Pause Young (Allocation Failure) 10M->6M(15M) 0.684ms
[164.658s][info][gc] GC(4303) Pause Young (Allocation Failure) 10M->6M(15M) 0.710ms
[164.668s][info][gc] GC(4304) Pause Young (Allocation Failure) 10M->6M(15M) 1.068ms
[164.676s][info][gc] GC(4305) Pause Young (Allocation Failure) 10M->6M(15M) 0.499ms
[164.688s][info][gc] GC(4306) Pause Young (Allocation Failure) 10M->6M(15M) 1.255ms
[164.697s][info][gc] GC(4307) Pause Young (Allocation Failure) 10M->6M(15M) 0.535ms
[164.706s][info][gc] GC(4308) Pause Young (Allocation Failure) 10M->6M(15M) 0.540ms
[164.711s][info][gc] GC(4309) Pause Young (Allocation Failure) 10M->6M(15M) 0.558ms
[164.718s][info][gc] GC(4310) Pause Young (Allocation Failure) 10M->6M(15M) 0.797ms
[164.726s][info][gc] GC(4311) Pause Young (Allocation Failure) 10M->6M(15M) 0.943ms
[164.733s][info][gc] GC(4312) Pause Young (Allocation Failure) 10M->6M(15M) 0.766ms
[164.739s][info][gc] GC(4313) Pause Young (Allocation Failure) 10M->6M(15M) 1.312ms
[164.747s][info][gc] GC(4314) Pause Young (Allocation Failure) 10M->6M(15M) 0.581ms
[164.755s][info][gc] GC(4315) Pause Young (Allocation Failure) 10M->6M(15M) 0.698ms
[164.760s][info][gc] GC(4316) Pause Young (Allocation Failure) 10M->6M(15M) 0.624ms
[164.767s][info][gc] GC(4317) Pause Young (Allocation Failure) 10M->6M(15M) 1.069ms
[164.772s][info][gc] GC(4318) Pause Young (Allocation Failure) 10M->6M(15M) 0.414ms
[164.777s][info][gc] GC(4319) Pause Young (Allocation Failure) 10M->6M(15M) 0.404ms
[164.784s][info][gc] GC(4320) Pause Young (Allocation Failure) 10M->6M(15M) 0.438ms
[164.789s][info][gc] GC(4321) Pause Young (Allocation Failure) 10M->6M(15M) 0.629ms
[164.796s][info][gc] GC(4322) Pause Young (Allocation Failure) 10M->6M(15M) 0.455ms
[164.801s][info][gc] GC(4323) Pause Young (Allocation Failure) 10M->6M(15M) 0.436ms
[164.808s][info][gc] GC(4324) Pause Young (Allocation Failure) 10M->6M(15M) 0.507ms
[164.813s][info][gc] GC(4325) Pause Young (Allocation Failure) 10M->6M(15M) 0.489ms
[164.819s][info][gc] GC(4326) Pause Young (Allocation Failure) 10M->6M(15M) 0.623ms
[164.826s][info][gc] GC(4327) Pause Young (Allocation Failure) 10M->6M(15M) 0.478ms
[164.832s][info][gc] GC(4328) Pause Young (Allocation Failure) 10M->6M(15M) 0.522ms
[164.840s][info][gc] GC(4329) Pause Young (Allocation Failure) 10M->6M(15M) 0.518ms
[164.847s][info][gc] GC(4330) Pause Young (Allocation Failure) 10M->6M(15M) 1.380ms
[164.853s][info][gc] GC(4331) Pause Young (Allocation Failure) 10M->6M(15M) 0.794ms
[164.859s][info][gc] GC(4332) Pause Young (Allocation Failure) 10M->6M(15M) 0.796ms
[164.867s][info][gc] GC(4333) Pause Young (Allocation Failure) 10M->6M(15M) 0.556ms
[164.872s][info][gc] GC(4334) Pause Young (Allocation Failure) 10M->6M(15M) 0.698ms
[164.879s][info][gc] GC(4335) Pause Young (Allocation Failure) 10M->6M(15M) 0.605ms
[164.884s][info][gc] GC(4336) Pause Young (Allocation Failure) 10M->6M(15M) 0.661ms
[164.891s][info][gc] GC(4337) Pause Young (Allocation Failure) 10M->6M(15M) 0.627ms
[164.897s][info][gc] GC(4338) Pause Young (Allocation Failure) 10M->6M(15M) 0.617ms
[164.904s][info][gc] GC(4339) Pause Young (Allocation Failure) 10M->6M(15M) 0.651ms
[164.909s][info][gc] GC(4340) Pause Young (Allocation Failure) 10M->6M(15M) 0.708ms
[164.916s][info][gc] GC(4341) Pause Young (Allocation Failure) 10M->6M(15M) 0.603ms
[164.921s][info][gc] GC(4342) Pause Young (Allocation Failure) 10M->6M(15M) 0.399ms
[164.927s][info][gc] GC(4343) Pause Young (Allocation Failure) 10M->6M(15M) 0.562ms
[164.932s][info][gc] GC(4344) Pause Young (Allocation Failure) 10M->6M(15M) 0.458ms
[164.937s][info][gc] GC(4345) Pause Young (Allocation Failure) 10M->6M(15M) 0.445ms
[164.945s][info][gc] GC(4346) Pause Young (Allocation Failure) 10M->6M(15M) 0.504ms
[164.950s][info][gc] GC(4347) Pause Young (Allocation Failure) 10M->6M(15M) 0.495ms
[164.957s][info][gc] GC(4348) Pause Young (Allocation Failure) 10M->6M(15M) 0.564ms
[164.962s][info][gc] GC(4349) Pause Young (Allocation Failure) 10M->6M(15M) 0.514ms
[164.969s][info][gc] GC(4350) Pause Young (Allocation Failure) 10M->6M(15M) 0.537ms
[164.974s][info][gc] GC(4351) Pause Young (Allocation Failure) 10M->6M(15M) 0.562ms
[164.980s][info][gc] GC(4352) Pause Young (Allocation Failure) 10M->6M(15M) 1.001ms
[164.986s][info][gc] GC(4353) Pause Young (Allocation Failure) 10M->6M(15M) 0.674ms
[164.991s][info][gc] GC(4354) Pause Young (Allocation Failure) 10M->6M(15M) 0.555ms
[164.998s][info][gc] GC(4355) Pause Young (Allocation Failure) 10M->6M(15M) 0.622ms
[165.003s][info][gc] GC(4356) Pause Young (Allocation Failure) 10M->6M(15M) 0.850ms
[165.010s][info][gc] GC(4357) Pause Young (Allocation Failure) 10M->6M(15M) 0.634ms
[165.016s][info][gc] GC(4358) Pause Young (Allocation Failure) 10M->6M(15M) 0.606ms
[165.022s][info][gc] GC(4359) Pause Young (Allocation Failure) 10M->6M(15M) 0.648ms
[165.027s][info][gc] GC(4360) Pause Young (Allocation Failure) 10M->6M(15M) 0.688ms
[165.035s][info][gc] GC(4361) Pause Young (Allocation Failure) 10M->6M(15M) 0.637ms
[165.040s][info][gc] GC(4362) Pause Young (Allocation Failure) 10M->6M(15M) 0.435ms
[165.046s][info][gc] GC(4363) Pause Young (Allocation Failure) 10M->6M(15M) 0.648ms
[165.052s][info][gc] GC(4364) Pause Young (Allocation Failure) 10M->6M(15M) 0.465ms
[165.058s][info][gc] GC(4365) Pause Young (Allocation Failure) 10M->6M(15M) 0.465ms
[165.065s][info][gc] GC(4366) Pause Young (Allocation Failure) 10M->6M(15M) 0.476ms
[165.070s][info][gc] GC(4367) Pause Young (Allocation Failure) 10M->6M(15M) 0.516ms
[165.077s][info][gc] GC(4368) Pause Young (Allocation Failure) 10M->6M(15M) 0.491ms
[165.082s][info][gc] GC(4369) Pause Young (Allocation Failure) 10M->6M(15M) 0.561ms
[165.090s][info][gc] GC(4370) Pause Young (Allocation Failure) 10M->6M(15M) 0.625ms
[165.097s][info][gc] GC(4371) Pause Young (Allocation Failure) 10M->6M(15M) 0.648ms
[165.103s][info][gc] GC(4372) Pause Young (Allocation Failure) 10M->6M(15M) 0.539ms
[165.108s][info][gc] GC(4373) Pause Young (Allocation Failure) 10M->6M(15M) 0.527ms
[165.114s][info][gc] GC(4374) Pause Young (Allocation Failure) 10M->6M(15M) 1.067ms
[165.120s][info][gc] GC(4375) Pause Young (Allocation Failure) 10M->6M(15M) 0.579ms
[165.125s][info][gc] GC(4376) Pause Young (Allocation Failure) 10M->6M(15M) 0.642ms
[165.132s][info][gc] GC(4377) Pause Young (Allocation Failure) 10M->6M(15M) 0.636ms
[165.138s][info][gc] GC(4378) Pause Young (Allocation Failure) 10M->6M(15M) 0.618ms
[165.146s][info][gc] GC(4379) Pause Young (Allocation Failure) 10M->6M(15M) 0.592ms
[165.152s][info][gc] GC(4380) Pause Young (Allocation Failure) 10M->6M(15M) 0.647ms
[165.158s][info][gc] GC(4381) Pause Young (Allocation Failure) 10M->6M(15M) 0.587ms
[165.163s][info][gc] GC(4382) Pause Young (Allocation Failure) 10M->6M(15M) 0.417ms
[165.169s][info][gc] GC(4383) Pause Young (Allocation Failure) 10M->6M(15M) 0.446ms
[165.175s][info][gc] GC(4384) Pause Young (Allocation Failure) 10M->6M(15M) 0.717ms
[165.182s][info][gc] GC(4385) Pause Young (Allocation Failure) 10M->6M(15M) 0.555ms
[165.186s][info][gc] GC(4386) Pause Young (Allocation Failure) 10M->6M(15M) 0.466ms
[165.195s][info][gc] GC(4387) Pause Young (Allocation Failure) 10M->6M(15M) 0.899ms
[165.203s][info][gc] GC(4388) Pause Young (Allocation Failure) 10M->6M(15M) 0.550ms
[165.210s][info][gc] GC(4389) Pause Young (Allocation Failure) 10M->6M(15M) 0.683ms
[165.217s][info][gc] GC(4390) Pause Young (Allocation Failure) 10M->6M(15M) 0.530ms
[165.225s][info][gc] GC(4391) Pause Young (Allocation Failure) 10M->6M(15M) 0.889ms
[165.235s][info][gc] GC(4392) Pause Young (Allocation Failure) 10M->6M(15M) 0.983ms
[165.242s][info][gc] GC(4393) Pause Young (Allocation Failure) 10M->6M(15M) 0.765ms
[165.249s][info][gc] GC(4394) Pause Young (Allocation Failure) 10M->6M(15M) 0.949ms
[165.256s][info][gc] GC(4395) Pause Young (Allocation Failure) 10M->6M(15M) 0.602ms
[165.263s][info][gc] GC(4396) Pause Young (Allocation Failure) 10M->6M(15M) 0.930ms
[165.270s][info][gc] GC(4397) Pause Young (Allocation Failure) 10M->6M(15M) 0.778ms
[165.278s][info][gc] GC(4398) Pause Young (Allocation Failure) 10M->6M(15M) 0.809ms
[165.283s][info][gc] GC(4399) Pause Young (Allocation Failure) 10M->6M(15M) 0.801ms
[165.290s][info][gc] GC(4400) Pause Young (Allocation Failure) 10M->6M(15M) 0.924ms
[165.296s][info][gc] GC(4401) Pause Young (Allocation Failure) 10M->6M(15M) 0.399ms
[165.303s][info][gc] GC(4402) Pause Young (Allocation Failure) 10M->6M(15M) 0.449ms
[165.308s][info][gc] GC(4403) Pause Young (Allocation Failure) 10M->6M(15M) 0.443ms
[165.314s][info][gc] GC(4404) Pause Young (Allocation Failure) 10M->6M(15M) 0.743ms
[165.319s][info][gc] GC(4405) Pause Young (Allocation Failure) 10M->6M(15M) 0.488ms
[165.324s][info][gc] GC(4406) Pause Young (Allocation Failure) 10M->6M(15M) 0.435ms
[165.331s][info][gc] GC(4407) Pause Young (Allocation Failure) 10M->6M(15M) 0.502ms
[165.337s][info][gc] GC(4408) Pause Young (Allocation Failure) 10M->6M(15M) 0.497ms
[165.343s][info][gc] GC(4409) Pause Young (Allocation Failure) 10M->6M(15M) 0.541ms
[165.349s][info][gc] GC(4410) Pause Young (Allocation Failure) 10M->6M(15M) 0.511ms
[165.355s][info][gc] GC(4411) Pause Young (Allocation Failure) 10M->6M(15M) 0.753ms
[165.360s][info][gc] GC(4412) Pause Young (Allocation Failure) 10M->6M(15M) 0.539ms
[165.365s][info][gc] GC(4413) Pause Young (Allocation Failure) 10M->6M(15M) 0.518ms
[165.372s][info][gc] GC(4414) Pause Young (Allocation Failure) 10M->6M(15M) 0.585ms
[165.377s][info][gc] GC(4415) Pause Young (Allocation Failure) 10M->6M(15M) 0.535ms
[165.384s][info][gc] GC(4416) Pause Young (Allocation Failure) 10M->6M(15M) 0.628ms
[165.389s][info][gc] GC(4417) Pause Young (Allocation Failure) 10M->6M(15M) 0.650ms
[165.396s][info][gc] GC(4418) Pause Young (Allocation Failure) 10M->6M(15M) 0.670ms
[165.404s][info][gc] GC(4419) Pause Young (Allocation Failure) 10M->6M(15M) 0.594ms
[165.410s][info][gc] GC(4420) Pause Young (Allocation Failure) 10M->6M(15M) 0.465ms
[165.415s][info][gc] GC(4421) Pause Young (Allocation Failure) 10M->6M(15M) 0.474ms
[165.422s][info][gc] GC(4422) Pause Young (Allocation Failure) 10M->6M(15M) 0.495ms
[165.427s][info][gc] GC(4423) Pause Young (Allocation Failure) 10M->6M(15M) 0.684ms
[165.433s][info][gc] GC(4424) Pause Young (Allocation Failure) 10M->6M(15M) 0.902ms
[165.439s][info][gc] GC(4425) Pause Young (Allocation Failure) 10M->6M(15M) 0.518ms
[165.444s][info][gc] GC(4426) Pause Young (Allocation Failure) 10M->6M(15M) 0.510ms
[165.450s][info][gc] GC(4427) Pause Young (Allocation Failure) 10M->6M(15M) 0.498ms
[165.455s][info][gc] GC(4428) Pause Young (Allocation Failure) 10M->6M(15M) 0.487ms
[165.463s][info][gc] GC(4429) Pause Young (Allocation Failure) 10M->6M(15M) 0.806ms
[165.469s][info][gc] GC(4430) Pause Young (Allocation Failure) 10M->6M(15M) 0.574ms
[165.476s][info][gc] GC(4431) Pause Young (Allocation Failure) 10M->6M(15M) 0.729ms
[165.481s][info][gc] GC(4432) Pause Young (Allocation Failure) 10M->6M(15M) 0.546ms
[165.487s][info][gc] GC(4433) Pause Young (Allocation Failure) 10M->6M(15M) 1.104ms
[165.492s][info][gc] GC(4434) Pause Young (Allocation Failure) 10M->6M(15M) 0.575ms
[165.498s][info][gc] GC(4435) Pause Young (Allocation Failure) 10M->6M(15M) 0.605ms
[165.504s][info][gc] GC(4436) Pause Young (Allocation Failure) 10M->6M(15M) 0.589ms
[165.509s][info][gc] GC(4437) Pause Young (Allocation Failure) 10M->6M(15M) 0.568ms
[165.516s][info][gc] GC(4438) Pause Young (Allocation Failure) 10M->6M(15M) 0.640ms
[165.521s][info][gc] GC(4439) Pause Young (Allocation Failure) 10M->6M(15M) 0.590ms
[165.529s][info][gc] GC(4440) Pause Young (Allocation Failure) 10M->6M(15M) 1.125ms
[165.534s][info][gc] GC(4441) Pause Young (Allocation Failure) 10M->6M(15M) 0.417ms
[165.538s][info][gc] GC(4442) Pause Young (Allocation Failure) 10M->6M(15M) 0.426ms
[165.545s][info][gc] GC(4443) Pause Young (Allocation Failure) 10M->6M(15M) 0.439ms
[165.550s][info][gc] GC(4444) Pause Young (Allocation Failure) 10M->6M(15M) 0.494ms
[165.557s][info][gc] GC(4445) Pause Young (Allocation Failure) 10M->6M(15M) 0.495ms
[165.562s][info][gc] GC(4446) Pause Young (Allocation Failure) 10M->6M(15M) 0.502ms
[165.569s][info][gc] GC(4447) Pause Young (Allocation Failure) 10M->6M(15M) 0.872ms
[165.574s][info][gc] GC(4448) Pause Young (Allocation Failure) 10M->6M(15M) 0.686ms
[165.582s][info][gc] GC(4449) Pause Young (Allocation Failure) 10M->6M(15M) 0.917ms
[165.587s][info][gc] GC(4450) Pause Young (Allocation Failure) 10M->6M(15M) 0.532ms
[165.592s][info][gc] GC(4451) Pause Young (Allocation Failure) 10M->6M(15M) 0.608ms
[165.598s][info][gc] GC(4452) Pause Young (Allocation Failure) 10M->6M(15M) 0.584ms
[165.604s][info][gc] GC(4453) Pause Young (Allocation Failure) 10M->6M(15M) 0.566ms
[165.610s][info][gc] GC(4454) Pause Young (Allocation Failure) 10M->6M(15M) 0.609ms
[165.616s][info][gc] GC(4455) Pause Young (Allocation Failure) 10M->6M(15M) 0.574ms
[165.622s][info][gc] GC(4456) Pause Young (Allocation Failure) 10M->6M(15M) 0.942ms
[165.628s][info][gc] GC(4457) Pause Young (Allocation Failure) 10M->6M(15M) 0.834ms
[165.634s][info][gc] GC(4458) Pause Young (Allocation Failure) 10M->6M(15M) 1.052ms
[165.640s][info][gc] GC(4459) Pause Young (Allocation Failure) 10M->6M(15M) 0.642ms
[165.645s][info][gc] GC(4460) Pause Young (Allocation Failure) 10M->6M(15M) 0.426ms
[165.651s][info][gc] GC(4461) Pause Young (Allocation Failure) 10M->6M(15M) 0.435ms
[165.657s][info][gc] GC(4462) Pause Young (Allocation Failure) 10M->6M(15M) 0.476ms
[165.663s][info][gc] GC(4463) Pause Young (Allocation Failure) 10M->6M(15M) 0.450ms
[165.668s][info][gc] GC(4464) Pause Young (Allocation Failure) 10M->6M(15M) 0.439ms
[165.675s][info][gc] GC(4465) Pause Young (Allocation Failure) 10M->6M(15M) 0.759ms
[165.683s][info][gc] GC(4466) Pause Young (Allocation Failure) 10M->6M(15M) 0.815ms
[165.691s][info][gc] GC(4467) Pause Young (Allocation Failure) 10M->6M(15M) 0.755ms
[165.697s][info][gc] GC(4468) Pause Young (Allocation Failure) 10M->6M(15M) 0.538ms
[165.703s][info][gc] GC(4469) Pause Young (Allocation Failure) 10M->6M(15M) 0.512ms
[165.708s][info][gc] GC(4470) Pause Young (Allocation Failure) 10M->6M(15M) 0.518ms
[165.714s][info][gc] GC(4471) Pause Young (Allocation Failure) 10M->6M(15M) 0.857ms
[165.719s][info][gc] GC(4472) Pause Young (Allocation Failure) 10M->6M(15M) 0.558ms
[165.724s][info][gc] GC(4473) Pause Young (Allocation Failure) 10M->6M(15M) 0.523ms
[165.731s][info][gc] GC(4474) Pause Young (Allocation Failure) 10M->6M(15M) 0.705ms
[165.736s][info][gc] GC(4475) Pause Young (Allocation Failure) 10M->6M(15M) 0.563ms
[165.742s][info][gc] GC(4476) Pause Young (Allocation Failure) 10M->6M(15M) 0.580ms
[165.747s][info][gc] GC(4477) Pause Young (Allocation Failure) 10M->6M(15M) 0.554ms
[165.755s][info][gc] GC(4478) Pause Young (Allocation Failure) 10M->6M(15M) 0.912ms
[165.760s][info][gc] GC(4479) Pause Young (Allocation Failure) 10M->6M(15M) 0.626ms
[165.765s][info][gc] GC(4480) Pause Young (Allocation Failure) 10M->6M(15M) 0.599ms
[165.771s][info][gc] GC(4481) Pause Young (Allocation Failure) 10M->6M(15M) 0.417ms
[165.776s][info][gc] GC(4482) Pause Young (Allocation Failure) 10M->6M(15M) 0.408ms
[165.783s][info][gc] GC(4483) Pause Young (Allocation Failure) 10M->6M(15M) 0.450ms
[165.788s][info][gc] GC(4484) Pause Young (Allocation Failure) 10M->6M(15M) 0.403ms
[165.793s][info][gc] GC(4485) Pause Young (Allocation Failure) 10M->6M(15M) 0.428ms
[165.800s][info][gc] GC(4486) Pause Young (Allocation Failure) 10M->6M(15M) 0.488ms
[165.805s][info][gc] GC(4487) Pause Young (Allocation Failure) 10M->6M(15M) 0.487ms
[165.812s][info][gc] GC(4488) Pause Young (Allocation Failure) 10M->6M(15M) 0.507ms
[165.818s][info][gc] GC(4489) Pause Young (Allocation Failure) 10M->6M(15M) 0.496ms
[165.824s][info][gc] GC(4490) Pause Young (Allocation Failure) 10M->6M(15M) 0.489ms
[165.832s][info][gc] GC(4491) Pause Young (Allocation Failure) 10M->6M(15M) 1.413ms
[165.841s][info][gc] GC(4492) Pause Young (Allocation Failure) 10M->6M(15M) 0.513ms
[165.849s][info][gc] GC(4493) Pause Young (Allocation Failure) 10M->6M(15M) 0.838ms
[165.855s][info][gc] GC(4494) Pause Young (Allocation Failure) 10M->6M(15M) 0.777ms
[165.862s][info][gc] GC(4495) Pause Young (Allocation Failure) 10M->6M(15M) 0.746ms
[165.867s][info][gc] GC(4496) Pause Young (Allocation Failure) 10M->6M(15M) 0.543ms
[165.873s][info][gc] GC(4497) Pause Young (Allocation Failure) 10M->6M(15M) 0.953ms
[165.882s][info][gc] GC(4498) Pause Young (Allocation Failure) 10M->6M(15M) 1.266ms
[165.889s][info][gc] GC(4499) Pause Young (Allocation Failure) 10M->6M(15M) 0.843ms
[165.895s][info][gc] GC(4500) Pause Young (Allocation Failure) 10M->6M(15M) 0.605ms
[165.901s][info][gc] GC(4501) Pause Young (Allocation Failure) 10M->6M(15M) 1.166ms
[165.908s][info][gc] GC(4502) Pause Young (Allocation Failure) 10M->6M(15M) 0.592ms
[165.912s][info][gc] GC(4503) Pause Young (Allocation Failure) 10M->6M(15M) 0.565ms
[165.919s][info][gc] GC(4504) Pause Young (Allocation Failure) 10M->6M(15M) 0.671ms
[165.925s][info][gc] GC(4505) Pause Young (Allocation Failure) 10M->6M(15M) 0.637ms
[165.931s][info][gc] GC(4506) Pause Young (Allocation Failure) 10M->6M(15M) 0.436ms
[165.936s][info][gc] GC(4507) Pause Young (Allocation Failure) 10M->6M(15M) 0.400ms
[165.942s][info][gc] GC(4508) Pause Young (Allocation Failure) 10M->6M(15M) 0.478ms
[165.947s][info][gc] GC(4509) Pause Young (Allocation Failure) 10M->6M(15M) 0.426ms
[165.952s][info][gc] GC(4510) Pause Young (Allocation Failure) 10M->6M(15M) 0.456ms
[165.959s][info][gc] GC(4511) Pause Young (Allocation Failure) 10M->6M(15M) 0.505ms
[165.964s][info][gc] GC(4512) Pause Young (Allocation Failure) 10M->6M(15M) 0.495ms
[165.971s][info][gc] GC(4513) Pause Young (Allocation Failure) 10M->6M(15M) 0.530ms
[165.976s][info][gc] GC(4514) Pause Young (Allocation Failure) 10M->6M(15M) 0.509ms
[165.983s][info][gc] GC(4515) Pause Young (Allocation Failure) 10M->6M(15M) 0.781ms
[165.989s][info][gc] GC(4516) Pause Young (Allocation Failure) 10M->6M(15M) 0.615ms
[165.995s][info][gc] GC(4517) Pause Young (Allocation Failure) 10M->6M(15M) 0.748ms
[166.000s][info][gc] GC(4518) Pause Young (Allocation Failure) 10M->6M(15M) 0.575ms
[166.006s][info][gc] GC(4519) Pause Young (Allocation Failure) 10M->6M(15M) 0.589ms
[166.012s][info][gc] GC(4520) Pause Young (Allocation Failure) 10M->6M(15M) 0.639ms
[166.018s][info][gc] GC(4521) Pause Young (Allocation Failure) 10M->6M(15M) 0.848ms
[166.024s][info][gc] GC(4522) Pause Young (Allocation Failure) 10M->6M(15M) 0.571ms
[166.029s][info][gc] GC(4523) Pause Young (Allocation Failure) 10M->6M(15M) 0.541ms
[166.037s][info][gc] GC(4524) Pause Young (Allocation Failure) 10M->6M(15M) 0.507ms
[166.042s][info][gc] GC(4525) Pause Young (Allocation Failure) 10M->6M(15M) 0.400ms
[166.048s][info][gc] GC(4526) Pause Young (Allocation Failure) 10M->6M(15M) 0.693ms
[166.053s][info][gc] GC(4527) Pause Young (Allocation Failure) 10M->6M(15M) 0.432ms
[166.059s][info][gc] GC(4528) Pause Young (Allocation Failure) 10M->6M(15M) 0.548ms
[166.065s][info][gc] GC(4529) Pause Young (Allocation Failure) 10M->6M(15M) 0.464ms
[166.072s][info][gc] GC(4530) Pause Young (Allocation Failure) 10M->6M(15M) 0.798ms
[166.082s][info][gc] GC(4531) Pause Young (Allocation Failure) 10M->6M(15M) 0.934ms
[166.091s][info][gc] GC(4532) Pause Young (Allocation Failure) 10M->6M(15M) 0.916ms
[166.096s][info][gc] GC(4533) Pause Young (Allocation Failure) 10M->6M(15M) 0.730ms
[166.104s][info][gc] GC(4534) Pause Young (Allocation Failure) 10M->6M(15M) 0.562ms
[166.110s][info][gc] GC(4535) Pause Young (Allocation Failure) 10M->6M(15M) 0.541ms
[166.116s][info][gc] GC(4536) Pause Young (Allocation Failure) 10M->6M(15M) 0.541ms
[166.121s][info][gc] GC(4537) Pause Young (Allocation Failure) 10M->6M(15M) 0.609ms
[166.127s][info][gc] GC(4538) Pause Young (Allocation Failure) 10M->6M(15M) 1.155ms
[166.134s][info][gc] GC(4539) Pause Young (Allocation Failure) 10M->6M(15M) 0.617ms
[166.142s][info][gc] GC(4540) Pause Young (Allocation Failure) 10M->6M(15M) 1.112ms
[166.147s][info][gc] GC(4541) Pause Young (Allocation Failure) 10M->6M(15M) 0.584ms
[166.154s][info][gc] GC(4542) Pause Young (Allocation Failure) 10M->6M(15M) 1.010ms
[166.160s][info][gc] GC(4543) Pause Young (Allocation Failure) 10M->6M(15M) 0.617ms
[166.165s][info][gc] GC(4544) Pause Young (Allocation Failure) 10M->6M(15M) 0.574ms
[166.171s][info][gc] GC(4545) Pause Young (Allocation Failure) 10M->6M(15M) 0.580ms
[166.177s][info][gc] GC(4546) Pause Young (Allocation Failure) 10M->6M(15M) 0.414ms
[166.184s][info][gc] GC(4547) Pause Young (Allocation Failure) 10M->6M(15M) 0.566ms
[166.191s][info][gc] GC(4548) Pause Young (Allocation Failure) 10M->6M(15M) 0.462ms
[166.197s][info][gc] GC(4549) Pause Young (Allocation Failure) 10M->6M(15M) 0.434ms
[166.204s][info][gc] GC(4550) Pause Young (Allocation Failure) 10M->6M(15M) 0.488ms
[166.212s][info][gc] GC(4551) Pause Young (Allocation Failure) 10M->6M(15M) 0.679ms
[166.219s][info][gc] GC(4552) Pause Young (Allocation Failure) 10M->6M(15M) 0.717ms
[166.226s][info][gc] GC(4553) Pause Young (Allocation Failure) 10M->6M(15M) 0.505ms
[166.231s][info][gc] GC(4554) Pause Young (Allocation Failure) 10M->6M(15M) 0.484ms
[166.240s][info][gc] GC(4555) Pause Young (Allocation Failure) 10M->6M(15M) 0.858ms
[166.245s][info][gc] GC(4556) Pause Young (Allocation Failure) 10M->6M(15M) 0.580ms
[166.252s][info][gc] GC(4557) Pause Young (Allocation Failure) 10M->6M(15M) 0.571ms
[166.257s][info][gc] GC(4558) Pause Young (Allocation Failure) 10M->6M(15M) 0.540ms
[166.265s][info][gc] GC(4559) Pause Young (Allocation Failure) 10M->6M(15M) 0.661ms
[166.270s][info][gc] GC(4560) Pause Young (Allocation Failure) 10M->6M(15M) 0.695ms
[166.276s][info][gc] GC(4561) Pause Young (Allocation Failure) 10M->6M(15M) 0.703ms
[166.281s][info][gc] GC(4562) Pause Young (Allocation Failure) 10M->6M(15M) 0.581ms
[166.287s][info][gc] GC(4563) Pause Young (Allocation Failure) 10M->6M(15M) 0.591ms
[166.294s][info][gc] GC(4564) Pause Young (Allocation Failure) 10M->6M(15M) 0.425ms
[166.298s][info][gc] GC(4565) Pause Young (Allocation Failure) 10M->6M(15M) 0.366ms
[166.305s][info][gc] GC(4566) Pause Young (Allocation Failure) 10M->6M(15M) 0.439ms
[166.311s][info][gc] GC(4567) Pause Young (Allocation Failure) 10M->6M(15M) 0.707ms
[166.318s][info][gc] GC(4568) Pause Young (Allocation Failure) 10M->6M(15M) 0.449ms
[166.323s][info][gc] GC(4569) Pause Young (Allocation Failure) 10M->6M(15M) 0.461ms
[166.330s][info][gc] GC(4570) Pause Young (Allocation Failure) 10M->6M(15M) 0.511ms
[166.336s][info][gc] GC(4571) Pause Young (Allocation Failure) 10M->6M(15M) 0.573ms
[166.342s][info][gc] GC(4572) Pause Young (Allocation Failure) 10M->6M(15M) 0.940ms
[166.347s][info][gc] GC(4573) Pause Young (Allocation Failure) 10M->6M(15M) 0.538ms
[166.352s][info][gc] GC(4574) Pause Young (Allocation Failure) 10M->6M(15M) 0.533ms
[166.359s][info][gc] GC(4575) Pause Young (Allocation Failure) 10M->6M(15M) 0.552ms
[166.364s][info][gc] GC(4576) Pause Young (Allocation Failure) 10M->6M(15M) 0.551ms
[166.371s][info][gc] GC(4577) Pause Young (Allocation Failure) 10M->6M(15M) 0.628ms
[166.377s][info][gc] GC(4578) Pause Young (Allocation Failure) 10M->6M(15M) 0.556ms
[166.384s][info][gc] GC(4579) Pause Young (Allocation Failure) 10M->6M(15M) 0.631ms
[166.389s][info][gc] GC(4580) Pause Young (Allocation Failure) 10M->6M(15M) 0.601ms
[166.396s][info][gc] GC(4581) Pause Young (Allocation Failure) 10M->6M(15M) 0.869ms
[166.401s][info][gc] GC(4582) Pause Young (Allocation Failure) 10M->6M(15M) 0.612ms
[166.406s][info][gc] GC(4583) Pause Young (Allocation Failure) 10M->6M(15M) 0.578ms
[166.413s][info][gc] GC(4584) Pause Young (Allocation Failure) 10M->6M(15M) 0.411ms
[166.418s][info][gc] GC(4585) Pause Young (Allocation Failure) 10M->6M(15M) 0.390ms
[166.425s][info][gc] GC(4586) Pause Young (Allocation Failure) 10M->6M(15M) 0.509ms
[166.430s][info][gc] GC(4587) Pause Young (Allocation Failure) 10M->6M(15M) 0.464ms
[166.437s][info][gc] GC(4588) Pause Young (Allocation Failure) 10M->6M(15M) 0.919ms
[166.443s][info][gc] GC(4589) Pause Young (Allocation Failure) 10M->6M(15M) 0.508ms
[166.450s][info][gc] GC(4590) Pause Young (Allocation Failure) 10M->6M(15M) 0.536ms
[166.455s][info][gc] GC(4591) Pause Young (Allocation Failure) 10M->6M(15M) 0.486ms
[166.460s][info][gc] GC(4592) Pause Young (Allocation Failure) 10M->6M(15M) 0.687ms
[166.467s][info][gc] GC(4593) Pause Young (Allocation Failure) 10M->6M(15M) 0.597ms
[166.472s][info][gc] GC(4594) Pause Young (Allocation Failure) 10M->6M(15M) 0.759ms
[166.480s][info][gc] GC(4595) Pause Young (Allocation Failure) 10M->6M(15M) 0.569ms
[166.486s][info][gc] GC(4596) Pause Young (Allocation Failure) 10M->6M(15M) 0.611ms
[166.494s][info][gc] GC(4597) Pause Young (Allocation Failure) 10M->6M(15M) 0.694ms
[166.499s][info][gc] GC(4598) Pause Young (Allocation Failure) 10M->6M(15M) 0.607ms
[166.506s][info][gc] GC(4599) Pause Young (Allocation Failure) 10M->6M(15M) 0.617ms
[166.511s][info][gc] GC(4600) Pause Young (Allocation Failure) 10M->6M(15M) 0.595ms
[166.517s][info][gc] GC(4601) Pause Young (Allocation Failure) 10M->6M(15M) 0.642ms
[166.523s][info][gc] GC(4602) Pause Young (Allocation Failure) 10M->6M(15M) 0.644ms
[166.533s][info][gc] GC(4603) Pause Young (Allocation Failure) 10M->6M(15M) 0.624ms
[166.538s][info][gc] GC(4604) Pause Young (Allocation Failure) 10M->6M(15M) 0.424ms
[166.544s][info][gc] GC(4605) Pause Young (Allocation Failure) 10M->6M(15M) 0.451ms
[166.549s][info][gc] GC(4606) Pause Young (Allocation Failure) 10M->6M(15M) 0.406ms
[166.558s][info][gc] GC(4607) Pause Young (Allocation Failure) 10M->6M(15M) 0.497ms
[166.564s][info][gc] GC(4608) Pause Young (Allocation Failure) 10M->6M(15M) 0.678ms
[166.576s][info][gc] GC(4609) Pause Young (Allocation Failure) 10M->6M(15M) 0.529ms
[166.581s][info][gc] GC(4610) Pause Young (Allocation Failure) 10M->6M(15M) 0.882ms
[166.591s][info][gc] GC(4611) Pause Young (Allocation Failure) 10M->6M(15M) 0.758ms
[166.598s][info][gc] GC(4612) Pause Young (Allocation Failure) 10M->6M(15M) 0.526ms
[166.603s][info][gc] GC(4613) Pause Young (Allocation Failure) 10M->6M(15M) 0.507ms
[166.610s][info][gc] GC(4614) Pause Young (Allocation Failure) 10M->6M(15M) 0.565ms
[166.616s][info][gc] GC(4615) Pause Young (Allocation Failure) 10M->6M(15M) 0.722ms
[166.622s][info][gc] GC(4616) Pause Young (Allocation Failure) 10M->6M(15M) 0.735ms
[166.627s][info][gc] GC(4617) Pause Young (Allocation Failure) 10M->6M(15M) 0.592ms
[166.633s][info][gc] GC(4618) Pause Young (Allocation Failure) 10M->6M(15M) 0.653ms
[166.639s][info][gc] GC(4619) Pause Young (Allocation Failure) 10M->6M(15M) 0.670ms
[166.646s][info][gc] GC(4620) Pause Young (Allocation Failure) 10M->6M(15M) 0.571ms
[166.653s][info][gc] GC(4621) Pause Young (Allocation Failure) 10M->6M(15M) 0.683ms
[166.658s][info][gc] GC(4622) Pause Young (Allocation Failure) 10M->6M(15M) 0.403ms
[166.665s][info][gc] GC(4623) Pause Young (Allocation Failure) 10M->6M(15M) 0.405ms
[166.672s][info][gc] GC(4624) Pause Young (Allocation Failure) 10M->6M(15M) 0.436ms
[166.678s][info][gc] GC(4625) Pause Young (Allocation Failure) 10M->6M(15M) 0.440ms
[166.686s][info][gc] GC(4626) Pause Young (Allocation Failure) 10M->6M(15M) 0.671ms
[166.693s][info][gc] GC(4627) Pause Young (Allocation Failure) 10M->6M(15M) 0.501ms
[166.698s][info][gc] GC(4628) Pause Young (Allocation Failure) 10M->6M(15M) 0.486ms
[166.704s][info][gc] GC(4629) Pause Young (Allocation Failure) 10M->6M(15M) 0.523ms
[166.710s][info][gc] GC(4630) Pause Young (Allocation Failure) 10M->6M(15M) 0.544ms
[166.716s][info][gc] GC(4631) Pause Young (Allocation Failure) 10M->6M(15M) 0.773ms
[166.722s][info][gc] GC(4632) Pause Young (Allocation Failure) 10M->6M(15M) 0.614ms
[166.727s][info][gc] GC(4633) Pause Young (Allocation Failure) 10M->6M(15M) 0.547ms
[166.733s][info][gc] GC(4634) Pause Young (Allocation Failure) 10M->6M(15M) 0.563ms
[166.738s][info][gc] GC(4635) Pause Young (Allocation Failure) 10M->6M(15M) 0.558ms
[166.745s][info][gc] GC(4636) Pause Young (Allocation Failure) 10M->6M(15M) 0.682ms
[166.750s][info][gc] GC(4637) Pause Young (Allocation Failure) 10M->6M(15M) 0.684ms
[166.757s][info][gc] GC(4638) Pause Young (Allocation Failure) 10M->6M(15M) 0.610ms
[166.763s][info][gc] GC(4639) Pause Young (Allocation Failure) 10M->6M(15M) 0.587ms
[166.769s][info][gc] GC(4640) Pause Young (Allocation Failure) 10M->6M(15M) 1.282ms
[166.774s][info][gc] GC(4641) Pause Young (Allocation Failure) 10M->6M(15M) 0.595ms
[166.779s][info][gc] GC(4642) Pause Young (Allocation Failure) 10M->6M(15M) 0.502ms
[166.785s][info][gc] GC(4643) Pause Young (Allocation Failure) 10M->6M(15M) 0.459ms
[166.791s][info][gc] GC(4644) Pause Young (Allocation Failure) 10M->6M(15M) 0.459ms
[166.797s][info][gc] GC(4645) Pause Young (Allocation Failure) 10M->6M(15M) 0.391ms
[166.803s][info][gc] GC(4646) Pause Young (Allocation Failure) 10M->6M(15M) 0.518ms
[166.808s][info][gc] GC(4647) Pause Young (Allocation Failure) 10M->6M(15M) 0.979ms
[166.814s][info][gc] GC(4648) Pause Young (Allocation Failure) 10M->6M(15M) 0.505ms
[166.822s][info][gc] GC(4649) Pause Young (Allocation Failure) 10M->6M(15M) 0.899ms
[166.829s][info][gc] GC(4650) Pause Young (Allocation Failure) 10M->6M(15M) 0.471ms
[166.838s][info][gc] GC(4651) Pause Young (Allocation Failure) 10M->6M(15M) 0.721ms
[166.847s][info][gc] GC(4652) Pause Young (Allocation Failure) 10M->6M(15M) 0.799ms
[166.857s][info][gc] GC(4653) Pause Young (Allocation Failure) 10M->6M(15M) 0.766ms
[166.868s][info][gc] GC(4654) Pause Young (Allocation Failure) 10M->6M(15M) 0.791ms
[166.879s][info][gc] GC(4655) Pause Young (Allocation Failure) 10M->6M(15M) 0.750ms
[166.884s][info][gc] GC(4656) Pause Young (Allocation Failure) 10M->6M(15M) 0.529ms
[166.893s][info][gc] GC(4657) Pause Young (Allocation Failure) 10M->6M(15M) 0.606ms
[166.903s][info][gc] GC(4658) Pause Young (Allocation Failure) 10M->6M(15M) 0.981ms
[166.912s][info][gc] GC(4659) Pause Young (Allocation Failure) 10M->6M(15M) 0.770ms
[166.919s][info][gc] GC(4660) Pause Young (Allocation Failure) 10M->6M(15M) 0.630ms
[166.925s][info][gc] GC(4661) Pause Young (Allocation Failure) 10M->6M(15M) 0.826ms
[166.933s][info][gc] GC(4662) Pause Young (Allocation Failure) 10M->6M(15M) 0.590ms
[166.938s][info][gc] GC(4663) Pause Young (Allocation Failure) 10M->6M(15M) 0.841ms
[166.947s][info][gc] GC(4664) Pause Young (Allocation Failure) 10M->6M(15M) 0.606ms
[166.955s][info][gc] GC(4665) Pause Young (Allocation Failure) 10M->6M(15M) 0.922ms
[166.962s][info][gc] GC(4666) Pause Young (Allocation Failure) 10M->6M(15M) 0.598ms
[166.967s][info][gc] GC(4667) Pause Young (Allocation Failure) 10M->6M(15M) 0.593ms
[166.974s][info][gc] GC(4668) Pause Young (Allocation Failure) 10M->6M(15M) 0.633ms
[166.979s][info][gc] GC(4669) Pause Young (Allocation Failure) 10M->6M(15M) 0.454ms
[166.985s][info][gc] GC(4670) Pause Young (Allocation Failure) 10M->6M(15M) 0.443ms
[166.990s][info][gc] GC(4671) Pause Young (Allocation Failure) 10M->6M(15M) 0.526ms
[166.998s][info][gc] GC(4672) Pause Young (Allocation Failure) 10M->6M(15M) 0.443ms
[167.003s][info][gc] GC(4673) Pause Young (Allocation Failure) 10M->6M(15M) 0.445ms
[167.009s][info][gc] GC(4674) Pause Young (Allocation Failure) 10M->6M(15M) 0.829ms
[167.015s][info][gc] GC(4675) Pause Young (Allocation Failure) 10M->6M(15M) 0.502ms
[167.020s][info][gc] GC(4676) Pause Young (Allocation Failure) 10M->6M(15M) 0.525ms
[167.027s][info][gc] GC(4677) Pause Young (Allocation Failure) 10M->6M(15M) 0.606ms
[167.032s][info][gc] GC(4678) Pause Young (Allocation Failure) 10M->6M(15M) 0.541ms
[167.040s][info][gc] GC(4679) Pause Young (Allocation Failure) 10M->6M(15M) 0.587ms
[167.046s][info][gc] GC(4680) Pause Young (Allocation Failure) 10M->6M(15M) 0.793ms
[167.052s][info][gc] GC(4681) Pause Young (Allocation Failure) 10M->6M(15M) 0.584ms
[167.058s][info][gc] GC(4682) Pause Young (Allocation Failure) 10M->6M(15M) 0.611ms
[167.065s][info][gc] GC(4683) Pause Young (Allocation Failure) 10M->6M(15M) 0.695ms
[167.070s][info][gc] GC(4684) Pause Young (Allocation Failure) 10M->6M(15M) 0.690ms
[167.076s][info][gc] GC(4685) Pause Young (Allocation Failure) 10M->6M(15M) 0.885ms
[167.081s][info][gc] GC(4686) Pause Young (Allocation Failure) 10M->6M(15M) 0.524ms
[167.088s][info][gc] GC(4687) Pause Young (Allocation Failure) 10M->6M(15M) 0.765ms
[167.096s][info][gc] GC(4688) Pause Young (Allocation Failure) 10M->6M(15M) 0.689ms
[167.101s][info][gc] GC(4689) Pause Young (Allocation Failure) 10M->6M(15M) 0.897ms
[167.107s][info][gc] GC(4690) Pause Young (Allocation Failure) 10M->6M(15M) 0.439ms
[167.115s][info][gc] GC(4691) Pause Young (Allocation Failure) 10M->6M(15M) 0.807ms
[167.121s][info][gc] GC(4692) Pause Young (Allocation Failure) 10M->6M(15M) 0.450ms
[167.126s][info][gc] GC(4693) Pause Young (Allocation Failure) 10M->6M(15M) 0.431ms
[167.132s][info][gc] GC(4694) Pause Young (Allocation Failure) 10M->6M(15M) 0.501ms
[167.139s][info][gc] GC(4695) Pause Young (Allocation Failure) 10M->6M(15M) 0.461ms
[167.145s][info][gc] GC(4696) Pause Young (Allocation Failure) 10M->6M(15M) 0.467ms
[167.150s][info][gc] GC(4697) Pause Young (Allocation Failure) 10M->6M(15M) 0.459ms
[167.156s][info][gc] GC(4698) Pause Young (Allocation Failure) 10M->6M(15M) 0.836ms
[167.164s][info][gc] GC(4699) Pause Young (Allocation Failure) 10M->6M(15M) 0.534ms
[167.170s][info][gc] GC(4700) Pause Young (Allocation Failure) 10M->6M(15M) 0.867ms
[167.176s][info][gc] GC(4701) Pause Young (Allocation Failure) 10M->6M(15M) 0.782ms
[167.181s][info][gc] GC(4702) Pause Young (Allocation Failure) 10M->6M(15M) 0.572ms
[167.187s][info][gc] GC(4703) Pause Young (Allocation Failure) 10M->6M(15M) 0.642ms
[167.192s][info][gc] GC(4704) Pause Young (Allocation Failure) 10M->6M(15M) 0.675ms
[167.199s][info][gc] GC(4705) Pause Young (Allocation Failure) 10M->6M(15M) 0.681ms
[167.204s][info][gc] GC(4706) Pause Young (Allocation Failure) 10M->6M(15M) 0.582ms
[167.210s][info][gc] GC(4707) Pause Young (Allocation Failure) 10M->6M(15M) 0.986ms
[167.218s][info][gc] GC(4708) Pause Young (Allocation Failure) 10M->6M(15M) 0.665ms
[167.225s][info][gc] GC(4709) Pause Young (Allocation Failure) 10M->6M(15M) 0.804ms
[167.232s][info][gc] GC(4710) Pause Young (Allocation Failure) 10M->6M(15M) 0.425ms
[167.242s][info][gc] GC(4711) Pause Young (Allocation Failure) 10M->6M(15M) 1.719ms
[167.250s][info][gc] GC(4712) Pause Young (Allocation Failure) 10M->6M(15M) 0.688ms
[167.258s][info][gc] GC(4713) Pause Young (Allocation Failure) 10M->6M(15M) 0.493ms
[167.267s][info][gc] GC(4714) Pause Young (Allocation Failure) 10M->6M(15M) 0.492ms
[167.273s][info][gc] GC(4715) Pause Young (Allocation Failure) 10M->6M(15M) 0.488ms
[167.282s][info][gc] GC(4716) Pause Young (Allocation Failure) 10M->6M(15M) 0.499ms
[167.287s][info][gc] GC(4717) Pause Young (Allocation Failure) 10M->6M(15M) 0.720ms
[167.295s][info][gc] GC(4718) Pause Young (Allocation Failure) 10M->6M(15M) 0.518ms
[167.304s][info][gc] GC(4719) Pause Young (Allocation Failure) 10M->6M(15M) 0.803ms
[167.309s][info][gc] GC(4720) Pause Young (Allocation Failure) 10M->6M(15M) 0.674ms
[167.314s][info][gc] GC(4721) Pause Young (Allocation Failure) 10M->6M(15M) 0.570ms
[167.322s][info][gc] GC(4722) Pause Young (Allocation Failure) 10M->6M(15M) 0.589ms
[167.328s][info][gc] GC(4723) Pause Young (Allocation Failure) 10M->6M(15M) 0.724ms
[167.335s][info][gc] GC(4724) Pause Young (Allocation Failure) 10M->6M(15M) 0.822ms
[167.344s][info][gc] GC(4725) Pause Young (Allocation Failure) 10M->6M(15M) 0.599ms
[167.351s][info][gc] GC(4726) Pause Young (Allocation Failure) 10M->6M(15M) 0.900ms
[167.359s][info][gc] GC(4727) Pause Young (Allocation Failure) 10M->6M(15M) 0.563ms
[167.364s][info][gc] GC(4728) Pause Young (Allocation Failure) 10M->6M(15M) 0.673ms
[167.372s][info][gc] GC(4729) Pause Young (Allocation Failure) 10M->6M(15M) 0.577ms
[167.377s][info][gc] GC(4730) Pause Young (Allocation Failure) 10M->6M(15M) 0.537ms
[167.384s][info][gc] GC(4731) Pause Young (Allocation Failure) 10M->6M(15M) 0.481ms
[167.389s][info][gc] GC(4732) Pause Young (Allocation Failure) 10M->6M(15M) 0.391ms
[167.394s][info][gc] GC(4733) Pause Young (Allocation Failure) 10M->6M(15M) 0.426ms
[167.401s][info][gc] GC(4734) Pause Young (Allocation Failure) 10M->6M(15M) 0.471ms
[167.406s][info][gc] GC(4735) Pause Young (Allocation Failure) 10M->6M(15M) 0.636ms
[167.413s][info][gc] GC(4736) Pause Young (Allocation Failure) 10M->6M(15M) 0.533ms
[167.418s][info][gc] GC(4737) Pause Young (Allocation Failure) 10M->6M(15M) 0.462ms
[167.425s][info][gc] GC(4738) Pause Young (Allocation Failure) 10M->6M(15M) 0.486ms
[167.430s][info][gc] GC(4739) Pause Young (Allocation Failure) 10M->6M(15M) 0.500ms
[167.435s][info][gc] GC(4740) Pause Young (Allocation Failure) 10M->6M(15M) 0.888ms
[167.441s][info][gc] GC(4741) Pause Young (Allocation Failure) 10M->6M(15M) 0.527ms
[167.446s][info][gc] GC(4742) Pause Young (Allocation Failure) 10M->6M(15M) 0.545ms
[167.454s][info][gc] GC(4743) Pause Young (Allocation Failure) 10M->6M(15M) 0.541ms
[167.459s][info][gc] GC(4744) Pause Young (Allocation Failure) 10M->6M(15M) 0.518ms
[167.466s][info][gc] GC(4745) Pause Young (Allocation Failure) 10M->6M(15M) 0.573ms
[167.471s][info][gc] GC(4746) Pause Young (Allocation Failure) 10M->6M(15M) 0.649ms
[167.478s][info][gc] GC(4747) Pause Young (Allocation Failure) 10M->6M(15M) 1.033ms
[167.484s][info][gc] GC(4748) Pause Young (Allocation Failure) 10M->6M(15M) 0.663ms
[167.491s][info][gc] GC(4749) Pause Young (Allocation Failure) 10M->6M(15M) 0.663ms
[167.496s][info][gc] GC(4750) Pause Young (Allocation Failure) 10M->6M(15M) 0.579ms
[167.503s][info][gc] GC(4751) Pause Young (Allocation Failure) 10M->6M(15M) 1.055ms
[167.508s][info][gc] GC(4752) Pause Young (Allocation Failure) 10M->6M(15M) 0.425ms
[167.516s][info][gc] GC(4753) Pause Young (Allocation Failure) 10M->6M(15M) 0.595ms
[167.521s][info][gc] GC(4754) Pause Young (Allocation Failure) 10M->6M(15M) 0.433ms
[167.527s][info][gc] GC(4755) Pause Young (Allocation Failure) 10M->6M(15M) 0.533ms
[167.534s][info][gc] GC(4756) Pause Young (Allocation Failure) 10M->6M(15M) 0.470ms
[167.539s][info][gc] GC(4757) Pause Young (Allocation Failure) 10M->6M(15M) 0.469ms
[167.545s][info][gc] GC(4758) Pause Young (Allocation Failure) 10M->6M(15M) 0.509ms
[167.550s][info][gc] GC(4759) Pause Young (Allocation Failure) 10M->6M(15M) 0.470ms
[167.556s][info][gc] GC(4760) Pause Young (Allocation Failure) 10M->6M(15M) 0.888ms
[167.563s][info][gc] GC(4761) Pause Young (Allocation Failure) 10M->6M(15M) 0.516ms
[167.568s][info][gc] GC(4762) Pause Young (Allocation Failure) 10M->6M(15M) 0.645ms
[167.574s][info][gc] GC(4763) Pause Young (Allocation Failure) 10M->6M(15M) 0.518ms
[167.579s][info][gc] GC(4764) Pause Young (Allocation Failure) 10M->6M(15M) 0.509ms
[167.585s][info][gc] GC(4765) Pause Young (Allocation Failure) 10M->6M(15M) 0.570ms
[167.591s][info][gc] GC(4766) Pause Young (Allocation Failure) 10M->6M(15M) 0.813ms
[167.597s][info][gc] GC(4767) Pause Young (Allocation Failure) 10M->6M(15M) 0.638ms
[167.602s][info][gc] GC(4768) Pause Young (Allocation Failure) 10M->6M(15M) 0.564ms
[167.608s][info][gc] GC(4769) Pause Young (Allocation Failure) 10M->6M(15M) 0.721ms
[167.615s][info][gc] GC(4770) Pause Young (Allocation Failure) 10M->6M(15M) 0.611ms
[167.621s][info][gc] GC(4771) Pause Young (Allocation Failure) 10M->6M(15M) 0.616ms
[167.627s][info][gc] GC(4772) Pause Young (Allocation Failure) 10M->6M(15M) 0.432ms
[167.633s][info][gc] GC(4773) Pause Young (Allocation Failure) 10M->6M(15M) 0.504ms
[167.640s][info][gc] GC(4774) Pause Young (Allocation Failure) 10M->6M(15M) 0.476ms
[167.645s][info][gc] GC(4775) Pause Young (Allocation Failure) 10M->6M(15M) 0.436ms
[167.652s][info][gc] GC(4776) Pause Young (Allocation Failure) 10M->6M(15M) 0.493ms
[167.657s][info][gc] GC(4777) Pause Young (Allocation Failure) 10M->6M(15M) 0.474ms
[167.663s][info][gc] GC(4778) Pause Young (Allocation Failure) 10M->6M(15M) 0.731ms
[167.669s][info][gc] GC(4779) Pause Young (Allocation Failure) 10M->6M(15M) 0.579ms
[167.675s][info][gc] GC(4780) Pause Young (Allocation Failure) 10M->6M(15M) 0.519ms
[167.682s][info][gc] GC(4781) Pause Young (Allocation Failure) 10M->6M(15M) 0.735ms
[167.691s][info][gc] GC(4782) Pause Young (Allocation Failure) 10M->6M(15M) 0.882ms
[167.696s][info][gc] GC(4783) Pause Young (Allocation Failure) 10M->6M(15M) 0.609ms
[167.702s][info][gc] GC(4784) Pause Young (Allocation Failure) 10M->6M(15M) 0.882ms
[167.708s][info][gc] GC(4785) Pause Young (Allocation Failure) 10M->6M(15M) 0.577ms
[167.713s][info][gc] GC(4786) Pause Young (Allocation Failure) 10M->6M(15M) 0.560ms
[167.720s][info][gc] GC(4787) Pause Young (Allocation Failure) 10M->6M(15M) 0.681ms
[167.725s][info][gc] GC(4788) Pause Young (Allocation Failure) 10M->6M(15M) 0.765ms
[167.731s][info][gc] GC(4789) Pause Young (Allocation Failure) 10M->6M(15M) 0.625ms
[167.737s][info][gc] GC(4790) Pause Young (Allocation Failure) 10M->6M(15M) 0.600ms
[167.743s][info][gc] GC(4791) Pause Young (Allocation Failure) 10M->6M(15M) 1.033ms
[167.750s][info][gc] GC(4792) Pause Young (Allocation Failure) 10M->6M(15M) 0.631ms
[167.755s][info][gc] GC(4793) Pause Young (Allocation Failure) 10M->6M(15M) 0.760ms
[167.761s][info][gc] GC(4794) Pause Young (Allocation Failure) 10M->6M(15M) 0.400ms
[167.767s][info][gc] GC(4795) Pause Young (Allocation Failure) 10M->6M(15M) 0.427ms
[167.774s][info][gc] GC(4796) Pause Young (Allocation Failure) 10M->6M(15M) 0.455ms
[167.779s][info][gc] GC(4797) Pause Young (Allocation Failure) 10M->6M(15M) 0.442ms
[167.786s][info][gc] GC(4798) Pause Young (Allocation Failure) 10M->6M(15M) 0.510ms
[167.791s][info][gc] GC(4799) Pause Young (Allocation Failure) 10M->6M(15M) 0.459ms
[167.798s][info][gc] GC(4800) Pause Young (Allocation Failure) 10M->6M(15M) 0.533ms
[167.802s][info][gc] GC(4801) Pause Young (Allocation Failure) 10M->6M(15M) 0.502ms
[167.808s][info][gc] GC(4802) Pause Young (Allocation Failure) 10M->6M(15M) 0.694ms
[167.815s][info][gc] GC(4803) Pause Young (Allocation Failure) 10M->6M(15M) 0.688ms
[167.821s][info][gc] GC(4804) Pause Young (Allocation Failure) 10M->6M(15M) 0.521ms
[167.829s][info][gc] GC(4805) Pause Young (Allocation Failure) 10M->6M(15M) 0.804ms
[167.836s][info][gc] GC(4806) Pause Young (Allocation Failure) 10M->6M(15M) 0.821ms
[167.846s][info][gc] GC(4807) Pause Young (Allocation Failure) 10M->6M(15M) 0.879ms
[167.855s][info][gc] GC(4808) Pause Young (Allocation Failure) 10M->6M(15M) 0.710ms
[167.861s][info][gc] GC(4809) Pause Young (Allocation Failure) 10M->6M(15M) 0.855ms
[167.869s][info][gc] GC(4810) Pause Young (Allocation Failure) 10M->6M(15M) 0.606ms
[167.874s][info][gc] GC(4811) Pause Young (Allocation Failure) 10M->6M(15M) 0.606ms
[167.882s][info][gc] GC(4812) Pause Young (Allocation Failure) 10M->6M(15M) 0.584ms
[167.887s][info][gc] GC(4813) Pause Young (Allocation Failure) 10M->6M(15M) 0.595ms
[167.894s][info][gc] GC(4814) Pause Young (Allocation Failure) 10M->6M(15M) 0.646ms
[167.900s][info][gc] GC(4815) Pause Young (Allocation Failure) 10M->6M(15M) 0.589ms
[167.906s][info][gc] GC(4816) Pause Young (Allocation Failure) 10M->6M(15M) 0.424ms
[167.913s][info][gc] GC(4817) Pause Young (Allocation Failure) 10M->6M(15M) 0.445ms
[167.923s][info][gc] GC(4818) Pause Young (Allocation Failure) 10M->6M(15M) 0.443ms
[167.928s][info][gc] GC(4819) Pause Young (Allocation Failure) 10M->6M(15M) 0.464ms
[167.934s][info][gc] GC(4820) Pause Young (Allocation Failure) 10M->6M(15M) 0.485ms
[167.939s][info][gc] GC(4821) Pause Young (Allocation Failure) 10M->6M(15M) 0.456ms
[167.946s][info][gc] GC(4822) Pause Young (Allocation Failure) 10M->6M(15M) 0.523ms
[167.952s][info][gc] GC(4823) Pause Young (Allocation Failure) 10M->6M(15M) 0.491ms
[167.960s][info][gc] GC(4824) Pause Young (Allocation Failure) 10M->6M(15M) 0.516ms
[167.965s][info][gc] GC(4825) Pause Young (Allocation Failure) 10M->6M(15M) 0.463ms
[167.971s][info][gc] GC(4826) Pause Young (Allocation Failure) 10M->6M(15M) 0.556ms
[167.976s][info][gc] GC(4827) Pause Young (Allocation Failure) 10M->6M(15M) 0.530ms
[167.982s][info][gc] GC(4828) Pause Young (Allocation Failure) 10M->6M(15M) 0.527ms
[167.988s][info][gc] GC(4829) Pause Young (Allocation Failure) 10M->6M(15M) 0.538ms
[167.993s][info][gc] GC(4830) Pause Young (Allocation Failure) 10M->6M(15M) 0.564ms
[168.000s][info][gc] GC(4831) Pause Young (Allocation Failure) 10M->6M(15M) 0.582ms
[168.007s][info][gc] GC(4832) Pause Young (Allocation Failure) 10M->6M(15M) 0.556ms
[168.013s][info][gc] GC(4833) Pause Young (Allocation Failure) 10M->6M(15M) 0.650ms
[168.019s][info][gc] GC(4834) Pause Young (Allocation Failure) 10M->6M(15M) 0.710ms
[168.026s][info][gc] GC(4835) Pause Young (Allocation Failure) 10M->6M(15M) 0.668ms
[168.031s][info][gc] GC(4836) Pause Young (Allocation Failure) 10M->6M(15M) 0.536ms
[168.038s][info][gc] GC(4837) Pause Young (Allocation Failure) 10M->6M(15M) 0.887ms
[168.043s][info][gc] GC(4838) Pause Young (Allocation Failure) 10M->6M(15M) 0.627ms
[168.048s][info][gc] GC(4839) Pause Young (Allocation Failure) 10M->6M(15M) 0.469ms
[168.055s][info][gc] GC(4840) Pause Young (Allocation Failure) 10M->6M(15M) 0.624ms
[168.064s][info][gc] GC(4841) Pause Young (Allocation Failure) 10M->6M(15M) 0.692ms
[168.069s][info][gc] GC(4842) Pause Young (Allocation Failure) 10M->6M(15M) 0.413ms
[168.076s][info][gc] GC(4843) Pause Young (Allocation Failure) 10M->6M(15M) 0.685ms
[168.084s][info][gc] GC(4844) Pause Young (Allocation Failure) 10M->6M(15M) 0.487ms
[168.089s][info][gc] GC(4845) Pause Young (Allocation Failure) 10M->6M(15M) 0.731ms
[168.095s][info][gc] GC(4846) Pause Young (Allocation Failure) 10M->6M(15M) 0.500ms
[168.100s][info][gc] GC(4847) Pause Young (Allocation Failure) 10M->6M(15M) 0.506ms
[168.106s][info][gc] GC(4848) Pause Young (Allocation Failure) 10M->6M(15M) 0.517ms
[168.112s][info][gc] GC(4849) Pause Young (Allocation Failure) 10M->6M(15M) 0.552ms
[168.119s][info][gc] GC(4850) Pause Young (Allocation Failure) 10M->6M(15M) 0.908ms
[168.124s][info][gc] GC(4851) Pause Young (Allocation Failure) 10M->6M(15M) 0.569ms
[168.131s][info][gc] GC(4852) Pause Young (Allocation Failure) 10M->6M(15M) 1.075ms
[168.137s][info][gc] GC(4853) Pause Young (Allocation Failure) 10M->6M(15M) 0.602ms
[168.144s][info][gc] GC(4854) Pause Young (Allocation Failure) 10M->6M(15M) 1.120ms
[168.149s][info][gc] GC(4855) Pause Young (Allocation Failure) 10M->6M(15M) 0.668ms
[168.154s][info][gc] GC(4856) Pause Young (Allocation Failure) 10M->6M(15M) 0.713ms
[168.161s][info][gc] GC(4857) Pause Young (Allocation Failure) 10M->6M(15M) 0.597ms
[168.168s][info][gc] GC(4858) Pause Young (Allocation Failure) 10M->6M(15M) 0.614ms
[168.174s][info][gc] GC(4859) Pause Young (Allocation Failure) 10M->6M(15M) 0.416ms
[168.180s][info][gc] GC(4860) Pause Young (Allocation Failure) 10M->6M(15M) 0.459ms
[168.186s][info][gc] GC(4861) Pause Young (Allocation Failure) 10M->6M(15M) 0.467ms
[168.192s][info][gc] GC(4862) Pause Young (Allocation Failure) 10M->6M(15M) 0.467ms
[168.199s][info][gc] GC(4863) Pause Young (Allocation Failure) 10M->6M(15M) 0.462ms
[168.205s][info][gc] GC(4864) Pause Young (Allocation Failure) 10M->6M(15M) 0.462ms
[168.212s][info][gc] GC(4865) Pause Young (Allocation Failure) 10M->6M(15M) 0.630ms
[168.219s][info][gc] GC(4866) Pause Young (Allocation Failure) 10M->6M(15M) 0.812ms
[168.226s][info][gc] GC(4867) Pause Young (Allocation Failure) 10M->6M(15M) 0.529ms
[168.232s][info][gc] GC(4868) Pause Young (Allocation Failure) 10M->6M(15M) 0.537ms
[168.240s][info][gc] GC(4869) Pause Young (Allocation Failure) 10M->6M(15M) 0.735ms
[168.245s][info][gc] GC(4870) Pause Young (Allocation Failure) 10M->6M(15M) 0.591ms
[168.253s][info][gc] GC(4871) Pause Young (Allocation Failure) 10M->6M(15M) 0.679ms
[168.261s][info][gc] GC(4872) Pause Young (Allocation Failure) 10M->6M(15M) 0.957ms
[168.269s][info][gc] GC(4873) Pause Young (Allocation Failure) 10M->6M(15M) 0.583ms
[168.275s][info][gc] GC(4874) Pause Young (Allocation Failure) 10M->6M(15M) 0.792ms
[168.282s][info][gc] GC(4875) Pause Young (Allocation Failure) 10M->6M(15M) 0.595ms
[168.287s][info][gc] GC(4876) Pause Young (Allocation Failure) 10M->6M(15M) 0.598ms
[168.293s][info][gc] GC(4877) Pause Young (Allocation Failure) 10M->6M(15M) 0.622ms
[168.298s][info][gc] GC(4878) Pause Young (Allocation Failure) 10M->6M(15M) 0.438ms
[168.305s][info][gc] GC(4879) Pause Young (Allocation Failure) 10M->6M(15M) 0.460ms
[168.310s][info][gc] GC(4880) Pause Young (Allocation Failure) 10M->6M(15M) 0.425ms
[168.315s][info][gc] GC(4881) Pause Young (Allocation Failure) 10M->6M(15M) 0.411ms
[168.321s][info][gc] GC(4882) Pause Young (Allocation Failure) 10M->6M(15M) 0.465ms
[168.326s][info][gc] GC(4883) Pause Young (Allocation Failure) 10M->6M(15M) 0.426ms
[168.333s][info][gc] GC(4884) Pause Young (Allocation Failure) 10M->6M(15M) 0.555ms
[168.338s][info][gc] GC(4885) Pause Young (Allocation Failure) 10M->6M(15M) 0.518ms
[168.344s][info][gc] GC(4886) Pause Young (Allocation Failure) 10M->6M(15M) 0.912ms
[168.351s][info][gc] GC(4887) Pause Young (Allocation Failure) 10M->6M(15M) 0.569ms
[168.356s][info][gc] GC(4888) Pause Young (Allocation Failure) 10M->6M(15M) 0.929ms
[168.362s][info][gc] GC(4889) Pause Young (Allocation Failure) 10M->6M(15M) 0.552ms
[168.367s][info][gc] GC(4890) Pause Young (Allocation Failure) 10M->6M(15M) 0.557ms
[168.375s][info][gc] GC(4891) Pause Young (Allocation Failure) 10M->6M(15M) 0.619ms
[168.381s][info][gc] GC(4892) Pause Young (Allocation Failure) 10M->6M(15M) 0.600ms
[168.387s][info][gc] GC(4893) Pause Young (Allocation Failure) 10M->6M(15M) 0.661ms
[168.392s][info][gc] GC(4894) Pause Young (Allocation Failure) 10M->6M(15M) 0.540ms
[168.399s][info][gc] GC(4895) Pause Young (Allocation Failure) 10M->6M(15M) 0.751ms
[168.404s][info][gc] GC(4896) Pause Young (Allocation Failure) 10M->6M(15M) 0.570ms
[168.412s][info][gc] GC(4897) Pause Young (Allocation Failure) 10M->6M(15M) 0.803ms
[168.417s][info][gc] GC(4898) Pause Young (Allocation Failure) 10M->6M(15M) 0.426ms
[168.422s][info][gc] GC(4899) Pause Young (Allocation Failure) 10M->6M(15M) 0.435ms
[168.428s][info][gc] GC(4900) Pause Young (Allocation Failure) 10M->6M(15M) 0.443ms
[168.433s][info][gc] GC(4901) Pause Young (Allocation Failure) 10M->6M(15M) 0.439ms
[168.440s][info][gc] GC(4902) Pause Young (Allocation Failure) 10M->6M(15M) 0.505ms
[168.445s][info][gc] GC(4903) Pause Young (Allocation Failure) 10M->6M(15M) 0.483ms
[168.451s][info][gc] GC(4904) Pause Young (Allocation Failure) 10M->6M(15M) 0.799ms
[168.456s][info][gc] GC(4905) Pause Young (Allocation Failure) 10M->6M(15M) 0.505ms
[168.463s][info][gc] GC(4906) Pause Young (Allocation Failure) 10M->6M(15M) 0.802ms
[168.470s][info][gc] GC(4907) Pause Young (Allocation Failure) 10M->6M(15M) 0.561ms
[168.475s][info][gc] GC(4908) Pause Young (Allocation Failure) 10M->6M(15M) 0.589ms
[168.481s][info][gc] GC(4909) Pause Young (Allocation Failure) 10M->6M(15M) 0.566ms
[168.487s][info][gc] GC(4910) Pause Young (Allocation Failure) 10M->6M(15M) 0.573ms
[168.494s][info][gc] GC(4911) Pause Young (Allocation Failure) 10M->6M(15M) 0.644ms
[168.499s][info][gc] GC(4912) Pause Young (Allocation Failure) 10M->6M(15M) 0.611ms
[168.506s][info][gc] GC(4913) Pause Young (Allocation Failure) 10M->6M(15M) 0.603ms
[168.511s][info][gc] GC(4914) Pause Young (Allocation Failure) 10M->6M(15M) 0.617ms
[168.517s][info][gc] GC(4915) Pause Young (Allocation Failure) 10M->6M(15M) 1.316ms
[168.523s][info][gc] GC(4916) Pause Young (Allocation Failure) 10M->6M(15M) 0.796ms
[168.533s][info][gc] GC(4917) Pause Young (Allocation Failure) 10M->6M(15M) 0.646ms
[168.539s][info][gc] GC(4918) Pause Young (Allocation Failure) 10M->6M(15M) 0.423ms
[168.545s][info][gc] GC(4919) Pause Young (Allocation Failure) 10M->6M(15M) 0.447ms
[168.550s][info][gc] GC(4920) Pause Young (Allocation Failure) 10M->6M(15M) 0.430ms
[168.555s][info][gc] GC(4921) Pause Young (Allocation Failure) 10M->6M(15M) 0.447ms
[168.561s][info][gc] GC(4922) Pause Young (Allocation Failure) 10M->6M(15M) 0.456ms
[168.566s][info][gc] GC(4923) Pause Young (Allocation Failure) 10M->6M(15M) 0.441ms
[168.574s][info][gc] GC(4924) Pause Young (Allocation Failure) 10M->6M(15M) 0.517ms
[168.579s][info][gc] GC(4925) Pause Young (Allocation Failure) 10M->6M(15M) 0.509ms
[168.585s][info][gc] GC(4926) Pause Young (Allocation Failure) 10M->6M(15M) 0.604ms
[168.590s][info][gc] GC(4927) Pause Young (Allocation Failure) 10M->6M(15M) 0.532ms
[168.595s][info][gc] GC(4928) Pause Young (Allocation Failure) 10M->6M(15M) 0.520ms
[168.602s][info][gc] GC(4929) Pause Young (Allocation Failure) 10M->6M(15M) 0.628ms
[168.609s][info][gc] GC(4930) Pause Young (Allocation Failure) 10M->6M(15M) 0.680ms
[168.615s][info][gc] GC(4931) Pause Young (Allocation Failure) 10M->6M(15M) 0.627ms
[168.620s][info][gc] GC(4932) Pause Young (Allocation Failure) 10M->6M(15M) 0.586ms
[168.627s][info][gc] GC(4933) Pause Young (Allocation Failure) 10M->6M(15M) 0.620ms
[168.632s][info][gc] GC(4934) Pause Young (Allocation Failure) 10M->6M(15M) 0.573ms
[168.639s][info][gc] GC(4935) Pause Young (Allocation Failure) 10M->6M(15M) 0.623ms
[168.643s][info][gc] GC(4936) Pause Young (Allocation Failure) 10M->6M(15M) 0.415ms
[168.649s][info][gc] GC(4937) Pause Young (Allocation Failure) 10M->6M(15M) 0.457ms
[168.655s][info][gc] GC(4938) Pause Young (Allocation Failure) 10M->6M(15M) 0.465ms
[168.660s][info][gc] GC(4939) Pause Young (Allocation Failure) 10M->6M(15M) 0.401ms
[168.668s][info][gc] GC(4940) Pause Young (Allocation Failure) 10M->6M(15M) 0.483ms
[168.674s][info][gc] GC(4941) Pause Young (Allocation Failure) 10M->6M(15M) 0.506ms
[168.684s][info][gc] GC(4942) Pause Young (Allocation Failure) 10M->6M(15M) 0.706ms
[168.692s][info][gc] GC(4943) Pause Young (Allocation Failure) 10M->6M(15M) 0.516ms
[168.698s][info][gc] GC(4944) Pause Young (Allocation Failure) 10M->6M(15M) 0.525ms
[168.705s][info][gc] GC(4945) Pause Young (Allocation Failure) 10M->6M(15M) 0.655ms
[168.710s][info][gc] GC(4946) Pause Young (Allocation Failure) 10M->6M(15M) 0.559ms
[168.716s][info][gc] GC(4947) Pause Young (Allocation Failure) 10M->6M(15M) 0.561ms
[168.722s][info][gc] GC(4948) Pause Young (Allocation Failure) 10M->6M(15M) 0.542ms
[168.727s][info][gc] GC(4949) Pause Young (Allocation Failure) 10M->6M(15M) 0.571ms
[168.733s][info][gc] GC(4950) Pause Young (Allocation Failure) 10M->6M(15M) 0.556ms
[168.738s][info][gc] GC(4951) Pause Young (Allocation Failure) 10M->6M(15M) 0.536ms
[168.745s][info][gc] GC(4952) Pause Young (Allocation Failure) 10M->6M(15M) 0.710ms
[168.751s][info][gc] GC(4953) Pause Young (Allocation Failure) 10M->6M(15M) 0.658ms
[168.757s][info][gc] GC(4954) Pause Young (Allocation Failure) 10M->6M(15M) 0.965ms
[168.763s][info][gc] GC(4955) Pause Young (Allocation Failure) 10M->6M(15M) 0.597ms
[168.768s][info][gc] GC(4956) Pause Young (Allocation Failure) 10M->6M(15M) 0.563ms
[168.774s][info][gc] GC(4957) Pause Young (Allocation Failure) 10M->6M(15M) 0.582ms
[168.779s][info][gc] GC(4958) Pause Young (Allocation Failure) 10M->6M(15M) 0.407ms
[168.786s][info][gc] GC(4959) Pause Young (Allocation Failure) 10M->6M(15M) 0.448ms
[168.791s][info][gc] GC(4960) Pause Young (Allocation Failure) 10M->6M(15M) 0.420ms
[168.796s][info][gc] GC(4961) Pause Young (Allocation Failure) 10M->6M(15M) 0.425ms
[168.802s][info][gc] GC(4962) Pause Young (Allocation Failure) 10M->6M(15M) 0.463ms
[168.807s][info][gc] GC(4963) Pause Young (Allocation Failure) 10M->6M(15M) 0.480ms
[168.814s][info][gc] GC(4964) Pause Young (Allocation Failure) 10M->6M(15M) 0.481ms
[168.820s][info][gc] GC(4965) Pause Young (Allocation Failure) 10M->6M(15M) 0.816ms
[168.827s][info][gc] GC(4966) Pause Young (Allocation Failure) 10M->6M(15M) 0.484ms
[168.832s][info][gc] GC(4967) Pause Young (Allocation Failure) 10M->6M(15M) 0.485ms
[168.839s][info][gc] GC(4968) Pause Young (Allocation Failure) 10M->6M(15M) 0.662ms
[168.845s][info][gc] GC(4969) Pause Young (Allocation Failure) 10M->6M(15M) 0.552ms
[168.852s][info][gc] GC(4970) Pause Young (Allocation Failure) 10M->6M(15M) 1.440ms
[168.858s][info][gc] GC(4971) Pause Young (Allocation Failure) 10M->6M(15M) 0.607ms
[168.864s][info][gc] GC(4972) Pause Young (Allocation Failure) 10M->6M(15M) 1.202ms
[168.871s][info][gc] GC(4973) Pause Young (Allocation Failure) 10M->6M(15M) 0.563ms
[168.877s][info][gc] GC(4974) Pause Young (Allocation Failure) 10M->6M(15M) 0.971ms
[168.883s][info][gc] GC(4975) Pause Young (Allocation Failure) 10M->6M(15M) 0.854ms
[168.888s][info][gc] GC(4976) Pause Young (Allocation Failure) 10M->6M(15M) 0.572ms
[168.895s][info][gc] GC(4977) Pause Young (Allocation Failure) 10M->6M(15M) 0.660ms
[168.901s][info][gc] GC(4978) Pause Young (Allocation Failure) 10M->6M(15M) 0.582ms
[168.907s][info][gc] GC(4979) Pause Young (Allocation Failure) 10M->6M(15M) 0.588ms
[168.913s][info][gc] GC(4980) Pause Young (Allocation Failure) 10M->6M(15M) 0.585ms
[168.920s][info][gc] GC(4981) Pause Young (Allocation Failure) 10M->6M(15M) 0.578ms
[168.925s][info][gc] GC(4982) Pause Young (Allocation Failure) 10M->6M(15M) 0.544ms
[168.932s][info][gc] GC(4983) Pause Young (Allocation Failure) 10M->6M(15M) 1.820ms
[168.942s][info][gc] GC(4984) Pause Young (Allocation Failure) 10M->6M(15M) 0.483ms
[168.948s][info][gc] GC(4985) Pause Young (Allocation Failure) 10M->6M(15M) 0.424ms
[168.953s][info][gc] GC(4986) Pause Young (Allocation Failure) 10M->6M(15M) 0.413ms
[168.959s][info][gc] GC(4987) Pause Young (Allocation Failure) 10M->6M(15M) 0.432ms
[168.965s][info][gc] GC(4988) Pause Young (Allocation Failure) 10M->6M(15M) 0.454ms
[168.970s][info][gc] GC(4989) Pause Young (Allocation Failure) 10M->6M(15M) 0.620ms
[168.976s][info][gc] GC(4990) Pause Young (Allocation Failure) 10M->6M(15M) 0.505ms
[168.981s][info][gc] GC(4991) Pause Young (Allocation Failure) 10M->6M(15M) 0.569ms
[168.987s][info][gc] GC(4992) Pause Young (Allocation Failure) 10M->6M(15M) 0.522ms
[168.992s][info][gc] GC(4993) Pause Young (Allocation Failure) 10M->6M(15M) 0.502ms
[168.999s][info][gc] GC(4994) Pause Young (Allocation Failure) 10M->6M(15M) 0.837ms
[169.004s][info][gc] GC(4995) Pause Young (Allocation Failure) 10M->6M(15M) 0.514ms
[169.009s][info][gc] GC(4996) Pause Young (Allocation Failure) 10M->6M(15M) 0.611ms
[169.015s][info][gc] GC(4997) Pause Young (Allocation Failure) 10M->6M(15M) 0.623ms
[169.020s][info][gc] GC(4998) Pause Young (Allocation Failure) 10M->6M(15M) 0.791ms
[169.027s][info][gc] GC(4999) Pause Young (Allocation Failure) 10M->6M(15M) 0.592ms
[169.032s][info][gc] GC(5000) Pause Young (Allocation Failure) 10M->6M(15M) 0.547ms
[169.037s][info][gc] GC(5001) Pause Young (Allocation Failure) 10M->6M(15M) 0.950ms
[169.044s][info][gc] GC(5002) Pause Young (Allocation Failure) 10M->6M(15M) 0.757ms
[169.049s][info][gc] GC(5003) Pause Young (Allocation Failure) 10M->6M(15M) 0.461ms
[169.055s][info][gc] GC(5004) Pause Young (Allocation Failure) 10M->6M(15M) 0.451ms
[169.061s][info][gc] GC(5005) Pause Young (Allocation Failure) 10M->6M(15M) 0.750ms
[169.071s][info][gc] GC(5006) Pause Young (Allocation Failure) 10M->6M(15M) 0.800ms
[169.080s][info][gc] GC(5007) Pause Young (Allocation Failure) 10M->6M(15M) 0.717ms
[169.087s][info][gc] GC(5008) Pause Young (Allocation Failure) 10M->6M(15M) 0.508ms
[169.095s][info][gc] GC(5009) Pause Young (Allocation Failure) 10M->6M(15M) 0.821ms
[169.102s][info][gc] GC(5010) Pause Young (Allocation Failure) 10M->6M(15M) 0.607ms
[169.110s][info][gc] GC(5011) Pause Young (Allocation Failure) 10M->6M(15M) 0.591ms
[169.115s][info][gc] GC(5012) Pause Young (Allocation Failure) 10M->6M(15M) 0.523ms
[169.123s][info][gc] GC(5013) Pause Young (Allocation Failure) 10M->6M(15M) 0.811ms
[169.129s][info][gc] GC(5014) Pause Young (Allocation Failure) 10M->6M(15M) 0.537ms
[169.136s][info][gc] GC(5015) Pause Young (Allocation Failure) 10M->6M(15M) 0.561ms
[169.143s][info][gc] GC(5016) Pause Young (Allocation Failure) 10M->6M(15M) 0.591ms
[169.150s][info][gc] GC(5017) Pause Young (Allocation Failure) 10M->6M(15M) 0.837ms
[169.156s][info][gc] GC(5018) Pause Young (Allocation Failure) 10M->6M(15M) 0.691ms
[169.163s][info][gc] GC(5019) Pause Young (Allocation Failure) 10M->6M(15M) 0.721ms
[169.169s][info][gc] GC(5020) Pause Young (Allocation Failure) 10M->6M(15M) 0.994ms
[169.178s][info][gc] GC(5021) Pause Young (Allocation Failure) 10M->6M(15M) 0.646ms
[169.187s][info][gc] GC(5022) Pause Young (Allocation Failure) 10M->6M(15M) 0.689ms
[169.193s][info][gc] GC(5023) Pause Young (Allocation Failure) 10M->6M(15M) 0.440ms
[169.200s][info][gc] GC(5024) Pause Young (Allocation Failure) 10M->6M(15M) 0.796ms
[169.206s][info][gc] GC(5025) Pause Young (Allocation Failure) 10M->6M(15M) 0.454ms
[169.213s][info][gc] GC(5026) Pause Young (Allocation Failure) 10M->6M(15M) 0.472ms
[169.218s][info][gc] GC(5027) Pause Young (Allocation Failure) 10M->6M(15M) 0.473ms
[169.226s][info][gc] GC(5028) Pause Young (Allocation Failure) 10M->6M(15M) 0.492ms
[169.233s][info][gc] GC(5029) Pause Young (Allocation Failure) 10M->6M(15M) 0.501ms
[169.239s][info][gc] GC(5030) Pause Young (Allocation Failure) 10M->6M(15M) 0.806ms
[169.246s][info][gc] GC(5031) Pause Young (Allocation Failure) 10M->6M(15M) 0.511ms
[169.253s][info][gc] GC(5032) Pause Young (Allocation Failure) 10M->6M(15M) 0.538ms
[169.259s][info][gc] GC(5033) Pause Young (Allocation Failure) 10M->6M(15M) 0.611ms
[169.267s][info][gc] GC(5034) Pause Young (Allocation Failure) 10M->6M(15M) 0.702ms
[169.272s][info][gc] GC(5035) Pause Young (Allocation Failure) 10M->6M(15M) 0.572ms
[169.279s][info][gc] GC(5036) Pause Young (Allocation Failure) 10M->6M(15M) 0.638ms
[169.285s][info][gc] GC(5037) Pause Young (Allocation Failure) 10M->6M(15M) 0.843ms
[169.291s][info][gc] GC(5038) Pause Young (Allocation Failure) 10M->6M(15M) 0.931ms
[169.298s][info][gc] GC(5039) Pause Young (Allocation Failure) 10M->6M(15M) 0.601ms
[169.304s][info][gc] GC(5040) Pause Young (Allocation Failure) 10M->6M(15M) 0.937ms
[169.310s][info][gc] GC(5041) Pause Young (Allocation Failure) 10M->6M(15M) 0.621ms
[169.315s][info][gc] GC(5042) Pause Young (Allocation Failure) 10M->6M(15M) 0.605ms
[169.322s][info][gc] GC(5043) Pause Young (Allocation Failure) 10M->6M(15M) 0.631ms
[169.327s][info][gc] GC(5044) Pause Young (Allocation Failure) 10M->6M(15M) 0.439ms
[169.333s][info][gc] GC(5045) Pause Young (Allocation Failure) 10M->6M(15M) 0.445ms
[169.338s][info][gc] GC(5046) Pause Young (Allocation Failure) 10M->6M(15M) 0.460ms
[169.344s][info][gc] GC(5047) Pause Young (Allocation Failure) 10M->6M(15M) 0.896ms
[169.350s][info][gc] GC(5048) Pause Young (Allocation Failure) 10M->6M(15M) 0.472ms
[169.354s][info][gc] GC(5049) Pause Young (Allocation Failure) 10M->6M(15M) 0.475ms
[169.361s][info][gc] GC(5050) Pause Young (Allocation Failure) 10M->6M(15M) 0.498ms
[169.366s][info][gc] GC(5051) Pause Young (Allocation Failure) 10M->6M(15M) 0.470ms
[169.373s][info][gc] GC(5052) Pause Young (Allocation Failure) 10M->6M(15M) 0.520ms
[169.378s][info][gc] GC(5053) Pause Young (Allocation Failure) 10M->6M(15M) 0.522ms
[169.383s][info][gc] GC(5054) Pause Young (Allocation Failure) 10M->6M(15M) 0.504ms
[169.390s][info][gc] GC(5055) Pause Young (Allocation Failure) 10M->6M(15M) 0.626ms
[169.395s][info][gc] GC(5056) Pause Young (Allocation Failure) 10M->6M(15M) 0.577ms
[169.403s][info][gc] GC(5057) Pause Young (Allocation Failure) 10M->6M(15M) 0.650ms
[169.409s][info][gc] GC(5058) Pause Young (Allocation Failure) 10M->6M(15M) 0.625ms
[169.415s][info][gc] GC(5059) Pause Young (Allocation Failure) 10M->6M(15M) 0.774ms
[169.420s][info][gc] GC(5060) Pause Young (Allocation Failure) 10M->6M(15M) 0.588ms
[169.426s][info][gc] GC(5061) Pause Young (Allocation Failure) 10M->6M(15M) 0.575ms
[169.431s][info][gc] GC(5062) Pause Young (Allocation Failure) 10M->6M(15M) 0.590ms
[169.437s][info][gc] GC(5063) Pause Young (Allocation Failure) 10M->6M(15M) 0.771ms
[169.443s][info][gc] GC(5064) Pause Young (Allocation Failure) 10M->6M(15M) 0.425ms
[169.448s][info][gc] GC(5065) Pause Young (Allocation Failure) 10M->6M(15M) 0.409ms
[169.455s][info][gc] GC(5066) Pause Young (Allocation Failure) 10M->6M(15M) 0.435ms
[169.460s][info][gc] GC(5067) Pause Young (Allocation Failure) 10M->6M(15M) 0.433ms
[169.467s][info][gc] GC(5068) Pause Young (Allocation Failure) 10M->6M(15M) 0.589ms
[169.472s][info][gc] GC(5069) Pause Young (Allocation Failure) 10M->6M(15M) 0.585ms
[169.480s][info][gc] GC(5070) Pause Young (Allocation Failure) 10M->6M(15M) 0.817ms
[169.487s][info][gc] GC(5071) Pause Young (Allocation Failure) 10M->6M(15M) 0.753ms
[169.495s][info][gc] GC(5072) Pause Young (Allocation Failure) 10M->6M(15M) 0.553ms
[169.501s][info][gc] GC(5073) Pause Young (Allocation Failure) 10M->6M(15M) 0.558ms
[169.507s][info][gc] GC(5074) Pause Young (Allocation Failure) 10M->6M(15M) 0.512ms
[169.512s][info][gc] GC(5075) Pause Young (Allocation Failure) 10M->6M(15M) 0.509ms
[169.520s][info][gc] GC(5076) Pause Young (Allocation Failure) 10M->6M(15M) 0.758ms
[169.527s][info][gc] GC(5077) Pause Young (Allocation Failure) 10M->6M(15M) 0.601ms
[169.533s][info][gc] GC(5078) Pause Young (Allocation Failure) 10M->6M(15M) 0.567ms
[169.539s][info][gc] GC(5079) Pause Young (Allocation Failure) 10M->6M(15M) 0.650ms
[169.545s][info][gc] GC(5080) Pause Young (Allocation Failure) 10M->6M(15M) 1.040ms
[169.553s][info][gc] GC(5081) Pause Young (Allocation Failure) 10M->6M(15M) 0.880ms
[169.559s][info][gc] GC(5082) Pause Young (Allocation Failure) 10M->6M(15M) 0.981ms
[169.565s][info][gc] GC(5083) Pause Young (Allocation Failure) 10M->6M(15M) 0.925ms
[169.570s][info][gc] GC(5084) Pause Young (Allocation Failure) 10M->6M(15M) 0.766ms
[169.576s][info][gc] GC(5085) Pause Young (Allocation Failure) 10M->6M(15M) 0.405ms
[169.581s][info][gc] GC(5086) Pause Young (Allocation Failure) 10M->6M(15M) 0.433ms
[169.588s][info][gc] GC(5087) Pause Young (Allocation Failure) 10M->6M(15M) 0.463ms
[169.593s][info][gc] GC(5088) Pause Young (Allocation Failure) 10M->6M(15M) 0.445ms
[169.600s][info][gc] GC(5089) Pause Young (Allocation Failure) 10M->6M(15M) 0.484ms
[169.606s][info][gc] GC(5090) Pause Young (Allocation Failure) 10M->6M(15M) 0.485ms
[169.611s][info][gc] GC(5091) Pause Young (Allocation Failure) 10M->6M(15M) 0.880ms
[169.617s][info][gc] GC(5092) Pause Young (Allocation Failure) 10M->6M(15M) 0.484ms
[169.623s][info][gc] GC(5093) Pause Young (Allocation Failure) 10M->6M(15M) 0.590ms
[169.629s][info][gc] GC(5094) Pause Young (Allocation Failure) 10M->6M(15M) 0.575ms
[169.634s][info][gc] GC(5095) Pause Young (Allocation Failure) 10M->6M(15M) 0.527ms
[169.642s][info][gc] GC(5096) Pause Young (Allocation Failure) 10M->6M(15M) 0.629ms
[169.647s][info][gc] GC(5097) Pause Young (Allocation Failure) 10M->6M(15M) 0.557ms
[169.653s][info][gc] GC(5098) Pause Young (Allocation Failure) 10M->6M(15M) 0.660ms
[169.658s][info][gc] GC(5099) Pause Young (Allocation Failure) 10M->6M(15M) 0.667ms
[169.663s][info][gc] GC(5100) Pause Young (Allocation Failure) 10M->6M(15M) 0.563ms
[169.670s][info][gc] GC(5101) Pause Young (Allocation Failure) 10M->6M(15M) 0.707ms
[169.676s][info][gc] GC(5102) Pause Young (Allocation Failure) 10M->6M(15M) 0.698ms
[169.686s][info][gc] GC(5103) Pause Young (Allocation Failure) 10M->6M(15M) 0.611ms
[169.692s][info][gc] GC(5104) Pause Young (Allocation Failure) 10M->6M(15M) 0.644ms
[169.697s][info][gc] GC(5105) Pause Young (Allocation Failure) 10M->6M(15M) 0.482ms
[169.703s][info][gc] GC(5106) Pause Young (Allocation Failure) 10M->6M(15M) 0.430ms
[169.709s][info][gc] GC(5107) Pause Young (Allocation Failure) 10M->6M(15M) 0.434ms
[169.714s][info][gc] GC(5108) Pause Young (Allocation Failure) 10M->6M(15M) 0.404ms
[169.720s][info][gc] GC(5109) Pause Young (Allocation Failure) 10M->6M(15M) 0.455ms
[169.726s][info][gc] GC(5110) Pause Young (Allocation Failure) 10M->6M(15M) 0.459ms
[169.730s][info][gc] GC(5111) Pause Young (Allocation Failure) 10M->6M(15M) 0.570ms
[169.737s][info][gc] GC(5112) Pause Young (Allocation Failure) 10M->6M(15M) 0.497ms
[169.742s][info][gc] GC(5113) Pause Young (Allocation Failure) 10M->6M(15M) 0.465ms
[169.748s][info][gc] GC(5114) Pause Young (Allocation Failure) 10M->6M(15M) 0.506ms
[169.753s][info][gc] GC(5115) Pause Young (Allocation Failure) 10M->6M(15M) 0.484ms
[169.760s][info][gc] GC(5116) Pause Young (Allocation Failure) 10M->6M(15M) 0.629ms
[169.765s][info][gc] GC(5117) Pause Young (Allocation Failure) 10M->6M(15M) 0.541ms
[169.770s][info][gc] GC(5118) Pause Young (Allocation Failure) 10M->6M(15M) 0.606ms
[169.777s][info][gc] GC(5119) Pause Young (Allocation Failure) 10M->6M(15M) 0.787ms
[169.782s][info][gc] GC(5120) Pause Young (Allocation Failure) 10M->6M(15M) 0.551ms
[169.789s][info][gc] GC(5121) Pause Young (Allocation Failure) 10M->6M(15M) 0.599ms
[169.794s][info][gc] GC(5122) Pause Young (Allocation Failure) 10M->6M(15M) 0.556ms
[169.800s][info][gc] GC(5123) Pause Young (Allocation Failure) 10M->6M(15M) 0.571ms
[169.805s][info][gc] GC(5124) Pause Young (Allocation Failure) 10M->6M(15M) 0.419ms
[169.810s][info][gc] GC(5125) Pause Young (Allocation Failure) 10M->6M(15M) 0.434ms
[169.818s][info][gc] GC(5126) Pause Young (Allocation Failure) 10M->6M(15M) 0.506ms
[169.824s][info][gc] GC(5127) Pause Young (Allocation Failure) 10M->6M(15M) 0.452ms
[169.832s][info][gc] GC(5128) Pause Young (Allocation Failure) 10M->6M(15M) 0.426ms
[169.838s][info][gc] GC(5129) Pause Young (Allocation Failure) 10M->6M(15M) 0.783ms
[169.845s][info][gc] GC(5130) Pause Young (Allocation Failure) 10M->6M(15M) 0.517ms
[169.852s][info][gc] GC(5131) Pause Young (Allocation Failure) 10M->6M(15M) 1.673ms
[169.858s][info][gc] GC(5132) Pause Young (Allocation Failure) 10M->6M(15M) 0.492ms
[169.864s][info][gc] GC(5133) Pause Young (Allocation Failure) 10M->6M(15M) 0.534ms
[169.872s][info][gc] GC(5134) Pause Young (Allocation Failure) 10M->6M(15M) 0.543ms
[169.877s][info][gc] GC(5135) Pause Young (Allocation Failure) 10M->6M(15M) 0.628ms
[169.885s][info][gc] GC(5136) Pause Young (Allocation Failure) 10M->6M(15M) 0.520ms
[169.890s][info][gc] GC(5137) Pause Young (Allocation Failure) 10M->6M(15M) 0.504ms
[169.897s][info][gc] GC(5138) Pause Young (Allocation Failure) 10M->6M(15M) 0.595ms
[169.903s][info][gc] GC(5139) Pause Young (Allocation Failure) 10M->6M(15M) 0.585ms
[169.909s][info][gc] GC(5140) Pause Young (Allocation Failure) 10M->6M(15M) 0.692ms
[169.915s][info][gc] GC(5141) Pause Young (Allocation Failure) 10M->6M(15M) 0.641ms
[169.923s][info][gc] GC(5142) Pause Young (Allocation Failure) 10M->6M(15M) 0.589ms
[169.928s][info][gc] GC(5143) Pause Young (Allocation Failure) 10M->6M(15M) 0.626ms
[169.934s][info][gc] GC(5144) Pause Young (Allocation Failure) 10M->6M(15M) 0.621ms
[169.940s][info][gc] GC(5145) Pause Young (Allocation Failure) 10M->6M(15M) 0.575ms
[169.948s][info][gc] GC(5146) Pause Young (Allocation Failure) 10M->6M(15M) 0.444ms
[169.957s][info][gc] GC(5147) Pause Young (Allocation Failure) 10M->6M(15M) 0.410ms
[169.963s][info][gc] GC(5148) Pause Young (Allocation Failure) 10M->6M(15M) 0.460ms
[169.968s][info][gc] GC(5149) Pause Young (Allocation Failure) 10M->6M(15M) 0.439ms
[169.975s][info][gc] GC(5150) Pause Young (Allocation Failure) 10M->6M(15M) 0.504ms
[169.979s][info][gc] GC(5151) Pause Young (Allocation Failure) 10M->6M(15M) 0.461ms
[169.986s][info][gc] GC(5152) Pause Young (Allocation Failure) 10M->6M(15M) 0.829ms
[169.991s][info][gc] GC(5153) Pause Young (Allocation Failure) 10M->6M(15M) 0.474ms
[169.997s][info][gc] GC(5154) Pause Young (Allocation Failure) 10M->6M(15M) 0.531ms
[170.003s][info][gc] GC(5155) Pause Young (Allocation Failure) 10M->6M(15M) 0.506ms
[170.009s][info][gc] GC(5156) Pause Young (Allocation Failure) 10M->6M(15M) 0.541ms
[170.015s][info][gc] GC(5157) Pause Young (Allocation Failure) 10M->6M(15M) 0.534ms
[170.020s][info][gc] GC(5158) Pause Young (Allocation Failure) 10M->6M(15M) 0.570ms
[170.027s][info][gc] GC(5159) Pause Young (Allocation Failure) 10M->6M(15M) 0.757ms
[170.032s][info][gc] GC(5160) Pause Young (Allocation Failure) 10M->6M(15M) 0.580ms
[170.038s][info][gc] GC(5161) Pause Young (Allocation Failure) 10M->6M(15M) 0.822ms
[170.044s][info][gc] GC(5162) Pause Young (Allocation Failure) 10M->6M(15M) 0.608ms
[170.049s][info][gc] GC(5163) Pause Young (Allocation Failure) 10M->6M(15M) 0.555ms
[170.055s][info][gc] GC(5164) Pause Young (Allocation Failure) 10M->6M(15M) 0.600ms
[170.060s][info][gc] GC(5165) Pause Young (Allocation Failure) 10M->6M(15M) 0.720ms
[170.070s][info][gc] GC(5166) Pause Young (Allocation Failure) 10M->6M(15M) 0.614ms
[170.078s][info][gc] GC(5167) Pause Young (Allocation Failure) 10M->6M(15M) 0.717ms
[170.086s][info][gc] GC(5168) Pause Young (Allocation Failure) 10M->6M(15M) 0.666ms
[170.092s][info][gc] GC(5169) Pause Young (Allocation Failure) 10M->6M(15M) 1.032ms
[170.097s][info][gc] GC(5170) Pause Young (Allocation Failure) 10M->6M(15M) 0.466ms
[170.103s][info][gc] GC(5171) Pause Young (Allocation Failure) 10M->6M(15M) 0.511ms
[170.110s][info][gc] GC(5172) Pause Young (Allocation Failure) 10M->6M(15M) 0.494ms
[170.117s][info][gc] GC(5173) Pause Young (Allocation Failure) 10M->6M(15M) 0.551ms
[170.125s][info][gc] GC(5174) Pause Young (Allocation Failure) 10M->6M(15M) 0.642ms
[170.134s][info][gc] GC(5175) Pause Young (Allocation Failure) 10M->6M(15M) 0.868ms
[170.139s][info][gc] GC(5176) Pause Young (Allocation Failure) 10M->6M(15M) 0.538ms
[170.144s][info][gc] GC(5177) Pause Young (Allocation Failure) 10M->6M(15M) 0.512ms
[170.150s][info][gc] GC(5178) Pause Young (Allocation Failure) 10M->6M(15M) 0.562ms
[170.157s][info][gc] GC(5179) Pause Young (Allocation Failure) 10M->6M(15M) 0.565ms
[170.163s][info][gc] GC(5180) Pause Young (Allocation Failure) 10M->6M(15M) 0.615ms
[170.169s][info][gc] GC(5181) Pause Young (Allocation Failure) 10M->6M(15M) 0.643ms
[170.175s][info][gc] GC(5182) Pause Young (Allocation Failure) 10M->6M(15M) 0.608ms
[170.182s][info][gc] GC(5183) Pause Young (Allocation Failure) 10M->6M(15M) 0.848ms
[170.192s][info][gc] GC(5184) Pause Young (Allocation Failure) 10M->6M(15M) 0.897ms
[170.198s][info][gc] GC(5185) Pause Young (Allocation Failure) 10M->6M(15M) 0.599ms
[170.205s][info][gc] GC(5186) Pause Young (Allocation Failure) 10M->6M(15M) 0.428ms
[170.214s][info][gc] GC(5187) Pause Young (Allocation Failure) 10M->6M(15M) 0.459ms
[170.220s][info][gc] GC(5188) Pause Young (Allocation Failure) 10M->6M(15M) 0.735ms
[170.227s][info][gc] GC(5189) Pause Young (Allocation Failure) 10M->6M(15M) 0.730ms
[170.233s][info][gc] GC(5190) Pause Young (Allocation Failure) 10M->6M(15M) 0.462ms
[170.241s][info][gc] GC(5191) Pause Young (Allocation Failure) 10M->6M(15M) 0.651ms
[170.249s][info][gc] GC(5192) Pause Young (Allocation Failure) 10M->6M(15M) 0.557ms
[170.257s][info][gc] GC(5193) Pause Young (Allocation Failure) 10M->6M(15M) 0.510ms
[170.265s][info][gc] GC(5194) Pause Young (Allocation Failure) 10M->6M(15M) 0.708ms
[170.272s][info][gc] GC(5195) Pause Young (Allocation Failure) 10M->6M(15M) 0.528ms
[170.279s][info][gc] GC(5196) Pause Young (Allocation Failure) 10M->6M(15M) 1.020ms
[170.289s][info][gc] GC(5197) Pause Young (Allocation Failure) 10M->6M(15M) 0.655ms
[170.298s][info][gc] GC(5198) Pause Young (Allocation Failure) 10M->6M(15M) 0.614ms
[170.304s][info][gc] GC(5199) Pause Young (Allocation Failure) 10M->6M(15M) 0.627ms
[170.312s][info][gc] GC(5200) Pause Young (Allocation Failure) 10M->6M(15M) 0.791ms
[170.317s][info][gc] GC(5201) Pause Young (Allocation Failure) 10M->6M(15M) 0.581ms
[170.323s][info][gc] GC(5202) Pause Young (Allocation Failure) 10M->6M(15M) 0.567ms
[170.328s][info][gc] GC(5203) Pause Young (Allocation Failure) 10M->6M(15M) 0.552ms
[170.335s][info][gc] GC(5204) Pause Young (Allocation Failure) 10M->6M(15M) 0.629ms
[170.340s][info][gc] GC(5205) Pause Young (Allocation Failure) 10M->6M(15M) 0.685ms
[170.347s][info][gc] GC(5206) Pause Young (Allocation Failure) 10M->6M(15M) 0.713ms
[170.352s][info][gc] GC(5207) Pause Young (Allocation Failure) 10M->6M(15M) 0.424ms
[170.357s][info][gc] GC(5208) Pause Young (Allocation Failure) 10M->6M(15M) 0.407ms
[170.364s][info][gc] GC(5209) Pause Young (Allocation Failure) 10M->6M(15M) 0.467ms
[170.369s][info][gc] GC(5210) Pause Young (Allocation Failure) 10M->6M(15M) 0.438ms
[170.376s][info][gc] GC(5211) Pause Young (Allocation Failure) 10M->6M(15M) 0.512ms
[170.381s][info][gc] GC(5212) Pause Young (Allocation Failure) 10M->6M(15M) 0.485ms
[170.388s][info][gc] GC(5213) Pause Young (Allocation Failure) 10M->6M(15M) 0.724ms
[170.393s][info][gc] GC(5214) Pause Young (Allocation Failure) 10M->6M(15M) 0.517ms
[170.399s][info][gc] GC(5215) Pause Young (Allocation Failure) 10M->6M(15M) 0.936ms
[170.405s][info][gc] GC(5216) Pause Young (Allocation Failure) 10M->6M(15M) 0.590ms
[170.410s][info][gc] GC(5217) Pause Young (Allocation Failure) 10M->6M(15M) 0.605ms
[170.417s][info][gc] GC(5218) Pause Young (Allocation Failure) 10M->6M(15M) 0.563ms
[170.422s][info][gc] GC(5219) Pause Young (Allocation Failure) 10M->6M(15M) 0.588ms
[170.429s][info][gc] GC(5220) Pause Young (Allocation Failure) 10M->6M(15M) 0.616ms
[170.435s][info][gc] GC(5221) Pause Young (Allocation Failure) 10M->6M(15M) 0.571ms
[170.441s][info][gc] GC(5222) Pause Young (Allocation Failure) 10M->6M(15M) 0.607ms
[170.446s][info][gc] GC(5223) Pause Young (Allocation Failure) 10M->6M(15M) 0.584ms
[170.451s][info][gc] GC(5224) Pause Young (Allocation Failure) 10M->6M(15M) 0.620ms
[170.457s][info][gc] GC(5225) Pause Young (Allocation Failure) 10M->6M(15M) 0.407ms
[170.462s][info][gc] GC(5226) Pause Young (Allocation Failure) 10M->6M(15M) 0.403ms
[170.469s][info][gc] GC(5227) Pause Young (Allocation Failure) 10M->6M(15M) 0.472ms
[170.474s][info][gc] GC(5228) Pause Young (Allocation Failure) 10M->6M(15M) 0.404ms
[170.481s][info][gc] GC(5229) Pause Young (Allocation Failure) 10M->6M(15M) 0.506ms
[170.486s][info][gc] GC(5230) Pause Young (Allocation Failure) 10M->6M(15M) 0.481ms
[170.494s][info][gc] GC(5231) Pause Young (Allocation Failure) 10M->6M(15M) 0.584ms
[170.499s][info][gc] GC(5232) Pause Young (Allocation Failure) 10M->6M(15M) 0.577ms
[170.504s][info][gc] GC(5233) Pause Young (Allocation Failure) 10M->6M(15M) 0.701ms
[170.511s][info][gc] GC(5234) Pause Young (Allocation Failure) 10M->6M(15M) 0.540ms
[170.516s][info][gc] GC(5235) Pause Young (Allocation Failure) 10M->6M(15M) 0.496ms
[170.523s][info][gc] GC(5236) Pause Young (Allocation Failure) 10M->6M(15M) 0.508ms
[170.529s][info][gc] GC(5237) Pause Young (Allocation Failure) 10M->6M(15M) 0.741ms
[170.535s][info][gc] GC(5238) Pause Young (Allocation Failure) 10M->6M(15M) 0.585ms
[170.540s][info][gc] GC(5239) Pause Young (Allocation Failure) 10M->6M(15M) 0.533ms
[170.548s][info][gc] GC(5240) Pause Young (Allocation Failure) 10M->6M(15M) 0.580ms
[170.554s][info][gc] GC(5241) Pause Young (Allocation Failure) 10M->6M(15M) 0.573ms
[170.561s][info][gc] GC(5242) Pause Young (Allocation Failure) 10M->6M(15M) 0.588ms
[170.567s][info][gc] GC(5243) Pause Young (Allocation Failure) 10M->6M(15M) 0.702ms
[170.574s][info][gc] GC(5244) Pause Young (Allocation Failure) 10M->6M(15M) 1.215ms
[170.579s][info][gc] GC(5245) Pause Young (Allocation Failure) 10M->6M(15M) 0.591ms
[170.584s][info][gc] GC(5246) Pause Young (Allocation Failure) 10M->6M(15M) 0.699ms
[170.590s][info][gc] GC(5247) Pause Young (Allocation Failure) 10M->6M(15M) 0.409ms
[170.596s][info][gc] GC(5248) Pause Young (Allocation Failure) 10M->6M(15M) 0.660ms
[170.602s][info][gc] GC(5249) Pause Young (Allocation Failure) 10M->6M(15M) 0.441ms
[170.608s][info][gc] GC(5250) Pause Young (Allocation Failure) 10M->6M(15M) 0.449ms
[170.614s][info][gc] GC(5251) Pause Young (Allocation Failure) 10M->6M(15M) 0.476ms
[170.620s][info][gc] GC(5252) Pause Young (Allocation Failure) 10M->6M(15M) 0.556ms
[170.625s][info][gc] GC(5253) Pause Young (Allocation Failure) 10M->6M(15M) 0.779ms
[170.631s][info][gc] GC(5254) Pause Young (Allocation Failure) 10M->6M(15M) 0.640ms
[170.636s][info][gc] GC(5255) Pause Young (Allocation Failure) 10M->6M(15M) 0.501ms
[170.643s][info][gc] GC(5256) Pause Young (Allocation Failure) 10M->6M(15M) 0.504ms
[170.649s][info][gc] GC(5257) Pause Young (Allocation Failure) 10M->6M(15M) 0.630ms
[170.655s][info][gc] GC(5258) Pause Young (Allocation Failure) 10M->6M(15M) 0.560ms
[170.661s][info][gc] GC(5259) Pause Young (Allocation Failure) 10M->6M(15M) 0.636ms
[170.668s][info][gc] GC(5260) Pause Young (Allocation Failure) 10M->6M(15M) 0.695ms
[170.673s][info][gc] GC(5261) Pause Young (Allocation Failure) 10M->6M(15M) 0.594ms
[170.678s][info][gc] GC(5262) Pause Young (Allocation Failure) 10M->6M(15M) 0.797ms
[170.687s][info][gc] GC(5263) Pause Young (Allocation Failure) 10M->6M(15M) 0.862ms
[170.695s][info][gc] GC(5264) Pause Young (Allocation Failure) 10M->6M(15M) 0.657ms
[170.701s][info][gc] GC(5265) Pause Young (Allocation Failure) 10M->6M(15M) 0.594ms
[170.707s][info][gc] GC(5266) Pause Young (Allocation Failure) 10M->6M(15M) 0.908ms
[170.713s][info][gc] GC(5267) Pause Young (Allocation Failure) 10M->6M(15M) 0.423ms
[170.718s][info][gc] GC(5268) Pause Young (Allocation Failure) 10M->6M(15M) 0.396ms
[170.724s][info][gc] GC(5269) Pause Young (Allocation Failure) 10M->6M(15M) 0.480ms
[170.729s][info][gc] GC(5270) Pause Young (Allocation Failure) 10M->6M(15M) 0.461ms
[170.736s][info][gc] GC(5271) Pause Young (Allocation Failure) 10M->6M(15M) 0.550ms
[170.741s][info][gc] GC(5272) Pause Young (Allocation Failure) 10M->6M(15M) 0.499ms
[170.747s][info][gc] GC(5273) Pause Young (Allocation Failure) 10M->6M(15M) 1.026ms
[170.752s][info][gc] GC(5274) Pause Young (Allocation Failure) 10M->6M(15M) 0.466ms
[170.757s][info][gc] GC(5275) Pause Young (Allocation Failure) 10M->6M(15M) 0.460ms
[170.764s][info][gc] GC(5276) Pause Young (Allocation Failure) 10M->6M(15M) 0.476ms
[170.769s][info][gc] GC(5277) Pause Young (Allocation Failure) 10M->6M(15M) 0.482ms
[170.775s][info][gc] GC(5278) Pause Young (Allocation Failure) 10M->6M(15M) 0.534ms
[170.781s][info][gc] GC(5279) Pause Young (Allocation Failure) 10M->6M(15M) 0.496ms
[170.787s][info][gc] GC(5280) Pause Young (Allocation Failure) 10M->6M(15M) 0.687ms
[170.793s][info][gc] GC(5281) Pause Young (Allocation Failure) 10M->6M(15M) 0.551ms
[170.798s][info][gc] GC(5282) Pause Young (Allocation Failure) 10M->6M(15M) 0.583ms
[170.804s][info][gc] GC(5283) Pause Young (Allocation Failure) 10M->6M(15M) 0.565ms
[170.811s][info][gc] GC(5284) Pause Young (Allocation Failure) 10M->6M(15M) 0.618ms
[170.818s][info][gc] GC(5285) Pause Young (Allocation Failure) 10M->6M(15M) 0.648ms
[170.824s][info][gc] GC(5286) Pause Young (Allocation Failure) 10M->6M(15M) 0.571ms
[170.831s][info][gc] GC(5287) Pause Young (Allocation Failure) 10M->6M(15M) 0.962ms
[170.836s][info][gc] GC(5288) Pause Young (Allocation Failure) 10M->6M(15M) 0.630ms
[170.845s][info][gc] GC(5289) Pause Young (Allocation Failure) 10M->6M(15M) 0.641ms
[170.851s][info][gc] GC(5290) Pause Young (Allocation Failure) 10M->6M(15M) 0.627ms
[170.858s][info][gc] GC(5291) Pause Young (Allocation Failure) 10M->6M(15M) 0.574ms
[170.863s][info][gc] GC(5292) Pause Young (Allocation Failure) 10M->6M(15M) 0.542ms
[170.871s][info][gc] GC(5293) Pause Young (Allocation Failure) 10M->6M(15M) 0.636ms
[170.876s][info][gc] GC(5294) Pause Young (Allocation Failure) 10M->6M(15M) 0.603ms
[170.883s][info][gc] GC(5295) Pause Young (Allocation Failure) 10M->6M(15M) 0.442ms
[170.889s][info][gc] GC(5296) Pause Young (Allocation Failure) 10M->6M(15M) 0.497ms
[170.896s][info][gc] GC(5297) Pause Young (Allocation Failure) 10M->6M(15M) 0.474ms
[170.901s][info][gc] GC(5298) Pause Young (Allocation Failure) 10M->6M(15M) 0.482ms
[170.908s][info][gc] GC(5299) Pause Young (Allocation Failure) 10M->6M(15M) 0.938ms
[170.913s][info][gc] GC(5300) Pause Young (Allocation Failure) 10M->6M(15M) 0.568ms
[170.918s][info][gc] GC(5301) Pause Young (Allocation Failure) 10M->6M(15M) 0.663ms
[170.925s][info][gc] GC(5302) Pause Young (Allocation Failure) 10M->6M(15M) 0.491ms
[170.930s][info][gc] GC(5303) Pause Young (Allocation Failure) 10M->6M(15M) 0.458ms
[170.937s][info][gc] GC(5304) Pause Young (Allocation Failure) 10M->6M(15M) 0.515ms
[170.942s][info][gc] GC(5305) Pause Young (Allocation Failure) 10M->6M(15M) 0.520ms
[170.949s][info][gc] GC(5306) Pause Young (Allocation Failure) 10M->6M(15M) 0.858ms
[170.954s][info][gc] GC(5307) Pause Young (Allocation Failure) 10M->6M(15M) 0.549ms
[170.960s][info][gc] GC(5308) Pause Young (Allocation Failure) 10M->6M(15M) 1.183ms
[170.966s][info][gc] GC(5309) Pause Young (Allocation Failure) 10M->6M(15M) 1.272ms
[170.973s][info][gc] GC(5310) Pause Young (Allocation Failure) 10M->6M(15M) 1.076ms
[170.978s][info][gc] GC(5311) Pause Young (Allocation Failure) 10M->6M(15M) 0.565ms
[170.984s][info][gc] GC(5312) Pause Young (Allocation Failure) 10M->6M(15M) 0.609ms
[170.990s][info][gc] GC(5313) Pause Young (Allocation Failure) 10M->6M(15M) 0.591ms
[170.995s][info][gc] GC(5314) Pause Young (Allocation Failure) 10M->6M(15M) 0.538ms
[171.002s][info][gc] GC(5315) Pause Young (Allocation Failure) 10M->6M(15M) 0.416ms
[171.007s][info][gc] GC(5316) Pause Young (Allocation Failure) 10M->6M(15M) 0.424ms
[171.013s][info][gc] GC(5317) Pause Young (Allocation Failure) 10M->6M(15M) 0.859ms
[171.019s][info][gc] GC(5318) Pause Young (Allocation Failure) 10M->6M(15M) 0.505ms
[171.025s][info][gc] GC(5319) Pause Young (Allocation Failure) 10M->6M(15M) 0.526ms
[171.031s][info][gc] GC(5320) Pause Young (Allocation Failure) 10M->6M(15M) 0.522ms
[171.037s][info][gc] GC(5321) Pause Young (Allocation Failure) 10M->6M(15M) 0.485ms
[171.043s][info][gc] GC(5322) Pause Young (Allocation Failure) 10M->6M(15M) 0.487ms
[171.048s][info][gc] GC(5323) Pause Young (Allocation Failure) 10M->6M(15M) 0.520ms
[171.054s][info][gc] GC(5324) Pause Young (Allocation Failure) 10M->6M(15M) 0.582ms
[171.059s][info][gc] GC(5325) Pause Young (Allocation Failure) 10M->6M(15M) 0.531ms
[171.066s][info][gc] GC(5326) Pause Young (Allocation Failure) 10M->6M(15M) 1.104ms
[171.074s][info][gc] GC(5327) Pause Young (Allocation Failure) 10M->6M(15M) 0.726ms
[171.080s][info][gc] GC(5328) Pause Young (Allocation Failure) 10M->6M(15M) 0.884ms
[171.086s][info][gc] GC(5329) Pause Young (Allocation Failure) 10M->6M(15M) 0.618ms
[171.093s][info][gc] GC(5330) Pause Young (Allocation Failure) 10M->6M(15M) 1.330ms
[171.100s][info][gc] GC(5331) Pause Young (Allocation Failure) 10M->6M(15M) 0.817ms
[171.105s][info][gc] GC(5332) Pause Young (Allocation Failure) 10M->6M(15M) 0.599ms
[171.112s][info][gc] GC(5333) Pause Young (Allocation Failure) 10M->6M(15M) 0.618ms
[171.117s][info][gc] GC(5334) Pause Young (Allocation Failure) 10M->6M(15M) 0.466ms
[171.124s][info][gc] GC(5335) Pause Young (Allocation Failure) 10M->6M(15M) 0.789ms
[171.129s][info][gc] GC(5336) Pause Young (Allocation Failure) 10M->6M(15M) 0.435ms
[171.139s][info][gc] GC(5337) Pause Young (Allocation Failure) 10M->6M(15M) 0.562ms
[171.145s][info][gc] GC(5338) Pause Young (Allocation Failure) 10M->6M(15M) 0.654ms
[171.151s][info][gc] GC(5339) Pause Young (Allocation Failure) 10M->6M(15M) 0.472ms
[171.157s][info][gc] GC(5340) Pause Young (Allocation Failure) 10M->6M(15M) 0.482ms
[171.163s][info][gc] GC(5341) Pause Young (Allocation Failure) 10M->6M(15M) 0.514ms
[171.169s][info][gc] GC(5342) Pause Young (Allocation Failure) 10M->6M(15M) 0.622ms
[171.176s][info][gc] GC(5343) Pause Young (Allocation Failure) 10M->6M(15M) 0.553ms
[171.181s][info][gc] GC(5344) Pause Young (Allocation Failure) 10M->6M(15M) 0.540ms
[171.190s][info][gc] GC(5345) Pause Young (Allocation Failure) 10M->6M(15M) 0.995ms
[171.195s][info][gc] GC(5346) Pause Young (Allocation Failure) 10M->6M(15M) 0.594ms
[171.202s][info][gc] GC(5347) Pause Young (Allocation Failure) 10M->6M(15M) 0.794ms
[171.209s][info][gc] GC(5348) Pause Young (Allocation Failure) 10M->6M(15M) 0.615ms
[171.217s][info][gc] GC(5349) Pause Young (Allocation Failure) 10M->6M(15M) 0.929ms
[171.223s][info][gc] GC(5350) Pause Young (Allocation Failure) 10M->6M(15M) 0.894ms
[171.230s][info][gc] GC(5351) Pause Young (Allocation Failure) 11M->6M(15M) 0.685ms
[171.235s][info][gc] GC(5352) Pause Young (Allocation Failure) 10M->6M(15M) 0.787ms
[171.242s][info][gc] GC(5353) Pause Young (Allocation Failure) 10M->6M(15M) 0.692ms
[171.250s][info][gc] GC(5354) Pause Young (Allocation Failure) 10M->6M(15M) 0.616ms
[171.258s][info][gc] GC(5355) Pause Young (Allocation Failure) 10M->6M(15M) 0.635ms
[171.263s][info][gc] GC(5356) Pause Young (Allocation Failure) 11M->6M(15M) 0.437ms
[171.270s][info][gc] GC(5357) Pause Young (Allocation Failure) 10M->6M(15M) 0.692ms
[171.275s][info][gc] GC(5358) Pause Young (Allocation Failure) 10M->6M(15M) 0.451ms
[171.283s][info][gc] GC(5359) Pause Young (Allocation Failure) 10M->6M(15M) 0.668ms
[171.288s][info][gc] GC(5360) Pause Young (Allocation Failure) 10M->6M(15M) 0.498ms
[171.295s][info][gc] GC(5361) Pause Young (Allocation Failure) 10M->6M(15M) 0.795ms
[171.301s][info][gc] GC(5362) Pause Young (Allocation Failure) 10M->6M(15M) 0.556ms
[171.307s][info][gc] GC(5363) Pause Young (Allocation Failure) 10M->6M(15M) 0.854ms
[171.314s][info][gc] GC(5364) Pause Young (Allocation Failure) 10M->6M(15M) 0.528ms
[171.319s][info][gc] GC(5365) Pause Young (Allocation Failure) 10M->6M(15M) 0.800ms
[171.326s][info][gc] GC(5366) Pause Young (Allocation Failure) 10M->6M(15M) 0.695ms
[171.331s][info][gc] GC(5367) Pause Young (Allocation Failure) 10M->6M(15M) 0.554ms
[171.337s][info][gc] GC(5368) Pause Young (Allocation Failure) 10M->6M(15M) 0.556ms
[171.343s][info][gc] GC(5369) Pause Young (Allocation Failure) 10M->6M(15M) 0.560ms
[171.349s][info][gc] GC(5370) Pause Young (Allocation Failure) 11M->6M(15M) 0.585ms
[171.355s][info][gc] GC(5371) Pause Young (Allocation Failure) 10M->6M(15M) 0.554ms
[171.361s][info][gc] GC(5372) Pause Young (Allocation Failure) 10M->6M(15M) 1.026ms
[171.368s][info][gc] GC(5373) Pause Young (Allocation Failure) 10M->6M(15M) 0.622ms
[171.374s][info][gc] GC(5374) Pause Young (Allocation Failure) 11M->6M(15M) 0.691ms
[171.380s][info][gc] GC(5375) Pause Young (Allocation Failure) 10M->6M(15M) 0.490ms
[171.385s][info][gc] GC(5376) Pause Young (Allocation Failure) 10M->6M(15M) 0.479ms
[171.392s][info][gc] GC(5377) Pause Young (Allocation Failure) 10M->6M(15M) 0.467ms
[171.397s][info][gc] GC(5378) Pause Young (Allocation Failure) 10M->6M(15M) 0.452ms
[171.403s][info][gc] GC(5379) Pause Young (Allocation Failure) 10M->6M(15M) 0.465ms
[171.408s][info][gc] GC(5380) Pause Young (Allocation Failure) 10M->6M(15M) 0.477ms
[171.415s][info][gc] GC(5381) Pause Young (Allocation Failure) 10M->6M(15M) 0.899ms
[171.420s][info][gc] GC(5382) Pause Young (Allocation Failure) 10M->6M(15M) 0.531ms
[171.425s][info][gc] GC(5383) Pause Young (Allocation Failure) 10M->6M(15M) 0.562ms
[171.432s][info][gc] GC(5384) Pause Young (Allocation Failure) 10M->6M(15M) 0.562ms
[171.437s][info][gc] GC(5385) Pause Young (Allocation Failure) 10M->6M(15M) 0.557ms
[171.444s][info][gc] GC(5386) Pause Young (Allocation Failure) 11M->6M(15M) 0.587ms
[171.449s][info][gc] GC(5387) Pause Young (Allocation Failure) 11M->6M(15M) 0.551ms
[171.455s][info][gc] GC(5388) Pause Young (Allocation Failure) 11M->6M(15M) 0.610ms
[171.460s][info][gc] GC(5389) Pause Young (Allocation Failure) 11M->6M(15M) 0.572ms
[171.465s][info][gc] GC(5390) Pause Young (Allocation Failure) 11M->6M(15M) 0.558ms
[171.472s][info][gc] GC(5391) Pause Young (Allocation Failure) 10M->6M(15M) 0.584ms
[171.477s][info][gc] GC(5392) Pause Young (Allocation Failure) 10M->6M(15M) 0.595ms
[171.484s][info][gc] GC(5393) Pause Young (Allocation Failure) 11M->6M(15M) 0.634ms
[171.489s][info][gc] GC(5394) Pause Young (Allocation Failure) 11M->6M(15M) 0.425ms
[171.495s][info][gc] GC(5395) Pause Young (Allocation Failure) 10M->6M(15M) 0.466ms
[171.502s][info][gc] GC(5396) Pause Young (Allocation Failure) 10M->6M(15M) 0.657ms
[171.509s][info][gc] GC(5397) Pause Young (Allocation Failure) 10M->6M(15M) 0.453ms
[171.514s][info][gc] GC(5398) Pause Young (Allocation Failure) 10M->6M(15M) 0.414ms
[171.523s][info][gc] GC(5399) Pause Young (Allocation Failure) 10M->6M(15M) 0.504ms
[171.528s][info][gc] GC(5400) Pause Young (Allocation Failure) 10M->6M(15M) 0.450ms
[171.535s][info][gc] GC(5401) Pause Young (Allocation Failure) 10M->6M(15M) 0.495ms
[171.541s][info][gc] GC(5402) Pause Young (Allocation Failure) 10M->6M(15M) 0.783ms
[171.549s][info][gc] GC(5403) Pause Young (Allocation Failure) 10M->6M(15M) 0.795ms
[171.554s][info][gc] GC(5404) Pause Young (Allocation Failure) 10M->6M(15M) 0.777ms
[171.561s][info][gc] GC(5405) Pause Young (Allocation Failure) 10M->6M(15M) 0.764ms
[171.566s][info][gc] GC(5406) Pause Young (Allocation Failure) 10M->6M(15M) 0.589ms
[171.572s][info][gc] GC(5407) Pause Young (Allocation Failure) 11M->6M(15M) 0.614ms
[171.578s][info][gc] GC(5408) Pause Young (Allocation Failure) 11M->6M(15M) 0.595ms
[171.583s][info][gc] GC(5409) Pause Young (Allocation Failure) 11M->6M(15M) 0.578ms
[171.590s][info][gc] GC(5410) Pause Young (Allocation Failure) 11M->6M(15M) 0.583ms
[171.596s][info][gc] GC(5411) Pause Young (Allocation Failure) 10M->6M(15M) 0.836ms
[171.603s][info][gc] GC(5412) Pause Young (Allocation Failure) 11M->6M(15M) 0.581ms
[171.609s][info][gc] GC(5413) Pause Young (Allocation Failure) 11M->6M(15M) 0.604ms
[171.616s][info][gc] GC(5414) Pause Young (Allocation Failure) 11M->6M(15M) 0.635ms
[171.621s][info][gc] GC(5415) Pause Young (Allocation Failure) 11M->6M(15M) 0.606ms
[171.626s][info][gc] GC(5416) Pause Young (Allocation Failure) 11M->6M(15M) 0.654ms
[171.632s][info][gc] GC(5417) Pause Young (Allocation Failure) 10M->6M(15M) 0.465ms
[171.637s][info][gc] GC(5418) Pause Young (Allocation Failure) 10M->6M(15M) 0.413ms
[171.643s][info][gc] GC(5419) Pause Young (Allocation Failure) 10M->6M(15M) 0.467ms
[171.648s][info][gc] GC(5420) Pause Young (Allocation Failure) 10M->6M(15M) 0.461ms
[171.655s][info][gc] GC(5421) Pause Young (Allocation Failure) 10M->6M(15M) 0.732ms
[171.660s][info][gc] GC(5422) Pause Young (Allocation Failure) 10M->6M(15M) 0.579ms
[171.665s][info][gc] GC(5423) Pause Young (Allocation Failure) 10M->6M(15M) 0.541ms
[171.672s][info][gc] GC(5424) Pause Young (Allocation Failure) 10M->6M(15M) 0.651ms
[171.678s][info][gc] GC(5425) Pause Young (Allocation Failure) 10M->6M(15M) 0.557ms
[171.688s][info][gc] GC(5426) Pause Young (Allocation Failure) 11M->6M(15M) 0.802ms
[171.694s][info][gc] GC(5427) Pause Young (Allocation Failure) 11M->6M(15M) 1.171ms
[171.700s][info][gc] GC(5428) Pause Young (Allocation Failure) 11M->6M(15M) 0.612ms
[171.707s][info][gc] GC(5429) Pause Young (Allocation Failure) 11M->6M(15M) 1.089ms
[171.713s][info][gc] GC(5430) Pause Young (Allocation Failure) 11M->6M(15M) 0.683ms
[171.718s][info][gc] GC(5431) Pause Young (Allocation Failure) 11M->6M(15M) 0.596ms
[171.725s][info][gc] GC(5432) Pause Young (Allocation Failure) 11M->6M(15M) 0.642ms
[171.730s][info][gc] GC(5433) Pause Young (Allocation Failure) 11M->6M(15M) 0.591ms
[171.736s][info][gc] GC(5434) Pause Young (Allocation Failure) 11M->6M(15M) 0.611ms
[171.742s][info][gc] GC(5435) Pause Young (Allocation Failure) 11M->6M(15M) 0.589ms
[171.748s][info][gc] GC(5436) Pause Young (Allocation Failure) 11M->6M(15M) 0.728ms
[171.753s][info][gc] GC(5437) Pause Young (Allocation Failure) 10M->6M(15M) 0.419ms
[171.758s][info][gc] GC(5438) Pause Young (Allocation Failure) 10M->6M(15M) 0.455ms
[171.766s][info][gc] GC(5439) Pause Young (Allocation Failure) 10M->6M(15M) 0.454ms
[171.771s][info][gc] GC(5440) Pause Young (Allocation Failure) 10M->6M(15M) 0.473ms
[171.777s][info][gc] GC(5441) Pause Young (Allocation Failure) 10M->6M(15M) 0.504ms
[171.782s][info][gc] GC(5442) Pause Young (Allocation Failure) 10M->6M(15M) 0.482ms
[171.789s][info][gc] GC(5443) Pause Young (Allocation Failure) 10M->6M(15M) 0.727ms
[171.794s][info][gc] GC(5444) Pause Young (Allocation Failure) 10M->6M(15M) 0.485ms
[171.799s][info][gc] GC(5445) Pause Young (Allocation Failure) 11M->6M(15M) 0.488ms
[171.806s][info][gc] GC(5446) Pause Young (Allocation Failure) 11M->6M(15M) 0.537ms
[171.812s][info][gc] GC(5447) Pause Young (Allocation Failure) 11M->6M(15M) 0.569ms
[171.818s][info][gc] GC(5448) Pause Young (Allocation Failure) 11M->6M(15M) 0.581ms
[171.827s][info][gc] GC(5449) Pause Young (Allocation Failure) 11M->6M(15M) 1.142ms
[171.835s][info][gc] GC(5450) Pause Young (Allocation Failure) 11M->6M(15M) 1.561ms
[171.845s][info][gc] GC(5451) Pause Young (Allocation Failure) 11M->6M(15M) 1.077ms
[171.854s][info][gc] GC(5452) Pause Young (Allocation Failure) 11M->6M(15M) 1.579ms
[171.864s][info][gc] GC(5453) Pause Young (Allocation Failure) 11M->6M(15M) 0.709ms
[171.873s][info][gc] GC(5454) Pause Young (Allocation Failure) 11M->6M(15M) 0.954ms
[171.878s][info][gc] GC(5455) Pause Young (Allocation Failure) 11M->6M(15M) 0.634ms
[171.885s][info][gc] GC(5456) Pause Young (Allocation Failure) 11M->6M(15M) 0.761ms
[171.890s][info][gc] GC(5457) Pause Young (Allocation Failure) 11M->6M(15M) 0.562ms
[171.897s][info][gc] GC(5458) Pause Young (Allocation Failure) 11M->6M(15M) 0.644ms
[171.904s][info][gc] GC(5459) Pause Young (Allocation Failure) 11M->6M(15M) 0.418ms
[171.910s][info][gc] GC(5460) Pause Young (Allocation Failure) 10M->6M(15M) 0.431ms
[171.916s][info][gc] GC(5461) Pause Young (Allocation Failure) 10M->6M(15M) 0.527ms
[171.924s][info][gc] GC(5462) Pause Young (Allocation Failure) 10M->6M(15M) 0.457ms
[171.929s][info][gc] GC(5463) Pause Young (Allocation Failure) 10M->6M(15M) 0.450ms
[171.937s][info][gc] GC(5464) Pause Young (Allocation Failure) 10M->6M(15M) 0.486ms
[171.942s][info][gc] GC(5465) Pause Young (Allocation Failure) 11M->6M(15M) 0.491ms
[171.949s][info][gc] GC(5466) Pause Young (Allocation Failure) 11M->6M(15M) 1.040ms
[171.954s][info][gc] GC(5467) Pause Young (Allocation Failure) 11M->6M(15M) 0.500ms
[171.959s][info][gc] GC(5468) Pause Young (Allocation Failure) 11M->6M(15M) 0.483ms
[171.966s][info][gc] GC(5469) Pause Young (Allocation Failure) 11M->6M(15M) 0.545ms
[171.971s][info][gc] GC(5470) Pause Young (Allocation Failure) 11M->6M(15M) 0.536ms
[171.977s][info][gc] GC(5471) Pause Young (Allocation Failure) 11M->6M(15M) 0.583ms
[171.985s][info][gc] GC(5472) Pause Young (Allocation Failure) 11M->6M(15M) 1.431ms
[171.993s][info][gc] GC(5473) Pause Young (Allocation Failure) 11M->6M(15M) 0.609ms
[171.999s][info][gc] GC(5474) Pause Young (Allocation Failure) 11M->6M(15M) 0.605ms
[172.005s][info][gc] GC(5475) Pause Young (Allocation Failure) 11M->6M(15M) 0.577ms
[172.010s][info][gc] GC(5476) Pause Young (Allocation Failure) 11M->6M(15M) 0.578ms
[172.017s][info][gc] GC(5477) Pause Young (Allocation Failure) 11M->6M(15M) 0.604ms
[172.022s][info][gc] GC(5478) Pause Young (Allocation Failure) 11M->6M(15M) 0.592ms
[172.029s][info][gc] GC(5479) Pause Young (Allocation Failure) 11M->6M(15M) 0.417ms
[172.034s][info][gc] GC(5480) Pause Young (Allocation Failure) 10M->6M(15M) 0.396ms
[172.039s][info][gc] GC(5481) Pause Young (Allocation Failure) 10M->6M(15M) 0.437ms
[172.046s][info][gc] GC(5482) Pause Young (Allocation Failure) 10M->6M(15M) 0.458ms
[172.051s][info][gc] GC(5483) Pause Young (Allocation Failure) 10M->6M(15M) 0.444ms
[172.057s][info][gc] GC(5484) Pause Young (Allocation Failure) 10M->6M(15M) 0.479ms
[172.064s][info][gc] GC(5485) Pause Young (Allocation Failure) 11M->6M(15M) 0.461ms
[172.070s][info][gc] GC(5486) Pause Young (Allocation Failure) 11M->6M(15M) 0.504ms
[172.077s][info][gc] GC(5487) Pause Young (Allocation Failure) 11M->6M(15M) 0.728ms
[172.086s][info][gc] GC(5488) Pause Young (Allocation Failure) 11M->6M(15M) 1.012ms
[172.100s][info][gc] GC(5489) Pause Young (Allocation Failure) 11M->6M(15M) 0.932ms
[172.106s][info][gc] GC(5490) Pause Young (Allocation Failure) 11M->6M(15M) 0.638ms
[172.113s][info][gc] GC(5491) Pause Young (Allocation Failure) 11M->6M(15M) 0.562ms
[172.119s][info][gc] GC(5492) Pause Young (Allocation Failure) 11M->6M(15M) 0.591ms
[172.126s][info][gc] GC(5493) Pause Young (Allocation Failure) 11M->6M(15M) 0.615ms
[172.131s][info][gc] GC(5494) Pause Young (Allocation Failure) 11M->6M(15M) 0.621ms
[172.141s][info][gc] GC(5495) Pause Young (Allocation Failure) 11M->6M(15M) 1.219ms
[172.148s][info][gc] GC(5496) Pause Young (Allocation Failure) 11M->6M(15M) 1.011ms
[172.155s][info][gc] GC(5497) Pause Young (Allocation Failure) 11M->6M(15M) 0.653ms
[172.160s][info][gc] GC(5498) Pause Young (Allocation Failure) 11M->6M(15M) 1.026ms
[172.166s][info][gc] GC(5499) Pause Young (Allocation Failure) 11M->6M(15M) 0.817ms
[172.172s][info][gc] GC(5500) Pause Young (Allocation Failure) 11M->6M(15M) 0.639ms
[172.179s][info][gc] GC(5501) Pause Young (Allocation Failure) 11M->6M(15M) 0.467ms
[172.184s][info][gc] GC(5502) Pause Young (Allocation Failure) 10M->6M(15M) 0.445ms
[172.190s][info][gc] GC(5503) Pause Young (Allocation Failure) 10M->6M(15M) 0.471ms
[172.195s][info][gc] GC(5504) Pause Young (Allocation Failure) 11M->6M(15M) 0.611ms
[172.202s][info][gc] GC(5505) Pause Young (Allocation Failure) 11M->6M(15M) 0.731ms
[172.207s][info][gc] GC(5506) Pause Young (Allocation Failure) 11M->6M(15M) 0.500ms
[172.212s][info][gc] GC(5507) Pause Young (Allocation Failure) 11M->6M(15M) 0.482ms
[172.219s][info][gc] GC(5508) Pause Young (Allocation Failure) 11M->6M(15M) 0.577ms
[172.224s][info][gc] GC(5509) Pause Young (Allocation Failure) 11M->6M(15M) 0.500ms
[172.230s][info][gc] GC(5510) Pause Young (Allocation Failure) 11M->6M(15M) 0.550ms
[172.235s][info][gc] GC(5511) Pause Young (Allocation Failure) 11M->6M(15M) 0.536ms
[172.242s][info][gc] GC(5512) Pause Young (Allocation Failure) 11M->6M(15M) 0.771ms
[172.247s][info][gc] GC(5513) Pause Young (Allocation Failure) 11M->6M(15M) 1.098ms
[172.253s][info][gc] GC(5514) Pause Young (Allocation Failure) 11M->6M(15M) 0.634ms
[172.259s][info][gc] GC(5515) Pause Young (Allocation Failure) 11M->6M(15M) 0.780ms
[172.264s][info][gc] GC(5516) Pause Young (Allocation Failure) 11M->6M(15M) 0.622ms
[172.272s][info][gc] GC(5517) Pause Young (Allocation Failure) 11M->6M(15M) 0.574ms
[172.277s][info][gc] GC(5518) Pause Young (Allocation Failure) 11M->6M(15M) 0.540ms
[172.284s][info][gc] GC(5519) Pause Young (Allocation Failure) 11M->6M(15M) 0.640ms
[172.289s][info][gc] GC(5520) Pause Young (Allocation Failure) 10M->6M(15M) 0.422ms
[172.294s][info][gc] GC(5521) Pause Young (Allocation Failure) 10M->6M(15M) 0.832ms
[172.300s][info][gc] GC(5522) Pause Young (Allocation Failure) 10M->6M(15M) 0.462ms
[172.305s][info][gc] GC(5523) Pause Young (Allocation Failure) 11M->6M(15M) 0.496ms
[172.313s][info][gc] GC(5524) Pause Young (Allocation Failure) 11M->6M(15M) 0.482ms
[172.318s][info][gc] GC(5525) Pause Young (Allocation Failure) 11M->6M(15M) 0.451ms
[172.325s][info][gc] GC(5526) Pause Young (Allocation Failure) 11M->6M(15M) 0.478ms
[172.330s][info][gc] GC(5527) Pause Young (Allocation Failure) 11M->6M(15M) 0.470ms
[172.336s][info][gc] GC(5528) Pause Young (Allocation Failure) 11M->6M(15M) 0.503ms
[172.341s][info][gc] GC(5529) Pause Young (Allocation Failure) 11M->6M(15M) 0.472ms
[172.348s][info][gc] GC(5530) Pause Young (Allocation Failure) 11M->6M(15M) 0.916ms
[172.353s][info][gc] GC(5531) Pause Young (Allocation Failure) 11M->6M(15M) 0.519ms
[172.358s][info][gc] GC(5532) Pause Young (Allocation Failure) 11M->6M(15M) 0.515ms
[172.365s][info][gc] GC(5533) Pause Young (Allocation Failure) 11M->6M(15M) 0.534ms
[172.370s][info][gc] GC(5534) Pause Young (Allocation Failure) 11M->6M(15M) 0.523ms
[172.377s][info][gc] GC(5535) Pause Young (Allocation Failure) 11M->6M(15M) 0.613ms
[172.382s][info][gc] GC(5536) Pause Young (Allocation Failure) 11M->6M(15M) 0.559ms
[172.389s][info][gc] GC(5537) Pause Young (Allocation Failure) 11M->6M(15M) 1.106ms
[172.394s][info][gc] GC(5538) Pause Young (Allocation Failure) 11M->6M(15M) 0.606ms
[172.399s][info][gc] GC(5539) Pause Young (Allocation Failure) 11M->6M(15M) 0.543ms
[172.406s][info][gc] GC(5540) Pause Young (Allocation Failure) 11M->6M(15M) 0.582ms
[172.411s][info][gc] GC(5541) Pause Young (Allocation Failure) 11M->6M(15M) 0.426ms
[172.418s][info][gc] GC(5542) Pause Young (Allocation Failure) 11M->6M(15M) 0.421ms
[172.422s][info][gc] GC(5543) Pause Young (Allocation Failure) 11M->6M(15M) 0.442ms
[172.429s][info][gc] GC(5544) Pause Young (Allocation Failure) 11M->6M(15M) 0.659ms
[172.434s][info][gc] GC(5545) Pause Young (Allocation Failure) 11M->6M(15M) 0.451ms
[172.439s][info][gc] GC(5546) Pause Young (Allocation Failure) 11M->6M(15M) 0.668ms
[172.446s][info][gc] GC(5547) Pause Young (Allocation Failure) 11M->6M(15M) 0.525ms
[172.451s][info][gc] GC(5548) Pause Young (Allocation Failure) 11M->6M(15M) 0.467ms
[172.457s][info][gc] GC(5549) Pause Young (Allocation Failure) 11M->6M(15M) 0.463ms
[172.463s][info][gc] GC(5550) Pause Young (Allocation Failure) 11M->6M(15M) 0.502ms
[172.469s][info][gc] GC(5551) Pause Young (Allocation Failure) 11M->6M(15M) 1.099ms
[172.474s][info][gc] GC(5552) Pause Young (Allocation Failure) 11M->6M(15M) 0.559ms
[172.480s][info][gc] GC(5553) Pause Young (Allocation Failure) 11M->6M(15M) 0.547ms
[172.486s][info][gc] GC(5554) Pause Young (Allocation Failure) 11M->6M(15M) 0.614ms
[172.498s][info][gc] GC(5555) Pause Young (Allocation Failure) 11M->6M(15M) 0.583ms
[172.504s][info][gc] GC(5556) Pause Young (Allocation Failure) 11M->6M(15M) 0.619ms
[172.512s][info][gc] GC(5557) Pause Young (Allocation Failure) 11M->6M(15M) 0.624ms
[172.518s][info][gc] GC(5558) Pause Young (Allocation Failure) 11M->6M(15M) 0.562ms
[172.524s][info][gc] GC(5559) Pause Young (Allocation Failure) 11M->6M(15M) 0.610ms
[172.529s][info][gc] GC(5560) Pause Young (Allocation Failure) 11M->6M(15M) 0.654ms
[172.538s][info][gc] GC(5561) Pause Young (Allocation Failure) 11M->6M(15M) 0.557ms
[172.543s][info][gc] GC(5562) Pause Young (Allocation Failure) 11M->6M(15M) 0.545ms
[172.548s][info][gc] GC(5563) Pause Young (Allocation Failure) 11M->6M(15M) 0.820ms
[172.553s][info][gc] GC(5564) Pause Young (Allocation Failure) 11M->6M(15M) 0.454ms
[172.558s][info][gc] GC(5565) Pause Young (Allocation Failure) 11M->6M(15M) 0.430ms
[172.564s][info][gc] GC(5566) Pause Young (Allocation Failure) 11M->6M(15M) 0.467ms
[172.569s][info][gc] GC(5567) Pause Young (Allocation Failure) 11M->6M(15M) 0.443ms
[172.575s][info][gc] GC(5568) Pause Young (Allocation Failure) 11M->6M(15M) 0.691ms
[172.580s][info][gc] GC(5569) Pause Young (Allocation Failure) 11M->6M(15M) 0.504ms
[172.586s][info][gc] GC(5570) Pause Young (Allocation Failure) 11M->6M(15M) 0.522ms
[172.592s][info][gc] GC(5571) Pause Young (Allocation Failure) 11M->6M(15M) 0.530ms
[172.597s][info][gc] GC(5572) Pause Young (Allocation Failure) 11M->6M(15M) 0.533ms
[172.603s][info][gc] GC(5573) Pause Young (Allocation Failure) 11M->6M(15M) 0.558ms
[172.610s][info][gc] GC(5574) Pause Young (Allocation Failure) 11M->6M(15M) 0.811ms
[172.617s][info][gc] GC(5575) Pause Young (Allocation Failure) 11M->6M(15M) 0.578ms
[172.622s][info][gc] GC(5576) Pause Young (Allocation Failure) 11M->6M(15M) 0.604ms
[172.628s][info][gc] GC(5577) Pause Young (Allocation Failure) 11M->6M(15M) 0.920ms
[172.633s][info][gc] GC(5578) Pause Young (Allocation Failure) 11M->6M(15M) 0.617ms
[172.639s][info][gc] GC(5579) Pause Young (Allocation Failure) 11M->6M(15M) 0.614ms
[172.645s][info][gc] GC(5580) Pause Young (Allocation Failure) 11M->6M(15M) 0.545ms
[172.650s][info][gc] GC(5581) Pause Young (Allocation Failure) 11M->6M(15M) 0.635ms
[172.657s][info][gc] GC(5582) Pause Young (Allocation Failure) 11M->6M(15M) 0.606ms
[172.662s][info][gc] GC(5583) Pause Young (Allocation Failure) 11M->6M(15M) 0.591ms
[172.667s][info][gc] GC(5584) Pause Young (Allocation Failure) 11M->6M(15M) 0.637ms
[172.674s][info][gc] GC(5585) Pause Young (Allocation Failure) 11M->6M(15M) 0.391ms
[172.679s][info][gc] GC(5586) Pause Young (Allocation Failure) 11M->6M(15M) 0.611ms
[172.687s][info][gc] GC(5587) Pause Young (Allocation Failure) 11M->6M(15M) 0.698ms
[172.693s][info][gc] GC(5588) Pause Young (Allocation Failure) 11M->6M(15M) 0.516ms
[172.699s][info][gc] GC(5589) Pause Young (Allocation Failure) 11M->6M(15M) 0.495ms
[172.704s][info][gc] GC(5590) Pause Young (Allocation Failure) 11M->6M(15M) 0.509ms
[172.710s][info][gc] GC(5591) Pause Young (Allocation Failure) 11M->6M(15M) 0.613ms
[172.717s][info][gc] GC(5592) Pause Young (Allocation Failure) 11M->6M(15M) 0.615ms
[172.723s][info][gc] GC(5593) Pause Young (Allocation Failure) 11M->6M(15M) 0.557ms
[172.728s][info][gc] GC(5594) Pause Young (Allocation Failure) 11M->6M(15M) 0.526ms
[172.733s][info][gc] GC(5595) Pause Young (Allocation Failure) 11M->6M(15M) 0.530ms
[172.740s][info][gc] GC(5596) Pause Young (Allocation Failure) 11M->6M(15M) 0.588ms
[172.745s][info][gc] GC(5597) Pause Young (Allocation Failure) 11M->6M(15M) 0.548ms
[172.752s][info][gc] GC(5598) Pause Young (Allocation Failure) 11M->6M(15M) 0.599ms
[172.758s][info][gc] GC(5599) Pause Young (Allocation Failure) 11M->6M(15M) 0.562ms
[172.764s][info][gc] GC(5600) Pause Young (Allocation Failure) 11M->6M(15M) 0.592ms
[172.769s][info][gc] GC(5601) Pause Young (Allocation Failure) 11M->6M(15M) 0.589ms
[172.775s][info][gc] GC(5602) Pause Young (Allocation Failure) 11M->6M(15M) 1.142ms
[172.780s][info][gc] GC(5603) Pause Young (Allocation Failure) 11M->6M(15M) 0.589ms
[172.785s][info][gc] GC(5604) Pause Young (Allocation Failure) 11M->6M(15M) 0.408ms
[172.793s][info][gc] GC(5605) Pause Young (Allocation Failure) 11M->6M(15M) 0.590ms
[172.798s][info][gc] GC(5606) Pause Young (Allocation Failure) 11M->6M(15M) 0.470ms
[172.805s][info][gc] GC(5607) Pause Young (Allocation Failure) 11M->6M(15M) 0.450ms
[172.810s][info][gc] GC(5608) Pause Young (Allocation Failure) 11M->6M(15M) 0.450ms
[172.816s][info][gc] GC(5609) Pause Young (Allocation Failure) 11M->6M(15M) 0.865ms
[172.822s][info][gc] GC(5610) Pause Young (Allocation Failure) 11M->6M(15M) 0.755ms
[172.827s][info][gc] GC(5611) Pause Young (Allocation Failure) 11M->6M(15M) 0.492ms
[172.837s][info][gc] GC(5612) Pause Young (Allocation Failure) 11M->6M(15M) 0.880ms
[172.848s][info][gc] GC(5613) Pause Young (Allocation Failure) 11M->6M(15M) 0.761ms
[172.859s][info][gc] GC(5614) Pause Young (Allocation Failure) 11M->6M(15M) 0.712ms
[172.867s][info][gc] GC(5615) Pause Young (Allocation Failure) 11M->6M(15M) 0.549ms
[172.875s][info][gc] GC(5616) Pause Young (Allocation Failure) 11M->6M(15M) 0.526ms
[172.883s][info][gc] GC(5617) Pause Young (Allocation Failure) 11M->6M(15M) 0.589ms
[172.889s][info][gc] GC(5618) Pause Young (Allocation Failure) 11M->6M(15M) 0.765ms
[172.896s][info][gc] GC(5619) Pause Young (Allocation Failure) 11M->6M(15M) 0.844ms
[172.904s][info][gc] GC(5620) Pause Young (Allocation Failure) 11M->6M(15M) 0.545ms
[172.913s][info][gc] GC(5621) Pause Young (Allocation Failure) 11M->6M(15M) 0.957ms
[172.920s][info][gc] GC(5622) Pause Young (Allocation Failure) 11M->6M(15M) 0.911ms
[172.929s][info][gc] GC(5623) Pause Young (Allocation Failure) 11M->6M(15M) 0.619ms
[172.937s][info][gc] GC(5624) Pause Young (Allocation Failure) 11M->6M(15M) 0.901ms
[172.943s][info][gc] GC(5625) Pause Young (Allocation Failure) 11M->6M(15M) 0.632ms
[172.951s][info][gc] GC(5626) Pause Young (Allocation Failure) 11M->6M(15M) 0.687ms
[172.957s][info][gc] GC(5627) Pause Young (Allocation Failure) 11M->6M(15M) 0.577ms
[172.964s][info][gc] GC(5628) Pause Young (Allocation Failure) 11M->6M(15M) 0.834ms
[172.970s][info][gc] GC(5629) Pause Young (Allocation Failure) 11M->6M(15M) 0.872ms
[172.979s][info][gc] GC(5630) Pause Young (Allocation Failure) 11M->6M(15M) 0.630ms
[172.987s][info][gc] GC(5631) Pause Young (Allocation Failure) 11M->6M(15M) 0.446ms
[172.994s][info][gc] GC(5632) Pause Young (Allocation Failure) 11M->6M(15M) 0.622ms
[172.999s][info][gc] GC(5633) Pause Young (Allocation Failure) 11M->6M(15M) 0.498ms
[173.008s][info][gc] GC(5634) Pause Young (Allocation Failure) 11M->6M(15M) 0.663ms
[173.016s][info][gc] GC(5635) Pause Young (Allocation Failure) 11M->6M(15M) 0.849ms
[173.023s][info][gc] GC(5636) Pause Young (Allocation Failure) 11M->6M(15M) 0.566ms
[173.032s][info][gc] GC(5637) Pause Young (Allocation Failure) 11M->6M(15M) 0.485ms
[173.037s][info][gc] GC(5638) Pause Young (Allocation Failure) 11M->6M(15M) 0.679ms
[173.044s][info][gc] GC(5639) Pause Young (Allocation Failure) 11M->6M(15M) 0.731ms
[173.049s][info][gc] GC(5640) Pause Young (Allocation Failure) 11M->6M(15M) 0.754ms
[173.056s][info][gc] GC(5641) Pause Young (Allocation Failure) 11M->6M(15M) 0.855ms
[173.061s][info][gc] GC(5642) Pause Young (Allocation Failure) 11M->6M(15M) 0.548ms
[173.067s][info][gc] GC(5643) Pause Young (Allocation Failure) 11M->6M(15M) 0.668ms
[173.074s][info][gc] GC(5644) Pause Young (Allocation Failure) 11M->6M(15M) 0.574ms
[173.079s][info][gc] GC(5645) Pause Young (Allocation Failure) 11M->6M(15M) 0.645ms
[173.087s][info][gc] GC(5646) Pause Young (Allocation Failure) 11M->6M(15M) 0.633ms
[173.095s][info][gc] GC(5647) Pause Young (Allocation Failure) 11M->6M(15M) 1.057ms
[173.105s][info][gc] GC(5648) Pause Young (Allocation Failure) 11M->6M(15M) 1.027ms
[173.114s][info][gc] GC(5649) Pause Young (Allocation Failure) 11M->6M(15M) 0.635ms
[173.120s][info][gc] GC(5650) Pause Young (Allocation Failure) 11M->6M(15M) 0.813ms
[173.128s][info][gc] GC(5651) Pause Young (Allocation Failure) 11M->6M(15M) 1.020ms
[173.134s][info][gc] GC(5652) Pause Young (Allocation Failure) 11M->6M(15M) 0.606ms
[173.142s][info][gc] GC(5653) Pause Young (Allocation Failure) 11M->6M(15M) 0.440ms
[173.150s][info][gc] GC(5654) Pause Young (Allocation Failure) 11M->6M(15M) 0.778ms
[173.156s][info][gc] GC(5655) Pause Young (Allocation Failure) 11M->6M(15M) 0.458ms
[173.161s][info][gc] GC(5656) Pause Young (Allocation Failure) 11M->6M(15M) 0.734ms
[173.169s][info][gc] GC(5657) Pause Young (Allocation Failure) 11M->6M(15M) 0.635ms
[173.175s][info][gc] GC(5658) Pause Young (Allocation Failure) 11M->6M(15M) 0.783ms
[173.181s][info][gc] GC(5659) Pause Young (Allocation Failure) 11M->6M(15M) 0.494ms
[173.186s][info][gc] GC(5660) Pause Young (Allocation Failure) 11M->6M(15M) 0.470ms
[173.192s][info][gc] GC(5661) Pause Young (Allocation Failure) 11M->6M(15M) 0.568ms
[173.198s][info][gc] GC(5662) Pause Young (Allocation Failure) 11M->6M(15M) 0.585ms
[173.204s][info][gc] GC(5663) Pause Young (Allocation Failure) 11M->6M(15M) 0.651ms
[173.212s][info][gc] GC(5664) Pause Young (Allocation Failure) 11M->6M(15M) 0.582ms
[173.219s][info][gc] GC(5665) Pause Young (Allocation Failure) 11M->6M(15M) 0.601ms
[173.225s][info][gc] GC(5666) Pause Young (Allocation Failure) 11M->6M(15M) 0.606ms
[173.233s][info][gc] GC(5667) Pause Young (Allocation Failure) 11M->6M(15M) 0.624ms
[173.238s][info][gc] GC(5668) Pause Young (Allocation Failure) 11M->6M(15M) 0.870ms
[173.247s][info][gc] GC(5669) Pause Young (Allocation Failure) 11M->6M(15M) 0.613ms
[173.252s][info][gc] GC(5670) Pause Young (Allocation Failure) 11M->6M(15M) 0.830ms
[173.259s][info][gc] GC(5671) Pause Young (Allocation Failure) 11M->6M(15M) 0.681ms
[173.264s][info][gc] GC(5672) Pause Young (Allocation Failure) 11M->6M(15M) 0.446ms
[173.272s][info][gc] GC(5673) Pause Young (Allocation Failure) 11M->6M(15M) 0.521ms
[173.277s][info][gc] GC(5674) Pause Young (Allocation Failure) 11M->6M(15M) 0.460ms
[173.284s][info][gc] GC(5675) Pause Young (Allocation Failure) 11M->6M(15M) 0.661ms
[173.289s][info][gc] GC(5676) Pause Young (Allocation Failure) 11M->6M(15M) 0.494ms
[173.294s][info][gc] GC(5677) Pause Young (Allocation Failure) 11M->6M(15M) 0.528ms
[173.300s][info][gc] GC(5678) Pause Young (Allocation Failure) 11M->6M(15M) 0.512ms
[173.306s][info][gc] GC(5679) Pause Young (Allocation Failure) 11M->6M(15M) 0.458ms
[173.313s][info][gc] GC(5680) Pause Young (Allocation Failure) 11M->6M(15M) 0.607ms
[173.320s][info][gc] GC(5681) Pause Young (Allocation Failure) 11M->6M(15M) 0.617ms
[173.329s][info][gc] GC(5682) Pause Young (Allocation Failure) 11M->6M(15M) 0.533ms
[173.335s][info][gc] GC(5683) Pause Young (Allocation Failure) 11M->6M(15M) 0.817ms
[173.341s][info][gc] GC(5684) Pause Young (Allocation Failure) 11M->6M(15M) 0.551ms
[173.346s][info][gc] GC(5685) Pause Young (Allocation Failure) 11M->6M(15M) 0.524ms
[173.353s][info][gc] GC(5686) Pause Young (Allocation Failure) 11M->6M(15M) 0.567ms
[173.358s][info][gc] GC(5687) Pause Young (Allocation Failure) 11M->6M(15M) 0.546ms
[173.365s][info][gc] GC(5688) Pause Young (Allocation Failure) 11M->6M(15M) 0.577ms
[173.371s][info][gc] GC(5689) Pause Young (Allocation Failure) 11M->6M(15M) 0.611ms
[173.377s][info][gc] GC(5690) Pause Young (Allocation Failure) 11M->6M(15M) 1.010ms
[173.383s][info][gc] GC(5691) Pause Young (Allocation Failure) 11M->6M(15M) 0.607ms
[173.389s][info][gc] GC(5692) Pause Young (Allocation Failure) 11M->6M(15M) 1.026ms
[173.395s][info][gc] GC(5693) Pause Young (Allocation Failure) 11M->6M(15M) 0.674ms
[173.400s][info][gc] GC(5694) Pause Young (Allocation Failure) 11M->6M(15M) 0.625ms
[173.407s][info][gc] GC(5695) Pause Young (Allocation Failure) 11M->6M(15M) 0.640ms
[173.413s][info][gc] GC(5696) Pause Young (Allocation Failure) 11M->6M(15M) 0.598ms
[173.420s][info][gc] GC(5697) Pause Young (Allocation Failure) 11M->6M(15M) 0.417ms
[173.425s][info][gc] GC(5698) Pause Young (Allocation Failure) 11M->6M(15M) 0.415ms
[173.433s][info][gc] GC(5699) Pause Young (Allocation Failure) 11M->6M(15M) 0.421ms
[173.438s][info][gc] GC(5700) Pause Young (Allocation Failure) 11M->6M(15M) 0.455ms
[173.445s][info][gc] GC(5701) Pause Young (Allocation Failure) 11M->6M(15M) 0.453ms
[173.451s][info][gc] GC(5702) Pause Young (Allocation Failure) 11M->6M(15M) 0.490ms
[173.458s][info][gc] GC(5703) Pause Young (Allocation Failure) 11M->6M(15M) 0.471ms
[173.464s][info][gc] GC(5704) Pause Young (Allocation Failure) 11M->6M(15M) 0.493ms
[173.470s][info][gc] GC(5705) Pause Young (Allocation Failure) 11M->6M(15M) 0.778ms
[173.475s][info][gc] GC(5706) Pause Young (Allocation Failure) 11M->6M(15M) 0.522ms
[173.482s][info][gc] GC(5707) Pause Young (Allocation Failure) 11M->6M(15M) 0.828ms
[173.488s][info][gc] GC(5708) Pause Young (Allocation Failure) 11M->6M(15M) 0.605ms
[173.494s][info][gc] GC(5709) Pause Young (Allocation Failure) 11M->6M(15M) 0.617ms
[173.501s][info][gc] GC(5710) Pause Young (Allocation Failure) 11M->6M(15M) 0.581ms
[173.507s][info][gc] GC(5711) Pause Young (Allocation Failure) 11M->6M(15M) 0.585ms
[173.513s][info][gc] GC(5712) Pause Young (Allocation Failure) 11M->6M(15M) 0.582ms
[173.519s][info][gc] GC(5713) Pause Young (Allocation Failure) 11M->6M(15M) 0.777ms
[173.526s][info][gc] GC(5714) Pause Young (Allocation Failure) 11M->6M(15M) 0.583ms
[173.532s][info][gc] GC(5715) Pause Young (Allocation Failure) 11M->6M(15M) 0.748ms
[173.539s][info][gc] GC(5716) Pause Young (Allocation Failure) 11M->6M(15M) 0.427ms
[173.545s][info][gc] GC(5717) Pause Young (Allocation Failure) 11M->6M(15M) 0.456ms
[173.552s][info][gc] GC(5718) Pause Young (Allocation Failure) 11M->6M(15M) 0.474ms
[173.557s][info][gc] GC(5719) Pause Young (Allocation Failure) 11M->6M(15M) 0.480ms
[173.563s][info][gc] GC(5720) Pause Young (Allocation Failure) 11M->6M(15M) 0.822ms
[173.568s][info][gc] GC(5721) Pause Young (Allocation Failure) 11M->6M(15M) 0.610ms
[173.574s][info][gc] GC(5722) Pause Young (Allocation Failure) 11M->6M(15M) 0.507ms
[173.580s][info][gc] GC(5723) Pause Young (Allocation Failure) 11M->6M(15M) 0.526ms
[173.588s][info][gc] GC(5724) Pause Young (Allocation Failure) 11M->6M(15M) 0.770ms
[173.594s][info][gc] GC(5725) Pause Young (Allocation Failure) 11M->7M(15M) 0.728ms
[173.600s][info][gc] GC(5726) Pause Young (Allocation Failure) 11M->7M(15M) 0.949ms
[173.607s][info][gc] GC(5727) Pause Young (Allocation Failure) 11M->7M(15M) 0.489ms
[173.612s][info][gc] GC(5728) Pause Young (Allocation Failure) 11M->7M(15M) 0.455ms
[173.619s][info][gc] GC(5729) Pause Young (Allocation Failure) 11M->7M(15M) 0.486ms
[173.624s][info][gc] GC(5730) Pause Young (Allocation Failure) 11M->7M(15M) 0.494ms
[173.631s][info][gc] GC(5731) Pause Young (Allocation Failure) 11M->7M(15M) 0.619ms
[173.637s][info][gc] GC(5732) Pause Young (Allocation Failure) 11M->7M(15M) 0.529ms
[173.643s][info][gc] GC(5733) Pause Young (Allocation Failure) 11M->7M(15M) 0.892ms
[173.649s][info][gc] GC(5734) Pause Young (Allocation Failure) 11M->7M(15M) 0.814ms
[173.655s][info][gc] GC(5735) Pause Young (Allocation Failure) 11M->7M(15M) 0.767ms
[173.661s][info][gc] GC(5736) Pause Young (Allocation Failure) 11M->7M(15M) 0.654ms
[173.666s][info][gc] GC(5737) Pause Young (Allocation Failure) 11M->7M(15M) 0.620ms
[173.673s][info][gc] GC(5738) Pause Young (Allocation Failure) 11M->7M(15M) 0.620ms
[173.678s][info][gc] GC(5739) Pause Young (Allocation Failure) 11M->7M(15M) 0.700ms
[173.687s][info][gc] GC(5740) Pause Young (Allocation Failure) 11M->7M(15M) 0.888ms
[173.692s][info][gc] GC(5741) Pause Young (Allocation Failure) 11M->7M(15M) 0.410ms
[173.700s][info][gc] GC(5742) Pause Young (Allocation Failure) 11M->7M(15M) 0.440ms
[173.705s][info][gc] GC(5743) Pause Young (Allocation Failure) 11M->7M(15M) 0.408ms
[173.711s][info][gc] GC(5744) Pause Young (Allocation Failure) 11M->7M(15M) 0.493ms
[173.717s][info][gc] GC(5745) Pause Young (Allocation Failure) 11M->7M(15M) 0.402ms
[173.723s][info][gc] GC(5746) Pause Young (Allocation Failure) 11M->7M(15M) 0.681ms
[173.731s][info][gc] GC(5747) Pause Young (Allocation Failure) 11M->7M(15M) 0.465ms
[173.737s][info][gc] GC(5748) Pause Young (Allocation Failure) 11M->7M(15M) 0.748ms
[173.742s][info][gc] GC(5749) Pause Young (Allocation Failure) 11M->7M(15M) 0.503ms
[173.747s][info][gc] GC(5750) Pause Young (Allocation Failure) 11M->7M(15M) 0.525ms
[173.754s][info][gc] GC(5751) Pause Young (Allocation Failure) 11M->7M(15M) 0.566ms
[173.761s][info][gc] GC(5752) Pause Young (Allocation Failure) 11M->7M(15M) 0.965ms
[173.767s][info][gc] GC(5753) Pause Young (Allocation Failure) 11M->7M(15M) 0.570ms
[173.772s][info][gc] GC(5754) Pause Young (Allocation Failure) 11M->7M(15M) 0.651ms
[173.779s][info][gc] GC(5755) Pause Young (Allocation Failure) 11M->7M(15M) 0.642ms
[173.785s][info][gc] GC(5756) Pause Young (Allocation Failure) 11M->7M(15M) 0.566ms
[173.791s][info][gc] GC(5757) Pause Young (Allocation Failure) 11M->7M(15M) 0.711ms
[173.796s][info][gc] GC(5758) Pause Young (Allocation Failure) 11M->7M(15M) 0.572ms
[173.802s][info][gc] GC(5759) Pause Young (Allocation Failure) 11M->7M(15M) 0.664ms
[173.809s][info][gc] GC(5760) Pause Young (Allocation Failure) 11M->7M(15M) 0.620ms
[173.814s][info][gc] GC(5761) Pause Young (Allocation Failure) 11M->7M(15M) 0.402ms
[173.821s][info][gc] GC(5762) Pause Young (Allocation Failure) 11M->7M(15M) 0.658ms
[173.827s][info][gc] GC(5763) Pause Young (Allocation Failure) 11M->7M(15M) 0.625ms
[173.840s][info][gc] GC(5764) Pause Young (Allocation Failure) 11M->7M(15M) 0.828ms
[173.851s][info][gc] GC(5765) Pause Young (Allocation Failure) 11M->7M(15M) 1.046ms
[173.860s][info][gc] GC(5766) Pause Young (Allocation Failure) 11M->7M(15M) 0.823ms
[173.865s][info][gc] GC(5767) Pause Young (Allocation Failure) 11M->7M(15M) 0.631ms
[173.873s][info][gc] GC(5768) Pause Young (Allocation Failure) 11M->7M(15M) 0.575ms
[173.878s][info][gc] GC(5769) Pause Young (Allocation Failure) 11M->7M(15M) 0.413ms
[173.886s][info][gc] GC(5770) Pause Young (Allocation Failure) 11M->7M(15M) 0.518ms
[173.891s][info][gc] GC(5771) Pause Young (Allocation Failure) 11M->7M(15M) 0.693ms
[173.900s][info][gc] GC(5772) Pause Young (Allocation Failure) 11M->7M(15M) 0.754ms
[173.906s][info][gc] GC(5773) Pause Young (Allocation Failure) 11M->7M(15M) 0.469ms
[173.913s][info][gc] GC(5774) Pause Young (Allocation Failure) 11M->7M(15M) 0.522ms
[173.919s][info][gc] GC(5775) Pause Young (Allocation Failure) 11M->7M(15M) 0.732ms
[173.929s][info][gc] GC(5776) Pause Young (Allocation Failure) 11M->7M(15M) 0.524ms
[173.934s][info][gc] GC(5777) Pause Young (Allocation Failure) 11M->7M(15M) 0.552ms
[173.940s][info][gc] GC(5778) Pause Young (Allocation Failure) 11M->7M(15M) 0.584ms
[173.945s][info][gc] GC(5779) Pause Young (Allocation Failure) 11M->7M(15M) 0.547ms
[173.954s][info][gc] GC(5780) Pause Young (Allocation Failure) 11M->7M(15M) 0.665ms
[173.959s][info][gc] GC(5781) Pause Young (Allocation Failure) 11M->7M(15M) 0.649ms
[173.966s][info][gc] GC(5782) Pause Young (Allocation Failure) 11M->7M(15M) 0.594ms
[173.971s][info][gc] GC(5783) Pause Young (Allocation Failure) 11M->7M(15M) 0.593ms
[173.976s][info][gc] GC(5784) Pause Young (Allocation Failure) 11M->7M(15M) 0.995ms
[173.983s][info][gc] GC(5785) Pause Young (Allocation Failure) 11M->7M(15M) 0.861ms
[173.989s][info][gc] GC(5786) Pause Young (Allocation Failure) 11M->7M(15M) 0.946ms
[173.995s][info][gc] GC(5787) Pause Young (Allocation Failure) 11M->7M(15M) 0.561ms
[174.000s][info][gc] GC(5788) Pause Young (Allocation Failure) 11M->7M(15M) 0.626ms
[174.007s][info][gc] GC(5789) Pause Young (Allocation Failure) 11M->7M(15M) 0.635ms
[174.012s][info][gc] GC(5790) Pause Young (Allocation Failure) 11M->7M(15M) 0.661ms
[174.018s][info][gc] GC(5791) Pause Young (Allocation Failure) 11M->7M(15M) 0.433ms
[174.023s][info][gc] GC(5792) Pause Young (Allocation Failure) 11M->7M(15M) 0.412ms
[174.030s][info][gc] GC(5793) Pause Young (Allocation Failure) 11M->7M(15M) 0.836ms
[174.036s][info][gc] GC(5794) Pause Young (Allocation Failure) 11M->7M(15M) 0.446ms
[174.041s][info][gc] GC(5795) Pause Young (Allocation Failure) 11M->7M(15M) 0.466ms
[174.047s][info][gc] GC(5796) Pause Young (Allocation Failure) 11M->7M(15M) 0.461ms
[174.052s][info][gc] GC(5797) Pause Young (Allocation Failure) 11M->7M(15M) 0.518ms
[174.059s][info][gc] GC(5798) Pause Young (Allocation Failure) 11M->7M(15M) 0.512ms
[174.066s][info][gc] GC(5799) Pause Young (Allocation Failure) 11M->7M(15M) 0.575ms
[174.074s][info][gc] GC(5800) Pause Young (Allocation Failure) 11M->7M(15M) 0.540ms
[174.080s][info][gc] GC(5801) Pause Young (Allocation Failure) 11M->7M(15M) 0.608ms
[174.087s][info][gc] GC(5802) Pause Young (Allocation Failure) 11M->7M(15M) 0.573ms
[174.093s][info][gc] GC(5803) Pause Young (Allocation Failure) 11M->7M(15M) 0.860ms
[174.100s][info][gc] GC(5804) Pause Young (Allocation Failure) 11M->7M(15M) 0.579ms
[174.105s][info][gc] GC(5805) Pause Young (Allocation Failure) 11M->7M(15M) 0.569ms
[174.111s][info][gc] GC(5806) Pause Young (Allocation Failure) 11M->7M(15M) 0.613ms
[174.118s][info][gc] GC(5807) Pause Young (Allocation Failure) 11M->7M(15M) 1.248ms
[174.125s][info][gc] GC(5808) Pause Young (Allocation Failure) 11M->7M(15M) 1.188ms
[174.130s][info][gc] GC(5809) Pause Young (Allocation Failure) 11M->7M(15M) 0.585ms
[174.135s][info][gc] GC(5810) Pause Young (Allocation Failure) 11M->7M(15M) 0.834ms
[174.143s][info][gc] GC(5811) Pause Young (Allocation Failure) 11M->7M(15M) 0.422ms
[174.149s][info][gc] GC(5812) Pause Young (Allocation Failure) 11M->7M(15M) 0.875ms
[174.155s][info][gc] GC(5813) Pause Young (Allocation Failure) 11M->7M(15M) 0.425ms
[174.160s][info][gc] GC(5814) Pause Young (Allocation Failure) 11M->7M(15M) 0.432ms
[174.167s][info][gc] GC(5815) Pause Young (Allocation Failure) 11M->7M(15M) 0.469ms
[174.174s][info][gc] GC(5816) Pause Young (Allocation Failure) 11M->7M(15M) 0.526ms
[174.182s][info][gc] GC(5817) Pause Young (Allocation Failure) 11M->7M(15M) 0.544ms
[174.188s][info][gc] GC(5818) Pause Young (Allocation Failure) 11M->7M(15M) 0.594ms
[174.195s][info][gc] GC(5819) Pause Young (Allocation Failure) 11M->7M(15M) 0.732ms
[174.201s][info][gc] GC(5820) Pause Young (Allocation Failure) 11M->7M(15M) 0.658ms
[174.210s][info][gc] GC(5821) Pause Young (Allocation Failure) 11M->7M(15M) 0.586ms
[174.218s][info][gc] GC(5822) Pause Young (Allocation Failure) 11M->7M(15M) 1.046ms
[174.224s][info][gc] GC(5823) Pause Young (Allocation Failure) 11M->7M(15M) 0.786ms
[174.232s][info][gc] GC(5824) Pause Young (Allocation Failure) 11M->7M(15M) 0.857ms
[174.237s][info][gc] GC(5825) Pause Young (Allocation Failure) 11M->7M(15M) 0.849ms
[174.243s][info][gc] GC(5826) Pause Young (Allocation Failure) 11M->7M(15M) 0.985ms
[174.252s][info][gc] GC(5827) Pause Young (Allocation Failure) 11M->7M(15M) 1.042ms
[174.258s][info][gc] GC(5828) Pause Young (Allocation Failure) 11M->7M(15M) 0.587ms
[174.266s][info][gc] GC(5829) Pause Young (Allocation Failure) 11M->7M(15M) 0.605ms
[174.276s][info][gc] GC(5830) Pause Young (Allocation Failure) 11M->7M(15M) 0.427ms
[174.286s][info][gc] GC(5831) Pause Young (Allocation Failure) 11M->7M(15M) 0.721ms
[174.294s][info][gc] GC(5832) Pause Young (Allocation Failure) 11M->7M(15M) 0.719ms
[174.301s][info][gc] GC(5833) Pause Young (Allocation Failure) 11M->7M(15M) 0.694ms
[174.307s][info][gc] GC(5834) Pause Young (Allocation Failure) 11M->7M(15M) 0.487ms
[174.317s][info][gc] GC(5835) Pause Young (Allocation Failure) 11M->7M(15M) 0.634ms
[174.323s][info][gc] GC(5836) Pause Young (Allocation Failure) 11M->7M(15M) 0.867ms
[174.331s][info][gc] GC(5837) Pause Young (Allocation Failure) 11M->7M(15M) 0.782ms
[174.341s][info][gc] GC(5838) Pause Young (Allocation Failure) 11M->7M(15M) 0.763ms
[174.347s][info][gc] GC(5839) Pause Young (Allocation Failure) 11M->7M(15M) 0.773ms
[174.357s][info][gc] GC(5840) Pause Young (Allocation Failure) 11M->7M(15M) 0.809ms
[174.366s][info][gc] GC(5841) Pause Young (Allocation Failure) 11M->7M(15M) 0.871ms
[174.373s][info][gc] GC(5842) Pause Young (Allocation Failure) 11M->7M(15M) 0.594ms
[174.381s][info][gc] GC(5843) Pause Young (Allocation Failure) 11M->7M(15M) 0.746ms
[174.387s][info][gc] GC(5844) Pause Young (Allocation Failure) 11M->7M(15M) 0.613ms
[174.396s][info][gc] GC(5845) Pause Young (Allocation Failure) 11M->7M(15M) 0.629ms
[174.402s][info][gc] GC(5846) Pause Young (Allocation Failure) 11M->7M(15M) 1.061ms
[174.410s][info][gc] GC(5847) Pause Young (Allocation Failure) 11M->7M(15M) 0.740ms
[174.417s][info][gc] GC(5848) Pause Young (Allocation Failure) 11M->7M(15M) 1.103ms
[174.424s][info][gc] GC(5849) Pause Young (Allocation Failure) 11M->7M(15M) 0.632ms
[174.432s][info][gc] GC(5850) Pause Young (Allocation Failure) 11M->7M(15M) 0.991ms
[174.440s][info][gc] GC(5851) Pause Young (Allocation Failure) 11M->7M(15M) 0.761ms
[174.447s][info][gc] GC(5852) Pause Young (Allocation Failure) 11M->7M(15M) 0.681ms
[174.455s][info][gc] GC(5853) Pause Young (Allocation Failure) 11M->7M(15M) 0.781ms
[174.462s][info][gc] GC(5854) Pause Young (Allocation Failure) 11M->7M(15M) 0.679ms
[174.472s][info][gc] GC(5855) Pause Young (Allocation Failure) 11M->7M(15M) 0.740ms
[174.480s][info][gc] GC(5856) Pause Young (Allocation Failure) 11M->7M(15M) 0.674ms
[174.488s][info][gc] GC(5857) Pause Young (Allocation Failure) 11M->7M(15M) 0.502ms
[174.494s][info][gc] GC(5858) Pause Young (Allocation Failure) 11M->7M(15M) 0.681ms
[174.503s][info][gc] GC(5859) Pause Young (Allocation Failure) 11M->7M(15M) 0.775ms
[174.513s][info][gc] GC(5860) Pause Young (Allocation Failure) 11M->7M(15M) 0.562ms
[174.519s][info][gc] GC(5861) Pause Young (Allocation Failure) 11M->7M(15M) 0.788ms
[174.527s][info][gc] GC(5862) Pause Young (Allocation Failure) 11M->7M(15M) 0.808ms
[174.537s][info][gc] GC(5863) Pause Young (Allocation Failure) 11M->7M(15M) 0.977ms
[174.546s][info][gc] GC(5864) Pause Young (Allocation Failure) 11M->7M(15M) 0.626ms
[174.555s][info][gc] GC(5865) Pause Young (Allocation Failure) 11M->7M(15M) 0.591ms
[174.562s][info][gc] GC(5866) Pause Young (Allocation Failure) 11M->7M(15M) 0.822ms
[174.570s][info][gc] GC(5867) Pause Young (Allocation Failure) 11M->7M(15M) 0.675ms
[174.578s][info][gc] GC(5868) Pause Young (Allocation Failure) 11M->7M(15M) 1.016ms
[174.585s][info][gc] GC(5869) Pause Young (Allocation Failure) 11M->7M(15M) 0.939ms
[174.594s][info][gc] GC(5870) Pause Young (Allocation Failure) 11M->7M(15M) 0.931ms
[174.600s][info][gc] GC(5871) Pause Young (Allocation Failure) 11M->7M(15M) 0.773ms
[174.608s][info][gc] GC(5872) Pause Young (Allocation Failure) 11M->7M(15M) 0.925ms
[174.615s][info][gc] GC(5873) Pause Young (Allocation Failure) 11M->7M(15M) 0.900ms
[174.624s][info][gc] GC(5874) Pause Young (Allocation Failure) 11M->7M(15M) 0.928ms
[174.634s][info][gc] GC(5875) Pause Young (Allocation Failure) 11M->7M(15M) 0.425ms
[174.641s][info][gc] GC(5876) Pause Young (Allocation Failure) 11M->7M(15M) 0.425ms
[174.649s][info][gc] GC(5877) Pause Young (Allocation Failure) 11M->7M(15M) 0.479ms
[174.657s][info][gc] GC(5878) Pause Young (Allocation Failure) 11M->7M(15M) 0.957ms
[174.665s][info][gc] GC(5879) Pause Young (Allocation Failure) 11M->7M(15M) 0.671ms
[174.673s][info][gc] GC(5880) Pause Young (Allocation Failure) 11M->7M(15M) 0.513ms
[174.680s][info][gc] GC(5881) Pause Young (Allocation Failure) 11M->7M(15M) 0.731ms
[174.689s][info][gc] GC(5882) Pause Young (Allocation Failure) 11M->7M(15M) 0.720ms
[174.694s][info][gc] GC(5883) Pause Young (Allocation Failure) 11M->7M(15M) 0.576ms
[174.701s][info][gc] GC(5884) Pause Young (Allocation Failure) 11M->7M(15M) 0.655ms
[174.705s][info][gc] GC(5885) Pause Young (Allocation Failure) 11M->7M(15M) 0.534ms
[174.712s][info][gc] GC(5886) Pause Young (Allocation Failure) 11M->7M(15M) 0.549ms
[174.718s][info][gc] GC(5887) Pause Young (Allocation Failure) 11M->7M(15M) 0.543ms
[174.724s][info][gc] GC(5888) Pause Young (Allocation Failure) 11M->7M(15M) 0.796ms
[174.730s][info][gc] GC(5889) Pause Young (Allocation Failure) 11M->7M(15M) 0.650ms
[174.735s][info][gc] GC(5890) Pause Young (Allocation Failure) 11M->7M(15M) 0.689ms
[174.743s][info][gc] GC(5891) Pause Young (Allocation Failure) 11M->7M(15M) 0.582ms
[174.748s][info][gc] GC(5892) Pause Young (Allocation Failure) 11M->7M(15M) 0.543ms
[174.755s][info][gc] GC(5893) Pause Young (Allocation Failure) 11M->7M(15M) 0.915ms
[174.760s][info][gc] GC(5894) Pause Young (Allocation Failure) 11M->7M(15M) 0.614ms
[174.767s][info][gc] GC(5895) Pause Young (Allocation Failure) 11M->7M(15M) 0.570ms
[174.772s][info][gc] GC(5896) Pause Young (Allocation Failure) 11M->7M(15M) 0.435ms
[174.779s][info][gc] GC(5897) Pause Young (Allocation Failure) 11M->7M(15M) 0.448ms
[174.784s][info][gc] GC(5898) Pause Young (Allocation Failure) 11M->7M(15M) 0.417ms
[174.789s][info][gc] GC(5899) Pause Young (Allocation Failure) 11M->7M(15M) 0.652ms
[174.796s][info][gc] GC(5900) Pause Young (Allocation Failure) 11M->7M(15M) 0.460ms
[174.801s][info][gc] GC(5901) Pause Young (Allocation Failure) 11M->7M(15M) 0.455ms
[174.807s][info][gc] GC(5902) Pause Young (Allocation Failure) 11M->7M(15M) 0.535ms
[174.813s][info][gc] GC(5903) Pause Young (Allocation Failure) 11M->7M(15M) 0.470ms
[174.820s][info][gc] GC(5904) Pause Young (Allocation Failure) 11M->7M(15M) 0.561ms
[174.827s][info][gc] GC(5905) Pause Young (Allocation Failure) 11M->7M(15M) 0.541ms
[174.834s][info][gc] GC(5906) Pause Young (Allocation Failure) 11M->7M(15M) 0.561ms
[174.839s][info][gc] GC(5907) Pause Young (Allocation Failure) 11M->7M(15M) 0.590ms
[174.847s][info][gc] GC(5908) Pause Young (Allocation Failure) 11M->7M(15M) 0.667ms
[174.852s][info][gc] GC(5909) Pause Young (Allocation Failure) 11M->7M(15M) 0.703ms
[174.861s][info][gc] GC(5910) Pause Young (Allocation Failure) 11M->7M(15M) 0.770ms
[174.866s][info][gc] GC(5911) Pause Young (Allocation Failure) 11M->7M(15M) 0.639ms
[174.874s][info][gc] GC(5912) Pause Young (Allocation Failure) 11M->7M(15M) 0.607ms
[174.879s][info][gc] GC(5913) Pause Young (Allocation Failure) 11M->7M(15M) 0.586ms
[174.886s][info][gc] GC(5914) Pause Young (Allocation Failure) 11M->7M(15M) 0.774ms
[174.891s][info][gc] GC(5915) Pause Young (Allocation Failure) 11M->7M(15M) 0.614ms
[174.897s][info][gc] GC(5916) Pause Young (Allocation Failure) 11M->7M(15M) 1.210ms
[174.904s][info][gc] GC(5917) Pause Young (Allocation Failure) 11M->7M(15M) 0.656ms
[174.911s][info][gc] GC(5918) Pause Young (Allocation Failure) 11M->7M(15M) 1.076ms
[174.917s][info][gc] GC(5919) Pause Young (Allocation Failure) 11M->7M(15M) 0.420ms
[174.922s][info][gc] GC(5920) Pause Young (Allocation Failure) 11M->7M(15M) 0.509ms
[174.928s][info][gc] GC(5921) Pause Young (Allocation Failure) 11M->7M(15M) 0.438ms
[174.934s][info][gc] GC(5922) Pause Young (Allocation Failure) 11M->7M(15M) 0.618ms
[174.941s][info][gc] GC(5923) Pause Young (Allocation Failure) 11M->7M(15M) 0.787ms
[174.949s][info][gc] GC(5924) Pause Young (Allocation Failure) 11M->7M(15M) 0.524ms
[174.958s][info][gc] GC(5925) Pause Young (Allocation Failure) 11M->7M(15M) 0.485ms
[174.968s][info][gc] GC(5926) Pause Young (Allocation Failure) 11M->7M(15M) 0.793ms
[174.973s][info][gc] GC(5927) Pause Young (Allocation Failure) 11M->7M(15M) 0.739ms
[174.981s][info][gc] GC(5928) Pause Young (Allocation Failure) 11M->7M(15M) 0.798ms
[174.987s][info][gc] GC(5929) Pause Young (Allocation Failure) 11M->7M(15M) 0.818ms
[174.993s][info][gc] GC(5930) Pause Young (Allocation Failure) 11M->7M(15M) 0.644ms
[174.998s][info][gc] GC(5931) Pause Young (Allocation Failure) 11M->7M(15M) 0.549ms
[175.004s][info][gc] GC(5932) Pause Young (Allocation Failure) 11M->7M(15M) 1.133ms
[175.010s][info][gc] GC(5933) Pause Young (Allocation Failure) 11M->7M(15M) 0.915ms
[175.017s][info][gc] GC(5934) Pause Young (Allocation Failure) 11M->7M(15M) 0.862ms
[175.022s][info][gc] GC(5935) Pause Young (Allocation Failure) 11M->7M(15M) 0.709ms
[175.028s][info][gc] GC(5936) Pause Young (Allocation Failure) 11M->7M(15M) 0.571ms
[175.034s][info][gc] GC(5937) Pause Young (Allocation Failure) 11M->7M(15M) 0.574ms
[175.039s][info][gc] GC(5938) Pause Young (Allocation Failure) 11M->7M(15M) 0.606ms
[175.046s][info][gc] GC(5939) Pause Young (Allocation Failure) 11M->7M(15M) 1.069ms
[175.051s][info][gc] GC(5940) Pause Young (Allocation Failure) 11M->7M(15M) 0.439ms
[175.057s][info][gc] GC(5941) Pause Young (Allocation Failure) 11M->7M(15M) 0.663ms
[175.062s][info][gc] GC(5942) Pause Young (Allocation Failure) 11M->7M(15M) 0.477ms
[175.068s][info][gc] GC(5943) Pause Young (Allocation Failure) 11M->7M(15M) 0.462ms
[175.075s][info][gc] GC(5944) Pause Young (Allocation Failure) 11M->7M(15M) 0.677ms
[175.084s][info][gc] GC(5945) Pause Young (Allocation Failure) 11M->7M(15M) 0.945ms
[175.092s][info][gc] GC(5946) Pause Young (Allocation Failure) 11M->7M(15M) 0.503ms
[175.098s][info][gc] GC(5947) Pause Young (Allocation Failure) 11M->7M(15M) 1.097ms
[175.107s][info][gc] GC(5948) Pause Young (Allocation Failure) 11M->7M(15M) 0.906ms
[175.114s][info][gc] GC(5949) Pause Young (Allocation Failure) 11M->7M(15M) 0.522ms
[175.120s][info][gc] GC(5950) Pause Young (Allocation Failure) 11M->7M(15M) 0.907ms
[175.127s][info][gc] GC(5951) Pause Young (Allocation Failure) 11M->7M(15M) 0.639ms
[175.132s][info][gc] GC(5952) Pause Young (Allocation Failure) 11M->7M(15M) 0.605ms
[175.141s][info][gc] GC(5953) Pause Young (Allocation Failure) 11M->7M(15M) 0.934ms
[175.147s][info][gc] GC(5954) Pause Young (Allocation Failure) 11M->7M(15M) 0.649ms
[175.157s][info][gc] GC(5955) Pause Young (Allocation Failure) 11M->7M(15M) 0.859ms
[175.162s][info][gc] GC(5956) Pause Young (Allocation Failure) 11M->7M(15M) 0.657ms
[175.171s][info][gc] GC(5957) Pause Young (Allocation Failure) 11M->7M(15M) 0.668ms
[175.176s][info][gc] GC(5958) Pause Young (Allocation Failure) 11M->7M(15M) 0.679ms
[175.183s][info][gc] GC(5959) Pause Young (Allocation Failure) 11M->7M(15M) 0.608ms
[175.189s][info][gc] GC(5960) Pause Young (Allocation Failure) 11M->7M(15M) 0.654ms
[175.196s][info][gc] GC(5961) Pause Young (Allocation Failure) 11M->7M(15M) 0.419ms
[175.201s][info][gc] GC(5962) Pause Young (Allocation Failure) 11M->7M(15M) 0.401ms
[175.208s][info][gc] GC(5963) Pause Young (Allocation Failure) 11M->7M(15M) 0.442ms
[175.214s][info][gc] GC(5964) Pause Young (Allocation Failure) 11M->7M(15M) 0.438ms
[175.220s][info][gc] GC(5965) Pause Young (Allocation Failure) 11M->7M(15M) 0.458ms
[175.225s][info][gc] GC(5966) Pause Young (Allocation Failure) 11M->7M(15M) 0.451ms
[175.232s][info][gc] GC(5967) Pause Young (Allocation Failure) 11M->7M(15M) 0.792ms
[175.238s][info][gc] GC(5968) Pause Young (Allocation Failure) 11M->7M(15M) 0.467ms
[175.244s][info][gc] GC(5969) Pause Young (Allocation Failure) 11M->7M(15M) 0.741ms
[175.250s][info][gc] GC(5970) Pause Young (Allocation Failure) 11M->7M(15M) 0.703ms
[175.255s][info][gc] GC(5971) Pause Young (Allocation Failure) 11M->7M(15M) 0.523ms
[175.262s][info][gc] GC(5972) Pause Young (Allocation Failure) 11M->7M(15M) 0.518ms
[175.267s][info][gc] GC(5973) Pause Young (Allocation Failure) 11M->7M(15M) 0.546ms
[175.275s][info][gc] GC(5974) Pause Young (Allocation Failure) 11M->7M(15M) 0.546ms
[175.280s][info][gc] GC(5975) Pause Young (Allocation Failure) 11M->7M(15M) 0.600ms
[175.287s][info][gc] GC(5976) Pause Young (Allocation Failure) 11M->7M(15M) 0.590ms
[175.292s][info][gc] GC(5977) Pause Young (Allocation Failure) 11M->7M(15M) 0.666ms
[175.301s][info][gc] GC(5978) Pause Young (Allocation Failure) 11M->7M(15M) 0.620ms
[175.306s][info][gc] GC(5979) Pause Young (Allocation Failure) 11M->7M(15M) 0.563ms
[175.312s][info][gc] GC(5980) Pause Young (Allocation Failure) 11M->7M(15M) 0.717ms
[175.317s][info][gc] GC(5981) Pause Young (Allocation Failure) 11M->7M(15M) 0.417ms
[175.322s][info][gc] GC(5982) Pause Young (Allocation Failure) 11M->7M(15M) 0.425ms
[175.329s][info][gc] GC(5983) Pause Young (Allocation Failure) 11M->7M(15M) 0.451ms
[175.334s][info][gc] GC(5984) Pause Young (Allocation Failure) 11M->7M(15M) 0.500ms
[175.342s][info][gc] GC(5985) Pause Young (Allocation Failure) 11M->7M(15M) 0.853ms
[175.349s][info][gc] GC(5986) Pause Young (Allocation Failure) 11M->7M(15M) 0.563ms
[175.357s][info][gc] GC(5987) Pause Young (Allocation Failure) 11M->7M(15M) 0.798ms
[175.363s][info][gc] GC(5988) Pause Young (Allocation Failure) 11M->7M(15M) 0.811ms
[175.371s][info][gc] GC(5989) Pause Young (Allocation Failure) 11M->7M(15M) 0.546ms
[175.379s][info][gc] GC(5990) Pause Young (Allocation Failure) 11M->7M(15M) 0.904ms
[175.384s][info][gc] GC(5991) Pause Young (Allocation Failure) 11M->7M(15M) 0.720ms
[175.389s][info][gc] GC(5992) Pause Young (Allocation Failure) 11M->7M(15M) 0.598ms
[175.396s][info][gc] GC(5993) Pause Young (Allocation Failure) 11M->7M(15M) 0.613ms
[175.401s][info][gc] GC(5994) Pause Young (Allocation Failure) 11M->7M(15M) 0.563ms
[175.410s][info][gc] GC(5995) Pause Young (Allocation Failure) 11M->7M(15M) 0.675ms
[175.416s][info][gc] GC(5996) Pause Young (Allocation Failure) 11M->7M(15M) 0.616ms
[175.422s][info][gc] GC(5997) Pause Young (Allocation Failure) 11M->7M(15M) 0.596ms
[175.427s][info][gc] GC(5998) Pause Young (Allocation Failure) 11M->7M(15M) 0.622ms
[175.434s][info][gc] GC(5999) Pause Young (Allocation Failure) 11M->7M(15M) 0.702ms
[175.439s][info][gc] GC(6000) Pause Young (Allocation Failure) 11M->7M(15M) 0.409ms
[175.445s][info][gc] GC(6001) Pause Young (Allocation Failure) 11M->7M(15M) 0.651ms
[175.450s][info][gc] GC(6002) Pause Young (Allocation Failure) 11M->7M(15M) 0.474ms
[175.458s][info][gc] GC(6003) Pause Young (Allocation Failure) 11M->7M(15M) 0.803ms
[175.467s][info][gc] GC(6004) Pause Young (Allocation Failure) 11M->7M(15M) 0.740ms
[175.475s][info][gc] GC(6005) Pause Young (Allocation Failure) 11M->7M(15M) 0.797ms
[175.481s][info][gc] GC(6006) Pause Young (Allocation Failure) 11M->7M(15M) 0.720ms
[175.490s][info][gc] GC(6007) Pause Young (Allocation Failure) 11M->7M(15M) 0.744ms
[175.496s][info][gc] GC(6008) Pause Young (Allocation Failure) 11M->7M(15M) 0.521ms
[175.502s][info][gc] GC(6009) Pause Young (Allocation Failure) 11M->7M(15M) 0.533ms
[175.508s][info][gc] GC(6010) Pause Young (Allocation Failure) 11M->7M(15M) 0.536ms
[175.516s][info][gc] GC(6011) Pause Young (Allocation Failure) 11M->7M(15M) 0.609ms
[175.523s][info][gc] GC(6012) Pause Young (Allocation Failure) 11M->7M(15M) 0.556ms
[175.530s][info][gc] GC(6013) Pause Young (Allocation Failure) 11M->7M(15M) 0.580ms
[175.538s][info][gc] GC(6014) Pause Young (Allocation Failure) 11M->7M(15M) 1.149ms
[175.545s][info][gc] GC(6015) Pause Young (Allocation Failure) 11M->7M(15M) 0.595ms
[175.554s][info][gc] GC(6016) Pause Young (Allocation Failure) 11M->7M(15M) 0.572ms
[175.559s][info][gc] GC(6017) Pause Young (Allocation Failure) 11M->7M(15M) 0.697ms
[175.567s][info][gc] GC(6018) Pause Young (Allocation Failure) 11M->7M(15M) 0.582ms
[175.572s][info][gc] GC(6019) Pause Young (Allocation Failure) 11M->7M(15M) 0.667ms
[175.577s][info][gc] GC(6020) Pause Young (Allocation Failure) 11M->7M(15M) 0.647ms
[175.583s][info][gc] GC(6021) Pause Young (Allocation Failure) 11M->7M(15M) 0.408ms
[175.589s][info][gc] GC(6022) Pause Young (Allocation Failure) 11M->7M(15M) 0.663ms
[175.595s][info][gc] GC(6023) Pause Young (Allocation Failure) 11M->7M(15M) 0.481ms
[175.601s][info][gc] GC(6024) Pause Young (Allocation Failure) 11M->7M(15M) 0.488ms
[175.607s][info][gc] GC(6025) Pause Young (Allocation Failure) 11M->7M(15M) 0.460ms
[175.612s][info][gc] GC(6026) Pause Young (Allocation Failure) 11M->7M(15M) 0.449ms
[175.618s][info][gc] GC(6027) Pause Young (Allocation Failure) 11M->7M(15M) 0.592ms
[175.624s][info][gc] GC(6028) Pause Young (Allocation Failure) 11M->7M(15M) 0.589ms
[175.629s][info][gc] GC(6029) Pause Young (Allocation Failure) 11M->7M(15M) 0.504ms
[175.635s][info][gc] GC(6030) Pause Young (Allocation Failure) 11M->7M(15M) 0.505ms
[175.640s][info][gc] GC(6031) Pause Young (Allocation Failure) 11M->7M(15M) 0.490ms
[175.647s][info][gc] GC(6032) Pause Young (Allocation Failure) 11M->7M(15M) 0.522ms
[175.653s][info][gc] GC(6033) Pause Young (Allocation Failure) 11M->7M(15M) 0.782ms
[175.659s][info][gc] GC(6034) Pause Young (Allocation Failure) 11M->7M(15M) 1.000ms
[175.664s][info][gc] GC(6035) Pause Young (Allocation Failure) 11M->7M(15M) 0.850ms
[175.669s][info][gc] GC(6036) Pause Young (Allocation Failure) 11M->7M(15M) 0.627ms
[175.677s][info][gc] GC(6037) Pause Young (Allocation Failure) 11M->7M(15M) 0.615ms
[175.686s][info][gc] GC(6038) Pause Young (Allocation Failure) 11M->7M(15M) 1.035ms
[175.694s][info][gc] GC(6039) Pause Young (Allocation Failure) 11M->7M(15M) 0.861ms
[175.701s][info][gc] GC(6040) Pause Young (Allocation Failure) 11M->7M(15M) 0.878ms
[175.706s][info][gc] GC(6041) Pause Young (Allocation Failure) 11M->7M(15M) 0.439ms
[175.713s][info][gc] GC(6042) Pause Young (Allocation Failure) 11M->7M(15M) 0.424ms
[175.718s][info][gc] GC(6043) Pause Young (Allocation Failure) 11M->7M(15M) 0.443ms
[175.723s][info][gc] GC(6044) Pause Young (Allocation Failure) 11M->7M(15M) 0.451ms
[175.730s][info][gc] GC(6045) Pause Young (Allocation Failure) 11M->7M(15M) 0.518ms
[175.735s][info][gc] GC(6046) Pause Young (Allocation Failure) 11M->7M(15M) 0.465ms
[175.741s][info][gc] GC(6047) Pause Young (Allocation Failure) 11M->7M(15M) 0.515ms
[175.746s][info][gc] GC(6048) Pause Young (Allocation Failure) 11M->7M(15M) 0.489ms
[175.753s][info][gc] GC(6049) Pause Young (Allocation Failure) 11M->7M(15M) 0.740ms
[175.758s][info][gc] GC(6050) Pause Young (Allocation Failure) 11M->7M(15M) 0.529ms
[175.763s][info][gc] GC(6051) Pause Young (Allocation Failure) 11M->7M(15M) 0.494ms
[175.770s][info][gc] GC(6052) Pause Young (Allocation Failure) 11M->7M(15M) 0.534ms
[175.775s][info][gc] GC(6053) Pause Young (Allocation Failure) 11M->7M(15M) 0.519ms
[175.782s][info][gc] GC(6054) Pause Young (Allocation Failure) 11M->7M(15M) 0.655ms
[175.788s][info][gc] GC(6055) Pause Young (Allocation Failure) 11M->7M(15M) 0.591ms
[175.794s][info][gc] GC(6056) Pause Young (Allocation Failure) 11M->7M(15M) 0.650ms
[175.800s][info][gc] GC(6057) Pause Young (Allocation Failure) 11M->7M(15M) 0.633ms
[175.806s][info][gc] GC(6058) Pause Young (Allocation Failure) 11M->7M(15M) 0.921ms
[175.812s][info][gc] GC(6059) Pause Young (Allocation Failure) 11M->7M(15M) 0.614ms
[175.818s][info][gc] GC(6060) Pause Young (Allocation Failure) 11M->7M(15M) 0.989ms
[175.823s][info][gc] GC(6061) Pause Young (Allocation Failure) 11M->7M(15M) 0.571ms
[175.829s][info][gc] GC(6062) Pause Young (Allocation Failure) 11M->7M(15M) 0.659ms
[175.836s][info][gc] GC(6063) Pause Young (Allocation Failure) 11M->7M(15M) 0.608ms
[175.842s][info][gc] GC(6064) Pause Young (Allocation Failure) 11M->7M(15M) 0.725ms
[175.851s][info][gc] GC(6065) Pause Young (Allocation Failure) 11M->7M(15M) 0.892ms
[175.856s][info][gc] GC(6066) Pause Young (Allocation Failure) 11M->7M(15M) 0.423ms
[175.865s][info][gc] GC(6067) Pause Young (Allocation Failure) 11M->7M(15M) 0.458ms
[175.870s][info][gc] GC(6068) Pause Young (Allocation Failure) 11M->7M(15M) 0.427ms
[175.877s][info][gc] GC(6069) Pause Young (Allocation Failure) 11M->7M(15M) 0.462ms
[175.882s][info][gc] GC(6070) Pause Young (Allocation Failure) 11M->7M(15M) 0.497ms
[175.890s][info][gc] GC(6071) Pause Young (Allocation Failure) 11M->7M(15M) 0.464ms
[175.895s][info][gc] GC(6072) Pause Young (Allocation Failure) 11M->7M(15M) 0.507ms
[175.902s][info][gc] GC(6073) Pause Young (Allocation Failure) 11M->7M(15M) 0.509ms
[175.907s][info][gc] GC(6074) Pause Young (Allocation Failure) 11M->7M(15M) 0.499ms
[175.914s][info][gc] GC(6075) Pause Young (Allocation Failure) 11M->7M(15M) 0.527ms
[175.919s][info][gc] GC(6076) Pause Young (Allocation Failure) 11M->7M(15M) 0.483ms
[175.925s][info][gc] GC(6077) Pause Young (Allocation Failure) 11M->7M(15M) 1.118ms
[175.931s][info][gc] GC(6078) Pause Young (Allocation Failure) 11M->7M(15M) 0.513ms
[175.936s][info][gc] GC(6079) Pause Young (Allocation Failure) 11M->7M(15M) 0.598ms
[175.943s][info][gc] GC(6080) Pause Young (Allocation Failure) 11M->7M(15M) 0.538ms
[175.948s][info][gc] GC(6081) Pause Young (Allocation Failure) 11M->7M(15M) 0.549ms
[175.956s][info][gc] GC(6082) Pause Young (Allocation Failure) 11M->7M(15M) 0.666ms
[175.961s][info][gc] GC(6083) Pause Young (Allocation Failure) 11M->7M(15M) 0.580ms
[175.968s][info][gc] GC(6084) Pause Young (Allocation Failure) 11M->7M(15M) 0.609ms
[175.973s][info][gc] GC(6085) Pause Young (Allocation Failure) 11M->7M(15M) 0.599ms
[175.980s][info][gc] GC(6086) Pause Young (Allocation Failure) 11M->7M(15M) 1.034ms
[175.985s][info][gc] GC(6087) Pause Young (Allocation Failure) 11M->7M(15M) 0.576ms
[175.990s][info][gc] GC(6088) Pause Young (Allocation Failure) 11M->7M(15M) 0.439ms
[175.996s][info][gc] GC(6089) Pause Young (Allocation Failure) 11M->7M(15M) 0.460ms
[176.002s][info][gc] GC(6090) Pause Young (Allocation Failure) 11M->7M(15M) 0.444ms
[176.008s][info][gc] GC(6091) Pause Young (Allocation Failure) 11M->7M(15M) 0.443ms
[176.013s][info][gc] GC(6092) Pause Young (Allocation Failure) 11M->7M(15M) 0.495ms
[176.020s][info][gc] GC(6093) Pause Young (Allocation Failure) 11M->7M(15M) 0.865ms
[176.025s][info][gc] GC(6094) Pause Young (Allocation Failure) 11M->7M(15M) 0.528ms
[176.033s][info][gc] GC(6095) Pause Young (Allocation Failure) 11M->7M(15M) 0.794ms
[176.038s][info][gc] GC(6096) Pause Young (Allocation Failure) 11M->7M(15M) 0.560ms
[176.043s][info][gc] GC(6097) Pause Young (Allocation Failure) 11M->7M(15M) 0.535ms
[176.050s][info][gc] GC(6098) Pause Young (Allocation Failure) 11M->7M(15M) 0.562ms
[176.055s][info][gc] GC(6099) Pause Young (Allocation Failure) 11M->7M(15M) 0.570ms
[176.063s][info][gc] GC(6100) Pause Young (Allocation Failure) 11M->7M(15M) 0.605ms
[176.068s][info][gc] GC(6101) Pause Young (Allocation Failure) 11M->7M(15M) 0.740ms
[176.074s][info][gc] GC(6102) Pause Young (Allocation Failure) 11M->7M(15M) 0.654ms
[176.079s][info][gc] GC(6103) Pause Young (Allocation Failure) 11M->7M(15M) 0.614ms
[176.087s][info][gc] GC(6104) Pause Young (Allocation Failure) 11M->7M(15M) 0.936ms
[176.096s][info][gc] GC(6105) Pause Young (Allocation Failure) 11M->7M(15M) 1.149ms
[176.105s][info][gc] GC(6106) Pause Young (Allocation Failure) 11M->7M(15M) 0.910ms
[176.110s][info][gc] GC(6107) Pause Young (Allocation Failure) 11M->7M(15M) 0.599ms
[176.117s][info][gc] GC(6108) Pause Young (Allocation Failure) 11M->7M(15M) 0.581ms
[176.123s][info][gc] GC(6109) Pause Young (Allocation Failure) 11M->7M(15M) 0.412ms
[176.130s][info][gc] GC(6110) Pause Young (Allocation Failure) 11M->7M(15M) 0.628ms
[176.135s][info][gc] GC(6111) Pause Young (Allocation Failure) 11M->7M(15M) 0.455ms
[176.142s][info][gc] GC(6112) Pause Young (Allocation Failure) 11M->7M(15M) 0.444ms
[176.150s][info][gc] GC(6113) Pause Young (Allocation Failure) 11M->7M(15M) 0.705ms
[176.157s][info][gc] GC(6114) Pause Young (Allocation Failure) 11M->7M(15M) 0.561ms
[176.162s][info][gc] GC(6115) Pause Young (Allocation Failure) 11M->7M(15M) 0.510ms
[176.170s][info][gc] GC(6116) Pause Young (Allocation Failure) 11M->7M(15M) 0.660ms
[176.174s][info][gc] GC(6117) Pause Young (Allocation Failure) 11M->7M(15M) 0.540ms
[176.181s][info][gc] GC(6118) Pause Young (Allocation Failure) 11M->7M(15M) 0.567ms
[176.187s][info][gc] GC(6119) Pause Young (Allocation Failure) 11M->7M(15M) 0.616ms
[176.194s][info][gc] GC(6120) Pause Young (Allocation Failure) 11M->7M(15M) 0.659ms
[176.201s][info][gc] GC(6121) Pause Young (Allocation Failure) 11M->7M(15M) 0.739ms
[176.209s][info][gc] GC(6122) Pause Young (Allocation Failure) 11M->7M(15M) 0.692ms
[176.215s][info][gc] GC(6123) Pause Young (Allocation Failure) 11M->7M(15M) 0.771ms
[176.221s][info][gc] GC(6124) Pause Young (Allocation Failure) 11M->7M(15M) 0.658ms
[176.227s][info][gc] GC(6125) Pause Young (Allocation Failure) 11M->7M(15M) 0.634ms
[176.234s][info][gc] GC(6126) Pause Young (Allocation Failure) 11M->7M(15M) 0.719ms
[176.242s][info][gc] GC(6127) Pause Young (Allocation Failure) 11M->7M(15M) 0.434ms
[176.249s][info][gc] GC(6128) Pause Young (Allocation Failure) 11M->7M(15M) 0.440ms
[176.256s][info][gc] GC(6129) Pause Young (Allocation Failure) 11M->7M(15M) 0.455ms
[176.264s][info][gc] GC(6130) Pause Young (Allocation Failure) 11M->7M(15M) 0.847ms
[176.272s][info][gc] GC(6131) Pause Young (Allocation Failure) 11M->7M(15M) 0.835ms
[176.279s][info][gc] GC(6132) Pause Young (Allocation Failure) 11M->7M(15M) 0.487ms
[176.287s][info][gc] GC(6133) Pause Young (Allocation Failure) 11M->7M(15M) 0.843ms
[176.295s][info][gc] GC(6134) Pause Young (Allocation Failure) 11M->7M(15M) 0.904ms
[176.303s][info][gc] GC(6135) Pause Young (Allocation Failure) 11M->7M(15M) 0.728ms
[176.308s][info][gc] GC(6136) Pause Young (Allocation Failure) 11M->7M(15M) 0.583ms
[176.315s][info][gc] GC(6137) Pause Young (Allocation Failure) 11M->7M(15M) 0.539ms
[176.320s][info][gc] GC(6138) Pause Young (Allocation Failure) 11M->7M(15M) 0.558ms
[176.327s][info][gc] GC(6139) Pause Young (Allocation Failure) 11M->7M(15M) 0.954ms
[176.332s][info][gc] GC(6140) Pause Young (Allocation Failure) 11M->7M(15M) 0.706ms
[176.337s][info][gc] GC(6141) Pause Young (Allocation Failure) 11M->7M(15M) 0.642ms
[176.344s][info][gc] GC(6142) Pause Young (Allocation Failure) 11M->7M(15M) 0.640ms
[176.349s][info][gc] GC(6143) Pause Young (Allocation Failure) 11M->7M(15M) 0.627ms
[176.357s][info][gc] GC(6144) Pause Young (Allocation Failure) 11M->7M(15M) 0.652ms
[176.362s][info][gc] GC(6145) Pause Young (Allocation Failure) 11M->7M(15M) 0.583ms
[176.369s][info][gc] GC(6146) Pause Young (Allocation Failure) 11M->7M(15M) 0.596ms
[176.374s][info][gc] GC(6147) Pause Young (Allocation Failure) 11M->7M(15M) 0.565ms
[176.381s][info][gc] GC(6148) Pause Young (Allocation Failure) 11M->7M(15M) 0.426ms
[176.386s][info][gc] GC(6149) Pause Young (Allocation Failure) 11M->7M(15M) 0.391ms
[176.392s][info][gc] GC(6150) Pause Young (Allocation Failure) 11M->7M(15M) 0.818ms
[176.398s][info][gc] GC(6151) Pause Young (Allocation Failure) 11M->7M(15M) 0.514ms
[176.404s][info][gc] GC(6152) Pause Young (Allocation Failure) 11M->7M(15M) 0.476ms
[176.410s][info][gc] GC(6153) Pause Young (Allocation Failure) 11M->7M(15M) 0.461ms
[176.415s][info][gc] GC(6154) Pause Young (Allocation Failure) 11M->7M(15M) 0.492ms
[176.422s][info][gc] GC(6155) Pause Young (Allocation Failure) 11M->7M(15M) 0.510ms
[176.427s][info][gc] GC(6156) Pause Young (Allocation Failure) 11M->7M(15M) 0.614ms
[176.434s][info][gc] GC(6157) Pause Young (Allocation Failure) 11M->7M(15M) 0.537ms
[176.439s][info][gc] GC(6158) Pause Young (Allocation Failure) 11M->7M(15M) 0.582ms
[176.445s][info][gc] GC(6159) Pause Young (Allocation Failure) 11M->7M(15M) 0.763ms
[176.450s][info][gc] GC(6160) Pause Young (Allocation Failure) 11M->7M(15M) 0.645ms
[176.456s][info][gc] GC(6161) Pause Young (Allocation Failure) 11M->7M(15M) 0.668ms
[176.462s][info][gc] GC(6162) Pause Young (Allocation Failure) 11M->7M(15M) 0.641ms
[176.468s][info][gc] GC(6163) Pause Young (Allocation Failure) 11M->7M(15M) 0.561ms
[176.476s][info][gc] GC(6164) Pause Young (Allocation Failure) 11M->7M(15M) 0.586ms
[176.481s][info][gc] GC(6165) Pause Young (Allocation Failure) 11M->7M(15M) 0.397ms
[176.487s][info][gc] GC(6166) Pause Young (Allocation Failure) 11M->7M(15M) 0.526ms
[176.493s][info][gc] GC(6167) Pause Young (Allocation Failure) 11M->7M(15M) 0.422ms
[176.500s][info][gc] GC(6168) Pause Young (Allocation Failure) 11M->7M(15M) 0.867ms
[176.505s][info][gc] GC(6169) Pause Young (Allocation Failure) 11M->7M(15M) 0.432ms
[176.510s][info][gc] GC(6170) Pause Young (Allocation Failure) 11M->7M(15M) 0.456ms
[176.516s][info][gc] GC(6171) Pause Young (Allocation Failure) 11M->7M(15M) 0.478ms
[176.521s][info][gc] GC(6172) Pause Young (Allocation Failure) 11M->7M(15M) 0.512ms
[176.529s][info][gc] GC(6173) Pause Young (Allocation Failure) 11M->7M(15M) 0.505ms
[176.534s][info][gc] GC(6174) Pause Young (Allocation Failure) 11M->7M(15M) 0.496ms
[176.540s][info][gc] GC(6175) Pause Young (Allocation Failure) 11M->7M(15M) 0.582ms
[176.545s][info][gc] GC(6176) Pause Young (Allocation Failure) 11M->7M(15M) 0.554ms
[176.551s][info][gc] GC(6177) Pause Young (Allocation Failure) 11M->7M(15M) 0.598ms
[176.558s][info][gc] GC(6178) Pause Young (Allocation Failure) 11M->7M(15M) 0.654ms
[176.563s][info][gc] GC(6179) Pause Young (Allocation Failure) 11M->7M(15M) 0.581ms
[176.570s][info][gc] GC(6180) Pause Young (Allocation Failure) 11M->7M(15M) 0.962ms
[176.576s][info][gc] GC(6181) Pause Young (Allocation Failure) 11M->7M(15M) 0.584ms
[176.582s][info][gc] GC(6182) Pause Young (Allocation Failure) 11M->7M(15M) 0.771ms
[176.588s][info][gc] GC(6183) Pause Young (Allocation Failure) 11M->7M(15M) 0.601ms
[176.597s][info][gc] GC(6184) Pause Young (Allocation Failure) 11M->7M(15M) 0.643ms
[176.602s][info][gc] GC(6185) Pause Young (Allocation Failure) 11M->7M(15M) 0.405ms
[176.609s][info][gc] GC(6186) Pause Young (Allocation Failure) 11M->7M(15M) 0.384ms
[176.614s][info][gc] GC(6187) Pause Young (Allocation Failure) 11M->7M(15M) 0.440ms
[176.621s][info][gc] GC(6188) Pause Young (Allocation Failure) 11M->7M(15M) 0.435ms
[176.626s][info][gc] GC(6189) Pause Young (Allocation Failure) 11M->7M(15M) 0.427ms
[176.631s][info][gc] GC(6190) Pause Young (Allocation Failure) 11M->7M(15M) 0.462ms
[176.638s][info][gc] GC(6191) Pause Young (Allocation Failure) 11M->7M(15M) 0.479ms
[176.643s][info][gc] GC(6192) Pause Young (Allocation Failure) 11M->7M(15M) 0.472ms
[176.649s][info][gc] GC(6193) Pause Young (Allocation Failure) 11M->7M(15M) 0.606ms
[176.654s][info][gc] GC(6194) Pause Young (Allocation Failure) 11M->7M(15M) 0.590ms
[176.661s][info][gc] GC(6195) Pause Young (Allocation Failure) 11M->7M(15M) 0.557ms
[176.667s][info][gc] GC(6196) Pause Young (Allocation Failure) 11M->7M(15M) 0.600ms
[176.673s][info][gc] GC(6197) Pause Young (Allocation Failure) 11M->7M(15M) 0.994ms
[176.678s][info][gc] GC(6198) Pause Young (Allocation Failure) 11M->7M(15M) 0.650ms
[176.687s][info][gc] GC(6199) Pause Young (Allocation Failure) 11M->7M(15M) 1.098ms
[176.693s][info][gc] GC(6200) Pause Young (Allocation Failure) 11M->7M(15M) 0.632ms
[176.701s][info][gc] GC(6201) Pause Young (Allocation Failure) 11M->7M(15M) 0.983ms
[176.706s][info][gc] GC(6202) Pause Young (Allocation Failure) 11M->7M(15M) 0.585ms
[176.712s][info][gc] GC(6203) Pause Young (Allocation Failure) 11M->7M(15M) 0.925ms
[176.719s][info][gc] GC(6204) Pause Young (Allocation Failure) 11M->7M(15M) 0.413ms
[176.724s][info][gc] GC(6205) Pause Young (Allocation Failure) 11M->7M(15M) 0.412ms
[176.730s][info][gc] GC(6206) Pause Young (Allocation Failure) 11M->7M(15M) 0.483ms
[176.735s][info][gc] GC(6207) Pause Young (Allocation Failure) 11M->7M(15M) 0.456ms
[176.742s][info][gc] GC(6208) Pause Young (Allocation Failure) 11M->7M(15M) 0.529ms
[176.747s][info][gc] GC(6209) Pause Young (Allocation Failure) 11M->7M(15M) 0.512ms
[176.754s][info][gc] GC(6210) Pause Young (Allocation Failure) 11M->7M(15M) 0.973ms
[176.759s][info][gc] GC(6211) Pause Young (Allocation Failure) 11M->7M(15M) 0.558ms
[176.764s][info][gc] GC(6212) Pause Young (Allocation Failure) 11M->7M(15M) 0.612ms
[176.771s][info][gc] GC(6213) Pause Young (Allocation Failure) 11M->7M(15M) 0.518ms
[176.776s][info][gc] GC(6214) Pause Young (Allocation Failure) 11M->7M(15M) 0.521ms
[176.783s][info][gc] GC(6215) Pause Young (Allocation Failure) 11M->7M(15M) 0.548ms
[176.788s][info][gc] GC(6216) Pause Young (Allocation Failure) 11M->7M(15M) 0.516ms
[176.796s][info][gc] GC(6217) Pause Young (Allocation Failure) 11M->7M(15M) 0.593ms
[176.801s][info][gc] GC(6218) Pause Young (Allocation Failure) 11M->7M(15M) 0.617ms
[176.808s][info][gc] GC(6219) Pause Young (Allocation Failure) 11M->7M(15M) 0.612ms
[176.813s][info][gc] GC(6220) Pause Young (Allocation Failure) 11M->7M(15M) 0.594ms
[176.818s][info][gc] GC(6221) Pause Young (Allocation Failure) 11M->7M(15M) 0.714ms
[176.826s][info][gc] GC(6222) Pause Young (Allocation Failure) 11M->7M(15M) 0.633ms
[176.835s][info][gc] GC(6223) Pause Young (Allocation Failure) 11M->7M(15M) 1.026ms
[176.842s][info][gc] GC(6224) Pause Young (Allocation Failure) 11M->7M(15M) 0.576ms
[176.850s][info][gc] GC(6225) Pause Young (Allocation Failure) 11M->7M(15M) 0.635ms
[176.857s][info][gc] GC(6226) Pause Young (Allocation Failure) 11M->7M(15M) 0.874ms
[176.865s][info][gc] GC(6227) Pause Young (Allocation Failure) 11M->7M(15M) 0.584ms
[176.870s][info][gc] GC(6228) Pause Young (Allocation Failure) 11M->7M(15M) 0.886ms
[176.877s][info][gc] GC(6229) Pause Young (Allocation Failure) 11M->7M(15M) 0.590ms
[176.882s][info][gc] GC(6230) Pause Young (Allocation Failure) 11M->7M(15M) 0.428ms
[176.889s][info][gc] GC(6231) Pause Young (Allocation Failure) 11M->7M(15M) 0.457ms
[176.894s][info][gc] GC(6232) Pause Young (Allocation Failure) 11M->7M(15M) 0.424ms
[176.902s][info][gc] GC(6233) Pause Young (Allocation Failure) 11M->7M(15M) 0.591ms
[176.907s][info][gc] GC(6234) Pause Young (Allocation Failure) 11M->7M(15M) 0.476ms
[176.914s][info][gc] GC(6235) Pause Young (Allocation Failure) 11M->7M(15M) 0.921ms
[176.920s][info][gc] GC(6236) Pause Young (Allocation Failure) 11M->7M(15M) 0.483ms
[176.925s][info][gc] GC(6237) Pause Young (Allocation Failure) 11M->7M(15M) 0.709ms
[176.932s][info][gc] GC(6238) Pause Young (Allocation Failure) 11M->7M(15M) 0.584ms
[176.938s][info][gc] GC(6239) Pause Young (Allocation Failure) 11M->7M(15M) 0.600ms
[176.944s][info][gc] GC(6240) Pause Young (Allocation Failure) 11M->7M(15M) 0.532ms
[176.950s][info][gc] GC(6241) Pause Young (Allocation Failure) 11M->7M(15M) 0.589ms
[176.956s][info][gc] GC(6242) Pause Young (Allocation Failure) 11M->7M(15M) 0.560ms
[176.962s][info][gc] GC(6243) Pause Young (Allocation Failure) 11M->7M(15M) 0.596ms
[176.969s][info][gc] GC(6244) Pause Young (Allocation Failure) 11M->7M(15M) 0.563ms
[176.974s][info][gc] GC(6245) Pause Young (Allocation Failure) 11M->7M(15M) 0.555ms
[176.981s][info][gc] GC(6246) Pause Young (Allocation Failure) 11M->7M(15M) 1.300ms
[176.987s][info][gc] GC(6247) Pause Young (Allocation Failure) 11M->7M(15M) 0.593ms
[176.992s][info][gc] GC(6248) Pause Young (Allocation Failure) 11M->7M(15M) 1.067ms
[176.999s][info][gc] GC(6249) Pause Young (Allocation Failure) 11M->7M(15M) 0.576ms
[177.004s][info][gc] GC(6250) Pause Young (Allocation Failure) 11M->7M(15M) 0.413ms
[177.011s][info][gc] GC(6251) Pause Young (Allocation Failure) 11M->7M(15M) 0.408ms
[177.017s][info][gc] GC(6252) Pause Young (Allocation Failure) 11M->7M(15M) 0.439ms
[177.023s][info][gc] GC(6253) Pause Young (Allocation Failure) 11M->7M(15M) 0.481ms
[177.029s][info][gc] GC(6254) Pause Young (Allocation Failure) 11M->7M(15M) 0.436ms
[177.035s][info][gc] GC(6255) Pause Young (Allocation Failure) 11M->7M(15M) 0.458ms
[177.041s][info][gc] GC(6256) Pause Young (Allocation Failure) 11M->7M(15M) 0.718ms
[177.046s][info][gc] GC(6257) Pause Young (Allocation Failure) 11M->7M(15M) 0.721ms
[177.052s][info][gc] GC(6258) Pause Young (Allocation Failure) 11M->7M(15M) 0.494ms
[177.057s][info][gc] GC(6259) Pause Young (Allocation Failure) 11M->7M(15M) 0.502ms
[177.065s][info][gc] GC(6260) Pause Young (Allocation Failure) 11M->7M(15M) 0.573ms
[177.071s][info][gc] GC(6261) Pause Young (Allocation Failure) 11M->7M(15M) 0.862ms
[177.081s][info][gc] GC(6262) Pause Young (Allocation Failure) 11M->7M(15M) 0.847ms
[177.092s][info][gc] GC(6263) Pause Young (Allocation Failure) 11M->7M(15M) 0.623ms
[177.099s][info][gc] GC(6264) Pause Young (Allocation Failure) 11M->7M(15M) 0.909ms
[177.107s][info][gc] GC(6265) Pause Young (Allocation Failure) 11M->7M(15M) 0.562ms
[177.112s][info][gc] GC(6266) Pause Young (Allocation Failure) 11M->7M(15M) 0.661ms
[177.118s][info][gc] GC(6267) Pause Young (Allocation Failure) 11M->7M(15M) 0.559ms
[177.123s][info][gc] GC(6268) Pause Young (Allocation Failure) 11M->7M(15M) 0.579ms
[177.130s][info][gc] GC(6269) Pause Young (Allocation Failure) 11M->7M(15M) 0.621ms
[177.135s][info][gc] GC(6270) Pause Young (Allocation Failure) 11M->7M(15M) 0.666ms
[177.142s][info][gc] GC(6271) Pause Young (Allocation Failure) 11M->7M(15M) 0.635ms
[177.147s][info][gc] GC(6272) Pause Young (Allocation Failure) 11M->7M(15M) 0.394ms
[177.155s][info][gc] GC(6273) Pause Young (Allocation Failure) 11M->7M(15M) 0.671ms
[177.161s][info][gc] GC(6274) Pause Young (Allocation Failure) 11M->7M(15M) 0.437ms
[177.167s][info][gc] GC(6275) Pause Young (Allocation Failure) 11M->7M(15M) 0.560ms
[177.172s][info][gc] GC(6276) Pause Young (Allocation Failure) 11M->7M(15M) 0.465ms
[177.177s][info][gc] GC(6277) Pause Young (Allocation Failure) 11M->7M(15M) 0.458ms
[177.184s][info][gc] GC(6278) Pause Young (Allocation Failure) 11M->7M(15M) 0.662ms
[177.189s][info][gc] GC(6279) Pause Young (Allocation Failure) 11M->7M(15M) 0.458ms
[177.195s][info][gc] GC(6280) Pause Young (Allocation Failure) 11M->7M(15M) 0.475ms
[177.201s][info][gc] GC(6281) Pause Young (Allocation Failure) 11M->7M(15M) 0.489ms
[177.209s][info][gc] GC(6282) Pause Young (Allocation Failure) 11M->7M(15M) 0.548ms
[177.216s][info][gc] GC(6283) Pause Young (Allocation Failure) 11M->7M(15M) 0.572ms
[177.222s][info][gc] GC(6284) Pause Young (Allocation Failure) 11M->7M(15M) 0.652ms
[177.230s][info][gc] GC(6285) Pause Young (Allocation Failure) 11M->7M(15M) 0.616ms
[177.238s][info][gc] GC(6286) Pause Young (Allocation Failure) 11M->7M(15M) 0.610ms
[177.244s][info][gc] GC(6287) Pause Young (Allocation Failure) 11M->7M(15M) 0.715ms
[177.251s][info][gc] GC(6288) Pause Young (Allocation Failure) 11M->7M(15M) 0.616ms
[177.256s][info][gc] GC(6289) Pause Young (Allocation Failure) 11M->7M(15M) 0.688ms
[177.262s][info][gc] GC(6290) Pause Young (Allocation Failure) 11M->7M(15M) 0.613ms
[177.268s][info][gc] GC(6291) Pause Young (Allocation Failure) 11M->7M(15M) 0.576ms
[177.274s][info][gc] GC(6292) Pause Young (Allocation Failure) 11M->7M(15M) 0.976ms
[177.279s][info][gc] GC(6293) Pause Young (Allocation Failure) 11M->7M(15M) 0.619ms
[177.284s][info][gc] GC(6294) Pause Young (Allocation Failure) 11M->7M(15M) 0.550ms
[177.292s][info][gc] GC(6295) Pause Young (Allocation Failure) 11M->7M(15M) 0.543ms
[177.297s][info][gc] GC(6296) Pause Young (Allocation Failure) 11M->7M(15M) 0.420ms
[177.303s][info][gc] GC(6297) Pause Young (Allocation Failure) 11M->7M(15M) 0.450ms
[177.308s][info][gc] GC(6298) Pause Young (Allocation Failure) 11M->7M(15M) 0.430ms
[177.314s][info][gc] GC(6299) Pause Young (Allocation Failure) 11M->7M(15M) 0.565ms
[177.319s][info][gc] GC(6300) Pause Young (Allocation Failure) 11M->7M(15M) 0.505ms
[177.324s][info][gc] GC(6301) Pause Young (Allocation Failure) 11M->7M(15M) 0.524ms
[177.331s][info][gc] GC(6302) Pause Young (Allocation Failure) 11M->7M(15M) 0.530ms
[177.337s][info][gc] GC(6303) Pause Young (Allocation Failure) 11M->7M(15M) 0.481ms
[177.344s][info][gc] GC(6304) Pause Young (Allocation Failure) 11M->7M(15M) 0.556ms
[177.350s][info][gc] GC(6305) Pause Young (Allocation Failure) 11M->7M(15M) 0.567ms
[177.356s][info][gc] GC(6306) Pause Young (Allocation Failure) 11M->7M(15M) 0.553ms
[177.363s][info][gc] GC(6307) Pause Young (Allocation Failure) 11M->7M(15M) 0.677ms
[177.371s][info][gc] GC(6308) Pause Young (Allocation Failure) 11M->7M(15M) 0.631ms
[177.376s][info][gc] GC(6309) Pause Young (Allocation Failure) 11M->7M(15M) 0.950ms
[177.384s][info][gc] GC(6310) Pause Young (Allocation Failure) 11M->7M(15M) 0.657ms
[177.389s][info][gc] GC(6311) Pause Young (Allocation Failure) 11M->7M(15M) 0.594ms
[177.396s][info][gc] GC(6312) Pause Young (Allocation Failure) 11M->7M(15M) 0.580ms
[177.402s][info][gc] GC(6313) Pause Young (Allocation Failure) 11M->7M(15M) 0.683ms
[177.408s][info][gc] GC(6314) Pause Young (Allocation Failure) 11M->7M(15M) 0.414ms
[177.413s][info][gc] GC(6315) Pause Young (Allocation Failure) 11M->7M(15M) 0.379ms
[177.418s][info][gc] GC(6316) Pause Young (Allocation Failure) 11M->7M(15M) 0.606ms
[177.425s][info][gc] GC(6317) Pause Young (Allocation Failure) 11M->7M(15M) 0.443ms
[177.430s][info][gc] GC(6318) Pause Young (Allocation Failure) 11M->7M(15M) 0.434ms
[177.437s][info][gc] GC(6319) Pause Young (Allocation Failure) 11M->7M(15M) 0.443ms
[177.442s][info][gc] GC(6320) Pause Young (Allocation Failure) 11M->7M(15M) 0.439ms
[177.449s][info][gc] GC(6321) Pause Young (Allocation Failure) 11M->7M(15M) 0.490ms
[177.454s][info][gc] GC(6322) Pause Young (Allocation Failure) 11M->7M(15M) 0.477ms
[177.459s][info][gc] GC(6323) Pause Young (Allocation Failure) 11M->7M(15M) 0.478ms
[177.465s][info][gc] GC(6324) Pause Young (Allocation Failure) 11M->7M(15M) 0.487ms
[177.470s][info][gc] GC(6325) Pause Young (Allocation Failure) 11M->7M(15M) 0.851ms
[177.477s][info][gc] GC(6326) Pause Young (Allocation Failure) 11M->7M(15M) 0.526ms
[177.482s][info][gc] GC(6327) Pause Young (Allocation Failure) 11M->7M(15M) 0.577ms
[177.489s][info][gc] GC(6328) Pause Young (Allocation Failure) 11M->7M(15M) 0.877ms
[177.494s][info][gc] GC(6329) Pause Young (Allocation Failure) 11M->7M(15M) 0.593ms
[177.501s][info][gc] GC(6330) Pause Young (Allocation Failure) 11M->7M(15M) 0.987ms
[177.507s][info][gc] GC(6331) Pause Young (Allocation Failure) 11M->7M(15M) 0.671ms
[177.512s][info][gc] GC(6332) Pause Young (Allocation Failure) 11M->7M(15M) 0.552ms
[177.518s][info][gc] GC(6333) Pause Young (Allocation Failure) 11M->7M(15M) 0.680ms
[177.524s][info][gc] GC(6334) Pause Young (Allocation Failure) 11M->7M(15M) 0.574ms
[177.530s][info][gc] GC(6335) Pause Young (Allocation Failure) 11M->7M(15M) 0.616ms
[177.537s][info][gc] GC(6336) Pause Young (Allocation Failure) 11M->7M(15M) 0.406ms
[177.543s][info][gc] GC(6337) Pause Young (Allocation Failure) 11M->7M(15M) 0.413ms
[177.548s][info][gc] GC(6338) Pause Young (Allocation Failure) 11M->7M(15M) 0.611ms
[177.555s][info][gc] GC(6339) Pause Young (Allocation Failure) 11M->7M(15M) 0.444ms
[177.559s][info][gc] GC(6340) Pause Young (Allocation Failure) 11M->7M(15M) 0.440ms
[177.565s][info][gc] GC(6341) Pause Young (Allocation Failure) 11M->7M(15M) 0.496ms
[177.571s][info][gc] GC(6342) Pause Young (Allocation Failure) 11M->7M(15M) 0.475ms
[177.577s][info][gc] GC(6343) Pause Young (Allocation Failure) 11M->7M(15M) 0.584ms
[177.583s][info][gc] GC(6344) Pause Young (Allocation Failure) 11M->7M(15M) 0.528ms
[177.589s][info][gc] GC(6345) Pause Young (Allocation Failure) 11M->7M(15M) 0.499ms
[177.595s][info][gc] GC(6346) Pause Young (Allocation Failure) 11M->7M(15M) 0.617ms
[177.600s][info][gc] GC(6347) Pause Young (Allocation Failure) 11M->7M(15M) 0.542ms
[177.605s][info][gc] GC(6348) Pause Young (Allocation Failure) 11M->7M(15M) 0.571ms
[177.613s][info][gc] GC(6349) Pause Young (Allocation Failure) 11M->7M(15M) 0.608ms
[177.618s][info][gc] GC(6350) Pause Young (Allocation Failure) 11M->7M(15M) 0.643ms
[177.625s][info][gc] GC(6351) Pause Young (Allocation Failure) 11M->7M(15M) 0.589ms
[177.630s][info][gc] GC(6352) Pause Young (Allocation Failure) 11M->7M(15M) 0.586ms
[177.636s][info][gc] GC(6353) Pause Young (Allocation Failure) 11M->7M(15M) 0.558ms
[177.643s][info][gc] GC(6354) Pause Young (Allocation Failure) 11M->7M(15M) 0.746ms
[177.649s][info][gc] GC(6355) Pause Young (Allocation Failure) 11M->7M(15M) 0.630ms
[177.655s][info][gc] GC(6356) Pause Young (Allocation Failure) 11M->7M(15M) 0.558ms
[177.661s][info][gc] GC(6357) Pause Young (Allocation Failure) 11M->7M(15M) 0.731ms
[177.666s][info][gc] GC(6358) Pause Young (Allocation Failure) 11M->7M(15M) 0.525ms
[177.671s][info][gc] GC(6359) Pause Young (Allocation Failure) 11M->7M(15M) 0.411ms
[177.681s][info][gc] GC(6360) Pause Young (Allocation Failure) 11M->7M(15M) 0.627ms
[177.690s][info][gc] GC(6361) Pause Young (Allocation Failure) 11M->7M(15M) 0.731ms
[177.695s][info][gc] GC(6362) Pause Young (Allocation Failure) 11M->7M(15M) 0.456ms
[177.701s][info][gc] GC(6363) Pause Young (Allocation Failure) 11M->7M(15M) 0.679ms
[177.707s][info][gc] GC(6364) Pause Young (Allocation Failure) 11M->7M(15M) 0.468ms
[177.712s][info][gc] GC(6365) Pause Young (Allocation Failure) 11M->7M(15M) 0.462ms
[177.719s][info][gc] GC(6366) Pause Young (Allocation Failure) 11M->7M(15M) 0.732ms
[177.725s][info][gc] GC(6367) Pause Young (Allocation Failure) 11M->7M(15M) 0.491ms
[177.732s][info][gc] GC(6368) Pause Young (Allocation Failure) 11M->7M(15M) 0.515ms
[177.737s][info][gc] GC(6369) Pause Young (Allocation Failure) 11M->7M(15M) 0.523ms
[177.744s][info][gc] GC(6370) Pause Young (Allocation Failure) 11M->7M(15M) 0.541ms
[177.749s][info][gc] GC(6371) Pause Young (Allocation Failure) 11M->7M(15M) 0.582ms
[177.756s][info][gc] GC(6372) Pause Young (Allocation Failure) 11M->7M(15M) 0.610ms
[177.761s][info][gc] GC(6373) Pause Young (Allocation Failure) 11M->7M(15M) 0.604ms
[177.769s][info][gc] GC(6374) Pause Young (Allocation Failure) 11M->7M(15M) 0.972ms
[177.774s][info][gc] GC(6375) Pause Young (Allocation Failure) 11M->7M(15M) 0.591ms
[177.780s][info][gc] GC(6376) Pause Young (Allocation Failure) 11M->7M(15M) 0.838ms
[177.786s][info][gc] GC(6377) Pause Young (Allocation Failure) 11M->7M(15M) 0.609ms
[177.791s][info][gc] GC(6378) Pause Young (Allocation Failure) 11M->7M(15M) 0.552ms
[177.799s][info][gc] GC(6379) Pause Young (Allocation Failure) 11M->7M(15M) 0.686ms
[177.804s][info][gc] GC(6380) Pause Young (Allocation Failure) 11M->7M(15M) 0.579ms
[177.811s][info][gc] GC(6381) Pause Young (Allocation Failure) 11M->7M(15M) 0.433ms
[177.816s][info][gc] GC(6382) Pause Young (Allocation Failure) 11M->7M(15M) 0.481ms
[177.823s][info][gc] GC(6383) Pause Young (Allocation Failure) 11M->7M(15M) 0.695ms
[177.828s][info][gc] GC(6384) Pause Young (Allocation Failure) 11M->7M(15M) 0.485ms
[177.836s][info][gc] GC(6385) Pause Young (Allocation Failure) 11M->7M(15M) 0.610ms
[177.845s][info][gc] GC(6386) Pause Young (Allocation Failure) 11M->7M(15M) 0.441ms
[177.852s][info][gc] GC(6387) Pause Young (Allocation Failure) 11M->7M(15M) 0.714ms
[177.858s][info][gc] GC(6388) Pause Young (Allocation Failure) 11M->7M(15M) 0.720ms
[177.866s][info][gc] GC(6389) Pause Young (Allocation Failure) 11M->7M(15M) 0.530ms
[177.872s][info][gc] GC(6390) Pause Young (Allocation Failure) 11M->7M(15M) 0.564ms
[177.878s][info][gc] GC(6391) Pause Young (Allocation Failure) 11M->7M(15M) 0.536ms
[177.884s][info][gc] GC(6392) Pause Young (Allocation Failure) 11M->7M(15M) 0.535ms
[177.892s][info][gc] GC(6393) Pause Young (Allocation Failure) 11M->7M(15M) 0.677ms
[177.897s][info][gc] GC(6394) Pause Young (Allocation Failure) 11M->7M(15M) 0.585ms
[177.904s][info][gc] GC(6395) Pause Young (Allocation Failure) 11M->7M(15M) 0.544ms
[177.910s][info][gc] GC(6396) Pause Young (Allocation Failure) 11M->7M(15M) 0.643ms
[177.918s][info][gc] GC(6397) Pause Young (Allocation Failure) 11M->7M(15M) 0.570ms
[177.923s][info][gc] GC(6398) Pause Young (Allocation Failure) 11M->7M(15M) 0.639ms
[177.931s][info][gc] GC(6399) Pause Young (Allocation Failure) 11M->7M(15M) 0.588ms
[177.937s][info][gc] GC(6400) Pause Young (Allocation Failure) 11M->7M(15M) 0.559ms
[177.944s][info][gc] GC(6401) Pause Young (Allocation Failure) 11M->7M(15M) 0.690ms
[177.949s][info][gc] GC(6402) Pause Young (Allocation Failure) 11M->7M(15M) 0.592ms
[177.955s][info][gc] GC(6403) Pause Young (Allocation Failure) 11M->7M(15M) 0.668ms
[177.960s][info][gc] GC(6404) Pause Young (Allocation Failure) 11M->7M(15M) 0.409ms
[177.968s][info][gc] GC(6405) Pause Young (Allocation Failure) 11M->7M(15M) 0.897ms
[177.974s][info][gc] GC(6406) Pause Young (Allocation Failure) 11M->7M(15M) 0.463ms
[177.979s][info][gc] GC(6407) Pause Young (Allocation Failure) 11M->7M(15M) 0.450ms
[177.985s][info][gc] GC(6408) Pause Young (Allocation Failure) 11M->7M(15M) 0.464ms
[177.991s][info][gc] GC(6409) Pause Young (Allocation Failure) 11M->7M(15M) 0.705ms
[177.997s][info][gc] GC(6410) Pause Young (Allocation Failure) 11M->7M(15M) 0.512ms
[178.003s][info][gc] GC(6411) Pause Young (Allocation Failure) 11M->7M(15M) 0.589ms
[178.009s][info][gc] GC(6412) Pause Young (Allocation Failure) 11M->7M(15M) 0.575ms
[178.014s][info][gc] GC(6413) Pause Young (Allocation Failure) 11M->7M(15M) 0.544ms
[178.022s][info][gc] GC(6414) Pause Young (Allocation Failure) 11M->7M(15M) 0.772ms
[178.027s][info][gc] GC(6415) Pause Young (Allocation Failure) 11M->7M(15M) 0.574ms
[178.032s][info][gc] GC(6416) Pause Young (Allocation Failure) 11M->7M(15M) 0.558ms
[178.039s][info][gc] GC(6417) Pause Young (Allocation Failure) 11M->7M(15M) 0.652ms
[178.045s][info][gc] GC(6418) Pause Young (Allocation Failure) 11M->7M(15M) 0.708ms
[178.052s][info][gc] GC(6419) Pause Young (Allocation Failure) 11M->7M(15M) 0.606ms
[178.057s][info][gc] GC(6420) Pause Young (Allocation Failure) 11M->7M(15M) 0.563ms
[178.063s][info][gc] GC(6421) Pause Young (Allocation Failure) 11M->7M(15M) 0.611ms
[178.068s][info][gc] GC(6422) Pause Young (Allocation Failure) 11M->7M(15M) 0.643ms
[178.078s][info][gc] GC(6423) Pause Young (Allocation Failure) 11M->7M(15M) 1.014ms
[178.086s][info][gc] GC(6424) Pause Young (Allocation Failure) 11M->7M(15M) 0.698ms
[178.093s][info][gc] GC(6425) Pause Young (Allocation Failure) 11M->7M(15M) 0.447ms
[178.098s][info][gc] GC(6426) Pause Young (Allocation Failure) 11M->7M(15M) 0.608ms
[178.107s][info][gc] GC(6427) Pause Young (Allocation Failure) 11M->7M(15M) 0.475ms
[178.116s][info][gc] GC(6428) Pause Young (Allocation Failure) 11M->7M(15M) 0.470ms
[178.123s][info][gc] GC(6429) Pause Young (Allocation Failure) 11M->7M(15M) 0.672ms
[178.130s][info][gc] GC(6430) Pause Young (Allocation Failure) 11M->7M(15M) 0.521ms
[178.137s][info][gc] GC(6431) Pause Young (Allocation Failure) 11M->7M(15M) 0.573ms
[178.145s][info][gc] GC(6432) Pause Young (Allocation Failure) 11M->7M(15M) 0.611ms
[178.151s][info][gc] GC(6433) Pause Young (Allocation Failure) 11M->7M(15M) 0.924ms
[178.159s][info][gc] GC(6434) Pause Young (Allocation Failure) 11M->7M(15M) 0.627ms
[178.164s][info][gc] GC(6435) Pause Young (Allocation Failure) 11M->7M(15M) 0.588ms
[178.172s][info][gc] GC(6436) Pause Young (Allocation Failure) 11M->7M(15M) 0.627ms
[178.177s][info][gc] GC(6437) Pause Young (Allocation Failure) 11M->7M(15M) 0.554ms
[178.186s][info][gc] GC(6438) Pause Young (Allocation Failure) 11M->7M(15M) 0.837ms
[178.193s][info][gc] GC(6439) Pause Young (Allocation Failure) 11M->7M(15M) 1.005ms
[178.201s][info][gc] GC(6440) Pause Young (Allocation Failure) 11M->7M(15M) 0.585ms
[178.210s][info][gc] GC(6441) Pause Young (Allocation Failure) 11M->7M(15M) 0.825ms
[178.215s][info][gc] GC(6442) Pause Young (Allocation Failure) 11M->7M(15M) 0.601ms
[178.222s][info][gc] GC(6443) Pause Young (Allocation Failure) 11M->7M(15M) 0.609ms
[178.227s][info][gc] GC(6444) Pause Young (Allocation Failure) 11M->7M(15M) 0.432ms
[178.234s][info][gc] GC(6445) Pause Young (Allocation Failure) 11M->7M(15M) 0.714ms
[178.240s][info][gc] GC(6446) Pause Young (Allocation Failure) 11M->7M(15M) 0.490ms
[178.245s][info][gc] GC(6447) Pause Young (Allocation Failure) 11M->7M(15M) 0.467ms
[178.252s][info][gc] GC(6448) Pause Young (Allocation Failure) 11M->7M(15M) 0.518ms
[178.257s][info][gc] GC(6449) Pause Young (Allocation Failure) 11M->7M(15M) 0.451ms
[178.265s][info][gc] GC(6450) Pause Young (Allocation Failure) 11M->7M(15M) 0.559ms
[178.270s][info][gc] GC(6451) Pause Young (Allocation Failure) 11M->7M(15M) 0.521ms
[178.276s][info][gc] GC(6452) Pause Young (Allocation Failure) 11M->7M(15M) 0.767ms
[178.281s][info][gc] GC(6453) Pause Young (Allocation Failure) 11M->7M(15M) 0.548ms
[178.286s][info][gc] GC(6454) Pause Young (Allocation Failure) 11M->7M(15M) 0.631ms
[178.293s][info][gc] GC(6455) Pause Young (Allocation Failure) 11M->7M(15M) 0.568ms
[178.299s][info][gc] GC(6456) Pause Young (Allocation Failure) 11M->7M(15M) 0.594ms
[178.306s][info][gc] GC(6457) Pause Young (Allocation Failure) 11M->7M(15M) 0.576ms
[178.311s][info][gc] GC(6458) Pause Young (Allocation Failure) 11M->7M(15M) 0.804ms
[178.317s][info][gc] GC(6459) Pause Young (Allocation Failure) 11M->7M(15M) 0.587ms
[178.323s][info][gc] GC(6460) Pause Young (Allocation Failure) 11M->7M(15M) 0.548ms
[178.329s][info][gc] GC(6461) Pause Young (Allocation Failure) 11M->7M(15M) 0.581ms
[178.334s][info][gc] GC(6462) Pause Young (Allocation Failure) 11M->7M(15M) 0.624ms
[178.340s][info][gc] GC(6463) Pause Young (Allocation Failure) 11M->7M(15M) 0.922ms
[178.347s][info][gc] GC(6464) Pause Young (Allocation Failure) 11M->7M(15M) 0.661ms
[178.352s][info][gc] GC(6465) Pause Young (Allocation Failure) 11M->7M(15M) 0.466ms
[178.359s][info][gc] GC(6466) Pause Young (Allocation Failure) 11M->7M(15M) 0.496ms
[178.365s][info][gc] GC(6467) Pause Young (Allocation Failure) 11M->7M(15M) 0.694ms
[178.374s][info][gc] GC(6468) Pause Young (Allocation Failure) 11M->7M(15M) 0.731ms
[178.382s][info][gc] GC(6469) Pause Young (Allocation Failure) 11M->7M(15M) 0.683ms
[178.387s][info][gc] GC(6470) Pause Young (Allocation Failure) 11M->7M(15M) 0.458ms
[178.392s][info][gc] GC(6471) Pause Young (Allocation Failure) 11M->7M(15M) 0.494ms
[178.399s][info][gc] GC(6472) Pause Young (Allocation Failure) 11M->7M(15M) 0.516ms
[178.404s][info][gc] GC(6473) Pause Young (Allocation Failure) 11M->7M(15M) 0.485ms
[178.411s][info][gc] GC(6474) Pause Young (Allocation Failure) 11M->7M(15M) 0.524ms
[178.416s][info][gc] GC(6475) Pause Young (Allocation Failure) 11M->7M(15M) 0.536ms
[178.423s][info][gc] GC(6476) Pause Young (Allocation Failure) 11M->7M(15M) 0.587ms
[178.428s][info][gc] GC(6477) Pause Young (Allocation Failure) 11M->7M(15M) 0.554ms
[178.434s][info][gc] GC(6478) Pause Young (Allocation Failure) 11M->7M(15M) 1.089ms
[178.442s][info][gc] GC(6479) Pause Young (Allocation Failure) 11M->7M(15M) 0.579ms
[178.449s][info][gc] GC(6480) Pause Young (Allocation Failure) 11M->7M(15M) 1.140ms
[178.454s][info][gc] GC(6481) Pause Young (Allocation Failure) 11M->7M(15M) 0.720ms
[178.459s][info][gc] GC(6482) Pause Young (Allocation Failure) 11M->7M(15M) 0.645ms
[178.466s][info][gc] GC(6483) Pause Young (Allocation Failure) 11M->7M(15M) 0.600ms
[178.471s][info][gc] GC(6484) Pause Young (Allocation Failure) 11M->7M(15M) 0.719ms
[178.480s][info][gc] GC(6485) Pause Young (Allocation Failure) 11M->7M(15M) 0.616ms
[178.485s][info][gc] GC(6486) Pause Young (Allocation Failure) 11M->7M(15M) 0.574ms
[178.492s][info][gc] GC(6487) Pause Young (Allocation Failure) 11M->7M(15M) 0.395ms
[178.497s][info][gc] GC(6488) Pause Young (Allocation Failure) 11M->7M(15M) 0.422ms
[178.504s][info][gc] GC(6489) Pause Young (Allocation Failure) 11M->7M(15M) 0.439ms
[178.509s][info][gc] GC(6490) Pause Young (Allocation Failure) 11M->7M(15M) 0.595ms
[178.517s][info][gc] GC(6491) Pause Young (Allocation Failure) 11M->7M(15M) 0.474ms
[178.522s][info][gc] GC(6492) Pause Young (Allocation Failure) 11M->7M(15M) 0.491ms
[178.529s][info][gc] GC(6493) Pause Young (Allocation Failure) 11M->7M(15M) 0.854ms
[178.534s][info][gc] GC(6494) Pause Young (Allocation Failure) 11M->7M(15M) 0.496ms
[178.539s][info][gc] GC(6495) Pause Young (Allocation Failure) 11M->7M(15M) 0.510ms
[178.545s][info][gc] GC(6496) Pause Young (Allocation Failure) 11M->7M(15M) 0.550ms
[178.552s][info][gc] GC(6497) Pause Young (Allocation Failure) 11M->7M(15M) 0.591ms
[178.558s][info][gc] GC(6498) Pause Young (Allocation Failure) 11M->7M(15M) 0.521ms
[178.564s][info][gc] GC(6499) Pause Young (Allocation Failure) 11M->7M(15M) 0.547ms
[178.571s][info][gc] GC(6500) Pause Young (Allocation Failure) 11M->7M(15M) 0.564ms
[178.578s][info][gc] GC(6501) Pause Young (Allocation Failure) 11M->7M(15M) 0.619ms
[178.585s][info][gc] GC(6502) Pause Young (Allocation Failure) 11M->7M(15M) 0.565ms
[178.590s][info][gc] GC(6503) Pause Young (Allocation Failure) 11M->7M(15M) 0.756ms
[178.597s][info][gc] GC(6504) Pause Young (Allocation Failure) 11M->7M(15M) 0.685ms
[178.603s][info][gc] GC(6505) Pause Young (Allocation Failure) 11M->7M(15M) 0.660ms
[178.610s][info][gc] GC(6506) Pause Young (Allocation Failure) 11M->7M(15M) 0.571ms
[178.615s][info][gc] GC(6507) Pause Young (Allocation Failure) 11M->7M(15M) 0.547ms
[178.620s][info][gc] GC(6508) Pause Young (Allocation Failure) 11M->7M(15M) 0.814ms
[178.626s][info][gc] GC(6509) Pause Young (Allocation Failure) 11M->7M(15M) 0.482ms
[178.632s][info][gc] GC(6510) Pause Young (Allocation Failure) 11M->7M(15M) 0.453ms
[178.638s][info][gc] GC(6511) Pause Young (Allocation Failure) 11M->7M(15M) 0.465ms
[178.644s][info][gc] GC(6512) Pause Young (Allocation Failure) 11M->7M(15M) 0.447ms
[178.650s][info][gc] GC(6513) Pause Young (Allocation Failure) 11M->7M(15M) 0.540ms
[178.655s][info][gc] GC(6514) Pause Young (Allocation Failure) 11M->7M(15M) 0.494ms
[178.662s][info][gc] GC(6515) Pause Young (Allocation Failure) 11M->7M(15M) 1.040ms
[178.667s][info][gc] GC(6516) Pause Young (Allocation Failure) 11M->7M(15M) 0.714ms
[178.672s][info][gc] GC(6517) Pause Young (Allocation Failure) 11M->7M(15M) 0.567ms
[178.679s][info][gc] GC(6518) Pause Young (Allocation Failure) 11M->7M(15M) 0.789ms
[178.686s][info][gc] GC(6519) Pause Young (Allocation Failure) 11M->7M(15M) 0.595ms
[178.692s][info][gc] GC(6520) Pause Young (Allocation Failure) 11M->7M(15M) 0.584ms
[178.697s][info][gc] GC(6521) Pause Young (Allocation Failure) 11M->7M(15M) 0.567ms
[178.704s][info][gc] GC(6522) Pause Young (Allocation Failure) 11M->7M(15M) 0.637ms
[178.709s][info][gc] GC(6523) Pause Young (Allocation Failure) 11M->7M(15M) 0.609ms
[178.715s][info][gc] GC(6524) Pause Young (Allocation Failure) 11M->7M(15M) 0.899ms
[178.721s][info][gc] GC(6525) Pause Young (Allocation Failure) 11M->7M(15M) 0.633ms
[178.726s][info][gc] GC(6526) Pause Young (Allocation Failure) 11M->7M(15M) 0.608ms
[178.732s][info][gc] GC(6527) Pause Young (Allocation Failure) 11M->7M(15M) 0.595ms
[178.737s][info][gc] GC(6528) Pause Young (Allocation Failure) 11M->7M(15M) 0.670ms
[178.745s][info][gc] GC(6529) Pause Young (Allocation Failure) 11M->7M(15M) 0.595ms
[178.750s][info][gc] GC(6530) Pause Young (Allocation Failure) 11M->7M(15M) 0.439ms
[178.757s][info][gc] GC(6531) Pause Young (Allocation Failure) 11M->7M(15M) 0.478ms
[178.761s][info][gc] GC(6532) Pause Young (Allocation Failure) 11M->7M(15M) 0.444ms
[178.766s][info][gc] GC(6533) Pause Young (Allocation Failure) 11M->7M(15M) 0.407ms
[178.773s][info][gc] GC(6534) Pause Young (Allocation Failure) 11M->7M(15M) 0.459ms
[178.779s][info][gc] GC(6535) Pause Young (Allocation Failure) 11M->7M(15M) 0.606ms
[178.788s][info][gc] GC(6536) Pause Young (Allocation Failure) 11M->7M(15M) 0.487ms
[178.794s][info][gc] GC(6537) Pause Young (Allocation Failure) 11M->7M(15M) 0.908ms
[178.801s][info][gc] GC(6538) Pause Young (Allocation Failure) 11M->7M(15M) 0.565ms
[178.806s][info][gc] GC(6539) Pause Young (Allocation Failure) 11M->7M(15M) 0.548ms
[178.815s][info][gc] GC(6540) Pause Young (Allocation Failure) 11M->7M(15M) 0.532ms
[178.820s][info][gc] GC(6541) Pause Young (Allocation Failure) 11M->7M(15M) 0.530ms
[178.827s][info][gc] GC(6542) Pause Young (Allocation Failure) 11M->7M(15M) 0.630ms
[178.833s][info][gc] GC(6543) Pause Young (Allocation Failure) 11M->7M(15M) 0.837ms
[178.842s][info][gc] GC(6544) Pause Young (Allocation Failure) 11M->7M(15M) 0.547ms
[178.848s][info][gc] GC(6545) Pause Young (Allocation Failure) 11M->7M(15M) 1.174ms
[178.856s][info][gc] GC(6546) Pause Young (Allocation Failure) 11M->7M(15M) 0.576ms
[178.864s][info][gc] GC(6547) Pause Young (Allocation Failure) 11M->7M(15M) 0.586ms
[178.871s][info][gc] GC(6548) Pause Young (Allocation Failure) 11M->7M(15M) 0.532ms
[178.878s][info][gc] GC(6549) Pause Young (Allocation Failure) 11M->7M(15M) 0.592ms
[178.884s][info][gc] GC(6550) Pause Young (Allocation Failure) 11M->7M(15M) 0.549ms
[178.891s][info][gc] GC(6551) Pause Young (Allocation Failure) 11M->7M(15M) 0.820ms
[178.896s][info][gc] GC(6552) Pause Young (Allocation Failure) 11M->7M(15M) 0.558ms
[178.903s][info][gc] GC(6553) Pause Young (Allocation Failure) 11M->7M(15M) 0.873ms
[178.908s][info][gc] GC(6554) Pause Young (Allocation Failure) 11M->7M(15M) 0.560ms
[178.913s][info][gc] GC(6555) Pause Young (Allocation Failure) 11M->7M(15M) 0.608ms
[178.920s][info][gc] GC(6556) Pause Young (Allocation Failure) 11M->7M(15M) 0.454ms
[178.925s][info][gc] GC(6557) Pause Young (Allocation Failure) 11M->7M(15M) 0.448ms
[178.932s][info][gc] GC(6558) Pause Young (Allocation Failure) 11M->7M(15M) 0.451ms
[178.937s][info][gc] GC(6559) Pause Young (Allocation Failure) 11M->7M(15M) 0.439ms
[178.944s][info][gc] GC(6560) Pause Young (Allocation Failure) 11M->7M(15M) 0.530ms
[178.950s][info][gc] GC(6561) Pause Young (Allocation Failure) 11M->7M(15M) 0.479ms
[178.956s][info][gc] GC(6562) Pause Young (Allocation Failure) 11M->7M(15M) 0.626ms
[178.961s][info][gc] GC(6563) Pause Young (Allocation Failure) 11M->7M(15M) 0.502ms
[178.967s][info][gc] GC(6564) Pause Young (Allocation Failure) 11M->7M(15M) 0.489ms
[178.973s][info][gc] GC(6565) Pause Young (Allocation Failure) 11M->7M(15M) 0.566ms
[178.979s][info][gc] GC(6566) Pause Young (Allocation Failure) 11M->7M(15M) 0.666ms
[178.985s][info][gc] GC(6567) Pause Young (Allocation Failure) 11M->7M(15M) 0.580ms
[178.990s][info][gc] GC(6568) Pause Young (Allocation Failure) 11M->7M(15M) 0.569ms
[178.997s][info][gc] GC(6569) Pause Young (Allocation Failure) 11M->7M(15M) 0.573ms
[179.003s][info][gc] GC(6570) Pause Young (Allocation Failure) 11M->7M(15M) 0.670ms
[179.008s][info][gc] GC(6571) Pause Young (Allocation Failure) 11M->7M(15M) 0.935ms
[179.013s][info][gc] GC(6572) Pause Young (Allocation Failure) 11M->7M(15M) 0.630ms
[179.019s][info][gc] GC(6573) Pause Young (Allocation Failure) 11M->7M(15M) 0.626ms
[179.026s][info][gc] GC(6574) Pause Young (Allocation Failure) 11M->7M(15M) 1.010ms
[179.032s][info][gc] GC(6575) Pause Young (Allocation Failure) 11M->7M(15M) 0.386ms
[179.038s][info][gc] GC(6576) Pause Young (Allocation Failure) 11M->7M(15M) 0.373ms
[179.044s][info][gc] GC(6577) Pause Young (Allocation Failure) 11M->7M(15M) 0.387ms
[179.050s][info][gc] GC(6578) Pause Young (Allocation Failure) 11M->7M(15M) 0.491ms
[179.055s][info][gc] GC(6579) Pause Young (Allocation Failure) 11M->7M(15M) 0.468ms
[179.063s][info][gc] GC(6580) Pause Young (Allocation Failure) 11M->7M(15M) 0.857ms
[179.068s][info][gc] GC(6581) Pause Young (Allocation Failure) 11M->7M(15M) 0.413ms
[179.073s][info][gc] GC(6582) Pause Young (Allocation Failure) 11M->7M(15M) 0.465ms
[179.079s][info][gc] GC(6583) Pause Young (Allocation Failure) 11M->7M(15M) 0.564ms
[179.084s][info][gc] GC(6584) Pause Young (Allocation Failure) 11M->7M(15M) 0.500ms
[179.092s][info][gc] GC(6585) Pause Young (Allocation Failure) 11M->7M(15M) 0.517ms
[179.097s][info][gc] GC(6586) Pause Young (Allocation Failure) 11M->7M(15M) 0.524ms
[179.104s][info][gc] GC(6587) Pause Young (Allocation Failure) 11M->7M(15M) 0.827ms
[179.110s][info][gc] GC(6588) Pause Young (Allocation Failure) 11M->7M(15M) 0.595ms
[179.116s][info][gc] GC(6589) Pause Young (Allocation Failure) 11M->7M(15M) 0.761ms
[179.123s][info][gc] GC(6590) Pause Young (Allocation Failure) 11M->7M(15M) 0.563ms
[179.132s][info][gc] GC(6591) Pause Young (Allocation Failure) 11M->7M(15M) 0.580ms
[179.139s][info][gc] GC(6592) Pause Young (Allocation Failure) 11M->7M(15M) 1.043ms
[179.146s][info][gc] GC(6593) Pause Young (Allocation Failure) 11M->7M(15M) 0.587ms
[179.151s][info][gc] GC(6594) Pause Young (Allocation Failure) 11M->7M(15M) 0.579ms
[179.157s][info][gc] GC(6595) Pause Young (Allocation Failure) 11M->7M(15M) 0.572ms
[179.163s][info][gc] GC(6596) Pause Young (Allocation Failure) 11M->7M(15M) 0.576ms
[179.170s][info][gc] GC(6597) Pause Young (Allocation Failure) 11M->7M(15M) 0.423ms
[179.175s][info][gc] GC(6598) Pause Young (Allocation Failure) 11M->7M(15M) 0.457ms
[179.181s][info][gc] GC(6599) Pause Young (Allocation Failure) 11M->7M(15M) 0.954ms
[179.189s][info][gc] GC(6600) Pause Young (Allocation Failure) 11M->7M(15M) 0.650ms
[179.197s][info][gc] GC(6601) Pause Young (Allocation Failure) 11M->7M(15M) 0.836ms
[179.202s][info][gc] GC(6602) Pause Young (Allocation Failure) 11M->7M(15M) 0.489ms
[179.211s][info][gc] GC(6603) Pause Young (Allocation Failure) 11M->7M(15M) 0.478ms
[179.218s][info][gc] GC(6604) Pause Young (Allocation Failure) 11M->7M(15M) 0.488ms
[179.226s][info][gc] GC(6605) Pause Young (Allocation Failure) 11M->7M(15M) 0.552ms
[179.232s][info][gc] GC(6606) Pause Young (Allocation Failure) 11M->7M(15M) 0.517ms
[179.240s][info][gc] GC(6607) Pause Young (Allocation Failure) 11M->7M(15M) 0.637ms
[179.245s][info][gc] GC(6608) Pause Young (Allocation Failure) 11M->7M(15M) 0.574ms
[179.253s][info][gc] GC(6609) Pause Young (Allocation Failure) 11M->7M(15M) 0.713ms
[179.258s][info][gc] GC(6610) Pause Young (Allocation Failure) 11M->7M(15M) 0.568ms
[179.265s][info][gc] GC(6611) Pause Young (Allocation Failure) 11M->7M(15M) 0.660ms
[179.271s][info][gc] GC(6612) Pause Young (Allocation Failure) 11M->7M(15M) 0.610ms
[179.277s][info][gc] GC(6613) Pause Young (Allocation Failure) 11M->7M(15M) 0.760ms
[179.283s][info][gc] GC(6614) Pause Young (Allocation Failure) 11M->7M(15M) 0.559ms
[179.289s][info][gc] GC(6615) Pause Young (Allocation Failure) 11M->7M(15M) 1.062ms
[179.294s][info][gc] GC(6616) Pause Young (Allocation Failure) 11M->7M(15M) 0.416ms
[179.299s][info][gc] GC(6617) Pause Young (Allocation Failure) 11M->7M(15M) 0.437ms
[179.306s][info][gc] GC(6618) Pause Young (Allocation Failure) 11M->7M(15M) 0.665ms
[179.317s][info][gc] GC(6619) Pause Young (Allocation Failure) 11M->7M(15M) 0.429ms
[179.322s][info][gc] GC(6620) Pause Young (Allocation Failure) 11M->7M(15M) 0.453ms
[179.327s][info][gc] GC(6621) Pause Young (Allocation Failure) 11M->7M(15M) 0.440ms
[179.333s][info][gc] GC(6622) Pause Young (Allocation Failure) 11M->7M(15M) 0.525ms
[179.338s][info][gc] GC(6623) Pause Young (Allocation Failure) 11M->7M(15M) 0.504ms
[179.345s][info][gc] GC(6624) Pause Young (Allocation Failure) 11M->7M(15M) 0.530ms
[179.349s][info][gc] GC(6625) Pause Young (Allocation Failure) 11M->7M(15M) 0.565ms
[179.356s][info][gc] GC(6626) Pause Young (Allocation Failure) 11M->7M(15M) 0.867ms
[179.362s][info][gc] GC(6627) Pause Young (Allocation Failure) 11M->7M(15M) 0.666ms
[179.367s][info][gc] GC(6628) Pause Young (Allocation Failure) 11M->7M(15M) 0.549ms
[179.374s][info][gc] GC(6629) Pause Young (Allocation Failure) 11M->7M(15M) 0.561ms
[179.379s][info][gc] GC(6630) Pause Young (Allocation Failure) 11M->7M(15M) 0.981ms
[179.387s][info][gc] GC(6631) Pause Young (Allocation Failure) 11M->7M(15M) 0.871ms
[179.393s][info][gc] GC(6632) Pause Young (Allocation Failure) 11M->7M(15M) 0.589ms
[179.399s][info][gc] GC(6633) Pause Young (Allocation Failure) 11M->7M(15M) 0.552ms
[179.404s][info][gc] GC(6634) Pause Young (Allocation Failure) 11M->7M(15M) 0.618ms
[179.410s][info][gc] GC(6635) Pause Young (Allocation Failure) 11M->7M(15M) 0.650ms
[179.415s][info][gc] GC(6636) Pause Young (Allocation Failure) 11M->7M(15M) 0.537ms
[179.422s][info][gc] GC(6637) Pause Young (Allocation Failure) 11M->7M(15M) 1.060ms
[179.427s][info][gc] GC(6638) Pause Young (Allocation Failure) 11M->7M(15M) 0.641ms
[179.433s][info][gc] GC(6639) Pause Young (Allocation Failure) 11M->7M(15M) 0.460ms
[179.440s][info][gc] GC(6640) Pause Young (Allocation Failure) 11M->7M(15M) 0.430ms
[179.445s][info][gc] GC(6641) Pause Young (Allocation Failure) 11M->7M(15M) 0.423ms
[179.452s][info][gc] GC(6642) Pause Young (Allocation Failure) 11M->7M(15M) 0.455ms
[179.456s][info][gc] GC(6643) Pause Young (Allocation Failure) 11M->7M(15M) 0.460ms
[179.463s][info][gc] GC(6644) Pause Young (Allocation Failure) 11M->7M(15M) 0.619ms
[179.468s][info][gc] GC(6645) Pause Young (Allocation Failure) 11M->7M(15M) 0.495ms
[179.474s][info][gc] GC(6646) Pause Young (Allocation Failure) 11M->7M(15M) 0.473ms
[179.480s][info][gc] GC(6647) Pause Young (Allocation Failure) 11M->7M(15M) 0.626ms
[179.485s][info][gc] GC(6648) Pause Young (Allocation Failure) 11M->7M(15M) 0.513ms
[179.492s][info][gc] GC(6649) Pause Young (Allocation Failure) 11M->7M(15M) 0.565ms
[179.497s][info][gc] GC(6650) Pause Young (Allocation Failure) 11M->7M(15M) 0.589ms
[179.504s][info][gc] GC(6651) Pause Young (Allocation Failure) 11M->7M(15M) 0.543ms
[179.509s][info][gc] GC(6652) Pause Young (Allocation Failure) 11M->7M(15M) 0.607ms
[179.515s][info][gc] GC(6653) Pause Young (Allocation Failure) 11M->7M(15M) 0.713ms
[179.520s][info][gc] GC(6654) Pause Young (Allocation Failure) 11M->7M(15M) 0.638ms
[179.526s][info][gc] GC(6655) Pause Young (Allocation Failure) 11M->7M(15M) 0.617ms
[179.533s][info][gc] GC(6656) Pause Young (Allocation Failure) 11M->7M(15M) 0.683ms
[179.538s][info][gc] GC(6657) Pause Young (Allocation Failure) 11M->7M(15M) 0.575ms
[179.545s][info][gc] GC(6658) Pause Young (Allocation Failure) 11M->7M(15M) 0.889ms
[179.551s][info][gc] GC(6659) Pause Young (Allocation Failure) 11M->7M(15M) 0.393ms
[179.558s][info][gc] GC(6660) Pause Young (Allocation Failure) 11M->7M(15M) 0.438ms
[179.563s][info][gc] GC(6661) Pause Young (Allocation Failure) 11M->7M(15M) 0.434ms
[179.569s][info][gc] GC(6662) Pause Young (Allocation Failure) 11M->7M(15M) 0.542ms
[179.574s][info][gc] GC(6663) Pause Young (Allocation Failure) 11M->7M(15M) 0.466ms
[179.580s][info][gc] GC(6664) Pause Young (Allocation Failure) 11M->7M(15M) 0.515ms
[179.587s][info][gc] GC(6665) Pause Young (Allocation Failure) 11M->7M(15M) 0.472ms
[179.593s][info][gc] GC(6666) Pause Young (Allocation Failure) 11M->7M(15M) 0.506ms
[179.599s][info][gc] GC(6667) Pause Young (Allocation Failure) 11M->7M(15M) 0.494ms
[179.606s][info][gc] GC(6668) Pause Young (Allocation Failure) 11M->7M(15M) 0.700ms
[179.612s][info][gc] GC(6669) Pause Young (Allocation Failure) 11M->7M(15M) 0.565ms
[179.617s][info][gc] GC(6670) Pause Young (Allocation Failure) 11M->7M(15M) 0.526ms
[179.624s][info][gc] GC(6671) Pause Young (Allocation Failure) 11M->7M(15M) 0.937ms
[179.629s][info][gc] GC(6672) Pause Young (Allocation Failure) 11M->7M(15M) 0.531ms
[179.634s][info][gc] GC(6673) Pause Young (Allocation Failure) 11M->7M(15M) 0.656ms
[179.641s][info][gc] GC(6674) Pause Young (Allocation Failure) 11M->7M(15M) 0.598ms
[179.646s][info][gc] GC(6675) Pause Young (Allocation Failure) 11M->7M(15M) 0.587ms
[179.653s][info][gc] GC(6676) Pause Young (Allocation Failure) 11M->7M(15M) 0.616ms
[179.658s][info][gc] GC(6677) Pause Young (Allocation Failure) 11M->7M(15M) 0.621ms
[179.665s][info][gc] GC(6678) Pause Young (Allocation Failure) 11M->7M(15M) 0.543ms
[179.671s][info][gc] GC(6679) Pause Young (Allocation Failure) 11M->7M(15M) 0.702ms
[179.677s][info][gc] GC(6680) Pause Young (Allocation Failure) 11M->7M(15M) 0.431ms
[179.685s][info][gc] GC(6681) Pause Young (Allocation Failure) 11M->7M(15M) 0.616ms
[179.692s][info][gc] GC(6682) Pause Young (Allocation Failure) 11M->7M(15M) 0.466ms
[179.696s][info][gc] GC(6683) Pause Young (Allocation Failure) 11M->7M(15M) 0.458ms
[179.702s][info][gc] GC(6684) Pause Young (Allocation Failure) 11M->7M(15M) 0.996ms
[179.709s][info][gc] GC(6685) Pause Young (Allocation Failure) 11M->7M(15M) 0.475ms
[179.714s][info][gc] GC(6686) Pause Young (Allocation Failure) 11M->7M(15M) 0.496ms
[179.723s][info][gc] GC(6687) Pause Young (Allocation Failure) 11M->7M(15M) 0.628ms
[179.728s][info][gc] GC(6688) Pause Young (Allocation Failure) 11M->7M(15M) 0.981ms
[179.738s][info][gc] GC(6689) Pause Young (Allocation Failure) 11M->7M(15M) 0.994ms
[179.748s][info][gc] GC(6690) Pause Young (Allocation Failure) 11M->7M(15M) 0.524ms
[179.757s][info][gc] GC(6691) Pause Young (Allocation Failure) 11M->7M(15M) 0.883ms
[179.767s][info][gc] GC(6692) Pause Young (Allocation Failure) 11M->7M(15M) 0.800ms
[179.776s][info][gc] GC(6693) Pause Young (Allocation Failure) 11M->7M(15M) 0.545ms
[179.784s][info][gc] GC(6694) Pause Young (Allocation Failure) 11M->7M(15M) 1.581ms
[179.792s][info][gc] GC(6695) Pause Young (Allocation Failure) 11M->7M(15M) 0.645ms
[179.800s][info][gc] GC(6696) Pause Young (Allocation Failure) 11M->7M(15M) 0.613ms
[179.807s][info][gc] GC(6697) Pause Young (Allocation Failure) 11M->7M(15M) 0.811ms
[179.814s][info][gc] GC(6698) Pause Young (Allocation Failure) 11M->7M(15M) 0.635ms
[179.823s][info][gc] GC(6699) Pause Young (Allocation Failure) 11M->7M(15M) 1.326ms
[179.831s][info][gc] GC(6700) Pause Young (Allocation Failure) 11M->7M(15M) 0.797ms
[179.843s][info][gc] GC(6701) Pause Young (Allocation Failure) 11M->7M(15M) 0.852ms
[179.853s][info][gc] GC(6702) Pause Young (Allocation Failure) 11M->7M(15M) 0.887ms
[179.865s][info][gc] GC(6703) Pause Young (Allocation Failure) 11M->7M(15M) 0.874ms
[179.875s][info][gc] GC(6704) Pause Young (Allocation Failure) 11M->7M(15M) 0.833ms
[179.883s][info][gc] GC(6705) Pause Young (Allocation Failure) 11M->7M(15M) 1.166ms
[179.889s][info][gc] GC(6706) Pause Young (Allocation Failure) 11M->7M(15M) 0.839ms
[179.896s][info][gc] GC(6707) Pause Young (Allocation Failure) 11M->7M(15M) 0.461ms
[179.902s][info][gc] GC(6708) Pause Young (Allocation Failure) 11M->7M(15M) 0.851ms
[179.909s][info][gc] GC(6709) Pause Young (Allocation Failure) 11M->7M(15M) 0.448ms
[179.915s][info][gc] GC(6710) Pause Young (Allocation Failure) 11M->7M(15M) 1.029ms
[179.923s][info][gc] GC(6711) Pause Young (Allocation Failure) 11M->7M(15M) 0.481ms
[179.929s][info][gc] GC(6712) Pause Young (Allocation Failure) 11M->7M(15M) 0.845ms
[179.935s][info][gc] GC(6713) Pause Young (Allocation Failure) 11M->7M(15M) 0.529ms
[179.942s][info][gc] GC(6714) Pause Young (Allocation Failure) 11M->7M(15M) 1.073ms
[179.949s][info][gc] GC(6715) Pause Young (Allocation Failure) 11M->7M(15M) 0.524ms
[179.956s][info][gc] GC(6716) Pause Young (Allocation Failure) 11M->7M(15M) 1.086ms
[179.962s][info][gc] GC(6717) Pause Young (Allocation Failure) 11M->7M(15M) 0.578ms
[179.969s][info][gc] GC(6718) Pause Young (Allocation Failure) 11M->7M(15M) 1.130ms
[179.976s][info][gc] GC(6719) Pause Young (Allocation Failure) 11M->7M(15M) 0.611ms
[179.982s][info][gc] GC(6720) Pause Young (Allocation Failure) 11M->7M(15M) 0.900ms
[179.990s][info][gc] GC(6721) Pause Young (Allocation Failure) 11M->7M(15M) 1.565ms
[179.997s][info][gc] GC(6722) Pause Young (Allocation Failure) 11M->7M(15M) 1.090ms
[180.003s][info][gc] GC(6723) Pause Young (Allocation Failure) 11M->7M(15M) 0.607ms
[180.009s][info][gc] GC(6724) Pause Young (Allocation Failure) 11M->7M(15M) 1.115ms
[180.016s][info][gc] GC(6725) Pause Young (Allocation Failure) 11M->7M(15M) 0.452ms
[180.024s][info][gc] GC(6726) Pause Young (Allocation Failure) 11M->7M(15M) 0.465ms
[180.030s][info][gc] GC(6727) Pause Young (Allocation Failure) 11M->7M(15M) 0.711ms
[180.036s][info][gc] GC(6728) Pause Young (Allocation Failure) 11M->7M(15M) 0.704ms
[180.043s][info][gc] GC(6729) Pause Young (Allocation Failure) 11M->7M(15M) 0.714ms
[180.051s][info][gc] GC(6730) Pause Young (Allocation Failure) 11M->7M(15M) 0.838ms
[180.057s][info][gc] GC(6731) Pause Young (Allocation Failure) 11M->7M(15M) 0.633ms
[180.066s][info][gc] GC(6732) Pause Young (Allocation Failure) 11M->7M(15M) 1.007ms
[180.075s][info][gc] GC(6733) Pause Young (Allocation Failure) 11M->7M(15M) 0.899ms
[180.086s][info][gc] GC(6734) Pause Young (Allocation Failure) 11M->7M(15M) 0.859ms
[180.095s][info][gc] GC(6735) Pause Young (Allocation Failure) 11M->7M(15M) 0.885ms
[180.102s][info][gc] GC(6736) Pause Young (Allocation Failure) 11M->7M(15M) 1.293ms
[180.110s][info][gc] GC(6737) Pause Young (Allocation Failure) 11M->7M(15M) 0.565ms
[180.117s][info][gc] GC(6738) Pause Young (Allocation Failure) 11M->7M(15M) 1.308ms
[180.125s][info][gc] GC(6739) Pause Young (Allocation Failure) 11M->7M(15M) 0.672ms
[180.132s][info][gc] GC(6740) Pause Young (Allocation Failure) 11M->7M(15M) 0.945ms
[180.138s][info][gc] GC(6741) Pause Young (Allocation Failure) 11M->7M(15M) 0.895ms
[180.146s][info][gc] GC(6742) Pause Young (Allocation Failure) 11M->7M(15M) 1.048ms
[180.155s][info][gc] GC(6743) Pause Young (Allocation Failure) 11M->7M(15M) 1.560ms
[180.162s][info][gc] GC(6744) Pause Young (Allocation Failure) 11M->7M(15M) 0.625ms
[180.167s][info][gc] GC(6745) Pause Young (Allocation Failure) 11M->7M(15M) 0.533ms
[180.174s][info][gc] GC(6746) Pause Young (Allocation Failure) 11M->7M(15M) 0.447ms
[180.178s][info][gc] GC(6747) Pause Young (Allocation Failure) 11M->7M(15M) 0.410ms
[180.185s][info][gc] GC(6748) Pause Young (Allocation Failure) 11M->7M(15M) 0.450ms
[180.192s][info][gc] GC(6749) Pause Young (Allocation Failure) 11M->7M(15M) 0.698ms
[180.199s][info][gc] GC(6750) Pause Young (Allocation Failure) 11M->7M(15M) 0.775ms
[180.207s][info][gc] GC(6751) Pause Young (Allocation Failure) 11M->7M(15M) 0.738ms
[180.215s][info][gc] GC(6752) Pause Young (Allocation Failure) 11M->7M(15M) 0.513ms
[180.222s][info][gc] GC(6753) Pause Young (Allocation Failure) 11M->7M(15M) 0.766ms
[180.229s][info][gc] GC(6754) Pause Young (Allocation Failure) 11M->7M(15M) 0.749ms
[180.234s][info][gc] GC(6755) Pause Young (Allocation Failure) 11M->7M(15M) 0.587ms
[180.241s][info][gc] GC(6756) Pause Young (Allocation Failure) 11M->7M(15M) 0.644ms
[180.246s][info][gc] GC(6757) Pause Young (Allocation Failure) 11M->7M(15M) 0.616ms
[180.253s][info][gc] GC(6758) Pause Young (Allocation Failure) 11M->7M(15M) 0.649ms
[180.258s][info][gc] GC(6759) Pause Young (Allocation Failure) 11M->7M(15M) 0.614ms
[180.265s][info][gc] GC(6760) Pause Young (Allocation Failure) 11M->7M(15M) 0.608ms
[180.271s][info][gc] GC(6761) Pause Young (Allocation Failure) 11M->7M(15M) 0.602ms
[180.277s][info][gc] GC(6762) Pause Young (Allocation Failure) 11M->7M(15M) 0.873ms
[180.283s][info][gc] GC(6763) Pause Young (Allocation Failure) 11M->7M(15M) 0.686ms
[180.288s][info][gc] GC(6764) Pause Young (Allocation Failure) 11M->7M(15M) 0.652ms
[180.295s][info][gc] GC(6765) Pause Young (Allocation Failure) 11M->7M(15M) 0.625ms
[180.300s][info][gc] GC(6766) Pause Young (Allocation Failure) 11M->7M(15M) 0.579ms
[180.307s][info][gc] GC(6767) Pause Young (Allocation Failure) 11M->7M(15M) 0.429ms
[180.312s][info][gc] GC(6768) Pause Young (Allocation Failure) 11M->7M(15M) 0.627ms
[180.319s][info][gc] GC(6769) Pause Young (Allocation Failure) 11M->7M(15M) 0.462ms
[180.324s][info][gc] GC(6770) Pause Young (Allocation Failure) 11M->7M(15M) 0.501ms
[180.332s][info][gc] GC(6771) Pause Young (Allocation Failure) 11M->7M(15M) 0.445ms
[180.337s][info][gc] GC(6772) Pause Young (Allocation Failure) 11M->7M(15M) 0.444ms
[180.343s][info][gc] GC(6773) Pause Young (Allocation Failure) 11M->7M(15M) 0.978ms
[180.350s][info][gc] GC(6774) Pause Young (Allocation Failure) 11M->7M(15M) 0.507ms
[180.355s][info][gc] GC(6775) Pause Young (Allocation Failure) 11M->7M(15M) 0.580ms
[180.361s][info][gc] GC(6776) Pause Young (Allocation Failure) 11M->7M(15M) 0.509ms
[180.366s][info][gc] GC(6777) Pause Young (Allocation Failure) 11M->7M(15M) 0.505ms
[180.375s][info][gc] GC(6778) Pause Young (Allocation Failure) 11M->7M(15M) 0.577ms
[180.381s][info][gc] GC(6779) Pause Young (Allocation Failure) 11M->7M(15M) 1.108ms
[180.388s][info][gc] GC(6780) Pause Young (Allocation Failure) 11M->7M(15M) 0.628ms
[180.395s][info][gc] GC(6781) Pause Young (Allocation Failure) 11M->7M(15M) 0.789ms
[180.403s][info][gc] GC(6782) Pause Young (Allocation Failure) 11M->7M(15M) 0.607ms
[180.410s][info][gc] GC(6783) Pause Young (Allocation Failure) 11M->7M(15M) 1.602ms
[180.416s][info][gc] GC(6784) Pause Young (Allocation Failure) 11M->7M(15M) 0.591ms
[180.421s][info][gc] GC(6785) Pause Young (Allocation Failure) 11M->7M(15M) 0.695ms
[180.428s][info][gc] GC(6786) Pause Young (Allocation Failure) 11M->7M(15M) 0.685ms
[180.434s][info][gc] GC(6787) Pause Young (Allocation Failure) 11M->7M(15M) 0.541ms
[180.441s][info][gc] GC(6788) Pause Young (Allocation Failure) 11M->7M(15M) 0.437ms
[180.446s][info][gc] GC(6789) Pause Young (Allocation Failure) 11M->7M(15M) 0.447ms
[180.454s][info][gc] GC(6790) Pause Young (Allocation Failure) 11M->7M(15M) 0.441ms
[180.459s][info][gc] GC(6791) Pause Young (Allocation Failure) 11M->7M(15M) 0.425ms
[180.465s][info][gc] GC(6792) Pause Young (Allocation Failure) 11M->7M(15M) 0.524ms
[180.471s][info][gc] GC(6793) Pause Young (Allocation Failure) 11M->7M(15M) 0.501ms
[180.478s][info][gc] GC(6794) Pause Young (Allocation Failure) 11M->7M(15M) 0.603ms
[180.483s][info][gc] GC(6795) Pause Young (Allocation Failure) 11M->7M(15M) 0.649ms
[180.489s][info][gc] GC(6796) Pause Young (Allocation Failure) 11M->7M(15M) 0.659ms
[180.495s][info][gc] GC(6797) Pause Young (Allocation Failure) 11M->7M(15M) 0.523ms
[180.500s][info][gc] GC(6798) Pause Young (Allocation Failure) 11M->7M(15M) 0.582ms
[180.506s][info][gc] GC(6799) Pause Young (Allocation Failure) 11M->7M(15M) 0.553ms
[180.512s][info][gc] GC(6800) Pause Young (Allocation Failure) 11M->7M(15M) 0.649ms
[180.518s][info][gc] GC(6801) Pause Young (Allocation Failure) 11M->7M(15M) 0.804ms
[180.523s][info][gc] GC(6802) Pause Young (Allocation Failure) 11M->7M(15M) 0.582ms
[180.532s][info][gc] GC(6803) Pause Young (Allocation Failure) 11M->7M(15M) 0.565ms
[180.538s][info][gc] GC(6804) Pause Young (Allocation Failure) 11M->7M(15M) 0.643ms
[180.543s][info][gc] GC(6805) Pause Young (Allocation Failure) 11M->7M(15M) 1.142ms
[180.549s][info][gc] GC(6806) Pause Young (Allocation Failure) 11M->7M(15M) 0.580ms
[180.554s][info][gc] GC(6807) Pause Young (Allocation Failure) 11M->7M(15M) 0.409ms
[180.560s][info][gc] GC(6808) Pause Young (Allocation Failure) 11M->7M(15M) 0.433ms
[180.567s][info][gc] GC(6809) Pause Young (Allocation Failure) 11M->7M(15M) 0.481ms
[180.573s][info][gc] GC(6810) Pause Young (Allocation Failure) 11M->7M(15M) 0.450ms
[180.579s][info][gc] GC(6811) Pause Young (Allocation Failure) 11M->7M(15M) 0.432ms
[180.585s][info][gc] GC(6812) Pause Young (Allocation Failure) 11M->7M(15M) 0.476ms
[180.590s][info][gc] GC(6813) Pause Young (Allocation Failure) 11M->7M(15M) 0.505ms
[180.596s][info][gc] GC(6814) Pause Young (Allocation Failure) 11M->7M(15M) 0.986ms
[180.602s][info][gc] GC(6815) Pause Young (Allocation Failure) 11M->7M(15M) 0.638ms
[180.608s][info][gc] GC(6816) Pause Young (Allocation Failure) 11M->7M(15M) 0.569ms
[180.615s][info][gc] GC(6817) Pause Young (Allocation Failure) 11M->7M(15M) 0.633ms
[180.620s][info][gc] GC(6818) Pause Young (Allocation Failure) 11M->7M(15M) 0.582ms
[180.626s][info][gc] GC(6819) Pause Young (Allocation Failure) 11M->7M(15M) 0.665ms
[180.632s][info][gc] GC(6820) Pause Young (Allocation Failure) 11M->7M(15M) 0.625ms
[180.638s][info][gc] GC(6821) Pause Young (Allocation Failure) 11M->7M(15M) 0.590ms
[180.644s][info][gc] GC(6822) Pause Young (Allocation Failure) 11M->7M(15M) 0.594ms
[180.650s][info][gc] GC(6823) Pause Young (Allocation Failure) 11M->7M(15M) 1.052ms
[180.656s][info][gc] GC(6824) Pause Young (Allocation Failure) 11M->7M(15M) 0.610ms
[180.661s][info][gc] GC(6825) Pause Young (Allocation Failure) 11M->7M(15M) 0.553ms
[180.668s][info][gc] GC(6826) Pause Young (Allocation Failure) 11M->7M(15M) 0.749ms
[180.673s][info][gc] GC(6827) Pause Young (Allocation Failure) 11M->7M(15M) 0.430ms
[180.682s][info][gc] GC(6828) Pause Young (Allocation Failure) 11M->7M(15M) 0.629ms
[180.690s][info][gc] GC(6829) Pause Young (Allocation Failure) 11M->7M(15M) 0.749ms
[180.696s][info][gc] GC(6830) Pause Young (Allocation Failure) 11M->7M(15M) 0.549ms
[180.701s][info][gc] GC(6831) Pause Young (Allocation Failure) 11M->7M(15M) 0.476ms
[180.709s][info][gc] GC(6832) Pause Young (Allocation Failure) 11M->7M(15M) 0.519ms
[180.714s][info][gc] GC(6833) Pause Young (Allocation Failure) 11M->7M(15M) 0.456ms
[180.720s][info][gc] GC(6834) Pause Young (Allocation Failure) 11M->7M(15M) 0.502ms
[180.725s][info][gc] GC(6835) Pause Young (Allocation Failure) 11M->7M(15M) 0.535ms
[180.732s][info][gc] GC(6836) Pause Young (Allocation Failure) 11M->7M(15M) 0.716ms
[180.737s][info][gc] GC(6837) Pause Young (Allocation Failure) 11M->7M(15M) 0.556ms
[180.742s][info][gc] GC(6838) Pause Young (Allocation Failure) 11M->7M(15M) 0.544ms
[180.749s][info][gc] GC(6839) Pause Young (Allocation Failure) 11M->7M(15M) 0.614ms
[180.755s][info][gc] GC(6840) Pause Young (Allocation Failure) 11M->7M(15M) 0.824ms
[180.761s][info][gc] GC(6841) Pause Young (Allocation Failure) 11M->7M(15M) 0.607ms
[180.766s][info][gc] GC(6842) Pause Young (Allocation Failure) 11M->7M(15M) 0.558ms
[180.773s][info][gc] GC(6843) Pause Young (Allocation Failure) 11M->7M(15M) 0.661ms
[180.778s][info][gc] GC(6844) Pause Young (Allocation Failure) 11M->7M(15M) 0.639ms
[180.785s][info][gc] GC(6845) Pause Young (Allocation Failure) 11M->7M(15M) 0.650ms
[180.791s][info][gc] GC(6846) Pause Young (Allocation Failure) 11M->7M(15M) 0.502ms
[180.798s][info][gc] GC(6847) Pause Young (Allocation Failure) 11M->7M(15M) 0.812ms
[180.804s][info][gc] GC(6848) Pause Young (Allocation Failure) 11M->7M(15M) 0.495ms
[180.808s][info][gc] GC(6849) Pause Young (Allocation Failure) 11M->7M(15M) 0.477ms
[180.817s][info][gc] GC(6850) Pause Young (Allocation Failure) 11M->7M(15M) 0.519ms
[180.822s][info][gc] GC(6851) Pause Young (Allocation Failure) 11M->7M(15M) 0.478ms
[180.828s][info][gc] GC(6852) Pause Young (Allocation Failure) 11M->7M(15M) 0.529ms
[180.835s][info][gc] GC(6853) Pause Young (Allocation Failure) 11M->7M(15M) 0.507ms
[180.844s][info][gc] GC(6854) Pause Young (Allocation Failure) 11M->7M(15M) 0.460ms
[180.851s][info][gc] GC(6855) Pause Young (Allocation Failure) 11M->7M(15M) 1.105ms
[180.857s][info][gc] GC(6856) Pause Young (Allocation Failure) 11M->7M(15M) 0.556ms
[180.866s][info][gc] GC(6857) Pause Young (Allocation Failure) 11M->7M(15M) 0.749ms
[180.872s][info][gc] GC(6858) Pause Young (Allocation Failure) 11M->7M(15M) 0.553ms
[180.880s][info][gc] GC(6859) Pause Young (Allocation Failure) 11M->7M(15M) 0.718ms
[180.885s][info][gc] GC(6860) Pause Young (Allocation Failure) 11M->7M(15M) 0.564ms
[180.891s][info][gc] GC(6861) Pause Young (Allocation Failure) 11M->7M(15M) 0.851ms
[180.897s][info][gc] GC(6862) Pause Young (Allocation Failure) 11M->7M(15M) 0.542ms
[180.902s][info][gc] GC(6863) Pause Young (Allocation Failure) 11M->7M(15M) 0.861ms
[180.910s][info][gc] GC(6864) Pause Young (Allocation Failure) 11M->7M(15M) 0.595ms
[180.915s][info][gc] GC(6865) Pause Young (Allocation Failure) 11M->7M(15M) 0.612ms
[180.921s][info][gc] GC(6866) Pause Young (Allocation Failure) 11M->7M(15M) 0.614ms
[180.927s][info][gc] GC(6867) Pause Young (Allocation Failure) 11M->7M(15M) 0.572ms
[180.933s][info][gc] GC(6868) Pause Young (Allocation Failure) 11M->7M(15M) 0.653ms
[180.939s][info][gc] GC(6869) Pause Young (Allocation Failure) 11M->7M(15M) 0.611ms
[180.947s][info][gc] GC(6870) Pause Young (Allocation Failure) 11M->7M(15M) 0.603ms
[180.952s][info][gc] GC(6871) Pause Young (Allocation Failure) 11M->7M(15M) 0.409ms
[180.959s][info][gc] GC(6872) Pause Young (Allocation Failure) 11M->7M(15M) 0.688ms
[180.963s][info][gc] GC(6873) Pause Young (Allocation Failure) 11M->7M(15M) 0.462ms
[180.969s][info][gc] GC(6874) Pause Young (Allocation Failure) 11M->7M(15M) 0.481ms
[180.975s][info][gc] GC(6875) Pause Young (Allocation Failure) 11M->7M(15M) 0.484ms
[180.981s][info][gc] GC(6876) Pause Young (Allocation Failure) 11M->7M(15M) 0.490ms
[180.987s][info][gc] GC(6877) Pause Young (Allocation Failure) 11M->7M(15M) 0.501ms
[180.993s][info][gc] GC(6878) Pause Young (Allocation Failure) 11M->7M(15M) 0.699ms
[181.000s][info][gc] GC(6879) Pause Young (Allocation Failure) 11M->7M(15M) 0.675ms
[181.005s][info][gc] GC(6880) Pause Young (Allocation Failure) 11M->7M(15M) 0.535ms
[181.011s][info][gc] GC(6881) Pause Young (Allocation Failure) 11M->7M(15M) 1.253ms
[181.016s][info][gc] GC(6882) Pause Young (Allocation Failure) 11M->7M(15M) 0.559ms
[181.021s][info][gc] GC(6883) Pause Young (Allocation Failure) 11M->7M(15M) 0.552ms
[181.029s][info][gc] GC(6884) Pause Young (Allocation Failure) 11M->7M(15M) 0.646ms
[181.034s][info][gc] GC(6885) Pause Young (Allocation Failure) 11M->7M(15M) 0.555ms
[181.041s][info][gc] GC(6886) Pause Young (Allocation Failure) 11M->7M(15M) 0.623ms
[181.046s][info][gc] GC(6887) Pause Young (Allocation Failure) 11M->7M(15M) 0.643ms
[181.053s][info][gc] GC(6888) Pause Young (Allocation Failure) 11M->7M(15M) 0.621ms
[181.064s][info][gc] GC(6889) Pause Young (Allocation Failure) 11M->7M(15M) 0.743ms
[181.072s][info][gc] GC(6890) Pause Young (Allocation Failure) 11M->7M(15M) 0.567ms
[181.080s][info][gc] GC(6891) Pause Young (Allocation Failure) 11M->7M(15M) 0.605ms
[181.085s][info][gc] GC(6892) Pause Young (Allocation Failure) 11M->7M(15M) 0.439ms
[181.093s][info][gc] GC(6893) Pause Young (Allocation Failure) 11M->7M(15M) 0.611ms
[181.100s][info][gc] GC(6894) Pause Young (Allocation Failure) 11M->7M(15M) 0.483ms
[181.107s][info][gc] GC(6895) Pause Young (Allocation Failure) 11M->7M(15M) 0.601ms
[181.112s][info][gc] GC(6896) Pause Young (Allocation Failure) 11M->7M(15M) 0.482ms
[181.119s][info][gc] GC(6897) Pause Young (Allocation Failure) 11M->7M(15M) 0.851ms
[181.126s][info][gc] GC(6898) Pause Young (Allocation Failure) 11M->7M(15M) 0.581ms
[181.132s][info][gc] GC(6899) Pause Young (Allocation Failure) 11M->7M(15M) 0.560ms
[181.139s][info][gc] GC(6900) Pause Young (Allocation Failure) 11M->7M(15M) 0.579ms
[181.146s][info][gc] GC(6901) Pause Young (Allocation Failure) 11M->7M(15M) 0.714ms
[181.152s][info][gc] GC(6902) Pause Young (Allocation Failure) 11M->7M(15M) 0.608ms
[181.157s][info][gc] GC(6903) Pause Young (Allocation Failure) 11M->7M(15M) 0.826ms
[181.163s][info][gc] GC(6904) Pause Young (Allocation Failure) 11M->7M(15M) 0.606ms
[181.172s][info][gc] GC(6905) Pause Young (Allocation Failure) 11M->7M(15M) 1.181ms
[181.180s][info][gc] GC(6906) Pause Young (Allocation Failure) 11M->7M(15M) 0.834ms
[181.188s][info][gc] GC(6907) Pause Young (Allocation Failure) 11M->7M(15M) 0.620ms
[181.195s][info][gc] GC(6908) Pause Young (Allocation Failure) 11M->7M(15M) 0.637ms
[181.204s][info][gc] GC(6909) Pause Young (Allocation Failure) 11M->7M(15M) 0.782ms
[181.210s][info][gc] GC(6910) Pause Young (Allocation Failure) 11M->7M(15M) 1.192ms
[181.219s][info][gc] GC(6911) Pause Young (Allocation Failure) 11M->7M(15M) 0.583ms
[181.227s][info][gc] GC(6912) Pause Young (Allocation Failure) 11M->7M(15M) 0.754ms
[181.234s][info][gc] GC(6913) Pause Young (Allocation Failure) 11M->7M(15M) 0.547ms
[181.240s][info][gc] GC(6914) Pause Young (Allocation Failure) 11M->7M(15M) 0.537ms
[181.246s][info][gc] GC(6915) Pause Young (Allocation Failure) 11M->7M(15M) 0.638ms
[181.253s][info][gc] GC(6916) Pause Young (Allocation Failure) 11M->7M(15M) 0.475ms
[181.258s][info][gc] GC(6917) Pause Young (Allocation Failure) 11M->7M(15M) 0.478ms
[181.264s][info][gc] GC(6918) Pause Young (Allocation Failure) 11M->7M(15M) 0.737ms
[181.269s][info][gc] GC(6919) Pause Young (Allocation Failure) 11M->7M(15M) 0.526ms
[181.275s][info][gc] GC(6920) Pause Young (Allocation Failure) 11M->7M(15M) 0.517ms
[181.284s][info][gc] GC(6921) Pause Young (Allocation Failure) 11M->7M(15M) 0.644ms
[181.289s][info][gc] GC(6922) Pause Young (Allocation Failure) 11M->7M(15M) 0.564ms
[181.296s][info][gc] GC(6923) Pause Young (Allocation Failure) 11M->7M(15M) 0.582ms
[181.301s][info][gc] GC(6924) Pause Young (Allocation Failure) 11M->7M(15M) 0.593ms
[181.308s][info][gc] GC(6925) Pause Young (Allocation Failure) 11M->7M(15M) 0.698ms
[181.312s][info][gc] GC(6926) Pause Young (Allocation Failure) 11M->7M(15M) 0.695ms
[181.319s][info][gc] GC(6927) Pause Young (Allocation Failure) 11M->7M(15M) 0.748ms
[181.325s][info][gc] GC(6928) Pause Young (Allocation Failure) 11M->7M(15M) 0.607ms
[181.331s][info][gc] GC(6929) Pause Young (Allocation Failure) 11M->7M(15M) 1.150ms
[181.336s][info][gc] GC(6930) Pause Young (Allocation Failure) 11M->7M(15M) 0.429ms
[181.341s][info][gc] GC(6931) Pause Young (Allocation Failure) 11M->7M(15M) 0.416ms
[181.348s][info][gc] GC(6932) Pause Young (Allocation Failure) 11M->7M(15M) 0.436ms
[181.352s][info][gc] GC(6933) Pause Young (Allocation Failure) 11M->7M(15M) 0.477ms
[181.359s][info][gc] GC(6934) Pause Young (Allocation Failure) 11M->7M(15M) 0.736ms
[181.365s][info][gc] GC(6935) Pause Young (Allocation Failure) 11M->7M(15M) 0.509ms
[181.370s][info][gc] GC(6936) Pause Young (Allocation Failure) 11M->7M(15M) 0.621ms
[181.376s][info][gc] GC(6937) Pause Young (Allocation Failure) 11M->7M(15M) 0.547ms
[181.381s][info][gc] GC(6938) Pause Young (Allocation Failure) 11M->7M(15M) 0.532ms
[181.388s][info][gc] GC(6939) Pause Young (Allocation Failure) 11M->7M(15M) 0.556ms
[181.393s][info][gc] GC(6940) Pause Young (Allocation Failure) 11M->7M(15M) 0.544ms
[181.401s][info][gc] GC(6941) Pause Young (Allocation Failure) 11M->7M(15M) 0.638ms
[181.409s][info][gc] GC(6942) Pause Young (Allocation Failure) 11M->7M(15M) 0.555ms
[181.416s][info][gc] GC(6943) Pause Young (Allocation Failure) 11M->7M(15M) 0.580ms
[181.422s][info][gc] GC(6944) Pause Young (Allocation Failure) 11M->7M(15M) 0.739ms
[181.429s][info][gc] GC(6945) Pause Young (Allocation Failure) 11M->7M(15M) 0.614ms
[181.435s][info][gc] GC(6946) Pause Young (Allocation Failure) 11M->7M(15M) 0.751ms
[181.442s][info][gc] GC(6947) Pause Young (Allocation Failure) 11M->7M(15M) 0.648ms
[181.448s][info][gc] GC(6948) Pause Young (Allocation Failure) 11M->7M(15M) 0.877ms
[181.457s][info][gc] GC(6949) Pause Young (Allocation Failure) 11M->7M(15M) 0.623ms
[181.462s][info][gc] GC(6950) Pause Young (Allocation Failure) 11M->7M(15M) 0.892ms
[181.471s][info][gc] GC(6951) Pause Young (Allocation Failure) 11M->7M(15M) 0.678ms
[181.477s][info][gc] GC(6952) Pause Young (Allocation Failure) 11M->7M(15M) 0.976ms
[181.483s][info][gc] GC(6953) Pause Young (Allocation Failure) 11M->7M(15M) 0.416ms
[181.488s][info][gc] GC(6954) Pause Young (Allocation Failure) 11M->7M(15M) 0.444ms
[181.494s][info][gc] GC(6955) Pause Young (Allocation Failure) 11M->7M(15M) 0.477ms
[181.500s][info][gc] GC(6956) Pause Young (Allocation Failure) 11M->7M(15M) 0.529ms
[181.506s][info][gc] GC(6957) Pause Young (Allocation Failure) 11M->7M(15M) 0.472ms
[181.511s][info][gc] GC(6958) Pause Young (Allocation Failure) 11M->7M(15M) 0.565ms
[181.518s][info][gc] GC(6959) Pause Young (Allocation Failure) 11M->7M(15M) 1.119ms
[181.523s][info][gc] GC(6960) Pause Young (Allocation Failure) 11M->7M(15M) 0.567ms
[181.529s][info][gc] GC(6961) Pause Young (Allocation Failure) 11M->7M(15M) 0.514ms
[181.535s][info][gc] GC(6962) Pause Young (Allocation Failure) 11M->7M(15M) 0.528ms
[181.541s][info][gc] GC(6963) Pause Young (Allocation Failure) 11M->7M(15M) 0.583ms
[181.548s][info][gc] GC(6964) Pause Young (Allocation Failure) 11M->7M(15M) 0.558ms
[181.553s][info][gc] GC(6965) Pause Young (Allocation Failure) 11M->7M(15M) 0.545ms
[181.559s][info][gc] GC(6966) Pause Young (Allocation Failure) 11M->7M(15M) 0.667ms
[181.565s][info][gc] GC(6967) Pause Young (Allocation Failure) 11M->7M(15M) 0.639ms
[181.570s][info][gc] GC(6968) Pause Young (Allocation Failure) 11M->7M(15M) 0.823ms
[181.576s][info][gc] GC(6969) Pause Young (Allocation Failure) 11M->7M(15M) 0.610ms
[181.582s][info][gc] GC(6970) Pause Young (Allocation Failure) 11M->7M(15M) 0.669ms
[181.588s][info][gc] GC(6971) Pause Young (Allocation Failure) 11M->7M(15M) 0.581ms
[181.593s][info][gc] GC(6972) Pause Young (Allocation Failure) 11M->7M(15M) 0.461ms
[181.600s][info][gc] GC(6973) Pause Young (Allocation Failure) 11M->7M(15M) 0.422ms
[181.606s][info][gc] GC(6974) Pause Young (Allocation Failure) 11M->7M(15M) 0.573ms
[181.612s][info][gc] GC(6975) Pause Young (Allocation Failure) 11M->7M(15M) 0.662ms
[181.618s][info][gc] GC(6976) Pause Young (Allocation Failure) 11M->7M(15M) 0.454ms
[181.623s][info][gc] GC(6977) Pause Young (Allocation Failure) 11M->7M(15M) 0.438ms
[181.629s][info][gc] GC(6978) Pause Young (Allocation Failure) 11M->7M(15M) 0.476ms
[181.634s][info][gc] GC(6979) Pause Young (Allocation Failure) 11M->7M(15M) 0.511ms
[181.641s][info][gc] GC(6980) Pause Young (Allocation Failure) 11M->7M(15M) 0.729ms
[181.646s][info][gc] GC(6981) Pause Young (Allocation Failure) 11M->7M(15M) 0.483ms
[181.652s][info][gc] GC(6982) Pause Young (Allocation Failure) 11M->7M(15M) 0.859ms
[181.658s][info][gc] GC(6983) Pause Young (Allocation Failure) 11M->7M(15M) 0.563ms
[181.664s][info][gc] GC(6984) Pause Young (Allocation Failure) 11M->7M(15M) 1.139ms
[181.670s][info][gc] GC(6985) Pause Young (Allocation Failure) 11M->7M(15M) 0.540ms
[181.675s][info][gc] GC(6986) Pause Young (Allocation Failure) 11M->7M(15M) 0.559ms
[181.684s][info][gc] GC(6987) Pause Young (Allocation Failure) 11M->7M(15M) 0.888ms
[181.692s][info][gc] GC(6988) Pause Young (Allocation Failure) 11M->7M(15M) 1.051ms
[181.698s][info][gc] GC(6989) Pause Young (Allocation Failure) 11M->7M(15M) 0.636ms
[181.703s][info][gc] GC(6990) Pause Young (Allocation Failure) 11M->7M(15M) 0.568ms
[181.709s][info][gc] GC(6991) Pause Young (Allocation Failure) 11M->7M(15M) 0.572ms
[181.714s][info][gc] GC(6992) Pause Young (Allocation Failure) 11M->7M(15M) 0.545ms
[181.722s][info][gc] GC(6993) Pause Young (Allocation Failure) 11M->7M(15M) 0.419ms
[181.726s][info][gc] GC(6994) Pause Young (Allocation Failure) 11M->7M(15M) 0.418ms
[181.733s][info][gc] GC(6995) Pause Young (Allocation Failure) 11M->7M(15M) 0.519ms
[181.738s][info][gc] GC(6996) Pause Young (Allocation Failure) 11M->7M(15M) 0.473ms
[181.743s][info][gc] GC(6997) Pause Young (Allocation Failure) 11M->7M(15M) 0.453ms
[181.750s][info][gc] GC(6998) Pause Young (Allocation Failure) 11M->7M(15M) 0.536ms
[181.754s][info][gc] GC(6999) Pause Young (Allocation Failure) 11M->7M(15M) 0.449ms
[181.761s][info][gc] GC(7000) Pause Young (Allocation Failure) 11M->7M(15M) 0.486ms
[181.767s][info][gc] GC(7001) Pause Young (Allocation Failure) 11M->7M(15M) 0.490ms
[181.773s][info][gc] GC(7002) Pause Young (Allocation Failure) 11M->7M(15M) 0.750ms
[181.778s][info][gc] GC(7003) Pause Young (Allocation Failure) 11M->7M(15M) 0.512ms
[181.783s][info][gc] GC(7004) Pause Young (Allocation Failure) 11M->7M(15M) 0.523ms
[181.790s][info][gc] GC(7005) Pause Young (Allocation Failure) 11M->7M(15M) 0.580ms
[181.795s][info][gc] GC(7006) Pause Young (Allocation Failure) 11M->7M(15M) 0.558ms
[181.802s][info][gc] GC(7007) Pause Young (Allocation Failure) 11M->7M(15M) 0.562ms
[181.808s][info][gc] GC(7008) Pause Young (Allocation Failure) 11M->7M(15M) 0.607ms
[181.815s][info][gc] GC(7009) Pause Young (Allocation Failure) 11M->7M(15M) 0.587ms
[181.820s][info][gc] GC(7010) Pause Young (Allocation Failure) 11M->7M(15M) 0.579ms
[181.828s][info][gc] GC(7011) Pause Young (Allocation Failure) 11M->7M(15M) 0.684ms
[181.833s][info][gc] GC(7012) Pause Young (Allocation Failure) 11M->7M(15M) 0.666ms
[181.843s][info][gc] GC(7013) Pause Young (Allocation Failure) 11M->7M(15M) 0.608ms
[181.851s][info][gc] GC(7014) Pause Young (Allocation Failure) 11M->7M(15M) 1.247ms
[181.858s][info][gc] GC(7015) Pause Young (Allocation Failure) 11M->7M(15M) 0.871ms
[181.866s][info][gc] GC(7016) Pause Young (Allocation Failure) 11M->7M(15M) 1.106ms
[181.872s][info][gc] GC(7017) Pause Young (Allocation Failure) 11M->7M(15M) 0.604ms
[181.877s][info][gc] GC(7018) Pause Young (Allocation Failure) 11M->7M(15M) 0.643ms
[181.885s][info][gc] GC(7019) Pause Young (Allocation Failure) 11M->7M(15M) 0.432ms
[181.890s][info][gc] GC(7020) Pause Young (Allocation Failure) 11M->7M(15M) 0.430ms
[181.896s][info][gc] GC(7021) Pause Young (Allocation Failure) 11M->7M(15M) 0.488ms
[181.902s][info][gc] GC(7022) Pause Young (Allocation Failure) 11M->7M(15M) 0.456ms
[181.908s][info][gc] GC(7023) Pause Young (Allocation Failure) 11M->7M(15M) 0.515ms
[181.913s][info][gc] GC(7024) Pause Young (Allocation Failure) 11M->7M(15M) 0.571ms
[181.920s][info][gc] GC(7025) Pause Young (Allocation Failure) 11M->7M(15M) 0.552ms
[181.925s][info][gc] GC(7026) Pause Young (Allocation Failure) 11M->7M(15M) 0.595ms
[181.931s][info][gc] GC(7027) Pause Young (Allocation Failure) 11M->7M(15M) 0.864ms
[181.937s][info][gc] GC(7028) Pause Young (Allocation Failure) 11M->7M(15M) 0.522ms
[181.942s][info][gc] GC(7029) Pause Young (Allocation Failure) 11M->7M(15M) 0.537ms
[181.949s][info][gc] GC(7030) Pause Young (Allocation Failure) 11M->7M(15M) 0.536ms
[181.954s][info][gc] GC(7031) Pause Young (Allocation Failure) 11M->7M(15M) 0.545ms
[181.961s][info][gc] GC(7032) Pause Young (Allocation Failure) 11M->7M(15M) 0.590ms
[181.966s][info][gc] GC(7033) Pause Young (Allocation Failure) 11M->7M(15M) 0.539ms
[181.972s][info][gc] GC(7034) Pause Young (Allocation Failure) 11M->7M(15M) 0.937ms
[181.977s][info][gc] GC(7035) Pause Young (Allocation Failure) 11M->7M(15M) 0.573ms
[181.983s][info][gc] GC(7036) Pause Young (Allocation Failure) 11M->7M(15M) 0.659ms
[181.989s][info][gc] GC(7037) Pause Young (Allocation Failure) 11M->7M(15M) 0.449ms
[181.994s][info][gc] GC(7038) Pause Young (Allocation Failure) 11M->7M(15M) 0.447ms
[182.001s][info][gc] GC(7039) Pause Young (Allocation Failure) 11M->7M(15M) 0.459ms
[182.007s][info][gc] GC(7040) Pause Young (Allocation Failure) 11M->7M(15M) 0.620ms
[182.013s][info][gc] GC(7041) Pause Young (Allocation Failure) 11M->7M(15M) 0.743ms
[182.018s][info][gc] GC(7042) Pause Young (Allocation Failure) 11M->7M(15M) 0.412ms
[182.023s][info][gc] GC(7043) Pause Young (Allocation Failure) 11M->7M(15M) 0.435ms
[182.030s][info][gc] GC(7044) Pause Young (Allocation Failure) 11M->7M(15M) 0.498ms
[182.036s][info][gc] GC(7045) Pause Young (Allocation Failure) 11M->7M(15M) 0.644ms
[182.044s][info][gc] GC(7046) Pause Young (Allocation Failure) 11M->7M(15M) 0.495ms
[182.050s][info][gc] GC(7047) Pause Young (Allocation Failure) 11M->7M(15M) 0.571ms
[182.056s][info][gc] GC(7048) Pause Young (Allocation Failure) 11M->7M(15M) 0.582ms
[182.062s][info][gc] GC(7049) Pause Young (Allocation Failure) 11M->7M(15M) 0.807ms
[182.068s][info][gc] GC(7050) Pause Young (Allocation Failure) 11M->7M(15M) 0.560ms
[182.074s][info][gc] GC(7051) Pause Young (Allocation Failure) 11M->7M(15M) 0.524ms
[182.080s][info][gc] GC(7052) Pause Young (Allocation Failure) 11M->7M(15M) 0.754ms
[182.087s][info][gc] GC(7053) Pause Young (Allocation Failure) 11M->7M(15M) 0.625ms
[182.096s][info][gc] GC(7054) Pause Young (Allocation Failure) 11M->7M(15M) 1.073ms
[182.104s][info][gc] GC(7055) Pause Young (Allocation Failure) 11M->7M(15M) 0.649ms
[182.110s][info][gc] GC(7056) Pause Young (Allocation Failure) 11M->7M(15M) 0.500ms
[182.117s][info][gc] GC(7057) Pause Young (Allocation Failure) 11M->7M(15M) 0.426ms
[182.123s][info][gc] GC(7058) Pause Young (Allocation Failure) 11M->7M(15M) 0.423ms
[182.129s][info][gc] GC(7059) Pause Young (Allocation Failure) 11M->7M(15M) 0.655ms
[182.137s][info][gc] GC(7060) Pause Young (Allocation Failure) 11M->7M(15M) 0.709ms
[182.143s][info][gc] GC(7061) Pause Young (Allocation Failure) 11M->7M(15M) 0.669ms
[182.152s][info][gc] GC(7062) Pause Young (Allocation Failure) 11M->7M(15M) 0.558ms
[182.157s][info][gc] GC(7063) Pause Young (Allocation Failure) 11M->7M(15M) 0.681ms
[182.165s][info][gc] GC(7064) Pause Young (Allocation Failure) 11M->7M(15M) 0.635ms
[182.170s][info][gc] GC(7065) Pause Young (Allocation Failure) 11M->7M(15M) 0.605ms
[182.177s][info][gc] GC(7066) Pause Young (Allocation Failure) 11M->7M(15M) 0.819ms
[182.183s][info][gc] GC(7067) Pause Young (Allocation Failure) 11M->7M(15M) 0.672ms
[182.190s][info][gc] GC(7068) Pause Young (Allocation Failure) 11M->7M(15M) 0.627ms
[182.196s][info][gc] GC(7069) Pause Young (Allocation Failure) 11M->7M(15M) 0.622ms
[182.204s][info][gc] GC(7070) Pause Young (Allocation Failure) 11M->7M(15M) 0.785ms
[182.212s][info][gc] GC(7071) Pause Young (Allocation Failure) 11M->7M(15M) 0.889ms
[182.221s][info][gc] GC(7072) Pause Young (Allocation Failure) 11M->7M(15M) 0.683ms
[182.228s][info][gc] GC(7073) Pause Young (Allocation Failure) 11M->7M(15M) 0.801ms
[182.234s][info][gc] GC(7074) Pause Young (Allocation Failure) 11M->7M(15M) 0.618ms
[182.240s][info][gc] GC(7075) Pause Young (Allocation Failure) 11M->7M(15M) 0.569ms
[182.246s][info][gc] GC(7076) Pause Young (Allocation Failure) 11M->7M(15M) 0.416ms
[182.254s][info][gc] GC(7077) Pause Young (Allocation Failure) 11M->7M(15M) 0.602ms
[182.263s][info][gc] GC(7078) Pause Young (Allocation Failure) 11M->7M(15M) 0.673ms
[182.270s][info][gc] GC(7079) Pause Young (Allocation Failure) 11M->7M(15M) 0.572ms
[182.275s][info][gc] GC(7080) Pause Young (Allocation Failure) 11M->7M(15M) 0.640ms
[182.282s][info][gc] GC(7081) Pause Young (Allocation Failure) 11M->7M(15M) 0.597ms
[182.289s][info][gc] GC(7082) Pause Young (Allocation Failure) 11M->7M(15M) 0.486ms
[182.299s][info][gc] GC(7083) Pause Young (Allocation Failure) 11M->7M(15M) 0.725ms
[182.304s][info][gc] GC(7084) Pause Young (Allocation Failure) 11M->7M(15M) 0.672ms
[182.310s][info][gc] GC(7085) Pause Young (Allocation Failure) 11M->7M(15M) 0.559ms
[182.315s][info][gc] GC(7086) Pause Young (Allocation Failure) 11M->7M(15M) 0.560ms
[182.322s][info][gc] GC(7087) Pause Young (Allocation Failure) 11M->7M(15M) 0.923ms
[182.327s][info][gc] GC(7088) Pause Young (Allocation Failure) 11M->7M(15M) 0.623ms
[182.334s][info][gc] GC(7089) Pause Young (Allocation Failure) 11M->7M(15M) 0.625ms
[182.341s][info][gc] GC(7090) Pause Young (Allocation Failure) 11M->7M(15M) 0.601ms
[182.348s][info][gc] GC(7091) Pause Young (Allocation Failure) 11M->7M(15M) 0.598ms
[182.353s][info][gc] GC(7092) Pause Young (Allocation Failure) 11M->7M(15M) 0.555ms
[182.358s][info][gc] GC(7093) Pause Young (Allocation Failure) 11M->7M(15M) 1.111ms
[182.364s][info][gc] GC(7094) Pause Young (Allocation Failure) 11M->7M(15M) 0.583ms
[182.369s][info][gc] GC(7095) Pause Young (Allocation Failure) 11M->7M(15M) 0.431ms
[182.377s][info][gc] GC(7096) Pause Young (Allocation Failure) 11M->7M(15M) 0.440ms
[182.383s][info][gc] GC(7097) Pause Young (Allocation Failure) 11M->7M(15M) 0.606ms
[182.389s][info][gc] GC(7098) Pause Young (Allocation Failure) 11M->7M(15M) 0.541ms
[182.394s][info][gc] GC(7099) Pause Young (Allocation Failure) 11M->7M(15M) 0.587ms
[182.401s][info][gc] GC(7100) Pause Young (Allocation Failure) 11M->7M(15M) 0.450ms
[182.406s][info][gc] GC(7101) Pause Young (Allocation Failure) 11M->7M(15M) 0.478ms
[182.416s][info][gc] GC(7102) Pause Young (Allocation Failure) 11M->7M(15M) 0.810ms
[182.423s][info][gc] GC(7103) Pause Young (Allocation Failure) 11M->7M(15M) 0.506ms
[182.430s][info][gc] GC(7104) Pause Young (Allocation Failure) 11M->7M(15M) 0.986ms
[182.436s][info][gc] GC(7105) Pause Young (Allocation Failure) 11M->7M(15M) 0.603ms
[182.442s][info][gc] GC(7106) Pause Young (Allocation Failure) 11M->7M(15M) 0.636ms
[182.448s][info][gc] GC(7107) Pause Young (Allocation Failure) 11M->7M(15M) 0.571ms
[182.455s][info][gc] GC(7108) Pause Young (Allocation Failure) 11M->7M(15M) 0.563ms
[182.460s][info][gc] GC(7109) Pause Young (Allocation Failure) 11M->7M(15M) 0.618ms
[182.467s][info][gc] GC(7110) Pause Young (Allocation Failure) 11M->7M(15M) 0.933ms
[182.472s][info][gc] GC(7111) Pause Young (Allocation Failure) 11M->7M(15M) 0.593ms
[182.478s][info][gc] GC(7112) Pause Young (Allocation Failure) 11M->7M(15M) 0.946ms
[182.484s][info][gc] GC(7113) Pause Young (Allocation Failure) 11M->7M(15M) 0.564ms
[182.489s][info][gc] GC(7114) Pause Young (Allocation Failure) 11M->7M(15M) 0.606ms
[182.496s][info][gc] GC(7115) Pause Young (Allocation Failure) 11M->7M(15M) 0.416ms
[182.501s][info][gc] GC(7116) Pause Young (Allocation Failure) 11M->7M(15M) 0.409ms
[182.508s][info][gc] GC(7117) Pause Young (Allocation Failure) 11M->7M(15M) 0.445ms
[182.513s][info][gc] GC(7118) Pause Young (Allocation Failure) 11M->7M(15M) 0.515ms
[182.519s][info][gc] GC(7119) Pause Young (Allocation Failure) 11M->7M(15M) 0.782ms
[182.525s][info][gc] GC(7120) Pause Young (Allocation Failure) 11M->7M(15M) 0.470ms
[182.532s][info][gc] GC(7121) Pause Young (Allocation Failure) 11M->7M(15M) 0.914ms
[182.537s][info][gc] GC(7122) Pause Young (Allocation Failure) 11M->7M(15M) 0.530ms
[182.543s][info][gc] GC(7123) Pause Young (Allocation Failure) 11M->7M(15M) 0.504ms
[182.550s][info][gc] GC(7124) Pause Young (Allocation Failure) 11M->7M(15M) 0.742ms
[182.555s][info][gc] GC(7125) Pause Young (Allocation Failure) 11M->7M(15M) 0.588ms
[182.561s][info][gc] GC(7126) Pause Young (Allocation Failure) 11M->7M(15M) 0.598ms
[182.567s][info][gc] GC(7127) Pause Young (Allocation Failure) 11M->7M(15M) 0.685ms
[182.574s][info][gc] GC(7128) Pause Young (Allocation Failure) 11M->7M(15M) 0.994ms
[182.579s][info][gc] GC(7129) Pause Young (Allocation Failure) 11M->7M(15M) 0.574ms
[182.584s][info][gc] GC(7130) Pause Young (Allocation Failure) 11M->7M(15M) 0.549ms
[182.591s][info][gc] GC(7131) Pause Young (Allocation Failure) 11M->7M(15M) 0.631ms
[182.597s][info][gc] GC(7132) Pause Young (Allocation Failure) 11M->7M(15M) 0.609ms
[182.604s][info][gc] GC(7133) Pause Young (Allocation Failure) 11M->7M(15M) 0.647ms
[182.609s][info][gc] GC(7134) Pause Young (Allocation Failure) 11M->7M(15M) 0.591ms
[182.616s][info][gc] GC(7135) Pause Young (Allocation Failure) 11M->7M(15M) 0.611ms
[182.621s][info][gc] GC(7136) Pause Young (Allocation Failure) 11M->7M(15M) 0.731ms
[182.628s][info][gc] GC(7137) Pause Young (Allocation Failure) 11M->7M(15M) 0.574ms
[182.633s][info][gc] GC(7138) Pause Young (Allocation Failure) 11M->7M(15M) 0.413ms
[182.640s][info][gc] GC(7139) Pause Young (Allocation Failure) 11M->7M(15M) 0.659ms
[182.645s][info][gc] GC(7140) Pause Young (Allocation Failure) 11M->7M(15M) 0.410ms
[182.650s][info][gc] GC(7141) Pause Young (Allocation Failure) 11M->7M(15M) 0.521ms
[182.656s][info][gc] GC(7142) Pause Young (Allocation Failure) 11M->7M(15M) 0.454ms
[182.661s][info][gc] GC(7143) Pause Young (Allocation Failure) 11M->7M(15M) 0.462ms
[182.669s][info][gc] GC(7144) Pause Young (Allocation Failure) 11M->7M(15M) 0.467ms
[182.674s][info][gc] GC(7145) Pause Young (Allocation Failure) 11M->7M(15M) 0.456ms
[182.681s][info][gc] GC(7146) Pause Young (Allocation Failure) 11M->7M(15M) 0.827ms
[182.690s][info][gc] GC(7147) Pause Young (Allocation Failure) 11M->7M(15M) 0.705ms
[182.696s][info][gc] GC(7148) Pause Young (Allocation Failure) 11M->7M(15M) 0.515ms
[182.701s][info][gc] GC(7149) Pause Young (Allocation Failure) 11M->7M(15M) 0.531ms
[182.708s][info][gc] GC(7150) Pause Young (Allocation Failure) 11M->7M(15M) 0.575ms
[182.713s][info][gc] GC(7151) Pause Young (Allocation Failure) 11M->7M(15M) 0.569ms
[182.720s][info][gc] GC(7152) Pause Young (Allocation Failure) 11M->7M(15M) 1.142ms
[182.725s][info][gc] GC(7153) Pause Young (Allocation Failure) 11M->7M(15M) 0.611ms
[182.731s][info][gc] GC(7154) Pause Young (Allocation Failure) 11M->7M(15M) 0.593ms
[182.737s][info][gc] GC(7155) Pause Young (Allocation Failure) 11M->7M(15M) 0.564ms
[182.742s][info][gc] GC(7156) Pause Young (Allocation Failure) 11M->7M(15M) 0.563ms
[182.749s][info][gc] GC(7157) Pause Young (Allocation Failure) 11M->7M(15M) 0.617ms
[182.755s][info][gc] GC(7158) Pause Young (Allocation Failure) 11M->7M(15M) 0.628ms
[182.762s][info][gc] GC(7159) Pause Young (Allocation Failure) 11M->7M(15M) 0.588ms
[182.767s][info][gc] GC(7160) Pause Young (Allocation Failure) 11M->7M(15M) 0.559ms
[182.773s][info][gc] GC(7161) Pause Young (Allocation Failure) 11M->7M(15M) 0.594ms
[182.778s][info][gc] GC(7162) Pause Young (Allocation Failure) 11M->7M(15M) 0.526ms
[182.783s][info][gc] GC(7163) Pause Young (Allocation Failure) 11M->7M(15M) 0.450ms
[182.790s][info][gc] GC(7164) Pause Young (Allocation Failure) 11M->7M(15M) 0.447ms
[182.795s][info][gc] GC(7165) Pause Young (Allocation Failure) 11M->7M(15M) 0.489ms
[182.802s][info][gc] GC(7166) Pause Young (Allocation Failure) 11M->7M(15M) 0.504ms
[182.807s][info][gc] GC(7167) Pause Young (Allocation Failure) 11M->7M(15M) 0.500ms
[182.814s][info][gc] GC(7168) Pause Young (Allocation Failure) 11M->7M(15M) 0.529ms
[182.819s][info][gc] GC(7169) Pause Young (Allocation Failure) 11M->7M(15M) 0.582ms
[182.824s][info][gc] GC(7170) Pause Young (Allocation Failure) 11M->7M(15M) 0.506ms
[182.832s][info][gc] GC(7171) Pause Young (Allocation Failure) 11M->7M(15M) 0.519ms
[182.842s][info][gc] GC(7172) Pause Young (Allocation Failure) 11M->7M(15M) 0.819ms
[182.850s][info][gc] GC(7173) Pause Young (Allocation Failure) 11M->7M(15M) 0.580ms
[182.859s][info][gc] GC(7174) Pause Young (Allocation Failure) 11M->7M(15M) 0.834ms
[182.864s][info][gc] GC(7175) Pause Young (Allocation Failure) 11M->7M(15M) 0.806ms
[182.873s][info][gc] GC(7176) Pause Young (Allocation Failure) 11M->7M(15M) 0.588ms
[182.880s][info][gc] GC(7177) Pause Young (Allocation Failure) 11M->7M(15M) 0.821ms
[182.885s][info][gc] GC(7178) Pause Young (Allocation Failure) 11M->7M(15M) 0.554ms
[182.891s][info][gc] GC(7179) Pause Young (Allocation Failure) 11M->7M(15M) 0.621ms
[182.898s][info][gc] GC(7180) Pause Young (Allocation Failure) 11M->7M(15M) 0.565ms
[182.903s][info][gc] GC(7181) Pause Young (Allocation Failure) 11M->7M(15M) 0.533ms
[182.910s][info][gc] GC(7182) Pause Young (Allocation Failure) 12M->7M(15M) 0.621ms
[182.915s][info][gc] GC(7183) Pause Young (Allocation Failure) 12M->7M(15M) 0.561ms
[182.922s][info][gc] GC(7184) Pause Young (Allocation Failure) 12M->7M(15M) 0.606ms
[182.927s][info][gc] GC(7185) Pause Young (Allocation Failure) 11M->7M(15M) 0.568ms
[182.934s][info][gc] GC(7186) Pause Young (Allocation Failure) 11M->7M(15M) 1.084ms
[182.939s][info][gc] GC(7187) Pause Young (Allocation Failure) 11M->7M(15M) 0.574ms
[182.944s][info][gc] GC(7188) Pause Young (Allocation Failure) 12M->7M(15M) 0.591ms
[182.951s][info][gc] GC(7189) Pause Young (Allocation Failure) 12M->7M(15M) 0.417ms
[182.956s][info][gc] GC(7190) Pause Young (Allocation Failure) 11M->7M(15M) 0.427ms
[182.962s][info][gc] GC(7191) Pause Young (Allocation Failure) 11M->7M(15M) 0.438ms
[182.967s][info][gc] GC(7192) Pause Young (Allocation Failure) 11M->7M(15M) 0.404ms
[182.974s][info][gc] GC(7193) Pause Young (Allocation Failure) 11M->7M(15M) 0.550ms
[182.979s][info][gc] GC(7194) Pause Young (Allocation Failure) 11M->7M(15M) 0.430ms
[182.984s][info][gc] GC(7195) Pause Young (Allocation Failure) 11M->7M(15M) 0.569ms
[182.991s][info][gc] GC(7196) Pause Young (Allocation Failure) 11M->7M(15M) 0.495ms
[182.996s][info][gc] GC(7197) Pause Young (Allocation Failure) 11M->7M(15M) 0.496ms
[183.002s][info][gc] GC(7198) Pause Young (Allocation Failure) 11M->7M(15M) 0.522ms
[183.008s][info][gc] GC(7199) Pause Young (Allocation Failure) 11M->7M(15M) 0.595ms
[183.015s][info][gc] GC(7200) Pause Young (Allocation Failure) 11M->7M(15M) 0.531ms
[183.020s][info][gc] GC(7201) Pause Young (Allocation Failure) 11M->7M(15M) 0.641ms
[183.026s][info][gc] GC(7202) Pause Young (Allocation Failure) 11M->7M(15M) 1.172ms
[183.031s][info][gc] GC(7203) Pause Young (Allocation Failure) 11M->7M(15M) 0.557ms
[183.037s][info][gc] GC(7204) Pause Young (Allocation Failure) 12M->7M(15M) 0.535ms
[183.044s][info][gc] GC(7205) Pause Young (Allocation Failure) 12M->7M(15M) 0.623ms
[183.050s][info][gc] GC(7206) Pause Young (Allocation Failure) 12M->7M(15M) 0.991ms
[183.057s][info][gc] GC(7207) Pause Young (Allocation Failure) 12M->7M(15M) 0.600ms
[183.062s][info][gc] GC(7208) Pause Young (Allocation Failure) 11M->7M(15M) 0.547ms
[183.070s][info][gc] GC(7209) Pause Young (Allocation Failure) 11M->7M(15M) 0.848ms
[183.080s][info][gc] GC(7210) Pause Young (Allocation Failure) 11M->7M(15M) 1.015ms
[183.089s][info][gc] GC(7211) Pause Young (Allocation Failure) 12M->7M(15M) 0.639ms
[183.096s][info][gc] GC(7212) Pause Young (Allocation Failure) 12M->7M(15M) 0.953ms
[183.103s][info][gc] GC(7213) Pause Young (Allocation Failure) 12M->7M(15M) 0.674ms
[183.111s][info][gc] GC(7214) Pause Young (Allocation Failure) 11M->7M(15M) 0.503ms
[183.117s][info][gc] GC(7215) Pause Young (Allocation Failure) 11M->7M(15M) 0.431ms
[183.123s][info][gc] GC(7216) Pause Young (Allocation Failure) 11M->7M(15M) 0.463ms
[183.130s][info][gc] GC(7217) Pause Young (Allocation Failure) 11M->7M(15M) 0.483ms
[183.137s][info][gc] GC(7218) Pause Young (Allocation Failure) 11M->7M(15M) 0.800ms
[183.144s][info][gc] GC(7219) Pause Young (Allocation Failure) 11M->7M(15M) 0.670ms
[183.151s][info][gc] GC(7220) Pause Young (Allocation Failure) 11M->7M(15M) 0.634ms
[183.156s][info][gc] GC(7221) Pause Young (Allocation Failure) 11M->7M(15M) 0.534ms
[183.163s][info][gc] GC(7222) Pause Young (Allocation Failure) 11M->7M(15M) 0.993ms
[183.169s][info][gc] GC(7223) Pause Young (Allocation Failure) 12M->7M(15M) 0.559ms
[183.175s][info][gc] GC(7224) Pause Young (Allocation Failure) 12M->7M(15M) 0.840ms
[183.181s][info][gc] GC(7225) Pause Young (Allocation Failure) 12M->7M(15M) 0.611ms
[183.189s][info][gc] GC(7226) Pause Young (Allocation Failure) 12M->7M(15M) 0.649ms
[183.197s][info][gc] GC(7227) Pause Young (Allocation Failure) 12M->7M(15M) 0.661ms
[183.204s][info][gc] GC(7228) Pause Young (Allocation Failure) 12M->7M(15M) 0.588ms
[183.210s][info][gc] GC(7229) Pause Young (Allocation Failure) 12M->7M(15M) 0.822ms
[183.218s][info][gc] GC(7230) Pause Young (Allocation Failure) 12M->7M(15M) 1.524ms
[183.226s][info][gc] GC(7231) Pause Young (Allocation Failure) 12M->7M(15M) 1.248ms
[183.232s][info][gc] GC(7232) Pause Young (Allocation Failure) 12M->7M(15M) 0.437ms
[183.238s][info][gc] GC(7233) Pause Young (Allocation Failure) 11M->7M(15M) 0.510ms
[183.244s][info][gc] GC(7234) Pause Young (Allocation Failure) 11M->7M(15M) 0.459ms
[183.249s][info][gc] GC(7235) Pause Young (Allocation Failure) 11M->7M(15M) 0.426ms
[183.256s][info][gc] GC(7236) Pause Young (Allocation Failure) 11M->7M(15M) 0.582ms
[183.263s][info][gc] GC(7237) Pause Young (Allocation Failure) 11M->7M(15M) 0.475ms
[183.270s][info][gc] GC(7238) Pause Young (Allocation Failure) 11M->7M(15M) 0.526ms
[183.275s][info][gc] GC(7239) Pause Young (Allocation Failure) 11M->7M(15M) 0.480ms
[183.282s][info][gc] GC(7240) Pause Young (Allocation Failure) 11M->7M(15M) 0.573ms
[183.287s][info][gc] GC(7241) Pause Young (Allocation Failure) 11M->7M(15M) 0.499ms
[183.294s][info][gc] GC(7242) Pause Young (Allocation Failure) 11M->7M(15M) 0.780ms
[183.299s][info][gc] GC(7243) Pause Young (Allocation Failure) 12M->7M(15M) 0.563ms
[183.305s][info][gc] GC(7244) Pause Young (Allocation Failure) 12M->7M(15M) 0.660ms
[183.312s][info][gc] GC(7245) Pause Young (Allocation Failure) 12M->7M(15M) 0.562ms
[183.317s][info][gc] GC(7246) Pause Young (Allocation Failure) 12M->7M(15M) 0.587ms
[183.324s][info][gc] GC(7247) Pause Young (Allocation Failure) 12M->7M(15M) 0.584ms
[183.329s][info][gc] GC(7248) Pause Young (Allocation Failure) 12M->7M(15M) 0.556ms
[183.336s][info][gc] GC(7249) Pause Young (Allocation Failure) 12M->7M(15M) 0.915ms
[183.344s][info][gc] GC(7250) Pause Young (Allocation Failure) 12M->7M(15M) 0.559ms
[183.350s][info][gc] GC(7251) Pause Young (Allocation Failure) 12M->7M(15M) 0.645ms
[183.356s][info][gc] GC(7252) Pause Young (Allocation Failure) 12M->7M(15M) 0.752ms
[183.362s][info][gc] GC(7253) Pause Young (Allocation Failure) 12M->7M(15M) 0.665ms
[183.368s][info][gc] GC(7254) Pause Young (Allocation Failure) 12M->7M(15M) 0.453ms
[183.375s][info][gc] GC(7255) Pause Young (Allocation Failure) 11M->7M(15M) 0.417ms
[183.381s][info][gc] GC(7256) Pause Young (Allocation Failure) 11M->7M(15M) 0.449ms
[183.387s][info][gc] GC(7257) Pause Young (Allocation Failure) 11M->7M(15M) 0.693ms
[183.392s][info][gc] GC(7258) Pause Young (Allocation Failure) 11M->7M(15M) 0.459ms
[183.397s][info][gc] GC(7259) Pause Young (Allocation Failure) 11M->7M(15M) 0.441ms
[183.404s][info][gc] GC(7260) Pause Young (Allocation Failure) 11M->7M(15M) 0.478ms
[183.410s][info][gc] GC(7261) Pause Young (Allocation Failure) 11M->7M(15M) 0.514ms
[183.416s][info][gc] GC(7262) Pause Young (Allocation Failure) 11M->7M(15M) 0.570ms
[183.422s][info][gc] GC(7263) Pause Young (Allocation Failure) 12M->7M(15M) 0.650ms
[183.429s][info][gc] GC(7264) Pause Young (Allocation Failure) 12M->7M(15M) 0.582ms
[183.435s][info][gc] GC(7265) Pause Young (Allocation Failure) 12M->7M(15M) 0.580ms
[183.442s][info][gc] GC(7266) Pause Young (Allocation Failure) 12M->7M(15M) 0.556ms
[183.447s][info][gc] GC(7267) Pause Young (Allocation Failure) 12M->7M(15M) 0.606ms
[183.456s][info][gc] GC(7268) Pause Young (Allocation Failure) 12M->7M(15M) 0.661ms
[183.462s][info][gc] GC(7269) Pause Young (Allocation Failure) 12M->7M(15M) 0.671ms
[183.468s][info][gc] GC(7270) Pause Young (Allocation Failure) 12M->7M(15M) 0.583ms
[183.473s][info][gc] GC(7271) Pause Young (Allocation Failure) 12M->7M(15M) 0.568ms
[183.479s][info][gc] GC(7272) Pause Young (Allocation Failure) 12M->7M(15M) 1.112ms
[183.485s][info][gc] GC(7273) Pause Young (Allocation Failure) 12M->7M(15M) 0.624ms
[183.490s][info][gc] GC(7274) Pause Young (Allocation Failure) 12M->7M(15M) 0.412ms
[183.497s][info][gc] GC(7275) Pause Young (Allocation Failure) 11M->7M(15M) 0.426ms
[183.502s][info][gc] GC(7276) Pause Young (Allocation Failure) 11M->7M(15M) 0.417ms
[183.509s][info][gc] GC(7277) Pause Young (Allocation Failure) 11M->7M(15M) 0.450ms
[183.515s][info][gc] GC(7278) Pause Young (Allocation Failure) 11M->7M(15M) 0.652ms
[183.521s][info][gc] GC(7279) Pause Young (Allocation Failure) 11M->7M(15M) 0.502ms
[183.526s][info][gc] GC(7280) Pause Young (Allocation Failure) 11M->7M(15M) 0.437ms
[183.532s][info][gc] GC(7281) Pause Young (Allocation Failure) 12M->7M(15M) 0.653ms
[183.538s][info][gc] GC(7282) Pause Young (Allocation Failure) 12M->7M(15M) 0.507ms
[183.544s][info][gc] GC(7283) Pause Young (Allocation Failure) 12M->7M(15M) 0.720ms
[183.550s][info][gc] GC(7284) Pause Young (Allocation Failure) 12M->7M(15M) 0.566ms
[183.555s][info][gc] GC(7285) Pause Young (Allocation Failure) 12M->7M(15M) 0.754ms
[183.562s][info][gc] GC(7286) Pause Young (Allocation Failure) 12M->7M(15M) 0.624ms
[183.568s][info][gc] GC(7287) Pause Young (Allocation Failure) 12M->7M(15M) 0.627ms
[183.574s][info][gc] GC(7288) Pause Young (Allocation Failure) 12M->7M(15M) 1.001ms
[183.580s][info][gc] GC(7289) Pause Young (Allocation Failure) 12M->7M(15M) 0.813ms
[183.586s][info][gc] GC(7290) Pause Young (Allocation Failure) 12M->7M(15M) 0.914ms
[183.595s][info][gc] GC(7291) Pause Young (Allocation Failure) 12M->7M(15M) 1.283ms
[183.602s][info][gc] GC(7292) Pause Young (Allocation Failure) 12M->7M(15M) 0.917ms
[183.607s][info][gc] GC(7293) Pause Young (Allocation Failure) 12M->7M(15M) 0.421ms
[183.612s][info][gc] GC(7294) Pause Young (Allocation Failure) 11M->7M(15M) 0.616ms
[183.619s][info][gc] GC(7295) Pause Young (Allocation Failure) 11M->7M(15M) 0.624ms
[183.625s][info][gc] GC(7296) Pause Young (Allocation Failure) 11M->7M(15M) 0.512ms
[183.631s][info][gc] GC(7297) Pause Young (Allocation Failure) 11M->7M(15M) 0.495ms
[183.636s][info][gc] GC(7298) Pause Young (Allocation Failure) 12M->7M(15M) 0.526ms
[183.643s][info][gc] GC(7299) Pause Young (Allocation Failure) 12M->7M(15M) 0.486ms
[183.648s][info][gc] GC(7300) Pause Young (Allocation Failure) 12M->7M(15M) 0.482ms
[183.655s][info][gc] GC(7301) Pause Young (Allocation Failure) 12M->7M(15M) 0.518ms
[183.660s][info][gc] GC(7302) Pause Young (Allocation Failure) 12M->7M(15M) 0.509ms
[183.665s][info][gc] GC(7303) Pause Young (Allocation Failure) 12M->7M(15M) 0.499ms
[183.672s][info][gc] GC(7304) Pause Young (Allocation Failure) 12M->7M(15M) 0.700ms
[183.677s][info][gc] GC(7305) Pause Young (Allocation Failure) 12M->7M(15M) 0.619ms
[183.688s][info][gc] GC(7306) Pause Young (Allocation Failure) 12M->7M(15M) 0.864ms
[183.695s][info][gc] GC(7307) Pause Young (Allocation Failure) 12M->7M(15M) 0.762ms
[183.703s][info][gc] GC(7308) Pause Young (Allocation Failure) 12M->7M(15M) 1.024ms
[183.709s][info][gc] GC(7309) Pause Young (Allocation Failure) 12M->7M(15M) 0.726ms
[183.714s][info][gc] GC(7310) Pause Young (Allocation Failure) 12M->7M(15M) 0.598ms
[183.721s][info][gc] GC(7311) Pause Young (Allocation Failure) 12M->7M(15M) 1.162ms
[183.726s][info][gc] GC(7312) Pause Young (Allocation Failure) 12M->7M(15M) 0.412ms
[183.731s][info][gc] GC(7313) Pause Young (Allocation Failure) 11M->7M(15M) 0.419ms
[183.738s][info][gc] GC(7314) Pause Young (Allocation Failure) 11M->7M(15M) 0.429ms
[183.743s][info][gc] GC(7315) Pause Young (Allocation Failure) 11M->7M(15M) 0.390ms
[183.749s][info][gc] GC(7316) Pause Young (Allocation Failure) 12M->7M(15M) 0.473ms
[183.755s][info][gc] GC(7317) Pause Young (Allocation Failure) 12M->7M(15M) 0.558ms
[183.761s][info][gc] GC(7318) Pause Young (Allocation Failure) 12M->7M(15M) 0.696ms
[183.766s][info][gc] GC(7319) Pause Young (Allocation Failure) 12M->7M(15M) 0.495ms
[183.771s][info][gc] GC(7320) Pause Young (Allocation Failure) 12M->7M(15M) 0.510ms
[183.778s][info][gc] GC(7321) Pause Young (Allocation Failure) 12M->7M(15M) 0.475ms
[183.784s][info][gc] GC(7322) Pause Young (Allocation Failure) 12M->7M(15M) 0.471ms
[183.790s][info][gc] GC(7323) Pause Young (Allocation Failure) 12M->7M(15M) 0.516ms
[183.796s][info][gc] GC(7324) Pause Young (Allocation Failure) 12M->7M(15M) 0.461ms
[183.802s][info][gc] GC(7325) Pause Young (Allocation Failure) 12M->7M(15M) 0.529ms
[183.808s][info][gc] GC(7326) Pause Young (Allocation Failure) 12M->7M(15M) 0.519ms
[183.814s][info][gc] GC(7327) Pause Young (Allocation Failure) 12M->7M(15M) 0.983ms
[183.820s][info][gc] GC(7328) Pause Young (Allocation Failure) 12M->7M(15M) 0.646ms
[183.825s][info][gc] GC(7329) Pause Young (Allocation Failure) 12M->7M(15M) 0.974ms
[183.833s][info][gc] GC(7330) Pause Young (Allocation Failure) 12M->7M(15M) 0.572ms
[183.839s][info][gc] GC(7331) Pause Young (Allocation Failure) 12M->7M(15M) 0.908ms
[183.848s][info][gc] GC(7332) Pause Young (Allocation Failure) 12M->7M(15M) 0.868ms
[183.858s][info][gc] GC(7333) Pause Young (Allocation Failure) 12M->7M(15M) 0.886ms
[183.865s][info][gc] GC(7334) Pause Young (Allocation Failure) 12M->7M(15M) 0.841ms
[183.873s][info][gc] GC(7335) Pause Young (Allocation Failure) 12M->7M(15M) 0.793ms
[183.878s][info][gc] GC(7336) Pause Young (Allocation Failure) 12M->7M(15M) 0.622ms
[183.886s][info][gc] GC(7337) Pause Young (Allocation Failure) 12M->7M(15M) 0.631ms
[183.892s][info][gc] GC(7338) Pause Young (Allocation Failure) 12M->7M(15M) 0.575ms
[183.899s][info][gc] GC(7339) Pause Young (Allocation Failure) 12M->7M(15M) 0.676ms
[183.905s][info][gc] GC(7340) Pause Young (Allocation Failure) 12M->7M(15M) 0.650ms
[183.912s][info][gc] GC(7341) Pause Young (Allocation Failure) 12M->7M(15M) 0.425ms
[183.916s][info][gc] GC(7342) Pause Young (Allocation Failure) 12M->7M(15M) 0.381ms
[183.925s][info][gc] GC(7343) Pause Young (Allocation Failure) 12M->7M(15M) 0.431ms
[183.930s][info][gc] GC(7344) Pause Young (Allocation Failure) 12M->7M(15M) 0.391ms
[183.937s][info][gc] GC(7345) Pause Young (Allocation Failure) 12M->7M(15M) 0.467ms
[183.942s][info][gc] GC(7346) Pause Young (Allocation Failure) 12M->7M(15M) 0.455ms
[183.948s][info][gc] GC(7347) Pause Young (Allocation Failure) 12M->7M(15M) 0.917ms
[183.954s][info][gc] GC(7348) Pause Young (Allocation Failure) 12M->7M(15M) 0.499ms
[183.959s][info][gc] GC(7349) Pause Young (Allocation Failure) 12M->7M(15M) 0.460ms
[183.965s][info][gc] GC(7350) Pause Young (Allocation Failure) 12M->7M(15M) 0.495ms
[183.971s][info][gc] GC(7351) Pause Young (Allocation Failure) 12M->7M(15M) 0.499ms
[183.977s][info][gc] GC(7352) Pause Young (Allocation Failure) 12M->7M(15M) 0.519ms
[183.982s][info][gc] GC(7353) Pause Young (Allocation Failure) 12M->7M(15M) 0.551ms
[183.988s][info][gc] GC(7354) Pause Young (Allocation Failure) 12M->7M(15M) 0.800ms
[183.993s][info][gc] GC(7355) Pause Young (Allocation Failure) 12M->7M(15M) 0.541ms
[184.002s][info][gc] GC(7356) Pause Young (Allocation Failure) 12M->7M(15M) 0.674ms
[184.007s][info][gc] GC(7357) Pause Young (Allocation Failure) 12M->7M(15M) 0.620ms
[184.012s][info][gc] GC(7358) Pause Young (Allocation Failure) 12M->7M(15M) 0.588ms
[184.018s][info][gc] GC(7359) Pause Young (Allocation Failure) 12M->7M(15M) 0.599ms
[184.024s][info][gc] GC(7360) Pause Young (Allocation Failure) 12M->7M(15M) 0.594ms
[184.032s][info][gc] GC(7361) Pause Young (Allocation Failure) 12M->7M(15M) 0.619ms
[184.038s][info][gc] GC(7362) Pause Young (Allocation Failure) 12M->7M(15M) 0.642ms
[184.044s][info][gc] GC(7363) Pause Young (Allocation Failure) 12M->7M(15M) 0.424ms
[184.049s][info][gc] GC(7364) Pause Young (Allocation Failure) 12M->7M(15M) 0.420ms
[184.055s][info][gc] GC(7365) Pause Young (Allocation Failure) 12M->7M(15M) 0.758ms
[184.060s][info][gc] GC(7366) Pause Young (Allocation Failure) 12M->7M(15M) 0.496ms
[184.066s][info][gc] GC(7367) Pause Young (Allocation Failure) 12M->7M(15M) 0.529ms
[184.074s][info][gc] GC(7368) Pause Young (Allocation Failure) 12M->7M(15M) 0.931ms
[184.083s][info][gc] GC(7369) Pause Young (Allocation Failure) 12M->7M(15M) 0.833ms
[184.089s][info][gc] GC(7370) Pause Young (Allocation Failure) 12M->7M(15M) 0.605ms
[184.097s][info][gc] GC(7371) Pause Young (Allocation Failure) 12M->7M(15M) 0.513ms
[184.104s][info][gc] GC(7372) Pause Young (Allocation Failure) 12M->7M(15M) 1.022ms
[184.112s][info][gc] GC(7373) Pause Young (Allocation Failure) 12M->7M(15M) 0.725ms
[184.118s][info][gc] GC(7374) Pause Young (Allocation Failure) 12M->7M(15M) 0.616ms
[184.124s][info][gc] GC(7375) Pause Young (Allocation Failure) 12M->7M(15M) 0.681ms
[184.132s][info][gc] GC(7376) Pause Young (Allocation Failure) 12M->7M(15M) 0.722ms
[184.138s][info][gc] GC(7377) Pause Young (Allocation Failure) 12M->7M(15M) 0.753ms
[184.144s][info][gc] GC(7378) Pause Young (Allocation Failure) 12M->7M(15M) 0.773ms
[184.151s][info][gc] GC(7379) Pause Young (Allocation Failure) 12M->7M(15M) 0.623ms
[184.156s][info][gc] GC(7380) Pause Young (Allocation Failure) 12M->7M(15M) 0.619ms
[184.163s][info][gc] GC(7381) Pause Young (Allocation Failure) 12M->7M(15M) 0.619ms
[184.169s][info][gc] GC(7382) Pause Young (Allocation Failure) 12M->7M(15M) 0.807ms
[184.175s][info][gc] GC(7383) Pause Young (Allocation Failure) 12M->7M(15M) 1.008ms
[184.182s][info][gc] GC(7384) Pause Young (Allocation Failure) 12M->7M(15M) 0.438ms
[184.191s][info][gc] GC(7385) Pause Young (Allocation Failure) 12M->7M(15M) 0.446ms
[184.196s][info][gc] GC(7386) Pause Young (Allocation Failure) 12M->7M(15M) 0.436ms
[184.203s][info][gc] GC(7387) Pause Young (Allocation Failure) 12M->7M(15M) 0.455ms
[184.209s][info][gc] GC(7388) Pause Young (Allocation Failure) 12M->7M(15M) 0.635ms
[184.216s][info][gc] GC(7389) Pause Young (Allocation Failure) 12M->7M(15M) 0.543ms
[184.223s][info][gc] GC(7390) Pause Young (Allocation Failure) 12M->7M(15M) 0.492ms
[184.234s][info][gc] GC(7391) Pause Young (Allocation Failure) 12M->7M(15M) 0.490ms
[184.243s][info][gc] GC(7392) Pause Young (Allocation Failure) 12M->7M(15M) 0.713ms
[184.251s][info][gc] GC(7393) Pause Young (Allocation Failure) 12M->7M(15M) 0.764ms
[184.258s][info][gc] GC(7394) Pause Young (Allocation Failure) 12M->7M(15M) 0.517ms
[184.266s][info][gc] GC(7395) Pause Young (Allocation Failure) 12M->7M(15M) 0.522ms
[184.273s][info][gc] GC(7396) Pause Young (Allocation Failure) 12M->7M(15M) 0.542ms
[184.279s][info][gc] GC(7397) Pause Young (Allocation Failure) 12M->7M(15M) 0.740ms
[184.288s][info][gc] GC(7398) Pause Young (Allocation Failure) 12M->7M(15M) 0.599ms
[184.294s][info][gc] GC(7399) Pause Young (Allocation Failure) 12M->7M(15M) 1.175ms
[184.301s][info][gc] GC(7400) Pause Young (Allocation Failure) 12M->7M(15M) 0.578ms
[184.307s][info][gc] GC(7401) Pause Young (Allocation Failure) 12M->7M(15M) 1.136ms
[184.315s][info][gc] GC(7402) Pause Young (Allocation Failure) 12M->7M(15M) 0.693ms
[184.324s][info][gc] GC(7403) Pause Young (Allocation Failure) 12M->7M(15M) 0.856ms
[184.331s][info][gc] GC(7404) Pause Young (Allocation Failure) 12M->7M(15M) 0.661ms
[184.339s][info][gc] GC(7405) Pause Young (Allocation Failure) 12M->7M(15M) 0.701ms
[184.345s][info][gc] GC(7406) Pause Young (Allocation Failure) 12M->7M(15M) 0.638ms
[184.352s][info][gc] GC(7407) Pause Young (Allocation Failure) 12M->7M(15M) 0.661ms
[184.358s][info][gc] GC(7408) Pause Young (Allocation Failure) 12M->7M(15M) 0.640ms
[184.369s][info][gc] GC(7409) Pause Young (Allocation Failure) 12M->7M(15M) 0.659ms
[184.376s][info][gc] GC(7410) Pause Young (Allocation Failure) 12M->7M(15M) 0.784ms
[184.382s][info][gc] GC(7411) Pause Young (Allocation Failure) 12M->7M(15M) 0.534ms
[184.392s][info][gc] GC(7412) Pause Young (Allocation Failure) 12M->7M(15M) 0.512ms
[184.398s][info][gc] GC(7413) Pause Young (Allocation Failure) 12M->7M(15M) 0.726ms
[184.406s][info][gc] GC(7414) Pause Young (Allocation Failure) 12M->7M(15M) 0.771ms
[184.413s][info][gc] GC(7415) Pause Young (Allocation Failure) 12M->7M(15M) 0.647ms
[184.422s][info][gc] GC(7416) Pause Young (Allocation Failure) 12M->7M(15M) 0.826ms
[184.431s][info][gc] GC(7417) Pause Young (Allocation Failure) 12M->7M(15M) 0.624ms
[184.438s][info][gc] GC(7418) Pause Young (Allocation Failure) 12M->7M(15M) 0.935ms
[184.447s][info][gc] GC(7419) Pause Young (Allocation Failure) 12M->7M(15M) 1.010ms
[184.457s][info][gc] GC(7420) Pause Young (Allocation Failure) 12M->7M(15M) 0.976ms
[184.464s][info][gc] GC(7421) Pause Young (Allocation Failure) 12M->7M(15M) 0.980ms
[184.474s][info][gc] GC(7422) Pause Young (Allocation Failure) 12M->7M(15M) 0.670ms
[184.483s][info][gc] GC(7423) Pause Young (Allocation Failure) 12M->7M(15M) 0.978ms
[184.490s][info][gc] GC(7424) Pause Young (Allocation Failure) 12M->7M(15M) 0.734ms
[184.498s][info][gc] GC(7425) Pause Young (Allocation Failure) 12M->7M(15M) 1.015ms
[184.505s][info][gc] GC(7426) Pause Young (Allocation Failure) 12M->7M(15M) 0.926ms
[184.515s][info][gc] GC(7427) Pause Young (Allocation Failure) 12M->7M(15M) 0.471ms
[184.523s][info][gc] GC(7428) Pause Young (Allocation Failure) 12M->7M(15M) 0.721ms
[184.532s][info][gc] GC(7429) Pause Young (Allocation Failure) 12M->7M(15M) 0.483ms
[184.540s][info][gc] GC(7430) Pause Young (Allocation Failure) 12M->7M(15M) 0.710ms
[184.548s][info][gc] GC(7431) Pause Young (Allocation Failure) 12M->7M(15M) 0.833ms
[184.555s][info][gc] GC(7432) Pause Young (Allocation Failure) 12M->7M(15M) 0.729ms
[184.565s][info][gc] GC(7433) Pause Young (Allocation Failure) 12M->7M(15M) 0.562ms
[184.573s][info][gc] GC(7434) Pause Young (Allocation Failure) 12M->7M(15M) 0.784ms
[184.581s][info][gc] GC(7435) Pause Young (Allocation Failure) 12M->7M(15M) 0.781ms
[184.587s][info][gc] GC(7436) Pause Young (Allocation Failure) 12M->7M(15M) 0.975ms
[184.595s][info][gc] GC(7437) Pause Young (Allocation Failure) 12M->7M(15M) 0.859ms
[184.606s][info][gc] GC(7438) Pause Young (Allocation Failure) 12M->7M(15M) 0.819ms
[184.612s][info][gc] GC(7439) Pause Young (Allocation Failure) 12M->7M(15M) 0.709ms
[184.620s][info][gc] GC(7440) Pause Young (Allocation Failure) 12M->7M(15M) 0.890ms
[184.629s][info][gc] GC(7441) Pause Young (Allocation Failure) 12M->7M(15M) 1.062ms
[184.637s][info][gc] GC(7442) Pause Young (Allocation Failure) 12M->7M(15M) 1.041ms
[184.646s][info][gc] GC(7443) Pause Young (Allocation Failure) 12M->7M(15M) 0.923ms
[184.654s][info][gc] GC(7444) Pause Young (Allocation Failure) 12M->7M(15M) 1.183ms
[184.663s][info][gc] GC(7445) Pause Young (Allocation Failure) 12M->7M(15M) 0.919ms
[184.672s][info][gc] GC(7446) Pause Young (Allocation Failure) 12M->7M(15M) 0.728ms
[184.686s][info][gc] GC(7447) Pause Young (Allocation Failure) 12M->7M(15M) 0.704ms
[184.694s][info][gc] GC(7448) Pause Young (Allocation Failure) 12M->7M(15M) 0.920ms
[184.703s][info][gc] GC(7449) Pause Young (Allocation Failure) 12M->7M(15M) 0.729ms
[184.711s][info][gc] GC(7450) Pause Young (Allocation Failure) 12M->7M(15M) 0.787ms
[184.719s][info][gc] GC(7451) Pause Young (Allocation Failure) 12M->7M(15M) 0.514ms
[184.729s][info][gc] GC(7452) Pause Young (Allocation Failure) 12M->7M(15M) 0.524ms
[184.736s][info][gc] GC(7453) Pause Young (Allocation Failure) 12M->7M(15M) 0.853ms
[184.745s][info][gc] GC(7454) Pause Young (Allocation Failure) 12M->7M(15M) 0.780ms
[184.753s][info][gc] GC(7455) Pause Young (Allocation Failure) 12M->7M(15M) 0.849ms
[184.761s][info][gc] GC(7456) Pause Young (Allocation Failure) 12M->7M(15M) 1.059ms
[184.770s][info][gc] GC(7457) Pause Young (Allocation Failure) 12M->7M(15M) 0.907ms
[184.778s][info][gc] GC(7458) Pause Young (Allocation Failure) 12M->7M(15M) 0.892ms
[184.787s][info][gc] GC(7459) Pause Young (Allocation Failure) 12M->7M(15M) 0.877ms
[184.795s][info][gc] GC(7460) Pause Young (Allocation Failure) 12M->7M(15M) 0.633ms
[184.804s][info][gc] GC(7461) Pause Young (Allocation Failure) 12M->7M(15M) 1.048ms
[184.810s][info][gc] GC(7462) Pause Young (Allocation Failure) 12M->7M(15M) 0.806ms
[184.817s][info][gc] GC(7463) Pause Young (Allocation Failure) 12M->7M(15M) 0.949ms
[184.825s][info][gc] GC(7464) Pause Young (Allocation Failure) 12M->7M(15M) 0.655ms
[184.834s][info][gc] GC(7465) Pause Young (Allocation Failure) 12M->7M(15M) 0.668ms
[184.850s][info][gc] GC(7466) Pause Young (Allocation Failure) 12M->7M(15M) 0.935ms
[184.904s][info][gc] GC(7467) Pause Young (Allocation Failure) 12M->7M(15M) 0.943ms
[184.920s][info][gc] GC(7468) Pause Young (Allocation Failure) 12M->7M(15M) 0.982ms
[184.943s][info][gc] GC(7469) Pause Young (Allocation Failure) 12M->7M(15M) 0.904ms
[184.956s][info][gc] GC(7470) Pause Young (Allocation Failure) 12M->7M(15M) 0.944ms
[184.973s][info][gc] GC(7471) Pause Young (Allocation Failure) 12M->7M(15M) 0.957ms
[184.987s][info][gc] GC(7472) Pause Young (Allocation Failure) 12M->7M(15M) 0.667ms
[185.005s][info][gc] GC(7473) Pause Young (Allocation Failure) 12M->7M(15M) 1.103ms
[185.015s][info][gc] GC(7474) Pause Young (Allocation Failure) 12M->7M(15M) 0.759ms
[185.039s][info][gc] GC(7475) Pause Young (Allocation Failure) 12M->7M(15M) 0.794ms
[185.050s][info][gc] GC(7476) Pause Young (Allocation Failure) 12M->7M(15M) 0.704ms
[185.058s][info][gc] GC(7477) Pause Young (Allocation Failure) 12M->7M(15M) 0.522ms
[185.065s][info][gc] GC(7478) Pause Young (Allocation Failure) 12M->7M(15M) 0.732ms
[185.074s][info][gc] GC(7479) Pause Young (Allocation Failure) 12M->7M(15M) 0.932ms
[185.111s][info][gc] GC(7480) Pause Young (Allocation Failure) 12M->7M(15M) 1.028ms
[185.120s][info][gc] GC(7481) Pause Young (Allocation Failure) 12M->7M(15M) 0.940ms
[185.131s][info][gc] GC(7482) Pause Young (Allocation Failure) 12M->7M(15M) 0.984ms
[185.143s][info][gc] GC(7483) Pause Young (Allocation Failure) 12M->7M(15M) 1.000ms
[185.167s][info][gc] GC(7484) Pause Young (Allocation Failure) 12M->7M(15M) 0.981ms
[185.175s][info][gc] GC(7485) Pause Young (Allocation Failure) 12M->7M(15M) 1.035ms
[185.183s][info][gc] GC(7486) Pause Young (Allocation Failure) 12M->7M(15M) 0.903ms
[185.193s][info][gc] GC(7487) Pause Young (Allocation Failure) 12M->7M(15M) 0.879ms
[185.206s][info][gc] GC(7488) Pause Young (Allocation Failure) 12M->7M(15M) 0.896ms
[185.214s][info][gc] GC(7489) Pause Young (Allocation Failure) 12M->7M(15M) 0.945ms
[185.225s][info][gc] GC(7490) Pause Young (Allocation Failure) 12M->7M(15M) 0.838ms
[185.236s][info][gc] GC(7491) Pause Young (Allocation Failure) 12M->7M(15M) 0.650ms
[185.245s][info][gc] GC(7492) Pause Young (Allocation Failure) 12M->7M(15M) 0.661ms
[185.253s][info][gc] GC(7493) Pause Young (Allocation Failure) 12M->7M(15M) 0.701ms
[185.273s][info][gc] GC(7494) Pause Young (Allocation Failure) 12M->7M(15M) 0.467ms
[185.281s][info][gc] GC(7495) Pause Young (Allocation Failure) 12M->7M(15M) 0.663ms
[185.289s][info][gc] GC(7496) Pause Young (Allocation Failure) 12M->7M(15M) 0.480ms
[185.301s][info][gc] GC(7497) Pause Young (Allocation Failure) 12M->7M(15M) 0.807ms
[185.306s][info][gc] GC(7498) Pause Young (Allocation Failure) 12M->7M(15M) 0.732ms
[185.313s][info][gc] GC(7499) Pause Young (Allocation Failure) 12M->7M(15M) 0.520ms
[185.318s][info][gc] GC(7500) Pause Young (Allocation Failure) 12M->7M(15M) 0.519ms
[185.326s][info][gc] GC(7501) Pause Young (Allocation Failure) 12M->7M(15M) 0.607ms
[185.332s][info][gc] GC(7502) Pause Young (Allocation Failure) 12M->7M(15M) 0.569ms
[185.340s][info][gc] GC(7503) Pause Young (Allocation Failure) 12M->7M(15M) 0.535ms
[185.345s][info][gc] GC(7504) Pause Young (Allocation Failure) 12M->7M(15M) 0.552ms
[185.352s][info][gc] GC(7505) Pause Young (Allocation Failure) 12M->7M(15M) 0.637ms
[185.357s][info][gc] GC(7506) Pause Young (Allocation Failure) 12M->7M(15M) 0.589ms
[185.365s][info][gc] GC(7507) Pause Young (Allocation Failure) 12M->7M(15M) 0.709ms
[185.370s][info][gc] GC(7508) Pause Young (Allocation Failure) 12M->7M(15M) 0.643ms
[185.378s][info][gc] GC(7509) Pause Young (Allocation Failure) 12M->7M(15M) 0.618ms
[185.384s][info][gc] GC(7510) Pause Young (Allocation Failure) 12M->7M(15M) 0.613ms
[185.390s][info][gc] GC(7511) Pause Young (Allocation Failure) 12M->7M(15M) 0.638ms
[185.396s][info][gc] GC(7512) Pause Young (Allocation Failure) 12M->7M(15M) 0.764ms
[185.403s][info][gc] GC(7513) Pause Young (Allocation Failure) 12M->7M(15M) 0.651ms
[185.408s][info][gc] GC(7514) Pause Young (Allocation Failure) 12M->7M(15M) 0.476ms
[185.414s][info][gc] GC(7515) Pause Young (Allocation Failure) 12M->7M(15M) 0.436ms
[185.420s][info][gc] GC(7516) Pause Young (Allocation Failure) 12M->7M(15M) 0.437ms
[185.425s][info][gc] GC(7517) Pause Young (Allocation Failure) 12M->7M(15M) 0.444ms
[185.431s][info][gc] GC(7518) Pause Young (Allocation Failure) 12M->7M(15M) 0.478ms
[185.436s][info][gc] GC(7519) Pause Young (Allocation Failure) 12M->7M(15M) 0.454ms
[185.443s][info][gc] GC(7520) Pause Young (Allocation Failure) 12M->7M(15M) 0.761ms
[185.448s][info][gc] GC(7521) Pause Young (Allocation Failure) 12M->7M(15M) 0.517ms
[185.457s][info][gc] GC(7522) Pause Young (Allocation Failure) 12M->7M(15M) 0.901ms
[185.463s][info][gc] GC(7523) Pause Young (Allocation Failure) 12M->7M(15M) 0.828ms
[185.471s][info][gc] GC(7524) Pause Young (Allocation Failure) 12M->7M(15M) 0.971ms
[185.479s][info][gc] GC(7525) Pause Young (Allocation Failure) 12M->7M(15M) 0.676ms
[185.487s][info][gc] GC(7526) Pause Young (Allocation Failure) 12M->7M(15M) 0.630ms
[185.495s][info][gc] GC(7527) Pause Young (Allocation Failure) 12M->7M(15M) 0.913ms
[185.504s][info][gc] GC(7528) Pause Young (Allocation Failure) 12M->7M(15M) 0.701ms
[185.511s][info][gc] GC(7529) Pause Young (Allocation Failure) 12M->7M(15M) 0.931ms
[185.518s][info][gc] GC(7530) Pause Young (Allocation Failure) 12M->7M(15M) 0.709ms
[185.526s][info][gc] GC(7531) Pause Young (Allocation Failure) 12M->7M(15M) 1.017ms
[185.533s][info][gc] GC(7532) Pause Young (Allocation Failure) 12M->7M(15M) 0.644ms
[185.541s][info][gc] GC(7533) Pause Young (Allocation Failure) 12M->7M(15M) 0.588ms
[185.548s][info][gc] GC(7534) Pause Young (Allocation Failure) 12M->7M(15M) 0.925ms
[185.557s][info][gc] GC(7535) Pause Young (Allocation Failure) 12M->7M(15M) 0.445ms
[185.565s][info][gc] GC(7536) Pause Young (Allocation Failure) 12M->7M(15M) 0.465ms
[185.570s][info][gc] GC(7537) Pause Young (Allocation Failure) 12M->7M(15M) 0.732ms
[185.577s][info][gc] GC(7538) Pause Young (Allocation Failure) 12M->7M(15M) 0.478ms
[185.583s][info][gc] GC(7539) Pause Young (Allocation Failure) 12M->7M(15M) 0.696ms
[185.589s][info][gc] GC(7540) Pause Young (Allocation Failure) 12M->7M(15M) 1.011ms
[185.594s][info][gc] GC(7541) Pause Young (Allocation Failure) 12M->7M(15M) 0.494ms
[185.600s][info][gc] GC(7542) Pause Young (Allocation Failure) 12M->7M(15M) 0.537ms
[185.606s][info][gc] GC(7543) Pause Young (Allocation Failure) 12M->7M(15M) 0.519ms
[185.611s][info][gc] GC(7544) Pause Young (Allocation Failure) 12M->7M(15M) 0.545ms
[185.618s][info][gc] GC(7545) Pause Young (Allocation Failure) 12M->7M(15M) 0.565ms
[185.623s][info][gc] GC(7546) Pause Young (Allocation Failure) 12M->7M(15M) 0.564ms
[185.630s][info][gc] GC(7547) Pause Young (Allocation Failure) 12M->7M(15M) 1.109ms
[185.635s][info][gc] GC(7548) Pause Young (Allocation Failure) 12M->7M(15M) 0.619ms
[185.640s][info][gc] GC(7549) Pause Young (Allocation Failure) 12M->7M(15M) 0.599ms
[185.646s][info][gc] GC(7550) Pause Young (Allocation Failure) 12M->7M(15M) 0.567ms
[185.651s][info][gc] GC(7551) Pause Young (Allocation Failure) 12M->7M(15M) 0.835ms
[185.659s][info][gc] GC(7552) Pause Young (Allocation Failure) 12M->7M(15M) 0.542ms
[185.665s][info][gc] GC(7553) Pause Young (Allocation Failure) 12M->7M(15M) 0.431ms
[185.671s][info][gc] GC(7554) Pause Young (Allocation Failure) 12M->7M(15M) 0.446ms
[185.676s][info][gc] GC(7555) Pause Young (Allocation Failure) 12M->7M(15M) 0.430ms
[185.685s][info][gc] GC(7556) Pause Young (Allocation Failure) 12M->7M(15M) 0.719ms
[185.691s][info][gc] GC(7557) Pause Young (Allocation Failure) 12M->7M(15M) 0.512ms
[185.698s][info][gc] GC(7558) Pause Young (Allocation Failure) 12M->7M(15M) 0.617ms
[185.704s][info][gc] GC(7559) Pause Young (Allocation Failure) 12M->7M(15M) 0.480ms
[185.710s][info][gc] GC(7560) Pause Young (Allocation Failure) 12M->7M(15M) 0.866ms
[185.715s][info][gc] GC(7561) Pause Young (Allocation Failure) 12M->7M(15M) 0.602ms
[185.721s][info][gc] GC(7562) Pause Young (Allocation Failure) 12M->7M(15M) 0.520ms
[185.727s][info][gc] GC(7563) Pause Young (Allocation Failure) 12M->7M(15M) 0.526ms
[185.732s][info][gc] GC(7564) Pause Young (Allocation Failure) 12M->7M(15M) 0.615ms
[185.739s][info][gc] GC(7565) Pause Young (Allocation Failure) 12M->7M(15M) 0.560ms
[185.744s][info][gc] GC(7566) Pause Young (Allocation Failure) 12M->7M(15M) 0.606ms
[185.750s][info][gc] GC(7567) Pause Young (Allocation Failure) 12M->7M(15M) 0.733ms
[185.755s][info][gc] GC(7568) Pause Young (Allocation Failure) 12M->7M(15M) 0.552ms
[185.761s][info][gc] GC(7569) Pause Young (Allocation Failure) 12M->7M(15M) 0.625ms
[185.767s][info][gc] GC(7570) Pause Young (Allocation Failure) 12M->7M(15M) 0.577ms
[185.772s][info][gc] GC(7571) Pause Young (Allocation Failure) 12M->7M(15M) 0.552ms
[185.779s][info][gc] GC(7572) Pause Young (Allocation Failure) 12M->7M(15M) 0.434ms
[185.784s][info][gc] GC(7573) Pause Young (Allocation Failure) 12M->7M(15M) 0.419ms
[185.791s][info][gc] GC(7574) Pause Young (Allocation Failure) 12M->7M(15M) 0.535ms
[185.796s][info][gc] GC(7575) Pause Young (Allocation Failure) 12M->7M(15M) 0.432ms
[185.801s][info][gc] GC(7576) Pause Young (Allocation Failure) 12M->7M(15M) 0.431ms
[185.808s][info][gc] GC(7577) Pause Young (Allocation Failure) 12M->7M(15M) 0.470ms
[185.813s][info][gc] GC(7578) Pause Young (Allocation Failure) 12M->7M(15M) 0.527ms
[185.819s][info][gc] GC(7579) Pause Young (Allocation Failure) 12M->7M(15M) 0.506ms
[185.824s][info][gc] GC(7580) Pause Young (Allocation Failure) 12M->7M(15M) 0.463ms
[185.831s][info][gc] GC(7581) Pause Young (Allocation Failure) 12M->7M(15M) 0.614ms
[185.835s][info][gc] GC(7582) Pause Young (Allocation Failure) 12M->7M(15M) 0.556ms
[185.848s][info][gc] GC(7583) Pause Young (Allocation Failure) 12M->7M(15M) 0.514ms
[185.855s][info][gc] GC(7584) Pause Young (Allocation Failure) 12M->7M(15M) 0.983ms
[185.863s][info][gc] GC(7585) Pause Young (Allocation Failure) 12M->7M(15M) 0.788ms
[185.870s][info][gc] GC(7586) Pause Young (Allocation Failure) 12M->7M(15M) 1.341ms
[185.876s][info][gc] GC(7587) Pause Young (Allocation Failure) 12M->7M(15M) 0.623ms
[185.883s][info][gc] GC(7588) Pause Young (Allocation Failure) 12M->7M(15M) 1.395ms
[185.889s][info][gc] GC(7589) Pause Young (Allocation Failure) 12M->7M(15M) 0.714ms
[185.894s][info][gc] GC(7590) Pause Young (Allocation Failure) 12M->7M(15M) 0.796ms
[185.901s][info][gc] GC(7591) Pause Young (Allocation Failure) 12M->7M(15M) 0.667ms
[185.907s][info][gc] GC(7592) Pause Young (Allocation Failure) 12M->7M(15M) 0.709ms
[185.913s][info][gc] GC(7593) Pause Young (Allocation Failure) 12M->7M(15M) 0.669ms
[185.919s][info][gc] GC(7594) Pause Young (Allocation Failure) 12M->7M(15M) 0.773ms
[185.926s][info][gc] GC(7595) Pause Young (Allocation Failure) 12M->7M(15M) 0.419ms
[185.931s][info][gc] GC(7596) Pause Young (Allocation Failure) 12M->7M(15M) 0.402ms
[185.937s][info][gc] GC(7597) Pause Young (Allocation Failure) 12M->7M(15M) 0.497ms
[185.942s][info][gc] GC(7598) Pause Young (Allocation Failure) 12M->7M(15M) 0.482ms
[185.948s][info][gc] GC(7599) Pause Young (Allocation Failure) 12M->7M(15M) 0.668ms
[185.954s][info][gc] GC(7600) Pause Young (Allocation Failure) 12M->7M(15M) 0.492ms
[185.959s][info][gc] GC(7601) Pause Young (Allocation Failure) 12M->7M(15M) 0.466ms
[185.966s][info][gc] GC(7602) Pause Young (Allocation Failure) 12M->7M(15M) 0.537ms
[185.972s][info][gc] GC(7603) Pause Young (Allocation Failure) 12M->7M(15M) 0.574ms
[185.979s][info][gc] GC(7604) Pause Young (Allocation Failure) 12M->7M(15M) 0.565ms
[185.985s][info][gc] GC(7605) Pause Young (Allocation Failure) 12M->7M(15M) 0.572ms
[185.991s][info][gc] GC(7606) Pause Young (Allocation Failure) 12M->7M(15M) 0.576ms
[185.998s][info][gc] GC(7607) Pause Young (Allocation Failure) 12M->7M(15M) 0.680ms
[186.006s][info][gc] GC(7608) Pause Young (Allocation Failure) 12M->7M(15M) 0.699ms
[186.011s][info][gc] GC(7609) Pause Young (Allocation Failure) 12M->7M(15M) 0.720ms
[186.018s][info][gc] GC(7610) Pause Young (Allocation Failure) 12M->7M(15M) 0.605ms
[186.024s][info][gc] GC(7611) Pause Young (Allocation Failure) 12M->7M(15M) 0.878ms
[186.033s][info][gc] GC(7612) Pause Young (Allocation Failure) 12M->7M(15M) 0.947ms
[186.039s][info][gc] GC(7613) Pause Young (Allocation Failure) 12M->7M(15M) 0.661ms
[186.046s][info][gc] GC(7614) Pause Young (Allocation Failure) 12M->7M(15M) 0.624ms
[186.052s][info][gc] GC(7615) Pause Young (Allocation Failure) 12M->7M(15M) 0.434ms
[186.059s][info][gc] GC(7616) Pause Young (Allocation Failure) 12M->7M(15M) 0.611ms
[186.067s][info][gc] GC(7617) Pause Young (Allocation Failure) 12M->7M(15M) 0.816ms
[186.077s][info][gc] GC(7618) Pause Young (Allocation Failure) 12M->7M(15M) 0.778ms
[186.088s][info][gc] GC(7619) Pause Young (Allocation Failure) 12M->7M(15M) 0.843ms
[186.098s][info][gc] GC(7620) Pause Young (Allocation Failure) 12M->7M(15M) 0.821ms
[186.106s][info][gc] GC(7621) Pause Young (Allocation Failure) 12M->7M(15M) 0.713ms
[186.113s][info][gc] GC(7622) Pause Young (Allocation Failure) 12M->7M(15M) 0.854ms
[186.120s][info][gc] GC(7623) Pause Young (Allocation Failure) 12M->7M(15M) 0.920ms
[186.128s][info][gc] GC(7624) Pause Young (Allocation Failure) 12M->7M(15M) 0.734ms
[186.139s][info][gc] GC(7625) Pause Young (Allocation Failure) 12M->7M(15M) 0.785ms
[186.147s][info][gc] GC(7626) Pause Young (Allocation Failure) 12M->7M(15M) 0.656ms
[186.153s][info][gc] GC(7627) Pause Young (Allocation Failure) 12M->7M(15M) 0.905ms
[186.161s][info][gc] GC(7628) Pause Young (Allocation Failure) 12M->7M(15M) 0.707ms
[186.168s][info][gc] GC(7629) Pause Young (Allocation Failure) 12M->7M(15M) 0.616ms
[186.174s][info][gc] GC(7630) Pause Young (Allocation Failure) 12M->7M(15M) 1.015ms
[186.181s][info][gc] GC(7631) Pause Young (Allocation Failure) 12M->7M(15M) 0.638ms
[186.188s][info][gc] GC(7632) Pause Young (Allocation Failure) 12M->7M(15M) 0.940ms
[186.197s][info][gc] GC(7633) Pause Young (Allocation Failure) 12M->7M(15M) 0.436ms
[186.204s][info][gc] GC(7634) Pause Young (Allocation Failure) 12M->7M(15M) 0.553ms
[186.212s][info][gc] GC(7635) Pause Young (Allocation Failure) 12M->7M(15M) 0.658ms
[186.220s][info][gc] GC(7636) Pause Young (Allocation Failure) 12M->7M(15M) 0.703ms
[186.227s][info][gc] GC(7637) Pause Young (Allocation Failure) 12M->7M(15M) 0.679ms
[186.237s][info][gc] GC(7638) Pause Young (Allocation Failure) 12M->7M(15M) 0.771ms
[186.242s][info][gc] GC(7639) Pause Young (Allocation Failure) 12M->7M(15M) 0.675ms
[186.250s][info][gc] GC(7640) Pause Young (Allocation Failure) 12M->7M(15M) 0.540ms
[186.257s][info][gc] GC(7641) Pause Young (Allocation Failure) 12M->7M(15M) 0.840ms
[186.264s][info][gc] GC(7642) Pause Young (Allocation Failure) 12M->7M(15M) 0.555ms
[186.272s][info][gc] GC(7643) Pause Young (Allocation Failure) 12M->7M(15M) 0.843ms
[186.277s][info][gc] GC(7644) Pause Young (Allocation Failure) 12M->7M(15M) 0.529ms
[186.285s][info][gc] GC(7645) Pause Young (Allocation Failure) 12M->7M(15M) 1.029ms
[186.292s][info][gc] GC(7646) Pause Young (Allocation Failure) 12M->7M(15M) 0.583ms
[186.298s][info][gc] GC(7647) Pause Young (Allocation Failure) 12M->7M(15M) 0.853ms
[186.304s][info][gc] GC(7648) Pause Young (Allocation Failure) 12M->7M(15M) 0.575ms
[186.311s][info][gc] GC(7649) Pause Young (Allocation Failure) 12M->7M(15M) 0.909ms
[186.316s][info][gc] GC(7650) Pause Young (Allocation Failure) 12M->7M(15M) 0.727ms
[186.321s][info][gc] GC(7651) Pause Young (Allocation Failure) 12M->7M(15M) 0.678ms
[186.328s][info][gc] GC(7652) Pause Young (Allocation Failure) 12M->7M(15M) 0.667ms
[186.333s][info][gc] GC(7653) Pause Young (Allocation Failure) 12M->7M(15M) 0.610ms
[186.342s][info][gc] GC(7654) Pause Young (Allocation Failure) 12M->7M(15M) 0.625ms
[186.347s][info][gc] GC(7655) Pause Young (Allocation Failure) 12M->7M(15M) 0.552ms
[186.354s][info][gc] GC(7656) Pause Young (Allocation Failure) 12M->7M(15M) 0.431ms
[186.359s][info][gc] GC(7657) Pause Young (Allocation Failure) 12M->7M(15M) 0.411ms
[186.365s][info][gc] GC(7658) Pause Young (Allocation Failure) 12M->7M(15M) 0.422ms
[186.370s][info][gc] GC(7659) Pause Young (Allocation Failure) 12M->7M(15M) 0.445ms
[186.376s][info][gc] GC(7660) Pause Young (Allocation Failure) 12M->7M(15M) 0.796ms
[186.382s][info][gc] GC(7661) Pause Young (Allocation Failure) 12M->7M(15M) 0.475ms
[186.388s][info][gc] GC(7662) Pause Young (Allocation Failure) 12M->7M(15M) 0.491ms
[186.394s][info][gc] GC(7663) Pause Young (Allocation Failure) 12M->7M(15M) 0.494ms
[186.399s][info][gc] GC(7664) Pause Young (Allocation Failure) 12M->7M(15M) 0.502ms
[186.406s][info][gc] GC(7665) Pause Young (Allocation Failure) 12M->7M(15M) 0.504ms
[186.412s][info][gc] GC(7666) Pause Young (Allocation Failure) 12M->7M(15M) 0.510ms
[186.418s][info][gc] GC(7667) Pause Young (Allocation Failure) 12M->7M(15M) 0.592ms
[186.423s][info][gc] GC(7668) Pause Young (Allocation Failure) 12M->7M(15M) 0.549ms
[186.429s][info][gc] GC(7669) Pause Young (Allocation Failure) 12M->7M(15M) 0.676ms
[186.435s][info][gc] GC(7670) Pause Young (Allocation Failure) 12M->7M(15M) 0.549ms
[186.440s][info][gc] GC(7671) Pause Young (Allocation Failure) 12M->7M(15M) 0.572ms
[186.446s][info][gc] GC(7672) Pause Young (Allocation Failure) 12M->7M(15M) 0.590ms
[186.452s][info][gc] GC(7673) Pause Young (Allocation Failure) 12M->7M(15M) 0.555ms
[186.460s][info][gc] GC(7674) Pause Young (Allocation Failure) 12M->7M(15M) 0.696ms
[186.465s][info][gc] GC(7675) Pause Young (Allocation Failure) 12M->7M(15M) 0.581ms
[186.472s][info][gc] GC(7676) Pause Young (Allocation Failure) 12M->7M(15M) 0.630ms
[186.477s][info][gc] GC(7677) Pause Young (Allocation Failure) 12M->7M(15M) 0.594ms
[186.485s][info][gc] GC(7678) Pause Young (Allocation Failure) 12M->7M(15M) 0.652ms
[186.491s][info][gc] GC(7679) Pause Young (Allocation Failure) 12M->7M(15M) 0.446ms
[186.498s][info][gc] GC(7680) Pause Young (Allocation Failure) 12M->7M(15M) 0.452ms
[186.503s][info][gc] GC(7681) Pause Young (Allocation Failure) 12M->7M(15M) 0.649ms
[186.508s][info][gc] GC(7682) Pause Young (Allocation Failure) 12M->7M(15M) 0.505ms
[186.515s][info][gc] GC(7683) Pause Young (Allocation Failure) 12M->7M(15M) 0.501ms
[186.520s][info][gc] GC(7684) Pause Young (Allocation Failure) 12M->7M(15M) 0.622ms
[186.527s][info][gc] GC(7685) Pause Young (Allocation Failure) 12M->7M(15M) 0.458ms
[186.533s][info][gc] GC(7686) Pause Young (Allocation Failure) 12M->7M(15M) 0.499ms
[186.539s][info][gc] GC(7687) Pause Young (Allocation Failure) 12M->7M(15M) 0.550ms
[186.544s][info][gc] GC(7688) Pause Young (Allocation Failure) 12M->7M(15M) 0.541ms
[186.551s][info][gc] GC(7689) Pause Young (Allocation Failure) 12M->7M(15M) 0.962ms
[186.556s][info][gc] GC(7690) Pause Young (Allocation Failure) 12M->7M(15M) 0.560ms
[186.564s][info][gc] GC(7691) Pause Young (Allocation Failure) 12M->7M(15M) 0.985ms
[186.569s][info][gc] GC(7692) Pause Young (Allocation Failure) 12M->7M(15M) 0.581ms
[186.574s][info][gc] GC(7693) Pause Young (Allocation Failure) 12M->7M(15M) 0.578ms
[186.581s][info][gc] GC(7694) Pause Young (Allocation Failure) 12M->7M(15M) 0.663ms
[186.586s][info][gc] GC(7695) Pause Young (Allocation Failure) 12M->7M(15M) 0.582ms
[186.592s][info][gc] GC(7696) Pause Young (Allocation Failure) 12M->7M(15M) 0.568ms
[186.599s][info][gc] GC(7697) Pause Young (Allocation Failure) 12M->7M(15M) 0.660ms
[186.605s][info][gc] GC(7698) Pause Young (Allocation Failure) 12M->7M(15M) 0.588ms
[186.610s][info][gc] GC(7699) Pause Young (Allocation Failure) 12M->7M(15M) 0.565ms
[186.615s][info][gc] GC(7700) Pause Young (Allocation Failure) 12M->7M(15M) 0.415ms
[186.621s][info][gc] GC(7701) Pause Young (Allocation Failure) 12M->7M(15M) 0.459ms
[186.627s][info][gc] GC(7702) Pause Young (Allocation Failure) 12M->7M(15M) 0.423ms
[186.634s][info][gc] GC(7703) Pause Young (Allocation Failure) 12M->7M(15M) 0.434ms
[186.640s][info][gc] GC(7704) Pause Young (Allocation Failure) 12M->7M(15M) 0.626ms
[186.646s][info][gc] GC(7705) Pause Young (Allocation Failure) 12M->7M(15M) 0.526ms
[186.652s][info][gc] GC(7706) Pause Young (Allocation Failure) 12M->7M(15M) 0.470ms
[186.658s][info][gc] GC(7707) Pause Young (Allocation Failure) 12M->7M(15M) 0.678ms
[186.664s][info][gc] GC(7708) Pause Young (Allocation Failure) 12M->7M(15M) 0.552ms
[186.670s][info][gc] GC(7709) Pause Young (Allocation Failure) 12M->7M(15M) 1.039ms
[186.675s][info][gc] GC(7710) Pause Young (Allocation Failure) 12M->7M(15M) 0.559ms
[186.682s][info][gc] GC(7711) Pause Young (Allocation Failure) 12M->7M(15M) 0.771ms
[186.692s][info][gc] GC(7712) Pause Young (Allocation Failure) 12M->7M(15M) 0.778ms
[186.700s][info][gc] GC(7713) Pause Young (Allocation Failure) 12M->7M(15M) 0.810ms
[186.708s][info][gc] GC(7714) Pause Young (Allocation Failure) 12M->7M(15M) 0.845ms
[186.718s][info][gc] GC(7715) Pause Young (Allocation Failure) 12M->7M(15M) 0.932ms
[186.727s][info][gc] GC(7716) Pause Young (Allocation Failure) 12M->7M(15M) 0.800ms
[186.736s][info][gc] GC(7717) Pause Young (Allocation Failure) 12M->7M(15M) 0.893ms
[186.748s][info][gc] GC(7718) Pause Young (Allocation Failure) 12M->7M(15M) 0.949ms
[186.757s][info][gc] GC(7719) Pause Young (Allocation Failure) 12M->7M(15M) 1.156ms
[186.766s][info][gc] GC(7720) Pause Young (Allocation Failure) 12M->7M(15M) 0.593ms
[186.773s][info][gc] GC(7721) Pause Young (Allocation Failure) 12M->7M(15M) 0.931ms
[186.782s][info][gc] GC(7722) Pause Young (Allocation Failure) 12M->7M(15M) 0.785ms
[186.788s][info][gc] GC(7723) Pause Young (Allocation Failure) 12M->7M(15M) 0.597ms
[186.797s][info][gc] GC(7724) Pause Young (Allocation Failure) 12M->7M(15M) 0.600ms
[186.802s][info][gc] GC(7725) Pause Young (Allocation Failure) 12M->7M(15M) 0.424ms
[186.810s][info][gc] GC(7726) Pause Young (Allocation Failure) 12M->7M(15M) 0.444ms
[186.815s][info][gc] GC(7727) Pause Young (Allocation Failure) 12M->7M(15M) 0.437ms
[186.821s][info][gc] GC(7728) Pause Young (Allocation Failure) 12M->7M(15M) 0.457ms
[186.826s][info][gc] GC(7729) Pause Young (Allocation Failure) 12M->7M(15M) 0.428ms
[186.833s][info][gc] GC(7730) Pause Young (Allocation Failure) 12M->7M(15M) 0.496ms
[186.838s][info][gc] GC(7731) Pause Young (Allocation Failure) 12M->7M(15M) 0.711ms
[186.848s][info][gc] GC(7732) Pause Young (Allocation Failure) 12M->7M(15M) 0.768ms
[186.855s][info][gc] GC(7733) Pause Young (Allocation Failure) 12M->7M(15M) 0.676ms
[186.862s][info][gc] GC(7734) Pause Young (Allocation Failure) 12M->7M(15M) 0.556ms
[186.871s][info][gc] GC(7735) Pause Young (Allocation Failure) 12M->7M(15M) 0.835ms
[186.877s][info][gc] GC(7736) Pause Young (Allocation Failure) 12M->7M(15M) 0.522ms
[186.883s][info][gc] GC(7737) Pause Young (Allocation Failure) 12M->7M(15M) 0.864ms
[186.890s][info][gc] GC(7738) Pause Young (Allocation Failure) 12M->7M(15M) 0.505ms
[186.895s][info][gc] GC(7739) Pause Young (Allocation Failure) 12M->7M(15M) 0.534ms
[186.902s][info][gc] GC(7740) Pause Young (Allocation Failure) 12M->7M(15M) 0.541ms
[186.907s][info][gc] GC(7741) Pause Young (Allocation Failure) 12M->7M(15M) 0.570ms
[186.914s][info][gc] GC(7742) Pause Young (Allocation Failure) 12M->7M(15M) 0.606ms
[186.919s][info][gc] GC(7743) Pause Young (Allocation Failure) 12M->7M(15M) 0.610ms
[186.927s][info][gc] GC(7744) Pause Young (Allocation Failure) 12M->7M(15M) 0.852ms
[186.933s][info][gc] GC(7745) Pause Young (Allocation Failure) 12M->7M(15M) 0.625ms
[186.940s][info][gc] GC(7746) Pause Young (Allocation Failure) 12M->7M(15M) 0.591ms
[186.945s][info][gc] GC(7747) Pause Young (Allocation Failure) 12M->7M(15M) 0.543ms
[186.952s][info][gc] GC(7748) Pause Young (Allocation Failure) 12M->7M(15M) 0.791ms
[186.957s][info][gc] GC(7749) Pause Young (Allocation Failure) 12M->7M(15M) 0.405ms
[186.963s][info][gc] GC(7750) Pause Young (Allocation Failure) 12M->7M(15M) 0.739ms
[186.969s][info][gc] GC(7751) Pause Young (Allocation Failure) 12M->7M(15M) 0.492ms
[186.974s][info][gc] GC(7752) Pause Young (Allocation Failure) 12M->7M(15M) 0.428ms
[186.980s][info][gc] GC(7753) Pause Young (Allocation Failure) 12M->7M(15M) 0.450ms
[186.986s][info][gc] GC(7754) Pause Young (Allocation Failure) 12M->7M(15M) 0.487ms
[186.992s][info][gc] GC(7755) Pause Young (Allocation Failure) 12M->7M(15M) 0.558ms
[186.997s][info][gc] GC(7756) Pause Young (Allocation Failure) 12M->7M(15M) 0.443ms
[187.005s][info][gc] GC(7757) Pause Young (Allocation Failure) 12M->7M(15M) 0.533ms
[187.010s][info][gc] GC(7758) Pause Young (Allocation Failure) 12M->7M(15M) 0.591ms
[187.016s][info][gc] GC(7759) Pause Young (Allocation Failure) 12M->7M(15M) 0.547ms
[187.022s][info][gc] GC(7760) Pause Young (Allocation Failure) 12M->7M(15M) 0.790ms
[187.028s][info][gc] GC(7761) Pause Young (Allocation Failure) 12M->7M(15M) 0.771ms
[187.035s][info][gc] GC(7762) Pause Young (Allocation Failure) 12M->7M(15M) 0.643ms
[187.040s][info][gc] GC(7763) Pause Young (Allocation Failure) 12M->7M(15M) 0.627ms
[187.047s][info][gc] GC(7764) Pause Young (Allocation Failure) 12M->7M(15M) 0.676ms
[187.052s][info][gc] GC(7765) Pause Young (Allocation Failure) 12M->7M(15M) 0.624ms
[187.060s][info][gc] GC(7766) Pause Young (Allocation Failure) 12M->7M(15M) 0.600ms
[187.065s][info][gc] GC(7767) Pause Young (Allocation Failure) 12M->7M(15M) 0.595ms
[187.073s][info][gc] GC(7768) Pause Young (Allocation Failure) 12M->7M(15M) 1.101ms
[187.080s][info][gc] GC(7769) Pause Young (Allocation Failure) 12M->7M(15M) 0.609ms
[187.089s][info][gc] GC(7770) Pause Young (Allocation Failure) 12M->7M(15M) 1.017ms
[187.098s][info][gc] GC(7771) Pause Young (Allocation Failure) 12M->7M(15M) 1.080ms
[187.107s][info][gc] GC(7772) Pause Young (Allocation Failure) 12M->7M(15M) 0.768ms
[187.115s][info][gc] GC(7773) Pause Young (Allocation Failure) 12M->7M(15M) 0.495ms
[187.122s][info][gc] GC(7774) Pause Young (Allocation Failure) 12M->7M(15M) 0.462ms
[187.129s][info][gc] GC(7775) Pause Young (Allocation Failure) 12M->7M(15M) 0.438ms
[187.135s][info][gc] GC(7776) Pause Young (Allocation Failure) 12M->7M(15M) 0.477ms
[187.141s][info][gc] GC(7777) Pause Young (Allocation Failure) 12M->7M(15M) 0.539ms
[187.147s][info][gc] GC(7778) Pause Young (Allocation Failure) 12M->7M(15M) 0.565ms
[187.154s][info][gc] GC(7779) Pause Young (Allocation Failure) 12M->7M(15M) 0.518ms
[187.160s][info][gc] GC(7780) Pause Young (Allocation Failure) 12M->7M(15M) 0.709ms
[187.167s][info][gc] GC(7781) Pause Young (Allocation Failure) 12M->7M(15M) 0.647ms
[187.173s][info][gc] GC(7782) Pause Young (Allocation Failure) 12M->7M(15M) 0.531ms
[187.179s][info][gc] GC(7783) Pause Young (Allocation Failure) 12M->7M(15M) 0.583ms
[187.185s][info][gc] GC(7784) Pause Young (Allocation Failure) 12M->7M(15M) 0.528ms
[187.190s][info][gc] GC(7785) Pause Young (Allocation Failure) 12M->7M(15M) 0.943ms
[187.196s][info][gc] GC(7786) Pause Young (Allocation Failure) 12M->7M(15M) 0.627ms
[187.202s][info][gc] GC(7787) Pause Young (Allocation Failure) 12M->7M(15M) 0.535ms
[187.209s][info][gc] GC(7788) Pause Young (Allocation Failure) 12M->7M(15M) 0.583ms
[187.217s][info][gc] GC(7789) Pause Young (Allocation Failure) 12M->7M(15M) 0.998ms
[187.223s][info][gc] GC(7790) Pause Young (Allocation Failure) 12M->7M(15M) 0.601ms
[187.228s][info][gc] GC(7791) Pause Young (Allocation Failure) 12M->7M(15M) 0.389ms
[187.235s][info][gc] GC(7792) Pause Young (Allocation Failure) 12M->7M(15M) 0.439ms
[187.241s][info][gc] GC(7793) Pause Young (Allocation Failure) 12M->7M(15M) 0.446ms
[187.248s][info][gc] GC(7794) Pause Young (Allocation Failure) 12M->7M(15M) 0.456ms
[187.253s][info][gc] GC(7795) Pause Young (Allocation Failure) 12M->7M(15M) 0.488ms
[187.260s][info][gc] GC(7796) Pause Young (Allocation Failure) 12M->7M(15M) 0.484ms
[187.265s][info][gc] GC(7797) Pause Young (Allocation Failure) 12M->7M(15M) 0.515ms
[187.274s][info][gc] GC(7798) Pause Young (Allocation Failure) 12M->7M(15M) 0.526ms
[187.279s][info][gc] GC(7799) Pause Young (Allocation Failure) 12M->7M(15M) 0.521ms
[187.286s][info][gc] GC(7800) Pause Young (Allocation Failure) 12M->7M(15M) 0.585ms
[187.292s][info][gc] GC(7801) Pause Young (Allocation Failure) 12M->7M(15M) 0.572ms
[187.300s][info][gc] GC(7802) Pause Young (Allocation Failure) 12M->7M(15M) 0.960ms
[187.305s][info][gc] GC(7803) Pause Young (Allocation Failure) 12M->7M(15M) 0.548ms
[187.312s][info][gc] GC(7804) Pause Young (Allocation Failure) 12M->7M(15M) 0.819ms
[187.318s][info][gc] GC(7805) Pause Young (Allocation Failure) 12M->7M(15M) 0.577ms
[187.325s][info][gc] GC(7806) Pause Young (Allocation Failure) 12M->7M(15M) 1.105ms
[187.330s][info][gc] GC(7807) Pause Young (Allocation Failure) 12M->7M(15M) 0.663ms
[187.336s][info][gc] GC(7808) Pause Young (Allocation Failure) 12M->7M(15M) 0.544ms
[187.342s][info][gc] GC(7809) Pause Young (Allocation Failure) 12M->7M(15M) 0.665ms
[187.348s][info][gc] GC(7810) Pause Young (Allocation Failure) 12M->7M(15M) 0.419ms
[187.355s][info][gc] GC(7811) Pause Young (Allocation Failure) 12M->7M(15M) 0.610ms
[187.360s][info][gc] GC(7812) Pause Young (Allocation Failure) 12M->7M(15M) 0.429ms
[187.367s][info][gc] GC(7813) Pause Young (Allocation Failure) 12M->7M(15M) 0.464ms
[187.373s][info][gc] GC(7814) Pause Young (Allocation Failure) 12M->7M(15M) 0.439ms
[187.379s][info][gc] GC(7815) Pause Young (Allocation Failure) 12M->7M(15M) 0.476ms
[187.384s][info][gc] GC(7816) Pause Young (Allocation Failure) 12M->7M(15M) 0.449ms
[187.392s][info][gc] GC(7817) Pause Young (Allocation Failure) 12M->7M(15M) 0.850ms
[187.397s][info][gc] GC(7818) Pause Young (Allocation Failure) 12M->7M(15M) 0.493ms
[187.402s][info][gc] GC(7819) Pause Young (Allocation Failure) 12M->7M(15M) 0.483ms
[187.408s][info][gc] GC(7820) Pause Young (Allocation Failure) 12M->7M(15M) 0.498ms
[187.413s][info][gc] GC(7821) Pause Young (Allocation Failure) 12M->7M(15M) 0.514ms
[187.421s][info][gc] GC(7822) Pause Young (Allocation Failure) 12M->7M(15M) 0.533ms
[187.426s][info][gc] GC(7823) Pause Young (Allocation Failure) 12M->7M(15M) 0.623ms
[187.433s][info][gc] GC(7824) Pause Young (Allocation Failure) 12M->7M(15M) 0.678ms
[187.439s][info][gc] GC(7825) Pause Young (Allocation Failure) 12M->7M(15M) 0.541ms
[187.445s][info][gc] GC(7826) Pause Young (Allocation Failure) 12M->7M(15M) 0.681ms
[187.450s][info][gc] GC(7827) Pause Young (Allocation Failure) 12M->7M(15M) 0.556ms
[187.455s][info][gc] GC(7828) Pause Young (Allocation Failure) 12M->7M(15M) 0.562ms
[187.461s][info][gc] GC(7829) Pause Young (Allocation Failure) 12M->7M(15M) 0.661ms
[187.467s][info][gc] GC(7830) Pause Young (Allocation Failure) 12M->7M(15M) 0.766ms
[187.475s][info][gc] GC(7831) Pause Young (Allocation Failure) 12M->7M(15M) 0.621ms
[187.481s][info][gc] GC(7832) Pause Young (Allocation Failure) 12M->7M(15M) 0.968ms
[187.491s][info][gc] GC(7833) Pause Young (Allocation Failure) 12M->7M(15M) 0.589ms
[187.497s][info][gc] GC(7834) Pause Young (Allocation Failure) 12M->7M(15M) 0.878ms
[187.503s][info][gc] GC(7835) Pause Young (Allocation Failure) 12M->7M(15M) 0.607ms
[187.507s][info][gc] GC(7836) Pause Young (Allocation Failure) 12M->7M(15M) 0.386ms
[187.515s][info][gc] GC(7837) Pause Young (Allocation Failure) 12M->7M(15M) 0.453ms
[187.521s][info][gc] GC(7838) Pause Young (Allocation Failure) 12M->7M(15M) 0.455ms
[187.527s][info][gc] GC(7839) Pause Young (Allocation Failure) 12M->7M(15M) 0.484ms
[187.533s][info][gc] GC(7840) Pause Young (Allocation Failure) 12M->7M(15M) 0.479ms
[187.539s][info][gc] GC(7841) Pause Young (Allocation Failure) 12M->7M(15M) 0.528ms
[187.545s][info][gc] GC(7842) Pause Young (Allocation Failure) 12M->7M(15M) 0.711ms
[187.555s][info][gc] GC(7843) Pause Young (Allocation Failure) 12M->7M(15M) 0.736ms
[187.563s][info][gc] GC(7844) Pause Young (Allocation Failure) 12M->7M(15M) 0.769ms
[187.573s][info][gc] GC(7845) Pause Young (Allocation Failure) 12M->7M(15M) 0.753ms
[187.581s][info][gc] GC(7846) Pause Young (Allocation Failure) 12M->7M(15M) 0.577ms
[187.586s][info][gc] GC(7847) Pause Young (Allocation Failure) 12M->7M(15M) 0.523ms
[187.593s][info][gc] GC(7848) Pause Young (Allocation Failure) 12M->7M(15M) 1.224ms
[187.602s][info][gc] GC(7849) Pause Young (Allocation Failure) 12M->7M(15M) 1.453ms
[187.612s][info][gc] GC(7850) Pause Young (Allocation Failure) 12M->7M(15M) 0.928ms
[187.620s][info][gc] GC(7851) Pause Young (Allocation Failure) 12M->7M(15M) 0.624ms
[187.628s][info][gc] GC(7852) Pause Young (Allocation Failure) 12M->7M(15M) 2.444ms
[187.635s][info][gc] GC(7853) Pause Young (Allocation Failure) 12M->7M(15M) 0.583ms
[187.641s][info][gc] GC(7854) Pause Young (Allocation Failure) 12M->7M(15M) 0.867ms
[187.650s][info][gc] GC(7855) Pause Young (Allocation Failure) 12M->7M(15M) 0.879ms
[187.660s][info][gc] GC(7856) Pause Young (Allocation Failure) 12M->7M(15M) 0.624ms
[187.666s][info][gc] GC(7857) Pause Young (Allocation Failure) 12M->7M(15M) 0.443ms
[187.673s][info][gc] GC(7858) Pause Young (Allocation Failure) 12M->7M(15M) 0.663ms
[187.680s][info][gc] GC(7859) Pause Young (Allocation Failure) 12M->7M(15M) 0.721ms
[187.690s][info][gc] GC(7860) Pause Young (Allocation Failure) 12M->7M(15M) 0.711ms
[187.697s][info][gc] GC(7861) Pause Young (Allocation Failure) 12M->7M(15M) 0.881ms
[187.704s][info][gc] GC(7862) Pause Young (Allocation Failure) 12M->7M(15M) 0.556ms
[187.709s][info][gc] GC(7863) Pause Young (Allocation Failure) 12M->7M(15M) 0.750ms
[187.717s][info][gc] GC(7864) Pause Young (Allocation Failure) 12M->7M(15M) 0.572ms
[187.726s][info][gc] GC(7865) Pause Young (Allocation Failure) 12M->7M(15M) 0.529ms
[187.732s][info][gc] GC(7866) Pause Young (Allocation Failure) 12M->7M(15M) 0.528ms
[187.738s][info][gc] GC(7867) Pause Young (Allocation Failure) 12M->7M(15M) 1.203ms
[187.746s][info][gc] GC(7868) Pause Young (Allocation Failure) 12M->7M(15M) 0.615ms
[187.753s][info][gc] GC(7869) Pause Young (Allocation Failure) 12M->7M(15M) 0.599ms
[187.758s][info][gc] GC(7870) Pause Young (Allocation Failure) 12M->7M(15M) 0.855ms
[187.766s][info][gc] GC(7871) Pause Young (Allocation Failure) 12M->7M(15M) 1.072ms
[187.771s][info][gc] GC(7872) Pause Young (Allocation Failure) 12M->7M(15M) 0.595ms
[187.780s][info][gc] GC(7873) Pause Young (Allocation Failure) 12M->7M(15M) 0.602ms
[187.785s][info][gc] GC(7874) Pause Young (Allocation Failure) 12M->7M(15M) 0.578ms
[187.793s][info][gc] GC(7875) Pause Young (Allocation Failure) 12M->7M(15M) 1.094ms
[187.801s][info][gc] GC(7876) Pause Young (Allocation Failure) 12M->7M(15M) 0.609ms
[187.809s][info][gc] GC(7877) Pause Young (Allocation Failure) 12M->7M(15M) 0.628ms
[187.815s][info][gc] GC(7878) Pause Young (Allocation Failure) 12M->7M(15M) 0.619ms
[187.823s][info][gc] GC(7879) Pause Young (Allocation Failure) 12M->7M(15M) 0.425ms
[187.829s][info][gc] GC(7880) Pause Young (Allocation Failure) 12M->7M(15M) 0.443ms
[187.836s][info][gc] GC(7881) Pause Young (Allocation Failure) 12M->7M(15M) 0.665ms
[187.842s][info][gc] GC(7882) Pause Young (Allocation Failure) 12M->7M(15M) 0.739ms
[187.855s][info][gc] GC(7883) Pause Young (Allocation Failure) 12M->7M(15M) 0.573ms
[187.863s][info][gc] GC(7884) Pause Young (Allocation Failure) 12M->7M(15M) 0.661ms
[187.873s][info][gc] GC(7885) Pause Young (Allocation Failure) 12M->7M(15M) 0.666ms
[187.882s][info][gc] GC(7886) Pause Young (Allocation Failure) 12M->7M(15M) 0.475ms
[187.890s][info][gc] GC(7887) Pause Young (Allocation Failure) 12M->7M(15M) 0.517ms
[187.895s][info][gc] GC(7888) Pause Young (Allocation Failure) 12M->7M(15M) 0.459ms
[187.903s][info][gc] GC(7889) Pause Young (Allocation Failure) 12M->7M(15M) 0.479ms
[187.910s][info][gc] GC(7890) Pause Young (Allocation Failure) 12M->7M(15M) 0.532ms
[187.917s][info][gc] GC(7891) Pause Young (Allocation Failure) 12M->7M(15M) 0.567ms
[187.924s][info][gc] GC(7892) Pause Young (Allocation Failure) 12M->7M(15M) 0.880ms
[187.930s][info][gc] GC(7893) Pause Young (Allocation Failure) 12M->7M(15M) 0.610ms
[187.936s][info][gc] GC(7894) Pause Young (Allocation Failure) 12M->7M(15M) 0.559ms
[187.943s][info][gc] GC(7895) Pause Young (Allocation Failure) 12M->7M(15M) 0.582ms
[187.949s][info][gc] GC(7896) Pause Young (Allocation Failure) 12M->7M(15M) 0.876ms
[187.957s][info][gc] GC(7897) Pause Young (Allocation Failure) 12M->7M(15M) 0.598ms
[187.963s][info][gc] GC(7898) Pause Young (Allocation Failure) 12M->7M(15M) 0.579ms
[187.971s][info][gc] GC(7899) Pause Young (Allocation Failure) 12M->7M(15M) 0.589ms
[187.977s][info][gc] GC(7900) Pause Young (Allocation Failure) 12M->7M(15M) 0.940ms
[187.984s][info][gc] GC(7901) Pause Young (Allocation Failure) 12M->7M(15M) 0.865ms
[187.993s][info][gc] GC(7902) Pause Young (Allocation Failure) 12M->7M(15M) 0.859ms
[187.998s][info][gc] GC(7903) Pause Young (Allocation Failure) 12M->7M(15M) 0.421ms
[188.006s][info][gc] GC(7904) Pause Young (Allocation Failure) 12M->7M(15M) 0.446ms
[188.012s][info][gc] GC(7905) Pause Young (Allocation Failure) 12M->7M(15M) 0.424ms
[188.018s][info][gc] GC(7906) Pause Young (Allocation Failure) 12M->7M(15M) 0.766ms
[188.024s][info][gc] GC(7907) Pause Young (Allocation Failure) 12M->7M(15M) 0.668ms
[188.032s][info][gc] GC(7908) Pause Young (Allocation Failure) 12M->7M(15M) 0.978ms
[188.040s][info][gc] GC(7909) Pause Young (Allocation Failure) 12M->7M(15M) 0.677ms
[188.048s][info][gc] GC(7910) Pause Young (Allocation Failure) 12M->7M(15M) 0.510ms
[188.053s][info][gc] GC(7911) Pause Young (Allocation Failure) 12M->7M(15M) 0.720ms
[188.062s][info][gc] GC(7912) Pause Young (Allocation Failure) 12M->7M(15M) 0.539ms
[188.069s][info][gc] GC(7913) Pause Young (Allocation Failure) 12M->7M(15M) 0.644ms
[188.079s][info][gc] GC(7914) Pause Young (Allocation Failure) 12M->7M(15M) 0.936ms
[188.087s][info][gc] GC(7915) Pause Young (Allocation Failure) 12M->7M(15M) 0.928ms
[188.093s][info][gc] GC(7916) Pause Young (Allocation Failure) 12M->7M(15M) 0.605ms
[188.102s][info][gc] GC(7917) Pause Young (Allocation Failure) 12M->7M(15M) 0.707ms
[188.108s][info][gc] GC(7918) Pause Young (Allocation Failure) 12M->8M(15M) 0.900ms
[188.115s][info][gc] GC(7919) Pause Young (Allocation Failure) 12M->8M(15M) 0.732ms
[188.124s][info][gc] GC(7920) Pause Young (Allocation Failure) 12M->7M(15M) 0.868ms
[188.133s][info][gc] GC(7921) Pause Young (Allocation Failure) 12M->7M(15M) 1.004ms
[188.140s][info][gc] GC(7922) Pause Young (Allocation Failure) 12M->7M(15M) 0.875ms
[188.146s][info][gc] GC(7923) Pause Young (Allocation Failure) 12M->7M(15M) 0.416ms
[188.151s][info][gc] GC(7924) Pause Young (Allocation Failure) 12M->7M(15M) 0.653ms
[188.158s][info][gc] GC(7925) Pause Young (Allocation Failure) 12M->7M(15M) 0.681ms
[188.164s][info][gc] GC(7926) Pause Young (Allocation Failure) 12M->7M(15M) 0.631ms
[188.171s][info][gc] GC(7927) Pause Young (Allocation Failure) 12M->7M(15M) 0.476ms
[188.177s][info][gc] GC(7928) Pause Young (Allocation Failure) 12M->7M(15M) 0.463ms
[188.184s][info][gc] GC(7929) Pause Young (Allocation Failure) 12M->7M(15M) 0.484ms
[188.189s][info][gc] GC(7930) Pause Young (Allocation Failure) 12M->7M(15M) 0.730ms
[188.197s][info][gc] GC(7931) Pause Young (Allocation Failure) 12M->7M(15M) 0.670ms
[188.204s][info][gc] GC(7932) Pause Young (Allocation Failure) 12M->7M(15M) 0.950ms
[188.213s][info][gc] GC(7933) Pause Young (Allocation Failure) 12M->7M(15M) 0.755ms
[188.223s][info][gc] GC(7934) Pause Young (Allocation Failure) 12M->7M(15M) 1.408ms
[188.229s][info][gc] GC(7935) Pause Young (Allocation Failure) 12M->7M(15M) 0.674ms
[188.239s][info][gc] GC(7936) Pause Young (Allocation Failure) 12M->7M(15M) 1.213ms
[188.247s][info][gc] GC(7937) Pause Young (Allocation Failure) 12M->8M(15M) 0.763ms
[188.255s][info][gc] GC(7938) Pause Young (Allocation Failure) 12M->8M(15M) 0.915ms
[188.265s][info][gc] GC(7939) Pause Young (Allocation Failure) 12M->8M(15M) 1.021ms
[188.274s][info][gc] GC(7940) Pause Young (Allocation Failure) 12M->7M(15M) 0.814ms
[188.282s][info][gc] GC(7941) Pause Young (Allocation Failure) 12M->7M(15M) 0.964ms
[188.290s][info][gc] GC(7942) Pause Young (Allocation Failure) 12M->8M(15M) 0.976ms
[188.299s][info][gc] GC(7943) Pause Young (Allocation Failure) 12M->8M(15M) 1.139ms
[188.305s][info][gc] GC(7944) Pause Young (Allocation Failure) 12M->7M(15M) 0.430ms
[188.314s][info][gc] GC(7945) Pause Young (Allocation Failure) 12M->7M(15M) 0.436ms
[188.323s][info][gc] GC(7946) Pause Young (Allocation Failure) 12M->7M(15M) 1.204ms
[188.331s][info][gc] GC(7947) Pause Young (Allocation Failure) 12M->7M(15M) 0.636ms
[188.341s][info][gc] GC(7948) Pause Young (Allocation Failure) 12M->7M(15M) 0.816ms
[188.347s][info][gc] GC(7949) Pause Young (Allocation Failure) 12M->7M(15M) 0.751ms
[188.355s][info][gc] GC(7950) Pause Young (Allocation Failure) 12M->7M(15M) 0.520ms
[188.360s][info][gc] GC(7951) Pause Young (Allocation Failure) 12M->7M(15M) 0.527ms
[188.367s][info][gc] GC(7952) Pause Young (Allocation Failure) 12M->7M(15M) 0.800ms
[188.373s][info][gc] GC(7953) Pause Young (Allocation Failure) 12M->7M(15M) 0.604ms
[188.380s][info][gc] GC(7954) Pause Young (Allocation Failure) 12M->7M(15M) 0.981ms
[188.388s][info][gc] GC(7955) Pause Young (Allocation Failure) 12M->8M(15M) 0.624ms
[188.396s][info][gc] GC(7956) Pause Young (Allocation Failure) 12M->8M(15M) 0.657ms
[188.401s][info][gc] GC(7957) Pause Young (Allocation Failure) 12M->8M(15M) 0.916ms
[188.407s][info][gc] GC(7958) Pause Young (Allocation Failure) 12M->7M(15M) 0.635ms
[188.414s][info][gc] GC(7959) Pause Young (Allocation Failure) 12M->8M(15M) 0.639ms
[188.422s][info][gc] GC(7960) Pause Young (Allocation Failure) 12M->8M(15M) 0.631ms
[188.428s][info][gc] GC(7961) Pause Young (Allocation Failure) 12M->7M(15M) 0.427ms
[188.435s][info][gc] GC(7962) Pause Young (Allocation Failure) 12M->7M(15M) 0.441ms
[188.440s][info][gc] GC(7963) Pause Young (Allocation Failure) 12M->7M(15M) 0.652ms
[188.447s][info][gc] GC(7964) Pause Young (Allocation Failure) 12M->7M(15M) 0.661ms
[188.454s][info][gc] GC(7965) Pause Young (Allocation Failure) 12M->7M(15M) 0.649ms
[188.462s][info][gc] GC(7966) Pause Young (Allocation Failure) 12M->7M(15M) 0.489ms
[188.467s][info][gc] GC(7967) Pause Young (Allocation Failure) 12M->7M(15M) 0.708ms
[188.474s][info][gc] GC(7968) Pause Young (Allocation Failure) 12M->7M(15M) 0.528ms
[188.482s][info][gc] GC(7969) Pause Young (Allocation Failure) 12M->7M(15M) 0.789ms
[188.492s][info][gc] GC(7970) Pause Young (Allocation Failure) 12M->7M(15M) 0.782ms
[188.502s][info][gc] GC(7971) Pause Young (Allocation Failure) 12M->7M(15M) 0.858ms
[188.509s][info][gc] GC(7972) Pause Young (Allocation Failure) 12M->8M(15M) 0.540ms
[188.518s][info][gc] GC(7973) Pause Young (Allocation Failure) 12M->8M(15M) 0.806ms
[188.524s][info][gc] GC(7974) Pause Young (Allocation Failure) 12M->8M(15M) 0.613ms
[188.534s][info][gc] GC(7975) Pause Young (Allocation Failure) 12M->8M(15M) 0.942ms
[188.543s][info][gc] GC(7976) Pause Young (Allocation Failure) 12M->8M(15M) 0.653ms
[188.549s][info][gc] GC(7977) Pause Young (Allocation Failure) 12M->8M(15M) 0.878ms
[188.556s][info][gc] GC(7978) Pause Young (Allocation Failure) 12M->8M(15M) 0.638ms
[188.563s][info][gc] GC(7979) Pause Young (Allocation Failure) 12M->8M(15M) 0.632ms
[188.570s][info][gc] GC(7980) Pause Young (Allocation Failure) 12M->7M(15M) 0.423ms
[188.577s][info][gc] GC(7981) Pause Young (Allocation Failure) 12M->7M(15M) 0.461ms
[188.583s][info][gc] GC(7982) Pause Young (Allocation Failure) 12M->7M(15M) 0.564ms
[188.589s][info][gc] GC(7983) Pause Young (Allocation Failure) 12M->7M(15M) 0.700ms
[188.595s][info][gc] GC(7984) Pause Young (Allocation Failure) 12M->7M(15M) 0.466ms
[188.603s][info][gc] GC(7985) Pause Young (Allocation Failure) 12M->7M(15M) 0.522ms
[188.611s][info][gc] GC(7986) Pause Young (Allocation Failure) 12M->7M(15M) 0.546ms
[188.617s][info][gc] GC(7987) Pause Young (Allocation Failure) 12M->7M(15M) 0.523ms
[188.623s][info][gc] GC(7988) Pause Young (Allocation Failure) 12M->7M(15M) 0.760ms
[188.631s][info][gc] GC(7989) Pause Young (Allocation Failure) 12M->7M(15M) 0.622ms
[188.638s][info][gc] GC(7990) Pause Young (Allocation Failure) 12M->8M(15M) 0.587ms
[188.644s][info][gc] GC(7991) Pause Young (Allocation Failure) 12M->8M(15M) 0.539ms
[188.651s][info][gc] GC(7992) Pause Young (Allocation Failure) 12M->8M(15M) 0.795ms
[188.657s][info][gc] GC(7993) Pause Young (Allocation Failure) 12M->8M(15M) 0.863ms
[188.665s][info][gc] GC(7994) Pause Young (Allocation Failure) 12M->8M(15M) 0.580ms
[188.671s][info][gc] GC(7995) Pause Young (Allocation Failure) 12M->8M(15M) 0.689ms
[188.677s][info][gc] GC(7996) Pause Young (Allocation Failure) 12M->8M(15M) 0.838ms
[188.686s][info][gc] GC(7997) Pause Young (Allocation Failure) 12M->8M(15M) 1.075ms
[188.694s][info][gc] GC(7998) Pause Young (Allocation Failure) 12M->8M(15M) 0.865ms
[188.703s][info][gc] GC(7999) Pause Young (Allocation Failure) 12M->8M(15M) 0.930ms
[188.711s][info][gc] GC(8000) Pause Young (Allocation Failure) 12M->8M(15M) 1.148ms
[188.721s][info][gc] GC(8001) Pause Young (Allocation Failure) 12M->8M(15M) 0.663ms
[188.729s][info][gc] GC(8002) Pause Young (Allocation Failure) 12M->7M(15M) 0.644ms
[188.735s][info][gc] GC(8003) Pause Young (Allocation Failure) 12M->7M(15M) 0.453ms
[188.742s][info][gc] GC(8004) Pause Young (Allocation Failure) 12M->7M(15M) 0.679ms
[188.748s][info][gc] GC(8005) Pause Young (Allocation Failure) 12M->7M(15M) 0.672ms
[188.755s][info][gc] GC(8006) Pause Young (Allocation Failure) 12M->7M(15M) 0.489ms
[188.763s][info][gc] GC(8007) Pause Young (Allocation Failure) 12M->7M(15M) 0.783ms
[188.770s][info][gc] GC(8008) Pause Young (Allocation Failure) 12M->7M(15M) 0.542ms
[188.777s][info][gc] GC(8009) Pause Young (Allocation Failure) 12M->7M(15M) 0.765ms
[188.784s][info][gc] GC(8010) Pause Young (Allocation Failure) 12M->7M(15M) 0.721ms
[188.789s][info][gc] GC(8011) Pause Young (Allocation Failure) 12M->8M(15M) 0.739ms
[188.798s][info][gc] GC(8012) Pause Young (Allocation Failure) 12M->8M(15M) 0.574ms
[188.803s][info][gc] GC(8013) Pause Young (Allocation Failure) 12M->8M(15M) 0.505ms
[188.811s][info][gc] GC(8014) Pause Young (Allocation Failure) 12M->8M(15M) 0.538ms
[188.818s][info][gc] GC(8015) Pause Young (Allocation Failure) 12M->8M(15M) 1.102ms
[188.827s][info][gc] GC(8016) Pause Young (Allocation Failure) 12M->8M(15M) 0.722ms
[188.837s][info][gc] GC(8017) Pause Young (Allocation Failure) 12M->8M(15M) 1.068ms
[188.849s][info][gc] GC(8018) Pause Young (Allocation Failure) 12M->8M(15M) 1.184ms
[188.858s][info][gc] GC(8019) Pause Young (Allocation Failure) 12M->8M(15M) 1.085ms
[188.869s][info][gc] GC(8020) Pause Young (Allocation Failure) 12M->8M(15M) 0.948ms
[188.879s][info][gc] GC(8021) Pause Young (Allocation Failure) 12M->8M(15M) 0.981ms
[188.889s][info][gc] GC(8022) Pause Young (Allocation Failure) 12M->8M(15M) 0.920ms
[188.899s][info][gc] GC(8023) Pause Young (Allocation Failure) 12M->8M(15M) 1.261ms
[188.907s][info][gc] GC(8024) Pause Young (Allocation Failure) 12M->8M(15M) 0.638ms
[188.915s][info][gc] GC(8025) Pause Young (Allocation Failure) 12M->8M(15M) 0.819ms
[188.924s][info][gc] GC(8026) Pause Young (Allocation Failure) 12M->8M(15M) 0.910ms
[188.935s][info][gc] GC(8027) Pause Young (Allocation Failure) 12M->8M(15M) 0.828ms
[188.944s][info][gc] GC(8028) Pause Young (Allocation Failure) 12M->8M(15M) 0.987ms
[188.954s][info][gc] GC(8029) Pause Young (Allocation Failure) 12M->7M(15M) 0.652ms
[188.961s][info][gc] GC(8030) Pause Young (Allocation Failure) 12M->7M(15M) 0.665ms
[188.970s][info][gc] GC(8031) Pause Young (Allocation Failure) 12M->7M(15M) 0.757ms
[188.978s][info][gc] GC(8032) Pause Young (Allocation Failure) 12M->7M(15M) 0.753ms
[188.987s][info][gc] GC(8033) Pause Young (Allocation Failure) 12M->8M(15M) 0.783ms
[188.994s][info][gc] GC(8034) Pause Young (Allocation Failure) 12M->8M(15M) 1.020ms
[189.002s][info][gc] GC(8035) Pause Young (Allocation Failure) 12M->8M(15M) 0.796ms
[189.011s][info][gc] GC(8036) Pause Young (Allocation Failure) 12M->8M(15M) 0.590ms
[189.019s][info][gc] GC(8037) Pause Young (Allocation Failure) 12M->8M(15M) 1.221ms
[189.026s][info][gc] GC(8038) Pause Young (Allocation Failure) 12M->8M(15M) 0.775ms
[189.035s][info][gc] GC(8039) Pause Young (Allocation Failure) 12M->8M(15M) 0.869ms
[189.043s][info][gc] GC(8040) Pause Young (Allocation Failure) 12M->8M(15M) 1.024ms
[189.053s][info][gc] GC(8041) Pause Young (Allocation Failure) 12M->8M(15M) 1.607ms
[189.063s][info][gc] GC(8042) Pause Young (Allocation Failure) 12M->8M(15M) 1.732ms
[189.072s][info][gc] GC(8043) Pause Young (Allocation Failure) 12M->8M(15M) 1.348ms
[189.083s][info][gc] GC(8044) Pause Young (Allocation Failure) 12M->8M(15M) 2.073ms
[189.095s][info][gc] GC(8045) Pause Young (Allocation Failure) 12M->8M(15M) 0.919ms
[189.104s][info][gc] GC(8046) Pause Young (Allocation Failure) 12M->8M(15M) 1.006ms
[189.111s][info][gc] GC(8047) Pause Young (Allocation Failure) 12M->8M(15M) 1.077ms
[189.120s][info][gc] GC(8048) Pause Young (Allocation Failure) 12M->7M(15M) 0.692ms
[189.128s][info][gc] GC(8049) Pause Young (Allocation Failure) 12M->7M(15M) 0.460ms
[189.133s][info][gc] GC(8050) Pause Young (Allocation Failure) 12M->7M(15M) 0.736ms
[189.139s][info][gc] GC(8051) Pause Young (Allocation Failure) 12M->8M(15M) 1.094ms
[189.146s][info][gc] GC(8052) Pause Young (Allocation Failure) 12M->8M(15M) 0.833ms
[189.155s][info][gc] GC(8053) Pause Young (Allocation Failure) 12M->8M(15M) 0.788ms
[189.162s][info][gc] GC(8054) Pause Young (Allocation Failure) 12M->8M(15M) 0.524ms
[189.171s][info][gc] GC(8055) Pause Young (Allocation Failure) 12M->8M(15M) 0.876ms
[189.177s][info][gc] GC(8056) Pause Young (Allocation Failure) 12M->8M(15M) 0.855ms
[189.185s][info][gc] GC(8057) Pause Young (Allocation Failure) 12M->8M(15M) 0.562ms
[189.194s][info][gc] GC(8058) Pause Young (Allocation Failure) 12M->8M(15M) 1.089ms
[189.201s][info][gc] GC(8059) Pause Young (Allocation Failure) 12M->8M(15M) 0.865ms
[189.209s][info][gc] GC(8060) Pause Young (Allocation Failure) 12M->8M(15M) 0.769ms
[189.217s][info][gc] GC(8061) Pause Young (Allocation Failure) 12M->8M(15M) 0.879ms
[189.225s][info][gc] GC(8062) Pause Young (Allocation Failure) 12M->8M(15M) 0.577ms
[189.234s][info][gc] GC(8063) Pause Young (Allocation Failure) 12M->8M(15M) 1.139ms
[189.241s][info][gc] GC(8064) Pause Young (Allocation Failure) 12M->8M(15M) 0.858ms
[189.249s][info][gc] GC(8065) Pause Young (Allocation Failure) 12M->8M(15M) 0.850ms
[189.254s][info][gc] GC(8066) Pause Young (Allocation Failure) 12M->7M(15M) 0.654ms
[189.260s][info][gc] GC(8067) Pause Young (Allocation Failure) 12M->7M(15M) 0.974ms
[189.266s][info][gc] GC(8068) Pause Young (Allocation Failure) 12M->8M(15M) 0.496ms
[189.274s][info][gc] GC(8069) Pause Young (Allocation Failure) 12M->8M(15M) 0.790ms
[189.279s][info][gc] GC(8070) Pause Young (Allocation Failure) 12M->8M(15M) 0.760ms
[189.285s][info][gc] GC(8071) Pause Young (Allocation Failure) 12M->8M(15M) 0.572ms
[189.293s][info][gc] GC(8072) Pause Young (Allocation Failure) 12M->8M(15M) 0.803ms
[189.304s][info][gc] GC(8073) Pause Young (Allocation Failure) 12M->8M(15M) 0.632ms
[189.310s][info][gc] GC(8074) Pause Young (Allocation Failure) 12M->8M(15M) 0.515ms
[189.318s][info][gc] GC(8075) Pause Young (Allocation Failure) 12M->8M(15M) 0.590ms
[189.324s][info][gc] GC(8076) Pause Young (Allocation Failure) 12M->8M(15M) 0.553ms
[189.331s][info][gc] GC(8077) Pause Young (Allocation Failure) 12M->8M(15M) 0.567ms
[189.339s][info][gc] GC(8078) Pause Young (Allocation Failure) 12M->8M(15M) 0.852ms
[189.347s][info][gc] GC(8079) Pause Young (Allocation Failure) 12M->8M(15M) 0.619ms
[189.355s][info][gc] GC(8080) Pause Young (Allocation Failure) 12M->8M(15M) 0.853ms
[189.361s][info][gc] GC(8081) Pause Young (Allocation Failure) 12M->8M(15M) 0.662ms
[189.368s][info][gc] GC(8082) Pause Young (Allocation Failure) 12M->8M(15M) 1.230ms
[189.373s][info][gc] GC(8083) Pause Young (Allocation Failure) 12M->8M(15M) 0.602ms
[189.382s][info][gc] GC(8084) Pause Young (Allocation Failure) 12M->8M(15M) 1.106ms
[189.387s][info][gc] GC(8085) Pause Young (Allocation Failure) 12M->8M(15M) 0.841ms
[189.393s][info][gc] GC(8086) Pause Young (Allocation Failure) 12M->7M(15M) 0.694ms
[189.399s][info][gc] GC(8087) Pause Young (Allocation Failure) 12M->7M(15M) 0.447ms
[189.404s][info][gc] GC(8088) Pause Young (Allocation Failure) 12M->8M(15M) 0.645ms
[189.411s][info][gc] GC(8089) Pause Young (Allocation Failure) 12M->8M(15M) 0.506ms
[189.417s][info][gc] GC(8090) Pause Young (Allocation Failure) 12M->8M(15M) 0.676ms
[189.423s][info][gc] GC(8091) Pause Young (Allocation Failure) 12M->8M(15M) 0.514ms
[189.429s][info][gc] GC(8092) Pause Young (Allocation Failure) 12M->8M(15M) 0.493ms
[189.437s][info][gc] GC(8093) Pause Young (Allocation Failure) 12M->8M(15M) 0.743ms
[189.446s][info][gc] GC(8094) Pause Young (Allocation Failure) 12M->8M(15M) 0.989ms
[189.454s][info][gc] GC(8095) Pause Young (Allocation Failure) 12M->8M(15M) 0.735ms
[189.462s][info][gc] GC(8096) Pause Young (Allocation Failure) 12M->8M(15M) 0.824ms
[189.470s][info][gc] GC(8097) Pause Young (Allocation Failure) 12M->8M(15M) 0.819ms
[189.478s][info][gc] GC(8098) Pause Young (Allocation Failure) 12M->8M(15M) 0.557ms
[189.484s][info][gc] GC(8099) Pause Young (Allocation Failure) 12M->8M(15M) 0.894ms
[189.492s][info][gc] GC(8100) Pause Young (Allocation Failure) 12M->8M(15M) 0.604ms
[189.501s][info][gc] GC(8101) Pause Young (Allocation Failure) 12M->8M(15M) 0.941ms
[189.507s][info][gc] GC(8102) Pause Young (Allocation Failure) 12M->8M(15M) 0.935ms
[189.516s][info][gc] GC(8103) Pause Young (Allocation Failure) 12M->8M(15M) 0.624ms
[189.524s][info][gc] GC(8104) Pause Young (Allocation Failure) 12M->8M(15M) 0.650ms
[189.532s][info][gc] GC(8105) Pause Young (Allocation Failure) 12M->8M(15M) 0.872ms
[189.537s][info][gc] GC(8106) Pause Young (Allocation Failure) 12M->8M(15M) 0.844ms
[189.545s][info][gc] GC(8107) Pause Young (Allocation Failure) 12M->8M(15M) 0.622ms
[189.551s][info][gc] GC(8108) Pause Young (Allocation Failure) 12M->8M(15M) 0.632ms
[189.558s][info][gc] GC(8109) Pause Young (Allocation Failure) 12M->8M(15M) 0.412ms
[189.564s][info][gc] GC(8110) Pause Young (Allocation Failure) 12M->8M(15M) 0.436ms
[189.572s][info][gc] GC(8111) Pause Young (Allocation Failure) 12M->8M(15M) 0.673ms
[189.580s][info][gc] GC(8112) Pause Young (Allocation Failure) 12M->8M(15M) 0.723ms
[189.586s][info][gc] GC(8113) Pause Young (Allocation Failure) 12M->8M(15M) 0.689ms
[189.593s][info][gc] GC(8114) Pause Young (Allocation Failure) 12M->8M(15M) 0.800ms
[189.599s][info][gc] GC(8115) Pause Young (Allocation Failure) 12M->8M(15M) 0.772ms
[189.605s][info][gc] GC(8116) Pause Young (Allocation Failure) 12M->8M(15M) 0.493ms
[189.612s][info][gc] GC(8117) Pause Young (Allocation Failure) 12M->8M(15M) 0.512ms
[189.618s][info][gc] GC(8118) Pause Young (Allocation Failure) 12M->8M(15M) 0.695ms
[189.624s][info][gc] GC(8119) Pause Young (Allocation Failure) 12M->8M(15M) 0.620ms
[189.630s][info][gc] GC(8120) Pause Young (Allocation Failure) 12M->8M(15M) 0.843ms
[189.637s][info][gc] GC(8121) Pause Young (Allocation Failure) 12M->8M(15M) 0.612ms
[189.643s][info][gc] GC(8122) Pause Young (Allocation Failure) 12M->8M(15M) 0.664ms
[189.649s][info][gc] GC(8123) Pause Young (Allocation Failure) 12M->8M(15M) 0.621ms
[189.656s][info][gc] GC(8124) Pause Young (Allocation Failure) 12M->8M(15M) 0.578ms
[189.662s][info][gc] GC(8125) Pause Young (Allocation Failure) 12M->8M(15M) 0.893ms
[189.670s][info][gc] GC(8126) Pause Young (Allocation Failure) 12M->8M(15M) 0.658ms
[189.677s][info][gc] GC(8127) Pause Young (Allocation Failure) 12M->8M(15M) 0.824ms
[189.685s][info][gc] GC(8128) Pause Young (Allocation Failure) 12M->8M(15M) 0.972ms
[189.695s][info][gc] GC(8129) Pause Young (Allocation Failure) 12M->8M(15M) 0.611ms
[189.704s][info][gc] GC(8130) Pause Young (Allocation Failure) 12M->8M(15M) 0.692ms
[189.712s][info][gc] GC(8131) Pause Young (Allocation Failure) 12M->8M(15M) 0.692ms
[189.721s][info][gc] GC(8132) Pause Young (Allocation Failure) 12M->8M(15M) 0.711ms
[189.730s][info][gc] GC(8133) Pause Young (Allocation Failure) 12M->8M(15M) 0.767ms
[189.738s][info][gc] GC(8134) Pause Young (Allocation Failure) 12M->8M(15M) 0.665ms
[189.747s][info][gc] GC(8135) Pause Young (Allocation Failure) 12M->8M(15M) 0.855ms
[189.756s][info][gc] GC(8136) Pause Young (Allocation Failure) 12M->8M(15M) 0.784ms
[189.765s][info][gc] GC(8137) Pause Young (Allocation Failure) 12M->8M(15M) 0.930ms
[189.774s][info][gc] GC(8138) Pause Young (Allocation Failure) 12M->8M(15M) 0.807ms
[189.783s][info][gc] GC(8139) Pause Young (Allocation Failure) 12M->8M(15M) 0.902ms
[189.789s][info][gc] GC(8140) Pause Young (Allocation Failure) 12M->8M(15M) 0.827ms
[189.797s][info][gc] GC(8141) Pause Young (Allocation Failure) 12M->8M(15M) 0.607ms
[189.803s][info][gc] GC(8142) Pause Young (Allocation Failure) 12M->8M(15M) 0.866ms
[189.810s][info][gc] GC(8143) Pause Young (Allocation Failure) 12M->8M(15M) 0.593ms
[189.817s][info][gc] GC(8144) Pause Young (Allocation Failure) 12M->8M(15M) 0.609ms
[189.825s][info][gc] GC(8145) Pause Young (Allocation Failure) 12M->8M(15M) 0.616ms
[189.830s][info][gc] GC(8146) Pause Young (Allocation Failure) 12M->8M(15M) 0.859ms
[189.839s][info][gc] GC(8147) Pause Young (Allocation Failure) 12M->8M(15M) 0.897ms
[189.848s][info][gc] GC(8148) Pause Young (Allocation Failure) 12M->8M(15M) 1.736ms
[189.857s][info][gc] GC(8149) Pause Young (Allocation Failure) 12M->8M(15M) 0.743ms
[189.865s][info][gc] GC(8150) Pause Young (Allocation Failure) 12M->8M(15M) 0.640ms
[189.872s][info][gc] GC(8151) Pause Young (Allocation Failure) 12M->8M(15M) 0.706ms
[189.882s][info][gc] GC(8152) Pause Young (Allocation Failure) 12M->8M(15M) 0.663ms
[189.890s][info][gc] GC(8153) Pause Young (Allocation Failure) 12M->8M(15M) 0.665ms
[189.896s][info][gc] GC(8154) Pause Young (Allocation Failure) 12M->8M(15M) 0.463ms
[189.905s][info][gc] GC(8155) Pause Young (Allocation Failure) 12M->8M(15M) 0.516ms
[189.911s][info][gc] GC(8156) Pause Young (Allocation Failure) 12M->8M(15M) 0.480ms
[189.918s][info][gc] GC(8157) Pause Young (Allocation Failure) 12M->8M(15M) 0.506ms
[189.923s][info][gc] GC(8158) Pause Young (Allocation Failure) 12M->8M(15M) 0.770ms
[189.930s][info][gc] GC(8159) Pause Young (Allocation Failure) 12M->8M(15M) 0.602ms
[189.937s][info][gc] GC(8160) Pause Young (Allocation Failure) 12M->8M(15M) 0.511ms
[189.943s][info][gc] GC(8161) Pause Young (Allocation Failure) 12M->8M(15M) 0.806ms
[189.949s][info][gc] GC(8162) Pause Young (Allocation Failure) 12M->8M(15M) 0.800ms
[189.956s][info][gc] GC(8163) Pause Young (Allocation Failure) 12M->8M(15M) 0.584ms
[189.962s][info][gc] GC(8164) Pause Young (Allocation Failure) 12M->8M(15M) 0.621ms
[189.969s][info][gc] GC(8165) Pause Young (Allocation Failure) 12M->8M(15M) 0.859ms
[189.977s][info][gc] GC(8166) Pause Young (Allocation Failure) 12M->8M(15M) 0.931ms
[189.985s][info][gc] GC(8167) Pause Young (Allocation Failure) 12M->8M(15M) 0.929ms
[189.994s][info][gc] GC(8168) Pause Young (Allocation Failure) 12M->8M(15M) 1.270ms
[190.002s][info][gc] GC(8169) Pause Young (Allocation Failure) 12M->8M(15M) 0.891ms
[190.011s][info][gc] GC(8170) Pause Young (Allocation Failure) 12M->8M(15M) 0.885ms
[190.019s][info][gc] GC(8171) Pause Young (Allocation Failure) 12M->8M(15M) 0.971ms
[190.028s][info][gc] GC(8172) Pause Young (Allocation Failure) 12M->8M(15M) 0.933ms
[190.035s][info][gc] GC(8173) Pause Young (Allocation Failure) 12M->8M(15M) 0.452ms
[190.043s][info][gc] GC(8174) Pause Young (Allocation Failure) 12M->8M(15M) 0.633ms
[190.052s][info][gc] GC(8175) Pause Young (Allocation Failure) 12M->8M(15M) 0.433ms
[190.057s][info][gc] GC(8176) Pause Young (Allocation Failure) 12M->8M(15M) 0.476ms
[190.066s][info][gc] GC(8177) Pause Young (Allocation Failure) 12M->8M(15M) 0.479ms
[190.074s][info][gc] GC(8178) Pause Young (Allocation Failure) 12M->8M(15M) 1.025ms
[190.083s][info][gc] GC(8179) Pause Young (Allocation Failure) 12M->8M(15M) 0.854ms
[190.091s][info][gc] GC(8180) Pause Young (Allocation Failure) 12M->8M(15M) 0.599ms
[190.097s][info][gc] GC(8181) Pause Young (Allocation Failure) 12M->8M(15M) 0.708ms
[190.105s][info][gc] GC(8182) Pause Young (Allocation Failure) 12M->8M(15M) 0.962ms
[190.116s][info][gc] GC(8183) Pause Young (Allocation Failure) 12M->8M(15M) 0.832ms
[190.124s][info][gc] GC(8184) Pause Young (Allocation Failure) 12M->8M(15M) 0.828ms
[190.133s][info][gc] GC(8185) Pause Young (Allocation Failure) 12M->8M(15M) 0.814ms
[190.140s][info][gc] GC(8186) Pause Young (Allocation Failure) 12M->8M(15M) 1.004ms
[190.147s][info][gc] GC(8187) Pause Young (Allocation Failure) 12M->8M(15M) 0.855ms
[190.152s][info][gc] GC(8188) Pause Young (Allocation Failure) 12M->8M(15M) 0.887ms
[190.159s][info][gc] GC(8189) Pause Young (Allocation Failure) 12M->8M(15M) 0.586ms
[190.169s][info][gc] GC(8190) Pause Young (Allocation Failure) 12M->8M(15M) 0.906ms
[190.177s][info][gc] GC(8191) Pause Young (Allocation Failure) 12M->8M(15M) 0.846ms
[190.185s][info][gc] GC(8192) Pause Young (Allocation Failure) 12M->8M(15M) 0.652ms
[190.193s][info][gc] GC(8193) Pause Young (Allocation Failure) 12M->8M(15M) 0.767ms
[190.201s][info][gc] GC(8194) Pause Young (Allocation Failure) 12M->8M(15M) 0.508ms
[190.207s][info][gc] GC(8195) Pause Young (Allocation Failure) 12M->8M(15M) 0.724ms
[190.215s][info][gc] GC(8196) Pause Young (Allocation Failure) 12M->8M(15M) 0.452ms
[190.224s][info][gc] GC(8197) Pause Young (Allocation Failure) 12M->8M(15M) 0.467ms
[190.231s][info][gc] GC(8198) Pause Young (Allocation Failure) 12M->8M(15M) 0.457ms
[190.239s][info][gc] GC(8199) Pause Young (Allocation Failure) 12M->8M(15M) 0.717ms
[190.248s][info][gc] GC(8200) Pause Young (Allocation Failure) 12M->8M(15M) 0.913ms
[190.257s][info][gc] GC(8201) Pause Young (Allocation Failure) 12M->8M(15M) 0.775ms
[190.266s][info][gc] GC(8202) Pause Young (Allocation Failure) 12M->8M(15M) 0.818ms
[190.276s][info][gc] GC(8203) Pause Young (Allocation Failure) 12M->8M(15M) 0.876ms
[190.284s][info][gc] GC(8204) Pause Young (Allocation Failure) 12M->8M(15M) 0.760ms
[190.294s][info][gc] GC(8205) Pause Young (Allocation Failure) 12M->8M(15M) 0.820ms
[190.303s][info][gc] GC(8206) Pause Young (Allocation Failure) 12M->8M(15M) 0.931ms
[190.311s][info][gc] GC(8207) Pause Young (Allocation Failure) 12M->8M(15M) 0.628ms
[190.320s][info][gc] GC(8208) Pause Young (Allocation Failure) 12M->8M(15M) 0.923ms
[190.329s][info][gc] GC(8209) Pause Young (Allocation Failure) 12M->8M(15M) 0.916ms
[190.337s][info][gc] GC(8210) Pause Young (Allocation Failure) 12M->8M(15M) 0.842ms
[190.345s][info][gc] GC(8211) Pause Young (Allocation Failure) 12M->8M(15M) 0.587ms
[190.354s][info][gc] GC(8212) Pause Young (Allocation Failure) 12M->8M(15M) 1.357ms
[190.363s][info][gc] GC(8213) Pause Young (Allocation Failure) 12M->8M(15M) 0.518ms
[190.370s][info][gc] GC(8214) Pause Young (Allocation Failure) 12M->8M(15M) 0.436ms
[190.375s][info][gc] GC(8215) Pause Young (Allocation Failure) 12M->8M(15M) 0.423ms
[190.383s][info][gc] GC(8216) Pause Young (Allocation Failure) 12M->8M(15M) 0.784ms
[190.389s][info][gc] GC(8217) Pause Young (Allocation Failure) 12M->8M(15M) 0.707ms
[190.396s][info][gc] GC(8218) Pause Young (Allocation Failure) 12M->8M(15M) 0.695ms
[190.402s][info][gc] GC(8219) Pause Young (Allocation Failure) 12M->8M(15M) 0.521ms
[190.410s][info][gc] GC(8220) Pause Young (Allocation Failure) 12M->8M(15M) 0.531ms
[190.416s][info][gc] GC(8221) Pause Young (Allocation Failure) 12M->8M(15M) 0.786ms
[190.422s][info][gc] GC(8222) Pause Young (Allocation Failure) 12M->8M(15M) 0.931ms
[190.428s][info][gc] GC(8223) Pause Young (Allocation Failure) 12M->8M(15M) 0.539ms
[190.436s][info][gc] GC(8224) Pause Young (Allocation Failure) 12M->8M(15M) 0.570ms
[190.444s][info][gc] GC(8225) Pause Young (Allocation Failure) 12M->8M(15M) 0.584ms
[190.451s][info][gc] GC(8226) Pause Young (Allocation Failure) 12M->8M(15M) 0.541ms
[190.456s][info][gc] GC(8227) Pause Young (Allocation Failure) 12M->8M(15M) 0.572ms
[190.465s][info][gc] GC(8228) Pause Young (Allocation Failure) 12M->8M(15M) 0.808ms
[190.473s][info][gc] GC(8229) Pause Young (Allocation Failure) 12M->8M(15M) 1.000ms
[190.482s][info][gc] GC(8230) Pause Young (Allocation Failure) 12M->8M(15M) 0.589ms
[190.490s][info][gc] GC(8231) Pause Young (Allocation Failure) 12M->8M(15M) 0.823ms
[190.495s][info][gc] GC(8232) Pause Young (Allocation Failure) 12M->8M(15M) 0.850ms
[190.504s][info][gc] GC(8233) Pause Young (Allocation Failure) 12M->8M(15M) 0.585ms
[190.512s][info][gc] GC(8234) Pause Young (Allocation Failure) 12M->8M(15M) 0.701ms
[190.518s][info][gc] GC(8235) Pause Young (Allocation Failure) 12M->8M(15M) 0.445ms
[190.525s][info][gc] GC(8236) Pause Young (Allocation Failure) 12M->8M(15M) 0.660ms
[190.531s][info][gc] GC(8237) Pause Young (Allocation Failure) 12M->8M(15M) 0.681ms
[190.537s][info][gc] GC(8238) Pause Young (Allocation Failure) 12M->8M(15M) 0.473ms
[190.545s][info][gc] GC(8239) Pause Young (Allocation Failure) 12M->8M(15M) 0.709ms
[190.552s][info][gc] GC(8240) Pause Young (Allocation Failure) 12M->8M(15M) 0.649ms
[190.560s][info][gc] GC(8241) Pause Young (Allocation Failure) 12M->8M(15M) 0.761ms
[190.569s][info][gc] GC(8242) Pause Young (Allocation Failure) 12M->8M(15M) 0.830ms
[190.578s][info][gc] GC(8243) Pause Young (Allocation Failure) 12M->8M(15M) 0.798ms
[190.587s][info][gc] GC(8244) Pause Young (Allocation Failure) 12M->8M(15M) 0.815ms
[190.596s][info][gc] GC(8245) Pause Young (Allocation Failure) 12M->8M(15M) 0.900ms
[190.604s][info][gc] GC(8246) Pause Young (Allocation Failure) 12M->8M(15M) 0.953ms
[190.613s][info][gc] GC(8247) Pause Young (Allocation Failure) 12M->8M(15M) 0.827ms
[190.622s][info][gc] GC(8248) Pause Young (Allocation Failure) 12M->8M(15M) 0.931ms
[190.630s][info][gc] GC(8249) Pause Young (Allocation Failure) 12M->8M(15M) 0.635ms
[190.638s][info][gc] GC(8250) Pause Young (Allocation Failure) 12M->8M(15M) 0.994ms
[190.646s][info][gc] GC(8251) Pause Young (Allocation Failure) 12M->8M(15M) 0.704ms
[190.654s][info][gc] GC(8252) Pause Young (Allocation Failure) 12M->8M(15M) 0.598ms
[190.661s][info][gc] GC(8253) Pause Young (Allocation Failure) 12M->8M(15M) 1.080ms
[190.668s][info][gc] GC(8254) Pause Young (Allocation Failure) 12M->8M(15M) 0.613ms
[190.675s][info][gc] GC(8255) Pause Young (Allocation Failure) 12M->8M(15M) 0.951ms
[190.681s][info][gc] GC(8256) Pause Young (Allocation Failure) 12M->8M(15M) 0.631ms
[190.690s][info][gc] GC(8257) Pause Young (Allocation Failure) 12M->8M(15M) 0.700ms
[190.697s][info][gc] GC(8258) Pause Young (Allocation Failure) 12M->8M(15M) 0.646ms
[190.706s][info][gc] GC(8259) Pause Young (Allocation Failure) 12M->8M(15M) 0.649ms
[190.714s][info][gc] GC(8260) Pause Young (Allocation Failure) 12M->8M(15M) 1.192ms
[190.721s][info][gc] GC(8261) Pause Young (Allocation Failure) 12M->8M(15M) 0.509ms
[190.727s][info][gc] GC(8262) Pause Young (Allocation Failure) 12M->8M(15M) 0.848ms
[190.733s][info][gc] GC(8263) Pause Young (Allocation Failure) 12M->8M(15M) 0.741ms
[190.739s][info][gc] GC(8264) Pause Young (Allocation Failure) 12M->8M(15M) 0.715ms
[190.745s][info][gc] GC(8265) Pause Young (Allocation Failure) 12M->8M(15M) 0.532ms
[190.751s][info][gc] GC(8266) Pause Young (Allocation Failure) 12M->8M(15M) 0.530ms
[190.758s][info][gc] GC(8267) Pause Young (Allocation Failure) 12M->8M(15M) 0.527ms
[190.764s][info][gc] GC(8268) Pause Young (Allocation Failure) 12M->8M(15M) 0.563ms
[190.771s][info][gc] GC(8269) Pause Young (Allocation Failure) 12M->8M(15M) 0.791ms
[190.776s][info][gc] GC(8270) Pause Young (Allocation Failure) 12M->8M(15M) 0.584ms
[190.784s][info][gc] GC(8271) Pause Young (Allocation Failure) 12M->8M(15M) 0.583ms
[190.790s][info][gc] GC(8272) Pause Young (Allocation Failure) 12M->8M(15M) 0.640ms
[190.798s][info][gc] GC(8273) Pause Young (Allocation Failure) 12M->8M(15M) 0.674ms
[190.803s][info][gc] GC(8274) Pause Young (Allocation Failure) 12M->8M(15M) 0.642ms
[190.811s][info][gc] GC(8275) Pause Young (Allocation Failure) 12M->8M(15M) 0.579ms
[190.816s][info][gc] GC(8276) Pause Young (Allocation Failure) 12M->8M(15M) 0.607ms
[190.824s][info][gc] GC(8277) Pause Young (Allocation Failure) 12M->8M(15M) 0.881ms
[190.829s][info][gc] GC(8278) Pause Young (Allocation Failure) 12M->8M(15M) 0.642ms
[190.836s][info][gc] GC(8279) Pause Young (Allocation Failure) 12M->8M(15M) 0.674ms
[190.842s][info][gc] GC(8280) Pause Young (Allocation Failure) 12M->8M(15M) 0.661ms
[190.853s][info][gc] GC(8281) Pause Young (Allocation Failure) 12M->8M(15M) 0.651ms
[190.859s][info][gc] GC(8282) Pause Young (Allocation Failure) 12M->8M(15M) 0.531ms
[190.867s][info][gc] GC(8283) Pause Young (Allocation Failure) 12M->8M(15M) 0.458ms
[190.876s][info][gc] GC(8284) Pause Young (Allocation Failure) 12M->8M(15M) 0.815ms
[190.883s][info][gc] GC(8285) Pause Young (Allocation Failure) 12M->8M(15M) 0.683ms
[190.890s][info][gc] GC(8286) Pause Young (Allocation Failure) 12M->8M(15M) 0.763ms
[190.896s][info][gc] GC(8287) Pause Young (Allocation Failure) 12M->8M(15M) 0.753ms
[190.905s][info][gc] GC(8288) Pause Young (Allocation Failure) 12M->8M(15M) 0.808ms
[190.914s][info][gc] GC(8289) Pause Young (Allocation Failure) 12M->8M(15M) 1.179ms
[190.922s][info][gc] GC(8290) Pause Young (Allocation Failure) 12M->8M(15M) 0.864ms
[190.932s][info][gc] GC(8291) Pause Young (Allocation Failure) 12M->8M(15M) 0.833ms
[190.940s][info][gc] GC(8292) Pause Young (Allocation Failure) 12M->8M(15M) 0.841ms
[190.948s][info][gc] GC(8293) Pause Young (Allocation Failure) 12M->8M(15M) 0.965ms
[190.957s][info][gc] GC(8294) Pause Young (Allocation Failure) 12M->8M(15M) 0.899ms
[190.965s][info][gc] GC(8295) Pause Young (Allocation Failure) 12M->8M(15M) 0.904ms
[190.973s][info][gc] GC(8296) Pause Young (Allocation Failure) 12M->8M(15M) 0.984ms
[190.983s][info][gc] GC(8297) Pause Young (Allocation Failure) 12M->8M(15M) 1.063ms
[190.989s][info][gc] GC(8298) Pause Young (Allocation Failure) 12M->8M(15M) 0.619ms
[190.996s][info][gc] GC(8299) Pause Young (Allocation Failure) 12M->8M(15M) 1.121ms
[191.001s][info][gc] GC(8300) Pause Young (Allocation Failure) 12M->8M(15M) 0.434ms
[191.006s][info][gc] GC(8301) Pause Young (Allocation Failure) 12M->8M(15M) 0.488ms
[191.013s][info][gc] GC(8302) Pause Young (Allocation Failure) 12M->8M(15M) 0.464ms
[191.019s][info][gc] GC(8303) Pause Young (Allocation Failure) 12M->8M(15M) 0.447ms
[191.027s][info][gc] GC(8304) Pause Young (Allocation Failure) 12M->8M(15M) 0.639ms
[191.032s][info][gc] GC(8305) Pause Young (Allocation Failure) 12M->8M(15M) 0.707ms
[191.039s][info][gc] GC(8306) Pause Young (Allocation Failure) 12M->8M(15M) 0.498ms
[191.045s][info][gc] GC(8307) Pause Young (Allocation Failure) 12M->8M(15M) 0.544ms
[191.052s][info][gc] GC(8308) Pause Young (Allocation Failure) 12M->8M(15M) 0.547ms
[191.060s][info][gc] GC(8309) Pause Young (Allocation Failure) 12M->8M(15M) 0.772ms
[191.068s][info][gc] GC(8310) Pause Young (Allocation Failure) 12M->8M(15M) 1.027ms
[191.077s][info][gc] GC(8311) Pause Young (Allocation Failure) 12M->8M(15M) 0.880ms
[191.084s][info][gc] GC(8312) Pause Young (Allocation Failure) 12M->8M(15M) 0.551ms
[191.092s][info][gc] GC(8313) Pause Young (Allocation Failure) 12M->8M(15M) 1.038ms
[191.100s][info][gc] GC(8314) Pause Young (Allocation Failure) 12M->8M(15M) 0.772ms
[191.107s][info][gc] GC(8315) Pause Young (Allocation Failure) 12M->8M(15M) 0.952ms
[191.116s][info][gc] GC(8316) Pause Young (Allocation Failure) 12M->8M(15M) 0.859ms
[191.123s][info][gc] GC(8317) Pause Young (Allocation Failure) 12M->8M(15M) 0.644ms
[191.131s][info][gc] GC(8318) Pause Young (Allocation Failure) 12M->8M(15M) 0.629ms
[191.137s][info][gc] GC(8319) Pause Young (Allocation Failure) 12M->8M(15M) 0.878ms
[191.145s][info][gc] GC(8320) Pause Young (Allocation Failure) 12M->8M(15M) 0.429ms
[191.151s][info][gc] GC(8321) Pause Young (Allocation Failure) 12M->8M(15M) 0.427ms
[191.158s][info][gc] GC(8322) Pause Young (Allocation Failure) 12M->8M(15M) 0.659ms
[191.166s][info][gc] GC(8323) Pause Young (Allocation Failure) 12M->8M(15M) 0.452ms
[191.173s][info][gc] GC(8324) Pause Young (Allocation Failure) 12M->8M(15M) 0.466ms
[191.182s][info][gc] GC(8325) Pause Young (Allocation Failure) 12M->8M(15M) 0.872ms
[191.187s][info][gc] GC(8326) Pause Young (Allocation Failure) 12M->8M(15M) 0.702ms
[191.197s][info][gc] GC(8327) Pause Young (Allocation Failure) 12M->8M(15M) 0.730ms
[191.205s][info][gc] GC(8328) Pause Young (Allocation Failure) 12M->8M(15M) 0.654ms
[191.213s][info][gc] GC(8329) Pause Young (Allocation Failure) 12M->8M(15M) 0.700ms
[191.221s][info][gc] GC(8330) Pause Young (Allocation Failure) 12M->8M(15M) 0.860ms
[191.230s][info][gc] GC(8331) Pause Young (Allocation Failure) 12M->8M(15M) 0.807ms
[191.239s][info][gc] GC(8332) Pause Young (Allocation Failure) 12M->8M(15M) 0.698ms
[191.247s][info][gc] GC(8333) Pause Young (Allocation Failure) 12M->8M(15M) 0.824ms
[191.255s][info][gc] GC(8334) Pause Young (Allocation Failure) 12M->8M(15M) 0.743ms
[191.264s][info][gc] GC(8335) Pause Young (Allocation Failure) 12M->8M(15M) 0.773ms
[191.272s][info][gc] GC(8336) Pause Young (Allocation Failure) 12M->8M(15M) 0.818ms
[191.281s][info][gc] GC(8337) Pause Young (Allocation Failure) 12M->8M(15M) 0.912ms
[191.290s][info][gc] GC(8338) Pause Young (Allocation Failure) 12M->8M(15M) 0.918ms
[191.298s][info][gc] GC(8339) Pause Young (Allocation Failure) 12M->8M(15M) 0.811ms
[191.307s][info][gc] GC(8340) Pause Young (Allocation Failure) 12M->8M(15M) 0.842ms
[191.317s][info][gc] GC(8341) Pause Young (Allocation Failure) 12M->8M(15M) 0.896ms
[191.324s][info][gc] GC(8342) Pause Young (Allocation Failure) 12M->8M(15M) 0.825ms
[191.331s][info][gc] GC(8343) Pause Young (Allocation Failure) 12M->8M(15M) 0.644ms
[191.338s][info][gc] GC(8344) Pause Young (Allocation Failure) 12M->8M(15M) 0.427ms
[191.346s][info][gc] GC(8345) Pause Young (Allocation Failure) 12M->8M(15M) 0.627ms
[191.351s][info][gc] GC(8346) Pause Young (Allocation Failure) 12M->8M(15M) 0.628ms
[191.358s][info][gc] GC(8347) Pause Young (Allocation Failure) 12M->8M(15M) 0.467ms
[191.366s][info][gc] GC(8348) Pause Young (Allocation Failure) 12M->8M(15M) 1.324ms
[191.375s][info][gc] GC(8349) Pause Young (Allocation Failure) 12M->8M(15M) 0.512ms
[191.381s][info][gc] GC(8350) Pause Young (Allocation Failure) 12M->8M(15M) 0.817ms
[191.388s][info][gc] GC(8351) Pause Young (Allocation Failure) 12M->8M(15M) 0.505ms
[191.395s][info][gc] GC(8352) Pause Young (Allocation Failure) 12M->8M(15M) 1.151ms
[191.401s][info][gc] GC(8353) Pause Young (Allocation Failure) 12M->8M(15M) 0.528ms
[191.409s][info][gc] GC(8354) Pause Young (Allocation Failure) 12M->8M(15M) 1.066ms
[191.417s][info][gc] GC(8355) Pause Young (Allocation Failure) 12M->8M(15M) 0.520ms
[191.424s][info][gc] GC(8356) Pause Young (Allocation Failure) 12M->8M(15M) 0.674ms
[191.430s][info][gc] GC(8357) Pause Young (Allocation Failure) 12M->8M(15M) 0.844ms
[191.437s][info][gc] GC(8358) Pause Young (Allocation Failure) 12M->8M(15M) 0.594ms
[191.442s][info][gc] GC(8359) Pause Young (Allocation Failure) 12M->8M(15M) 0.697ms
[191.451s][info][gc] GC(8360) Pause Young (Allocation Failure) 12M->8M(15M) 0.581ms
[191.456s][info][gc] GC(8361) Pause Young (Allocation Failure) 12M->8M(15M) 0.569ms
[191.463s][info][gc] GC(8362) Pause Young (Allocation Failure) 12M->8M(15M) 0.910ms
[191.471s][info][gc] GC(8363) Pause Young (Allocation Failure) 12M->8M(15M) 0.840ms
[191.480s][info][gc] GC(8364) Pause Young (Allocation Failure) 12M->8M(15M) 0.842ms
[191.489s][info][gc] GC(8365) Pause Young (Allocation Failure) 12M->8M(15M) 0.689ms
[191.497s][info][gc] GC(8366) Pause Young (Allocation Failure) 12M->8M(15M) 0.580ms
[191.505s][info][gc] GC(8367) Pause Young (Allocation Failure) 12M->8M(15M) 0.625ms
[191.513s][info][gc] GC(8368) Pause Young (Allocation Failure) 12M->8M(15M) 0.635ms
[191.522s][info][gc] GC(8369) Pause Young (Allocation Failure) 12M->8M(15M) 0.693ms
[191.531s][info][gc] GC(8370) Pause Young (Allocation Failure) 12M->8M(15M) 0.689ms
[191.540s][info][gc] GC(8371) Pause Young (Allocation Failure) 12M->8M(15M) 0.750ms
[191.549s][info][gc] GC(8372) Pause Young (Allocation Failure) 12M->8M(15M) 0.834ms
[191.558s][info][gc] GC(8373) Pause Young (Allocation Failure) 12M->8M(15M) 0.763ms
[191.567s][info][gc] GC(8374) Pause Young (Allocation Failure) 12M->8M(15M) 0.789ms
[191.575s][info][gc] GC(8375) Pause Young (Allocation Failure) 12M->8M(15M) 0.785ms
[191.584s][info][gc] GC(8376) Pause Young (Allocation Failure) 12M->8M(15M) 0.866ms
[191.593s][info][gc] GC(8377) Pause Young (Allocation Failure) 12M->8M(15M) 0.893ms
[191.601s][info][gc] GC(8378) Pause Young (Allocation Failure) 12M->8M(15M) 1.027ms
[191.611s][info][gc] GC(8379) Pause Young (Allocation Failure) 12M->8M(15M) 0.995ms
[191.617s][info][gc] GC(8380) Pause Young (Allocation Failure) 12M->8M(15M) 0.924ms
[191.625s][info][gc] GC(8381) Pause Young (Allocation Failure) 12M->8M(15M) 0.583ms
[191.631s][info][gc] GC(8382) Pause Young (Allocation Failure) 12M->8M(15M) 0.784ms
[191.639s][info][gc] GC(8383) Pause Young (Allocation Failure) 12M->8M(15M) 0.890ms
[191.647s][info][gc] GC(8384) Pause Young (Allocation Failure) 12M->8M(15M) 0.806ms
[191.655s][info][gc] GC(8385) Pause Young (Allocation Failure) 12M->8M(15M) 0.643ms
[191.660s][info][gc] GC(8386) Pause Young (Allocation Failure) 12M->8M(15M) 0.461ms
[191.667s][info][gc] GC(8387) Pause Young (Allocation Failure) 12M->8M(15M) 0.550ms
[191.672s][info][gc] GC(8388) Pause Young (Allocation Failure) 12M->8M(15M) 0.479ms
[191.681s][info][gc] GC(8389) Pause Young (Allocation Failure) 12M->8M(15M) 0.705ms
[191.689s][info][gc] GC(8390) Pause Young (Allocation Failure) 12M->8M(15M) 0.807ms
[191.697s][info][gc] GC(8391) Pause Young (Allocation Failure) 12M->8M(15M) 0.727ms
[191.705s][info][gc] GC(8392) Pause Young (Allocation Failure) 12M->8M(15M) 0.719ms
[191.711s][info][gc] GC(8393) Pause Young (Allocation Failure) 12M->8M(15M) 0.794ms
[191.717s][info][gc] GC(8394) Pause Young (Allocation Failure) 12M->8M(15M) 0.691ms
[191.725s][info][gc] GC(8395) Pause Young (Allocation Failure) 12M->8M(15M) 0.506ms
[191.732s][info][gc] GC(8396) Pause Young (Allocation Failure) 12M->8M(15M) 0.543ms
[191.740s][info][gc] GC(8397) Pause Young (Allocation Failure) 12M->8M(15M) 0.601ms
[191.748s][info][gc] GC(8398) Pause Young (Allocation Failure) 12M->8M(15M) 0.628ms
[191.755s][info][gc] GC(8399) Pause Young (Allocation Failure) 12M->8M(15M) 0.816ms
[191.763s][info][gc] GC(8400) Pause Young (Allocation Failure) 12M->8M(15M) 0.611ms
[191.771s][info][gc] GC(8401) Pause Young (Allocation Failure) 12M->8M(15M) 0.691ms
[191.778s][info][gc] GC(8402) Pause Young (Allocation Failure) 12M->8M(15M) 0.591ms
[191.785s][info][gc] GC(8403) Pause Young (Allocation Failure) 12M->8M(15M) 0.830ms
[191.791s][info][gc] GC(8404) Pause Young (Allocation Failure) 12M->8M(15M) 0.864ms
[191.801s][info][gc] GC(8405) Pause Young (Allocation Failure) 12M->8M(15M) 0.850ms
[191.810s][info][gc] GC(8406) Pause Young (Allocation Failure) 12M->8M(15M) 0.882ms
[191.818s][info][gc] GC(8407) Pause Young (Allocation Failure) 12M->8M(15M) 0.618ms
[191.827s][info][gc] GC(8408) Pause Young (Allocation Failure) 12M->8M(15M) 0.674ms
[191.835s][info][gc] GC(8409) Pause Young (Allocation Failure) 12M->8M(15M) 0.749ms
[191.843s][info][gc] GC(8410) Pause Young (Allocation Failure) 12M->8M(15M) 0.715ms
[191.854s][info][gc] GC(8411) Pause Young (Allocation Failure) 12M->8M(15M) 0.711ms
[191.864s][info][gc] GC(8412) Pause Young (Allocation Failure) 12M->8M(15M) 0.681ms
[191.872s][info][gc] GC(8413) Pause Young (Allocation Failure) 12M->8M(15M) 0.635ms
[191.881s][info][gc] GC(8414) Pause Young (Allocation Failure) 12M->8M(15M) 0.706ms
[191.890s][info][gc] GC(8415) Pause Young (Allocation Failure) 12M->8M(15M) 0.753ms
[191.899s][info][gc] GC(8416) Pause Young (Allocation Failure) 12M->8M(15M) 0.734ms
[191.907s][info][gc] GC(8417) Pause Young (Allocation Failure) 12M->8M(15M) 0.609ms
[191.917s][info][gc] GC(8418) Pause Young (Allocation Failure) 12M->8M(15M) 0.842ms
[191.925s][info][gc] GC(8419) Pause Young (Allocation Failure) 12M->8M(15M) 0.822ms
[191.934s][info][gc] GC(8420) Pause Young (Allocation Failure) 12M->8M(15M) 0.823ms
[191.941s][info][gc] GC(8421) Pause Young (Allocation Failure) 12M->8M(15M) 0.812ms
[191.948s][info][gc] GC(8422) Pause Young (Allocation Failure) 12M->8M(15M) 0.838ms
[191.953s][info][gc] GC(8423) Pause Young (Allocation Failure) 12M->8M(15M) 0.826ms
[191.960s][info][gc] GC(8424) Pause Young (Allocation Failure) 12M->8M(15M) 0.642ms
[191.967s][info][gc] GC(8425) Pause Young (Allocation Failure) 12M->8M(15M) 0.734ms
[191.974s][info][gc] GC(8426) Pause Young (Allocation Failure) 12M->8M(15M) 0.859ms
[191.979s][info][gc] GC(8427) Pause Young (Allocation Failure) 12M->8M(15M) 0.764ms
[191.987s][info][gc] GC(8428) Pause Young (Allocation Failure) 12M->8M(15M) 0.756ms
[191.993s][info][gc] GC(8429) Pause Young (Allocation Failure) 12M->8M(15M) 0.624ms
[192.001s][info][gc] GC(8430) Pause Young (Allocation Failure) 12M->8M(15M) 0.595ms
[192.007s][info][gc] GC(8431) Pause Young (Allocation Failure) 12M->8M(15M) 0.620ms
[192.013s][info][gc] GC(8432) Pause Young (Allocation Failure) 12M->8M(15M) 0.617ms
[192.019s][info][gc] GC(8433) Pause Young (Allocation Failure) 12M->8M(15M) 0.618ms
[192.027s][info][gc] GC(8434) Pause Young (Allocation Failure) 12M->8M(15M) 0.448ms
[192.032s][info][gc] GC(8435) Pause Young (Allocation Failure) 12M->8M(15M) 0.515ms
[192.039s][info][gc] GC(8436) Pause Young (Allocation Failure) 12M->8M(15M) 0.477ms
[192.045s][info][gc] GC(8437) Pause Young (Allocation Failure) 12M->8M(15M) 0.519ms
[192.053s][info][gc] GC(8438) Pause Young (Allocation Failure) 12M->8M(15M) 0.499ms
[192.060s][info][gc] GC(8439) Pause Young (Allocation Failure) 12M->8M(15M) 0.736ms
[192.070s][info][gc] GC(8440) Pause Young (Allocation Failure) 12M->8M(15M) 0.799ms
[192.079s][info][gc] GC(8441) Pause Young (Allocation Failure) 12M->8M(15M) 0.764ms
[192.085s][info][gc] GC(8442) Pause Young (Allocation Failure) 12M->8M(15M) 0.546ms
[192.093s][info][gc] GC(8443) Pause Young (Allocation Failure) 12M->8M(15M) 0.590ms
[192.100s][info][gc] GC(8444) Pause Young (Allocation Failure) 12M->8M(15M) 0.562ms
[192.109s][info][gc] GC(8445) Pause Young (Allocation Failure) 12M->8M(15M) 0.578ms
[192.115s][info][gc] GC(8446) Pause Young (Allocation Failure) 12M->8M(15M) 0.972ms
[192.122s][info][gc] GC(8447) Pause Young (Allocation Failure) 12M->8M(15M) 0.708ms
[192.131s][info][gc] GC(8448) Pause Young (Allocation Failure) 12M->8M(15M) 0.837ms
[192.138s][info][gc] GC(8449) Pause Young (Allocation Failure) 12M->8M(15M) 0.938ms
[192.146s][info][gc] GC(8450) Pause Young (Allocation Failure) 12M->8M(15M) 0.877ms
[192.154s][info][gc] GC(8451) Pause Young (Allocation Failure) 12M->8M(15M) 0.421ms
[192.160s][info][gc] GC(8452) Pause Young (Allocation Failure) 12M->8M(15M) 0.708ms
[192.168s][info][gc] GC(8453) Pause Young (Allocation Failure) 12M->8M(15M) 0.907ms
[192.177s][info][gc] GC(8454) Pause Young (Allocation Failure) 12M->8M(15M) 0.667ms
[192.187s][info][gc] GC(8455) Pause Young (Allocation Failure) 12M->8M(15M) 0.837ms
[192.195s][info][gc] GC(8456) Pause Young (Allocation Failure) 12M->8M(15M) 0.858ms
[192.203s][info][gc] GC(8457) Pause Young (Allocation Failure) 12M->8M(15M) 0.702ms
[192.212s][info][gc] GC(8458) Pause Young (Allocation Failure) 12M->8M(15M) 0.847ms
[192.221s][info][gc] GC(8459) Pause Young (Allocation Failure) 12M->8M(15M) 0.834ms
[192.231s][info][gc] GC(8460) Pause Young (Allocation Failure) 12M->8M(15M) 0.870ms
[192.239s][info][gc] GC(8461) Pause Young (Allocation Failure) 12M->8M(15M) 0.765ms
[192.248s][info][gc] GC(8462) Pause Young (Allocation Failure) 12M->8M(15M) 0.827ms
[192.257s][info][gc] GC(8463) Pause Young (Allocation Failure) 12M->8M(15M) 0.800ms
[192.265s][info][gc] GC(8464) Pause Young (Allocation Failure) 12M->8M(15M) 0.921ms
[192.274s][info][gc] GC(8465) Pause Young (Allocation Failure) 12M->8M(15M) 0.838ms
[192.282s][info][gc] GC(8466) Pause Young (Allocation Failure) 12M->8M(15M) 0.757ms
[192.291s][info][gc] GC(8467) Pause Young (Allocation Failure) 12M->8M(15M) 0.929ms
[192.300s][info][gc] GC(8468) Pause Young (Allocation Failure) 12M->8M(15M) 0.915ms
[192.308s][info][gc] GC(8469) Pause Young (Allocation Failure) 12M->8M(15M) 0.566ms
[192.314s][info][gc] GC(8470) Pause Young (Allocation Failure) 12M->8M(15M) 0.646ms
[192.322s][info][gc] GC(8471) Pause Young (Allocation Failure) 12M->8M(15M) 0.713ms
[192.332s][info][gc] GC(8472) Pause Young (Allocation Failure) 12M->8M(15M) 0.399ms
[192.339s][info][gc] GC(8473) Pause Young (Allocation Failure) 12M->8M(15M) 0.480ms
[192.347s][info][gc] GC(8474) Pause Young (Allocation Failure) 12M->8M(15M) 0.443ms
[192.353s][info][gc] GC(8475) Pause Young (Allocation Failure) 12M->8M(15M) 0.639ms
[192.361s][info][gc] GC(8476) Pause Young (Allocation Failure) 12M->8M(15M) 0.480ms
[192.367s][info][gc] GC(8477) Pause Young (Allocation Failure) 12M->8M(15M) 0.660ms
[192.375s][info][gc] GC(8478) Pause Young (Allocation Failure) 12M->8M(15M) 0.472ms
[192.380s][info][gc] GC(8479) Pause Young (Allocation Failure) 12M->8M(15M) 0.574ms
[192.387s][info][gc] GC(8480) Pause Young (Allocation Failure) 12M->8M(15M) 0.735ms
[192.394s][info][gc] GC(8481) Pause Young (Allocation Failure) 12M->8M(15M) 0.544ms
[192.402s][info][gc] GC(8482) Pause Young (Allocation Failure) 12M->8M(15M) 0.713ms
[192.408s][info][gc] GC(8483) Pause Young (Allocation Failure) 12M->8M(15M) 0.725ms
[192.414s][info][gc] GC(8484) Pause Young (Allocation Failure) 12M->8M(15M) 0.548ms
[192.420s][info][gc] GC(8485) Pause Young (Allocation Failure) 12M->8M(15M) 0.749ms
[192.427s][info][gc] GC(8486) Pause Young (Allocation Failure) 12M->8M(15M) 0.625ms
[192.434s][info][gc] GC(8487) Pause Young (Allocation Failure) 12M->8M(15M) 0.929ms
[192.441s][info][gc] GC(8488) Pause Young (Allocation Failure) 12M->8M(15M) 0.652ms
[192.447s][info][gc] GC(8489) Pause Young (Allocation Failure) 12M->8M(15M) 0.842ms
[192.453s][info][gc] GC(8490) Pause Young (Allocation Failure) 12M->8M(15M) 0.839ms
[192.459s][info][gc] GC(8491) Pause Young (Allocation Failure) 12M->8M(15M) 0.866ms
[192.467s][info][gc] GC(8492) Pause Young (Allocation Failure) 12M->8M(15M) 0.798ms
[192.473s][info][gc] GC(8493) Pause Young (Allocation Failure) 12M->8M(15M) 0.581ms
[192.482s][info][gc] GC(8494) Pause Young (Allocation Failure) 12M->8M(15M) 0.589ms
[192.487s][info][gc] GC(8495) Pause Young (Allocation Failure) 12M->8M(15M) 0.407ms
[192.495s][info][gc] GC(8496) Pause Young (Allocation Failure) 12M->8M(15M) 0.422ms
[192.502s][info][gc] GC(8497) Pause Young (Allocation Failure) 12M->8M(15M) 0.715ms
[192.509s][info][gc] GC(8498) Pause Young (Allocation Failure) 12M->8M(15M) 0.676ms
[192.515s][info][gc] GC(8499) Pause Young (Allocation Failure) 12M->8M(15M) 0.658ms
[192.522s][info][gc] GC(8500) Pause Young (Allocation Failure) 12M->8M(15M) 0.469ms
[192.530s][info][gc] GC(8501) Pause Young (Allocation Failure) 12M->8M(15M) 0.850ms
[192.538s][info][gc] GC(8502) Pause Young (Allocation Failure) 12M->8M(15M) 0.495ms
[192.546s][info][gc] GC(8503) Pause Young (Allocation Failure) 12M->8M(15M) 0.768ms
[192.554s][info][gc] GC(8504) Pause Young (Allocation Failure) 12M->8M(15M) 0.548ms
[192.562s][info][gc] GC(8505) Pause Young (Allocation Failure) 12M->8M(15M) 0.605ms
[192.571s][info][gc] GC(8506) Pause Young (Allocation Failure) 12M->8M(15M) 1.135ms
[192.576s][info][gc] GC(8507) Pause Young (Allocation Failure) 12M->8M(15M) 0.815ms
[192.583s][info][gc] GC(8508) Pause Young (Allocation Failure) 12M->8M(15M) 1.181ms
[192.590s][info][gc] GC(8509) Pause Young (Allocation Failure) 12M->8M(15M) 0.599ms
[192.599s][info][gc] GC(8510) Pause Young (Allocation Failure) 12M->8M(15M) 0.631ms
[192.607s][info][gc] GC(8511) Pause Young (Allocation Failure) 12M->8M(15M) 0.587ms
[192.614s][info][gc] GC(8512) Pause Young (Allocation Failure) 12M->8M(15M) 0.623ms
[192.620s][info][gc] GC(8513) Pause Young (Allocation Failure) 12M->8M(15M) 0.615ms
[192.627s][info][gc] GC(8514) Pause Young (Allocation Failure) 12M->8M(15M) 0.988ms
[192.634s][info][gc] GC(8515) Pause Young (Allocation Failure) 12M->8M(15M) 1.022ms
[192.643s][info][gc] GC(8516) Pause Young (Allocation Failure) 12M->8M(15M) 0.934ms
[192.652s][info][gc] GC(8517) Pause Young (Allocation Failure) 12M->8M(15M) 0.893ms
[192.660s][info][gc] GC(8518) Pause Young (Allocation Failure) 12M->8M(15M) 0.741ms
[192.669s][info][gc] GC(8519) Pause Young (Allocation Failure) 12M->8M(15M) 0.649ms
[192.679s][info][gc] GC(8520) Pause Young (Allocation Failure) 12M->8M(15M) 0.650ms
[192.688s][info][gc] GC(8521) Pause Young (Allocation Failure) 12M->8M(15M) 0.675ms
[192.697s][info][gc] GC(8522) Pause Young (Allocation Failure) 12M->8M(15M) 0.683ms
[192.706s][info][gc] GC(8523) Pause Young (Allocation Failure) 12M->8M(15M) 0.773ms
[192.714s][info][gc] GC(8524) Pause Young (Allocation Failure) 12M->8M(15M) 0.731ms
[192.723s][info][gc] GC(8525) Pause Young (Allocation Failure) 12M->8M(15M) 0.653ms
[192.732s][info][gc] GC(8526) Pause Young (Allocation Failure) 12M->8M(15M) 0.921ms
[192.740s][info][gc] GC(8527) Pause Young (Allocation Failure) 12M->8M(15M) 0.751ms
[192.749s][info][gc] GC(8528) Pause Young (Allocation Failure) 12M->8M(15M) 0.767ms
[192.758s][info][gc] GC(8529) Pause Young (Allocation Failure) 12M->8M(15M) 0.959ms
[192.766s][info][gc] GC(8530) Pause Young (Allocation Failure) 12M->8M(15M) 0.798ms
[192.775s][info][gc] GC(8531) Pause Young (Allocation Failure) 12M->8M(15M) 0.821ms
[192.785s][info][gc] GC(8532) Pause Young (Allocation Failure) 12M->8M(15M) 0.896ms
[192.793s][info][gc] GC(8533) Pause Young (Allocation Failure) 12M->8M(15M) 0.891ms
[192.803s][info][gc] GC(8534) Pause Young (Allocation Failure) 12M->8M(15M) 0.899ms
[192.812s][info][gc] GC(8535) Pause Young (Allocation Failure) 12M->8M(15M) 0.904ms
[192.820s][info][gc] GC(8536) Pause Young (Allocation Failure) 12M->8M(15M) 0.623ms
[192.829s][info][gc] GC(8537) Pause Young (Allocation Failure) 12M->8M(15M) 0.634ms
[192.835s][info][gc] GC(8538) Pause Young (Allocation Failure) 12M->8M(15M) 0.650ms
[192.843s][info][gc] GC(8539) Pause Young (Allocation Failure) 12M->8M(15M) 0.435ms
[192.853s][info][gc] GC(8540) Pause Young (Allocation Failure) 12M->8M(15M) 0.741ms
[192.861s][info][gc] GC(8541) Pause Young (Allocation Failure) 12M->8M(15M) 0.894ms
[192.870s][info][gc] GC(8542) Pause Young (Allocation Failure) 12M->8M(15M) 0.461ms
[192.878s][info][gc] GC(8543) Pause Young (Allocation Failure) 12M->8M(15M) 0.824ms
[192.885s][info][gc] GC(8544) Pause Young (Allocation Failure) 12M->8M(15M) 0.462ms
[192.892s][info][gc] GC(8545) Pause Young (Allocation Failure) 12M->8M(15M) 0.680ms
[192.899s][info][gc] GC(8546) Pause Young (Allocation Failure) 12M->8M(15M) 0.469ms
[192.908s][info][gc] GC(8547) Pause Young (Allocation Failure) 12M->8M(15M) 0.467ms
[192.913s][info][gc] GC(8548) Pause Young (Allocation Failure) 12M->8M(15M) 0.730ms
[192.922s][info][gc] GC(8549) Pause Young (Allocation Failure) 12M->8M(15M) 0.502ms
[192.928s][info][gc] GC(8550) Pause Young (Allocation Failure) 12M->8M(15M) 0.617ms
[192.936s][info][gc] GC(8551) Pause Young (Allocation Failure) 12M->8M(15M) 0.546ms
[192.943s][info][gc] GC(8552) Pause Young (Allocation Failure) 12M->8M(15M) 1.004ms
[192.951s][info][gc] GC(8553) Pause Young (Allocation Failure) 12M->8M(15M) 0.570ms
[192.957s][info][gc] GC(8554) Pause Young (Allocation Failure) 12M->8M(15M) 1.055ms
[192.965s][info][gc] GC(8555) Pause Young (Allocation Failure) 12M->8M(15M) 0.591ms
[192.973s][info][gc] GC(8556) Pause Young (Allocation Failure) 12M->8M(15M) 0.564ms
[192.980s][info][gc] GC(8557) Pause Young (Allocation Failure) 12M->8M(15M) 1.011ms
[192.988s][info][gc] GC(8558) Pause Young (Allocation Failure) 12M->8M(15M) 0.922ms
[192.995s][info][gc] GC(8559) Pause Young (Allocation Failure) 12M->8M(15M) 0.661ms
[193.004s][info][gc] GC(8560) Pause Young (Allocation Failure) 12M->8M(15M) 0.849ms
[193.012s][info][gc] GC(8561) Pause Young (Allocation Failure) 12M->8M(15M) 1.036ms
[193.018s][info][gc] GC(8562) Pause Young (Allocation Failure) 12M->8M(15M) 0.682ms
[193.025s][info][gc] GC(8563) Pause Young (Allocation Failure) 12M->8M(15M) 0.986ms
[193.032s][info][gc] GC(8564) Pause Young (Allocation Failure) 12M->8M(15M) 0.670ms
[193.041s][info][gc] GC(8565) Pause Young (Allocation Failure) 12M->8M(15M) 0.675ms
[193.049s][info][gc] GC(8566) Pause Young (Allocation Failure) 12M->8M(15M) 0.652ms
[193.058s][info][gc] GC(8567) Pause Young (Allocation Failure) 12M->8M(15M) 0.726ms
[193.067s][info][gc] GC(8568) Pause Young (Allocation Failure) 12M->8M(15M) 0.725ms
[193.075s][info][gc] GC(8569) Pause Young (Allocation Failure) 12M->8M(15M) 0.724ms
[193.083s][info][gc] GC(8570) Pause Young (Allocation Failure) 12M->8M(15M) 0.730ms
[193.092s][info][gc] GC(8571) Pause Young (Allocation Failure) 12M->8M(15M) 0.878ms
[193.106s][info][gc] GC(8572) Pause Young (Allocation Failure) 12M->8M(15M) 0.796ms
[193.114s][info][gc] GC(8573) Pause Young (Allocation Failure) 12M->8M(15M) 0.749ms
[193.123s][info][gc] GC(8574) Pause Young (Allocation Failure) 12M->8M(15M) 0.853ms
[193.132s][info][gc] GC(8575) Pause Young (Allocation Failure) 12M->8M(15M) 0.892ms
[193.141s][info][gc] GC(8576) Pause Young (Allocation Failure) 12M->8M(15M) 0.849ms
[193.150s][info][gc] GC(8577) Pause Young (Allocation Failure) 12M->8M(15M) 0.884ms
[193.159s][info][gc] GC(8578) Pause Young (Allocation Failure) 12M->8M(15M) 1.026ms
[193.167s][info][gc] GC(8579) Pause Young (Allocation Failure) 12M->8M(15M) 0.865ms
[193.176s][info][gc] GC(8580) Pause Young (Allocation Failure) 12M->8M(15M) 0.993ms
[193.185s][info][gc] GC(8581) Pause Young (Allocation Failure) 12M->8M(15M) 0.853ms
[193.193s][info][gc] GC(8582) Pause Young (Allocation Failure) 12M->8M(15M) 0.899ms
[193.203s][info][gc] GC(8583) Pause Young (Allocation Failure) 12M->8M(15M) 0.655ms
[193.212s][info][gc] GC(8584) Pause Young (Allocation Failure) 12M->8M(15M) 0.760ms
[193.220s][info][gc] GC(8585) Pause Young (Allocation Failure) 12M->8M(15M) 0.691ms
[193.229s][info][gc] GC(8586) Pause Young (Allocation Failure) 12M->8M(15M) 0.667ms
[193.237s][info][gc] GC(8587) Pause Young (Allocation Failure) 12M->8M(15M) 0.879ms
[193.245s][info][gc] GC(8588) Pause Young (Allocation Failure) 12M->8M(15M) 0.516ms
[193.254s][info][gc] GC(8589) Pause Young (Allocation Failure) 12M->8M(15M) 0.763ms
[193.262s][info][gc] GC(8590) Pause Young (Allocation Failure) 12M->8M(15M) 0.626ms
[193.269s][info][gc] GC(8591) Pause Young (Allocation Failure) 12M->8M(15M) 0.772ms
[193.275s][info][gc] GC(8592) Pause Young (Allocation Failure) 12M->8M(15M) 0.831ms
[193.282s][info][gc] GC(8593) Pause Young (Allocation Failure) 12M->8M(15M) 0.587ms
[193.289s][info][gc] GC(8594) Pause Young (Allocation Failure) 12M->8M(15M) 0.786ms
[193.299s][info][gc] GC(8595) Pause Young (Allocation Failure) 12M->8M(15M) 0.703ms
[193.307s][info][gc] GC(8596) Pause Young (Allocation Failure) 12M->8M(15M) 0.950ms
[193.314s][info][gc] GC(8597) Pause Young (Allocation Failure) 12M->8M(15M) 0.644ms
[193.321s][info][gc] GC(8598) Pause Young (Allocation Failure) 12M->8M(15M) 0.689ms
[193.327s][info][gc] GC(8599) Pause Young (Allocation Failure) 12M->8M(15M) 0.879ms
[193.335s][info][gc] GC(8600) Pause Young (Allocation Failure) 12M->8M(15M) 0.642ms
[193.343s][info][gc] GC(8601) Pause Young (Allocation Failure) 12M->8M(15M) 1.131ms
[193.350s][info][gc] GC(8602) Pause Young (Allocation Failure) 12M->8M(15M) 1.218ms
[193.357s][info][gc] GC(8603) Pause Young (Allocation Failure) 12M->8M(15M) 0.746ms
[193.363s][info][gc] GC(8604) Pause Young (Allocation Failure) 12M->8M(15M) 0.439ms
[193.368s][info][gc] GC(8605) Pause Young (Allocation Failure) 12M->8M(15M) 0.621ms
[193.376s][info][gc] GC(8606) Pause Young (Allocation Failure) 12M->8M(15M) 0.470ms
[193.384s][info][gc] GC(8607) Pause Young (Allocation Failure) 12M->8M(15M) 0.742ms
[193.393s][info][gc] GC(8608) Pause Young (Allocation Failure) 12M->8M(15M) 0.497ms
[193.400s][info][gc] GC(8609) Pause Young (Allocation Failure) 12M->8M(15M) 0.477ms
[193.408s][info][gc] GC(8610) Pause Young (Allocation Failure) 12M->8M(15M) 0.847ms
[193.415s][info][gc] GC(8611) Pause Young (Allocation Failure) 12M->8M(15M) 0.833ms
[193.422s][info][gc] GC(8612) Pause Young (Allocation Failure) 12M->8M(15M) 0.768ms
[193.429s][info][gc] GC(8613) Pause Young (Allocation Failure) 12M->8M(15M) 0.520ms
[193.435s][info][gc] GC(8614) Pause Young (Allocation Failure) 12M->8M(15M) 0.777ms
[193.443s][info][gc] GC(8615) Pause Young (Allocation Failure) 12M->8M(15M) 0.618ms
[193.454s][info][gc] GC(8616) Pause Young (Allocation Failure) 12M->8M(15M) 0.968ms
[193.462s][info][gc] GC(8617) Pause Young (Allocation Failure) 12M->8M(15M) 0.889ms
[193.471s][info][gc] GC(8618) Pause Young (Allocation Failure) 12M->8M(15M) 1.409ms
[193.480s][info][gc] GC(8619) Pause Young (Allocation Failure) 12M->8M(15M) 0.828ms
[193.488s][info][gc] GC(8620) Pause Young (Allocation Failure) 12M->8M(15M) 0.891ms
[193.498s][info][gc] GC(8621) Pause Young (Allocation Failure) 12M->8M(15M) 0.921ms
[193.506s][info][gc] GC(8622) Pause Young (Allocation Failure) 12M->8M(15M) 0.924ms
[193.515s][info][gc] GC(8623) Pause Young (Allocation Failure) 12M->8M(15M) 0.883ms
[193.524s][info][gc] GC(8624) Pause Young (Allocation Failure) 12M->8M(15M) 0.743ms
[193.533s][info][gc] GC(8625) Pause Young (Allocation Failure) 12M->8M(15M) 0.700ms
[193.542s][info][gc] GC(8626) Pause Young (Allocation Failure) 12M->8M(15M) 0.733ms
[193.551s][info][gc] GC(8627) Pause Young (Allocation Failure) 12M->8M(15M) 0.718ms
[193.560s][info][gc] GC(8628) Pause Young (Allocation Failure) 12M->8M(15M) 0.686ms
[193.569s][info][gc] GC(8629) Pause Young (Allocation Failure) 12M->8M(15M) 0.742ms
[193.578s][info][gc] GC(8630) Pause Young (Allocation Failure) 12M->8M(15M) 0.736ms
[193.587s][info][gc] GC(8631) Pause Young (Allocation Failure) 12M->8M(15M) 0.746ms
[193.596s][info][gc] GC(8632) Pause Young (Allocation Failure) 12M->8M(15M) 0.739ms
[193.605s][info][gc] GC(8633) Pause Young (Allocation Failure) 12M->8M(15M) 0.800ms
[193.615s][info][gc] GC(8634) Pause Young (Allocation Failure) 12M->8M(15M) 0.848ms
[193.624s][info][gc] GC(8635) Pause Young (Allocation Failure) 12M->8M(15M) 1.253ms
[193.633s][info][gc] GC(8636) Pause Young (Allocation Failure) 12M->8M(15M) 0.904ms
[193.644s][info][gc] GC(8637) Pause Young (Allocation Failure) 12M->8M(15M) 0.974ms
[193.653s][info][gc] GC(8638) Pause Young (Allocation Failure) 12M->8M(15M) 0.895ms
[193.660s][info][gc] GC(8639) Pause Young (Allocation Failure) 12M->8M(15M) 0.852ms
[193.670s][info][gc] GC(8640) Pause Young (Allocation Failure) 12M->8M(15M) 1.054ms
[193.679s][info][gc] GC(8641) Pause Young (Allocation Failure) 12M->8M(15M) 1.159ms
[193.687s][info][gc] GC(8642) Pause Young (Allocation Failure) 12M->8M(15M) 0.873ms
[193.695s][info][gc] GC(8643) Pause Young (Allocation Failure) 12M->8M(15M) 0.599ms
[193.701s][info][gc] GC(8644) Pause Young (Allocation Failure) 12M->8M(15M) 0.464ms
[193.708s][info][gc] GC(8645) Pause Young (Allocation Failure) 12M->8M(15M) 0.423ms
[193.713s][info][gc] GC(8646) Pause Young (Allocation Failure) 12M->8M(15M) 0.410ms
[193.721s][info][gc] GC(8647) Pause Young (Allocation Failure) 12M->8M(15M) 0.691ms
[193.727s][info][gc] GC(8648) Pause Young (Allocation Failure) 12M->8M(15M) 0.548ms
[193.733s][info][gc] GC(8649) Pause Young (Allocation Failure) 12M->8M(15M) 0.499ms
[193.739s][info][gc] GC(8650) Pause Young (Allocation Failure) 12M->8M(15M) 0.748ms
[193.746s][info][gc] GC(8651) Pause Young (Allocation Failure) 12M->8M(15M) 0.856ms
[193.751s][info][gc] GC(8652) Pause Young (Allocation Failure) 12M->8M(15M) 0.528ms
[193.756s][info][gc] GC(8653) Pause Young (Allocation Failure) 12M->8M(15M) 0.531ms
[193.762s][info][gc] GC(8654) Pause Young (Allocation Failure) 12M->8M(15M) 0.534ms
[193.768s][info][gc] GC(8655) Pause Young (Allocation Failure) 12M->8M(15M) 0.591ms
[193.775s][info][gc] GC(8656) Pause Young (Allocation Failure) 12M->8M(15M) 0.551ms
[193.781s][info][gc] GC(8657) Pause Young (Allocation Failure) 12M->8M(15M) 0.597ms
[193.787s][info][gc] GC(8658) Pause Young (Allocation Failure) 12M->8M(15M) 0.588ms
[193.793s][info][gc] GC(8659) Pause Young (Allocation Failure) 12M->8M(15M) 0.568ms
[193.799s][info][gc] GC(8660) Pause Young (Allocation Failure) 12M->8M(15M) 0.717ms
[193.804s][info][gc] GC(8661) Pause Young (Allocation Failure) 12M->8M(15M) 0.654ms
[193.810s][info][gc] GC(8662) Pause Young (Allocation Failure) 12M->8M(15M) 0.729ms
[193.816s][info][gc] GC(8663) Pause Young (Allocation Failure) 12M->8M(15M) 0.608ms
[193.822s][info][gc] GC(8664) Pause Young (Allocation Failure) 12M->8M(15M) 0.539ms
[193.830s][info][gc] GC(8665) Pause Young (Allocation Failure) 12M->8M(15M) 0.568ms
[193.835s][info][gc] GC(8666) Pause Young (Allocation Failure) 12M->8M(15M) 0.412ms
[193.842s][info][gc] GC(8667) Pause Young (Allocation Failure) 12M->8M(15M) 0.429ms
[193.848s][info][gc] GC(8668) Pause Young (Allocation Failure) 12M->8M(15M) 0.442ms
[193.856s][info][gc] GC(8669) Pause Young (Allocation Failure) 12M->8M(15M) 0.681ms
[193.865s][info][gc] GC(8670) Pause Young (Allocation Failure) 12M->8M(15M) 1.218ms
[193.871s][info][gc] GC(8671) Pause Young (Allocation Failure) 12M->8M(15M) 0.424ms
[193.876s][info][gc] GC(8672) Pause Young (Allocation Failure) 12M->8M(15M) 0.660ms
[193.885s][info][gc] GC(8673) Pause Young (Allocation Failure) 12M->8M(15M) 0.771ms
[193.894s][info][gc] GC(8674) Pause Young (Allocation Failure) 12M->8M(15M) 0.688ms
[193.900s][info][gc] GC(8675) Pause Young (Allocation Failure) 12M->8M(15M) 0.595ms
[193.906s][info][gc] GC(8676) Pause Young (Allocation Failure) 12M->8M(15M) 0.543ms
[193.911s][info][gc] GC(8677) Pause Young (Allocation Failure) 12M->8M(15M) 0.564ms
[193.917s][info][gc] GC(8678) Pause Young (Allocation Failure) 12M->8M(15M) 0.580ms
[193.923s][info][gc] GC(8679) Pause Young (Allocation Failure) 12M->8M(15M) 0.490ms
[193.928s][info][gc] GC(8680) Pause Young (Allocation Failure) 12M->8M(15M) 0.652ms
[193.934s][info][gc] GC(8681) Pause Young (Allocation Failure) 12M->8M(15M) 0.565ms
[193.941s][info][gc] GC(8682) Pause Young (Allocation Failure) 12M->8M(15M) 0.753ms
[193.948s][info][gc] GC(8683) Pause Young (Allocation Failure) 12M->8M(15M) 0.633ms
[193.953s][info][gc] GC(8684) Pause Young (Allocation Failure) 12M->8M(15M) 0.596ms
[193.960s][info][gc] GC(8685) Pause Young (Allocation Failure) 12M->8M(15M) 0.633ms
[193.965s][info][gc] GC(8686) Pause Young (Allocation Failure) 12M->8M(15M) 0.553ms
[193.973s][info][gc] GC(8687) Pause Young (Allocation Failure) 12M->8M(15M) 0.766ms
[193.978s][info][gc] GC(8688) Pause Young (Allocation Failure) 12M->8M(15M) 0.559ms
[193.984s][info][gc] GC(8689) Pause Young (Allocation Failure) 12M->8M(15M) 0.904ms
[193.990s][info][gc] GC(8690) Pause Young (Allocation Failure) 12M->8M(15M) 0.420ms
[193.995s][info][gc] GC(8691) Pause Young (Allocation Failure) 12M->8M(15M) 0.606ms
[194.001s][info][gc] GC(8692) Pause Young (Allocation Failure) 12M->8M(15M) 0.441ms
[194.007s][info][gc] GC(8693) Pause Young (Allocation Failure) 12M->8M(15M) 0.433ms
[194.013s][info][gc] GC(8694) Pause Young (Allocation Failure) 12M->8M(15M) 0.582ms
[194.018s][info][gc] GC(8695) Pause Young (Allocation Failure) 12M->8M(15M) 0.514ms
[194.023s][info][gc] GC(8696) Pause Young (Allocation Failure) 12M->8M(15M) 0.531ms
[194.030s][info][gc] GC(8697) Pause Young (Allocation Failure) 12M->8M(15M) 0.692ms
[194.034s][info][gc] GC(8698) Pause Young (Allocation Failure) 12M->8M(15M) 0.501ms
[194.041s][info][gc] GC(8699) Pause Young (Allocation Failure) 12M->8M(15M) 0.521ms
[194.046s][info][gc] GC(8700) Pause Young (Allocation Failure) 12M->8M(15M) 0.767ms
[194.053s][info][gc] GC(8701) Pause Young (Allocation Failure) 12M->8M(15M) 0.618ms
[194.059s][info][gc] GC(8702) Pause Young (Allocation Failure) 12M->8M(15M) 0.593ms
[194.064s][info][gc] GC(8703) Pause Young (Allocation Failure) 12M->8M(15M) 0.996ms
[194.070s][info][gc] GC(8704) Pause Young (Allocation Failure) 12M->8M(15M) 0.600ms
[194.075s][info][gc] GC(8705) Pause Young (Allocation Failure) 12M->8M(15M) 0.647ms
[194.083s][info][gc] GC(8706) Pause Young (Allocation Failure) 12M->8M(15M) 1.094ms
[194.089s][info][gc] GC(8707) Pause Young (Allocation Failure) 12M->8M(15M) 0.667ms
[194.096s][info][gc] GC(8708) Pause Young (Allocation Failure) 12M->8M(15M) 0.631ms
[194.102s][info][gc] GC(8709) Pause Young (Allocation Failure) 12M->8M(15M) 0.656ms
[194.109s][info][gc] GC(8710) Pause Young (Allocation Failure) 12M->8M(15M) 0.671ms
[194.114s][info][gc] GC(8711) Pause Young (Allocation Failure) 12M->8M(15M) 0.438ms
[194.121s][info][gc] GC(8712) Pause Young (Allocation Failure) 12M->8M(15M) 0.435ms
[194.126s][info][gc] GC(8713) Pause Young (Allocation Failure) 12M->8M(15M) 0.472ms
[194.133s][info][gc] GC(8714) Pause Young (Allocation Failure) 12M->8M(15M) 0.535ms
[194.138s][info][gc] GC(8715) Pause Young (Allocation Failure) 12M->8M(15M) 0.540ms
[194.146s][info][gc] GC(8716) Pause Young (Allocation Failure) 12M->8M(15M) 0.707ms
[194.153s][info][gc] GC(8717) Pause Young (Allocation Failure) 12M->8M(15M) 0.516ms
[194.160s][info][gc] GC(8718) Pause Young (Allocation Failure) 12M->8M(15M) 0.664ms
[194.165s][info][gc] GC(8719) Pause Young (Allocation Failure) 12M->8M(15M) 0.540ms
[194.170s][info][gc] GC(8720) Pause Young (Allocation Failure) 12M->8M(15M) 0.532ms
[194.177s][info][gc] GC(8721) Pause Young (Allocation Failure) 12M->8M(15M) 0.515ms
[194.182s][info][gc] GC(8722) Pause Young (Allocation Failure) 12M->8M(15M) 0.488ms
[194.189s][info][gc] GC(8723) Pause Young (Allocation Failure) 12M->8M(15M) 0.851ms
[194.195s][info][gc] GC(8724) Pause Young (Allocation Failure) 12M->8M(15M) 0.598ms
[194.201s][info][gc] GC(8725) Pause Young (Allocation Failure) 12M->8M(15M) 0.653ms
[194.207s][info][gc] GC(8726) Pause Young (Allocation Failure) 12M->8M(15M) 0.609ms
[194.214s][info][gc] GC(8727) Pause Young (Allocation Failure) 12M->8M(15M) 0.863ms
[194.219s][info][gc] GC(8728) Pause Young (Allocation Failure) 12M->8M(15M) 0.723ms
[194.226s][info][gc] GC(8729) Pause Young (Allocation Failure) 12M->8M(15M) 0.728ms
[194.231s][info][gc] GC(8730) Pause Young (Allocation Failure) 12M->8M(15M) 0.590ms
[194.237s][info][gc] GC(8731) Pause Young (Allocation Failure) 12M->8M(15M) 0.580ms
[194.243s][info][gc] GC(8732) Pause Young (Allocation Failure) 12M->8M(15M) 0.623ms
[194.248s][info][gc] GC(8733) Pause Young (Allocation Failure) 12M->8M(15M) 0.415ms
[194.256s][info][gc] GC(8734) Pause Young (Allocation Failure) 12M->8M(15M) 0.448ms
[194.262s][info][gc] GC(8735) Pause Young (Allocation Failure) 12M->8M(15M) 0.685ms
[194.270s][info][gc] GC(8736) Pause Young (Allocation Failure) 12M->8M(15M) 0.705ms
[194.279s][info][gc] GC(8737) Pause Young (Allocation Failure) 12M->8M(15M) 0.882ms
[194.287s][info][gc] GC(8738) Pause Young (Allocation Failure) 12M->8M(15M) 0.511ms
[194.297s][info][gc] GC(8739) Pause Young (Allocation Failure) 12M->8M(15M) 0.724ms
[194.303s][info][gc] GC(8740) Pause Young (Allocation Failure) 12M->8M(15M) 0.794ms
[194.313s][info][gc] GC(8741) Pause Young (Allocation Failure) 12M->8M(15M) 0.791ms
[194.322s][info][gc] GC(8742) Pause Young (Allocation Failure) 12M->8M(15M) 0.776ms
[194.331s][info][gc] GC(8743) Pause Young (Allocation Failure) 12M->8M(15M) 0.941ms
[194.340s][info][gc] GC(8744) Pause Young (Allocation Failure) 12M->8M(15M) 0.802ms
[194.349s][info][gc] GC(8745) Pause Young (Allocation Failure) 12M->8M(15M) 0.900ms
[194.357s][info][gc] GC(8746) Pause Young (Allocation Failure) 12M->8M(15M) 0.931ms
[194.366s][info][gc] GC(8747) Pause Young (Allocation Failure) 12M->8M(15M) 0.911ms
[194.377s][info][gc] GC(8748) Pause Young (Allocation Failure) 12M->8M(15M) 0.851ms
[194.387s][info][gc] GC(8749) Pause Young (Allocation Failure) 12M->8M(15M) 1.035ms
[194.395s][info][gc] GC(8750) Pause Young (Allocation Failure) 12M->8M(15M) 0.845ms
[194.403s][info][gc] GC(8751) Pause Young (Allocation Failure) 12M->8M(15M) 0.930ms
[194.412s][info][gc] GC(8752) Pause Young (Allocation Failure) 12M->8M(15M) 1.064ms
[194.421s][info][gc] GC(8753) Pause Young (Allocation Failure) 12M->8M(15M) 0.608ms
[194.430s][info][gc] GC(8754) Pause Young (Allocation Failure) 12M->8M(15M) 0.625ms
[194.438s][info][gc] GC(8755) Pause Young (Allocation Failure) 12M->8M(15M) 0.888ms
[194.446s][info][gc] GC(8756) Pause Young (Allocation Failure) 12M->8M(15M) 0.681ms
[194.457s][info][gc] GC(8757) Pause Young (Allocation Failure) 12M->8M(15M) 0.721ms
[194.466s][info][gc] GC(8758) Pause Young (Allocation Failure) 12M->8M(15M) 0.901ms
[194.473s][info][gc] GC(8759) Pause Young (Allocation Failure) 12M->8M(15M) 0.794ms
[194.483s][info][gc] GC(8760) Pause Young (Allocation Failure) 12M->8M(15M) 0.805ms
[194.490s][info][gc] GC(8761) Pause Young (Allocation Failure) 12M->8M(15M) 0.804ms
[194.500s][info][gc] GC(8762) Pause Young (Allocation Failure) 12M->8M(15M) 0.807ms
[194.511s][info][gc] GC(8763) Pause Young (Allocation Failure) 12M->8M(15M) 0.843ms
[194.519s][info][gc] GC(8764) Pause Young (Allocation Failure) 12M->8M(15M) 1.016ms
[194.528s][info][gc] GC(8765) Pause Young (Allocation Failure) 12M->8M(15M) 0.879ms
[194.539s][info][gc] GC(8766) Pause Young (Allocation Failure) 12M->8M(15M) 0.892ms
[194.548s][info][gc] GC(8767) Pause Young (Allocation Failure) 12M->8M(15M) 0.914ms
[194.558s][info][gc] GC(8768) Pause Young (Allocation Failure) 12M->8M(15M) 1.192ms
[194.569s][info][gc] GC(8769) Pause Young (Allocation Failure) 12M->8M(15M) 0.962ms
[194.579s][info][gc] GC(8770) Pause Young (Allocation Failure) 12M->8M(15M) 0.918ms
[194.588s][info][gc] GC(8771) Pause Young (Allocation Failure) 12M->8M(15M) 1.006ms
[194.596s][info][gc] GC(8772) Pause Young (Allocation Failure) 12M->8M(15M) 0.914ms
[194.604s][info][gc] GC(8773) Pause Young (Allocation Failure) 12M->8M(15M) 0.955ms
[194.614s][info][gc] GC(8774) Pause Young (Allocation Failure) 12M->8M(15M) 0.626ms
[194.623s][info][gc] GC(8775) Pause Young (Allocation Failure) 12M->8M(15M) 0.646ms
[194.631s][info][gc] GC(8776) Pause Young (Allocation Failure) 12M->8M(15M) 0.711ms
[194.639s][info][gc] GC(8777) Pause Young (Allocation Failure) 12M->8M(15M) 0.771ms
[194.647s][info][gc] GC(8778) Pause Young (Allocation Failure) 12M->8M(15M) 0.731ms
[194.657s][info][gc] GC(8779) Pause Young (Allocation Failure) 12M->8M(15M) 0.736ms
[194.668s][info][gc] GC(8780) Pause Young (Allocation Failure) 12M->8M(15M) 0.753ms
[194.676s][info][gc] GC(8781) Pause Young (Allocation Failure) 12M->8M(15M) 0.728ms
[194.684s][info][gc] GC(8782) Pause Young (Allocation Failure) 12M->8M(15M) 0.752ms
[194.692s][info][gc] GC(8783) Pause Young (Allocation Failure) 12M->8M(15M) 0.857ms
[194.702s][info][gc] GC(8784) Pause Young (Allocation Failure) 12M->8M(15M) 0.834ms
[194.716s][info][gc] GC(8785) Pause Young (Allocation Failure) 12M->8M(15M) 0.870ms
[194.725s][info][gc] GC(8786) Pause Young (Allocation Failure) 12M->8M(15M) 0.924ms
[194.733s][info][gc] GC(8787) Pause Young (Allocation Failure) 12M->8M(15M) 1.097ms
[194.742s][info][gc] GC(8788) Pause Young (Allocation Failure) 12M->8M(15M) 0.929ms
[194.754s][info][gc] GC(8789) Pause Young (Allocation Failure) 12M->8M(15M) 0.990ms
[194.767s][info][gc] GC(8790) Pause Young (Allocation Failure) 12M->8M(15M) 1.072ms
[194.778s][info][gc] GC(8791) Pause Young (Allocation Failure) 12M->8M(15M) 0.942ms
[194.788s][info][gc] GC(8792) Pause Young (Allocation Failure) 12M->8M(15M) 0.957ms
[194.803s][info][gc] GC(8793) Pause Young (Allocation Failure) 12M->8M(15M) 0.995ms
[194.817s][info][gc] GC(8794) Pause Young (Allocation Failure) 12M->8M(15M) 0.904ms
[194.827s][info][gc] GC(8795) Pause Young (Allocation Failure) 12M->8M(15M) 0.731ms
[194.835s][info][gc] GC(8796) Pause Young (Allocation Failure) 12M->8M(15M) 0.705ms
[194.851s][info][gc] GC(8797) Pause Young (Allocation Failure) 12M->8M(15M) 0.857ms
[194.865s][info][gc] GC(8798) Pause Young (Allocation Failure) 12M->8M(15M) 1.426ms
[194.875s][info][gc] GC(8799) Pause Young (Allocation Failure) 12M->8M(15M) 0.610ms
[194.884s][info][gc] GC(8800) Pause Young (Allocation Failure) 12M->8M(15M) 0.634ms
[194.896s][info][gc] GC(8801) Pause Young (Allocation Failure) 12M->8M(15M) 0.705ms
[194.924s][info][gc] GC(8802) Pause Young (Allocation Failure) 12M->8M(15M) 0.695ms
[194.934s][info][gc] GC(8803) Pause Young (Allocation Failure) 12M->8M(15M) 0.775ms
[194.942s][info][gc] GC(8804) Pause Young (Allocation Failure) 12M->8M(15M) 0.752ms
[194.950s][info][gc] GC(8805) Pause Young (Allocation Failure) 12M->8M(15M) 0.847ms
[194.965s][info][gc] GC(8806) Pause Young (Allocation Failure) 12M->8M(15M) 0.846ms
[194.979s][info][gc] GC(8807) Pause Young (Allocation Failure) 12M->8M(15M) 0.871ms
[194.993s][info][gc] GC(8808) Pause Young (Allocation Failure) 12M->8M(15M) 0.883ms
[195.001s][info][gc] GC(8809) Pause Young (Allocation Failure) 12M->8M(15M) 0.907ms
[195.009s][info][gc] GC(8810) Pause Young (Allocation Failure) 12M->8M(15M) 0.864ms
[195.020s][info][gc] GC(8811) Pause Young (Allocation Failure) 12M->8M(15M) 0.903ms
[195.029s][info][gc] GC(8812) Pause Young (Allocation Failure) 12M->8M(15M) 1.025ms
[195.037s][info][gc] GC(8813) Pause Young (Allocation Failure) 12M->8M(15M) 0.951ms
[195.045s][info][gc] GC(8814) Pause Young (Allocation Failure) 12M->8M(15M) 0.900ms
[195.056s][info][gc] GC(8815) Pause Young (Allocation Failure) 12M->8M(15M) 0.890ms
[195.064s][info][gc] GC(8816) Pause Young (Allocation Failure) 12M->8M(15M) 0.925ms
[195.073s][info][gc] GC(8817) Pause Young (Allocation Failure) 12M->8M(15M) 0.963ms
[195.081s][info][gc] GC(8818) Pause Young (Allocation Failure) 12M->8M(15M) 1.076ms
[195.099s][info][gc] GC(8819) Pause Young (Allocation Failure) 12M->8M(15M) 0.629ms
[195.110s][info][gc] GC(8820) Pause Young (Allocation Failure) 12M->8M(15M) 0.846ms
[195.118s][info][gc] GC(8821) Pause Young (Allocation Failure) 12M->8M(15M) 1.090ms
[195.131s][info][gc] GC(8822) Pause Young (Allocation Failure) 12M->8M(15M) 0.718ms
[195.140s][info][gc] GC(8823) Pause Young (Allocation Failure) 12M->8M(15M) 0.804ms
[195.154s][info][gc] GC(8824) Pause Young (Allocation Failure) 12M->8M(15M) 0.867ms
[195.170s][info][gc] GC(8825) Pause Young (Allocation Failure) 12M->8M(15M) 0.851ms
[195.180s][info][gc] GC(8826) Pause Young (Allocation Failure) 12M->8M(15M) 0.892ms
[195.189s][info][gc] GC(8827) Pause Young (Allocation Failure) 12M->8M(15M) 0.916ms
[195.199s][info][gc] GC(8828) Pause Young (Allocation Failure) 12M->8M(15M) 1.192ms
[195.211s][info][gc] GC(8829) Pause Young (Allocation Failure) 12M->8M(15M) 0.849ms
[195.220s][info][gc] GC(8830) Pause Young (Allocation Failure) 12M->8M(15M) 0.968ms
[195.229s][info][gc] GC(8831) Pause Young (Allocation Failure) 12M->8M(15M) 1.096ms
[195.238s][info][gc] GC(8832) Pause Young (Allocation Failure) 12M->8M(15M) 0.952ms
[195.248s][info][gc] GC(8833) Pause Young (Allocation Failure) 12M->8M(15M) 0.911ms
[195.257s][info][gc] GC(8834) Pause Young (Allocation Failure) 12M->8M(15M) 0.893ms
[195.265s][info][gc] GC(8835) Pause Young (Allocation Failure) 12M->8M(15M) 0.974ms
[195.275s][info][gc] GC(8836) Pause Young (Allocation Failure) 12M->8M(15M) 0.922ms
[195.284s][info][gc] GC(8837) Pause Young (Allocation Failure) 12M->8M(15M) 0.623ms
[195.292s][info][gc] GC(8838) Pause Young (Allocation Failure) 12M->8M(15M) 0.739ms
[195.301s][info][gc] GC(8839) Pause Young (Allocation Failure) 12M->8M(15M) 0.687ms
[195.309s][info][gc] GC(8840) Pause Young (Allocation Failure) 12M->8M(15M) 0.725ms
[195.317s][info][gc] GC(8841) Pause Young (Allocation Failure) 12M->8M(15M) 0.720ms
[195.326s][info][gc] GC(8842) Pause Young (Allocation Failure) 12M->8M(15M) 0.709ms
[195.335s][info][gc] GC(8843) Pause Young (Allocation Failure) 12M->8M(15M) 0.749ms
[195.343s][info][gc] GC(8844) Pause Young (Allocation Failure) 12M->8M(15M) 0.768ms
[195.352s][info][gc] GC(8845) Pause Young (Allocation Failure) 12M->8M(15M) 0.847ms
[195.362s][info][gc] GC(8846) Pause Young (Allocation Failure) 12M->8M(15M) 0.778ms
[195.371s][info][gc] GC(8847) Pause Young (Allocation Failure) 12M->8M(15M) 0.820ms
[195.381s][info][gc] GC(8848) Pause Young (Allocation Failure) 12M->8M(15M) 0.852ms
[195.389s][info][gc] GC(8849) Pause Young (Allocation Failure) 12M->8M(15M) 0.790ms
[195.398s][info][gc] GC(8850) Pause Young (Allocation Failure) 12M->8M(15M) 1.012ms
[195.407s][info][gc] GC(8851) Pause Young (Allocation Failure) 12M->8M(15M) 0.928ms
[195.416s][info][gc] GC(8852) Pause Young (Allocation Failure) 12M->8M(15M) 0.843ms
[195.424s][info][gc] GC(8853) Pause Young (Allocation Failure) 12M->8M(15M) 0.664ms
[195.431s][info][gc] GC(8854) Pause Young (Allocation Failure) 12M->8M(15M) 0.915ms
[195.436s][info][gc] GC(8855) Pause Young (Allocation Failure) 12M->8M(15M) 0.689ms
[195.446s][info][gc] GC(8856) Pause Young (Allocation Failure) 12M->8M(15M) 0.671ms
[195.453s][info][gc] GC(8857) Pause Young (Allocation Failure) 12M->8M(15M) 0.829ms
[195.460s][info][gc] GC(8858) Pause Young (Allocation Failure) 12M->8M(15M) 0.542ms
[195.467s][info][gc] GC(8859) Pause Young (Allocation Failure) 12M->8M(15M) 0.535ms
[195.473s][info][gc] GC(8860) Pause Young (Allocation Failure) 12M->8M(15M) 0.448ms
[195.478s][info][gc] GC(8861) Pause Young (Allocation Failure) 12M->8M(15M) 0.633ms
[195.485s][info][gc] GC(8862) Pause Young (Allocation Failure) 12M->8M(15M) 0.479ms
[195.491s][info][gc] GC(8863) Pause Young (Allocation Failure) 12M->8M(15M) 0.515ms
[195.498s][info][gc] GC(8864) Pause Young (Allocation Failure) 12M->8M(15M) 0.759ms
[195.505s][info][gc] GC(8865) Pause Young (Allocation Failure) 12M->8M(15M) 0.538ms
[195.513s][info][gc] GC(8866) Pause Young (Allocation Failure) 12M->8M(15M) 0.645ms
[195.522s][info][gc] GC(8867) Pause Young (Allocation Failure) 12M->8M(15M) 0.538ms
[195.529s][info][gc] GC(8868) Pause Young (Allocation Failure) 12M->8M(15M) 0.630ms
[195.536s][info][gc] GC(8869) Pause Young (Allocation Failure) 12M->8M(15M) 0.564ms
[195.542s][info][gc] GC(8870) Pause Young (Allocation Failure) 12M->8M(15M) 0.715ms
[195.551s][info][gc] GC(8871) Pause Young (Allocation Failure) 12M->8M(15M) 0.847ms
[195.556s][info][gc] GC(8872) Pause Young (Allocation Failure) 12M->8M(15M) 0.649ms
[195.563s][info][gc] GC(8873) Pause Young (Allocation Failure) 12M->8M(15M) 0.572ms
[195.570s][info][gc] GC(8874) Pause Young (Allocation Failure) 12M->8M(15M) 0.669ms
[195.577s][info][gc] GC(8875) Pause Young (Allocation Failure) 12M->8M(15M) 0.695ms
[195.584s][info][gc] GC(8876) Pause Young (Allocation Failure) 12M->8M(15M) 0.653ms
[195.590s][info][gc] GC(8877) Pause Young (Allocation Failure) 12M->8M(15M) 0.424ms
[195.595s][info][gc] GC(8878) Pause Young (Allocation Failure) 12M->8M(15M) 0.758ms
[195.602s][info][gc] GC(8879) Pause Young (Allocation Failure) 12M->8M(15M) 0.483ms
[195.607s][info][gc] GC(8880) Pause Young (Allocation Failure) 12M->8M(15M) 0.479ms
[195.614s][info][gc] GC(8881) Pause Young (Allocation Failure) 12M->8M(15M) 0.788ms
[195.619s][info][gc] GC(8882) Pause Young (Allocation Failure) 12M->8M(15M) 0.581ms
[195.625s][info][gc] GC(8883) Pause Young (Allocation Failure) 12M->8M(15M) 0.592ms
[195.632s][info][gc] GC(8884) Pause Young (Allocation Failure) 12M->8M(15M) 0.573ms
[195.638s][info][gc] GC(8885) Pause Young (Allocation Failure) 12M->8M(15M) 0.495ms
[195.645s][info][gc] GC(8886) Pause Young (Allocation Failure) 12M->8M(15M) 0.524ms
[195.653s][info][gc] GC(8887) Pause Young (Allocation Failure) 12M->8M(15M) 1.141ms
[195.662s][info][gc] GC(8888) Pause Young (Allocation Failure) 12M->8M(15M) 0.556ms
[195.672s][info][gc] GC(8889) Pause Young (Allocation Failure) 12M->8M(15M) 0.600ms
[195.678s][info][gc] GC(8890) Pause Young (Allocation Failure) 12M->8M(15M) 0.616ms
[195.688s][info][gc] GC(8891) Pause Young (Allocation Failure) 12M->8M(15M) 0.832ms
[195.697s][info][gc] GC(8892) Pause Young (Allocation Failure) 12M->8M(15M) 1.116ms
[195.709s][info][gc] GC(8893) Pause Young (Allocation Failure) 12M->8M(15M) 1.427ms
[195.716s][info][gc] GC(8894) Pause Young (Allocation Failure) 12M->8M(15M) 0.973ms
[195.725s][info][gc] GC(8895) Pause Young (Allocation Failure) 12M->8M(15M) 1.005ms
[195.735s][info][gc] GC(8896) Pause Young (Allocation Failure) 12M->8M(15M) 1.059ms
[195.744s][info][gc] GC(8897) Pause Young (Allocation Failure) 12M->8M(15M) 0.930ms
[195.752s][info][gc] GC(8898) Pause Young (Allocation Failure) 12M->8M(15M) 0.714ms
[195.762s][info][gc] GC(8899) Pause Young (Allocation Failure) 12M->8M(15M) 0.657ms
[195.768s][info][gc] GC(8900) Pause Young (Allocation Failure) 12M->8M(15M) 0.769ms
[195.777s][info][gc] GC(8901) Pause Young (Allocation Failure) 12M->8M(15M) 0.457ms
[195.784s][info][gc] GC(8902) Pause Young (Allocation Failure) 12M->8M(15M) 0.485ms
[195.791s][info][gc] GC(8903) Pause Young (Allocation Failure) 12M->8M(15M) 0.707ms
[195.796s][info][gc] GC(8904) Pause Young (Allocation Failure) 12M->8M(15M) 0.729ms
[195.803s][info][gc] GC(8905) Pause Young (Allocation Failure) 12M->8M(15M) 0.503ms
[195.809s][info][gc] GC(8906) Pause Young (Allocation Failure) 12M->8M(15M) 0.500ms
[195.816s][info][gc] GC(8907) Pause Young (Allocation Failure) 12M->8M(15M) 0.521ms
[195.822s][info][gc] GC(8908) Pause Young (Allocation Failure) 12M->8M(15M) 0.522ms
[195.829s][info][gc] GC(8909) Pause Young (Allocation Failure) 12M->8M(15M) 0.597ms
[195.836s][info][gc] GC(8910) Pause Young (Allocation Failure) 12M->8M(15M) 0.576ms
[195.844s][info][gc] GC(8911) Pause Young (Allocation Failure) 12M->8M(15M) 0.587ms
[195.850s][info][gc] GC(8912) Pause Young (Allocation Failure) 12M->8M(15M) 0.954ms
[195.861s][info][gc] GC(8913) Pause Young (Allocation Failure) 12M->8M(15M) 0.827ms
[195.871s][info][gc] GC(8914) Pause Young (Allocation Failure) 12M->8M(15M) 0.768ms
[195.877s][info][gc] GC(8915) Pause Young (Allocation Failure) 12M->8M(15M) 0.639ms
[195.886s][info][gc] GC(8916) Pause Young (Allocation Failure) 12M->8M(15M) 0.575ms
[195.895s][info][gc] GC(8917) Pause Young (Allocation Failure) 12M->8M(15M) 0.917ms
[195.902s][info][gc] GC(8918) Pause Young (Allocation Failure) 12M->8M(15M) 0.582ms
[195.910s][info][gc] GC(8919) Pause Young (Allocation Failure) 12M->8M(15M) 0.914ms
[195.915s][info][gc] GC(8920) Pause Young (Allocation Failure) 12M->8M(15M) 0.821ms
[195.922s][info][gc] GC(8921) Pause Young (Allocation Failure) 12M->8M(15M) 0.608ms
[195.927s][info][gc] GC(8922) Pause Young (Allocation Failure) 12M->8M(15M) 1.139ms
[195.938s][info][gc] GC(8923) Pause Young (Allocation Failure) 12M->8M(15M) 0.734ms
[195.945s][info][gc] GC(8924) Pause Young (Allocation Failure) 12M->8M(15M) 0.589ms
[195.953s][info][gc] GC(8925) Pause Young (Allocation Failure) 12M->8M(15M) 0.447ms
[195.962s][info][gc] GC(8926) Pause Young (Allocation Failure) 12M->8M(15M) 0.687ms
[195.968s][info][gc] GC(8927) Pause Young (Allocation Failure) 12M->8M(15M) 0.717ms
[195.983s][info][gc] GC(8928) Pause Young (Allocation Failure) 12M->8M(15M) 0.855ms
[195.995s][info][gc] GC(8929) Pause Young (Allocation Failure) 12M->8M(15M) 0.994ms
[196.008s][info][gc] GC(8930) Pause Young (Allocation Failure) 12M->8M(15M) 1.460ms
[196.018s][info][gc] GC(8931) Pause Young (Allocation Failure) 12M->8M(15M) 0.536ms
[196.029s][info][gc] GC(8932) Pause Young (Allocation Failure) 12M->8M(15M) 0.554ms
[196.036s][info][gc] GC(8933) Pause Young (Allocation Failure) 12M->8M(15M) 1.626ms
[196.045s][info][gc] GC(8934) Pause Young (Allocation Failure) 12M->8M(15M) 1.463ms
[196.054s][info][gc] GC(8935) Pause Young (Allocation Failure) 12M->8M(15M) 0.841ms
[196.063s][info][gc] GC(8936) Pause Young (Allocation Failure) 12M->8M(15M) 0.549ms
[196.072s][info][gc] GC(8937) Pause Young (Allocation Failure) 12M->8M(15M) 0.850ms
[196.078s][info][gc] GC(8938) Pause Young (Allocation Failure) 12M->8M(15M) 0.881ms
[196.088s][info][gc] GC(8939) Pause Young (Allocation Failure) 12M->8M(15M) 0.862ms
[196.097s][info][gc] GC(8940) Pause Young (Allocation Failure) 12M->8M(15M) 1.153ms
[196.105s][info][gc] GC(8941) Pause Young (Allocation Failure) 12M->8M(15M) 0.850ms
[196.114s][info][gc] GC(8942) Pause Young (Allocation Failure) 12M->8M(15M) 0.869ms
[196.124s][info][gc] GC(8943) Pause Young (Allocation Failure) 12M->8M(15M) 0.984ms
[196.132s][info][gc] GC(8944) Pause Young (Allocation Failure) 12M->8M(15M) 0.985ms
[196.142s][info][gc] GC(8945) Pause Young (Allocation Failure) 12M->8M(15M) 0.599ms
[196.150s][info][gc] GC(8946) Pause Young (Allocation Failure) 12M->8M(15M) 0.718ms
[196.158s][info][gc] GC(8947) Pause Young (Allocation Failure) 12M->8M(15M) 0.675ms
[196.167s][info][gc] GC(8948) Pause Young (Allocation Failure) 12M->8M(15M) 0.577ms
[196.175s][info][gc] GC(8949) Pause Young (Allocation Failure) 12M->8M(15M) 0.778ms
[196.184s][info][gc] GC(8950) Pause Young (Allocation Failure) 12M->8M(15M) 0.664ms
[196.193s][info][gc] GC(8951) Pause Young (Allocation Failure) 12M->8M(15M) 0.751ms
[196.202s][info][gc] GC(8952) Pause Young (Allocation Failure) 12M->8M(15M) 0.788ms
[196.211s][info][gc] GC(8953) Pause Young (Allocation Failure) 12M->8M(15M) 0.727ms
[196.219s][info][gc] GC(8954) Pause Young (Allocation Failure) 12M->8M(15M) 0.766ms
[196.227s][info][gc] GC(8955) Pause Young (Allocation Failure) 12M->8M(15M) 0.989ms
[196.235s][info][gc] GC(8956) Pause Young (Allocation Failure) 12M->8M(15M) 0.597ms
[196.242s][info][gc] GC(8957) Pause Young (Allocation Failure) 12M->8M(15M) 0.796ms
[196.249s][info][gc] GC(8958) Pause Young (Allocation Failure) 12M->8M(15M) 0.561ms
[196.257s][info][gc] GC(8959) Pause Young (Allocation Failure) 12M->8M(15M) 0.581ms
[196.264s][info][gc] GC(8960) Pause Young (Allocation Failure) 12M->8M(15M) 0.832ms
[196.272s][info][gc] GC(8961) Pause Young (Allocation Failure) 12M->8M(15M) 0.862ms
[196.281s][info][gc] GC(8962) Pause Young (Allocation Failure) 12M->8M(15M) 1.028ms
[196.289s][info][gc] GC(8963) Pause Young (Allocation Failure) 12M->8M(15M) 0.895ms
[196.299s][info][gc] GC(8964) Pause Young (Allocation Failure) 12M->8M(15M) 0.843ms
[196.308s][info][gc] GC(8965) Pause Young (Allocation Failure) 12M->8M(15M) 0.953ms
[196.316s][info][gc] GC(8966) Pause Young (Allocation Failure) 12M->8M(15M) 0.856ms
[196.325s][info][gc] GC(8967) Pause Young (Allocation Failure) 12M->8M(15M) 0.873ms
[196.333s][info][gc] GC(8968) Pause Young (Allocation Failure) 12M->8M(15M) 0.640ms
[196.340s][info][gc] GC(8969) Pause Young (Allocation Failure) 12M->8M(15M) 0.667ms
[196.349s][info][gc] GC(8970) Pause Young (Allocation Failure) 12M->8M(15M) 0.650ms
[196.357s][info][gc] GC(8971) Pause Young (Allocation Failure) 12M->8M(15M) 0.661ms
[196.366s][info][gc] GC(8972) Pause Young (Allocation Failure) 12M->8M(15M) 0.705ms
[196.375s][info][gc] GC(8973) Pause Young (Allocation Failure) 12M->8M(15M) 0.880ms
[196.383s][info][gc] GC(8974) Pause Young (Allocation Failure) 12M->8M(15M) 0.717ms
[196.393s][info][gc] GC(8975) Pause Young (Allocation Failure) 12M->8M(15M) 0.737ms
[196.403s][info][gc] GC(8976) Pause Young (Allocation Failure) 12M->8M(15M) 0.766ms
[196.411s][info][gc] GC(8977) Pause Young (Allocation Failure) 12M->8M(15M) 0.775ms
[196.420s][info][gc] GC(8978) Pause Young (Allocation Failure) 12M->8M(15M) 0.969ms
[196.430s][info][gc] GC(8979) Pause Young (Allocation Failure) 12M->8M(15M) 0.864ms
[196.440s][info][gc] GC(8980) Pause Young (Allocation Failure) 12M->8M(15M) 0.992ms
[196.453s][info][gc] GC(8981) Pause Young (Allocation Failure) 12M->8M(15M) 0.935ms
[196.466s][info][gc] GC(8982) Pause Young (Allocation Failure) 12M->8M(15M) 0.898ms
[196.480s][info][gc] GC(8983) Pause Young (Allocation Failure) 12M->8M(15M) 1.270ms
[196.490s][info][gc] GC(8984) Pause Young (Allocation Failure) 12M->8M(15M) 1.652ms
[196.501s][info][gc] GC(8985) Pause Young (Allocation Failure) 12M->8M(15M) 0.851ms
[196.510s][info][gc] GC(8986) Pause Young (Allocation Failure) 12M->8M(15M) 1.579ms
[196.518s][info][gc] GC(8987) Pause Young (Allocation Failure) 12M->8M(15M) 0.586ms
[196.526s][info][gc] GC(8988) Pause Young (Allocation Failure) 12M->8M(15M) 1.222ms
[196.537s][info][gc] GC(8989) Pause Young (Allocation Failure) 12M->8M(15M) 0.679ms
[196.545s][info][gc] GC(8990) Pause Young (Allocation Failure) 12M->8M(15M) 1.242ms
[196.555s][info][gc] GC(8991) Pause Young (Allocation Failure) 12M->8M(15M) 0.728ms
[196.565s][info][gc] GC(8992) Pause Young (Allocation Failure) 12M->8M(15M) 0.465ms
[196.571s][info][gc] GC(8993) Pause Young (Allocation Failure) 12M->8M(15M) 0.439ms
[196.578s][info][gc] GC(8994) Pause Young (Allocation Failure) 12M->8M(15M) 0.632ms
[196.585s][info][gc] GC(8995) Pause Young (Allocation Failure) 12M->8M(15M) 0.491ms
[196.593s][info][gc] GC(8996) Pause Young (Allocation Failure) 12M->8M(15M) 0.627ms
[196.598s][info][gc] GC(8997) Pause Young (Allocation Failure) 12M->8M(15M) 0.802ms
[196.605s][info][gc] GC(8998) Pause Young (Allocation Failure) 12M->8M(15M) 0.540ms
[196.611s][info][gc] GC(8999) Pause Young (Allocation Failure) 12M->8M(15M) 0.621ms
[196.617s][info][gc] GC(9000) Pause Young (Allocation Failure) 12M->8M(15M) 0.602ms
[196.624s][info][gc] GC(9001) Pause Young (Allocation Failure) 12M->8M(15M) 0.835ms
[196.630s][info][gc] GC(9002) Pause Young (Allocation Failure) 12M->8M(15M) 0.617ms
[196.638s][info][gc] GC(9003) Pause Young (Allocation Failure) 12M->8M(15M) 0.581ms
[196.646s][info][gc] GC(9004) Pause Young (Allocation Failure) 12M->8M(15M) 0.602ms
[196.651s][info][gc] GC(9005) Pause Young (Allocation Failure) 12M->8M(15M) 0.614ms
[196.659s][info][gc] GC(9006) Pause Young (Allocation Failure) 12M->8M(15M) 0.589ms
[196.664s][info][gc] GC(9007) Pause Young (Allocation Failure) 12M->8M(15M) 0.587ms
[196.671s][info][gc] GC(9008) Pause Young (Allocation Failure) 12M->8M(15M) 0.644ms
[196.678s][info][gc] GC(9009) Pause Young (Allocation Failure) 12M->8M(15M) 0.682ms
[196.687s][info][gc] GC(9010) Pause Young (Allocation Failure) 12M->8M(15M) 0.428ms
[196.692s][info][gc] GC(9011) Pause Young (Allocation Failure) 12M->8M(15M) 0.448ms
[196.700s][info][gc] GC(9012) Pause Young (Allocation Failure) 12M->8M(15M) 0.437ms
[196.705s][info][gc] GC(9013) Pause Young (Allocation Failure) 12M->8M(15M) 0.476ms
[196.713s][info][gc] GC(9014) Pause Young (Allocation Failure) 12M->8M(15M) 0.457ms
[196.718s][info][gc] GC(9015) Pause Young (Allocation Failure) 12M->8M(15M) 0.481ms
[196.725s][info][gc] GC(9016) Pause Young (Allocation Failure) 12M->8M(15M) 0.509ms
[196.730s][info][gc] GC(9017) Pause Young (Allocation Failure) 12M->8M(15M) 0.604ms
[196.738s][info][gc] GC(9018) Pause Young (Allocation Failure) 12M->8M(15M) 0.518ms
[196.743s][info][gc] GC(9019) Pause Young (Allocation Failure) 12M->8M(15M) 0.520ms
[196.750s][info][gc] GC(9020) Pause Young (Allocation Failure) 12M->8M(15M) 0.803ms
[196.758s][info][gc] GC(9021) Pause Young (Allocation Failure) 12M->8M(15M) 0.541ms
[196.766s][info][gc] GC(9022) Pause Young (Allocation Failure) 12M->8M(15M) 0.735ms
[196.772s][info][gc] GC(9023) Pause Young (Allocation Failure) 12M->8M(15M) 0.583ms
[196.780s][info][gc] GC(9024) Pause Young (Allocation Failure) 12M->8M(15M) 0.842ms
[196.788s][info][gc] GC(9025) Pause Young (Allocation Failure) 12M->8M(15M) 1.379ms
[196.794s][info][gc] GC(9026) Pause Young (Allocation Failure) 12M->8M(15M) 0.616ms
[196.803s][info][gc] GC(9027) Pause Young (Allocation Failure) 12M->8M(15M) 0.647ms
[196.809s][info][gc] GC(9028) Pause Young (Allocation Failure) 12M->8M(15M) 0.614ms
[196.816s][info][gc] GC(9029) Pause Young (Allocation Failure) 12M->8M(15M) 0.632ms
[196.823s][info][gc] GC(9030) Pause Young (Allocation Failure) 12M->8M(15M) 0.426ms
[196.832s][info][gc] GC(9031) Pause Young (Allocation Failure) 12M->8M(15M) 0.715ms
[196.841s][info][gc] GC(9032) Pause Young (Allocation Failure) 12M->8M(15M) 0.712ms
[196.848s][info][gc] GC(9033) Pause Young (Allocation Failure) 12M->8M(15M) 0.572ms
[196.857s][info][gc] GC(9034) Pause Young (Allocation Failure) 12M->8M(15M) 0.815ms
[196.864s][info][gc] GC(9035) Pause Young (Allocation Failure) 12M->8M(15M) 0.551ms
[196.874s][info][gc] GC(9036) Pause Young (Allocation Failure) 12M->8M(15M) 1.003ms
[196.884s][info][gc] GC(9037) Pause Young (Allocation Failure) 12M->8M(15M) 0.779ms
[196.894s][info][gc] GC(9038) Pause Young (Allocation Failure) 12M->8M(15M) 1.303ms
[196.902s][info][gc] GC(9039) Pause Young (Allocation Failure) 12M->8M(15M) 0.536ms
[196.910s][info][gc] GC(9040) Pause Young (Allocation Failure) 12M->8M(15M) 0.880ms
[196.917s][info][gc] GC(9041) Pause Young (Allocation Failure) 12M->8M(15M) 0.811ms
[196.925s][info][gc] GC(9042) Pause Young (Allocation Failure) 12M->8M(15M) 0.599ms
[196.930s][info][gc] GC(9043) Pause Young (Allocation Failure) 12M->8M(15M) 0.646ms
[196.939s][info][gc] GC(9044) Pause Young (Allocation Failure) 12M->8M(15M) 0.573ms
[196.947s][info][gc] GC(9045) Pause Young (Allocation Failure) 12M->8M(15M) 0.724ms
[196.953s][info][gc] GC(9046) Pause Young (Allocation Failure) 12M->8M(15M) 0.846ms
[196.960s][info][gc] GC(9047) Pause Young (Allocation Failure) 12M->8M(15M) 0.730ms
[196.967s][info][gc] GC(9048) Pause Young (Allocation Failure) 12M->8M(15M) 0.919ms
[196.974s][info][gc] GC(9049) Pause Young (Allocation Failure) 12M->8M(15M) 1.178ms
[196.980s][info][gc] GC(9050) Pause Young (Allocation Failure) 12M->8M(15M) 0.691ms
[196.990s][info][gc] GC(9051) Pause Young (Allocation Failure) 12M->8M(15M) 0.973ms
[196.995s][info][gc] GC(9052) Pause Young (Allocation Failure) 12M->8M(15M) 0.897ms
[197.003s][info][gc] GC(9053) Pause Young (Allocation Failure) 12M->8M(15M) 0.679ms
[197.010s][info][gc] GC(9054) Pause Young (Allocation Failure) 12M->8M(15M) 0.900ms
[197.017s][info][gc] GC(9055) Pause Young (Allocation Failure) 12M->8M(15M) 0.565ms
[197.025s][info][gc] GC(9056) Pause Young (Allocation Failure) 12M->8M(15M) 0.451ms
[197.032s][info][gc] GC(9057) Pause Young (Allocation Failure) 12M->8M(15M) 0.642ms
[197.038s][info][gc] GC(9058) Pause Young (Allocation Failure) 12M->8M(15M) 0.880ms
[197.046s][info][gc] GC(9059) Pause Young (Allocation Failure) 12M->8M(15M) 0.774ms
[197.055s][info][gc] GC(9060) Pause Young (Allocation Failure) 12M->8M(15M) 0.933ms
[197.062s][info][gc] GC(9061) Pause Young (Allocation Failure) 12M->8M(15M) 0.491ms
[197.070s][info][gc] GC(9062) Pause Young (Allocation Failure) 12M->8M(15M) 0.520ms
[197.076s][info][gc] GC(9063) Pause Young (Allocation Failure) 12M->8M(15M) 0.804ms
[197.082s][info][gc] GC(9064) Pause Young (Allocation Failure) 12M->8M(15M) 0.880ms
[197.090s][info][gc] GC(9065) Pause Young (Allocation Failure) 12M->8M(15M) 1.010ms
[197.099s][info][gc] GC(9066) Pause Young (Allocation Failure) 12M->8M(15M) 0.893ms
[197.111s][info][gc] GC(9067) Pause Young (Allocation Failure) 12M->8M(15M) 0.994ms
[197.120s][info][gc] GC(9068) Pause Young (Allocation Failure) 12M->8M(15M) 1.005ms
[197.129s][info][gc] GC(9069) Pause Young (Allocation Failure) 12M->8M(15M) 0.973ms
[197.139s][info][gc] GC(9070) Pause Young (Allocation Failure) 12M->8M(15M) 0.843ms
[197.145s][info][gc] GC(9071) Pause Young (Allocation Failure) 12M->8M(15M) 0.681ms
[197.154s][info][gc] GC(9072) Pause Young (Allocation Failure) 12M->8M(15M) 1.743ms
[197.160s][info][gc] GC(9073) Pause Young (Allocation Failure) 12M->8M(15M) 0.949ms
[197.173s][info][gc] GC(9074) Pause Young (Allocation Failure) 12M->8M(15M) 0.908ms
[197.183s][info][gc] GC(9075) Pause Young (Allocation Failure) 12M->8M(15M) 0.836ms
[197.201s][info][gc] GC(9076) Pause Young (Allocation Failure) 12M->8M(15M) 1.977ms
[197.231s][info][gc] GC(9077) Pause Young (Allocation Failure) 12M->8M(15M) 0.653ms
[197.239s][info][gc] GC(9078) Pause Young (Allocation Failure) 12M->8M(15M) 0.720ms
[197.249s][info][gc] GC(9079) Pause Young (Allocation Failure) 12M->8M(15M) 0.706ms
[197.261s][info][gc] GC(9080) Pause Young (Allocation Failure) 12M->8M(15M) 0.717ms
[197.270s][info][gc] GC(9081) Pause Young (Allocation Failure) 12M->8M(15M) 0.763ms
[197.277s][info][gc] GC(9082) Pause Young (Allocation Failure) 12M->8M(15M) 0.542ms
[197.286s][info][gc] GC(9083) Pause Young (Allocation Failure) 12M->8M(15M) 0.742ms
[197.299s][info][gc] GC(9084) Pause Young (Allocation Failure) 12M->8M(15M) 0.901ms
[197.305s][info][gc] GC(9085) Pause Young (Allocation Failure) 12M->8M(15M) 0.594ms
[197.316s][info][gc] GC(9086) Pause Young (Allocation Failure) 12M->8M(15M) 0.918ms
[197.325s][info][gc] GC(9087) Pause Young (Allocation Failure) 12M->8M(15M) 0.920ms
[197.333s][info][gc] GC(9088) Pause Young (Allocation Failure) 12M->8M(15M) 0.875ms
[197.342s][info][gc] GC(9089) Pause Young (Allocation Failure) 12M->8M(15M) 0.557ms
[197.348s][info][gc] GC(9090) Pause Young (Allocation Failure) 12M->8M(15M) 0.922ms
[197.356s][info][gc] GC(9091) Pause Young (Allocation Failure) 12M->8M(15M) 0.734ms
[197.362s][info][gc] GC(9092) Pause Young (Allocation Failure) 12M->8M(15M) 0.979ms
[197.367s][info][gc] GC(9093) Pause Young (Allocation Failure) 12M->8M(15M) 0.688ms
[197.372s][info][gc] GC(9094) Pause Young (Allocation Failure) 12M->8M(15M) 0.667ms
[197.379s][info][gc] GC(9095) Pause Young (Allocation Failure) 12M->8M(15M) 0.598ms
[197.384s][info][gc] GC(9096) Pause Young (Allocation Failure) 12M->8M(15M) 0.613ms
[197.392s][info][gc] GC(9097) Pause Young (Allocation Failure) 12M->8M(15M) 1.003ms
[197.398s][info][gc] GC(9098) Pause Young (Allocation Failure) 12M->8M(15M) 0.586ms
[197.406s][info][gc] GC(9099) Pause Young (Allocation Failure) 12M->8M(15M) 0.442ms
[197.413s][info][gc] GC(9100) Pause Young (Allocation Failure) 12M->8M(15M) 0.417ms
[197.419s][info][gc] GC(9101) Pause Young (Allocation Failure) 12M->8M(15M) 0.456ms
[197.425s][info][gc] GC(9102) Pause Young (Allocation Failure) 12M->8M(15M) 0.482ms
[197.431s][info][gc] GC(9103) Pause Young (Allocation Failure) 12M->8M(15M) 0.481ms
[197.436s][info][gc] GC(9104) Pause Young (Allocation Failure) 12M->8M(15M) 0.474ms
[197.442s][info][gc] GC(9105) Pause Young (Allocation Failure) 12M->8M(15M) 0.819ms
[197.447s][info][gc] GC(9106) Pause Young (Allocation Failure) 12M->8M(15M) 0.493ms
[197.453s][info][gc] GC(9107) Pause Young (Allocation Failure) 12M->8M(15M) 0.520ms
[197.459s][info][gc] GC(9108) Pause Young (Allocation Failure) 12M->8M(15M) 0.500ms
[197.466s][info][gc] GC(9109) Pause Young (Allocation Failure) 12M->8M(15M) 0.626ms
[197.472s][info][gc] GC(9110) Pause Young (Allocation Failure) 12M->8M(15M) 0.575ms
[197.477s][info][gc] GC(9111) Pause Young (Allocation Failure) 12M->8M(15M) 0.641ms
[197.485s][info][gc] GC(9112) Pause Young (Allocation Failure) 12M->8M(15M) 0.595ms
[197.491s][info][gc] GC(9113) Pause Young (Allocation Failure) 12M->8M(15M) 0.687ms
[197.497s][info][gc] GC(9114) Pause Young (Allocation Failure) 12M->8M(15M) 0.723ms
[197.503s][info][gc] GC(9115) Pause Young (Allocation Failure) 12M->8M(15M) 0.625ms
[197.511s][info][gc] GC(9116) Pause Young (Allocation Failure) 12M->8M(15M) 1.018ms
[197.517s][info][gc] GC(9117) Pause Young (Allocation Failure) 12M->8M(15M) 0.637ms
[197.523s][info][gc] GC(9118) Pause Young (Allocation Failure) 12M->8M(15M) 0.663ms
[197.529s][info][gc] GC(9119) Pause Young (Allocation Failure) 12M->8M(15M) 0.636ms
[197.534s][info][gc] GC(9120) Pause Young (Allocation Failure) 12M->8M(15M) 0.639ms
[197.540s][info][gc] GC(9121) Pause Young (Allocation Failure) 12M->8M(15M) 0.423ms
[197.546s][info][gc] GC(9122) Pause Young (Allocation Failure) 12M->8M(15M) 0.444ms
[197.553s][info][gc] GC(9123) Pause Young (Allocation Failure) 12M->8M(15M) 0.451ms
[197.558s][info][gc] GC(9124) Pause Young (Allocation Failure) 12M->8M(15M) 0.450ms
[197.565s][info][gc] GC(9125) Pause Young (Allocation Failure) 12M->8M(15M) 0.462ms
[197.570s][info][gc] GC(9126) Pause Young (Allocation Failure) 12M->8M(15M) 0.470ms
[197.578s][info][gc] GC(9127) Pause Young (Allocation Failure) 12M->8M(15M) 0.494ms
[197.583s][info][gc] GC(9128) Pause Young (Allocation Failure) 12M->8M(15M) 0.507ms
[197.590s][info][gc] GC(9129) Pause Young (Allocation Failure) 12M->8M(15M) 0.978ms
[197.596s][info][gc] GC(9130) Pause Young (Allocation Failure) 12M->8M(15M) 0.561ms
[197.601s][info][gc] GC(9131) Pause Young (Allocation Failure) 12M->8M(15M) 1.033ms
[197.607s][info][gc] GC(9132) Pause Young (Allocation Failure) 12M->8M(15M) 0.591ms
[197.612s][info][gc] GC(9133) Pause Young (Allocation Failure) 12M->8M(15M) 0.583ms
[197.619s][info][gc] GC(9134) Pause Young (Allocation Failure) 12M->8M(15M) 0.688ms
[197.625s][info][gc] GC(9135) Pause Young (Allocation Failure) 12M->8M(15M) 0.690ms
[197.632s][info][gc] GC(9136) Pause Young (Allocation Failure) 12M->8M(15M) 0.628ms
[197.637s][info][gc] GC(9137) Pause Young (Allocation Failure) 12M->8M(15M) 0.638ms
[197.643s][info][gc] GC(9138) Pause Young (Allocation Failure) 12M->8M(15M) 1.050ms
[197.648s][info][gc] GC(9139) Pause Young (Allocation Failure) 12M->8M(15M) 0.660ms
[197.654s][info][gc] GC(9140) Pause Young (Allocation Failure) 12M->8M(15M) 0.812ms
[197.660s][info][gc] GC(9141) Pause Young (Allocation Failure) 12M->8M(15M) 0.616ms
[197.666s][info][gc] GC(9142) Pause Young (Allocation Failure) 12M->8M(15M) 0.604ms
[197.672s][info][gc] GC(9143) Pause Young (Allocation Failure) 12M->8M(15M) 0.660ms
[197.678s][info][gc] GC(9144) Pause Young (Allocation Failure) 12M->8M(15M) 0.647ms
[197.690s][info][gc] GC(9145) Pause Young (Allocation Failure) 12M->8M(15M) 0.792ms
[197.701s][info][gc] GC(9146) Pause Young (Allocation Failure) 12M->8M(15M) 0.657ms
[197.707s][info][gc] GC(9147) Pause Young (Allocation Failure) 12M->8M(15M) 0.499ms
[197.716s][info][gc] GC(9148) Pause Young (Allocation Failure) 12M->8M(15M) 0.481ms
[197.723s][info][gc] GC(9149) Pause Young (Allocation Failure) 12M->8M(15M) 0.578ms
[197.729s][info][gc] GC(9150) Pause Young (Allocation Failure) 12M->8M(15M) 0.515ms
[197.736s][info][gc] GC(9151) Pause Young (Allocation Failure) 12M->8M(15M) 0.994ms
[197.741s][info][gc] GC(9152) Pause Young (Allocation Failure) 12M->8M(15M) 0.588ms
[197.749s][info][gc] GC(9153) Pause Young (Allocation Failure) 12M->8M(15M) 0.999ms
[197.755s][info][gc] GC(9154) Pause Young (Allocation Failure) 12M->8M(15M) 0.551ms
[197.763s][info][gc] GC(9155) Pause Young (Allocation Failure) 12M->8M(15M) 1.256ms
[197.768s][info][gc] GC(9156) Pause Young (Allocation Failure) 12M->8M(15M) 0.581ms
[197.773s][info][gc] GC(9157) Pause Young (Allocation Failure) 12M->8M(15M) 0.585ms
[197.781s][info][gc] GC(9158) Pause Young (Allocation Failure) 12M->8M(15M) 0.576ms
[197.786s][info][gc] GC(9159) Pause Young (Allocation Failure) 12M->8M(15M) 0.547ms
[197.794s][info][gc] GC(9160) Pause Young (Allocation Failure) 12M->8M(15M) 0.638ms
[197.800s][info][gc] GC(9161) Pause Young (Allocation Failure) 12M->8M(15M) 0.581ms
[197.807s][info][gc] GC(9162) Pause Young (Allocation Failure) 12M->8M(15M) 0.432ms
[197.812s][info][gc] GC(9163) Pause Young (Allocation Failure) 12M->8M(15M) 0.429ms
[197.819s][info][gc] GC(9164) Pause Young (Allocation Failure) 12M->8M(15M) 0.472ms
[197.825s][info][gc] GC(9165) Pause Young (Allocation Failure) 12M->8M(15M) 0.455ms
[197.831s][info][gc] GC(9166) Pause Young (Allocation Failure) 12M->8M(15M) 0.545ms
[197.836s][info][gc] GC(9167) Pause Young (Allocation Failure) 12M->8M(15M) 0.482ms
[197.844s][info][gc] GC(9168) Pause Young (Allocation Failure) 12M->8M(15M) 0.506ms
[197.849s][info][gc] GC(9169) Pause Young (Allocation Failure) 12M->8M(15M) 0.536ms
[197.856s][info][gc] GC(9170) Pause Young (Allocation Failure) 12M->8M(15M) 0.894ms
[197.864s][info][gc] GC(9171) Pause Young (Allocation Failure) 12M->8M(15M) 0.497ms
[197.873s][info][gc] GC(9172) Pause Young (Allocation Failure) 12M->8M(15M) 0.493ms
[197.878s][info][gc] GC(9173) Pause Young (Allocation Failure) 12M->8M(15M) 0.529ms
[197.886s][info][gc] GC(9174) Pause Young (Allocation Failure) 12M->8M(15M) 0.726ms
[197.891s][info][gc] GC(9175) Pause Young (Allocation Failure) 12M->8M(15M) 0.536ms
[197.897s][info][gc] GC(9176) Pause Young (Allocation Failure) 12M->8M(15M) 0.576ms
[197.903s][info][gc] GC(9177) Pause Young (Allocation Failure) 12M->8M(15M) 0.535ms
[197.909s][info][gc] GC(9178) Pause Young (Allocation Failure) 12M->8M(15M) 1.069ms
[197.915s][info][gc] GC(9179) Pause Young (Allocation Failure) 12M->8M(15M) 0.545ms
[197.920s][info][gc] GC(9180) Pause Young (Allocation Failure) 12M->8M(15M) 0.632ms
[197.928s][info][gc] GC(9181) Pause Young (Allocation Failure) 12M->8M(15M) 0.633ms
[197.933s][info][gc] GC(9182) Pause Young (Allocation Failure) 12M->8M(15M) 0.588ms
[197.939s][info][gc] GC(9183) Pause Young (Allocation Failure) 12M->8M(15M) 0.593ms
[197.944s][info][gc] GC(9184) Pause Young (Allocation Failure) 12M->8M(15M) 0.554ms
[197.951s][info][gc] GC(9185) Pause Young (Allocation Failure) 12M->8M(15M) 0.625ms
[197.957s][info][gc] GC(9186) Pause Young (Allocation Failure) 12M->8M(15M) 0.591ms
[197.963s][info][gc] GC(9187) Pause Young (Allocation Failure) 12M->8M(15M) 0.746ms
[197.968s][info][gc] GC(9188) Pause Young (Allocation Failure) 12M->8M(15M) 0.434ms
[197.973s][info][gc] GC(9189) Pause Young (Allocation Failure) 12M->8M(15M) 0.422ms
[197.979s][info][gc] GC(9190) Pause Young (Allocation Failure) 12M->8M(15M) 0.530ms
[197.986s][info][gc] GC(9191) Pause Young (Allocation Failure) 12M->8M(15M) 0.458ms
[197.993s][info][gc] GC(9192) Pause Young (Allocation Failure) 12M->8M(15M) 0.461ms
[197.998s][info][gc] GC(9193) Pause Young (Allocation Failure) 12M->8M(15M) 0.513ms
[198.005s][info][gc] GC(9194) Pause Young (Allocation Failure) 12M->8M(15M) 0.482ms
[198.012s][info][gc] GC(9195) Pause Young (Allocation Failure) 12M->8M(15M) 0.721ms
[198.019s][info][gc] GC(9196) Pause Young (Allocation Failure) 12M->8M(15M) 0.504ms
[198.024s][info][gc] GC(9197) Pause Young (Allocation Failure) 12M->8M(15M) 0.504ms
[198.030s][info][gc] GC(9198) Pause Young (Allocation Failure) 12M->8M(15M) 0.607ms
[198.035s][info][gc] GC(9199) Pause Young (Allocation Failure) 12M->8M(15M) 0.569ms
[198.040s][info][gc] GC(9200) Pause Young (Allocation Failure) 12M->8M(15M) 0.573ms
[198.047s][info][gc] GC(9201) Pause Young (Allocation Failure) 12M->8M(15M) 0.556ms
[198.052s][info][gc] GC(9202) Pause Young (Allocation Failure) 12M->8M(15M) 0.592ms
[198.058s][info][gc] GC(9203) Pause Young (Allocation Failure) 12M->8M(15M) 0.633ms
[198.066s][info][gc] GC(9204) Pause Young (Allocation Failure) 12M->8M(15M) 0.573ms
[198.072s][info][gc] GC(9205) Pause Young (Allocation Failure) 12M->8M(15M) 0.591ms
[198.077s][info][gc] GC(9206) Pause Young (Allocation Failure) 12M->8M(15M) 0.622ms
[198.086s][info][gc] GC(9207) Pause Young (Allocation Failure) 12M->8M(15M) 0.924ms
[198.096s][info][gc] GC(9208) Pause Young (Allocation Failure) 12M->8M(15M) 0.927ms
[198.105s][info][gc] GC(9209) Pause Young (Allocation Failure) 12M->8M(15M) 0.700ms
[198.115s][info][gc] GC(9210) Pause Young (Allocation Failure) 12M->8M(15M) 0.581ms
[198.121s][info][gc] GC(9211) Pause Young (Allocation Failure) 12M->8M(15M) 0.950ms
[198.129s][info][gc] GC(9212) Pause Young (Allocation Failure) 12M->8M(15M) 0.455ms
[198.134s][info][gc] GC(9213) Pause Young (Allocation Failure) 12M->8M(15M) 0.438ms
[198.144s][info][gc] GC(9214) Pause Young (Allocation Failure) 12M->8M(15M) 0.849ms
[198.151s][info][gc] GC(9215) Pause Young (Allocation Failure) 12M->8M(15M) 0.754ms
[198.157s][info][gc] GC(9216) Pause Young (Allocation Failure) 12M->8M(15M) 0.522ms
[198.165s][info][gc] GC(9217) Pause Young (Allocation Failure) 12M->8M(15M) 0.665ms
[198.171s][info][gc] GC(9218) Pause Young (Allocation Failure) 12M->8M(15M) 0.573ms
[198.179s][info][gc] GC(9219) Pause Young (Allocation Failure) 12M->8M(15M) 0.821ms
[198.186s][info][gc] GC(9220) Pause Young (Allocation Failure) 12M->8M(15M) 0.779ms
[198.194s][info][gc] GC(9221) Pause Young (Allocation Failure) 12M->8M(15M) 0.732ms
[198.202s][info][gc] GC(9222) Pause Young (Allocation Failure) 12M->8M(15M) 0.974ms
[198.212s][info][gc] GC(9223) Pause Young (Allocation Failure) 12M->8M(15M) 0.819ms
[198.220s][info][gc] GC(9224) Pause Young (Allocation Failure) 12M->8M(15M) 0.592ms
[198.227s][info][gc] GC(9225) Pause Young (Allocation Failure) 12M->8M(15M) 0.660ms
[198.235s][info][gc] GC(9226) Pause Young (Allocation Failure) 12M->8M(15M) 0.598ms
[198.240s][info][gc] GC(9227) Pause Young (Allocation Failure) 12M->8M(15M) 0.567ms
[198.248s][info][gc] GC(9228) Pause Young (Allocation Failure) 12M->8M(15M) 0.751ms
[198.253s][info][gc] GC(9229) Pause Young (Allocation Failure) 12M->8M(15M) 0.584ms
[198.260s][info][gc] GC(9230) Pause Young (Allocation Failure) 12M->8M(15M) 0.651ms
[198.265s][info][gc] GC(9231) Pause Young (Allocation Failure) 12M->8M(15M) 0.585ms
[198.272s][info][gc] GC(9232) Pause Young (Allocation Failure) 12M->8M(15M) 0.439ms
[198.277s][info][gc] GC(9233) Pause Young (Allocation Failure) 12M->8M(15M) 0.446ms
[198.284s][info][gc] GC(9234) Pause Young (Allocation Failure) 12M->8M(15M) 0.624ms
[198.290s][info][gc] GC(9235) Pause Young (Allocation Failure) 12M->8M(15M) 0.465ms
[198.295s][info][gc] GC(9236) Pause Young (Allocation Failure) 12M->8M(15M) 0.740ms
[198.302s][info][gc] GC(9237) Pause Young (Allocation Failure) 12M->8M(15M) 0.472ms
[198.307s][info][gc] GC(9238) Pause Young (Allocation Failure) 12M->8M(15M) 0.443ms
[198.315s][info][gc] GC(9239) Pause Young (Allocation Failure) 12M->8M(15M) 0.518ms
[198.321s][info][gc] GC(9240) Pause Young (Allocation Failure) 12M->8M(15M) 0.619ms
[198.327s][info][gc] GC(9241) Pause Young (Allocation Failure) 12M->8M(15M) 0.532ms
[198.333s][info][gc] GC(9242) Pause Young (Allocation Failure) 12M->8M(15M) 0.541ms
[198.341s][info][gc] GC(9243) Pause Young (Allocation Failure) 12M->8M(15M) 0.545ms
[198.346s][info][gc] GC(9244) Pause Young (Allocation Failure) 12M->8M(15M) 0.546ms
[198.353s][info][gc] GC(9245) Pause Young (Allocation Failure) 12M->8M(15M) 0.557ms
[198.359s][info][gc] GC(9246) Pause Young (Allocation Failure) 12M->8M(15M) 0.546ms
[198.365s][info][gc] GC(9247) Pause Young (Allocation Failure) 12M->8M(15M) 0.624ms
[198.370s][info][gc] GC(9248) Pause Young (Allocation Failure) 12M->8M(15M) 0.683ms
[198.377s][info][gc] GC(9249) Pause Young (Allocation Failure) 12M->8M(15M) 1.200ms
[198.383s][info][gc] GC(9250) Pause Young (Allocation Failure) 12M->8M(15M) 0.646ms
[198.389s][info][gc] GC(9251) Pause Young (Allocation Failure) 12M->8M(15M) 0.979ms
[198.399s][info][gc] GC(9252) Pause Young (Allocation Failure) 12M->8M(15M) 0.841ms
[198.407s][info][gc] GC(9253) Pause Young (Allocation Failure) 12M->8M(15M) 0.687ms
[198.414s][info][gc] GC(9254) Pause Young (Allocation Failure) 12M->8M(15M) 0.944ms
[198.422s][info][gc] GC(9255) Pause Young (Allocation Failure) 12M->8M(15M) 0.409ms
[198.427s][info][gc] GC(9256) Pause Young (Allocation Failure) 12M->8M(15M) 0.423ms
[198.436s][info][gc] GC(9257) Pause Young (Allocation Failure) 12M->8M(15M) 0.554ms
[198.440s][info][gc] GC(9258) Pause Young (Allocation Failure) 12M->8M(15M) 0.453ms
[198.447s][info][gc] GC(9259) Pause Young (Allocation Failure) 12M->8M(15M) 0.526ms
[198.453s][info][gc] GC(9260) Pause Young (Allocation Failure) 12M->8M(15M) 0.505ms
[198.459s][info][gc] GC(9261) Pause Young (Allocation Failure) 12M->8M(15M) 0.510ms
[198.464s][info][gc] GC(9262) Pause Young (Allocation Failure) 12M->8M(15M) 0.529ms
[198.470s][info][gc] GC(9263) Pause Young (Allocation Failure) 12M->8M(15M) 1.154ms
[198.475s][info][gc] GC(9264) Pause Young (Allocation Failure) 12M->8M(15M) 0.502ms
[198.481s][info][gc] GC(9265) Pause Young (Allocation Failure) 12M->8M(15M) 0.542ms
[198.488s][info][gc] GC(9266) Pause Young (Allocation Failure) 12M->8M(15M) 0.519ms
[198.493s][info][gc] GC(9267) Pause Young (Allocation Failure) 12M->8M(15M) 0.515ms
[198.500s][info][gc] GC(9268) Pause Young (Allocation Failure) 12M->8M(15M) 0.833ms
[198.507s][info][gc] GC(9269) Pause Young (Allocation Failure) 12M->8M(15M) 0.584ms
[198.514s][info][gc] GC(9270) Pause Young (Allocation Failure) 12M->8M(15M) 0.608ms
[198.520s][info][gc] GC(9271) Pause Young (Allocation Failure) 12M->8M(15M) 0.607ms
[198.526s][info][gc] GC(9272) Pause Young (Allocation Failure) 12M->8M(15M) 0.700ms
[198.534s][info][gc] GC(9273) Pause Young (Allocation Failure) 12M->8M(15M) 1.990ms
[198.544s][info][gc] GC(9274) Pause Young (Allocation Failure) 12M->8M(15M) 0.603ms
[198.551s][info][gc] GC(9275) Pause Young (Allocation Failure) 12M->8M(15M) 0.879ms
[198.556s][info][gc] GC(9276) Pause Young (Allocation Failure) 12M->8M(15M) 0.686ms
[198.561s][info][gc] GC(9277) Pause Young (Allocation Failure) 12M->8M(15M) 0.416ms
[198.567s][info][gc] GC(9278) Pause Young (Allocation Failure) 12M->8M(15M) 0.438ms
[198.573s][info][gc] GC(9279) Pause Young (Allocation Failure) 12M->8M(15M) 0.433ms
[198.579s][info][gc] GC(9280) Pause Young (Allocation Failure) 12M->8M(15M) 0.596ms
[198.584s][info][gc] GC(9281) Pause Young (Allocation Failure) 12M->8M(15M) 0.471ms
[198.591s][info][gc] GC(9282) Pause Young (Allocation Failure) 12M->8M(15M) 0.516ms
[198.596s][info][gc] GC(9283) Pause Young (Allocation Failure) 12M->8M(15M) 0.467ms
[198.601s][info][gc] GC(9284) Pause Young (Allocation Failure) 12M->8M(15M) 0.526ms
[198.607s][info][gc] GC(9285) Pause Young (Allocation Failure) 12M->8M(15M) 0.599ms
[198.613s][info][gc] GC(9286) Pause Young (Allocation Failure) 12M->8M(15M) 0.514ms
[198.620s][info][gc] GC(9287) Pause Young (Allocation Failure) 12M->8M(15M) 0.519ms
[198.625s][info][gc] GC(9288) Pause Young (Allocation Failure) 12M->8M(15M) 0.527ms
[198.631s][info][gc] GC(9289) Pause Young (Allocation Failure) 12M->8M(15M) 0.576ms
[198.637s][info][gc] GC(9290) Pause Young (Allocation Failure) 12M->8M(15M) 0.605ms
[198.644s][info][gc] GC(9291) Pause Young (Allocation Failure) 12M->8M(15M) 1.292ms
[198.649s][info][gc] GC(9292) Pause Young (Allocation Failure) 12M->8M(15M) 0.610ms
[198.654s][info][gc] GC(9293) Pause Young (Allocation Failure) 12M->8M(15M) 0.653ms
[198.661s][info][gc] GC(9294) Pause Young (Allocation Failure) 12M->8M(15M) 0.700ms
[198.667s][info][gc] GC(9295) Pause Young (Allocation Failure) 12M->8M(15M) 0.586ms
[198.673s][info][gc] GC(9296) Pause Young (Allocation Failure) 12M->8M(15M) 0.602ms
[198.679s][info][gc] GC(9297) Pause Young (Allocation Failure) 12M->8M(15M) 0.687ms
[198.689s][info][gc] GC(9298) Pause Young (Allocation Failure) 12M->8M(15M) 0.720ms
[198.698s][info][gc] GC(9299) Pause Young (Allocation Failure) 12M->8M(15M) 0.505ms
[198.703s][info][gc] GC(9300) Pause Young (Allocation Failure) 12M->8M(15M) 0.460ms
[198.708s][info][gc] GC(9301) Pause Young (Allocation Failure) 12M->8M(15M) 0.458ms
[198.715s][info][gc] GC(9302) Pause Young (Allocation Failure) 12M->8M(15M) 0.536ms
[198.721s][info][gc] GC(9303) Pause Young (Allocation Failure) 12M->8M(15M) 0.609ms
[198.727s][info][gc] GC(9304) Pause Young (Allocation Failure) 12M->8M(15M) 0.521ms
[198.732s][info][gc] GC(9305) Pause Young (Allocation Failure) 12M->8M(15M) 0.492ms
[198.739s][info][gc] GC(9306) Pause Young (Allocation Failure) 12M->8M(15M) 0.563ms
[198.744s][info][gc] GC(9307) Pause Young (Allocation Failure) 12M->8M(15M) 0.553ms
[198.749s][info][gc] GC(9308) Pause Young (Allocation Failure) 12M->8M(15M) 0.982ms
[198.757s][info][gc] GC(9309) Pause Young (Allocation Failure) 12M->8M(15M) 0.651ms
[198.762s][info][gc] GC(9310) Pause Young (Allocation Failure) 12M->8M(15M) 0.690ms
[198.768s][info][gc] GC(9311) Pause Young (Allocation Failure) 12M->8M(15M) 0.591ms
[198.773s][info][gc] GC(9312) Pause Young (Allocation Failure) 12M->8M(15M) 0.562ms
[198.780s][info][gc] GC(9313) Pause Young (Allocation Failure) 12M->8M(15M) 0.635ms
[198.786s][info][gc] GC(9314) Pause Young (Allocation Failure) 12M->8M(15M) 0.595ms
[198.792s][info][gc] GC(9315) Pause Young (Allocation Failure) 12M->8M(15M) 0.424ms
[198.797s][info][gc] GC(9316) Pause Young (Allocation Failure) 12M->8M(15M) 0.441ms
[198.804s][info][gc] GC(9317) Pause Young (Allocation Failure) 12M->8M(15M) 0.601ms
[198.809s][info][gc] GC(9318) Pause Young (Allocation Failure) 12M->8M(15M) 0.513ms
[198.814s][info][gc] GC(9319) Pause Young (Allocation Failure) 12M->8M(15M) 0.502ms
[198.821s][info][gc] GC(9320) Pause Young (Allocation Failure) 12M->8M(15M) 0.627ms
[198.826s][info][gc] GC(9321) Pause Young (Allocation Failure) 12M->8M(15M) 0.489ms
[198.833s][info][gc] GC(9322) Pause Young (Allocation Failure) 12M->8M(15M) 0.528ms
[198.839s][info][gc] GC(9323) Pause Young (Allocation Failure) 12M->8M(15M) 0.553ms
[198.845s][info][gc] GC(9324) Pause Young (Allocation Failure) 12M->8M(15M) 0.557ms
[198.852s][info][gc] GC(9325) Pause Young (Allocation Failure) 12M->8M(15M) 1.626ms
[198.862s][info][gc] GC(9326) Pause Young (Allocation Failure) 12M->8M(15M) 0.863ms
[198.869s][info][gc] GC(9327) Pause Young (Allocation Failure) 12M->8M(15M) 1.104ms
[198.876s][info][gc] GC(9328) Pause Young (Allocation Failure) 12M->8M(15M) 0.558ms
[198.882s][info][gc] GC(9329) Pause Young (Allocation Failure) 12M->8M(15M) 0.556ms
[198.888s][info][gc] GC(9330) Pause Young (Allocation Failure) 12M->8M(15M) 0.566ms
[198.895s][info][gc] GC(9331) Pause Young (Allocation Failure) 12M->8M(15M) 0.577ms
[198.901s][info][gc] GC(9332) Pause Young (Allocation Failure) 12M->8M(15M) 0.600ms
[198.907s][info][gc] GC(9333) Pause Young (Allocation Failure) 12M->8M(15M) 0.773ms
[198.913s][info][gc] GC(9334) Pause Young (Allocation Failure) 12M->8M(15M) 0.573ms
[198.918s][info][gc] GC(9335) Pause Young (Allocation Failure) 12M->8M(15M) 0.575ms
[198.925s][info][gc] GC(9336) Pause Young (Allocation Failure) 12M->8M(15M) 0.855ms
[198.930s][info][gc] GC(9337) Pause Young (Allocation Failure) 12M->8M(15M) 0.625ms
[198.936s][info][gc] GC(9338) Pause Young (Allocation Failure) 12M->8M(15M) 0.989ms
[198.942s][info][gc] GC(9339) Pause Young (Allocation Failure) 12M->8M(15M) 0.457ms
[198.947s][info][gc] GC(9340) Pause Young (Allocation Failure) 12M->8M(15M) 0.461ms
[198.954s][info][gc] GC(9341) Pause Young (Allocation Failure) 12M->8M(15M) 0.453ms
[198.959s][info][gc] GC(9342) Pause Young (Allocation Failure) 12M->8M(15M) 0.483ms
[198.965s][info][gc] GC(9343) Pause Young (Allocation Failure) 12M->8M(15M) 0.482ms
[198.970s][info][gc] GC(9344) Pause Young (Allocation Failure) 12M->8M(15M) 0.468ms
[198.976s][info][gc] GC(9345) Pause Young (Allocation Failure) 12M->8M(15M) 0.692ms
[198.982s][info][gc] GC(9346) Pause Young (Allocation Failure) 12M->8M(15M) 0.524ms
[198.987s][info][gc] GC(9347) Pause Young (Allocation Failure) 12M->8M(15M) 0.497ms
[198.993s][info][gc] GC(9348) Pause Young (Allocation Failure) 12M->8M(15M) 0.561ms
[198.999s][info][gc] GC(9349) Pause Young (Allocation Failure) 12M->8M(15M) 0.808ms
[199.007s][info][gc] GC(9350) Pause Young (Allocation Failure) 12M->8M(15M) 0.566ms
[199.012s][info][gc] GC(9351) Pause Young (Allocation Failure) 12M->8M(15M) 0.543ms
[199.019s][info][gc] GC(9352) Pause Young (Allocation Failure) 12M->8M(15M) 0.568ms
[199.024s][info][gc] GC(9353) Pause Young (Allocation Failure) 12M->8M(15M) 0.602ms
[199.029s][info][gc] GC(9354) Pause Young (Allocation Failure) 12M->8M(15M) 0.922ms
[199.035s][info][gc] GC(9355) Pause Young (Allocation Failure) 12M->8M(15M) 0.679ms
[199.041s][info][gc] GC(9356) Pause Young (Allocation Failure) 12M->8M(15M) 0.586ms
[199.047s][info][gc] GC(9357) Pause Young (Allocation Failure) 12M->8M(15M) 0.417ms
[199.053s][info][gc] GC(9358) Pause Young (Allocation Failure) 12M->8M(15M) 0.592ms
[199.059s][info][gc] GC(9359) Pause Young (Allocation Failure) 12M->8M(15M) 0.453ms
[199.064s][info][gc] GC(9360) Pause Young (Allocation Failure) 12M->8M(15M) 0.455ms
[199.070s][info][gc] GC(9361) Pause Young (Allocation Failure) 12M->8M(15M) 0.764ms
[199.079s][info][gc] GC(9362) Pause Young (Allocation Failure) 12M->8M(15M) 0.966ms
[199.091s][info][gc] GC(9363) Pause Young (Allocation Failure) 12M->8M(15M) 0.600ms
[199.098s][info][gc] GC(9364) Pause Young (Allocation Failure) 12M->8M(15M) 1.066ms
[199.104s][info][gc] GC(9365) Pause Young (Allocation Failure) 12M->8M(15M) 0.656ms
[199.111s][info][gc] GC(9366) Pause Young (Allocation Failure) 12M->8M(15M) 0.872ms
[199.116s][info][gc] GC(9367) Pause Young (Allocation Failure) 12M->8M(15M) 0.502ms
[199.121s][info][gc] GC(9368) Pause Young (Allocation Failure) 12M->8M(15M) 0.508ms
[199.131s][info][gc] GC(9369) Pause Young (Allocation Failure) 12M->8M(15M) 0.544ms
[199.140s][info][gc] GC(9370) Pause Young (Allocation Failure) 12M->8M(15M) 0.629ms
[199.145s][info][gc] GC(9371) Pause Young (Allocation Failure) 12M->8M(15M) 0.615ms
[199.153s][info][gc] GC(9372) Pause Young (Allocation Failure) 12M->8M(15M) 0.577ms
[199.158s][info][gc] GC(9373) Pause Young (Allocation Failure) 12M->8M(15M) 0.604ms
[199.167s][info][gc] GC(9374) Pause Young (Allocation Failure) 12M->8M(15M) 0.637ms
[199.173s][info][gc] GC(9375) Pause Young (Allocation Failure) 12M->8M(15M) 0.576ms
[199.182s][info][gc] GC(9376) Pause Young (Allocation Failure) 12M->8M(15M) 0.988ms
[199.188s][info][gc] GC(9377) Pause Young (Allocation Failure) 12M->8M(15M) 0.634ms
[199.195s][info][gc] GC(9378) Pause Young (Allocation Failure) 12M->8M(15M) 0.628ms
[199.200s][info][gc] GC(9379) Pause Young (Allocation Failure) 12M->8M(15M) 0.646ms
[199.209s][info][gc] GC(9380) Pause Young (Allocation Failure) 12M->8M(15M) 0.453ms
[199.215s][info][gc] GC(9381) Pause Young (Allocation Failure) 12M->8M(15M) 0.480ms
[199.223s][info][gc] GC(9382) Pause Young (Allocation Failure) 12M->8M(15M) 0.522ms
[199.228s][info][gc] GC(9383) Pause Young (Allocation Failure) 12M->8M(15M) 0.552ms
[199.236s][info][gc] GC(9384) Pause Young (Allocation Failure) 12M->8M(15M) 0.523ms
[199.243s][info][gc] GC(9385) Pause Young (Allocation Failure) 12M->8M(15M) 1.009ms
[199.250s][info][gc] GC(9386) Pause Young (Allocation Failure) 12M->8M(15M) 0.516ms
[199.255s][info][gc] GC(9387) Pause Young (Allocation Failure) 12M->8M(15M) 0.533ms
[199.263s][info][gc] GC(9388) Pause Young (Allocation Failure) 12M->8M(15M) 0.566ms
[199.268s][info][gc] GC(9389) Pause Young (Allocation Failure) 12M->8M(15M) 0.582ms
[199.275s][info][gc] GC(9390) Pause Young (Allocation Failure) 12M->8M(15M) 0.568ms
[199.280s][info][gc] GC(9391) Pause Young (Allocation Failure) 12M->8M(15M) 0.541ms
[199.287s][info][gc] GC(9392) Pause Young (Allocation Failure) 12M->8M(15M) 0.608ms
[199.292s][info][gc] GC(9393) Pause Young (Allocation Failure) 12M->8M(15M) 0.586ms
[199.298s][info][gc] GC(9394) Pause Young (Allocation Failure) 12M->8M(15M) 1.019ms
[199.304s][info][gc] GC(9395) Pause Young (Allocation Failure) 12M->8M(15M) 0.625ms
[199.312s][info][gc] GC(9396) Pause Young (Allocation Failure) 12M->8M(15M) 0.669ms
[199.317s][info][gc] GC(9397) Pause Young (Allocation Failure) 12M->8M(15M) 0.630ms
[199.322s][info][gc] GC(9398) Pause Young (Allocation Failure) 12M->8M(15M) 0.396ms
[199.329s][info][gc] GC(9399) Pause Young (Allocation Failure) 12M->8M(15M) 0.437ms
[199.334s][info][gc] GC(9400) Pause Young (Allocation Failure) 12M->8M(15M) 0.429ms
[199.340s][info][gc] GC(9401) Pause Young (Allocation Failure) 12M->8M(15M) 0.458ms
[199.345s][info][gc] GC(9402) Pause Young (Allocation Failure) 12M->8M(15M) 0.404ms
[199.352s][info][gc] GC(9403) Pause Young (Allocation Failure) 12M->8M(15M) 0.513ms
[199.357s][info][gc] GC(9404) Pause Young (Allocation Failure) 12M->8M(15M) 0.485ms
[199.363s][info][gc] GC(9405) Pause Young (Allocation Failure) 12M->8M(15M) 1.010ms
[199.369s][info][gc] GC(9406) Pause Young (Allocation Failure) 12M->8M(15M) 0.532ms
[199.374s][info][gc] GC(9407) Pause Young (Allocation Failure) 12M->8M(15M) 0.540ms
[199.382s][info][gc] GC(9408) Pause Young (Allocation Failure) 12M->8M(15M) 0.603ms
[199.387s][info][gc] GC(9409) Pause Young (Allocation Failure) 12M->8M(15M) 0.524ms
[199.393s][info][gc] GC(9410) Pause Young (Allocation Failure) 12M->8M(15M) 0.580ms
[199.399s][info][gc] GC(9411) Pause Young (Allocation Failure) 12M->8M(15M) 0.538ms
[199.407s][info][gc] GC(9412) Pause Young (Allocation Failure) 12M->8M(15M) 0.689ms
[199.412s][info][gc] GC(9413) Pause Young (Allocation Failure) 12M->8M(15M) 0.690ms
[199.419s][info][gc] GC(9414) Pause Young (Allocation Failure) 12M->8M(15M) 0.613ms
[199.424s][info][gc] GC(9415) Pause Young (Allocation Failure) 12M->8M(15M) 0.579ms
[199.429s][info][gc] GC(9416) Pause Young (Allocation Failure) 12M->8M(15M) 0.535ms
[199.436s][info][gc] GC(9417) Pause Young (Allocation Failure) 12M->8M(15M) 0.653ms
[199.442s][info][gc] GC(9418) Pause Young (Allocation Failure) 12M->8M(15M) 0.880ms
[199.450s][info][gc] GC(9419) Pause Young (Allocation Failure) 12M->8M(15M) 0.420ms
[199.456s][info][gc] GC(9420) Pause Young (Allocation Failure) 12M->8M(15M) 0.423ms
[199.462s][info][gc] GC(9421) Pause Young (Allocation Failure) 12M->8M(15M) 0.432ms
[199.467s][info][gc] GC(9422) Pause Young (Allocation Failure) 12M->8M(15M) 0.431ms
[199.474s][info][gc] GC(9423) Pause Young (Allocation Failure) 12M->8M(15M) 0.461ms
[199.478s][info][gc] GC(9424) Pause Young (Allocation Failure) 12M->8M(15M) 0.524ms
[199.484s][info][gc] GC(9425) Pause Young (Allocation Failure) 12M->8M(15M) 0.574ms
[199.489s][info][gc] GC(9426) Pause Young (Allocation Failure) 12M->8M(15M) 0.603ms
[199.496s][info][gc] GC(9427) Pause Young (Allocation Failure) 12M->8M(15M) 0.791ms
[199.503s][info][gc] GC(9428) Pause Young (Allocation Failure) 12M->8M(15M) 0.565ms
[199.508s][info][gc] GC(9429) Pause Young (Allocation Failure) 12M->8M(15M) 0.519ms
[199.515s][info][gc] GC(9430) Pause Young (Allocation Failure) 12M->8M(15M) 0.587ms
[199.520s][info][gc] GC(9431) Pause Young (Allocation Failure) 12M->8M(15M) 0.630ms
[199.528s][info][gc] GC(9432) Pause Young (Allocation Failure) 12M->8M(15M) 0.596ms
[199.535s][info][gc] GC(9433) Pause Young (Allocation Failure) 12M->8M(15M) 0.895ms
[199.541s][info][gc] GC(9434) Pause Young (Allocation Failure) 12M->8M(15M) 0.566ms
[199.546s][info][gc] GC(9435) Pause Young (Allocation Failure) 12M->8M(15M) 0.613ms
[199.552s][info][gc] GC(9436) Pause Young (Allocation Failure) 12M->8M(15M) 0.723ms
[199.557s][info][gc] GC(9437) Pause Young (Allocation Failure) 12M->8M(15M) 0.610ms
[199.564s][info][gc] GC(9438) Pause Young (Allocation Failure) 12M->8M(15M) 0.682ms
[199.569s][info][gc] GC(9439) Pause Young (Allocation Failure) 12M->8M(15M) 0.522ms
[199.574s][info][gc] GC(9440) Pause Young (Allocation Failure) 12M->8M(15M) 0.473ms
[199.580s][info][gc] GC(9441) Pause Young (Allocation Failure) 12M->8M(15M) 0.473ms
[199.586s][info][gc] GC(9442) Pause Young (Allocation Failure) 12M->8M(15M) 0.467ms
[199.592s][info][gc] GC(9443) Pause Young (Allocation Failure) 12M->8M(15M) 0.491ms
[199.597s][info][gc] GC(9444) Pause Young (Allocation Failure) 12M->8M(15M) 0.507ms
[199.602s][info][gc] GC(9445) Pause Young (Allocation Failure) 12M->8M(15M) 0.446ms
[199.608s][info][gc] GC(9446) Pause Young (Allocation Failure) 12M->8M(15M) 0.568ms
[199.614s][info][gc] GC(9447) Pause Young (Allocation Failure) 12M->8M(15M) 0.555ms
[199.621s][info][gc] GC(9448) Pause Young (Allocation Failure) 12M->8M(15M) 0.597ms
[199.626s][info][gc] GC(9449) Pause Young (Allocation Failure) 12M->8M(15M) 0.626ms
[199.633s][info][gc] GC(9450) Pause Young (Allocation Failure) 12M->8M(15M) 0.517ms
[199.639s][info][gc] GC(9451) Pause Young (Allocation Failure) 12M->8M(15M) 0.580ms
[199.645s][info][gc] GC(9452) Pause Young (Allocation Failure) 12M->8M(15M) 1.355ms
[199.650s][info][gc] GC(9453) Pause Young (Allocation Failure) 12M->8M(15M) 0.567ms
[199.655s][info][gc] GC(9454) Pause Young (Allocation Failure) 12M->8M(15M) 0.574ms
[199.661s][info][gc] GC(9455) Pause Young (Allocation Failure) 12M->8M(15M) 0.579ms
[199.668s][info][gc] GC(9456) Pause Young (Allocation Failure) 12M->8M(15M) 0.638ms
[199.675s][info][gc] GC(9457) Pause Young (Allocation Failure) 12M->8M(15M) 0.406ms
[199.681s][info][gc] GC(9458) Pause Young (Allocation Failure) 12M->8M(15M) 0.621ms
[199.688s][info][gc] GC(9459) Pause Young (Allocation Failure) 12M->8M(15M) 0.439ms
[199.694s][info][gc] GC(9460) Pause Young (Allocation Failure) 12M->8M(15M) 0.523ms
[199.700s][info][gc] GC(9461) Pause Young (Allocation Failure) 12M->8M(15M) 0.486ms
[199.705s][info][gc] GC(9462) Pause Young (Allocation Failure) 12M->8M(15M) 0.436ms
[199.712s][info][gc] GC(9463) Pause Young (Allocation Failure) 12M->8M(15M) 0.828ms
[199.718s][info][gc] GC(9464) Pause Young (Allocation Failure) 12M->8M(15M) 0.493ms
[199.723s][info][gc] GC(9465) Pause Young (Allocation Failure) 12M->8M(15M) 0.577ms
[199.729s][info][gc] GC(9466) Pause Young (Allocation Failure) 12M->8M(15M) 0.545ms
[199.734s][info][gc] GC(9467) Pause Young (Allocation Failure) 12M->8M(15M) 0.484ms
[199.741s][info][gc] GC(9468) Pause Young (Allocation Failure) 12M->8M(15M) 0.586ms
[199.747s][info][gc] GC(9469) Pause Young (Allocation Failure) 12M->8M(15M) 0.542ms
[199.753s][info][gc] GC(9470) Pause Young (Allocation Failure) 12M->8M(15M) 0.568ms
[199.759s][info][gc] GC(9471) Pause Young (Allocation Failure) 12M->8M(15M) 0.608ms
[199.765s][info][gc] GC(9472) Pause Young (Allocation Failure) 12M->8M(15M) 0.961ms
[199.770s][info][gc] GC(9473) Pause Young (Allocation Failure) 12M->8M(15M) 0.594ms
[199.775s][info][gc] GC(9474) Pause Young (Allocation Failure) 12M->8M(15M) 0.638ms
[199.782s][info][gc] GC(9475) Pause Young (Allocation Failure) 12M->8M(15M) 0.582ms
[199.787s][info][gc] GC(9476) Pause Young (Allocation Failure) 12M->8M(15M) 0.381ms
[199.793s][info][gc] GC(9477) Pause Young (Allocation Failure) 12M->8M(15M) 0.449ms
[199.798s][info][gc] GC(9478) Pause Young (Allocation Failure) 12M->8M(15M) 0.439ms
[199.804s][info][gc] GC(9479) Pause Young (Allocation Failure) 12M->8M(15M) 0.797ms
[199.809s][info][gc] GC(9480) Pause Young (Allocation Failure) 12M->8M(15M) 0.619ms
[199.815s][info][gc] GC(9481) Pause Young (Allocation Failure) 12M->8M(15M) 0.533ms
[199.822s][info][gc] GC(9482) Pause Young (Allocation Failure) 12M->8M(15M) 0.491ms
[199.827s][info][gc] GC(9483) Pause Young (Allocation Failure) 12M->8M(15M) 0.570ms
[199.834s][info][gc] GC(9484) Pause Young (Allocation Failure) 12M->8M(15M) 0.545ms
[199.839s][info][gc] GC(9485) Pause Young (Allocation Failure) 12M->8M(15M) 0.480ms
[199.845s][info][gc] GC(9486) Pause Young (Allocation Failure) 12M->8M(15M) 0.953ms
[199.851s][info][gc] GC(9487) Pause Young (Allocation Failure) 12M->8M(15M) 0.759ms
[199.861s][info][gc] GC(9488) Pause Young (Allocation Failure) 12M->8M(15M) 0.690ms
[199.869s][info][gc] GC(9489) Pause Young (Allocation Failure) 12M->8M(15M) 0.789ms
[199.877s][info][gc] GC(9490) Pause Young (Allocation Failure) 12M->8M(15M) 0.546ms
[199.882s][info][gc] GC(9491) Pause Young (Allocation Failure) 12M->8M(15M) 0.619ms
[199.890s][info][gc] GC(9492) Pause Young (Allocation Failure) 12M->8M(15M) 0.584ms
[199.895s][info][gc] GC(9493) Pause Young (Allocation Failure) 12M->8M(15M) 0.582ms
[199.903s][info][gc] GC(9494) Pause Young (Allocation Failure) 12M->8M(15M) 0.514ms
[199.908s][info][gc] GC(9495) Pause Young (Allocation Failure) 12M->8M(15M) 0.595ms
[199.915s][info][gc] GC(9496) Pause Young (Allocation Failure) 12M->8M(15M) 0.677ms
[199.921s][info][gc] GC(9497) Pause Young (Allocation Failure) 12M->8M(15M) 0.588ms
[199.927s][info][gc] GC(9498) Pause Young (Allocation Failure) 12M->8M(15M) 0.669ms
[199.933s][info][gc] GC(9499) Pause Young (Allocation Failure) 12M->8M(15M) 0.608ms
[199.940s][info][gc] GC(9500) Pause Young (Allocation Failure) 12M->8M(15M) 0.633ms
[199.945s][info][gc] GC(9501) Pause Young (Allocation Failure) 12M->8M(15M) 0.584ms
[199.950s][info][gc] GC(9502) Pause Young (Allocation Failure) 12M->8M(15M) 0.876ms
[199.956s][info][gc] GC(9503) Pause Young (Allocation Failure) 12M->8M(15M) 0.420ms
[199.963s][info][gc] GC(9504) Pause Young (Allocation Failure) 12M->8M(15M) 0.433ms
[199.969s][info][gc] GC(9505) Pause Young (Allocation Failure) 12M->8M(15M) 0.443ms
[199.974s][info][gc] GC(9506) Pause Young (Allocation Failure) 12M->8M(15M) 0.480ms
[199.981s][info][gc] GC(9507) Pause Young (Allocation Failure) 12M->8M(15M) 0.482ms
[199.986s][info][gc] GC(9508) Pause Young (Allocation Failure) 12M->8M(15M) 0.458ms
[199.992s][info][gc] GC(9509) Pause Young (Allocation Failure) 12M->8M(15M) 0.756ms
[199.998s][info][gc] GC(9510) Pause Young (Allocation Failure) 12M->8M(15M) 0.509ms
[200.003s][info][gc] GC(9511) Pause Young (Allocation Failure) 12M->8M(15M) 0.719ms
[200.009s][info][gc] GC(9512) Pause Young (Allocation Failure) 12M->8M(15M) 0.538ms
[200.017s][info][gc] GC(9513) Pause Young (Allocation Failure) 12M->8M(15M) 1.036ms
[200.023s][info][gc] GC(9514) Pause Young (Allocation Failure) 12M->8M(15M) 0.586ms
[200.029s][info][gc] GC(9515) Pause Young (Allocation Failure) 12M->8M(15M) 0.553ms
[200.035s][info][gc] GC(9516) Pause Young (Allocation Failure) 12M->8M(15M) 0.590ms
[200.041s][info][gc] GC(9517) Pause Young (Allocation Failure) 12M->8M(15M) 0.701ms
[200.048s][info][gc] GC(9518) Pause Young (Allocation Failure) 12M->8M(15M) 0.604ms
[200.053s][info][gc] GC(9519) Pause Young (Allocation Failure) 12M->8M(15M) 0.589ms
[200.060s][info][gc] GC(9520) Pause Young (Allocation Failure) 12M->8M(15M) 0.948ms
[200.066s][info][gc] GC(9521) Pause Young (Allocation Failure) 12M->8M(15M) 0.952ms
[200.075s][info][gc] GC(9522) Pause Young (Allocation Failure) 12M->8M(15M) 0.657ms
[200.081s][info][gc] GC(9523) Pause Young (Allocation Failure) 12M->8M(15M) 0.427ms
[200.088s][info][gc] GC(9524) Pause Young (Allocation Failure) 12M->8M(15M) 0.494ms
[200.095s][info][gc] GC(9525) Pause Young (Allocation Failure) 12M->8M(15M) 0.462ms
[200.102s][info][gc] GC(9526) Pause Young (Allocation Failure) 12M->8M(15M) 0.456ms
[200.108s][info][gc] GC(9527) Pause Young (Allocation Failure) 12M->8M(15M) 0.454ms
[200.114s][info][gc] GC(9528) Pause Young (Allocation Failure) 12M->8M(15M) 0.514ms
[200.120s][info][gc] GC(9529) Pause Young (Allocation Failure) 12M->8M(15M) 0.581ms
[200.127s][info][gc] GC(9530) Pause Young (Allocation Failure) 12M->8M(15M) 0.509ms
[200.133s][info][gc] GC(9531) Pause Young (Allocation Failure) 12M->8M(15M) 0.604ms
[200.140s][info][gc] GC(9532) Pause Young (Allocation Failure) 12M->8M(15M) 0.912ms
[200.146s][info][gc] GC(9533) Pause Young (Allocation Failure) 12M->8M(15M) 0.582ms
[200.152s][info][gc] GC(9534) Pause Young (Allocation Failure) 12M->8M(15M) 1.217ms
[200.159s][info][gc] GC(9535) Pause Young (Allocation Failure) 12M->8M(15M) 0.622ms
[200.165s][info][gc] GC(9536) Pause Young (Allocation Failure) 12M->8M(15M) 0.757ms
[200.171s][info][gc] GC(9537) Pause Young (Allocation Failure) 12M->8M(15M) 0.735ms
[200.177s][info][gc] GC(9538) Pause Young (Allocation Failure) 13M->8M(15M) 1.026ms
[200.184s][info][gc] GC(9539) Pause Young (Allocation Failure) 12M->8M(15M) 0.692ms
[200.189s][info][gc] GC(9540) Pause Young (Allocation Failure) 12M->8M(15M) 0.785ms
[200.197s][info][gc] GC(9541) Pause Young (Allocation Failure) 12M->8M(15M) 0.611ms
[200.203s][info][gc] GC(9542) Pause Young (Allocation Failure) 12M->8M(15M) 0.799ms
[200.210s][info][gc] GC(9543) Pause Young (Allocation Failure) 13M->8M(15M) 0.422ms
[200.218s][info][gc] GC(9544) Pause Young (Allocation Failure) 12M->8M(15M) 0.637ms
[200.226s][info][gc] GC(9545) Pause Young (Allocation Failure) 12M->8M(15M) 0.508ms
[200.233s][info][gc] GC(9546) Pause Young (Allocation Failure) 12M->8M(15M) 0.683ms
[200.239s][info][gc] GC(9547) Pause Young (Allocation Failure) 12M->8M(15M) 0.499ms
[200.246s][info][gc] GC(9548) Pause Young (Allocation Failure) 12M->8M(15M) 0.731ms
[200.253s][info][gc] GC(9549) Pause Young (Allocation Failure) 12M->8M(15M) 0.486ms
[200.262s][info][gc] GC(9550) Pause Young (Allocation Failure) 12M->8M(15M) 0.740ms
[200.269s][info][gc] GC(9551) Pause Young (Allocation Failure) 12M->8M(15M) 0.603ms
[200.277s][info][gc] GC(9552) Pause Young (Allocation Failure) 12M->8M(15M) 0.530ms
[200.285s][info][gc] GC(9553) Pause Young (Allocation Failure) 12M->8M(15M) 0.839ms
[200.291s][info][gc] GC(9554) Pause Young (Allocation Failure) 12M->8M(15M) 0.558ms
[200.297s][info][gc] GC(9555) Pause Young (Allocation Failure) 12M->8M(15M) 1.035ms
[200.304s][info][gc] GC(9556) Pause Young (Allocation Failure) 12M->8M(15M) 0.553ms
[200.309s][info][gc] GC(9557) Pause Young (Allocation Failure) 12M->8M(15M) 0.514ms
[200.315s][info][gc] GC(9558) Pause Young (Allocation Failure) 13M->8M(15M) 0.696ms
[200.321s][info][gc] GC(9559) Pause Young (Allocation Failure) 13M->8M(15M) 0.625ms
[200.329s][info][gc] GC(9560) Pause Young (Allocation Failure) 13M->8M(15M) 0.640ms
[200.334s][info][gc] GC(9561) Pause Young (Allocation Failure) 13M->8M(15M) 0.545ms
[200.341s][info][gc] GC(9562) Pause Young (Allocation Failure) 12M->8M(15M) 0.683ms
[200.346s][info][gc] GC(9563) Pause Young (Allocation Failure) 12M->8M(15M) 0.711ms
[200.353s][info][gc] GC(9564) Pause Young (Allocation Failure) 13M->8M(15M) 0.436ms
[200.358s][info][gc] GC(9565) Pause Young (Allocation Failure) 12M->8M(15M) 0.411ms
[200.363s][info][gc] GC(9566) Pause Young (Allocation Failure) 12M->8M(15M) 0.473ms
[200.370s][info][gc] GC(9567) Pause Young (Allocation Failure) 12M->8M(15M) 0.468ms
[200.375s][info][gc] GC(9568) Pause Young (Allocation Failure) 12M->8M(15M) 0.505ms
[200.381s][info][gc] GC(9569) Pause Young (Allocation Failure) 12M->8M(15M) 0.521ms
[200.387s][info][gc] GC(9570) Pause Young (Allocation Failure) 12M->8M(15M) 0.481ms
[200.393s][info][gc] GC(9571) Pause Young (Allocation Failure) 12M->8M(15M) 0.519ms
[200.398s][info][gc] GC(9572) Pause Young (Allocation Failure) 12M->8M(15M) 0.517ms
[200.403s][info][gc] GC(9573) Pause Young (Allocation Failure) 12M->8M(15M) 0.754ms
[200.410s][info][gc] GC(9574) Pause Young (Allocation Failure) 12M->8M(15M) 0.572ms
[200.415s][info][gc] GC(9575) Pause Young (Allocation Failure) 12M->8M(15M) 0.615ms
[200.422s][info][gc] GC(9576) Pause Young (Allocation Failure) 13M->8M(15M) 0.588ms
[200.427s][info][gc] GC(9577) Pause Young (Allocation Failure) 13M->8M(15M) 0.532ms
[200.434s][info][gc] GC(9578) Pause Young (Allocation Failure) 13M->8M(15M) 0.733ms
[200.439s][info][gc] GC(9579) Pause Young (Allocation Failure) 13M->8M(15M) 0.664ms
[200.445s][info][gc] GC(9580) Pause Young (Allocation Failure) 13M->8M(15M) 1.054ms
[200.451s][info][gc] GC(9581) Pause Young (Allocation Failure) 13M->8M(15M) 0.812ms
[200.456s][info][gc] GC(9582) Pause Young (Allocation Failure) 13M->8M(15M) 0.672ms
[200.462s][info][gc] GC(9583) Pause Young (Allocation Failure) 13M->8M(15M) 0.667ms
[200.469s][info][gc] GC(9584) Pause Young (Allocation Failure) 13M->8M(15M) 0.461ms
[200.476s][info][gc] GC(9585) Pause Young (Allocation Failure) 12M->8M(15M) 0.434ms
[200.482s][info][gc] GC(9586) Pause Young (Allocation Failure) 12M->8M(15M) 0.633ms
[200.488s][info][gc] GC(9587) Pause Young (Allocation Failure) 12M->8M(15M) 0.493ms
[200.493s][info][gc] GC(9588) Pause Young (Allocation Failure) 12M->8M(15M) 0.516ms
[200.499s][info][gc] GC(9589) Pause Young (Allocation Failure) 12M->8M(15M) 0.804ms
[200.505s][info][gc] GC(9590) Pause Young (Allocation Failure) 12M->8M(15M) 0.522ms
[200.510s][info][gc] GC(9591) Pause Young (Allocation Failure) 12M->8M(15M) 0.481ms
[200.516s][info][gc] GC(9592) Pause Young (Allocation Failure) 12M->8M(15M) 0.525ms
[200.522s][info][gc] GC(9593) Pause Young (Allocation Failure) 12M->8M(15M) 0.639ms
[200.529s][info][gc] GC(9594) Pause Young (Allocation Failure) 12M->8M(15M) 0.517ms
[200.535s][info][gc] GC(9595) Pause Young (Allocation Failure) 13M->8M(15M) 0.594ms
[200.543s][info][gc] GC(9596) Pause Young (Allocation Failure) 13M->8M(15M) 1.451ms
[200.549s][info][gc] GC(9597) Pause Young (Allocation Failure) 13M->8M(15M) 0.614ms
[200.555s][info][gc] GC(9598) Pause Young (Allocation Failure) 13M->8M(15M) 0.537ms
[200.560s][info][gc] GC(9599) Pause Young (Allocation Failure) 13M->8M(15M) 0.575ms
[200.567s][info][gc] GC(9600) Pause Young (Allocation Failure) 13M->8M(15M) 0.688ms
[200.572s][info][gc] GC(9601) Pause Young (Allocation Failure) 13M->8M(15M) 0.619ms
[200.577s][info][gc] GC(9602) Pause Young (Allocation Failure) 13M->8M(15M) 0.602ms
[200.583s][info][gc] GC(9603) Pause Young (Allocation Failure) 13M->8M(15M) 0.560ms
[200.588s][info][gc] GC(9604) Pause Young (Allocation Failure) 13M->8M(15M) 0.685ms
[200.594s][info][gc] GC(9605) Pause Young (Allocation Failure) 13M->8M(15M) 0.395ms
[200.601s][info][gc] GC(9606) Pause Young (Allocation Failure) 12M->8M(15M) 0.462ms
[200.607s][info][gc] GC(9607) Pause Young (Allocation Failure) 12M->8M(15M) 0.474ms
[200.612s][info][gc] GC(9608) Pause Young (Allocation Failure) 12M->8M(15M) 0.592ms
[200.618s][info][gc] GC(9609) Pause Young (Allocation Failure) 12M->8M(15M) 0.734ms
[200.625s][info][gc] GC(9610) Pause Young (Allocation Failure) 12M->8M(15M) 0.444ms
[200.630s][info][gc] GC(9611) Pause Young (Allocation Failure) 12M->8M(15M) 0.487ms
[200.636s][info][gc] GC(9612) Pause Young (Allocation Failure) 12M->8M(15M) 0.530ms
[200.641s][info][gc] GC(9613) Pause Young (Allocation Failure) 12M->8M(15M) 0.535ms
[200.648s][info][gc] GC(9614) Pause Young (Allocation Failure) 12M->8M(15M) 0.520ms
[200.653s][info][gc] GC(9615) Pause Young (Allocation Failure) 13M->8M(15M) 0.561ms
[200.658s][info][gc] GC(9616) Pause Young (Allocation Failure) 13M->8M(15M) 0.957ms
[200.664s][info][gc] GC(9617) Pause Young (Allocation Failure) 13M->8M(15M) 0.618ms
[200.669s][info][gc] GC(9618) Pause Young (Allocation Failure) 13M->8M(15M) 0.619ms
[200.676s][info][gc] GC(9619) Pause Young (Allocation Failure) 13M->8M(15M) 0.762ms
[200.683s][info][gc] GC(9620) Pause Young (Allocation Failure) 13M->8M(15M) 0.856ms
[200.690s][info][gc] GC(9621) Pause Young (Allocation Failure) 13M->8M(15M) 0.668ms
[200.694s][info][gc] GC(9622) Pause Young (Allocation Failure) 13M->8M(15M) 0.609ms
[200.701s][info][gc] GC(9623) Pause Young (Allocation Failure) 13M->8M(15M) 0.859ms
[200.706s][info][gc] GC(9624) Pause Young (Allocation Failure) 13M->8M(15M) 0.605ms
[200.713s][info][gc] GC(9625) Pause Young (Allocation Failure) 13M->8M(15M) 1.007ms
[200.718s][info][gc] GC(9626) Pause Young (Allocation Failure) 13M->8M(15M) 0.409ms
[200.723s][info][gc] GC(9627) Pause Young (Allocation Failure) 12M->8M(15M) 0.420ms
[200.729s][info][gc] GC(9628) Pause Young (Allocation Failure) 12M->8M(15M) 0.500ms
[200.735s][info][gc] GC(9629) Pause Young (Allocation Failure) 12M->8M(15M) 0.611ms
[200.742s][info][gc] GC(9630) Pause Young (Allocation Failure) 12M->8M(15M) 0.450ms
[200.747s][info][gc] GC(9631) Pause Young (Allocation Failure) 12M->8M(15M) 0.398ms
[200.753s][info][gc] GC(9632) Pause Young (Allocation Failure) 12M->8M(15M) 0.849ms
[200.759s][info][gc] GC(9633) Pause Young (Allocation Failure) 12M->8M(15M) 0.528ms
[200.764s][info][gc] GC(9634) Pause Young (Allocation Failure) 13M->8M(15M) 0.448ms
[200.771s][info][gc] GC(9635) Pause Young (Allocation Failure) 13M->8M(15M) 0.596ms
[200.776s][info][gc] GC(9636) Pause Young (Allocation Failure) 13M->8M(15M) 0.547ms
[200.783s][info][gc] GC(9637) Pause Young (Allocation Failure) 13M->8M(15M) 0.589ms
[200.787s][info][gc] GC(9638) Pause Young (Allocation Failure) 13M->8M(15M) 0.534ms
[200.794s][info][gc] GC(9639) Pause Young (Allocation Failure) 13M->8M(15M) 0.700ms
[200.800s][info][gc] GC(9640) Pause Young (Allocation Failure) 13M->8M(15M) 0.729ms
[200.805s][info][gc] GC(9641) Pause Young (Allocation Failure) 13M->8M(15M) 1.114ms
[200.810s][info][gc] GC(9642) Pause Young (Allocation Failure) 13M->8M(15M) 0.649ms
[200.815s][info][gc] GC(9643) Pause Young (Allocation Failure) 13M->8M(15M) 0.635ms
[200.823s][info][gc] GC(9644) Pause Young (Allocation Failure) 13M->8M(15M) 0.604ms
[200.828s][info][gc] GC(9645) Pause Young (Allocation Failure) 13M->8M(15M) 0.676ms
[200.835s][info][gc] GC(9646) Pause Young (Allocation Failure) 13M->8M(15M) 0.617ms
[200.840s][info][gc] GC(9647) Pause Young (Allocation Failure) 13M->8M(15M) 0.439ms
[200.847s][info][gc] GC(9648) Pause Young (Allocation Failure) 12M->8M(15M) 0.435ms
[200.853s][info][gc] GC(9649) Pause Young (Allocation Failure) 12M->8M(15M) 0.427ms
[200.861s][info][gc] GC(9650) Pause Young (Allocation Failure) 12M->8M(15M) 0.767ms
[200.869s][info][gc] GC(9651) Pause Young (Allocation Failure) 12M->8M(15M) 0.447ms
[200.877s][info][gc] GC(9652) Pause Young (Allocation Failure) 12M->8M(15M) 0.442ms
[200.883s][info][gc] GC(9653) Pause Young (Allocation Failure) 12M->8M(15M) 0.533ms
[200.889s][info][gc] GC(9654) Pause Young (Allocation Failure) 12M->8M(15M) 0.464ms
[200.894s][info][gc] GC(9655) Pause Young (Allocation Failure) 12M->8M(15M) 0.441ms
[200.900s][info][gc] GC(9656) Pause Young (Allocation Failure) 12M->8M(15M) 0.490ms
[200.905s][info][gc] GC(9657) Pause Young (Allocation Failure) 12M->8M(15M) 0.478ms
[200.911s][info][gc] GC(9658) Pause Young (Allocation Failure) 13M->8M(15M) 0.691ms
[200.918s][info][gc] GC(9659) Pause Young (Allocation Failure) 13M->8M(15M) 0.492ms
[200.923s][info][gc] GC(9660) Pause Young (Allocation Failure) 13M->8M(15M) 0.480ms
[200.929s][info][gc] GC(9661) Pause Young (Allocation Failure) 13M->8M(15M) 0.553ms
[200.934s][info][gc] GC(9662) Pause Young (Allocation Failure) 13M->8M(15M) 0.572ms
[200.941s][info][gc] GC(9663) Pause Young (Allocation Failure) 13M->8M(15M) 0.534ms
[200.946s][info][gc] GC(9664) Pause Young (Allocation Failure) 13M->8M(15M) 0.524ms
[200.952s][info][gc] GC(9665) Pause Young (Allocation Failure) 13M->8M(15M) 0.952ms
[200.958s][info][gc] GC(9666) Pause Young (Allocation Failure) 13M->8M(15M) 0.794ms
[200.963s][info][gc] GC(9667) Pause Young (Allocation Failure) 13M->8M(15M) 0.878ms
[200.970s][info][gc] GC(9668) Pause Young (Allocation Failure) 13M->8M(15M) 0.618ms
[200.975s][info][gc] GC(9669) Pause Young (Allocation Failure) 13M->8M(15M) 0.565ms
[200.981s][info][gc] GC(9670) Pause Young (Allocation Failure) 13M->8M(15M) 0.586ms
[200.986s][info][gc] GC(9671) Pause Young (Allocation Failure) 13M->8M(15M) 0.582ms
[200.992s][info][gc] GC(9672) Pause Young (Allocation Failure) 13M->8M(15M) 0.732ms
[200.997s][info][gc] GC(9673) Pause Young (Allocation Failure) 12M->8M(15M) 0.421ms
[201.005s][info][gc] GC(9674) Pause Young (Allocation Failure) 12M->8M(15M) 0.748ms
[201.010s][info][gc] GC(9675) Pause Young (Allocation Failure) 12M->8M(15M) 0.469ms
[201.015s][info][gc] GC(9676) Pause Young (Allocation Failure) 13M->8M(15M) 0.445ms
[201.023s][info][gc] GC(9677) Pause Young (Allocation Failure) 13M->8M(15M) 0.845ms
[201.029s][info][gc] GC(9678) Pause Young (Allocation Failure) 13M->8M(15M) 0.543ms
[201.036s][info][gc] GC(9679) Pause Young (Allocation Failure) 13M->8M(15M) 0.484ms
[201.041s][info][gc] GC(9680) Pause Young (Allocation Failure) 13M->8M(15M) 0.531ms
[201.047s][info][gc] GC(9681) Pause Young (Allocation Failure) 13M->8M(15M) 0.525ms
[201.052s][info][gc] GC(9682) Pause Young (Allocation Failure) 13M->8M(15M) 0.545ms
[201.059s][info][gc] GC(9683) Pause Young (Allocation Failure) 13M->8M(15M) 0.980ms
[201.068s][info][gc] GC(9684) Pause Young (Allocation Failure) 13M->8M(15M) 1.153ms
[201.077s][info][gc] GC(9685) Pause Young (Allocation Failure) 13M->8M(15M) 0.561ms
[201.082s][info][gc] GC(9686) Pause Young (Allocation Failure) 13M->8M(15M) 0.569ms
[201.088s][info][gc] GC(9687) Pause Young (Allocation Failure) 13M->8M(15M) 0.595ms
[201.094s][info][gc] GC(9688) Pause Young (Allocation Failure) 13M->8M(15M) 0.596ms
[201.100s][info][gc] GC(9689) Pause Young (Allocation Failure) 13M->8M(15M) 0.630ms
[201.107s][info][gc] GC(9690) Pause Young (Allocation Failure) 13M->8M(15M) 0.589ms
[201.113s][info][gc] GC(9691) Pause Young (Allocation Failure) 13M->8M(15M) 1.228ms
[201.121s][info][gc] GC(9692) Pause Young (Allocation Failure) 13M->8M(15M) 0.658ms
[201.128s][info][gc] GC(9693) Pause Young (Allocation Failure) 12M->8M(15M) 0.555ms
[201.136s][info][gc] GC(9694) Pause Young (Allocation Failure) 12M->8M(15M) 0.618ms
[201.142s][info][gc] GC(9695) Pause Young (Allocation Failure) 13M->8M(15M) 0.497ms
[201.148s][info][gc] GC(9696) Pause Young (Allocation Failure) 13M->8M(15M) 0.513ms
[201.154s][info][gc] GC(9697) Pause Young (Allocation Failure) 13M->8M(15M) 0.607ms
[201.159s][info][gc] GC(9698) Pause Young (Allocation Failure) 13M->8M(15M) 0.507ms
[201.165s][info][gc] GC(9699) Pause Young (Allocation Failure) 13M->8M(15M) 0.731ms
[201.172s][info][gc] GC(9700) Pause Young (Allocation Failure) 13M->8M(15M) 0.767ms
[201.178s][info][gc] GC(9701) Pause Young (Allocation Failure) 13M->8M(15M) 0.557ms
[201.186s][info][gc] GC(9702) Pause Young (Allocation Failure) 13M->8M(15M) 0.802ms
[201.194s][info][gc] GC(9703) Pause Young (Allocation Failure) 13M->8M(15M) 0.586ms
[201.200s][info][gc] GC(9704) Pause Young (Allocation Failure) 13M->8M(15M) 0.603ms
[201.207s][info][gc] GC(9705) Pause Young (Allocation Failure) 13M->8M(15M) 0.981ms
[201.215s][info][gc] GC(9706) Pause Young (Allocation Failure) 13M->8M(15M) 0.919ms
[201.223s][info][gc] GC(9707) Pause Young (Allocation Failure) 13M->8M(15M) 0.911ms
[201.231s][info][gc] GC(9708) Pause Young (Allocation Failure) 13M->8M(15M) 0.594ms
[201.239s][info][gc] GC(9709) Pause Young (Allocation Failure) 13M->8M(15M) 0.628ms
[201.246s][info][gc] GC(9710) Pause Young (Allocation Failure) 13M->8M(15M) 1.061ms
[201.252s][info][gc] GC(9711) Pause Young (Allocation Failure) 13M->8M(15M) 0.582ms
[201.258s][info][gc] GC(9712) Pause Young (Allocation Failure) 13M->8M(15M) 0.392ms
[201.264s][info][gc] GC(9713) Pause Young (Allocation Failure) 13M->8M(15M) 0.438ms
[201.271s][info][gc] GC(9714) Pause Young (Allocation Failure) 13M->8M(15M) 0.575ms
[201.277s][info][gc] GC(9715) Pause Young (Allocation Failure) 13M->8M(15M) 0.470ms
[201.282s][info][gc] GC(9716) Pause Young (Allocation Failure) 13M->8M(15M) 0.464ms
[201.289s][info][gc] GC(9717) Pause Young (Allocation Failure) 13M->8M(15M) 0.473ms
[201.296s][info][gc] GC(9718) Pause Young (Allocation Failure) 13M->8M(15M) 0.462ms
[201.302s][info][gc] GC(9719) Pause Young (Allocation Failure) 13M->8M(15M) 0.625ms
[201.308s][info][gc] GC(9720) Pause Young (Allocation Failure) 13M->8M(15M) 0.483ms
[201.314s][info][gc] GC(9721) Pause Young (Allocation Failure) 13M->8M(15M) 0.638ms
[201.320s][info][gc] GC(9722) Pause Young (Allocation Failure) 13M->8M(15M) 0.494ms
[201.328s][info][gc] GC(9723) Pause Young (Allocation Failure) 13M->8M(15M) 0.551ms
[201.333s][info][gc] GC(9724) Pause Young (Allocation Failure) 13M->8M(15M) 0.523ms
[201.338s][info][gc] GC(9725) Pause Young (Allocation Failure) 13M->8M(15M) 0.702ms
[201.345s][info][gc] GC(9726) Pause Young (Allocation Failure) 13M->8M(15M) 0.605ms
[201.351s][info][gc] GC(9727) Pause Young (Allocation Failure) 13M->8M(15M) 0.815ms
[201.358s][info][gc] GC(9728) Pause Young (Allocation Failure) 13M->8M(15M) 0.628ms
[201.363s][info][gc] GC(9729) Pause Young (Allocation Failure) 13M->8M(15M) 0.650ms
[201.370s][info][gc] GC(9730) Pause Young (Allocation Failure) 13M->8M(15M) 0.571ms
[201.375s][info][gc] GC(9731) Pause Young (Allocation Failure) 13M->8M(15M) 0.585ms
[201.382s][info][gc] GC(9732) Pause Young (Allocation Failure) 13M->8M(15M) 0.605ms
[201.387s][info][gc] GC(9733) Pause Young (Allocation Failure) 13M->8M(15M) 0.420ms
[201.392s][info][gc] GC(9734) Pause Young (Allocation Failure) 13M->8M(15M) 0.670ms
[201.397s][info][gc] GC(9735) Pause Young (Allocation Failure) 13M->8M(15M) 0.476ms
[201.403s][info][gc] GC(9736) Pause Young (Allocation Failure) 13M->8M(15M) 0.441ms
[201.409s][info][gc] GC(9737) Pause Young (Allocation Failure) 13M->8M(15M) 0.474ms
[201.415s][info][gc] GC(9738) Pause Young (Allocation Failure) 13M->8M(15M) 0.472ms
[201.421s][info][gc] GC(9739) Pause Young (Allocation Failure) 13M->8M(15M) 0.468ms
[201.427s][info][gc] GC(9740) Pause Young (Allocation Failure) 13M->8M(15M) 0.578ms
[201.434s][info][gc] GC(9741) Pause Young (Allocation Failure) 13M->8M(15M) 0.508ms
[201.440s][info][gc] GC(9742) Pause Young (Allocation Failure) 13M->8M(15M) 0.466ms
[201.445s][info][gc] GC(9743) Pause Young (Allocation Failure) 13M->8M(15M) 0.932ms
[201.452s][info][gc] GC(9744) Pause Young (Allocation Failure) 13M->8M(15M) 0.545ms
[201.457s][info][gc] GC(9745) Pause Young (Allocation Failure) 13M->8M(15M) 0.517ms
[201.463s][info][gc] GC(9746) Pause Young (Allocation Failure) 13M->8M(15M) 0.635ms
[201.470s][info][gc] GC(9747) Pause Young (Allocation Failure) 13M->8M(15M) 0.658ms
[201.476s][info][gc] GC(9748) Pause Young (Allocation Failure) 13M->8M(15M) 0.612ms
[201.482s][info][gc] GC(9749) Pause Young (Allocation Failure) 13M->8M(15M) 0.617ms
[201.488s][info][gc] GC(9750) Pause Young (Allocation Failure) 13M->8M(15M) 0.649ms
[201.495s][info][gc] GC(9751) Pause Young (Allocation Failure) 13M->8M(15M) 0.597ms
[201.502s][info][gc] GC(9752) Pause Young (Allocation Failure) 13M->8M(15M) 0.511ms
[201.507s][info][gc] GC(9753) Pause Young (Allocation Failure) 13M->8M(15M) 0.610ms
[201.513s][info][gc] GC(9754) Pause Young (Allocation Failure) 13M->8M(15M) 0.726ms
[201.518s][info][gc] GC(9755) Pause Young (Allocation Failure) 13M->8M(15M) 0.429ms
[201.524s][info][gc] GC(9756) Pause Young (Allocation Failure) 13M->8M(15M) 0.427ms
[201.531s][info][gc] GC(9757) Pause Young (Allocation Failure) 13M->8M(15M) 0.497ms
[201.536s][info][gc] GC(9758) Pause Young (Allocation Failure) 13M->8M(15M) 0.429ms
[201.542s][info][gc] GC(9759) Pause Young (Allocation Failure) 13M->8M(15M) 0.522ms
[201.550s][info][gc] GC(9760) Pause Young (Allocation Failure) 13M->8M(15M) 0.515ms
[201.556s][info][gc] GC(9761) Pause Young (Allocation Failure) 13M->8M(15M) 0.529ms
[201.562s][info][gc] GC(9762) Pause Young (Allocation Failure) 13M->8M(15M) 0.481ms
[201.569s][info][gc] GC(9763) Pause Young (Allocation Failure) 13M->8M(15M) 0.656ms
[201.576s][info][gc] GC(9764) Pause Young (Allocation Failure) 13M->8M(15M) 0.559ms
[201.583s][info][gc] GC(9765) Pause Young (Allocation Failure) 13M->8M(15M) 0.536ms
[201.588s][info][gc] GC(9766) Pause Young (Allocation Failure) 13M->8M(15M) 0.540ms
[201.594s][info][gc] GC(9767) Pause Young (Allocation Failure) 13M->8M(15M) 0.550ms
[201.600s][info][gc] GC(9768) Pause Young (Allocation Failure) 13M->8M(15M) 0.553ms
[201.605s][info][gc] GC(9769) Pause Young (Allocation Failure) 13M->8M(15M) 0.517ms
[201.611s][info][gc] GC(9770) Pause Young (Allocation Failure) 13M->8M(15M) 0.589ms
[201.617s][info][gc] GC(9771) Pause Young (Allocation Failure) 13M->8M(15M) 0.575ms
[201.624s][info][gc] GC(9772) Pause Young (Allocation Failure) 13M->8M(15M) 1.002ms
[201.631s][info][gc] GC(9773) Pause Young (Allocation Failure) 13M->8M(15M) 0.640ms
[201.637s][info][gc] GC(9774) Pause Young (Allocation Failure) 13M->8M(15M) 0.648ms
[201.643s][info][gc] GC(9775) Pause Young (Allocation Failure) 13M->8M(15M) 0.569ms
[201.649s][info][gc] GC(9776) Pause Young (Allocation Failure) 13M->8M(15M) 0.615ms
[201.655s][info][gc] GC(9777) Pause Young (Allocation Failure) 13M->8M(15M) 0.671ms
[201.662s][info][gc] GC(9778) Pause Young (Allocation Failure) 13M->8M(15M) 0.572ms
[201.667s][info][gc] GC(9779) Pause Young (Allocation Failure) 13M->8M(15M) 0.412ms
[201.673s][info][gc] GC(9780) Pause Young (Allocation Failure) 13M->8M(15M) 0.679ms
[201.678s][info][gc] GC(9781) Pause Young (Allocation Failure) 13M->8M(15M) 0.509ms
[201.691s][info][gc] GC(9782) Pause Young (Allocation Failure) 13M->8M(15M) 0.641ms
[201.696s][info][gc] GC(9783) Pause Young (Allocation Failure) 13M->8M(15M) 0.467ms
[201.704s][info][gc] GC(9784) Pause Young (Allocation Failure) 13M->8M(15M) 0.485ms
[201.709s][info][gc] GC(9785) Pause Young (Allocation Failure) 13M->8M(15M) 0.460ms
[201.715s][info][gc] GC(9786) Pause Young (Allocation Failure) 13M->8M(15M) 0.715ms
[201.720s][info][gc] GC(9787) Pause Young (Allocation Failure) 13M->8M(15M) 0.563ms
[201.726s][info][gc] GC(9788) Pause Young (Allocation Failure) 13M->8M(15M) 0.704ms
[201.732s][info][gc] GC(9789) Pause Young (Allocation Failure) 13M->8M(15M) 0.682ms
[201.738s][info][gc] GC(9790) Pause Young (Allocation Failure) 13M->9M(15M) 1.663ms
[201.745s][info][gc] GC(9791) Pause Young (Allocation Failure) 13M->9M(15M) 0.690ms
[201.750s][info][gc] GC(9792) Pause Young (Allocation Failure) 13M->9M(15M) 0.632ms
[201.756s][info][gc] GC(9793) Pause Young (Allocation Failure) 13M->9M(15M) 0.412ms
[201.762s][info][gc] GC(9794) Pause Young (Allocation Failure) 13M->9M(15M) 0.397ms
[201.770s][info][gc] GC(9795) Pause Young (Allocation Failure) 13M->9M(15M) 0.474ms
[201.775s][info][gc] GC(9796) Pause Young (Allocation Failure) 13M->9M(15M) 0.442ms
[201.782s][info][gc] GC(9797) Pause Young (Allocation Failure) 13M->9M(15M) 0.531ms
[201.787s][info][gc] GC(9798) Pause Young (Allocation Failure) 13M->9M(15M) 0.469ms
[201.794s][info][gc] GC(9799) Pause Young (Allocation Failure) 13M->9M(15M) 0.901ms
[201.800s][info][gc] GC(9800) Pause Young (Allocation Failure) 13M->9M(15M) 0.522ms
[201.805s][info][gc] GC(9801) Pause Young (Allocation Failure) 13M->9M(15M) 0.659ms
[201.812s][info][gc] GC(9802) Pause Young (Allocation Failure) 13M->9M(15M) 0.498ms
[201.817s][info][gc] GC(9803) Pause Young (Allocation Failure) 13M->9M(15M) 0.489ms
[201.823s][info][gc] GC(9804) Pause Young (Allocation Failure) 13M->9M(15M) 0.532ms
[201.829s][info][gc] GC(9805) Pause Young (Allocation Failure) 13M->9M(15M) 0.872ms
[201.836s][info][gc] GC(9806) Pause Young (Allocation Failure) 13M->9M(15M) 0.605ms
[201.841s][info][gc] GC(9807) Pause Young (Allocation Failure) 13M->9M(15M) 0.620ms
[201.848s][info][gc] GC(9808) Pause Young (Allocation Failure) 13M->9M(15M) 1.192ms
[201.854s][info][gc] GC(9809) Pause Young (Allocation Failure) 13M->9M(15M) 0.707ms
[201.859s][info][gc] GC(9810) Pause Young (Allocation Failure) 13M->9M(15M) 0.905ms
[201.868s][info][gc] GC(9811) Pause Young (Allocation Failure) 13M->9M(15M) 0.710ms
[201.877s][info][gc] GC(9812) Pause Young (Allocation Failure) 13M->9M(15M) 1.290ms
[201.884s][info][gc] GC(9813) Pause Young (Allocation Failure) 13M->9M(15M) 0.849ms
[201.891s][info][gc] GC(9814) Pause Young (Allocation Failure) 13M->9M(15M) 0.635ms
[201.896s][info][gc] GC(9815) Pause Young (Allocation Failure) 13M->9M(15M) 0.618ms
[201.904s][info][gc] GC(9816) Pause Young (Allocation Failure) 13M->9M(15M) 0.648ms
[201.909s][info][gc] GC(9817) Pause Young (Allocation Failure) 13M->9M(15M) 0.701ms
[201.917s][info][gc] GC(9818) Pause Young (Allocation Failure) 13M->9M(15M) 0.709ms
[201.922s][info][gc] GC(9819) Pause Young (Allocation Failure) 13M->9M(15M) 0.592ms
[201.928s][info][gc] GC(9820) Pause Young (Allocation Failure) 13M->9M(15M) 0.413ms
[201.933s][info][gc] GC(9821) Pause Young (Allocation Failure) 13M->9M(15M) 0.408ms
[201.938s][info][gc] GC(9822) Pause Young (Allocation Failure) 13M->9M(15M) 0.414ms
[201.944s][info][gc] GC(9823) Pause Young (Allocation Failure) 13M->9M(15M) 0.445ms
[201.950s][info][gc] GC(9824) Pause Young (Allocation Failure) 13M->9M(15M) 0.470ms
[201.956s][info][gc] GC(9825) Pause Young (Allocation Failure) 13M->9M(15M) 0.567ms
[201.961s][info][gc] GC(9826) Pause Young (Allocation Failure) 13M->9M(15M) 0.548ms
[201.968s][info][gc] GC(9827) Pause Young (Allocation Failure) 13M->9M(15M) 0.531ms
[201.973s][info][gc] GC(9828) Pause Young (Allocation Failure) 13M->9M(15M) 0.510ms
[201.978s][info][gc] GC(9829) Pause Young (Allocation Failure) 13M->9M(15M) 0.569ms
[201.984s][info][gc] GC(9830) Pause Young (Allocation Failure) 13M->9M(15M) 0.532ms
[201.990s][info][gc] GC(9831) Pause Young (Allocation Failure) 13M->9M(15M) 0.626ms
[201.997s][info][gc] GC(9832) Pause Young (Allocation Failure) 13M->9M(15M) 0.550ms
[202.002s][info][gc] GC(9833) Pause Young (Allocation Failure) 13M->9M(15M) 0.794ms
[202.009s][info][gc] GC(9834) Pause Young (Allocation Failure) 13M->9M(15M) 0.610ms
[202.014s][info][gc] GC(9835) Pause Young (Allocation Failure) 13M->9M(15M) 0.587ms
[202.020s][info][gc] GC(9836) Pause Young (Allocation Failure) 13M->9M(15M) 1.197ms
[202.026s][info][gc] GC(9837) Pause Young (Allocation Failure) 13M->9M(15M) 0.651ms
[202.034s][info][gc] GC(9838) Pause Young (Allocation Failure) 13M->9M(15M) 1.034ms
[202.040s][info][gc] GC(9839) Pause Young (Allocation Failure) 13M->9M(15M) 0.637ms
[202.045s][info][gc] GC(9840) Pause Young (Allocation Failure) 13M->9M(15M) 0.397ms
[202.051s][info][gc] GC(9841) Pause Young (Allocation Failure) 13M->9M(15M) 0.424ms
[202.056s][info][gc] GC(9842) Pause Young (Allocation Failure) 13M->9M(15M) 0.476ms
[202.063s][info][gc] GC(9843) Pause Young (Allocation Failure) 13M->9M(15M) 0.508ms
[202.068s][info][gc] GC(9844) Pause Young (Allocation Failure) 13M->9M(15M) 0.722ms
[202.093s][info][gc] GC(9845) Pause Young (Allocation Failure) 13M->9M(15M) 0.752ms
[202.109s][info][gc] GC(9846) Pause Young (Allocation Failure) 13M->9M(15M) 0.805ms
[202.118s][info][gc] GC(9847) Pause Young (Allocation Failure) 13M->9M(15M) 0.801ms
[202.124s][info][gc] GC(9848) Pause Young (Allocation Failure) 13M->9M(15M) 0.607ms
[202.132s][info][gc] GC(9849) Pause Young (Allocation Failure) 13M->9M(15M) 0.604ms
[202.138s][info][gc] GC(9850) Pause Young (Allocation Failure) 13M->9M(15M) 0.788ms
[202.147s][info][gc] GC(9851) Pause Young (Allocation Failure) 13M->9M(15M) 0.927ms
[202.158s][info][gc] GC(9852) Pause Young (Allocation Failure) 13M->9M(15M) 1.113ms
[202.167s][info][gc] GC(9853) Pause Young (Allocation Failure) 13M->9M(15M) 0.988ms
[202.177s][info][gc] GC(9854) Pause Young (Allocation Failure) 13M->9M(15M) 0.987ms
[202.186s][info][gc] GC(9855) Pause Young (Allocation Failure) 13M->9M(15M) 0.658ms
[202.192s][info][gc] GC(9856) Pause Young (Allocation Failure) 13M->9M(15M) 1.133ms
[202.204s][info][gc] GC(9857) Pause Young (Allocation Failure) 13M->9M(15M) 1.051ms
[202.214s][info][gc] GC(9858) Pause Young (Allocation Failure) 13M->9M(15M) 0.941ms
[202.226s][info][gc] GC(9859) Pause Young (Allocation Failure) 13M->9M(15M) 0.929ms
[202.235s][info][gc] GC(9860) Pause Young (Allocation Failure) 13M->9M(15M) 1.000ms
[202.243s][info][gc] GC(9861) Pause Young (Allocation Failure) 13M->9M(15M) 0.978ms
[202.252s][info][gc] GC(9862) Pause Young (Allocation Failure) 13M->9M(15M) 0.494ms
[202.258s][info][gc] GC(9863) Pause Young (Allocation Failure) 13M->9M(15M) 0.466ms
[202.266s][info][gc] GC(9864) Pause Young (Allocation Failure) 13M->9M(15M) 0.449ms
[202.272s][info][gc] GC(9865) Pause Young (Allocation Failure) 13M->9M(15M) 0.717ms
[202.281s][info][gc] GC(9866) Pause Young (Allocation Failure) 13M->9M(15M) 0.531ms
[202.289s][info][gc] GC(9867) Pause Young (Allocation Failure) 13M->9M(15M) 0.834ms
[202.297s][info][gc] GC(9868) Pause Young (Allocation Failure) 13M->9M(15M) 0.732ms
[202.308s][info][gc] GC(9869) Pause Young (Allocation Failure) 13M->9M(15M) 0.511ms
[202.317s][info][gc] GC(9870) Pause Young (Allocation Failure) 13M->9M(15M) 0.801ms
[202.324s][info][gc] GC(9871) Pause Young (Allocation Failure) 13M->9M(15M) 0.592ms
[202.333s][info][gc] GC(9872) Pause Young (Allocation Failure) 13M->9M(15M) 0.838ms
[202.342s][info][gc] GC(9873) Pause Young (Allocation Failure) 13M->9M(15M) 1.244ms
[202.348s][info][gc] GC(9874) Pause Young (Allocation Failure) 13M->9M(15M) 0.580ms
[202.358s][info][gc] GC(9875) Pause Young (Allocation Failure) 13M->9M(15M) 0.589ms
[202.366s][info][gc] GC(9876) Pause Young (Allocation Failure) 13M->9M(15M) 0.885ms
[202.373s][info][gc] GC(9877) Pause Young (Allocation Failure) 13M->9M(15M) 0.816ms
[202.380s][info][gc] GC(9878) Pause Young (Allocation Failure) 13M->9M(15M) 1.084ms
[202.386s][info][gc] GC(9879) Pause Young (Allocation Failure) 13M->9M(15M) 0.845ms
[202.392s][info][gc] GC(9880) Pause Young (Allocation Failure) 13M->9M(15M) 0.694ms
[202.399s][info][gc] GC(9881) Pause Young (Allocation Failure) 13M->9M(15M) 0.614ms
[202.405s][info][gc] GC(9882) Pause Young (Allocation Failure) 13M->9M(15M) 0.841ms
[202.414s][info][gc] GC(9883) Pause Young (Allocation Failure) 13M->9M(15M) 0.653ms
[202.423s][info][gc] GC(9884) Pause Young (Allocation Failure) 13M->9M(15M) 0.736ms
[202.432s][info][gc] GC(9885) Pause Young (Allocation Failure) 13M->9M(15M) 0.605ms
[202.444s][info][gc] GC(9886) Pause Young (Allocation Failure) 13M->9M(15M) 0.665ms
[202.452s][info][gc] GC(9887) Pause Young (Allocation Failure) 13M->9M(15M) 0.665ms
[202.459s][info][gc] GC(9888) Pause Young (Allocation Failure) 13M->9M(15M) 0.853ms
[202.472s][info][gc] GC(9889) Pause Young (Allocation Failure) 13M->9M(15M) 0.830ms
[202.482s][info][gc] GC(9890) Pause Young (Allocation Failure) 13M->9M(15M) 0.884ms
[202.492s][info][gc] GC(9891) Pause Young (Allocation Failure) 13M->9M(15M) 0.822ms
[202.499s][info][gc] GC(9892) Pause Young (Allocation Failure) 13M->9M(15M) 0.748ms
[202.507s][info][gc] GC(9893) Pause Young (Allocation Failure) 13M->9M(15M) 0.804ms
[202.515s][info][gc] GC(9894) Pause Young (Allocation Failure) 13M->9M(15M) 0.562ms
[202.521s][info][gc] GC(9895) Pause Young (Allocation Failure) 13M->9M(15M) 0.588ms
[202.530s][info][gc] GC(9896) Pause Young (Allocation Failure) 13M->9M(15M) 1.066ms
[202.538s][info][gc] GC(9897) Pause Young (Allocation Failure) 13M->9M(15M) 0.831ms
[202.546s][info][gc] GC(9898) Pause Young (Allocation Failure) 13M->9M(15M) 0.599ms
[202.552s][info][gc] GC(9899) Pause Young (Allocation Failure) 13M->9M(15M) 0.606ms
[202.559s][info][gc] GC(9900) Pause Young (Allocation Failure) 13M->9M(15M) 0.615ms
[202.564s][info][gc] GC(9901) Pause Young (Allocation Failure) 13M->9M(15M) 0.656ms
[202.571s][info][gc] GC(9902) Pause Young (Allocation Failure) 13M->9M(15M) 0.575ms
[202.576s][info][gc] GC(9903) Pause Young (Allocation Failure) 13M->9M(15M) 0.437ms
[202.583s][info][gc] GC(9904) Pause Young (Allocation Failure) 13M->9M(15M) 0.700ms
[202.590s][info][gc] GC(9905) Pause Young (Allocation Failure) 13M->9M(15M) 0.530ms
[202.597s][info][gc] GC(9906) Pause Young (Allocation Failure) 13M->9M(15M) 0.450ms
[202.602s][info][gc] GC(9907) Pause Young (Allocation Failure) 13M->9M(15M) 0.448ms
[202.608s][info][gc] GC(9908) Pause Young (Allocation Failure) 13M->9M(15M) 0.831ms
[202.613s][info][gc] GC(9909) Pause Young (Allocation Failure) 13M->9M(15M) 0.493ms
[202.618s][info][gc] GC(9910) Pause Young (Allocation Failure) 13M->9M(15M) 0.498ms
[202.625s][info][gc] GC(9911) Pause Young (Allocation Failure) 13M->9M(15M) 0.760ms
[202.631s][info][gc] GC(9912) Pause Young (Allocation Failure) 13M->9M(15M) 0.785ms
[202.640s][info][gc] GC(9913) Pause Young (Allocation Failure) 13M->9M(15M) 0.579ms
[202.645s][info][gc] GC(9914) Pause Young (Allocation Failure) 13M->9M(15M) 0.530ms
[202.652s][info][gc] GC(9915) Pause Young (Allocation Failure) 13M->9M(15M) 0.554ms
[202.657s][info][gc] GC(9916) Pause Young (Allocation Failure) 13M->9M(15M) 0.547ms
[202.664s][info][gc] GC(9917) Pause Young (Allocation Failure) 13M->9M(15M) 0.579ms
[202.669s][info][gc] GC(9918) Pause Young (Allocation Failure) 13M->9M(15M) 0.563ms
[202.675s][info][gc] GC(9919) Pause Young (Allocation Failure) 13M->9M(15M) 0.958ms
[202.681s][info][gc] GC(9920) Pause Young (Allocation Failure) 13M->9M(15M) 0.913ms
[202.690s][info][gc] GC(9921) Pause Young (Allocation Failure) 13M->9M(15M) 0.938ms
[202.696s][info][gc] GC(9922) Pause Young (Allocation Failure) 13M->9M(15M) 0.621ms
[202.703s][info][gc] GC(9923) Pause Young (Allocation Failure) 13M->9M(15M) 0.866ms
[202.708s][info][gc] GC(9924) Pause Young (Allocation Failure) 13M->9M(15M) 0.427ms
[202.714s][info][gc] GC(9925) Pause Young (Allocation Failure) 13M->9M(15M) 0.524ms
[202.720s][info][gc] GC(9926) Pause Young (Allocation Failure) 13M->9M(15M) 0.463ms
[202.725s][info][gc] GC(9927) Pause Young (Allocation Failure) 13M->9M(15M) 0.416ms
[202.733s][info][gc] GC(9928) Pause Young (Allocation Failure) 13M->9M(15M) 0.451ms
[202.738s][info][gc] GC(9929) Pause Young (Allocation Failure) 13M->9M(15M) 0.446ms
[202.745s][info][gc] GC(9930) Pause Young (Allocation Failure) 13M->9M(15M) 0.513ms
[202.750s][info][gc] GC(9931) Pause Young (Allocation Failure) 13M->9M(15M) 0.534ms
[202.757s][info][gc] GC(9932) Pause Young (Allocation Failure) 13M->9M(15M) 0.550ms
[202.763s][info][gc] GC(9933) Pause Young (Allocation Failure) 13M->9M(15M) 0.557ms
[202.770s][info][gc] GC(9934) Pause Young (Allocation Failure) 13M->9M(15M) 0.556ms
[202.775s][info][gc] GC(9935) Pause Young (Allocation Failure) 13M->9M(15M) 0.574ms
[202.782s][info][gc] GC(9936) Pause Young (Allocation Failure) 13M->9M(15M) 0.617ms
[202.787s][info][gc] GC(9937) Pause Young (Allocation Failure) 13M->9M(15M) 0.655ms
[202.795s][info][gc] GC(9938) Pause Young (Allocation Failure) 13M->9M(15M) 0.893ms
[202.800s][info][gc] GC(9939) Pause Young (Allocation Failure) 13M->9M(15M) 0.565ms
[202.805s][info][gc] GC(9940) Pause Young (Allocation Failure) 13M->9M(15M) 0.572ms
[202.811s][info][gc] GC(9941) Pause Young (Allocation Failure) 13M->9M(15M) 0.698ms
[202.817s][info][gc] GC(9942) Pause Young (Allocation Failure) 13M->9M(15M) 0.575ms
[202.824s][info][gc] GC(9943) Pause Young (Allocation Failure) 13M->9M(15M) 0.639ms
[202.829s][info][gc] GC(9944) Pause Young (Allocation Failure) 13M->9M(15M) 0.528ms
[202.836s][info][gc] GC(9945) Pause Young (Allocation Failure) 13M->9M(15M) 1.008ms
[202.843s][info][gc] GC(9946) Pause Young (Allocation Failure) 13M->9M(15M) 0.641ms
[202.850s][info][gc] GC(9947) Pause Young (Allocation Failure) 13M->9M(15M) 0.563ms
[202.858s][info][gc] GC(9948) Pause Young (Allocation Failure) 13M->9M(15M) 0.492ms
[202.867s][info][gc] GC(9949) Pause Young (Allocation Failure) 13M->9M(15M) 0.615ms
[202.876s][info][gc] GC(9950) Pause Young (Allocation Failure) 13M->9M(15M) 0.842ms
[202.884s][info][gc] GC(9951) Pause Young (Allocation Failure) 13M->9M(15M) 0.864ms
[202.892s][info][gc] GC(9952) Pause Young (Allocation Failure) 13M->9M(15M) 0.519ms
[202.897s][info][gc] GC(9953) Pause Young (Allocation Failure) 13M->9M(15M) 0.410ms
[202.905s][info][gc] GC(9954) Pause Young (Allocation Failure) 13M->9M(15M) 0.422ms
[202.910s][info][gc] GC(9955) Pause Young (Allocation Failure) 13M->9M(15M) 0.472ms
[202.917s][info][gc] GC(9956) Pause Young (Allocation Failure) 13M->9M(15M) 0.685ms
[202.921s][info][gc] GC(9957) Pause Young (Allocation Failure) 13M->9M(15M) 0.543ms
[202.927s][info][gc] GC(9958) Pause Young (Allocation Failure) 13M->9M(15M) 0.752ms
[202.933s][info][gc] GC(9959) Pause Young (Allocation Failure) 13M->9M(15M) 0.557ms
[202.938s][info][gc] GC(9960) Pause Young (Allocation Failure) 13M->9M(15M) 0.545ms
[202.945s][info][gc] GC(9961) Pause Young (Allocation Failure) 13M->9M(15M) 0.614ms
[202.952s][info][gc] GC(9962) Pause Young (Allocation Failure) 13M->9M(15M) 0.540ms
[202.958s][info][gc] GC(9963) Pause Young (Allocation Failure) 13M->9M(15M) 0.605ms
[202.963s][info][gc] GC(9964) Pause Young (Allocation Failure) 13M->9M(15M) 0.610ms
[202.970s][info][gc] GC(9965) Pause Young (Allocation Failure) 13M->9M(15M) 0.649ms
[202.974s][info][gc] GC(9966) Pause Young (Allocation Failure) 13M->9M(15M) 0.629ms
[202.983s][info][gc] GC(9967) Pause Young (Allocation Failure) 13M->9M(15M) 0.654ms
[202.988s][info][gc] GC(9968) Pause Young (Allocation Failure) 13M->9M(15M) 0.529ms
[202.993s][info][gc] GC(9969) Pause Young (Allocation Failure) 13M->9M(15M) 0.597ms
[202.999s][info][gc] GC(9970) Pause Young (Allocation Failure) 13M->9M(15M) 0.677ms
[203.005s][info][gc] GC(9971) Pause Young (Allocation Failure) 13M->9M(15M) 0.403ms
[203.011s][info][gc] GC(9972) Pause Young (Allocation Failure) 13M->9M(15M) 0.438ms
[203.016s][info][gc] GC(9973) Pause Young (Allocation Failure) 13M->9M(15M) 0.441ms
[203.022s][info][gc] GC(9974) Pause Young (Allocation Failure) 13M->9M(15M) 0.470ms
[203.027s][info][gc] GC(9975) Pause Young (Allocation Failure) 13M->9M(15M) 0.473ms
[203.032s][info][gc] GC(9976) Pause Young (Allocation Failure) 13M->9M(15M) 0.456ms
[203.039s][info][gc] GC(9977) Pause Young (Allocation Failure) 13M->9M(15M) 0.534ms
[203.045s][info][gc] GC(9978) Pause Young (Allocation Failure) 13M->9M(15M) 0.577ms
[203.052s][info][gc] GC(9979) Pause Young (Allocation Failure) 13M->9M(15M) 0.618ms
[203.059s][info][gc] GC(9980) Pause Young (Allocation Failure) 13M->9M(15M) 0.563ms
[203.065s][info][gc] GC(9981) Pause Young (Allocation Failure) 13M->9M(15M) 0.560ms
[203.071s][info][gc] GC(9982) Pause Young (Allocation Failure) 13M->9M(15M) 0.599ms
[203.077s][info][gc] GC(9983) Pause Young (Allocation Failure) 13M->9M(15M) 0.578ms
[203.083s][info][gc] GC(9984) Pause Young (Allocation Failure) 13M->9M(15M) 0.873ms
[203.091s][info][gc] GC(9985) Pause Young (Allocation Failure) 13M->9M(15M) 0.865ms
[203.098s][info][gc] GC(9986) Pause Young (Allocation Failure) 13M->9M(15M) 0.727ms
[203.107s][info][gc] GC(9987) Pause Young (Allocation Failure) 13M->9M(15M) 1.124ms
[203.116s][info][gc] GC(9988) Pause Young (Allocation Failure) 13M->9M(15M) 1.032ms
[203.124s][info][gc] GC(9989) Pause Young (Allocation Failure) 13M->9M(15M) 0.419ms
[203.130s][info][gc] GC(9990) Pause Young (Allocation Failure) 13M->9M(15M) 0.443ms
[203.136s][info][gc] GC(9991) Pause Young (Allocation Failure) 13M->9M(15M) 0.434ms
[203.145s][info][gc] GC(9992) Pause Young (Allocation Failure) 13M->9M(15M) 0.756ms
[203.151s][info][gc] GC(9993) Pause Young (Allocation Failure) 13M->9M(15M) 0.467ms
[203.158s][info][gc] GC(9994) Pause Young (Allocation Failure) 13M->9M(15M) 0.465ms
[203.164s][info][gc] GC(9995) Pause Young (Allocation Failure) 13M->9M(15M) 0.718ms
[203.172s][info][gc] GC(9996) Pause Young (Allocation Failure) 13M->9M(15M) 0.489ms
[203.177s][info][gc] GC(9997) Pause Young (Allocation Failure) 13M->9M(15M) 0.570ms
[203.184s][info][gc] GC(9998) Pause Young (Allocation Failure) 13M->9M(15M) 0.534ms
[203.191s][info][gc] GC(9999) Pause Young (Allocation Failure) 13M->9M(15M) 0.512ms
[203.197s][info][gc] GC(10000) Pause Young (Allocation Failure) 13M->9M(15M) 0.558ms
[203.203s][info][gc] GC(10001) Pause Young (Allocation Failure) 13M->9M(15M) 0.715ms
[203.211s][info][gc] GC(10002) Pause Young (Allocation Failure) 13M->9M(15M) 0.798ms
[203.218s][info][gc] GC(10003) Pause Young (Allocation Failure) 13M->9M(15M) 0.778ms
[203.224s][info][gc] GC(10004) Pause Young (Allocation Failure) 13M->9M(15M) 0.636ms
[203.229s][info][gc] GC(10005) Pause Young (Allocation Failure) 13M->9M(15M) 0.642ms
[203.236s][info][gc] GC(10006) Pause Young (Allocation Failure) 13M->9M(15M) 0.901ms
[203.245s][info][gc] GC(10007) Pause Young (Allocation Failure) 13M->9M(15M) 0.906ms
[203.253s][info][gc] GC(10008) Pause Young (Allocation Failure) 13M->9M(15M) 0.629ms
[203.259s][info][gc] GC(10009) Pause Young (Allocation Failure) 13M->9M(15M) 0.711ms
[203.266s][info][gc] GC(10010) Pause Young (Allocation Failure) 13M->9M(15M) 0.578ms
[203.271s][info][gc] GC(10011) Pause Young (Allocation Failure) 13M->9M(15M) 0.393ms
[203.278s][info][gc] GC(10012) Pause Young (Allocation Failure) 13M->9M(15M) 0.659ms
[203.283s][info][gc] GC(10013) Pause Young (Allocation Failure) 13M->9M(15M) 0.451ms
[203.290s][info][gc] GC(10014) Pause Young (Allocation Failure) 13M->9M(15M) 0.440ms
[203.295s][info][gc] GC(10015) Pause Young (Allocation Failure) 13M->9M(15M) 0.493ms
[203.302s][info][gc] GC(10016) Pause Young (Allocation Failure) 13M->9M(15M) 0.788ms
[203.307s][info][gc] GC(10017) Pause Young (Allocation Failure) 13M->9M(15M) 0.478ms
[203.313s][info][gc] GC(10018) Pause Young (Allocation Failure) 13M->9M(15M) 0.508ms
[203.320s][info][gc] GC(10019) Pause Young (Allocation Failure) 13M->9M(15M) 0.514ms
[203.325s][info][gc] GC(10020) Pause Young (Allocation Failure) 13M->9M(15M) 0.503ms
[203.331s][info][gc] GC(10021) Pause Young (Allocation Failure) 13M->9M(15M) 0.567ms
[203.336s][info][gc] GC(10022) Pause Young (Allocation Failure) 13M->9M(15M) 0.555ms
[203.345s][info][gc] GC(10023) Pause Young (Allocation Failure) 13M->9M(15M) 0.945ms
[203.350s][info][gc] GC(10024) Pause Young (Allocation Failure) 13M->9M(15M) 0.556ms
[203.356s][info][gc] GC(10025) Pause Young (Allocation Failure) 13M->9M(15M) 0.646ms
[203.362s][info][gc] GC(10026) Pause Young (Allocation Failure) 13M->9M(15M) 0.594ms
[203.368s][info][gc] GC(10027) Pause Young (Allocation Failure) 13M->9M(15M) 1.024ms
[203.373s][info][gc] GC(10028) Pause Young (Allocation Failure) 13M->9M(15M) 0.589ms
[203.379s][info][gc] GC(10029) Pause Young (Allocation Failure) 13M->9M(15M) 0.686ms
[203.385s][info][gc] GC(10030) Pause Young (Allocation Failure) 13M->9M(15M) 0.683ms
[203.391s][info][gc] GC(10031) Pause Young (Allocation Failure) 13M->9M(15M) 0.774ms
[203.398s][info][gc] GC(10032) Pause Young (Allocation Failure) 13M->9M(15M) 0.424ms
[203.404s][info][gc] GC(10033) Pause Young (Allocation Failure) 13M->9M(15M) 0.410ms
[203.410s][info][gc] GC(10034) Pause Young (Allocation Failure) 13M->9M(15M) 0.457ms
[203.415s][info][gc] GC(10035) Pause Young (Allocation Failure) 13M->9M(15M) 0.533ms
[203.421s][info][gc] GC(10036) Pause Young (Allocation Failure) 13M->9M(15M) 0.900ms
[203.427s][info][gc] GC(10037) Pause Young (Allocation Failure) 13M->9M(15M) 0.555ms
[203.432s][info][gc] GC(10038) Pause Young (Allocation Failure) 13M->9M(15M) 0.556ms
[203.439s][info][gc] GC(10039) Pause Young (Allocation Failure) 13M->9M(15M) 0.608ms
[203.445s][info][gc] GC(10040) Pause Young (Allocation Failure) 13M->9M(15M) 0.553ms
[203.451s][info][gc] GC(10041) Pause Young (Allocation Failure) 13M->9M(15M) 0.621ms
[203.458s][info][gc] GC(10042) Pause Young (Allocation Failure) 13M->9M(15M) 0.623ms
[203.465s][info][gc] GC(10043) Pause Young (Allocation Failure) 13M->9M(15M) 0.651ms
[203.471s][info][gc] GC(10044) Pause Young (Allocation Failure) 13M->9M(15M) 0.967ms
[203.478s][info][gc] GC(10045) Pause Young (Allocation Failure) 13M->9M(15M) 0.579ms
[203.483s][info][gc] GC(10046) Pause Young (Allocation Failure) 13M->9M(15M) 0.556ms
[203.490s][info][gc] GC(10047) Pause Young (Allocation Failure) 13M->9M(15M) 0.869ms
[203.495s][info][gc] GC(10048) Pause Young (Allocation Failure) 13M->9M(15M) 0.573ms
[203.500s][info][gc] GC(10049) Pause Young (Allocation Failure) 13M->9M(15M) 0.582ms
[203.506s][info][gc] GC(10050) Pause Young (Allocation Failure) 13M->9M(15M) 0.583ms
[203.512s][info][gc] GC(10051) Pause Young (Allocation Failure) 13M->9M(15M) 0.669ms
[203.519s][info][gc] GC(10052) Pause Young (Allocation Failure) 13M->9M(15M) 0.420ms
[203.524s][info][gc] GC(10053) Pause Young (Allocation Failure) 13M->9M(15M) 0.446ms
[203.531s][info][gc] GC(10054) Pause Young (Allocation Failure) 13M->9M(15M) 0.536ms
[203.539s][info][gc] GC(10055) Pause Young (Allocation Failure) 13M->9M(15M) 0.468ms
[203.545s][info][gc] GC(10056) Pause Young (Allocation Failure) 13M->9M(15M) 0.487ms
[203.551s][info][gc] GC(10057) Pause Young (Allocation Failure) 13M->9M(15M) 0.558ms
[203.558s][info][gc] GC(10058) Pause Young (Allocation Failure) 13M->9M(15M) 0.558ms
[203.564s][info][gc] GC(10059) Pause Young (Allocation Failure) 13M->9M(15M) 0.670ms
[203.570s][info][gc] GC(10060) Pause Young (Allocation Failure) 13M->9M(15M) 0.544ms
[203.575s][info][gc] GC(10061) Pause Young (Allocation Failure) 13M->9M(15M) 0.518ms
[203.581s][info][gc] GC(10062) Pause Young (Allocation Failure) 13M->9M(15M) 0.818ms
[203.587s][info][gc] GC(10063) Pause Young (Allocation Failure) 13M->9M(15M) 0.699ms
[203.592s][info][gc] GC(10064) Pause Young (Allocation Failure) 13M->9M(15M) 0.623ms
[203.601s][info][gc] GC(10065) Pause Young (Allocation Failure) 13M->9M(15M) 1.638ms
[203.606s][info][gc] GC(10066) Pause Young (Allocation Failure) 13M->9M(15M) 0.589ms
[203.613s][info][gc] GC(10067) Pause Young (Allocation Failure) 13M->9M(15M) 0.860ms
[203.621s][info][gc] GC(10068) Pause Young (Allocation Failure) 13M->9M(15M) 0.830ms
[203.628s][info][gc] GC(10069) Pause Young (Allocation Failure) 13M->9M(15M) 1.108ms
[203.637s][info][gc] GC(10070) Pause Young (Allocation Failure) 13M->9M(15M) 0.597ms
[203.644s][info][gc] GC(10071) Pause Young (Allocation Failure) 13M->9M(15M) 0.850ms
[203.651s][info][gc] GC(10072) Pause Young (Allocation Failure) 13M->9M(15M) 0.419ms
[203.656s][info][gc] GC(10073) Pause Young (Allocation Failure) 13M->9M(15M) 0.426ms
[203.663s][info][gc] GC(10074) Pause Young (Allocation Failure) 13M->9M(15M) 0.709ms
[203.668s][info][gc] GC(10075) Pause Young (Allocation Failure) 13M->9M(15M) 0.447ms
[203.673s][info][gc] GC(10076) Pause Young (Allocation Failure) 13M->9M(15M) 0.451ms
[203.680s][info][gc] GC(10077) Pause Young (Allocation Failure) 13M->9M(15M) 0.690ms
[203.686s][info][gc] GC(10078) Pause Young (Allocation Failure) 13M->9M(15M) 0.468ms
[203.692s][info][gc] GC(10079) Pause Young (Allocation Failure) 13M->9M(15M) 0.630ms
[203.698s][info][gc] GC(10080) Pause Young (Allocation Failure) 13M->9M(15M) 0.571ms
[203.705s][info][gc] GC(10081) Pause Young (Allocation Failure) 13M->9M(15M) 0.545ms
[203.710s][info][gc] GC(10082) Pause Young (Allocation Failure) 13M->9M(15M) 0.529ms
[203.716s][info][gc] GC(10083) Pause Young (Allocation Failure) 13M->9M(15M) 0.686ms
[203.721s][info][gc] GC(10084) Pause Young (Allocation Failure) 13M->9M(15M) 0.543ms
[203.726s][info][gc] GC(10085) Pause Young (Allocation Failure) 13M->9M(15M) 0.604ms
[203.733s][info][gc] GC(10086) Pause Young (Allocation Failure) 13M->9M(15M) 0.596ms
[203.738s][info][gc] GC(10087) Pause Young (Allocation Failure) 13M->9M(15M) 0.571ms
[203.746s][info][gc] GC(10088) Pause Young (Allocation Failure) 13M->9M(15M) 0.598ms
[203.751s][info][gc] GC(10089) Pause Young (Allocation Failure) 13M->9M(15M) 0.610ms
[203.757s][info][gc] GC(10090) Pause Young (Allocation Failure) 13M->9M(15M) 0.591ms
[203.762s][info][gc] GC(10091) Pause Young (Allocation Failure) 13M->9M(15M) 0.564ms
[203.767s][info][gc] GC(10092) Pause Young (Allocation Failure) 13M->9M(15M) 0.560ms
[203.774s][info][gc] GC(10093) Pause Young (Allocation Failure) 13M->9M(15M) 0.587ms
[203.779s][info][gc] GC(10094) Pause Young (Allocation Failure) 13M->9M(15M) 0.426ms
[203.785s][info][gc] GC(10095) Pause Young (Allocation Failure) 13M->9M(15M) 0.394ms
[203.790s][info][gc] GC(10096) Pause Young (Allocation Failure) 13M->9M(15M) 0.485ms
[203.797s][info][gc] GC(10097) Pause Young (Allocation Failure) 13M->9M(15M) 0.586ms
[203.802s][info][gc] GC(10098) Pause Young (Allocation Failure) 13M->9M(15M) 0.566ms
[203.807s][info][gc] GC(10099) Pause Young (Allocation Failure) 13M->9M(15M) 0.550ms
[203.814s][info][gc] GC(10100) Pause Young (Allocation Failure) 13M->9M(15M) 0.480ms
[203.819s][info][gc] GC(10101) Pause Young (Allocation Failure) 13M->9M(15M) 0.506ms
[203.825s][info][gc] GC(10102) Pause Young (Allocation Failure) 13M->9M(15M) 0.564ms
[203.830s][info][gc] GC(10103) Pause Young (Allocation Failure) 13M->9M(15M) 0.523ms
[203.836s][info][gc] GC(10104) Pause Young (Allocation Failure) 13M->9M(15M) 1.010ms
[203.842s][info][gc] GC(10105) Pause Young (Allocation Failure) 13M->9M(15M) 0.590ms
[203.849s][info][gc] GC(10106) Pause Young (Allocation Failure) 13M->9M(15M) 1.379ms
[203.855s][info][gc] GC(10107) Pause Young (Allocation Failure) 13M->9M(15M) 0.618ms
[203.861s][info][gc] GC(10108) Pause Young (Allocation Failure) 13M->9M(15M) 0.896ms
[203.868s][info][gc] GC(10109) Pause Young (Allocation Failure) 13M->9M(15M) 0.683ms
[203.877s][info][gc] GC(10110) Pause Young (Allocation Failure) 13M->9M(15M) 1.209ms
[203.885s][info][gc] GC(10111) Pause Young (Allocation Failure) 13M->9M(15M) 0.693ms
[203.892s][info][gc] GC(10112) Pause Young (Allocation Failure) 13M->9M(15M) 0.641ms
[203.897s][info][gc] GC(10113) Pause Young (Allocation Failure) 13M->9M(15M) 0.689ms
[203.905s][info][gc] GC(10114) Pause Young (Allocation Failure) 13M->9M(15M) 0.809ms
[203.910s][info][gc] GC(10115) Pause Young (Allocation Failure) 13M->9M(15M) 0.637ms
[203.917s][info][gc] GC(10116) Pause Young (Allocation Failure) 13M->9M(15M) 0.531ms
[203.922s][info][gc] GC(10117) Pause Young (Allocation Failure) 13M->9M(15M) 0.419ms
[203.927s][info][gc] GC(10118) Pause Young (Allocation Failure) 13M->9M(15M) 0.494ms
[203.933s][info][gc] GC(10119) Pause Young (Allocation Failure) 13M->9M(15M) 0.462ms
[203.938s][info][gc] GC(10120) Pause Young (Allocation Failure) 13M->9M(15M) 0.466ms
[203.945s][info][gc] GC(10121) Pause Young (Allocation Failure) 13M->9M(15M) 0.487ms
[203.950s][info][gc] GC(10122) Pause Young (Allocation Failure) 13M->9M(15M) 0.569ms
[203.957s][info][gc] GC(10123) Pause Young (Allocation Failure) 13M->9M(15M) 0.570ms
[203.962s][info][gc] GC(10124) Pause Young (Allocation Failure) 13M->9M(15M) 0.504ms
[203.967s][info][gc] GC(10125) Pause Young (Allocation Failure) 13M->9M(15M) 0.522ms
[203.973s][info][gc] GC(10126) Pause Young (Allocation Failure) 13M->9M(15M) 0.529ms
[203.979s][info][gc] GC(10127) Pause Young (Allocation Failure) 13M->9M(15M) 0.752ms
[203.985s][info][gc] GC(10128) Pause Young (Allocation Failure) 13M->9M(15M) 0.668ms
[203.991s][info][gc] GC(10129) Pause Young (Allocation Failure) 13M->9M(15M) 0.526ms
[203.997s][info][gc] GC(10130) Pause Young (Allocation Failure) 13M->9M(15M) 0.920ms
[204.002s][info][gc] GC(10131) Pause Young (Allocation Failure) 13M->9M(15M) 0.599ms
[204.007s][info][gc] GC(10132) Pause Young (Allocation Failure) 13M->9M(15M) 0.619ms
[204.014s][info][gc] GC(10133) Pause Young (Allocation Failure) 13M->9M(15M) 0.650ms
[204.019s][info][gc] GC(10134) Pause Young (Allocation Failure) 13M->9M(15M) 0.670ms
[204.026s][info][gc] GC(10135) Pause Young (Allocation Failure) 13M->9M(15M) 0.531ms
[204.031s][info][gc] GC(10136) Pause Young (Allocation Failure) 13M->9M(15M) 0.369ms
[204.037s][info][gc] GC(10137) Pause Young (Allocation Failure) 13M->9M(15M) 0.391ms
[204.042s][info][gc] GC(10138) Pause Young (Allocation Failure) 13M->9M(15M) 0.414ms
[204.047s][info][gc] GC(10139) Pause Young (Allocation Failure) 13M->9M(15M) 0.517ms
[204.054s][info][gc] GC(10140) Pause Young (Allocation Failure) 13M->9M(15M) 0.485ms
[204.059s][info][gc] GC(10141) Pause Young (Allocation Failure) 13M->9M(15M) 0.582ms
[204.066s][info][gc] GC(10142) Pause Young (Allocation Failure) 13M->9M(15M) 0.444ms
[204.071s][info][gc] GC(10143) Pause Young (Allocation Failure) 13M->9M(15M) 0.524ms
[204.077s][info][gc] GC(10144) Pause Young (Allocation Failure) 13M->9M(15M) 0.642ms
[204.082s][info][gc] GC(10145) Pause Young (Allocation Failure) 13M->9M(15M) 0.462ms
[204.092s][info][gc] GC(10146) Pause Young (Allocation Failure) 13M->9M(15M) 0.564ms
[204.100s][info][gc] GC(10147) Pause Young (Allocation Failure) 13M->9M(15M) 0.543ms
[204.107s][info][gc] GC(10148) Pause Young (Allocation Failure) 13M->9M(15M) 0.561ms
[204.113s][info][gc] GC(10149) Pause Young (Allocation Failure) 13M->9M(15M) 0.701ms
[204.121s][info][gc] GC(10150) Pause Young (Allocation Failure) 13M->9M(15M) 0.820ms
[204.127s][info][gc] GC(10151) Pause Young (Allocation Failure) 13M->9M(15M) 0.851ms
[204.135s][info][gc] GC(10152) Pause Young (Allocation Failure) 13M->9M(15M) 0.669ms
[204.140s][info][gc] GC(10153) Pause Young (Allocation Failure) 13M->9M(15M) 0.565ms
[204.147s][info][gc] GC(10154) Pause Young (Allocation Failure) 13M->9M(15M) 1.135ms
[204.154s][info][gc] GC(10155) Pause Young (Allocation Failure) 13M->9M(15M) 0.587ms
[204.160s][info][gc] GC(10156) Pause Young (Allocation Failure) 13M->9M(15M) 0.447ms
[204.167s][info][gc] GC(10157) Pause Young (Allocation Failure) 13M->9M(15M) 0.619ms
[204.173s][info][gc] GC(10158) Pause Young (Allocation Failure) 13M->9M(15M) 0.456ms
[204.178s][info][gc] GC(10159) Pause Young (Allocation Failure) 13M->9M(15M) 0.470ms
[204.185s][info][gc] GC(10160) Pause Young (Allocation Failure) 13M->9M(15M) 0.471ms
[204.190s][info][gc] GC(10161) Pause Young (Allocation Failure) 13M->9M(15M) 0.462ms
[204.197s][info][gc] GC(10162) Pause Young (Allocation Failure) 13M->9M(15M) 0.831ms
[204.205s][info][gc] GC(10163) Pause Young (Allocation Failure) 13M->9M(15M) 0.559ms
[204.213s][info][gc] GC(10164) Pause Young (Allocation Failure) 13M->9M(15M) 0.734ms
[204.218s][info][gc] GC(10165) Pause Young (Allocation Failure) 13M->9M(15M) 0.493ms
[204.225s][info][gc] GC(10166) Pause Young (Allocation Failure) 13M->9M(15M) 0.558ms
[204.231s][info][gc] GC(10167) Pause Young (Allocation Failure) 13M->9M(15M) 0.566ms
[204.239s][info][gc] GC(10168) Pause Young (Allocation Failure) 13M->9M(15M) 0.569ms
[204.246s][info][gc] GC(10169) Pause Young (Allocation Failure) 13M->9M(15M) 0.705ms
[204.255s][info][gc] GC(10170) Pause Young (Allocation Failure) 13M->9M(15M) 0.575ms
[204.262s][info][gc] GC(10171) Pause Young (Allocation Failure) 13M->9M(15M) 0.912ms
[204.270s][info][gc] GC(10172) Pause Young (Allocation Failure) 13M->9M(15M) 0.865ms
[204.279s][info][gc] GC(10173) Pause Young (Allocation Failure) 13M->9M(15M) 0.675ms
[204.285s][info][gc] GC(10174) Pause Young (Allocation Failure) 13M->9M(15M) 0.600ms
[204.293s][info][gc] GC(10175) Pause Young (Allocation Failure) 13M->9M(15M) 0.588ms
[204.300s][info][gc] GC(10176) Pause Young (Allocation Failure) 13M->9M(15M) 0.643ms
[204.308s][info][gc] GC(10177) Pause Young (Allocation Failure) 13M->9M(15M) 0.606ms
[204.314s][info][gc] GC(10178) Pause Young (Allocation Failure) 13M->9M(15M) 0.594ms
[204.322s][info][gc] GC(10179) Pause Young (Allocation Failure) 13M->9M(15M) 0.575ms
[204.327s][info][gc] GC(10180) Pause Young (Allocation Failure) 13M->9M(15M) 0.618ms
[204.333s][info][gc] GC(10181) Pause Young (Allocation Failure) 13M->9M(15M) 0.472ms
[204.341s][info][gc] GC(10182) Pause Young (Allocation Failure) 13M->9M(15M) 0.581ms
[204.347s][info][gc] GC(10183) Pause Young (Allocation Failure) 13M->9M(15M) 0.700ms
[204.353s][info][gc] GC(10184) Pause Young (Allocation Failure) 13M->9M(15M) 0.486ms
[204.361s][info][gc] GC(10185) Pause Young (Allocation Failure) 13M->9M(15M) 0.495ms
[204.366s][info][gc] GC(10186) Pause Young (Allocation Failure) 13M->9M(15M) 0.554ms
[204.373s][info][gc] GC(10187) Pause Young (Allocation Failure) 13M->9M(15M) 0.559ms
[204.378s][info][gc] GC(10188) Pause Young (Allocation Failure) 13M->9M(15M) 0.770ms
[204.387s][info][gc] GC(10189) Pause Young (Allocation Failure) 13M->9M(15M) 0.867ms
[204.395s][info][gc] GC(10190) Pause Young (Allocation Failure) 13M->9M(15M) 0.717ms
[204.402s][info][gc] GC(10191) Pause Young (Allocation Failure) 13M->9M(15M) 0.556ms
[204.411s][info][gc] GC(10192) Pause Young (Allocation Failure) 13M->9M(15M) 0.919ms
[204.419s][info][gc] GC(10193) Pause Young (Allocation Failure) 13M->9M(15M) 0.801ms
[204.428s][info][gc] GC(10194) Pause Young (Allocation Failure) 13M->9M(15M) 0.622ms
[204.435s][info][gc] GC(10195) Pause Young (Allocation Failure) 13M->9M(15M) 0.748ms
[204.444s][info][gc] GC(10196) Pause Young (Allocation Failure) 13M->9M(15M) 0.930ms
[204.452s][info][gc] GC(10197) Pause Young (Allocation Failure) 13M->9M(15M) 1.114ms
[204.462s][info][gc] GC(10198) Pause Young (Allocation Failure) 13M->9M(15M) 1.244ms
[204.469s][info][gc] GC(10199) Pause Young (Allocation Failure) 13M->9M(15M) 0.661ms
[204.478s][info][gc] GC(10200) Pause Young (Allocation Failure) 13M->9M(15M) 1.049ms
[204.484s][info][gc] GC(10201) Pause Young (Allocation Failure) 13M->9M(15M) 0.877ms
[204.490s][info][gc] GC(10202) Pause Young (Allocation Failure) 13M->9M(15M) 1.157ms
[204.499s][info][gc] GC(10203) Pause Young (Allocation Failure) 13M->9M(15M) 0.970ms
[204.507s][info][gc] GC(10204) Pause Young (Allocation Failure) 13M->9M(15M) 1.016ms
[204.515s][info][gc] GC(10205) Pause Young (Allocation Failure) 13M->9M(15M) 0.656ms
[204.527s][info][gc] GC(10206) Pause Young (Allocation Failure) 13M->9M(15M) 0.741ms
[204.537s][info][gc] GC(10207) Pause Young (Allocation Failure) 13M->9M(15M) 0.741ms
[204.545s][info][gc] GC(10208) Pause Young (Allocation Failure) 13M->9M(15M) 0.815ms
[204.553s][info][gc] GC(10209) Pause Young (Allocation Failure) 13M->9M(15M) 0.778ms
[204.563s][info][gc] GC(10210) Pause Young (Allocation Failure) 13M->9M(15M) 0.781ms
[204.572s][info][gc] GC(10211) Pause Young (Allocation Failure) 13M->9M(15M) 0.850ms
[204.580s][info][gc] GC(10212) Pause Young (Allocation Failure) 13M->9M(15M) 0.809ms
[204.589s][info][gc] GC(10213) Pause Young (Allocation Failure) 13M->9M(15M) 0.791ms
[204.595s][info][gc] GC(10214) Pause Young (Allocation Failure) 13M->9M(15M) 1.034ms
[204.606s][info][gc] GC(10215) Pause Young (Allocation Failure) 13M->9M(15M) 0.638ms
[204.614s][info][gc] GC(10216) Pause Young (Allocation Failure) 13M->9M(15M) 0.701ms
[204.621s][info][gc] GC(10217) Pause Young (Allocation Failure) 13M->9M(15M) 1.285ms
[204.631s][info][gc] GC(10218) Pause Young (Allocation Failure) 13M->9M(15M) 0.876ms
[204.639s][info][gc] GC(10219) Pause Young (Allocation Failure) 13M->9M(15M) 1.067ms
[204.649s][info][gc] GC(10220) Pause Young (Allocation Failure) 13M->9M(15M) 1.120ms
[204.658s][info][gc] GC(10221) Pause Young (Allocation Failure) 13M->9M(15M) 0.963ms
[204.669s][info][gc] GC(10222) Pause Young (Allocation Failure) 13M->9M(15M) 0.905ms
[204.678s][info][gc] GC(10223) Pause Young (Allocation Failure) 13M->9M(15M) 1.032ms
[204.694s][info][gc] GC(10224) Pause Young (Allocation Failure) 13M->9M(15M) 1.005ms
[204.702s][info][gc] GC(10225) Pause Young (Allocation Failure) 13M->9M(15M) 1.088ms
[204.711s][info][gc] GC(10226) Pause Young (Allocation Failure) 13M->9M(15M) 0.671ms
[204.720s][info][gc] GC(10227) Pause Young (Allocation Failure) 13M->9M(15M) 0.776ms
[204.728s][info][gc] GC(10228) Pause Young (Allocation Failure) 13M->9M(15M) 0.680ms
[204.740s][info][gc] GC(10229) Pause Young (Allocation Failure) 13M->9M(15M) 0.857ms
[204.750s][info][gc] GC(10230) Pause Young (Allocation Failure) 13M->9M(15M) 0.717ms
[204.759s][info][gc] GC(10231) Pause Young (Allocation Failure) 13M->9M(15M) 0.805ms
[204.766s][info][gc] GC(10232) Pause Young (Allocation Failure) 13M->9M(15M) 0.753ms
[204.776s][info][gc] GC(10233) Pause Young (Allocation Failure) 13M->9M(15M) 0.786ms
[204.788s][info][gc] GC(10234) Pause Young (Allocation Failure) 13M->9M(15M) 0.754ms
[204.796s][info][gc] GC(10235) Pause Young (Allocation Failure) 13M->9M(15M) 0.923ms
[204.805s][info][gc] GC(10236) Pause Young (Allocation Failure) 13M->9M(15M) 0.794ms
[204.813s][info][gc] GC(10237) Pause Young (Allocation Failure) 13M->9M(15M) 1.000ms
[204.827s][info][gc] GC(10238) Pause Young (Allocation Failure) 13M->9M(15M) 0.787ms
[204.835s][info][gc] GC(10239) Pause Young (Allocation Failure) 13M->9M(15M) 0.909ms
[204.843s][info][gc] GC(10240) Pause Young (Allocation Failure) 13M->9M(15M) 0.984ms
[204.853s][info][gc] GC(10241) Pause Young (Allocation Failure) 13M->9M(15M) 0.917ms
[204.872s][info][gc] GC(10242) Pause Young (Allocation Failure) 13M->9M(15M) 1.028ms
[204.881s][info][gc] GC(10243) Pause Young (Allocation Failure) 13M->9M(15M) 0.932ms
[204.900s][info][gc] GC(10244) Pause Young (Allocation Failure) 13M->9M(15M) 0.994ms
[204.910s][info][gc] GC(10245) Pause Young (Allocation Failure) 13M->9M(15M) 1.246ms
[204.920s][info][gc] GC(10246) Pause Young (Allocation Failure) 13M->9M(15M) 1.034ms
[204.932s][info][gc] GC(10247) Pause Young (Allocation Failure) 13M->9M(15M) 1.029ms
[204.940s][info][gc] GC(10248) Pause Young (Allocation Failure) 13M->9M(15M) 1.338ms
[204.950s][info][gc] GC(10249) Pause Young (Allocation Failure) 13M->9M(15M) 0.938ms
[204.960s][info][gc] GC(10250) Pause Young (Allocation Failure) 13M->9M(15M) 1.032ms
[204.968s][info][gc] GC(10251) Pause Young (Allocation Failure) 13M->9M(15M) 0.920ms
[204.978s][info][gc] GC(10252) Pause Young (Allocation Failure) 13M->9M(15M) 1.186ms
[204.986s][info][gc] GC(10253) Pause Young (Allocation Failure) 13M->9M(15M) 0.928ms
[204.995s][info][gc] GC(10254) Pause Young (Allocation Failure) 13M->9M(15M) 0.711ms
[205.005s][info][gc] GC(10255) Pause Young (Allocation Failure) 13M->9M(15M) 0.676ms
[205.013s][info][gc] GC(10256) Pause Young (Allocation Failure) 13M->9M(15M) 0.778ms
[205.021s][info][gc] GC(10257) Pause Young (Allocation Failure) 13M->9M(15M) 0.750ms
[205.030s][info][gc] GC(10258) Pause Young (Allocation Failure) 13M->9M(15M) 0.827ms
[205.038s][info][gc] GC(10259) Pause Young (Allocation Failure) 13M->9M(15M) 0.831ms
[205.048s][info][gc] GC(10260) Pause Young (Allocation Failure) 13M->9M(15M) 0.941ms
[205.056s][info][gc] GC(10261) Pause Young (Allocation Failure) 13M->9M(15M) 0.879ms
[205.064s][info][gc] GC(10262) Pause Young (Allocation Failure) 13M->9M(15M) 0.967ms
[205.072s][info][gc] GC(10263) Pause Young (Allocation Failure) 13M->9M(15M) 1.047ms
[205.081s][info][gc] GC(10264) Pause Young (Allocation Failure) 13M->9M(15M) 0.975ms
[205.089s][info][gc] GC(10265) Pause Young (Allocation Failure) 13M->9M(15M) 1.241ms
[205.099s][info][gc] GC(10266) Pause Young (Allocation Failure) 13M->9M(15M) 0.878ms
[205.108s][info][gc] GC(10267) Pause Young (Allocation Failure) 13M->9M(15M) 1.138ms
[205.116s][info][gc] GC(10268) Pause Young (Allocation Failure) 13M->9M(15M) 1.125ms
[205.134s][info][gc] GC(10269) Pause Young (Allocation Failure) 13M->9M(15M) 1.306ms
[205.143s][info][gc] GC(10270) Pause Young (Allocation Failure) 13M->9M(15M) 1.169ms
[205.151s][info][gc] GC(10271) Pause Young (Allocation Failure) 13M->9M(15M) 1.040ms
[205.160s][info][gc] GC(10272) Pause Young (Allocation Failure) 13M->9M(15M) 0.901ms
[205.168s][info][gc] GC(10273) Pause Young (Allocation Failure) 13M->9M(15M) 0.758ms
[205.188s][info][gc] GC(10274) Pause Young (Allocation Failure) 13M->9M(15M) 0.732ms
[205.199s][info][gc] GC(10275) Pause Young (Allocation Failure) 13M->9M(15M) 0.807ms
[205.209s][info][gc] GC(10276) Pause Young (Allocation Failure) 13M->9M(15M) 0.911ms
[205.218s][info][gc] GC(10277) Pause Young (Allocation Failure) 13M->9M(15M) 0.826ms
[205.230s][info][gc] GC(10278) Pause Young (Allocation Failure) 13M->9M(15M) 0.791ms
[205.240s][info][gc] GC(10279) Pause Young (Allocation Failure) 13M->9M(15M) 0.929ms
[205.247s][info][gc] GC(10280) Pause Young (Allocation Failure) 13M->9M(15M) 0.757ms
[205.257s][info][gc] GC(10281) Pause Young (Allocation Failure) 13M->9M(15M) 0.909ms
[205.266s][info][gc] GC(10282) Pause Young (Allocation Failure) 13M->9M(15M) 0.908ms
[205.275s][info][gc] GC(10283) Pause Young (Allocation Failure) 13M->9M(15M) 0.958ms
[205.285s][info][gc] GC(10284) Pause Young (Allocation Failure) 13M->9M(15M) 0.869ms
[205.294s][info][gc] GC(10285) Pause Young (Allocation Failure) 13M->9M(15M) 0.949ms
[205.302s][info][gc] GC(10286) Pause Young (Allocation Failure) 13M->9M(15M) 1.185ms
[205.312s][info][gc] GC(10287) Pause Young (Allocation Failure) 13M->9M(15M) 0.966ms
[205.322s][info][gc] GC(10288) Pause Young (Allocation Failure) 13M->9M(15M) 0.990ms
[205.331s][info][gc] GC(10289) Pause Young (Allocation Failure) 13M->9M(15M) 1.058ms
[205.339s][info][gc] GC(10290) Pause Young (Allocation Failure) 13M->9M(15M) 0.947ms
[205.347s][info][gc] GC(10291) Pause Young (Allocation Failure) 13M->9M(15M) 0.712ms
[205.355s][info][gc] GC(10292) Pause Young (Allocation Failure) 13M->9M(15M) 0.714ms
[205.362s][info][gc] GC(10293) Pause Young (Allocation Failure) 13M->9M(15M) 0.936ms
[205.371s][info][gc] GC(10294) Pause Young (Allocation Failure) 13M->9M(15M) 0.893ms
[205.380s][info][gc] GC(10295) Pause Young (Allocation Failure) 13M->9M(15M) 0.724ms
[205.389s][info][gc] GC(10296) Pause Young (Allocation Failure) 13M->9M(15M) 0.784ms
[205.399s][info][gc] GC(10297) Pause Young (Allocation Failure) 13M->9M(15M) 0.850ms
[205.407s][info][gc] GC(10298) Pause Young (Allocation Failure) 13M->9M(15M) 0.833ms
[205.416s][info][gc] GC(10299) Pause Young (Allocation Failure) 13M->9M(15M) 0.812ms
[205.424s][info][gc] GC(10300) Pause Young (Allocation Failure) 13M->9M(15M) 0.918ms
[205.432s][info][gc] GC(10301) Pause Young (Allocation Failure) 13M->9M(15M) 0.866ms
[205.442s][info][gc] GC(10302) Pause Young (Allocation Failure) 13M->9M(15M) 0.897ms
[205.450s][info][gc] GC(10303) Pause Young (Allocation Failure) 13M->9M(15M) 0.995ms
[205.457s][info][gc] GC(10304) Pause Young (Allocation Failure) 13M->9M(15M) 0.908ms
[205.466s][info][gc] GC(10305) Pause Young (Allocation Failure) 13M->9M(15M) 1.089ms
[205.472s][info][gc] GC(10306) Pause Young (Allocation Failure) 13M->9M(15M) 0.736ms
[205.483s][info][gc] GC(10307) Pause Young (Allocation Failure) 13M->9M(15M) 1.018ms
[205.493s][info][gc] GC(10308) Pause Young (Allocation Failure) 13M->9M(15M) 0.949ms
[205.503s][info][gc] GC(10309) Pause Young (Allocation Failure) 13M->9M(15M) 1.207ms
[205.513s][info][gc] GC(10310) Pause Young (Allocation Failure) 13M->9M(15M) 0.983ms
[205.522s][info][gc] GC(10311) Pause Young (Allocation Failure) 13M->9M(15M) 0.427ms
[205.529s][info][gc] GC(10312) Pause Young (Allocation Failure) 13M->9M(15M) 0.591ms
[205.538s][info][gc] GC(10313) Pause Young (Allocation Failure) 13M->9M(15M) 0.644ms
[205.547s][info][gc] GC(10314) Pause Young (Allocation Failure) 13M->9M(15M) 0.607ms
[205.556s][info][gc] GC(10315) Pause Young (Allocation Failure) 13M->9M(15M) 0.843ms
[205.566s][info][gc] GC(10316) Pause Young (Allocation Failure) 13M->9M(15M) 1.054ms
[205.573s][info][gc] GC(10317) Pause Young (Allocation Failure) 13M->9M(15M) 0.837ms
[205.581s][info][gc] GC(10318) Pause Young (Allocation Failure) 13M->9M(15M) 0.765ms
[205.588s][info][gc] GC(10319) Pause Young (Allocation Failure) 13M->9M(15M) 0.525ms
[205.595s][info][gc] GC(10320) Pause Young (Allocation Failure) 13M->9M(15M) 0.787ms
[205.604s][info][gc] GC(10321) Pause Young (Allocation Failure) 13M->9M(15M) 1.119ms
[205.612s][info][gc] GC(10322) Pause Young (Allocation Failure) 13M->9M(15M) 1.188ms
[205.619s][info][gc] GC(10323) Pause Young (Allocation Failure) 13M->9M(15M) 0.655ms
[205.626s][info][gc] GC(10324) Pause Young (Allocation Failure) 13M->9M(15M) 0.598ms
[205.634s][info][gc] GC(10325) Pause Young (Allocation Failure) 13M->9M(15M) 0.572ms
[205.641s][info][gc] GC(10326) Pause Young (Allocation Failure) 13M->9M(15M) 0.675ms
[205.648s][info][gc] GC(10327) Pause Young (Allocation Failure) 13M->9M(15M) 1.413ms
[205.654s][info][gc] GC(10328) Pause Young (Allocation Failure) 13M->9M(15M) 0.616ms
[205.659s][info][gc] GC(10329) Pause Young (Allocation Failure) 13M->9M(15M) 0.823ms
[205.665s][info][gc] GC(10330) Pause Young (Allocation Failure) 13M->9M(15M) 0.609ms
[205.671s][info][gc] GC(10331) Pause Young (Allocation Failure) 13M->9M(15M) 0.616ms
[205.676s][info][gc] GC(10332) Pause Young (Allocation Failure) 13M->9M(15M) 0.669ms
[205.684s][info][gc] GC(10333) Pause Young (Allocation Failure) 13M->9M(15M) 0.685ms
[205.691s][info][gc] GC(10334) Pause Young (Allocation Failure) 13M->9M(15M) 0.798ms
[205.697s][info][gc] GC(10335) Pause Young (Allocation Failure) 13M->9M(15M) 0.465ms
[205.702s][info][gc] GC(10336) Pause Young (Allocation Failure) 13M->9M(15M) 0.463ms
[205.709s][info][gc] GC(10337) Pause Young (Allocation Failure) 13M->9M(15M) 0.471ms
[205.714s][info][gc] GC(10338) Pause Young (Allocation Failure) 13M->9M(15M) 0.468ms
[205.721s][info][gc] GC(10339) Pause Young (Allocation Failure) 13M->9M(15M) 0.582ms
[205.726s][info][gc] GC(10340) Pause Young (Allocation Failure) 13M->9M(15M) 0.529ms
[205.733s][info][gc] GC(10341) Pause Young (Allocation Failure) 13M->9M(15M) 0.535ms
[205.738s][info][gc] GC(10342) Pause Young (Allocation Failure) 13M->9M(15M) 0.544ms
[205.745s][info][gc] GC(10343) Pause Young (Allocation Failure) 13M->9M(15M) 0.950ms
[205.751s][info][gc] GC(10344) Pause Young (Allocation Failure) 13M->9M(15M) 0.623ms
[205.758s][info][gc] GC(10345) Pause Young (Allocation Failure) 13M->9M(15M) 0.855ms
[205.763s][info][gc] GC(10346) Pause Young (Allocation Failure) 13M->9M(15M) 0.572ms
[205.768s][info][gc] GC(10347) Pause Young (Allocation Failure) 13M->9M(15M) 0.622ms
[205.775s][info][gc] GC(10348) Pause Young (Allocation Failure) 13M->9M(15M) 0.604ms
[205.780s][info][gc] GC(10349) Pause Young (Allocation Failure) 13M->9M(15M) 0.616ms
[205.788s][info][gc] GC(10350) Pause Young (Allocation Failure) 13M->9M(15M) 0.792ms
[205.793s][info][gc] GC(10351) Pause Young (Allocation Failure) 13M->9M(15M) 0.636ms
[205.799s][info][gc] GC(10352) Pause Young (Allocation Failure) 13M->9M(15M) 0.539ms
[205.804s][info][gc] GC(10353) Pause Young (Allocation Failure) 13M->9M(15M) 0.409ms
[205.809s][info][gc] GC(10354) Pause Young (Allocation Failure) 13M->9M(15M) 0.426ms
[205.815s][info][gc] GC(10355) Pause Young (Allocation Failure) 13M->9M(15M) 0.456ms
[205.821s][info][gc] GC(10356) Pause Young (Allocation Failure) 13M->9M(15M) 0.526ms
[205.828s][info][gc] GC(10357) Pause Young (Allocation Failure) 13M->9M(15M) 0.512ms
[205.833s][info][gc] GC(10358) Pause Young (Allocation Failure) 13M->9M(15M) 0.495ms
[205.841s][info][gc] GC(10359) Pause Young (Allocation Failure) 13M->9M(15M) 0.528ms
[205.846s][info][gc] GC(10360) Pause Young (Allocation Failure) 13M->9M(15M) 0.519ms
[205.852s][info][gc] GC(10361) Pause Young (Allocation Failure) 13M->9M(15M) 0.978ms
[205.857s][info][gc] GC(10362) Pause Young (Allocation Failure) 13M->9M(15M) 0.528ms
[205.863s][info][gc] GC(10363) Pause Young (Allocation Failure) 13M->9M(15M) 0.753ms
[205.870s][info][gc] GC(10364) Pause Young (Allocation Failure) 13M->9M(15M) 0.659ms
[205.876s][info][gc] GC(10365) Pause Young (Allocation Failure) 13M->9M(15M) 0.819ms
[205.885s][info][gc] GC(10366) Pause Young (Allocation Failure) 13M->9M(15M) 0.801ms
[205.894s][info][gc] GC(10367) Pause Young (Allocation Failure) 13M->9M(15M) 0.601ms
[205.899s][info][gc] GC(10368) Pause Young (Allocation Failure) 13M->9M(15M) 0.638ms
[205.908s][info][gc] GC(10369) Pause Young (Allocation Failure) 13M->9M(15M) 0.687ms
[205.913s][info][gc] GC(10370) Pause Young (Allocation Failure) 13M->9M(15M) 0.563ms
[205.919s][info][gc] GC(10371) Pause Young (Allocation Failure) 13M->9M(15M) 0.628ms
[205.924s][info][gc] GC(10372) Pause Young (Allocation Failure) 13M->9M(15M) 0.633ms
[205.931s][info][gc] GC(10373) Pause Young (Allocation Failure) 13M->9M(15M) 1.056ms
[205.936s][info][gc] GC(10374) Pause Young (Allocation Failure) 13M->9M(15M) 0.627ms
[205.941s][info][gc] GC(10375) Pause Young (Allocation Failure) 13M->9M(15M) 0.714ms
[205.949s][info][gc] GC(10376) Pause Young (Allocation Failure) 13M->9M(15M) 0.636ms
[205.954s][info][gc] GC(10377) Pause Young (Allocation Failure) 13M->9M(15M) 0.621ms
[205.961s][info][gc] GC(10378) Pause Young (Allocation Failure) 13M->9M(15M) 0.416ms
[205.966s][info][gc] GC(10379) Pause Young (Allocation Failure) 13M->9M(15M) 0.458ms
[205.971s][info][gc] GC(10380) Pause Young (Allocation Failure) 13M->9M(15M) 0.788ms
[205.976s][info][gc] GC(10381) Pause Young (Allocation Failure) 13M->9M(15M) 0.480ms
[205.982s][info][gc] GC(10382) Pause Young (Allocation Failure) 13M->9M(15M) 0.485ms
[205.988s][info][gc] GC(10383) Pause Young (Allocation Failure) 13M->9M(15M) 0.522ms
[205.994s][info][gc] GC(10384) Pause Young (Allocation Failure) 13M->9M(15M) 0.497ms
[206.000s][info][gc] GC(10385) Pause Young (Allocation Failure) 13M->9M(15M) 0.555ms
[206.006s][info][gc] GC(10386) Pause Young (Allocation Failure) 13M->9M(15M) 0.498ms
[206.012s][info][gc] GC(10387) Pause Young (Allocation Failure) 13M->9M(15M) 0.565ms
[206.017s][info][gc] GC(10388) Pause Young (Allocation Failure) 13M->9M(15M) 0.517ms
[206.022s][info][gc] GC(10389) Pause Young (Allocation Failure) 13M->9M(15M) 0.543ms
[206.029s][info][gc] GC(10390) Pause Young (Allocation Failure) 13M->9M(15M) 0.594ms
[206.034s][info][gc] GC(10391) Pause Young (Allocation Failure) 13M->9M(15M) 0.566ms
[206.041s][info][gc] GC(10392) Pause Young (Allocation Failure) 13M->9M(15M) 0.669ms
[206.047s][info][gc] GC(10393) Pause Young (Allocation Failure) 13M->9M(15M) 0.573ms
[206.053s][info][gc] GC(10394) Pause Young (Allocation Failure) 13M->9M(15M) 0.656ms
[206.059s][info][gc] GC(10395) Pause Young (Allocation Failure) 13M->9M(15M) 0.646ms
[206.068s][info][gc] GC(10396) Pause Young (Allocation Failure) 13M->9M(15M) 0.685ms
[206.074s][info][gc] GC(10397) Pause Young (Allocation Failure) 13M->9M(15M) 0.607ms
[206.080s][info][gc] GC(10398) Pause Young (Allocation Failure) 13M->9M(15M) 0.375ms
[206.085s][info][gc] GC(10399) Pause Young (Allocation Failure) 13M->9M(15M) 0.679ms
[206.096s][info][gc] GC(10400) Pause Young (Allocation Failure) 13M->9M(15M) 0.457ms
[206.102s][info][gc] GC(10401) Pause Young (Allocation Failure) 13M->9M(15M) 0.511ms
[206.109s][info][gc] GC(10402) Pause Young (Allocation Failure) 13M->9M(15M) 0.564ms
[206.114s][info][gc] GC(10403) Pause Young (Allocation Failure) 13M->9M(15M) 0.533ms
[206.123s][info][gc] GC(10404) Pause Young (Allocation Failure) 13M->9M(15M) 0.498ms
[206.128s][info][gc] GC(10405) Pause Young (Allocation Failure) 13M->9M(15M) 0.511ms
[206.136s][info][gc] GC(10406) Pause Young (Allocation Failure) 13M->9M(15M) 0.819ms
[206.143s][info][gc] GC(10407) Pause Young (Allocation Failure) 13M->9M(15M) 0.544ms
[206.150s][info][gc] GC(10408) Pause Young (Allocation Failure) 13M->9M(15M) 0.562ms
[206.155s][info][gc] GC(10409) Pause Young (Allocation Failure) 13M->9M(15M) 0.603ms
[206.162s][info][gc] GC(10410) Pause Young (Allocation Failure) 13M->9M(15M) 0.743ms
[206.168s][info][gc] GC(10411) Pause Young (Allocation Failure) 13M->9M(15M) 0.610ms
[206.176s][info][gc] GC(10412) Pause Young (Allocation Failure) 13M->9M(15M) 0.577ms
[206.181s][info][gc] GC(10413) Pause Young (Allocation Failure) 13M->9M(15M) 0.575ms
[206.189s][info][gc] GC(10414) Pause Young (Allocation Failure) 13M->9M(15M) 0.742ms
[206.195s][info][gc] GC(10415) Pause Young (Allocation Failure) 13M->9M(15M) 0.667ms
[206.204s][info][gc] GC(10416) Pause Young (Allocation Failure) 13M->9M(15M) 0.743ms
[206.213s][info][gc] GC(10417) Pause Young (Allocation Failure) 13M->9M(15M) 0.516ms
[206.219s][info][gc] GC(10418) Pause Young (Allocation Failure) 13M->9M(15M) 0.474ms
[206.227s][info][gc] GC(10419) Pause Young (Allocation Failure) 13M->9M(15M) 0.773ms
[206.234s][info][gc] GC(10420) Pause Young (Allocation Failure) 13M->9M(15M) 0.586ms
[206.243s][info][gc] GC(10421) Pause Young (Allocation Failure) 13M->9M(15M) 0.657ms
[206.251s][info][gc] GC(10422) Pause Young (Allocation Failure) 13M->9M(15M) 0.880ms
[206.258s][info][gc] GC(10423) Pause Young (Allocation Failure) 13M->9M(15M) 0.502ms
[206.264s][info][gc] GC(10424) Pause Young (Allocation Failure) 13M->9M(15M) 0.966ms
[206.271s][info][gc] GC(10425) Pause Young (Allocation Failure) 13M->9M(15M) 0.575ms
[206.276s][info][gc] GC(10426) Pause Young (Allocation Failure) 13M->9M(15M) 0.565ms
[206.284s][info][gc] GC(10427) Pause Young (Allocation Failure) 13M->9M(15M) 0.615ms
[206.294s][info][gc] GC(10428) Pause Young (Allocation Failure) 13M->9M(15M) 0.686ms
[206.300s][info][gc] GC(10429) Pause Young (Allocation Failure) 13M->9M(15M) 0.632ms
[206.309s][info][gc] GC(10430) Pause Young (Allocation Failure) 13M->9M(15M) 1.105ms
[206.314s][info][gc] GC(10431) Pause Young (Allocation Failure) 13M->9M(15M) 0.645ms
[206.323s][info][gc] GC(10432) Pause Young (Allocation Failure) 13M->9M(15M) 0.619ms
[206.328s][info][gc] GC(10433) Pause Young (Allocation Failure) 13M->9M(15M) 0.590ms
[206.335s][info][gc] GC(10434) Pause Young (Allocation Failure) 13M->9M(15M) 0.632ms
[206.340s][info][gc] GC(10435) Pause Young (Allocation Failure) 13M->9M(15M) 0.836ms
[206.348s][info][gc] GC(10436) Pause Young (Allocation Failure) 13M->9M(15M) 0.617ms
[206.354s][info][gc] GC(10437) Pause Young (Allocation Failure) 13M->9M(15M) 0.865ms
[206.361s][info][gc] GC(10438) Pause Young (Allocation Failure) 13M->9M(15M) 0.618ms
[206.366s][info][gc] GC(10439) Pause Young (Allocation Failure) 13M->9M(15M) 0.632ms
[206.373s][info][gc] GC(10440) Pause Young (Allocation Failure) 13M->9M(15M) 0.683ms
[206.378s][info][gc] GC(10441) Pause Young (Allocation Failure) 13M->9M(15M) 0.660ms
[206.386s][info][gc] GC(10442) Pause Young (Allocation Failure) 13M->9M(15M) 0.780ms
[206.394s][info][gc] GC(10443) Pause Young (Allocation Failure) 13M->9M(15M) 0.475ms
[206.402s][info][gc] GC(10444) Pause Young (Allocation Failure) 13M->9M(15M) 0.527ms
[206.410s][info][gc] GC(10445) Pause Young (Allocation Failure) 13M->9M(15M) 0.670ms
[206.416s][info][gc] GC(10446) Pause Young (Allocation Failure) 13M->9M(15M) 0.757ms
[206.422s][info][gc] GC(10447) Pause Young (Allocation Failure) 13M->9M(15M) 0.793ms
[206.430s][info][gc] GC(10448) Pause Young (Allocation Failure) 13M->9M(15M) 0.630ms
[206.435s][info][gc] GC(10449) Pause Young (Allocation Failure) 13M->9M(15M) 0.592ms
[206.442s][info][gc] GC(10450) Pause Young (Allocation Failure) 13M->9M(15M) 0.562ms
[206.448s][info][gc] GC(10451) Pause Young (Allocation Failure) 13M->9M(15M) 0.576ms
[206.455s][info][gc] GC(10452) Pause Young (Allocation Failure) 13M->9M(15M) 0.590ms
[206.460s][info][gc] GC(10453) Pause Young (Allocation Failure) 13M->9M(15M) 0.739ms
[206.469s][info][gc] GC(10454) Pause Young (Allocation Failure) 13M->9M(15M) 0.757ms
[206.474s][info][gc] GC(10455) Pause Young (Allocation Failure) 13M->9M(15M) 0.622ms
[206.481s][info][gc] GC(10456) Pause Young (Allocation Failure) 13M->9M(15M) 0.606ms
[206.487s][info][gc] GC(10457) Pause Young (Allocation Failure) 13M->9M(15M) 0.602ms
[206.494s][info][gc] GC(10458) Pause Young (Allocation Failure) 13M->9M(15M) 0.431ms
[206.499s][info][gc] GC(10459) Pause Young (Allocation Failure) 13M->9M(15M) 0.695ms
[206.507s][info][gc] GC(10460) Pause Young (Allocation Failure) 13M->9M(15M) 0.717ms
[206.514s][info][gc] GC(10461) Pause Young (Allocation Failure) 13M->9M(15M) 0.459ms
[206.522s][info][gc] GC(10462) Pause Young (Allocation Failure) 13M->9M(15M) 0.497ms
[206.529s][info][gc] GC(10463) Pause Young (Allocation Failure) 13M->9M(15M) 0.765ms
[206.537s][info][gc] GC(10464) Pause Young (Allocation Failure) 13M->9M(15M) 0.583ms
[206.543s][info][gc] GC(10465) Pause Young (Allocation Failure) 13M->9M(15M) 0.492ms
[206.550s][info][gc] GC(10466) Pause Young (Allocation Failure) 13M->9M(15M) 0.498ms
[206.555s][info][gc] GC(10467) Pause Young (Allocation Failure) 13M->9M(15M) 0.724ms
[206.561s][info][gc] GC(10468) Pause Young (Allocation Failure) 13M->9M(15M) 0.541ms
[206.567s][info][gc] GC(10469) Pause Young (Allocation Failure) 13M->9M(15M) 0.530ms
[206.575s][info][gc] GC(10470) Pause Young (Allocation Failure) 13M->9M(15M) 0.554ms
[206.580s][info][gc] GC(10471) Pause Young (Allocation Failure) 13M->9M(15M) 0.815ms
[206.588s][info][gc] GC(10472) Pause Young (Allocation Failure) 13M->9M(15M) 0.594ms
[206.593s][info][gc] GC(10473) Pause Young (Allocation Failure) 13M->9M(15M) 0.588ms
[206.601s][info][gc] GC(10474) Pause Young (Allocation Failure) 13M->9M(15M) 0.862ms
[206.607s][info][gc] GC(10475) Pause Young (Allocation Failure) 13M->9M(15M) 0.646ms
[206.615s][info][gc] GC(10476) Pause Young (Allocation Failure) 13M->9M(15M) 0.918ms
[206.623s][info][gc] GC(10477) Pause Young (Allocation Failure) 13M->9M(15M) 0.887ms
[206.631s][info][gc] GC(10478) Pause Young (Allocation Failure) 13M->9M(15M) 0.609ms
[206.636s][info][gc] GC(10479) Pause Young (Allocation Failure) 13M->9M(15M) 0.457ms
[206.644s][info][gc] GC(10480) Pause Young (Allocation Failure) 13M->9M(15M) 0.633ms
[206.653s][info][gc] GC(10481) Pause Young (Allocation Failure) 13M->9M(15M) 0.664ms
[206.661s][info][gc] GC(10482) Pause Young (Allocation Failure) 13M->9M(15M) 0.435ms
[206.670s][info][gc] GC(10483) Pause Young (Allocation Failure) 13M->9M(15M) 0.682ms
[206.681s][info][gc] GC(10484) Pause Young (Allocation Failure) 13M->9M(15M) 0.675ms
[206.689s][info][gc] GC(10485) Pause Young (Allocation Failure) 13M->9M(15M) 0.689ms
[206.696s][info][gc] GC(10486) Pause Young (Allocation Failure) 13M->9M(15M) 0.500ms
[206.703s][info][gc] GC(10487) Pause Young (Allocation Failure) 13M->9M(15M) 0.661ms
[206.711s][info][gc] GC(10488) Pause Young (Allocation Failure) 13M->9M(15M) 0.735ms
[206.718s][info][gc] GC(10489) Pause Young (Allocation Failure) 13M->9M(15M) 0.892ms
[206.724s][info][gc] GC(10490) Pause Young (Allocation Failure) 13M->9M(15M) 0.743ms
[206.730s][info][gc] GC(10491) Pause Young (Allocation Failure) 13M->9M(15M) 0.739ms
[206.739s][info][gc] GC(10492) Pause Young (Allocation Failure) 13M->9M(15M) 0.543ms
[206.746s][info][gc] GC(10493) Pause Young (Allocation Failure) 13M->9M(15M) 0.941ms
[206.752s][info][gc] GC(10494) Pause Young (Allocation Failure) 13M->9M(15M) 0.555ms
[206.761s][info][gc] GC(10495) Pause Young (Allocation Failure) 13M->9M(15M) 0.758ms
[206.766s][info][gc] GC(10496) Pause Young (Allocation Failure) 13M->9M(15M) 0.582ms
[206.772s][info][gc] GC(10497) Pause Young (Allocation Failure) 13M->9M(15M) 1.006ms
[206.779s][info][gc] GC(10498) Pause Young (Allocation Failure) 13M->9M(15M) 0.579ms
[206.787s][info][gc] GC(10499) Pause Young (Allocation Failure) 13M->9M(15M) 0.609ms
[206.793s][info][gc] GC(10500) Pause Young (Allocation Failure) 13M->9M(15M) 0.854ms
[206.798s][info][gc] GC(10501) Pause Young (Allocation Failure) 13M->9M(15M) 0.594ms
[206.805s][info][gc] GC(10502) Pause Young (Allocation Failure) 13M->9M(15M) 0.449ms
[206.809s][info][gc] GC(10503) Pause Young (Allocation Failure) 13M->9M(15M) 0.483ms
[206.816s][info][gc] GC(10504) Pause Young (Allocation Failure) 13M->9M(15M) 0.481ms
[206.823s][info][gc] GC(10505) Pause Young (Allocation Failure) 13M->9M(15M) 0.714ms
[206.831s][info][gc] GC(10506) Pause Young (Allocation Failure) 13M->9M(15M) 0.466ms
[206.836s][info][gc] GC(10507) Pause Young (Allocation Failure) 13M->9M(15M) 0.573ms
[206.845s][info][gc] GC(10508) Pause Young (Allocation Failure) 13M->9M(15M) 0.497ms
[206.854s][info][gc] GC(10509) Pause Young (Allocation Failure) 13M->9M(15M) 0.755ms
[206.860s][info][gc] GC(10510) Pause Young (Allocation Failure) 13M->9M(15M) 0.766ms
[206.869s][info][gc] GC(10511) Pause Young (Allocation Failure) 13M->9M(15M) 0.580ms
[206.879s][info][gc] GC(10512) Pause Young (Allocation Failure) 13M->9M(15M) 0.983ms
[206.886s][info][gc] GC(10513) Pause Young (Allocation Failure) 13M->9M(15M) 0.514ms
[206.894s][info][gc] GC(10514) Pause Young (Allocation Failure) 13M->9M(15M) 0.865ms
[206.901s][info][gc] GC(10515) Pause Young (Allocation Failure) 13M->9M(15M) 0.782ms
[206.911s][info][gc] GC(10516) Pause Young (Allocation Failure) 13M->9M(15M) 0.538ms
[206.920s][info][gc] GC(10517) Pause Young (Allocation Failure) 13M->9M(15M) 0.962ms
[206.925s][info][gc] GC(10518) Pause Young (Allocation Failure) 13M->9M(15M) 0.722ms
[206.934s][info][gc] GC(10519) Pause Young (Allocation Failure) 13M->9M(15M) 0.720ms
[206.940s][info][gc] GC(10520) Pause Young (Allocation Failure) 13M->9M(15M) 0.812ms
[206.947s][info][gc] GC(10521) Pause Young (Allocation Failure) 13M->9M(15M) 0.640ms
[206.953s][info][gc] GC(10522) Pause Young (Allocation Failure) 13M->9M(15M) 0.571ms
[206.958s][info][gc] GC(10523) Pause Young (Allocation Failure) 13M->9M(15M) 0.897ms
[206.964s][info][gc] GC(10524) Pause Young (Allocation Failure) 13M->9M(15M) 0.658ms
[206.970s][info][gc] GC(10525) Pause Young (Allocation Failure) 13M->9M(15M) 0.607ms
[206.976s][info][gc] GC(10526) Pause Young (Allocation Failure) 13M->9M(15M) 0.456ms
[206.981s][info][gc] GC(10527) Pause Young (Allocation Failure) 13M->9M(15M) 0.424ms
[206.987s][info][gc] GC(10528) Pause Young (Allocation Failure) 13M->9M(15M) 0.487ms
[206.993s][info][gc] GC(10529) Pause Young (Allocation Failure) 13M->9M(15M) 0.467ms
[206.999s][info][gc] GC(10530) Pause Young (Allocation Failure) 13M->9M(15M) 0.857ms
[207.004s][info][gc] GC(10531) Pause Young (Allocation Failure) 13M->9M(15M) 0.519ms
[207.009s][info][gc] GC(10532) Pause Young (Allocation Failure) 13M->9M(15M) 0.586ms
[207.016s][info][gc] GC(10533) Pause Young (Allocation Failure) 13M->9M(15M) 0.528ms
[207.021s][info][gc] GC(10534) Pause Young (Allocation Failure) 13M->9M(15M) 0.524ms
[207.028s][info][gc] GC(10535) Pause Young (Allocation Failure) 13M->9M(15M) 0.580ms
[207.033s][info][gc] GC(10536) Pause Young (Allocation Failure) 13M->9M(15M) 0.590ms
[207.040s][info][gc] GC(10537) Pause Young (Allocation Failure) 13M->9M(15M) 1.129ms
[207.046s][info][gc] GC(10538) Pause Young (Allocation Failure) 13M->9M(15M) 0.626ms
[207.051s][info][gc] GC(10539) Pause Young (Allocation Failure) 13M->9M(15M) 0.777ms
[207.057s][info][gc] GC(10540) Pause Young (Allocation Failure) 13M->9M(15M) 0.614ms
[207.062s][info][gc] GC(10541) Pause Young (Allocation Failure) 13M->9M(15M) 0.569ms
[207.069s][info][gc] GC(10542) Pause Young (Allocation Failure) 13M->9M(15M) 0.722ms
[207.075s][info][gc] GC(10543) Pause Young (Allocation Failure) 13M->9M(15M) 0.708ms
[207.083s][info][gc] GC(10544) Pause Young (Allocation Failure) 13M->9M(15M) 0.958ms
[207.091s][info][gc] GC(10545) Pause Young (Allocation Failure) 13M->9M(15M) 0.808ms
[207.097s][info][gc] GC(10546) Pause Young (Allocation Failure) 13M->9M(15M) 0.421ms
[207.102s][info][gc] GC(10547) Pause Young (Allocation Failure) 13M->9M(15M) 0.432ms
[207.110s][info][gc] GC(10548) Pause Young (Allocation Failure) 13M->9M(15M) 0.436ms
[207.115s][info][gc] GC(10549) Pause Young (Allocation Failure) 13M->9M(15M) 0.439ms
[207.122s][info][gc] GC(10550) Pause Young (Allocation Failure) 13M->9M(15M) 0.651ms
[207.129s][info][gc] GC(10551) Pause Young (Allocation Failure) 13M->9M(15M) 0.735ms
[207.137s][info][gc] GC(10552) Pause Young (Allocation Failure) 13M->9M(15M) 0.848ms
[207.143s][info][gc] GC(10553) Pause Young (Allocation Failure) 13M->9M(15M) 0.560ms
[207.151s][info][gc] GC(10554) Pause Young (Allocation Failure) 13M->9M(15M) 0.945ms
[207.159s][info][gc] GC(10555) Pause Young (Allocation Failure) 13M->9M(15M) 0.950ms
[207.165s][info][gc] GC(10556) Pause Young (Allocation Failure) 13M->9M(15M) 0.590ms
[207.171s][info][gc] GC(10557) Pause Young (Allocation Failure) 13M->9M(15M) 1.092ms
[207.182s][info][gc] GC(10558) Pause Young (Allocation Failure) 13M->9M(15M) 0.986ms
[207.190s][info][gc] GC(10559) Pause Young (Allocation Failure) 13M->9M(15M) 0.904ms
[207.197s][info][gc] GC(10560) Pause Young (Allocation Failure) 13M->9M(15M) 0.685ms
[207.204s][info][gc] GC(10561) Pause Young (Allocation Failure) 13M->9M(15M) 0.626ms
[207.209s][info][gc] GC(10562) Pause Young (Allocation Failure) 13M->9M(15M) 0.602ms
[207.217s][info][gc] GC(10563) Pause Young (Allocation Failure) 13M->9M(15M) 0.670ms
[207.223s][info][gc] GC(10564) Pause Young (Allocation Failure) 13M->9M(15M) 0.894ms
[207.232s][info][gc] GC(10565) Pause Young (Allocation Failure) 13M->9M(15M) 0.925ms
[207.240s][info][gc] GC(10566) Pause Young (Allocation Failure) 13M->9M(15M) 1.051ms
[207.248s][info][gc] GC(10567) Pause Young (Allocation Failure) 13M->9M(15M) 1.016ms
[207.257s][info][gc] GC(10568) Pause Young (Allocation Failure) 13M->9M(15M) 0.846ms
[207.267s][info][gc] GC(10569) Pause Young (Allocation Failure) 13M->9M(15M) 0.902ms
[207.274s][info][gc] GC(10570) Pause Young (Allocation Failure) 13M->9M(15M) 0.643ms
[207.283s][info][gc] GC(10571) Pause Young (Allocation Failure) 13M->9M(15M) 0.669ms
[207.290s][info][gc] GC(10572) Pause Young (Allocation Failure) 13M->9M(15M) 0.750ms
[207.301s][info][gc] GC(10573) Pause Young (Allocation Failure) 13M->9M(15M) 0.668ms
[207.310s][info][gc] GC(10574) Pause Young (Allocation Failure) 13M->9M(15M) 0.811ms
[207.319s][info][gc] GC(10575) Pause Young (Allocation Failure) 13M->9M(15M) 1.216ms
[207.328s][info][gc] GC(10576) Pause Young (Allocation Failure) 13M->9M(15M) 0.933ms
[207.338s][info][gc] GC(10577) Pause Young (Allocation Failure) 13M->9M(15M) 0.947ms
[207.350s][info][gc] GC(10578) Pause Young (Allocation Failure) 13M->9M(15M) 0.788ms
[207.356s][info][gc] GC(10579) Pause Young (Allocation Failure) 13M->9M(15M) 0.831ms
[207.365s][info][gc] GC(10580) Pause Young (Allocation Failure) 13M->9M(15M) 0.836ms
[207.372s][info][gc] GC(10581) Pause Young (Allocation Failure) 13M->9M(15M) 1.071ms
[207.382s][info][gc] GC(10582) Pause Young (Allocation Failure) 13M->9M(15M) 0.648ms
[207.390s][info][gc] GC(10583) Pause Young (Allocation Failure) 13M->9M(15M) 0.681ms
[207.396s][info][gc] GC(10584) Pause Young (Allocation Failure) 13M->9M(15M) 0.699ms
[207.405s][info][gc] GC(10585) Pause Young (Allocation Failure) 13M->9M(15M) 0.900ms
[207.411s][info][gc] GC(10586) Pause Young (Allocation Failure) 13M->9M(15M) 0.722ms
[207.418s][info][gc] GC(10587) Pause Young (Allocation Failure) 13M->9M(15M) 0.959ms
[207.423s][info][gc] GC(10588) Pause Young (Allocation Failure) 13M->9M(15M) 0.654ms
[207.431s][info][gc] GC(10589) Pause Young (Allocation Failure) 13M->9M(15M) 0.722ms
[207.438s][info][gc] GC(10590) Pause Young (Allocation Failure) 13M->9M(15M) 0.493ms
[207.445s][info][gc] GC(10591) Pause Young (Allocation Failure) 13M->9M(15M) 0.464ms
[207.451s][info][gc] GC(10592) Pause Young (Allocation Failure) 13M->9M(15M) 1.021ms
[207.458s][info][gc] GC(10593) Pause Young (Allocation Failure) 13M->9M(15M) 0.512ms
[207.464s][info][gc] GC(10594) Pause Young (Allocation Failure) 13M->9M(15M) 0.766ms
[207.472s][info][gc] GC(10595) Pause Young (Allocation Failure) 13M->9M(15M) 0.499ms
[207.477s][info][gc] GC(10596) Pause Young (Allocation Failure) 13M->9M(15M) 0.524ms
[207.485s][info][gc] GC(10597) Pause Young (Allocation Failure) 13M->9M(15M) 0.578ms
[207.491s][info][gc] GC(10598) Pause Young (Allocation Failure) 13M->9M(15M) 0.717ms
[207.499s][info][gc] GC(10599) Pause Young (Allocation Failure) 13M->9M(15M) 0.693ms
[207.505s][info][gc] GC(10600) Pause Young (Allocation Failure) 13M->9M(15M) 0.779ms
[207.515s][info][gc] GC(10601) Pause Young (Allocation Failure) 13M->9M(15M) 0.987ms
[207.523s][info][gc] GC(10602) Pause Young (Allocation Failure) 13M->9M(15M) 0.769ms
[207.530s][info][gc] GC(10603) Pause Young (Allocation Failure) 13M->9M(15M) 0.653ms
[207.537s][info][gc] GC(10604) Pause Young (Allocation Failure) 13M->9M(15M) 0.613ms
[207.545s][info][gc] GC(10605) Pause Young (Allocation Failure) 13M->9M(15M) 1.068ms
[207.553s][info][gc] GC(10606) Pause Young (Allocation Failure) 13M->9M(15M) 0.694ms
[207.558s][info][gc] GC(10607) Pause Young (Allocation Failure) 13M->9M(15M) 0.873ms
[207.566s][info][gc] GC(10608) Pause Young (Allocation Failure) 13M->9M(15M) 0.738ms
[207.572s][info][gc] GC(10609) Pause Young (Allocation Failure) 13M->9M(15M) 1.063ms
[207.579s][info][gc] GC(10610) Pause Young (Allocation Failure) 13M->9M(15M) 0.665ms
[207.584s][info][gc] GC(10611) Pause Young (Allocation Failure) 13M->9M(15M) 0.426ms
[207.590s][info][gc] GC(10612) Pause Young (Allocation Failure) 13M->9M(15M) 0.573ms
[207.596s][info][gc] GC(10613) Pause Young (Allocation Failure) 13M->9M(15M) 0.543ms
[207.602s][info][gc] GC(10614) Pause Young (Allocation Failure) 13M->9M(15M) 0.519ms
[207.609s][info][gc] GC(10615) Pause Young (Allocation Failure) 13M->9M(15M) 0.506ms
[207.615s][info][gc] GC(10616) Pause Young (Allocation Failure) 13M->9M(15M) 0.479ms
[207.620s][info][gc] GC(10617) Pause Young (Allocation Failure) 13M->9M(15M) 0.467ms
[207.626s][info][gc] GC(10618) Pause Young (Allocation Failure) 13M->9M(15M) 0.814ms
[207.632s][info][gc] GC(10619) Pause Young (Allocation Failure) 13M->9M(15M) 0.506ms
[207.637s][info][gc] GC(10620) Pause Young (Allocation Failure) 13M->9M(15M) 0.500ms
[207.645s][info][gc] GC(10621) Pause Young (Allocation Failure) 13M->9M(15M) 0.824ms
[207.650s][info][gc] GC(10622) Pause Young (Allocation Failure) 13M->9M(15M) 0.604ms
[207.657s][info][gc] GC(10623) Pause Young (Allocation Failure) 13M->9M(15M) 0.588ms
[207.662s][info][gc] GC(10624) Pause Young (Allocation Failure) 13M->9M(15M) 0.675ms
[207.669s][info][gc] GC(10625) Pause Young (Allocation Failure) 13M->9M(15M) 0.752ms
[207.675s][info][gc] GC(10626) Pause Young (Allocation Failure) 13M->9M(15M) 0.619ms
[207.682s][info][gc] GC(10627) Pause Young (Allocation Failure) 13M->9M(15M) 1.344ms
[207.691s][info][gc] GC(10628) Pause Young (Allocation Failure) 13M->9M(15M) 0.917ms
[207.702s][info][gc] GC(10629) Pause Young (Allocation Failure) 13M->9M(15M) 0.876ms
[207.709s][info][gc] GC(10630) Pause Young (Allocation Failure) 13M->9M(15M) 0.986ms
[207.715s][info][gc] GC(10631) Pause Young (Allocation Failure) 13M->9M(15M) 0.760ms
[207.722s][info][gc] GC(10632) Pause Young (Allocation Failure) 13M->9M(15M) 0.479ms
[207.727s][info][gc] GC(10633) Pause Young (Allocation Failure) 13M->9M(15M) 0.436ms
[207.735s][info][gc] GC(10634) Pause Young (Allocation Failure) 13M->9M(15M) 0.626ms
[207.740s][info][gc] GC(10635) Pause Young (Allocation Failure) 13M->9M(15M) 0.530ms
[207.746s][info][gc] GC(10636) Pause Young (Allocation Failure) 13M->9M(15M) 0.933ms
[207.752s][info][gc] GC(10637) Pause Young (Allocation Failure) 13M->9M(15M) 0.534ms
[207.757s][info][gc] GC(10638) Pause Young (Allocation Failure) 13M->9M(15M) 0.752ms
[207.764s][info][gc] GC(10639) Pause Young (Allocation Failure) 13M->9M(15M) 0.531ms
[207.770s][info][gc] GC(10640) Pause Young (Allocation Failure) 13M->9M(15M) 0.619ms
[207.777s][info][gc] GC(10641) Pause Young (Allocation Failure) 13M->9M(15M) 0.706ms
[207.782s][info][gc] GC(10642) Pause Young (Allocation Failure) 13M->9M(15M) 0.570ms
[207.788s][info][gc] GC(10643) Pause Young (Allocation Failure) 13M->9M(15M) 0.602ms
[207.794s][info][gc] GC(10644) Pause Young (Allocation Failure) 13M->9M(15M) 0.587ms
[207.801s][info][gc] GC(10645) Pause Young (Allocation Failure) 13M->9M(15M) 1.120ms
[207.807s][info][gc] GC(10646) Pause Young (Allocation Failure) 13M->9M(15M) 1.218ms
[207.814s][info][gc] GC(10647) Pause Young (Allocation Failure) 13M->9M(15M) 1.112ms
[207.820s][info][gc] GC(10648) Pause Young (Allocation Failure) 13M->9M(15M) 0.982ms
[207.825s][info][gc] GC(10649) Pause Young (Allocation Failure) 13M->9M(15M) 0.636ms
[207.832s][info][gc] GC(10650) Pause Young (Allocation Failure) 13M->9M(15M) 0.634ms
[207.837s][info][gc] GC(10651) Pause Young (Allocation Failure) 13M->9M(15M) 0.660ms
[207.845s][info][gc] GC(10652) Pause Young (Allocation Failure) 13M->9M(15M) 0.621ms
[207.851s][info][gc] GC(10653) Pause Young (Allocation Failure) 13M->9M(15M) 0.815ms
[207.859s][info][gc] GC(10654) Pause Young (Allocation Failure) 13M->9M(15M) 1.333ms
[207.869s][info][gc] GC(10655) Pause Young (Allocation Failure) 13M->9M(15M) 0.959ms
[207.877s][info][gc] GC(10656) Pause Young (Allocation Failure) 13M->9M(15M) 0.819ms
[207.888s][info][gc] GC(10657) Pause Young (Allocation Failure) 13M->9M(15M) 0.690ms
[207.899s][info][gc] GC(10658) Pause Young (Allocation Failure) 13M->9M(15M) 1.004ms
[207.908s][info][gc] GC(10659) Pause Young (Allocation Failure) 13M->9M(15M) 0.728ms
[207.915s][info][gc] GC(10660) Pause Young (Allocation Failure) 13M->9M(15M) 0.664ms
[207.923s][info][gc] GC(10661) Pause Young (Allocation Failure) 13M->9M(15M) 0.784ms
[207.928s][info][gc] GC(10662) Pause Young (Allocation Failure) 13M->9M(15M) 0.468ms
[207.936s][info][gc] GC(10663) Pause Young (Allocation Failure) 13M->9M(15M) 0.790ms
[207.941s][info][gc] GC(10664) Pause Young (Allocation Failure) 13M->9M(15M) 0.552ms
[207.948s][info][gc] GC(10665) Pause Young (Allocation Failure) 13M->9M(15M) 0.514ms
[207.953s][info][gc] GC(10666) Pause Young (Allocation Failure) 13M->9M(15M) 0.566ms
[207.958s][info][gc] GC(10667) Pause Young (Allocation Failure) 13M->9M(15M) 0.563ms
[207.965s][info][gc] GC(10668) Pause Young (Allocation Failure) 13M->9M(15M) 0.593ms
[207.971s][info][gc] GC(10669) Pause Young (Allocation Failure) 13M->9M(15M) 0.632ms
[207.978s][info][gc] GC(10670) Pause Young (Allocation Failure) 13M->9M(15M) 0.572ms
[207.984s][info][gc] GC(10671) Pause Young (Allocation Failure) 13M->9M(15M) 0.622ms
[207.992s][info][gc] GC(10672) Pause Young (Allocation Failure) 13M->9M(15M) 0.611ms
[207.998s][info][gc] GC(10673) Pause Young (Allocation Failure) 13M->9M(15M) 0.594ms
[208.006s][info][gc] GC(10674) Pause Young (Allocation Failure) 13M->9M(15M) 0.642ms
[208.011s][info][gc] GC(10675) Pause Young (Allocation Failure) 13M->9M(15M) 0.960ms
[208.018s][info][gc] GC(10676) Pause Young (Allocation Failure) 13M->9M(15M) 0.612ms
[208.024s][info][gc] GC(10677) Pause Young (Allocation Failure) 13M->9M(15M) 0.634ms
[208.030s][info][gc] GC(10678) Pause Young (Allocation Failure) 13M->9M(15M) 0.461ms
[208.036s][info][gc] GC(10679) Pause Young (Allocation Failure) 13M->9M(15M) 0.444ms
[208.042s][info][gc] GC(10680) Pause Young (Allocation Failure) 13M->9M(15M) 0.446ms
[208.049s][info][gc] GC(10681) Pause Young (Allocation Failure) 13M->9M(15M) 0.506ms
[208.056s][info][gc] GC(10682) Pause Young (Allocation Failure) 13M->9M(15M) 0.734ms
[208.065s][info][gc] GC(10683) Pause Young (Allocation Failure) 13M->9M(15M) 0.486ms
[208.073s][info][gc] GC(10684) Pause Young (Allocation Failure) 13M->9M(15M) 0.507ms
[208.081s][info][gc] GC(10685) Pause Young (Allocation Failure) 13M->9M(15M) 0.868ms
[208.088s][info][gc] GC(10686) Pause Young (Allocation Failure) 13M->9M(15M) 0.533ms
[208.097s][info][gc] GC(10687) Pause Young (Allocation Failure) 13M->9M(15M) 0.737ms
[208.103s][info][gc] GC(10688) Pause Young (Allocation Failure) 13M->9M(15M) 1.001ms
[208.112s][info][gc] GC(10689) Pause Young (Allocation Failure) 13M->9M(15M) 0.935ms
[208.121s][info][gc] GC(10690) Pause Young (Allocation Failure) 13M->9M(15M) 1.137ms
[208.126s][info][gc] GC(10691) Pause Young (Allocation Failure) 13M->9M(15M) 0.616ms
[208.133s][info][gc] GC(10692) Pause Young (Allocation Failure) 13M->9M(15M) 1.557ms
[208.141s][info][gc] GC(10693) Pause Young (Allocation Failure) 13M->9M(15M) 0.674ms
[208.149s][info][gc] GC(10694) Pause Young (Allocation Failure) 13M->9M(15M) 0.962ms
[208.154s][info][gc] GC(10695) Pause Young (Allocation Failure) 13M->9M(15M) 0.655ms
[208.161s][info][gc] GC(10696) Pause Young (Allocation Failure) 13M->9M(15M) 0.701ms
[208.167s][info][gc] GC(10697) Pause Young (Allocation Failure) 13M->9M(15M) 0.427ms
[208.172s][info][gc] GC(10698) Pause Young (Allocation Failure) 13M->9M(15M) 0.619ms
[208.178s][info][gc] GC(10699) Pause Young (Allocation Failure) 13M->9M(15M) 0.511ms
[208.183s][info][gc] GC(10700) Pause Young (Allocation Failure) 13M->9M(15M) 0.515ms
[208.192s][info][gc] GC(10701) Pause Young (Allocation Failure) 13M->9M(15M) 0.525ms
[208.197s][info][gc] GC(10702) Pause Young (Allocation Failure) 13M->9M(15M) 0.531ms
[208.205s][info][gc] GC(10703) Pause Young (Allocation Failure) 13M->9M(15M) 0.917ms
[208.211s][info][gc] GC(10704) Pause Young (Allocation Failure) 13M->9M(15M) 0.809ms
[208.219s][info][gc] GC(10705) Pause Young (Allocation Failure) 13M->9M(15M) 0.776ms
[208.226s][info][gc] GC(10706) Pause Young (Allocation Failure) 13M->9M(15M) 0.790ms
[208.233s][info][gc] GC(10707) Pause Young (Allocation Failure) 13M->9M(15M) 1.123ms
[208.238s][info][gc] GC(10708) Pause Young (Allocation Failure) 13M->9M(15M) 0.695ms
[208.246s][info][gc] GC(10709) Pause Young (Allocation Failure) 13M->9M(15M) 0.863ms
[208.253s][info][gc] GC(10710) Pause Young (Allocation Failure) 13M->9M(15M) 1.188ms
[208.260s][info][gc] GC(10711) Pause Young (Allocation Failure) 13M->9M(15M) 0.701ms
[208.265s][info][gc] GC(10712) Pause Young (Allocation Failure) 13M->9M(15M) 0.566ms
[208.272s][info][gc] GC(10713) Pause Young (Allocation Failure) 13M->9M(15M) 0.994ms
[208.278s][info][gc] GC(10714) Pause Young (Allocation Failure) 13M->9M(15M) 0.633ms
[208.285s][info][gc] GC(10715) Pause Young (Allocation Failure) 13M->9M(15M) 0.830ms
[208.291s][info][gc] GC(10716) Pause Young (Allocation Failure) 13M->9M(15M) 0.649ms
[208.298s][info][gc] GC(10717) Pause Young (Allocation Failure) 13M->9M(15M) 0.475ms
[208.304s][info][gc] GC(10718) Pause Young (Allocation Failure) 13M->9M(15M) 0.653ms
[208.314s][info][gc] GC(10719) Pause Young (Allocation Failure) 13M->9M(15M) 0.976ms
[208.324s][info][gc] GC(10720) Pause Young (Allocation Failure) 13M->9M(15M) 0.695ms
[208.329s][info][gc] GC(10721) Pause Young (Allocation Failure) 13M->9M(15M) 0.706ms
[208.336s][info][gc] GC(10722) Pause Young (Allocation Failure) 13M->9M(15M) 0.744ms
[208.343s][info][gc] GC(10723) Pause Young (Allocation Failure) 13M->9M(15M) 0.486ms
[208.352s][info][gc] GC(10724) Pause Young (Allocation Failure) 13M->9M(15M) 0.482ms
[208.357s][info][gc] GC(10725) Pause Young (Allocation Failure) 13M->9M(15M) 0.722ms
[208.365s][info][gc] GC(10726) Pause Young (Allocation Failure) 13M->9M(15M) 0.608ms
[208.372s][info][gc] GC(10727) Pause Young (Allocation Failure) 13M->9M(15M) 0.517ms
[208.379s][info][gc] GC(10728) Pause Young (Allocation Failure) 13M->9M(15M) 0.773ms
[208.384s][info][gc] GC(10729) Pause Young (Allocation Failure) 13M->9M(15M) 0.627ms
[208.391s][info][gc] GC(10730) Pause Young (Allocation Failure) 13M->9M(15M) 0.611ms
[208.396s][info][gc] GC(10731) Pause Young (Allocation Failure) 13M->9M(15M) 0.647ms
[208.404s][info][gc] GC(10732) Pause Young (Allocation Failure) 13M->9M(15M) 0.569ms
[208.411s][info][gc] GC(10733) Pause Young (Allocation Failure) 13M->9M(15M) 0.740ms
[208.420s][info][gc] GC(10734) Pause Young (Allocation Failure) 13M->9M(15M) 0.889ms
[208.425s][info][gc] GC(10735) Pause Young (Allocation Failure) 14M->9M(15M) 0.590ms
[208.434s][info][gc] GC(10736) Pause Young (Allocation Failure) 13M->9M(15M) 0.599ms
[208.439s][info][gc] GC(10737) Pause Young (Allocation Failure) 13M->9M(15M) 0.812ms
[208.447s][info][gc] GC(10738) Pause Young (Allocation Failure) 13M->9M(15M) 0.714ms
[208.455s][info][gc] GC(10739) Pause Young (Allocation Failure) 13M->9M(15M) 0.644ms
[208.460s][info][gc] GC(10740) Pause Young (Allocation Failure) 13M->9M(15M) 0.442ms
[208.468s][info][gc] GC(10741) Pause Young (Allocation Failure) 13M->9M(15M) 0.776ms
[208.476s][info][gc] GC(10742) Pause Young (Allocation Failure) 13M->9M(15M) 0.463ms
[208.483s][info][gc] GC(10743) Pause Young (Allocation Failure) 13M->9M(15M) 0.673ms
[208.488s][info][gc] GC(10744) Pause Young (Allocation Failure) 13M->9M(15M) 0.704ms
[208.494s][info][gc] GC(10745) Pause Young (Allocation Failure) 13M->9M(15M) 0.999ms
[208.501s][info][gc] GC(10746) Pause Young (Allocation Failure) 13M->9M(15M) 0.530ms
[208.507s][info][gc] GC(10747) Pause Young (Allocation Failure) 13M->9M(15M) 0.806ms
[208.513s][info][gc] GC(10748) Pause Young (Allocation Failure) 13M->9M(15M) 0.551ms
[208.520s][info][gc] GC(10749) Pause Young (Allocation Failure) 13M->9M(15M) 0.905ms
[208.533s][info][gc] GC(10750) Pause Young (Allocation Failure) 13M->9M(15M) 0.834ms
[208.539s][info][gc] GC(10751) Pause Young (Allocation Failure) 13M->9M(15M) 0.558ms
[208.545s][info][gc] GC(10752) Pause Young (Allocation Failure) 13M->9M(15M) 0.609ms
[208.551s][info][gc] GC(10753) Pause Young (Allocation Failure) 13M->9M(15M) 0.632ms
[208.558s][info][gc] GC(10754) Pause Young (Allocation Failure) 14M->9M(15M) 0.643ms
[208.567s][info][gc] GC(10755) Pause Young (Allocation Failure) 14M->9M(15M) 0.591ms
[208.572s][info][gc] GC(10756) Pause Young (Allocation Failure) 13M->9M(15M) 0.712ms
[208.582s][info][gc] GC(10757) Pause Young (Allocation Failure) 13M->9M(15M) 0.604ms
[208.590s][info][gc] GC(10758) Pause Young (Allocation Failure) 14M->9M(15M) 0.478ms
[208.596s][info][gc] GC(10759) Pause Young (Allocation Failure) 13M->9M(15M) 0.438ms
[208.602s][info][gc] GC(10760) Pause Young (Allocation Failure) 13M->9M(15M) 0.450ms
[208.608s][info][gc] GC(10761) Pause Young (Allocation Failure) 13M->9M(15M) 0.474ms
[208.614s][info][gc] GC(10762) Pause Young (Allocation Failure) 13M->9M(15M) 0.799ms
[208.621s][info][gc] GC(10763) Pause Young (Allocation Failure) 13M->9M(15M) 0.455ms
[208.628s][info][gc] GC(10764) Pause Young (Allocation Failure) 13M->9M(15M) 0.989ms
[208.633s][info][gc] GC(10765) Pause Young (Allocation Failure) 13M->9M(15M) 0.681ms
[208.638s][info][gc] GC(10766) Pause Young (Allocation Failure) 13M->9M(15M) 0.810ms
[208.649s][info][gc] GC(10767) Pause Young (Allocation Failure) 13M->9M(15M) 0.546ms
[208.656s][info][gc] GC(10768) Pause Young (Allocation Failure) 13M->9M(15M) 0.826ms
[208.664s][info][gc] GC(10769) Pause Young (Allocation Failure) 13M->9M(15M) 0.741ms
[208.673s][info][gc] GC(10770) Pause Young (Allocation Failure) 13M->9M(15M) 0.839ms
[208.683s][info][gc] GC(10771) Pause Young (Allocation Failure) 13M->9M(15M) 0.859ms
[208.690s][info][gc] GC(10772) Pause Young (Allocation Failure) 14M->9M(15M) 0.608ms
[208.697s][info][gc] GC(10773) Pause Young (Allocation Failure) 14M->9M(15M) 0.574ms
[208.702s][info][gc] GC(10774) Pause Young (Allocation Failure) 14M->9M(15M) 0.700ms
[208.712s][info][gc] GC(10775) Pause Young (Allocation Failure) 14M->9M(15M) 0.906ms
[208.718s][info][gc] GC(10776) Pause Young (Allocation Failure) 14M->9M(15M) 0.622ms
[208.727s][info][gc] GC(10777) Pause Young (Allocation Failure) 13M->9M(15M) 0.629ms
[208.732s][info][gc] GC(10778) Pause Young (Allocation Failure) 14M->9M(15M) 0.594ms
[208.740s][info][gc] GC(10779) Pause Young (Allocation Failure) 14M->9M(15M) 0.429ms
[208.748s][info][gc] GC(10780) Pause Young (Allocation Failure) 13M->9M(15M) 0.673ms
[208.754s][info][gc] GC(10781) Pause Young (Allocation Failure) 13M->9M(15M) 0.637ms
[208.759s][info][gc] GC(10782) Pause Young (Allocation Failure) 13M->9M(15M) 0.648ms
[208.765s][info][gc] GC(10783) Pause Young (Allocation Failure) 13M->9M(15M) 0.506ms
[208.771s][info][gc] GC(10784) Pause Young (Allocation Failure) 13M->9M(15M) 0.476ms
[208.778s][info][gc] GC(10785) Pause Young (Allocation Failure) 13M->9M(15M) 0.525ms
[208.784s][info][gc] GC(10786) Pause Young (Allocation Failure) 13M->9M(15M) 0.481ms
[208.791s][info][gc] GC(10787) Pause Young (Allocation Failure) 13M->9M(15M) 0.524ms
[208.797s][info][gc] GC(10788) Pause Young (Allocation Failure) 13M->9M(15M) 0.732ms
[208.803s][info][gc] GC(10789) Pause Young (Allocation Failure) 13M->9M(15M) 0.611ms
[208.808s][info][gc] GC(10790) Pause Young (Allocation Failure) 14M->9M(15M) 0.593ms
[208.814s][info][gc] GC(10791) Pause Young (Allocation Failure) 14M->9M(15M) 1.043ms
[208.820s][info][gc] GC(10792) Pause Young (Allocation Failure) 14M->9M(15M) 0.821ms
[208.825s][info][gc] GC(10793) Pause Young (Allocation Failure) 14M->9M(15M) 0.846ms
[208.833s][info][gc] GC(10794) Pause Young (Allocation Failure) 14M->9M(15M) 0.596ms
[208.839s][info][gc] GC(10795) Pause Young (Allocation Failure) 14M->9M(15M) 0.861ms
[208.846s][info][gc] GC(10796) Pause Young (Allocation Failure) 14M->9M(15M) 0.589ms
[208.851s][info][gc] GC(10797) Pause Young (Allocation Failure) 14M->9M(15M) 0.709ms
[208.861s][info][gc] GC(10798) Pause Young (Allocation Failure) 14M->9M(15M) 0.799ms
[208.866s][info][gc] GC(10799) Pause Young (Allocation Failure) 14M->9M(15M) 0.610ms
[208.874s][info][gc] GC(10800) Pause Young (Allocation Failure) 13M->9M(15M) 0.454ms
[208.883s][info][gc] GC(10801) Pause Young (Allocation Failure) 13M->9M(15M) 0.666ms
[208.890s][info][gc] GC(10802) Pause Young (Allocation Failure) 13M->9M(15M) 0.651ms
[208.898s][info][gc] GC(10803) Pause Young (Allocation Failure) 13M->9M(15M) 0.472ms
[208.904s][info][gc] GC(10804) Pause Young (Allocation Failure) 13M->9M(15M) 0.491ms
[208.910s][info][gc] GC(10805) Pause Young (Allocation Failure) 13M->9M(15M) 0.465ms
[208.915s][info][gc] GC(10806) Pause Young (Allocation Failure) 13M->9M(15M) 0.458ms
[208.921s][info][gc] GC(10807) Pause Young (Allocation Failure) 13M->9M(15M) 0.806ms
[208.927s][info][gc] GC(10808) Pause Young (Allocation Failure) 13M->9M(15M) 0.585ms
[208.935s][info][gc] GC(10809) Pause Young (Allocation Failure) 13M->9M(15M) 0.925ms
[208.940s][info][gc] GC(10810) Pause Young (Allocation Failure) 13M->9M(15M) 0.564ms
[208.945s][info][gc] GC(10811) Pause Young (Allocation Failure) 13M->9M(15M) 0.520ms
[208.952s][info][gc] GC(10812) Pause Young (Allocation Failure) 14M->9M(15M) 0.537ms
[208.957s][info][gc] GC(10813) Pause Young (Allocation Failure) 14M->9M(15M) 0.630ms
[208.964s][info][gc] GC(10814) Pause Young (Allocation Failure) 14M->9M(15M) 0.604ms
[208.970s][info][gc] GC(10815) Pause Young (Allocation Failure) 14M->9M(15M) 0.646ms
[208.977s][info][gc] GC(10816) Pause Young (Allocation Failure) 14M->9M(15M) 0.616ms
[208.982s][info][gc] GC(10817) Pause Young (Allocation Failure) 14M->9M(15M) 0.564ms
[208.988s][info][gc] GC(10818) Pause Young (Allocation Failure) 14M->9M(15M) 1.081ms
[208.993s][info][gc] GC(10819) Pause Young (Allocation Failure) 14M->9M(15M) 0.590ms
[208.999s][info][gc] GC(10820) Pause Young (Allocation Failure) 14M->9M(15M) 0.579ms
[209.005s][info][gc] GC(10821) Pause Young (Allocation Failure) 14M->9M(15M) 0.599ms
[209.010s][info][gc] GC(10822) Pause Young (Allocation Failure) 14M->9M(15M) 0.593ms
[209.016s][info][gc] GC(10823) Pause Young (Allocation Failure) 14M->9M(15M) 0.656ms
[209.021s][info][gc] GC(10824) Pause Young (Allocation Failure) 14M->9M(15M) 0.434ms
[209.027s][info][gc] GC(10825) Pause Young (Allocation Failure) 13M->9M(15M) 0.578ms
[209.032s][info][gc] GC(10826) Pause Young (Allocation Failure) 13M->9M(15M) 0.490ms
[209.037s][info][gc] GC(10827) Pause Young (Allocation Failure) 13M->9M(15M) 0.473ms
[209.044s][info][gc] GC(10828) Pause Young (Allocation Failure) 13M->9M(15M) 0.480ms
[209.050s][info][gc] GC(10829) Pause Young (Allocation Failure) 13M->9M(15M) 0.645ms
[209.056s][info][gc] GC(10830) Pause Young (Allocation Failure) 13M->9M(15M) 0.511ms
[209.061s][info][gc] GC(10831) Pause Young (Allocation Failure) 14M->9M(15M) 0.526ms
[209.067s][info][gc] GC(10832) Pause Young (Allocation Failure) 14M->9M(15M) 0.913ms
[209.075s][info][gc] GC(10833) Pause Young (Allocation Failure) 14M->9M(15M) 1.234ms
[209.084s][info][gc] GC(10834) Pause Young (Allocation Failure) 14M->9M(15M) 0.552ms
[209.090s][info][gc] GC(10835) Pause Young (Allocation Failure) 14M->9M(15M) 0.618ms
[209.097s][info][gc] GC(10836) Pause Young (Allocation Failure) 14M->9M(15M) 0.749ms
[209.103s][info][gc] GC(10837) Pause Young (Allocation Failure) 14M->9M(15M) 0.636ms
[209.111s][info][gc] GC(10838) Pause Young (Allocation Failure) 14M->9M(15M) 0.677ms
[209.118s][info][gc] GC(10839) Pause Young (Allocation Failure) 14M->9M(15M) 0.876ms
[209.125s][info][gc] GC(10840) Pause Young (Allocation Failure) 14M->9M(15M) 0.746ms
[209.131s][info][gc] GC(10841) Pause Young (Allocation Failure) 14M->9M(15M) 0.813ms
[209.140s][info][gc] GC(10842) Pause Young (Allocation Failure) 14M->9M(15M) 0.684ms
[209.146s][info][gc] GC(10843) Pause Young (Allocation Failure) 14M->9M(15M) 0.473ms
[209.153s][info][gc] GC(10844) Pause Young (Allocation Failure) 13M->9M(15M) 0.651ms
[209.158s][info][gc] GC(10845) Pause Young (Allocation Failure) 13M->9M(15M) 0.435ms
[209.165s][info][gc] GC(10846) Pause Young (Allocation Failure) 13M->9M(15M) 0.444ms
[209.170s][info][gc] GC(10847) Pause Young (Allocation Failure) 13M->9M(15M) 0.436ms
[209.177s][info][gc] GC(10848) Pause Young (Allocation Failure) 13M->9M(15M) 0.488ms
[209.182s][info][gc] GC(10849) Pause Young (Allocation Failure) 13M->9M(15M) 0.456ms
[209.191s][info][gc] GC(10850) Pause Young (Allocation Failure) 13M->9M(15M) 0.874ms
[209.198s][info][gc] GC(10851) Pause Young (Allocation Failure) 13M->9M(15M) 0.495ms
[209.205s][info][gc] GC(10852) Pause Young (Allocation Failure) 14M->9M(15M) 0.513ms
[209.211s][info][gc] GC(10853) Pause Young (Allocation Failure) 14M->9M(15M) 0.527ms
[209.220s][info][gc] GC(10854) Pause Young (Allocation Failure) 14M->9M(15M) 0.688ms
[209.226s][info][gc] GC(10855) Pause Young (Allocation Failure) 14M->9M(15M) 0.580ms
[209.234s][info][gc] GC(10856) Pause Young (Allocation Failure) 14M->9M(15M) 0.564ms
[209.241s][info][gc] GC(10857) Pause Young (Allocation Failure) 14M->9M(15M) 1.068ms
[209.249s][info][gc] GC(10858) Pause Young (Allocation Failure) 14M->9M(15M) 0.581ms
[209.258s][info][gc] GC(10859) Pause Young (Allocation Failure) 14M->9M(15M) 0.611ms
[209.263s][info][gc] GC(10860) Pause Young (Allocation Failure) 14M->9M(15M) 0.837ms
[209.270s][info][gc] GC(10861) Pause Young (Allocation Failure) 14M->9M(15M) 0.937ms
[209.278s][info][gc] GC(10862) Pause Young (Allocation Failure) 14M->9M(15M) 0.931ms
[209.286s][info][gc] GC(10863) Pause Young (Allocation Failure) 14M->9M(15M) 0.920ms
[209.291s][info][gc] GC(10864) Pause Young (Allocation Failure) 14M->9M(15M) 0.630ms
[209.300s][info][gc] GC(10865) Pause Young (Allocation Failure) 14M->9M(15M) 0.452ms
[209.305s][info][gc] GC(10866) Pause Young (Allocation Failure) 13M->9M(15M) 0.440ms
[209.312s][info][gc] GC(10867) Pause Young (Allocation Failure) 13M->9M(15M) 0.450ms
[209.318s][info][gc] GC(10868) Pause Young (Allocation Failure) 13M->9M(15M) 0.447ms
[209.327s][info][gc] GC(10869) Pause Young (Allocation Failure) 13M->9M(15M) 0.715ms
[209.335s][info][gc] GC(10870) Pause Young (Allocation Failure) 13M->9M(15M) 0.986ms
[209.341s][info][gc] GC(10871) Pause Young (Allocation Failure) 14M->9M(15M) 0.512ms
[209.347s][info][gc] GC(10872) Pause Young (Allocation Failure) 14M->9M(15M) 0.746ms
[209.353s][info][gc] GC(10873) Pause Young (Allocation Failure) 14M->9M(15M) 0.519ms
[209.360s][info][gc] GC(10874) Pause Young (Allocation Failure) 14M->9M(15M) 0.725ms
[209.368s][info][gc] GC(10875) Pause Young (Allocation Failure) 14M->9M(15M) 0.680ms
[209.379s][info][gc] GC(10876) Pause Young (Allocation Failure) 14M->9M(15M) 0.725ms
[209.384s][info][gc] GC(10877) Pause Young (Allocation Failure) 14M->9M(15M) 0.603ms
[209.392s][info][gc] GC(10878) Pause Young (Allocation Failure) 14M->9M(15M) 0.607ms
[209.397s][info][gc] GC(10879) Pause Young (Allocation Failure) 14M->9M(15M) 0.764ms
[209.408s][info][gc] GC(10880) Pause Young (Allocation Failure) 14M->9M(15M) 0.935ms
[209.414s][info][gc] GC(10881) Pause Young (Allocation Failure) 14M->9M(15M) 1.145ms
[209.422s][info][gc] GC(10882) Pause Young (Allocation Failure) 14M->9M(15M) 0.640ms
[209.428s][info][gc] GC(10883) Pause Young (Allocation Failure) 14M->9M(15M) 1.053ms
[209.436s][info][gc] GC(10884) Pause Young (Allocation Failure) 14M->9M(15M) 0.611ms
[209.443s][info][gc] GC(10885) Pause Young (Allocation Failure) 14M->9M(15M) 1.000ms
[209.449s][info][gc] GC(10886) Pause Young (Allocation Failure) 14M->9M(15M) 0.637ms
[209.456s][info][gc] GC(10887) Pause Young (Allocation Failure) 14M->9M(15M) 0.786ms
[209.462s][info][gc] GC(10888) Pause Young (Allocation Failure) 13M->9M(15M) 0.437ms
[209.469s][info][gc] GC(10889) Pause Young (Allocation Failure) 13M->9M(15M) 1.026ms
[209.475s][info][gc] GC(10890) Pause Young (Allocation Failure) 14M->9M(15M) 0.456ms
[209.482s][info][gc] GC(10891) Pause Young (Allocation Failure) 14M->9M(15M) 0.935ms
[209.488s][info][gc] GC(10892) Pause Young (Allocation Failure) 14M->9M(15M) 0.700ms
[209.496s][info][gc] GC(10893) Pause Young (Allocation Failure) 14M->9M(15M) 1.071ms
[209.503s][info][gc] GC(10894) Pause Young (Allocation Failure) 14M->9M(15M) 0.560ms
[209.510s][info][gc] GC(10895) Pause Young (Allocation Failure) 14M->9M(15M) 0.752ms
[209.518s][info][gc] GC(10896) Pause Young (Allocation Failure) 14M->9M(15M) 0.770ms
[209.527s][info][gc] GC(10897) Pause Young (Allocation Failure) 14M->9M(15M) 1.209ms
[209.538s][info][gc] GC(10898) Pause Young (Allocation Failure) 14M->9M(15M) 0.608ms
[209.545s][info][gc] GC(10899) Pause Young (Allocation Failure) 14M->9M(15M) 0.669ms
[209.554s][info][gc] GC(10900) Pause Young (Allocation Failure) 14M->9M(15M) 0.765ms
[209.560s][info][gc] GC(10901) Pause Young (Allocation Failure) 14M->9M(15M) 0.942ms
[209.568s][info][gc] GC(10902) Pause Young (Allocation Failure) 14M->9M(15M) 0.855ms
[209.576s][info][gc] GC(10903) Pause Young (Allocation Failure) 14M->9M(15M) 0.794ms
[209.582s][info][gc] GC(10904) Pause Young (Allocation Failure) 14M->9M(15M) 0.776ms
[209.591s][info][gc] GC(10905) Pause Young (Allocation Failure) 14M->9M(15M) 0.993ms
[209.597s][info][gc] GC(10906) Pause Young (Allocation Failure) 14M->9M(15M) 0.605ms
[209.606s][info][gc] GC(10907) Pause Young (Allocation Failure) 14M->9M(15M) 0.702ms
[209.613s][info][gc] GC(10908) Pause Young (Allocation Failure) 14M->9M(15M) 0.617ms
[209.623s][info][gc] GC(10909) Pause Young (Allocation Failure) 14M->9M(15M) 0.450ms
[209.629s][info][gc] GC(10910) Pause Young (Allocation Failure) 14M->9M(15M) 0.787ms
[209.635s][info][gc] GC(10911) Pause Young (Allocation Failure) 14M->9M(15M) 0.473ms
[209.640s][info][gc] GC(10912) Pause Young (Allocation Failure) 14M->9M(15M) 0.456ms
[209.647s][info][gc] GC(10913) Pause Young (Allocation Failure) 14M->9M(15M) 0.611ms
[209.657s][info][gc] GC(10914) Pause Young (Allocation Failure) 14M->9M(15M) 0.593ms
[209.663s][info][gc] GC(10915) Pause Young (Allocation Failure) 14M->9M(15M) 0.894ms
[209.670s][info][gc] GC(10916) Pause Young (Allocation Failure) 14M->9M(15M) 0.812ms
[209.676s][info][gc] GC(10917) Pause Young (Allocation Failure) 14M->9M(15M) 0.584ms
[209.685s][info][gc] GC(10918) Pause Young (Allocation Failure) 14M->9M(15M) 1.049ms
[209.693s][info][gc] GC(10919) Pause Young (Allocation Failure) 14M->9M(15M) 0.983ms
[209.703s][info][gc] GC(10920) Pause Young (Allocation Failure) 14M->9M(15M) 0.864ms
[209.711s][info][gc] GC(10921) Pause Young (Allocation Failure) 14M->9M(15M) 0.939ms
[209.718s][info][gc] GC(10922) Pause Young (Allocation Failure) 14M->9M(15M) 0.684ms
[209.726s][info][gc] GC(10923) Pause Young (Allocation Failure) 14M->9M(15M) 0.660ms
[209.734s][info][gc] GC(10924) Pause Young (Allocation Failure) 14M->9M(15M) 1.062ms
[209.743s][info][gc] GC(10925) Pause Young (Allocation Failure) 14M->9M(15M) 0.805ms
[209.749s][info][gc] GC(10926) Pause Young (Allocation Failure) 14M->9M(15M) 1.212ms
[209.755s][info][gc] GC(10927) Pause Young (Allocation Failure) 14M->9M(15M) 0.713ms
[209.764s][info][gc] GC(10928) Pause Young (Allocation Failure) 14M->9M(15M) 0.655ms
[209.770s][info][gc] GC(10929) Pause Young (Allocation Failure) 14M->9M(15M) 0.502ms
[209.778s][info][gc] GC(10930) Pause Young (Allocation Failure) 14M->9M(15M) 0.456ms
[209.784s][info][gc] GC(10931) Pause Young (Allocation Failure) 14M->9M(15M) 0.546ms
[209.790s][info][gc] GC(10932) Pause Young (Allocation Failure) 14M->9M(15M) 0.590ms
[209.796s][info][gc] GC(10933) Pause Young (Allocation Failure) 14M->9M(15M) 0.483ms
[209.802s][info][gc] GC(10934) Pause Young (Allocation Failure) 14M->9M(15M) 0.917ms
[209.807s][info][gc] GC(10935) Pause Young (Allocation Failure) 14M->9M(15M) 0.762ms
[209.813s][info][gc] GC(10936) Pause Young (Allocation Failure) 14M->9M(15M) 0.583ms
[209.820s][info][gc] GC(10937) Pause Young (Allocation Failure) 14M->9M(15M) 0.518ms
[209.826s][info][gc] GC(10938) Pause Young (Allocation Failure) 14M->9M(15M) 0.555ms
[209.832s][info][gc] GC(10939) Pause Young (Allocation Failure) 14M->9M(15M) 0.568ms
[209.838s][info][gc] GC(10940) Pause Young (Allocation Failure) 14M->9M(15M) 0.615ms
[209.845s][info][gc] GC(10941) Pause Young (Allocation Failure) 14M->9M(15M) 0.622ms
[209.851s][info][gc] GC(10942) Pause Young (Allocation Failure) 14M->9M(15M) 0.580ms
[209.859s][info][gc] GC(10943) Pause Young (Allocation Failure) 14M->9M(15M) 0.714ms
[209.865s][info][gc] GC(10944) Pause Young (Allocation Failure) 14M->9M(15M) 1.005ms
[209.875s][info][gc] GC(10945) Pause Young (Allocation Failure) 14M->9M(15M) 0.960ms
[209.882s][info][gc] GC(10946) Pause Young (Allocation Failure) 14M->9M(15M) 1.418ms
[209.892s][info][gc] GC(10947) Pause Young (Allocation Failure) 14M->9M(15M) 1.005ms
[209.899s][info][gc] GC(10948) Pause Young (Allocation Failure) 14M->9M(15M) 0.633ms
[209.905s][info][gc] GC(10949) Pause Young (Allocation Failure) 14M->9M(15M) 0.687ms
[209.912s][info][gc] GC(10950) Pause Young (Allocation Failure) 14M->9M(15M) 0.630ms
[209.918s][info][gc] GC(10951) Pause Young (Allocation Failure) 14M->9M(15M) 0.990ms
[209.925s][info][gc] GC(10952) Pause Young (Allocation Failure) 14M->9M(15M) 0.665ms
[209.930s][info][gc] GC(10953) Pause Young (Allocation Failure) 14M->9M(15M) 0.427ms
[209.939s][info][gc] GC(10954) Pause Young (Allocation Failure) 14M->9M(15M) 0.449ms
[209.944s][info][gc] GC(10955) Pause Young (Allocation Failure) 14M->9M(15M) 0.464ms
[209.952s][info][gc] GC(10956) Pause Young (Allocation Failure) 14M->9M(15M) 0.646ms
[209.957s][info][gc] GC(10957) Pause Young (Allocation Failure) 14M->9M(15M) 0.487ms
[209.965s][info][gc] GC(10958) Pause Young (Allocation Failure) 14M->9M(15M) 0.709ms
[209.970s][info][gc] GC(10959) Pause Young (Allocation Failure) 14M->9M(15M) 0.497ms
[209.978s][info][gc] GC(10960) Pause Young (Allocation Failure) 14M->9M(15M) 0.486ms
[209.985s][info][gc] GC(10961) Pause Young (Allocation Failure) 14M->9M(15M) 0.858ms
[209.992s][info][gc] GC(10962) Pause Young (Allocation Failure) 14M->9M(15M) 0.510ms
[209.997s][info][gc] GC(10963) Pause Young (Allocation Failure) 14M->9M(15M) 0.817ms
[210.004s][info][gc] GC(10964) Pause Young (Allocation Failure) 14M->9M(15M) 0.821ms
[210.009s][info][gc] GC(10965) Pause Young (Allocation Failure) 14M->9M(15M) 0.554ms
[210.016s][info][gc] GC(10966) Pause Young (Allocation Failure) 14M->9M(15M) 0.819ms
[210.022s][info][gc] GC(10967) Pause Young (Allocation Failure) 14M->9M(15M) 0.634ms
[210.027s][info][gc] GC(10968) Pause Young (Allocation Failure) 14M->9M(15M) 0.558ms
[210.035s][info][gc] GC(10969) Pause Young (Allocation Failure) 14M->9M(15M) 0.640ms
[210.041s][info][gc] GC(10970) Pause Young (Allocation Failure) 14M->9M(15M) 0.895ms
[210.049s][info][gc] GC(10971) Pause Young (Allocation Failure) 14M->9M(15M) 0.631ms
[210.054s][info][gc] GC(10972) Pause Young (Allocation Failure) 14M->9M(15M) 0.599ms
[210.068s][info][gc] GC(10973) Pause Young (Allocation Failure) 14M->9M(15M) 1.186ms
[210.076s][info][gc] GC(10974) Pause Young (Allocation Failure) 14M->9M(15M) 0.713ms
[210.081s][info][gc] GC(10975) Pause Young (Allocation Failure) 14M->9M(15M) 1.084ms
[210.088s][info][gc] GC(10976) Pause Young (Allocation Failure) 14M->9M(15M) 0.428ms
[210.097s][info][gc] GC(10977) Pause Young (Allocation Failure) 14M->9M(15M) 0.783ms
[210.107s][info][gc] GC(10978) Pause Young (Allocation Failure) 14M->9M(15M) 0.799ms
[210.116s][info][gc] GC(10979) Pause Young (Allocation Failure) 14M->9M(15M) 0.810ms
[210.125s][info][gc] GC(10980) Pause Young (Allocation Failure) 14M->9M(15M) 0.503ms
[210.130s][info][gc] GC(10981) Pause Young (Allocation Failure) 14M->9M(15M) 0.531ms
[210.138s][info][gc] GC(10982) Pause Young (Allocation Failure) 14M->9M(15M) 0.942ms
[210.148s][info][gc] GC(10983) Pause Young (Allocation Failure) 14M->9M(15M) 0.887ms
[210.157s][info][gc] GC(10984) Pause Young (Allocation Failure) 14M->9M(15M) 0.531ms
[210.166s][info][gc] GC(10985) Pause Young (Allocation Failure) 14M->9M(15M) 0.949ms
[210.175s][info][gc] GC(10986) Pause Young (Allocation Failure) 14M->9M(15M) 0.972ms
[210.186s][info][gc] GC(10987) Pause Young (Allocation Failure) 14M->9M(15M) 0.837ms
[210.195s][info][gc] GC(10988) Pause Young (Allocation Failure) 14M->9M(15M) 0.826ms
[210.201s][info][gc] GC(10989) Pause Young (Allocation Failure) 14M->9M(15M) 0.823ms
[210.211s][info][gc] GC(10990) Pause Young (Allocation Failure) 14M->9M(15M) 1.087ms
[210.220s][info][gc] GC(10991) Pause Young (Allocation Failure) 14M->9M(15M) 1.049ms
[210.226s][info][gc] GC(10992) Pause Young (Allocation Failure) 14M->9M(15M) 0.657ms
[210.233s][info][gc] GC(10993) Pause Young (Allocation Failure) 14M->9M(15M) 0.605ms
[210.241s][info][gc] GC(10994) Pause Young (Allocation Failure) 14M->9M(15M) 0.680ms
[210.249s][info][gc] GC(10995) Pause Young (Allocation Failure) 14M->9M(15M) 0.532ms
[210.256s][info][gc] GC(10996) Pause Young (Allocation Failure) 14M->9M(15M) 0.772ms
[210.262s][info][gc] GC(10997) Pause Young (Allocation Failure) 14M->9M(15M) 0.647ms
[210.267s][info][gc] GC(10998) Pause Young (Allocation Failure) 14M->9M(15M) 0.469ms
[210.276s][info][gc] GC(10999) Pause Young (Allocation Failure) 14M->9M(15M) 0.444ms
[210.286s][info][gc] GC(11000) Pause Young (Allocation Failure) 14M->9M(15M) 0.691ms
[210.291s][info][gc] GC(11001) Pause Young (Allocation Failure) 14M->9M(15M) 0.679ms
[210.298s][info][gc] GC(11002) Pause Young (Allocation Failure) 14M->9M(15M) 0.814ms
[210.304s][info][gc] GC(11003) Pause Young (Allocation Failure) 14M->9M(15M) 0.688ms
[210.311s][info][gc] GC(11004) Pause Young (Allocation Failure) 14M->9M(15M) 0.722ms
[210.319s][info][gc] GC(11005) Pause Young (Allocation Failure) 14M->9M(15M) 0.561ms
[210.327s][info][gc] GC(11006) Pause Young (Allocation Failure) 14M->9M(15M) 0.521ms
[210.332s][info][gc] GC(11007) Pause Young (Allocation Failure) 14M->9M(15M) 0.699ms
[210.340s][info][gc] GC(11008) Pause Young (Allocation Failure) 14M->9M(15M) 0.562ms
[210.347s][info][gc] GC(11009) Pause Young (Allocation Failure) 14M->9M(15M) 0.622ms
[210.355s][info][gc] GC(11010) Pause Young (Allocation Failure) 14M->9M(15M) 0.847ms
[210.362s][info][gc] GC(11011) Pause Young (Allocation Failure) 14M->9M(15M) 0.986ms
[210.370s][info][gc] GC(11012) Pause Young (Allocation Failure) 14M->9M(15M) 0.683ms
[210.378s][info][gc] GC(11013) Pause Young (Allocation Failure) 14M->9M(15M) 0.814ms
[210.383s][info][gc] GC(11014) Pause Young (Allocation Failure) 14M->9M(15M) 0.860ms
[210.392s][info][gc] GC(11015) Pause Young (Allocation Failure) 14M->9M(15M) 1.031ms
[210.398s][info][gc] GC(11016) Pause Young (Allocation Failure) 14M->9M(15M) 0.870ms
[210.406s][info][gc] GC(11017) Pause Young (Allocation Failure) 14M->9M(15M) 0.665ms
[210.412s][info][gc] GC(11018) Pause Young (Allocation Failure) 14M->9M(15M) 0.621ms
[210.419s][info][gc] GC(11019) Pause Young (Allocation Failure) 14M->9M(15M) 0.475ms
[210.426s][info][gc] GC(11020) Pause Young (Allocation Failure) 14M->9M(15M) 0.657ms
[210.433s][info][gc] GC(11021) Pause Young (Allocation Failure) 14M->9M(15M) 0.443ms
[210.439s][info][gc] GC(11022) Pause Young (Allocation Failure) 14M->9M(15M) 0.742ms
[210.447s][info][gc] GC(11023) Pause Young (Allocation Failure) 14M->9M(15M) 0.471ms
[210.453s][info][gc] GC(11024) Pause Young (Allocation Failure) 14M->9M(15M) 0.529ms
[210.461s][info][gc] GC(11025) Pause Young (Allocation Failure) 14M->9M(15M) 0.494ms
[210.468s][info][gc] GC(11026) Pause Young (Allocation Failure) 14M->9M(15M) 0.578ms
[210.476s][info][gc] GC(11027) Pause Young (Allocation Failure) 14M->9M(15M) 0.686ms
[210.481s][info][gc] GC(11028) Pause Young (Allocation Failure) 14M->9M(15M) 0.748ms
[210.488s][info][gc] GC(11029) Pause Young (Allocation Failure) 14M->9M(15M) 0.541ms
[210.495s][info][gc] GC(11030) Pause Young (Allocation Failure) 14M->9M(15M) 0.794ms
[210.502s][info][gc] GC(11031) Pause Young (Allocation Failure) 14M->9M(15M) 0.591ms
[210.512s][info][gc] GC(11032) Pause Young (Allocation Failure) 14M->9M(15M) 1.165ms
[210.518s][info][gc] GC(11033) Pause Young (Allocation Failure) 14M->9M(15M) 0.941ms
[210.526s][info][gc] GC(11034) Pause Young (Allocation Failure) 14M->9M(15M) 0.854ms
[210.532s][info][gc] GC(11035) Pause Young (Allocation Failure) 14M->9M(15M) 0.689ms
[210.546s][info][gc] GC(11036) Pause Young (Allocation Failure) 14M->9M(15M) 1.107ms
[210.558s][info][gc] GC(11037) Pause Young (Allocation Failure) 14M->9M(15M) 0.663ms
[210.566s][info][gc] GC(11038) Pause Young (Allocation Failure) 14M->9M(15M) 0.675ms
[210.571s][info][gc] GC(11039) Pause Young (Allocation Failure) 14M->9M(15M) 0.608ms
[210.578s][info][gc] GC(11040) Pause Young (Allocation Failure) 14M->9M(15M) 0.669ms
[210.583s][info][gc] GC(11041) Pause Young (Allocation Failure) 14M->9M(15M) 0.455ms
[210.589s][info][gc] GC(11042) Pause Young (Allocation Failure) 14M->9M(15M) 0.651ms
[210.598s][info][gc] GC(11043) Pause Young (Allocation Failure) 14M->9M(15M) 0.699ms
[210.606s][info][gc] GC(11044) Pause Young (Allocation Failure) 14M->9M(15M) 0.457ms
[210.611s][info][gc] GC(11045) Pause Young (Allocation Failure) 14M->9M(15M) 0.679ms
[210.618s][info][gc] GC(11046) Pause Young (Allocation Failure) 14M->9M(15M) 0.511ms
[210.625s][info][gc] GC(11047) Pause Young (Allocation Failure) 14M->9M(15M) 0.651ms
[210.633s][info][gc] GC(11048) Pause Young (Allocation Failure) 14M->9M(15M) 0.556ms
[210.641s][info][gc] GC(11049) Pause Young (Allocation Failure) 14M->9M(15M) 0.538ms
[210.647s][info][gc] GC(11050) Pause Young (Allocation Failure) 14M->9M(15M) 0.552ms
[210.653s][info][gc] GC(11051) Pause Young (Allocation Failure) 14M->9M(15M) 0.546ms
[210.661s][info][gc] GC(11052) Pause Young (Allocation Failure) 14M->9M(15M) 0.839ms
[210.668s][info][gc] GC(11053) Pause Young (Allocation Failure) 14M->9M(15M) 0.749ms
[210.675s][info][gc] GC(11054) Pause Young (Allocation Failure) 14M->9M(15M) 0.564ms
[210.681s][info][gc] GC(11055) Pause Young (Allocation Failure) 14M->9M(15M) 0.980ms
[210.692s][info][gc] GC(11056) Pause Young (Allocation Failure) 14M->9M(15M) 1.040ms
[210.703s][info][gc] GC(11057) Pause Young (Allocation Failure) 14M->9M(15M) 1.069ms
[210.712s][info][gc] GC(11058) Pause Young (Allocation Failure) 14M->9M(15M) 0.913ms
[210.719s][info][gc] GC(11059) Pause Young (Allocation Failure) 14M->9M(15M) 0.886ms
[210.726s][info][gc] GC(11060) Pause Young (Allocation Failure) 14M->9M(15M) 0.724ms
[210.733s][info][gc] GC(11061) Pause Young (Allocation Failure) 14M->9M(15M) 0.529ms
[210.740s][info][gc] GC(11062) Pause Young (Allocation Failure) 14M->9M(15M) 0.480ms
[210.748s][info][gc] GC(11063) Pause Young (Allocation Failure) 14M->9M(15M) 0.425ms
[210.755s][info][gc] GC(11064) Pause Young (Allocation Failure) 14M->9M(15M) 0.621ms
[210.766s][info][gc] GC(11065) Pause Young (Allocation Failure) 14M->9M(15M) 1.199ms
[210.773s][info][gc] GC(11066) Pause Young (Allocation Failure) 14M->9M(15M) 0.531ms
[210.780s][info][gc] GC(11067) Pause Young (Allocation Failure) 14M->9M(15M) 0.499ms
[210.786s][info][gc] GC(11068) Pause Young (Allocation Failure) 14M->9M(15M) 0.692ms
[210.794s][info][gc] GC(11069) Pause Young (Allocation Failure) 14M->9M(15M) 0.562ms
[210.799s][info][gc] GC(11070) Pause Young (Allocation Failure) 14M->9M(15M) 0.522ms
[210.808s][info][gc] GC(11071) Pause Young (Allocation Failure) 14M->9M(15M) 0.975ms
[210.815s][info][gc] GC(11072) Pause Young (Allocation Failure) 14M->9M(15M) 1.058ms
[210.822s][info][gc] GC(11073) Pause Young (Allocation Failure) 14M->9M(15M) 0.758ms
[210.828s][info][gc] GC(11074) Pause Young (Allocation Failure) 14M->9M(15M) 0.946ms
[210.836s][info][gc] GC(11075) Pause Young (Allocation Failure) 14M->9M(15M) 0.560ms
[210.844s][info][gc] GC(11076) Pause Young (Allocation Failure) 14M->9M(15M) 0.914ms
[210.850s][info][gc] GC(11077) Pause Young (Allocation Failure) 14M->9M(15M) 0.614ms
[210.860s][info][gc] GC(11078) Pause Young (Allocation Failure) 14M->9M(15M) 0.831ms
[210.868s][info][gc] GC(11079) Pause Young (Allocation Failure) 14M->9M(15M) 0.968ms
[210.877s][info][gc] GC(11080) Pause Young (Allocation Failure) 14M->9M(15M) 0.916ms
[210.888s][info][gc] GC(11081) Pause Young (Allocation Failure) 14M->9M(15M) 0.980ms
[210.898s][info][gc] GC(11082) Pause Young (Allocation Failure) 14M->9M(15M) 1.162ms
[210.906s][info][gc] GC(11083) Pause Young (Allocation Failure) 14M->9M(15M) 0.593ms
[210.913s][info][gc] GC(11084) Pause Young (Allocation Failure) 14M->9M(15M) 0.894ms
[210.920s][info][gc] GC(11085) Pause Young (Allocation Failure) 14M->9M(15M) 0.674ms
[210.929s][info][gc] GC(11086) Pause Young (Allocation Failure) 14M->9M(15M) 0.421ms
[210.934s][info][gc] GC(11087) Pause Young (Allocation Failure) 14M->9M(15M) 0.511ms
[210.941s][info][gc] GC(11088) Pause Young (Allocation Failure) 14M->9M(15M) 0.685ms
[210.953s][info][gc] GC(11089) Pause Young (Allocation Failure) 14M->9M(15M) 1.054ms
[210.959s][info][gc] GC(11090) Pause Young (Allocation Failure) 14M->9M(15M) 0.524ms
[210.968s][info][gc] GC(11091) Pause Young (Allocation Failure) 14M->9M(15M) 0.689ms
[210.977s][info][gc] GC(11092) Pause Young (Allocation Failure) 14M->9M(15M) 0.874ms
[210.987s][info][gc] GC(11093) Pause Young (Allocation Failure) 14M->9M(15M) 0.572ms
[210.995s][info][gc] GC(11094) Pause Young (Allocation Failure) 14M->9M(15M) 0.554ms
[211.001s][info][gc] GC(11095) Pause Young (Allocation Failure) 14M->9M(15M) 0.583ms
[211.008s][info][gc] GC(11096) Pause Young (Allocation Failure) 14M->9M(15M) 0.560ms
[211.014s][info][gc] GC(11097) Pause Young (Allocation Failure) 14M->9M(15M) 0.974ms
[211.022s][info][gc] GC(11098) Pause Young (Allocation Failure) 14M->9M(15M) 0.555ms
[211.029s][info][gc] GC(11099) Pause Young (Allocation Failure) 14M->9M(15M) 0.759ms
[211.036s][info][gc] GC(11100) Pause Young (Allocation Failure) 14M->9M(15M) 0.732ms
[211.042s][info][gc] GC(11101) Pause Young (Allocation Failure) 14M->9M(15M) 0.823ms
[211.050s][info][gc] GC(11102) Pause Young (Allocation Failure) 14M->9M(15M) 1.066ms
[211.060s][info][gc] GC(11103) Pause Young (Allocation Failure) 14M->9M(15M) 1.098ms
[211.078s][info][gc] GC(11104) Pause Young (Allocation Failure) 14M->9M(15M) 0.832ms
[211.086s][info][gc] GC(11105) Pause Young (Allocation Failure) 14M->9M(15M) 0.956ms
[211.093s][info][gc] GC(11106) Pause Young (Allocation Failure) 14M->9M(15M) 0.667ms
[211.101s][info][gc] GC(11107) Pause Young (Allocation Failure) 14M->9M(15M) 0.530ms
[211.108s][info][gc] GC(11108) Pause Young (Allocation Failure) 14M->9M(15M) 0.520ms
[211.117s][info][gc] GC(11109) Pause Young (Allocation Failure) 14M->9M(15M) 0.460ms
[211.126s][info][gc] GC(11110) Pause Young (Allocation Failure) 14M->9M(15M) 0.787ms
[211.133s][info][gc] GC(11111) Pause Young (Allocation Failure) 14M->9M(15M) 0.550ms
[211.142s][info][gc] GC(11112) Pause Young (Allocation Failure) 14M->9M(15M) 0.790ms
[211.150s][info][gc] GC(11113) Pause Young (Allocation Failure) 14M->9M(15M) 1.291ms
[211.156s][info][gc] GC(11114) Pause Young (Allocation Failure) 14M->9M(15M) 0.740ms
[211.164s][info][gc] GC(11115) Pause Young (Allocation Failure) 14M->9M(15M) 0.856ms
[211.172s][info][gc] GC(11116) Pause Young (Allocation Failure) 14M->9M(15M) 0.648ms
[211.181s][info][gc] GC(11117) Pause Young (Allocation Failure) 14M->9M(15M) 0.964ms
[211.188s][info][gc] GC(11118) Pause Young (Allocation Failure) 14M->9M(15M) 0.851ms
[211.197s][info][gc] GC(11119) Pause Young (Allocation Failure) 14M->9M(15M) 0.638ms
[211.205s][info][gc] GC(11120) Pause Young (Allocation Failure) 14M->9M(15M) 1.041ms
[211.214s][info][gc] GC(11121) Pause Young (Allocation Failure) 14M->9M(15M) 0.884ms
[211.223s][info][gc] GC(11122) Pause Young (Allocation Failure) 14M->9M(15M) 0.649ms
[211.233s][info][gc] GC(11123) Pause Young (Allocation Failure) 14M->9M(15M) 0.871ms
[211.240s][info][gc] GC(11124) Pause Young (Allocation Failure) 14M->9M(15M) 0.945ms
[211.250s][info][gc] GC(11125) Pause Young (Allocation Failure) 14M->9M(15M) 0.895ms
[211.260s][info][gc] GC(11126) Pause Young (Allocation Failure) 14M->9M(15M) 0.896ms
[211.267s][info][gc] GC(11127) Pause Young (Allocation Failure) 14M->9M(15M) 0.644ms
[211.275s][info][gc] GC(11128) Pause Young (Allocation Failure) 14M->9M(15M) 0.667ms
[211.284s][info][gc] GC(11129) Pause Young (Allocation Failure) 14M->9M(15M) 0.768ms
[211.291s][info][gc] GC(11130) Pause Young (Allocation Failure) 14M->9M(15M) 0.554ms
[211.299s][info][gc] GC(11131) Pause Young (Allocation Failure) 14M->9M(15M) 0.649ms
[211.306s][info][gc] GC(11132) Pause Young (Allocation Failure) 14M->9M(15M) 0.492ms
[211.317s][info][gc] GC(11133) Pause Young (Allocation Failure) 14M->9M(15M) 0.504ms
[211.322s][info][gc] GC(11134) Pause Young (Allocation Failure) 14M->9M(15M) 0.574ms
[211.329s][info][gc] GC(11135) Pause Young (Allocation Failure) 14M->9M(15M) 0.552ms
[211.337s][info][gc] GC(11136) Pause Young (Allocation Failure) 14M->9M(15M) 0.975ms
[211.344s][info][gc] GC(11137) Pause Young (Allocation Failure) 14M->9M(15M) 0.809ms
[211.353s][info][gc] GC(11138) Pause Young (Allocation Failure) 14M->9M(15M) 0.927ms
[211.361s][info][gc] GC(11139) Pause Young (Allocation Failure) 14M->9M(15M) 0.774ms
[211.368s][info][gc] GC(11140) Pause Young (Allocation Failure) 14M->9M(15M) 0.835ms
[211.375s][info][gc] GC(11141) Pause Young (Allocation Failure) 14M->9M(15M) 0.635ms
[211.382s][info][gc] GC(11142) Pause Young (Allocation Failure) 14M->9M(15M) 0.586ms
[211.390s][info][gc] GC(11143) Pause Young (Allocation Failure) 14M->9M(15M) 1.077ms
[211.398s][info][gc] GC(11144) Pause Young (Allocation Failure) 14M->9M(15M) 0.687ms
[211.405s][info][gc] GC(11145) Pause Young (Allocation Failure) 14M->9M(15M) 0.998ms
[211.413s][info][gc] GC(11146) Pause Young (Allocation Failure) 14M->9M(15M) 0.723ms
[211.421s][info][gc] GC(11147) Pause Young (Allocation Failure) 14M->9M(15M) 0.713ms
[211.428s][info][gc] GC(11148) Pause Young (Allocation Failure) 14M->9M(15M) 0.858ms
[211.436s][info][gc] GC(11149) Pause Young (Allocation Failure) 14M->9M(15M) 0.812ms
[211.442s][info][gc] GC(11150) Pause Young (Allocation Failure) 14M->9M(15M) 0.603ms
[211.450s][info][gc] GC(11151) Pause Young (Allocation Failure) 14M->9M(15M) 0.448ms
[211.457s][info][gc] GC(11152) Pause Young (Allocation Failure) 14M->9M(15M) 0.670ms
[211.465s][info][gc] GC(11153) Pause Young (Allocation Failure) 14M->9M(15M) 0.598ms
[211.473s][info][gc] GC(11154) Pause Young (Allocation Failure) 14M->9M(15M) 0.485ms
[211.479s][info][gc] GC(11155) Pause Young (Allocation Failure) 14M->9M(15M) 0.581ms
[211.486s][info][gc] GC(11156) Pause Young (Allocation Failure) 14M->9M(15M) 0.719ms
[211.492s][info][gc] GC(11157) Pause Young (Allocation Failure) 14M->9M(15M) 0.722ms
[211.500s][info][gc] GC(11158) Pause Young (Allocation Failure) 14M->9M(15M) 0.774ms
[211.506s][info][gc] GC(11159) Pause Young (Allocation Failure) 14M->9M(15M) 0.583ms
[211.515s][info][gc] GC(11160) Pause Young (Allocation Failure) 14M->9M(15M) 0.550ms
[211.521s][info][gc] GC(11161) Pause Young (Allocation Failure) 14M->9M(15M) 0.817ms
[211.528s][info][gc] GC(11162) Pause Young (Allocation Failure) 14M->9M(15M) 0.597ms
[211.537s][info][gc] GC(11163) Pause Young (Allocation Failure) 14M->9M(15M) 1.033ms
[211.544s][info][gc] GC(11164) Pause Young (Allocation Failure) 14M->9M(15M) 0.605ms
[211.553s][info][gc] GC(11165) Pause Young (Allocation Failure) 14M->9M(15M) 0.924ms
[211.559s][info][gc] GC(11166) Pause Young (Allocation Failure) 14M->9M(15M) 0.824ms
[211.566s][info][gc] GC(11167) Pause Young (Allocation Failure) 14M->9M(15M) 0.616ms
[211.574s][info][gc] GC(11168) Pause Young (Allocation Failure) 14M->9M(15M) 0.579ms
[211.583s][info][gc] GC(11169) Pause Young (Allocation Failure) 14M->9M(15M) 0.829ms
[211.589s][info][gc] GC(11170) Pause Young (Allocation Failure) 14M->9M(15M) 0.854ms
[211.595s][info][gc] GC(11171) Pause Young (Allocation Failure) 14M->9M(15M) 0.459ms
[211.601s][info][gc] GC(11172) Pause Young (Allocation Failure) 14M->9M(15M) 0.644ms
[211.608s][info][gc] GC(11173) Pause Young (Allocation Failure) 14M->9M(15M) 0.527ms
[211.616s][info][gc] GC(11174) Pause Young (Allocation Failure) 14M->9M(15M) 0.878ms
[211.623s][info][gc] GC(11175) Pause Young (Allocation Failure) 14M->9M(15M) 0.689ms
[211.628s][info][gc] GC(11176) Pause Young (Allocation Failure) 14M->9M(15M) 0.597ms
[211.637s][info][gc] GC(11177) Pause Young (Allocation Failure) 14M->9M(15M) 0.791ms
[211.644s][info][gc] GC(11178) Pause Young (Allocation Failure) 14M->9M(15M) 0.999ms
[211.650s][info][gc] GC(11179) Pause Young (Allocation Failure) 14M->9M(15M) 0.544ms
[211.655s][info][gc] GC(11180) Pause Young (Allocation Failure) 14M->9M(15M) 0.578ms
[211.663s][info][gc] GC(11181) Pause Young (Allocation Failure) 14M->9M(15M) 0.583ms
[211.668s][info][gc] GC(11182) Pause Young (Allocation Failure) 14M->9M(15M) 0.839ms
[211.675s][info][gc] GC(11183) Pause Young (Allocation Failure) 14M->9M(15M) 0.583ms
[211.681s][info][gc] GC(11184) Pause Young (Allocation Failure) 14M->9M(15M) 0.887ms
[211.691s][info][gc] GC(11185) Pause Young (Allocation Failure) 14M->9M(15M) 0.871ms
[211.697s][info][gc] GC(11186) Pause Young (Allocation Failure) 14M->9M(15M) 1.290ms
[211.703s][info][gc] GC(11187) Pause Young (Allocation Failure) 14M->9M(15M) 0.466ms
[211.708s][info][gc] GC(11188) Pause Young (Allocation Failure) 14M->9M(15M) 0.446ms
[211.716s][info][gc] GC(11189) Pause Young (Allocation Failure) 14M->9M(15M) 0.463ms
[211.721s][info][gc] GC(11190) Pause Young (Allocation Failure) 14M->9M(15M) 0.505ms
[211.728s][info][gc] GC(11191) Pause Young (Allocation Failure) 14M->9M(15M) 0.456ms
[211.733s][info][gc] GC(11192) Pause Young (Allocation Failure) 14M->9M(15M) 0.480ms
[211.740s][info][gc] GC(11193) Pause Young (Allocation Failure) 14M->9M(15M) 0.493ms
[211.746s][info][gc] GC(11194) Pause Young (Allocation Failure) 14M->9M(15M) 1.091ms
[211.754s][info][gc] GC(11195) Pause Young (Allocation Failure) 14M->9M(15M) 0.720ms
[211.759s][info][gc] GC(11196) Pause Young (Allocation Failure) 14M->9M(15M) 0.523ms
[211.766s][info][gc] GC(11197) Pause Young (Allocation Failure) 14M->9M(15M) 0.542ms
[211.771s][info][gc] GC(11198) Pause Young (Allocation Failure) 14M->9M(15M) 0.559ms
[211.778s][info][gc] GC(11199) Pause Young (Allocation Failure) 14M->9M(15M) 1.124ms
[211.783s][info][gc] GC(11200) Pause Young (Allocation Failure) 14M->9M(15M) 0.556ms
[211.789s][info][gc] GC(11201) Pause Young (Allocation Failure) 14M->9M(15M) 0.620ms
[211.797s][info][gc] GC(11202) Pause Young (Allocation Failure) 14M->9M(15M) 0.602ms
[211.802s][info][gc] GC(11203) Pause Young (Allocation Failure) 14M->9M(15M) 0.602ms
[211.808s][info][gc] GC(11204) Pause Young (Allocation Failure) 14M->9M(15M) 0.646ms
[211.813s][info][gc] GC(11205) Pause Young (Allocation Failure) 14M->9M(15M) 0.600ms
[211.822s][info][gc] GC(11206) Pause Young (Allocation Failure) 14M->9M(15M) 1.376ms
[211.830s][info][gc] GC(11207) Pause Young (Allocation Failure) 14M->9M(15M) 0.987ms
[211.839s][info][gc] GC(11208) Pause Young (Allocation Failure) 14M->9M(15M) 0.686ms
[211.846s][info][gc] GC(11209) Pause Young (Allocation Failure) 14M->9M(15M) 0.444ms
[211.851s][info][gc] GC(11210) Pause Young (Allocation Failure) 14M->9M(15M) 0.424ms
[211.859s][info][gc] GC(11211) Pause Young (Allocation Failure) 14M->9M(15M) 0.671ms
[211.864s][info][gc] GC(11212) Pause Young (Allocation Failure) 14M->9M(15M) 0.466ms
[211.872s][info][gc] GC(11213) Pause Young (Allocation Failure) 14M->9M(15M) 0.753ms
[211.879s][info][gc] GC(11214) Pause Young (Allocation Failure) 14M->9M(15M) 0.699ms
[211.888s][info][gc] GC(11215) Pause Young (Allocation Failure) 14M->9M(15M) 0.765ms
[211.902s][info][gc] GC(11216) Pause Young (Allocation Failure) 14M->9M(15M) 2.864ms
[211.908s][info][gc] GC(11217) Pause Young (Allocation Failure) 14M->9M(15M) 0.708ms
[211.917s][info][gc] GC(11218) Pause Young (Allocation Failure) 14M->9M(15M) 0.498ms
[211.926s][info][gc] GC(11219) Pause Young (Allocation Failure) 14M->9M(15M) 0.572ms
[211.932s][info][gc] GC(11220) Pause Young (Allocation Failure) 14M->9M(15M) 0.638ms
[211.941s][info][gc] GC(11221) Pause Young (Allocation Failure) 14M->9M(15M) 0.708ms
[211.947s][info][gc] GC(11222) Pause Young (Allocation Failure) 14M->9M(15M) 0.539ms
[211.956s][info][gc] GC(11223) Pause Young (Allocation Failure) 14M->9M(15M) 0.846ms
[211.964s][info][gc] GC(11224) Pause Young (Allocation Failure) 14M->9M(15M) 1.543ms
[211.970s][info][gc] GC(11225) Pause Young (Allocation Failure) 14M->9M(15M) 0.597ms
[211.975s][info][gc] GC(11226) Pause Young (Allocation Failure) 14M->9M(15M) 0.677ms
[211.983s][info][gc] GC(11227) Pause Young (Allocation Failure) 14M->9M(15M) 0.570ms
[211.989s][info][gc] GC(11228) Pause Young (Allocation Failure) 14M->9M(15M) 0.752ms
[212.011s][info][gc] GC(11229) Pause Young (Allocation Failure) 14M->9M(15M) 0.889ms
[212.018s][info][gc] GC(11230) Pause Young (Allocation Failure) 14M->9M(15M) 0.969ms
[212.026s][info][gc] GC(11231) Pause Young (Allocation Failure) 14M->9M(15M) 0.882ms
[212.053s][info][gc] GC(11232) Pause Young (Allocation Failure) 14M->9M(15M) 0.849ms
[212.062s][info][gc] GC(11233) Pause Young (Allocation Failure) 14M->9M(15M) 0.633ms
[212.071s][info][gc] GC(11234) Pause Young (Allocation Failure) 14M->9M(15M) 0.833ms
[212.080s][info][gc] GC(11235) Pause Young (Allocation Failure) 14M->9M(15M) 1.009ms
[212.094s][info][gc] GC(11236) Pause Young (Allocation Failure) 14M->9M(15M) 0.715ms
[212.102s][info][gc] GC(11237) Pause Young (Allocation Failure) 14M->9M(15M) 0.684ms
[212.107s][info][gc] GC(11238) Pause Young (Allocation Failure) 14M->9M(15M) 0.679ms
[212.116s][info][gc] GC(11239) Pause Young (Allocation Failure) 14M->9M(15M) 0.667ms
[212.122s][info][gc] GC(11240) Pause Young (Allocation Failure) 14M->9M(15M) 0.718ms
[212.129s][info][gc] GC(11241) Pause Young (Allocation Failure) 14M->9M(15M) 0.509ms
[212.141s][info][gc] GC(11242) Pause Young (Allocation Failure) 14M->9M(15M) 0.807ms
[212.148s][info][gc] GC(11243) Pause Young (Allocation Failure) 14M->9M(15M) 0.578ms
[212.155s][info][gc] GC(11244) Pause Young (Allocation Failure) 14M->9M(15M) 0.744ms
[212.162s][info][gc] GC(11245) Pause Young (Allocation Failure) 14M->9M(15M) 0.810ms
[212.171s][info][gc] GC(11246) Pause Young (Allocation Failure) 14M->9M(15M) 0.784ms
[212.179s][info][gc] GC(11247) Pause Young (Allocation Failure) 14M->9M(15M) 0.934ms
[212.186s][info][gc] GC(11248) Pause Young (Allocation Failure) 14M->9M(15M) 0.875ms
[212.194s][info][gc] GC(11249) Pause Young (Allocation Failure) 14M->9M(15M) 0.890ms
[212.202s][info][gc] GC(11250) Pause Young (Allocation Failure) 14M->9M(15M) 0.848ms
[212.210s][info][gc] GC(11251) Pause Young (Allocation Failure) 14M->9M(15M) 1.053ms
[212.220s][info][gc] GC(11252) Pause Young (Allocation Failure) 14M->9M(15M) 1.027ms
[212.227s][info][gc] GC(11253) Pause Young (Allocation Failure) 14M->9M(15M) 0.620ms
[212.237s][info][gc] GC(11254) Pause Young (Allocation Failure) 14M->9M(15M) 0.777ms
[212.244s][info][gc] GC(11255) Pause Young (Allocation Failure) 14M->9M(15M) 1.043ms
[212.251s][info][gc] GC(11256) Pause Young (Allocation Failure) 14M->9M(15M) 0.608ms
[212.260s][info][gc] GC(11257) Pause Young (Allocation Failure) 14M->9M(15M) 0.440ms
[212.265s][info][gc] GC(11258) Pause Young (Allocation Failure) 14M->9M(15M) 0.478ms
[212.272s][info][gc] GC(11259) Pause Young (Allocation Failure) 14M->9M(15M) 0.741ms
[212.280s][info][gc] GC(11260) Pause Young (Allocation Failure) 14M->9M(15M) 0.653ms
[212.290s][info][gc] GC(11261) Pause Young (Allocation Failure) 14M->9M(15M) 0.474ms
[212.299s][info][gc] GC(11262) Pause Young (Allocation Failure) 14M->9M(15M) 0.503ms
[212.304s][info][gc] GC(11263) Pause Young (Allocation Failure) 14M->9M(15M) 0.710ms
[212.312s][info][gc] GC(11264) Pause Young (Allocation Failure) 14M->9M(15M) 1.050ms
[212.319s][info][gc] GC(11265) Pause Young (Allocation Failure) 14M->9M(15M) 0.500ms
[212.326s][info][gc] GC(11266) Pause Young (Allocation Failure) 14M->9M(15M) 0.620ms
[212.333s][info][gc] GC(11267) Pause Young (Allocation Failure) 14M->9M(15M) 0.553ms
[212.341s][info][gc] GC(11268) Pause Young (Allocation Failure) 14M->9M(15M) 0.726ms
[212.346s][info][gc] GC(11269) Pause Young (Allocation Failure) 14M->9M(15M) 0.571ms
[212.353s][info][gc] GC(11270) Pause Young (Allocation Failure) 14M->9M(15M) 0.924ms
[212.360s][info][gc] GC(11271) Pause Young (Allocation Failure) 14M->9M(15M) 0.917ms
[212.368s][info][gc] GC(11272) Pause Young (Allocation Failure) 14M->9M(15M) 0.595ms
[212.375s][info][gc] GC(11273) Pause Young (Allocation Failure) 14M->9M(15M) 0.821ms
[212.382s][info][gc] GC(11274) Pause Young (Allocation Failure) 14M->9M(15M) 0.600ms
[212.390s][info][gc] GC(11275) Pause Young (Allocation Failure) 14M->9M(15M) 0.737ms
[212.399s][info][gc] GC(11276) Pause Young (Allocation Failure) 14M->9M(15M) 0.602ms
[212.407s][info][gc] GC(11277) Pause Young (Allocation Failure) 14M->9M(15M) 0.423ms
[212.412s][info][gc] GC(11278) Pause Young (Allocation Failure) 14M->9M(15M) 0.445ms
[212.421s][info][gc] GC(11279) Pause Young (Allocation Failure) 14M->9M(15M) 0.757ms
[212.426s][info][gc] GC(11280) Pause Young (Allocation Failure) 14M->9M(15M) 0.462ms
[212.432s][info][gc] GC(11281) Pause Young (Allocation Failure) 14M->9M(15M) 0.583ms
[212.437s][info][gc] GC(11282) Pause Young (Allocation Failure) 14M->9M(15M) 0.515ms
[212.443s][info][gc] GC(11283) Pause Young (Allocation Failure) 14M->9M(15M) 0.537ms
[212.450s][info][gc] GC(11284) Pause Young (Allocation Failure) 14M->9M(15M) 0.574ms
[212.455s][info][gc] GC(11285) Pause Young (Allocation Failure) 14M->9M(15M) 0.529ms
[212.461s][info][gc] GC(11286) Pause Young (Allocation Failure) 14M->9M(15M) 0.581ms
[212.469s][info][gc] GC(11287) Pause Young (Allocation Failure) 14M->9M(15M) 0.651ms
[212.477s][info][gc] GC(11288) Pause Young (Allocation Failure) 14M->9M(15M) 0.618ms
[212.483s][info][gc] GC(11289) Pause Young (Allocation Failure) 14M->9M(15M) 0.847ms
[212.489s][info][gc] GC(11290) Pause Young (Allocation Failure) 14M->9M(15M) 0.832ms
[212.495s][info][gc] GC(11291) Pause Young (Allocation Failure) 14M->9M(15M) 0.840ms
[212.503s][info][gc] GC(11292) Pause Young (Allocation Failure) 14M->9M(15M) 0.600ms
[212.509s][info][gc] GC(11293) Pause Young (Allocation Failure) 14M->9M(15M) 0.742ms
[212.516s][info][gc] GC(11294) Pause Young (Allocation Failure) 14M->9M(15M) 0.605ms
[212.522s][info][gc] GC(11295) Pause Young (Allocation Failure) 14M->9M(15M) 0.711ms
[212.531s][info][gc] GC(11296) Pause Young (Allocation Failure) 14M->9M(15M) 0.672ms
[212.536s][info][gc] GC(11297) Pause Young (Allocation Failure) 14M->9M(15M) 0.521ms
[212.544s][info][gc] GC(11298) Pause Young (Allocation Failure) 14M->9M(15M) 0.647ms
[212.549s][info][gc] GC(11299) Pause Young (Allocation Failure) 14M->9M(15M) 0.481ms
[212.557s][info][gc] GC(11300) Pause Young (Allocation Failure) 14M->9M(15M) 0.526ms
[212.566s][info][gc] GC(11301) Pause Young (Allocation Failure) 14M->9M(15M) 0.511ms
[212.574s][info][gc] GC(11302) Pause Young (Allocation Failure) 14M->9M(15M) 0.756ms
[212.581s][info][gc] GC(11303) Pause Young (Allocation Failure) 14M->9M(15M) 0.723ms
[212.586s][info][gc] GC(11304) Pause Young (Allocation Failure) 14M->9M(15M) 0.713ms
[212.593s][info][gc] GC(11305) Pause Young (Allocation Failure) 14M->9M(15M) 0.854ms
[212.599s][info][gc] GC(11306) Pause Young (Allocation Failure) 14M->9M(15M) 0.535ms
[212.607s][info][gc] GC(11307) Pause Young (Allocation Failure) 14M->9M(15M) 0.777ms
[212.614s][info][gc] GC(11308) Pause Young (Allocation Failure) 14M->9M(15M) 0.803ms
[212.621s][info][gc] GC(11309) Pause Young (Allocation Failure) 14M->9M(15M) 0.638ms
[212.629s][info][gc] GC(11310) Pause Young (Allocation Failure) 14M->9M(15M) 0.579ms
[212.636s][info][gc] GC(11311) Pause Young (Allocation Failure) 14M->9M(15M) 0.596ms
[212.641s][info][gc] GC(11312) Pause Young (Allocation Failure) 14M->9M(15M) 0.615ms
[212.649s][info][gc] GC(11313) Pause Young (Allocation Failure) 14M->9M(15M) 0.613ms
[212.654s][info][gc] GC(11314) Pause Young (Allocation Failure) 14M->9M(15M) 0.608ms
[212.661s][info][gc] GC(11315) Pause Young (Allocation Failure) 14M->9M(15M) 0.834ms
[212.666s][info][gc] GC(11316) Pause Young (Allocation Failure) 14M->9M(15M) 0.815ms
[212.673s][info][gc] GC(11317) Pause Young (Allocation Failure) 14M->9M(15M) 0.691ms
[212.681s][info][gc] GC(11318) Pause Young (Allocation Failure) 14M->9M(15M) 0.857ms
[212.689s][info][gc] GC(11319) Pause Young (Allocation Failure) 14M->9M(15M) 0.708ms
[212.697s][info][gc] GC(11320) Pause Young (Allocation Failure) 14M->9M(15M) 0.675ms
[212.704s][info][gc] GC(11321) Pause Young (Allocation Failure) 14M->9M(15M) 0.475ms
[212.711s][info][gc] GC(11322) Pause Young (Allocation Failure) 14M->9M(15M) 0.915ms
[212.719s][info][gc] GC(11323) Pause Young (Allocation Failure) 14M->9M(15M) 0.547ms
[212.726s][info][gc] GC(11324) Pause Young (Allocation Failure) 14M->9M(15M) 0.951ms
[212.734s][info][gc] GC(11325) Pause Young (Allocation Failure) 14M->9M(15M) 0.518ms
[212.741s][info][gc] GC(11326) Pause Young (Allocation Failure) 14M->9M(15M) 0.769ms
[212.749s][info][gc] GC(11327) Pause Young (Allocation Failure) 14M->9M(15M) 0.696ms
[212.758s][info][gc] GC(11328) Pause Young (Allocation Failure) 14M->9M(15M) 0.525ms
[212.767s][info][gc] GC(11329) Pause Young (Allocation Failure) 14M->9M(15M) 0.791ms
[212.772s][info][gc] GC(11330) Pause Young (Allocation Failure) 14M->9M(15M) 0.546ms
[212.779s][info][gc] GC(11331) Pause Young (Allocation Failure) 14M->9M(15M) 1.008ms
[212.785s][info][gc] GC(11332) Pause Young (Allocation Failure) 14M->9M(15M) 0.795ms
[212.790s][info][gc] GC(11333) Pause Young (Allocation Failure) 14M->9M(15M) 0.676ms
[212.799s][info][gc] GC(11334) Pause Young (Allocation Failure) 14M->9M(15M) 0.850ms
[212.809s][info][gc] GC(11335) Pause Young (Allocation Failure) 14M->9M(15M) 0.601ms
[212.815s][info][gc] GC(11336) Pause Young (Allocation Failure) 14M->9M(15M) 0.844ms
[212.821s][info][gc] GC(11337) Pause Young (Allocation Failure) 14M->9M(15M) 0.605ms
[212.828s][info][gc] GC(11338) Pause Young (Allocation Failure) 14M->9M(15M) 0.636ms
[212.837s][info][gc] GC(11339) Pause Young (Allocation Failure) 14M->9M(15M) 0.435ms
[212.843s][info][gc] GC(11340) Pause Young (Allocation Failure) 14M->9M(15M) 0.451ms
[212.850s][info][gc] GC(11341) Pause Young (Allocation Failure) 14M->9M(15M) 0.443ms
[212.855s][info][gc] GC(11342) Pause Young (Allocation Failure) 14M->9M(15M) 0.469ms
[212.863s][info][gc] GC(11343) Pause Young (Allocation Failure) 14M->9M(15M) 0.470ms
[212.869s][info][gc] GC(11344) Pause Young (Allocation Failure) 14M->9M(15M) 0.745ms
[212.879s][info][gc] GC(11345) Pause Young (Allocation Failure) 14M->9M(15M) 0.637ms
[212.887s][info][gc] GC(11346) Pause Young (Allocation Failure) 14M->9M(15M) 0.893ms
[212.894s][info][gc] GC(11347) Pause Young (Allocation Failure) 14M->9M(15M) 0.830ms
[212.903s][info][gc] GC(11348) Pause Young (Allocation Failure) 14M->9M(15M) 0.520ms
[212.910s][info][gc] GC(11349) Pause Young (Allocation Failure) 14M->9M(15M) 0.626ms
[212.917s][info][gc] GC(11350) Pause Young (Allocation Failure) 14M->9M(15M) 0.570ms
[212.925s][info][gc] GC(11351) Pause Young (Allocation Failure) 14M->9M(15M) 1.050ms
[212.932s][info][gc] GC(11352) Pause Young (Allocation Failure) 14M->9M(15M) 0.547ms
[212.940s][info][gc] GC(11353) Pause Young (Allocation Failure) 14M->9M(15M) 0.611ms
[212.946s][info][gc] GC(11354) Pause Young (Allocation Failure) 14M->9M(15M) 0.803ms
[212.954s][info][gc] GC(11355) Pause Young (Allocation Failure) 14M->9M(15M) 0.664ms
[212.961s][info][gc] GC(11356) Pause Young (Allocation Failure) 14M->9M(15M) 0.611ms
[212.969s][info][gc] GC(11357) Pause Young (Allocation Failure) 14M->9M(15M) 0.694ms
[212.976s][info][gc] GC(11358) Pause Young (Allocation Failure) 14M->9M(15M) 0.583ms
[212.984s][info][gc] GC(11359) Pause Young (Allocation Failure) 14M->9M(15M) 0.809ms
[212.990s][info][gc] GC(11360) Pause Young (Allocation Failure) 14M->9M(15M) 0.630ms
[212.998s][info][gc] GC(11361) Pause Young (Allocation Failure) 14M->9M(15M) 0.425ms
[213.004s][info][gc] GC(11362) Pause Young (Allocation Failure) 14M->9M(15M) 0.470ms
[213.012s][info][gc] GC(11363) Pause Young (Allocation Failure) 14M->9M(15M) 0.480ms
[213.020s][info][gc] GC(11364) Pause Young (Allocation Failure) 14M->9M(15M) 0.686ms
[213.026s][info][gc] GC(11365) Pause Young (Allocation Failure) 14M->9M(15M) 0.758ms
[213.034s][info][gc] GC(11366) Pause Young (Allocation Failure) 14M->9M(15M) 1.048ms
[213.041s][info][gc] GC(11367) Pause Young (Allocation Failure) 14M->9M(15M) 0.547ms
[213.048s][info][gc] GC(11368) Pause Young (Allocation Failure) 14M->9M(15M) 0.571ms
[213.055s][info][gc] GC(11369) Pause Young (Allocation Failure) 14M->9M(15M) 0.597ms
[213.064s][info][gc] GC(11370) Pause Young (Allocation Failure) 14M->9M(15M) 0.913ms
[213.074s][info][gc] GC(11371) Pause Young (Allocation Failure) 14M->9M(15M) 0.965ms
[213.082s][info][gc] GC(11372) Pause Young (Allocation Failure) 14M->9M(15M) 0.807ms
[213.090s][info][gc] GC(11373) Pause Young (Allocation Failure) 14M->9M(15M) 0.871ms
[213.097s][info][gc] GC(11374) Pause Young (Allocation Failure) 14M->9M(15M) 1.015ms
[213.105s][info][gc] GC(11375) Pause Young (Allocation Failure) 14M->9M(15M) 0.641ms
[213.114s][info][gc] GC(11376) Pause Young (Allocation Failure) 14M->9M(15M) 1.274ms
[213.121s][info][gc] GC(11377) Pause Young (Allocation Failure) 14M->9M(15M) 0.689ms
[213.130s][info][gc] GC(11378) Pause Young (Allocation Failure) 14M->9M(15M) 0.850ms
[213.136s][info][gc] GC(11379) Pause Young (Allocation Failure) 14M->9M(15M) 0.652ms
[213.145s][info][gc] GC(11380) Pause Young (Allocation Failure) 14M->9M(15M) 0.677ms
[213.151s][info][gc] GC(11381) Pause Young (Allocation Failure) 14M->9M(15M) 0.428ms
[213.158s][info][gc] GC(11382) Pause Young (Allocation Failure) 14M->9M(15M) 0.426ms
[213.165s][info][gc] GC(11383) Pause Young (Allocation Failure) 14M->9M(15M) 0.727ms
[213.174s][info][gc] GC(11384) Pause Young (Allocation Failure) 14M->9M(15M) 0.657ms
[213.183s][info][gc] GC(11385) Pause Young (Allocation Failure) 14M->9M(15M) 0.474ms
[213.191s][info][gc] GC(11386) Pause Young (Allocation Failure) 14M->9M(15M) 0.683ms
[213.199s][info][gc] GC(11387) Pause Young (Allocation Failure) 14M->9M(15M) 0.488ms
[213.205s][info][gc] GC(11388) Pause Young (Allocation Failure) 14M->9M(15M) 0.789ms
[213.213s][info][gc] GC(11389) Pause Young (Allocation Failure) 14M->9M(15M) 0.512ms
[213.222s][info][gc] GC(11390) Pause Young (Allocation Failure) 14M->9M(15M) 0.529ms
[213.230s][info][gc] GC(11391) Pause Young (Allocation Failure) 14M->9M(15M) 0.646ms
[213.238s][info][gc] GC(11392) Pause Young (Allocation Failure) 14M->9M(15M) 0.763ms
[213.247s][info][gc] GC(11393) Pause Young (Allocation Failure) 14M->9M(15M) 0.668ms
[213.253s][info][gc] GC(11394) Pause Young (Allocation Failure) 14M->9M(15M) 0.837ms
[213.261s][info][gc] GC(11395) Pause Young (Allocation Failure) 14M->9M(15M) 0.865ms
[213.267s][info][gc] GC(11396) Pause Young (Allocation Failure) 14M->9M(15M) 0.574ms
[213.273s][info][gc] GC(11397) Pause Young (Allocation Failure) 14M->9M(15M) 1.068ms
[213.281s][info][gc] GC(11398) Pause Young (Allocation Failure) 14M->9M(15M) 0.591ms
[213.289s][info][gc] GC(11399) Pause Young (Allocation Failure) 14M->9M(15M) 0.640ms
[213.296s][info][gc] GC(11400) Pause Young (Allocation Failure) 14M->9M(15M) 0.807ms
[213.303s][info][gc] GC(11401) Pause Young (Allocation Failure) 14M->9M(15M) 0.523ms
[213.309s][info][gc] GC(11402) Pause Young (Allocation Failure) 14M->9M(15M) 0.423ms
[213.315s][info][gc] GC(11403) Pause Young (Allocation Failure) 14M->9M(15M) 0.505ms
[213.320s][info][gc] GC(11404) Pause Young (Allocation Failure) 14M->9M(15M) 0.467ms
[213.327s][info][gc] GC(11405) Pause Young (Allocation Failure) 14M->9M(15M) 0.747ms
[213.332s][info][gc] GC(11406) Pause Young (Allocation Failure) 14M->9M(15M) 0.493ms
[213.342s][info][gc] GC(11407) Pause Young (Allocation Failure) 14M->9M(15M) 0.466ms
[213.347s][info][gc] GC(11408) Pause Young (Allocation Failure) 14M->9M(15M) 0.506ms
[213.354s][info][gc] GC(11409) Pause Young (Allocation Failure) 14M->9M(15M) 0.760ms
[213.359s][info][gc] GC(11410) Pause Young (Allocation Failure) 14M->9M(15M) 0.706ms
[213.364s][info][gc] GC(11411) Pause Young (Allocation Failure) 14M->9M(15M) 0.792ms
[213.373s][info][gc] GC(11412) Pause Young (Allocation Failure) 14M->9M(15M) 0.516ms
[213.381s][info][gc] GC(11413) Pause Young (Allocation Failure) 14M->9M(15M) 0.561ms
[213.388s][info][gc] GC(11414) Pause Young (Allocation Failure) 14M->9M(15M) 0.781ms
[213.395s][info][gc] GC(11415) Pause Young (Allocation Failure) 14M->9M(15M) 0.571ms
[213.402s][info][gc] GC(11416) Pause Young (Allocation Failure) 14M->9M(15M) 0.547ms
[213.410s][info][gc] GC(11417) Pause Young (Allocation Failure) 14M->9M(15M) 0.577ms
[213.416s][info][gc] GC(11418) Pause Young (Allocation Failure) 14M->9M(15M) 0.772ms
[213.423s][info][gc] GC(11419) Pause Young (Allocation Failure) 14M->9M(15M) 0.603ms
[213.432s][info][gc] GC(11420) Pause Young (Allocation Failure) 14M->9M(15M) 0.865ms
[213.438s][info][gc] GC(11421) Pause Young (Allocation Failure) 14M->9M(15M) 0.838ms
[213.444s][info][gc] GC(11422) Pause Young (Allocation Failure) 14M->9M(15M) 0.700ms
[213.451s][info][gc] GC(11423) Pause Young (Allocation Failure) 14M->9M(15M) 0.819ms
[213.456s][info][gc] GC(11424) Pause Young (Allocation Failure) 14M->9M(15M) 0.422ms
[213.464s][info][gc] GC(11425) Pause Young (Allocation Failure) 14M->9M(15M) 0.609ms
[213.471s][info][gc] GC(11426) Pause Young (Allocation Failure) 14M->9M(15M) 0.603ms
[213.480s][info][gc] GC(11427) Pause Young (Allocation Failure) 14M->9M(15M) 0.686ms
[213.487s][info][gc] GC(11428) Pause Young (Allocation Failure) 14M->9M(15M) 0.582ms
[213.492s][info][gc] GC(11429) Pause Young (Allocation Failure) 14M->9M(15M) 0.598ms
[213.501s][info][gc] GC(11430) Pause Young (Allocation Failure) 14M->9M(15M) 0.578ms
[213.506s][info][gc] GC(11431) Pause Young (Allocation Failure) 14M->9M(15M) 0.483ms
[213.512s][info][gc] GC(11432) Pause Young (Allocation Failure) 14M->9M(15M) 0.815ms
[213.519s][info][gc] GC(11433) Pause Young (Allocation Failure) 14M->9M(15M) 0.739ms
[213.524s][info][gc] GC(11434) Pause Young (Allocation Failure) 14M->9M(15M) 0.757ms
[213.532s][info][gc] GC(11435) Pause Young (Allocation Failure) 14M->9M(15M) 0.560ms
[213.538s][info][gc] GC(11436) Pause Young (Allocation Failure) 14M->9M(15M) 0.831ms
[213.545s][info][gc] GC(11437) Pause Young (Allocation Failure) 14M->9M(15M) 0.578ms
[213.554s][info][gc] GC(11438) Pause Young (Allocation Failure) 14M->9M(15M) 0.939ms
[213.560s][info][gc] GC(11439) Pause Young (Allocation Failure) 14M->9M(15M) 0.829ms
[213.567s][info][gc] GC(11440) Pause Young (Allocation Failure) 14M->9M(15M) 1.041ms
[213.575s][info][gc] GC(11441) Pause Young (Allocation Failure) 14M->9M(15M) 0.662ms
[213.582s][info][gc] GC(11442) Pause Young (Allocation Failure) 14M->9M(15M) 0.598ms
[213.590s][info][gc] GC(11443) Pause Young (Allocation Failure) 14M->9M(15M) 0.607ms
[213.597s][info][gc] GC(11444) Pause Young (Allocation Failure) 14M->9M(15M) 0.453ms
[213.603s][info][gc] GC(11445) Pause Young (Allocation Failure) 14M->9M(15M) 0.631ms
[213.611s][info][gc] GC(11446) Pause Young (Allocation Failure) 14M->9M(15M) 0.624ms
[213.616s][info][gc] GC(11447) Pause Young (Allocation Failure) 14M->9M(15M) 0.676ms
[213.625s][info][gc] GC(11448) Pause Young (Allocation Failure) 14M->9M(15M) 0.676ms
[213.635s][info][gc] GC(11449) Pause Young (Allocation Failure) 14M->9M(15M) 0.583ms
[213.642s][info][gc] GC(11450) Pause Young (Allocation Failure) 14M->9M(15M) 0.719ms
[213.650s][info][gc] GC(11451) Pause Young (Allocation Failure) 14M->9M(15M) 0.514ms
[213.656s][info][gc] GC(11452) Pause Young (Allocation Failure) 14M->9M(15M) 0.720ms
[213.663s][info][gc] GC(11453) Pause Young (Allocation Failure) 14M->9M(15M) 0.523ms
[213.669s][info][gc] GC(11454) Pause Young (Allocation Failure) 14M->9M(15M) 0.775ms
[213.676s][info][gc] GC(11455) Pause Young (Allocation Failure) 14M->9M(15M) 0.574ms
[213.689s][info][gc] GC(11456) Pause Young (Allocation Failure) 14M->9M(15M) 0.867ms
[213.696s][info][gc] GC(11457) Pause Young (Allocation Failure) 14M->9M(15M) 0.602ms
[213.705s][info][gc] GC(11458) Pause Young (Allocation Failure) 14M->9M(15M) 0.589ms
[213.713s][info][gc] GC(11459) Pause Young (Allocation Failure) 14M->9M(15M) 1.325ms
[213.720s][info][gc] GC(11460) Pause Young (Allocation Failure) 14M->9M(15M) 0.836ms
[213.726s][info][gc] GC(11461) Pause Young (Allocation Failure) 14M->9M(15M) 1.297ms
[213.733s][info][gc] GC(11462) Pause Young (Allocation Failure) 14M->9M(15M) 0.787ms
[213.739s][info][gc] GC(11463) Pause Young (Allocation Failure) 14M->9M(15M) 1.052ms
[213.748s][info][gc] GC(11464) Pause Young (Allocation Failure) 14M->9M(15M) 0.613ms
[213.754s][info][gc] GC(11465) Pause Young (Allocation Failure) 14M->9M(15M) 0.661ms
[213.763s][info][gc] GC(11466) Pause Young (Allocation Failure) 14M->9M(15M) 0.621ms
[213.770s][info][gc] GC(11467) Pause Young (Allocation Failure) 14M->9M(15M) 0.492ms
[213.776s][info][gc] GC(11468) Pause Young (Allocation Failure) 14M->9M(15M) 0.670ms
[213.783s][info][gc] GC(11469) Pause Young (Allocation Failure) 14M->9M(15M) 0.531ms
[213.791s][info][gc] GC(11470) Pause Young (Allocation Failure) 14M->9M(15M) 0.481ms
[213.799s][info][gc] GC(11471) Pause Young (Allocation Failure) 14M->9M(15M) 0.496ms
[213.804s][info][gc] GC(11472) Pause Young (Allocation Failure) 14M->9M(15M) 0.509ms
[213.811s][info][gc] GC(11473) Pause Young (Allocation Failure) 14M->9M(15M) 0.550ms
[213.816s][info][gc] GC(11474) Pause Young (Allocation Failure) 14M->9M(15M) 0.532ms
[213.825s][info][gc] GC(11475) Pause Young (Allocation Failure) 14M->9M(15M) 0.536ms
[213.832s][info][gc] GC(11476) Pause Young (Allocation Failure) 14M->9M(15M) 0.924ms
[213.839s][info][gc] GC(11477) Pause Young (Allocation Failure) 14M->9M(15M) 0.816ms
[213.845s][info][gc] GC(11478) Pause Young (Allocation Failure) 14M->9M(15M) 0.832ms
[213.851s][info][gc] GC(11479) Pause Young (Allocation Failure) 14M->9M(15M) 0.602ms
[213.857s][info][gc] GC(11480) Pause Young (Allocation Failure) 14M->10M(15M) 0.908ms
[213.866s][info][gc] GC(11481) Pause Young (Allocation Failure) 14M->9M(15M) 0.577ms
[213.872s][info][gc] GC(11482) Pause Young (Allocation Failure) 14M->9M(15M) 0.876ms
[213.881s][info][gc] GC(11483) Pause Young (Allocation Failure) 14M->9M(15M) 0.920ms
[213.889s][info][gc] GC(11484) Pause Young (Allocation Failure) 14M->9M(15M) 0.618ms
[213.897s][info][gc] GC(11485) Pause Young (Allocation Failure) 14M->10M(15M) 0.899ms
[213.904s][info][gc] GC(11486) Pause Young (Allocation Failure) 14M->9M(15M) 0.569ms
[213.911s][info][gc] GC(11487) Pause Young (Allocation Failure) 14M->9M(15M) 0.593ms
[213.920s][info][gc] GC(11488) Pause Young (Allocation Failure) 14M->9M(15M) 0.582ms
[213.926s][info][gc] GC(11489) Pause Young (Allocation Failure) 14M->9M(15M) 1.208ms
[213.932s][info][gc] GC(11490) Pause Young (Allocation Failure) 14M->10M(15M) 0.892ms
[213.939s][info][gc] GC(11491) Pause Young (Allocation Failure) 14M->9M(15M) 0.706ms
[213.947s][info][gc] GC(11492) Pause Young (Allocation Failure) 14M->9M(15M) 0.465ms
[213.954s][info][gc] GC(11493) Pause Young (Allocation Failure) 14M->9M(15M) 0.436ms
[213.960s][info][gc] GC(11494) Pause Young (Allocation Failure) 14M->9M(15M) 0.450ms
[213.967s][info][gc] GC(11495) Pause Young (Allocation Failure) 14M->9M(15M) 0.806ms
[213.973s][info][gc] GC(11496) Pause Young (Allocation Failure) 14M->9M(15M) 0.565ms
[213.980s][info][gc] GC(11497) Pause Young (Allocation Failure) 14M->9M(15M) 0.860ms
[213.986s][info][gc] GC(11498) Pause Young (Allocation Failure) 14M->9M(15M) 0.723ms
[213.991s][info][gc] GC(11499) Pause Young (Allocation Failure) 14M->9M(15M) 0.532ms
[214.000s][info][gc] GC(11500) Pause Young (Allocation Failure) 14M->9M(15M) 0.776ms
[214.005s][info][gc] GC(11501) Pause Young (Allocation Failure) 14M->9M(15M) 0.742ms
[214.011s][info][gc] GC(11502) Pause Young (Allocation Failure) 14M->9M(15M) 0.600ms
[214.018s][info][gc] GC(11503) Pause Young (Allocation Failure) 14M->9M(15M) 0.555ms
[214.026s][info][gc] GC(11504) Pause Young (Allocation Failure) 14M->9M(15M) 0.559ms
[214.032s][info][gc] GC(11505) Pause Young (Allocation Failure) 14M->10M(15M) 0.848ms
[214.038s][info][gc] GC(11506) Pause Young (Allocation Failure) 14M->10M(15M) 0.824ms
[214.047s][info][gc] GC(11507) Pause Young (Allocation Failure) 14M->10M(15M) 1.014ms
[214.055s][info][gc] GC(11508) Pause Young (Allocation Failure) 14M->10M(15M) 0.595ms
[214.062s][info][gc] GC(11509) Pause Young (Allocation Failure) 14M->9M(15M) 0.602ms
[214.069s][info][gc] GC(11510) Pause Young (Allocation Failure) 14M->9M(15M) 1.007ms
[214.079s][info][gc] GC(11511) Pause Young (Allocation Failure) 14M->10M(15M) 0.901ms
[214.088s][info][gc] GC(11512) Pause Young (Allocation Failure) 14M->10M(15M) 0.957ms
[214.094s][info][gc] GC(11513) Pause Young (Allocation Failure) 14M->9M(15M) 0.442ms
[214.102s][info][gc] GC(11514) Pause Young (Allocation Failure) 14M->9M(15M) 0.417ms
[214.110s][info][gc] GC(11515) Pause Young (Allocation Failure) 14M->9M(15M) 0.607ms
[214.120s][info][gc] GC(11516) Pause Young (Allocation Failure) 14M->9M(15M) 0.643ms
[214.128s][info][gc] GC(11517) Pause Young (Allocation Failure) 14M->9M(15M) 0.707ms
[214.136s][info][gc] GC(11518) Pause Young (Allocation Failure) 14M->9M(15M) 0.827ms
[214.146s][info][gc] GC(11519) Pause Young (Allocation Failure) 14M->9M(15M) 0.587ms
[214.151s][info][gc] GC(11520) Pause Young (Allocation Failure) 14M->9M(15M) 0.485ms
[214.160s][info][gc] GC(11521) Pause Young (Allocation Failure) 14M->9M(15M) 0.793ms
[214.166s][info][gc] GC(11522) Pause Young (Allocation Failure) 14M->9M(15M) 0.820ms
[214.172s][info][gc] GC(11523) Pause Young (Allocation Failure) 14M->9M(15M) 0.586ms
[214.183s][info][gc] GC(11524) Pause Young (Allocation Failure) 14M->9M(15M) 0.787ms
[214.193s][info][gc] GC(11525) Pause Young (Allocation Failure) 14M->10M(15M) 1.032ms
[214.200s][info][gc] GC(11526) Pause Young (Allocation Failure) 14M->10M(15M) 0.707ms
[214.206s][info][gc] GC(11527) Pause Young (Allocation Failure) 14M->10M(15M) 0.988ms
[214.214s][info][gc] GC(11528) Pause Young (Allocation Failure) 14M->10M(15M) 0.684ms
[214.220s][info][gc] GC(11529) Pause Young (Allocation Failure) 14M->9M(15M) 1.294ms
[214.227s][info][gc] GC(11530) Pause Young (Allocation Failure) 14M->10M(15M) 0.837ms
[214.234s][info][gc] GC(11531) Pause Young (Allocation Failure) 14M->10M(15M) 1.124ms
[214.241s][info][gc] GC(11532) Pause Young (Allocation Failure) 14M->9M(15M) 0.467ms
[214.247s][info][gc] GC(11533) Pause Young (Allocation Failure) 14M->9M(15M) 0.694ms
[214.253s][info][gc] GC(11534) Pause Young (Allocation Failure) 14M->9M(15M) 0.472ms
[214.261s][info][gc] GC(11535) Pause Young (Allocation Failure) 14M->9M(15M) 0.789ms
[214.268s][info][gc] GC(11536) Pause Young (Allocation Failure) 14M->9M(15M) 0.681ms
[214.275s][info][gc] GC(11537) Pause Young (Allocation Failure) 14M->9M(15M) 0.751ms
[214.282s][info][gc] GC(11538) Pause Young (Allocation Failure) 14M->9M(15M) 0.512ms
[214.289s][info][gc] GC(11539) Pause Young (Allocation Failure) 14M->9M(15M) 0.524ms
[214.295s][info][gc] GC(11540) Pause Young (Allocation Failure) 14M->9M(15M) 0.790ms
[214.305s][info][gc] GC(11541) Pause Young (Allocation Failure) 14M->10M(15M) 0.923ms
[214.313s][info][gc] GC(11542) Pause Young (Allocation Failure) 14M->10M(15M) 0.877ms
[214.320s][info][gc] GC(11543) Pause Young (Allocation Failure) 14M->10M(15M) 0.611ms
[214.326s][info][gc] GC(11544) Pause Young (Allocation Failure) 14M->10M(15M) 0.922ms
[214.334s][info][gc] GC(11545) Pause Young (Allocation Failure) 14M->10M(15M) 0.636ms
[214.345s][info][gc] GC(11546) Pause Young (Allocation Failure) 14M->10M(15M) 0.833ms
[214.352s][info][gc] GC(11547) Pause Young (Allocation Failure) 14M->10M(15M) 0.816ms
[214.361s][info][gc] GC(11548) Pause Young (Allocation Failure) 14M->10M(15M) 0.919ms
[214.369s][info][gc] GC(11549) Pause Young (Allocation Failure) 14M->10M(15M) 1.020ms
[214.378s][info][gc] GC(11550) Pause Young (Allocation Failure) 14M->10M(15M) 0.958ms
[214.396s][info][gc] GC(11551) Pause Young (Allocation Failure) 14M->9M(15M) 0.692ms
[214.404s][info][gc] GC(11552) Pause Young (Allocation Failure) 14M->9M(15M) 0.656ms
[214.412s][info][gc] GC(11553) Pause Young (Allocation Failure) 14M->9M(15M) 0.694ms
[214.422s][info][gc] GC(11554) Pause Young (Allocation Failure) 14M->9M(15M) 0.825ms
[214.439s][info][gc] GC(11555) Pause Young (Allocation Failure) 14M->9M(15M) 0.713ms
[214.453s][info][gc] GC(11556) Pause Young (Allocation Failure) 14M->9M(15M) 0.790ms
[214.462s][info][gc] GC(11557) Pause Young (Allocation Failure) 14M->9M(15M) 0.796ms
[214.470s][info][gc] GC(11558) Pause Young (Allocation Failure) 14M->9M(15M) 0.801ms
[214.478s][info][gc] GC(11559) Pause Young (Allocation Failure) 14M->9M(15M) 0.795ms
[214.489s][info][gc] GC(11560) Pause Young (Allocation Failure) 14M->10M(15M) 0.982ms
[214.498s][info][gc] GC(11561) Pause Young (Allocation Failure) 14M->10M(15M) 0.900ms
[214.506s][info][gc] GC(11562) Pause Young (Allocation Failure) 14M->10M(15M) 0.888ms
[214.515s][info][gc] GC(11563) Pause Young (Allocation Failure) 14M->10M(15M) 0.925ms
[214.526s][info][gc] GC(11564) Pause Young (Allocation Failure) 14M->10M(15M) 1.062ms
[214.539s][info][gc] GC(11565) Pause Young (Allocation Failure) 14M->10M(15M) 1.062ms
[214.552s][info][gc] GC(11566) Pause Young (Allocation Failure) 14M->10M(15M) 1.011ms
[214.561s][info][gc] GC(11567) Pause Young (Allocation Failure) 14M->10M(15M) 0.975ms
[214.570s][info][gc] GC(11568) Pause Young (Allocation Failure) 14M->10M(15M) 1.040ms
[214.586s][info][gc] GC(11569) Pause Young (Allocation Failure) 14M->10M(15M) 0.991ms
[214.595s][info][gc] GC(11570) Pause Young (Allocation Failure) 14M->10M(15M) 1.109ms
[214.603s][info][gc] GC(11571) Pause Young (Allocation Failure) 14M->9M(15M) 0.638ms
[214.612s][info][gc] GC(11572) Pause Young (Allocation Failure) 14M->9M(15M) 0.693ms
[214.620s][info][gc] GC(11573) Pause Young (Allocation Failure) 14M->9M(15M) 0.986ms
[214.630s][info][gc] GC(11574) Pause Young (Allocation Failure) 14M->9M(15M) 0.714ms
[214.639s][info][gc] GC(11575) Pause Young (Allocation Failure) 14M->9M(15M) 0.775ms
[214.648s][info][gc] GC(11576) Pause Young (Allocation Failure) 14M->9M(15M) 0.915ms
[214.656s][info][gc] GC(11577) Pause Young (Allocation Failure) 14M->9M(15M) 0.775ms
[214.667s][info][gc] GC(11578) Pause Young (Allocation Failure) 14M->9M(15M) 0.747ms
[214.690s][info][gc] GC(11579) Pause Young (Allocation Failure) 14M->10M(15M) 0.871ms
[214.698s][info][gc] GC(11580) Pause Young (Allocation Failure) 14M->10M(15M) 0.788ms
[214.707s][info][gc] GC(11581) Pause Young (Allocation Failure) 14M->10M(15M) 0.828ms
[214.722s][info][gc] GC(11582) Pause Young (Allocation Failure) 14M->10M(15M) 0.835ms
[214.731s][info][gc] GC(11583) Pause Young (Allocation Failure) 14M->10M(15M) 0.944ms
[214.739s][info][gc] GC(11584) Pause Young (Allocation Failure) 14M->10M(15M) 0.934ms
[214.748s][info][gc] GC(11585) Pause Young (Allocation Failure) 14M->10M(15M) 1.036ms
[214.758s][info][gc] GC(11586) Pause Young (Allocation Failure) 14M->10M(15M) 0.931ms
[214.772s][info][gc] GC(11587) Pause Young (Allocation Failure) 14M->10M(15M) 0.988ms
[214.784s][info][gc] GC(11588) Pause Young (Allocation Failure) 14M->10M(15M) 0.934ms
[214.791s][info][gc] GC(11589) Pause Young (Allocation Failure) 14M->10M(15M) 0.972ms
[214.801s][info][gc] GC(11590) Pause Young (Allocation Failure) 14M->10M(15M) 0.928ms
[214.817s][info][gc] GC(11591) Pause Young (Allocation Failure) 14M->9M(15M) 0.615ms
[214.833s][info][gc] GC(11592) Pause Young (Allocation Failure) 14M->9M(15M) 0.849ms
[214.841s][info][gc] GC(11593) Pause Young (Allocation Failure) 14M->9M(15M) 0.716ms
[214.851s][info][gc] GC(11594) Pause Young (Allocation Failure) 14M->9M(15M) 1.285ms
[214.885s][info][gc] GC(11595) Pause Young (Allocation Failure) 14M->9M(15M) 0.817ms
[214.906s][info][gc] GC(11596) Pause Young (Allocation Failure) 14M->9M(15M) 0.811ms
[214.916s][info][gc] GC(11597) Pause Young (Allocation Failure) 14M->9M(15M) 0.790ms
[214.924s][info][gc] GC(11598) Pause Young (Allocation Failure) 14M->9M(15M) 0.764ms
[214.933s][info][gc] GC(11599) Pause Young (Allocation Failure) 14M->9M(15M) 0.766ms
[214.972s][info][gc] GC(11600) Pause Young (Allocation Failure) 14M->9M(15M) 0.715ms
[214.981s][info][gc] GC(11601) Pause Young (Allocation Failure) 14M->10M(15M) 0.812ms
[214.989s][info][gc] GC(11602) Pause Young (Allocation Failure) 14M->10M(15M) 0.775ms
[214.998s][info][gc] GC(11603) Pause Young (Allocation Failure) 14M->10M(15M) 0.779ms
[215.013s][info][gc] GC(11604) Pause Young (Allocation Failure) 14M->10M(15M) 0.811ms
[215.029s][info][gc] GC(11605) Pause Young (Allocation Failure) 14M->10M(15M) 0.914ms
[215.038s][info][gc] GC(11606) Pause Young (Allocation Failure) 14M->10M(15M) 0.844ms
[215.052s][info][gc] GC(11607) Pause Young (Allocation Failure) 14M->10M(15M) 0.948ms
[215.064s][info][gc] GC(11608) Pause Young (Allocation Failure) 14M->10M(15M) 0.978ms
[215.072s][info][gc] GC(11609) Pause Young (Allocation Failure) 14M->10M(15M) 0.926ms
[215.082s][info][gc] GC(11610) Pause Young (Allocation Failure) 14M->10M(15M) 1.108ms
[215.090s][info][gc] GC(11611) Pause Young (Allocation Failure) 14M->10M(15M) 1.045ms
[215.100s][info][gc] GC(11612) Pause Young (Allocation Failure) 14M->10M(15M) 1.155ms
[215.141s][info][gc] GC(11613) Pause Young (Allocation Failure) 14M->10M(15M) 1.329ms
[215.150s][info][gc] GC(11614) Pause Young (Allocation Failure) 14M->9M(15M) 0.687ms
[215.160s][info][gc] GC(11615) Pause Young (Allocation Failure) 14M->9M(15M) 0.690ms
[215.170s][info][gc] GC(11616) Pause Young (Allocation Failure) 14M->9M(15M) 0.689ms
[215.182s][info][gc] GC(11617) Pause Young (Allocation Failure) 14M->9M(15M) 0.938ms
[215.229s][info][gc] GC(11618) Pause Young (Allocation Failure) 14M->10M(15M) 0.723ms
[215.259s][info][gc] GC(11619) Pause Young (Allocation Failure) 14M->10M(15M) 0.794ms
[215.285s][info][gc] GC(11620) Pause Young (Allocation Failure) 14M->10M(15M) 0.768ms
[215.303s][info][gc] GC(11621) Pause Young (Allocation Failure) 14M->10M(15M) 0.880ms
[215.324s][info][gc] GC(11622) Pause Young (Allocation Failure) 14M->10M(15M) 0.824ms
[215.349s][info][gc] GC(11623) Pause Young (Allocation Failure) 14M->10M(15M) 0.829ms
[215.364s][info][gc] GC(11624) Pause Young (Allocation Failure) 14M->10M(15M) 0.908ms
[215.396s][info][gc] GC(11625) Pause Young (Allocation Failure) 14M->10M(15M) 1.085ms
[215.417s][info][gc] GC(11626) Pause Young (Allocation Failure) 14M->10M(15M) 0.928ms
[215.426s][info][gc] GC(11627) Pause Young (Allocation Failure) 14M->10M(15M) 1.001ms
[215.434s][info][gc] GC(11628) Pause Young (Allocation Failure) 14M->10M(15M) 1.118ms
[215.443s][info][gc] GC(11629) Pause Young (Allocation Failure) 14M->10M(15M) 0.929ms
[215.453s][info][gc] GC(11630) Pause Young (Allocation Failure) 14M->10M(15M) 0.986ms
[215.482s][info][gc] GC(11631) Pause Young (Allocation Failure) 14M->10M(15M) 1.025ms
[215.504s][info][gc] GC(11632) Pause Young (Allocation Failure) 14M->10M(15M) 1.001ms
[215.512s][info][gc] GC(11633) Pause Young (Allocation Failure) 14M->10M(15M) 0.908ms
[215.523s][info][gc] GC(11634) Pause Young (Allocation Failure) 14M->9M(15M) 0.686ms
[215.551s][info][gc] GC(11635) Pause Young (Allocation Failure) 14M->9M(15M) 0.714ms
[215.573s][info][gc] GC(11636) Pause Young (Allocation Failure) 14M->9M(15M) 0.755ms
[215.586s][info][gc] GC(11637) Pause Young (Allocation Failure) 14M->10M(15M) 0.711ms
[215.603s][info][gc] GC(11638) Pause Young (Allocation Failure) 14M->10M(15M) 0.745ms
[215.615s][info][gc] GC(11639) Pause Young (Allocation Failure) 14M->10M(15M) 0.756ms
[215.625s][info][gc] GC(11640) Pause Young (Allocation Failure) 14M->10M(15M) 0.828ms
[215.634s][info][gc] GC(11641) Pause Young (Allocation Failure) 14M->10M(15M) 1.057ms
[215.643s][info][gc] GC(11642) Pause Young (Allocation Failure) 14M->10M(15M) 0.829ms
[215.655s][info][gc] GC(11643) Pause Young (Allocation Failure) 14M->10M(15M) 0.840ms
[215.671s][info][gc] GC(11644) Pause Young (Allocation Failure) 14M->10M(15M) 0.848ms
[215.699s][info][gc] GC(11645) Pause Young (Allocation Failure) 14M->10M(15M) 0.960ms
[215.709s][info][gc] GC(11646) Pause Young (Allocation Failure) 14M->10M(15M) 0.951ms
[215.718s][info][gc] GC(11647) Pause Young (Allocation Failure) 14M->10M(15M) 1.032ms
[215.726s][info][gc] GC(11648) Pause Young (Allocation Failure) 14M->10M(15M) 0.937ms
[215.736s][info][gc] GC(11649) Pause Young (Allocation Failure) 14M->10M(15M) 0.904ms
[215.745s][info][gc] GC(11650) Pause Young (Allocation Failure) 14M->10M(15M) 0.872ms
[215.752s][info][gc] GC(11651) Pause Young (Allocation Failure) 14M->10M(15M) 0.837ms
[215.761s][info][gc] GC(11652) Pause Young (Allocation Failure) 14M->10M(15M) 0.881ms
[215.767s][info][gc] GC(11653) Pause Young (Allocation Failure) 14M->9M(15M) 0.432ms
[215.773s][info][gc] GC(11654) Pause Young (Allocation Failure) 14M->10M(15M) 0.450ms
[215.778s][info][gc] GC(11655) Pause Young (Allocation Failure) 14M->10M(15M) 0.429ms
[215.786s][info][gc] GC(11656) Pause Young (Allocation Failure) 14M->10M(15M) 0.513ms
[215.792s][info][gc] GC(11657) Pause Young (Allocation Failure) 14M->10M(15M) 0.488ms
[215.798s][info][gc] GC(11658) Pause Young (Allocation Failure) 14M->10M(15M) 0.475ms
[215.803s][info][gc] GC(11659) Pause Young (Allocation Failure) 14M->10M(15M) 0.475ms
[215.809s][info][gc] GC(11660) Pause Young (Allocation Failure) 14M->10M(15M) 0.869ms
[215.815s][info][gc] GC(11661) Pause Young (Allocation Failure) 14M->10M(15M) 0.513ms
[215.821s][info][gc] GC(11662) Pause Young (Allocation Failure) 14M->10M(15M) 0.831ms
[215.826s][info][gc] GC(11663) Pause Young (Allocation Failure) 14M->10M(15M) 0.575ms
[215.832s][info][gc] GC(11664) Pause Young (Allocation Failure) 14M->10M(15M) 0.581ms
[215.838s][info][gc] GC(11665) Pause Young (Allocation Failure) 14M->10M(15M) 0.552ms
[215.843s][info][gc] GC(11666) Pause Young (Allocation Failure) 14M->10M(15M) 0.559ms
[215.850s][info][gc] GC(11667) Pause Young (Allocation Failure) 14M->10M(15M) 0.850ms
[215.855s][info][gc] GC(11668) Pause Young (Allocation Failure) 14M->10M(15M) 0.580ms
[215.861s][info][gc] GC(11669) Pause Young (Allocation Failure) 14M->10M(15M) 1.078ms
[215.869s][info][gc] GC(11670) Pause Young (Allocation Failure) 14M->10M(15M) 0.859ms
[215.878s][info][gc] GC(11671) Pause Young (Allocation Failure) 14M->10M(15M) 0.636ms
[215.885s][info][gc] GC(11672) Pause Young (Allocation Failure) 14M->10M(15M) 0.928ms
[215.893s][info][gc] GC(11673) Pause Young (Allocation Failure) 14M->10M(15M) 0.422ms
[215.900s][info][gc] GC(11674) Pause Young (Allocation Failure) 14M->10M(15M) 0.918ms
[215.908s][info][gc] GC(11675) Pause Young (Allocation Failure) 14M->10M(15M) 0.613ms
[215.913s][info][gc] GC(11676) Pause Young (Allocation Failure) 14M->10M(15M) 0.590ms
[215.920s][info][gc] GC(11677) Pause Young (Allocation Failure) 14M->10M(15M) 0.454ms
[215.925s][info][gc] GC(11678) Pause Young (Allocation Failure) 14M->10M(15M) 0.450ms
[215.932s][info][gc] GC(11679) Pause Young (Allocation Failure) 14M->10M(15M) 0.446ms
[215.937s][info][gc] GC(11680) Pause Young (Allocation Failure) 14M->10M(15M) 0.465ms
[215.943s][info][gc] GC(11681) Pause Young (Allocation Failure) 14M->10M(15M) 0.504ms
[215.948s][info][gc] GC(11682) Pause Young (Allocation Failure) 14M->10M(15M) 0.467ms
[215.953s][info][gc] GC(11683) Pause Young (Allocation Failure) 14M->10M(15M) 0.508ms
[215.960s][info][gc] GC(11684) Pause Young (Allocation Failure) 14M->10M(15M) 0.707ms
[215.965s][info][gc] GC(11685) Pause Young (Allocation Failure) 14M->10M(15M) 0.540ms
[215.971s][info][gc] GC(11686) Pause Young (Allocation Failure) 14M->10M(15M) 0.555ms
[215.977s][info][gc] GC(11687) Pause Young (Allocation Failure) 14M->10M(15M) 0.538ms
[215.983s][info][gc] GC(11688) Pause Young (Allocation Failure) 14M->10M(15M) 0.944ms
[215.987s][info][gc] GC(11689) Pause Young (Allocation Failure) 14M->10M(15M) 0.576ms
[215.993s][info][gc] GC(11690) Pause Young (Allocation Failure) 14M->10M(15M) 0.610ms
[216.001s][info][gc] GC(11691) Pause Young (Allocation Failure) 14M->10M(15M) 0.581ms
[216.006s][info][gc] GC(11692) Pause Young (Allocation Failure) 14M->10M(15M) 0.791ms
[216.014s][info][gc] GC(11693) Pause Young (Allocation Failure) 14M->10M(15M) 0.644ms
[216.020s][info][gc] GC(11694) Pause Young (Allocation Failure) 14M->10M(15M) 0.681ms
[216.028s][info][gc] GC(11695) Pause Young (Allocation Failure) 14M->10M(15M) 0.831ms
[216.035s][info][gc] GC(11696) Pause Young (Allocation Failure) 14M->10M(15M) 0.723ms
[216.041s][info][gc] GC(11697) Pause Young (Allocation Failure) 14M->10M(15M) 0.463ms
[216.046s][info][gc] GC(11698) Pause Young (Allocation Failure) 14M->10M(15M) 0.702ms
[216.052s][info][gc] GC(11699) Pause Young (Allocation Failure) 14M->10M(15M) 0.484ms
[216.059s][info][gc] GC(11700) Pause Young (Allocation Failure) 14M->10M(15M) 0.531ms
[216.067s][info][gc] GC(11701) Pause Young (Allocation Failure) 14M->10M(15M) 0.883ms
[216.079s][info][gc] GC(11702) Pause Young (Allocation Failure) 14M->10M(15M) 0.606ms
[216.084s][info][gc] GC(11703) Pause Young (Allocation Failure) 14M->10M(15M) 0.481ms
[216.091s][info][gc] GC(11704) Pause Young (Allocation Failure) 14M->10M(15M) 0.518ms
[216.096s][info][gc] GC(11705) Pause Young (Allocation Failure) 14M->10M(15M) 0.510ms
[216.104s][info][gc] GC(11706) Pause Young (Allocation Failure) 14M->10M(15M) 0.777ms
[216.110s][info][gc] GC(11707) Pause Young (Allocation Failure) 14M->10M(15M) 0.565ms
[216.117s][info][gc] GC(11708) Pause Young (Allocation Failure) 14M->10M(15M) 0.646ms
[216.125s][info][gc] GC(11709) Pause Young (Allocation Failure) 14M->10M(15M) 0.965ms
[216.132s][info][gc] GC(11710) Pause Young (Allocation Failure) 14M->10M(15M) 0.773ms
[216.139s][info][gc] GC(11711) Pause Young (Allocation Failure) 14M->10M(15M) 0.697ms
[216.146s][info][gc] GC(11712) Pause Young (Allocation Failure) 14M->10M(15M) 0.948ms
[216.151s][info][gc] GC(11713) Pause Young (Allocation Failure) 14M->10M(15M) 0.628ms
[216.158s][info][gc] GC(11714) Pause Young (Allocation Failure) 14M->10M(15M) 0.646ms
[216.163s][info][gc] GC(11715) Pause Young (Allocation Failure) 14M->10M(15M) 0.622ms
[216.170s][info][gc] GC(11716) Pause Young (Allocation Failure) 14M->10M(15M) 1.153ms
[216.178s][info][gc] GC(11717) Pause Young (Allocation Failure) 14M->10M(15M) 0.597ms
[216.186s][info][gc] GC(11718) Pause Young (Allocation Failure) 14M->10M(15M) 0.444ms
[216.193s][info][gc] GC(11719) Pause Young (Allocation Failure) 14M->10M(15M) 0.509ms
[216.200s][info][gc] GC(11720) Pause Young (Allocation Failure) 14M->10M(15M) 0.458ms
[216.207s][info][gc] GC(11721) Pause Young (Allocation Failure) 14M->10M(15M) 0.646ms
[216.216s][info][gc] GC(11722) Pause Young (Allocation Failure) 14M->10M(15M) 0.608ms
[216.222s][info][gc] GC(11723) Pause Young (Allocation Failure) 14M->10M(15M) 0.942ms
[216.229s][info][gc] GC(11724) Pause Young (Allocation Failure) 14M->10M(15M) 0.628ms
[216.237s][info][gc] GC(11725) Pause Young (Allocation Failure) 14M->10M(15M) 0.524ms
[216.243s][info][gc] GC(11726) Pause Young (Allocation Failure) 14M->10M(15M) 0.510ms
[216.251s][info][gc] GC(11727) Pause Young (Allocation Failure) 14M->10M(15M) 0.688ms
[216.256s][info][gc] GC(11728) Pause Young (Allocation Failure) 14M->10M(15M) 0.512ms
[216.262s][info][gc] GC(11729) Pause Young (Allocation Failure) 14M->10M(15M) 0.980ms
[216.268s][info][gc] GC(11730) Pause Young (Allocation Failure) 14M->10M(15M) 0.553ms
[216.274s][info][gc] GC(11731) Pause Young (Allocation Failure) 14M->10M(15M) 0.627ms
[216.281s][info][gc] GC(11732) Pause Young (Allocation Failure) 14M->10M(15M) 0.602ms
[216.286s][info][gc] GC(11733) Pause Young (Allocation Failure) 14M->10M(15M) 0.575ms
[216.293s][info][gc] GC(11734) Pause Young (Allocation Failure) 14M->10M(15M) 0.613ms
[216.298s][info][gc] GC(11735) Pause Young (Allocation Failure) 14M->10M(15M) 0.553ms
[216.305s][info][gc] GC(11736) Pause Young (Allocation Failure) 14M->10M(15M) 0.628ms
[216.310s][info][gc] GC(11737) Pause Young (Allocation Failure) 14M->10M(15M) 0.596ms
[216.317s][info][gc] GC(11738) Pause Young (Allocation Failure) 14M->10M(15M) 0.700ms
[216.322s][info][gc] GC(11739) Pause Young (Allocation Failure) 14M->10M(15M) 0.397ms
[216.328s][info][gc] GC(11740) Pause Young (Allocation Failure) 14M->10M(15M) 0.883ms
[216.334s][info][gc] GC(11741) Pause Young (Allocation Failure) 14M->10M(15M) 0.444ms
[216.339s][info][gc] GC(11742) Pause Young (Allocation Failure) 14M->10M(15M) 0.576ms
[216.346s][info][gc] GC(11743) Pause Young (Allocation Failure) 14M->10M(15M) 0.487ms
[216.351s][info][gc] GC(11744) Pause Young (Allocation Failure) 14M->10M(15M) 0.467ms
[216.358s][info][gc] GC(11745) Pause Young (Allocation Failure) 14M->10M(15M) 0.464ms
[216.364s][info][gc] GC(11746) Pause Young (Allocation Failure) 14M->10M(15M) 0.509ms
[216.370s][info][gc] GC(11747) Pause Young (Allocation Failure) 14M->10M(15M) 0.515ms
[216.375s][info][gc] GC(11748) Pause Young (Allocation Failure) 14M->10M(15M) 0.494ms
[216.381s][info][gc] GC(11749) Pause Young (Allocation Failure) 14M->10M(15M) 0.494ms
[216.387s][info][gc] GC(11750) Pause Young (Allocation Failure) 14M->10M(15M) 0.528ms
[216.393s][info][gc] GC(11751) Pause Young (Allocation Failure) 14M->10M(15M) 0.545ms
[216.399s][info][gc] GC(11752) Pause Young (Allocation Failure) 14M->10M(15M) 0.560ms
[216.405s][info][gc] GC(11753) Pause Young (Allocation Failure) 14M->10M(15M) 0.605ms
[216.411s][info][gc] GC(11754) Pause Young (Allocation Failure) 14M->10M(15M) 0.574ms
[216.416s][info][gc] GC(11755) Pause Young (Allocation Failure) 14M->10M(15M) 0.594ms
[216.423s][info][gc] GC(11756) Pause Young (Allocation Failure) 14M->10M(15M) 0.857ms
[216.429s][info][gc] GC(11757) Pause Young (Allocation Failure) 14M->10M(15M) 0.748ms
[216.435s][info][gc] GC(11758) Pause Young (Allocation Failure) 14M->10M(15M) 0.998ms
[216.441s][info][gc] GC(11759) Pause Young (Allocation Failure) 14M->10M(15M) 0.658ms
[216.446s][info][gc] GC(11760) Pause Young (Allocation Failure) 14M->10M(15M) 0.620ms
[216.452s][info][gc] GC(11761) Pause Young (Allocation Failure) 14M->10M(15M) 0.414ms
[216.457s][info][gc] GC(11762) Pause Young (Allocation Failure) 14M->10M(15M) 0.446ms
[216.462s][info][gc] GC(11763) Pause Young (Allocation Failure) 14M->10M(15M) 0.847ms
[216.467s][info][gc] GC(11764) Pause Young (Allocation Failure) 14M->10M(15M) 0.484ms
[216.473s][info][gc] GC(11765) Pause Young (Allocation Failure) 14M->10M(15M) 0.575ms
[216.480s][info][gc] GC(11766) Pause Young (Allocation Failure) 14M->10M(15M) 0.553ms
[216.485s][info][gc] GC(11767) Pause Young (Allocation Failure) 14M->10M(15M) 0.543ms
[216.492s][info][gc] GC(11768) Pause Young (Allocation Failure) 14M->10M(15M) 0.555ms
[216.497s][info][gc] GC(11769) Pause Young (Allocation Failure) 14M->10M(15M) 0.753ms
[216.504s][info][gc] GC(11770) Pause Young (Allocation Failure) 14M->10M(15M) 0.624ms
[216.509s][info][gc] GC(11771) Pause Young (Allocation Failure) 14M->10M(15M) 0.597ms
[216.515s][info][gc] GC(11772) Pause Young (Allocation Failure) 14M->10M(15M) 0.855ms
[216.521s][info][gc] GC(11773) Pause Young (Allocation Failure) 14M->10M(15M) 0.546ms
[216.526s][info][gc] GC(11774) Pause Young (Allocation Failure) 14M->10M(15M) 0.554ms
[216.533s][info][gc] GC(11775) Pause Young (Allocation Failure) 14M->10M(15M) 0.917ms
[216.538s][info][gc] GC(11776) Pause Young (Allocation Failure) 14M->10M(15M) 0.574ms
[216.545s][info][gc] GC(11777) Pause Young (Allocation Failure) 14M->10M(15M) 0.772ms
[216.550s][info][gc] GC(11778) Pause Young (Allocation Failure) 14M->10M(15M) 0.719ms
[216.556s][info][gc] GC(11779) Pause Young (Allocation Failure) 14M->10M(15M) 0.980ms
[216.561s][info][gc] GC(11780) Pause Young (Allocation Failure) 14M->10M(15M) 0.644ms
[216.566s][info][gc] GC(11781) Pause Young (Allocation Failure) 14M->10M(15M) 0.660ms
[216.574s][info][gc] GC(11782) Pause Young (Allocation Failure) 14M->10M(15M) 0.670ms
[216.581s][info][gc] GC(11783) Pause Young (Allocation Failure) 14M->10M(15M) 0.427ms
[216.587s][info][gc] GC(11784) Pause Young (Allocation Failure) 14M->10M(15M) 0.712ms
[216.592s][info][gc] GC(11785) Pause Young (Allocation Failure) 14M->10M(15M) 0.457ms
[216.598s][info][gc] GC(11786) Pause Young (Allocation Failure) 14M->10M(15M) 0.568ms
[216.603s][info][gc] GC(11787) Pause Young (Allocation Failure) 14M->10M(15M) 0.475ms
[216.609s][info][gc] GC(11788) Pause Young (Allocation Failure) 14M->10M(15M) 0.684ms
[216.615s][info][gc] GC(11789) Pause Young (Allocation Failure) 14M->10M(15M) 0.527ms
[216.620s][info][gc] GC(11790) Pause Young (Allocation Failure) 14M->10M(15M) 0.522ms
[216.626s][info][gc] GC(11791) Pause Young (Allocation Failure) 14M->10M(15M) 0.494ms
[216.632s][info][gc] GC(11792) Pause Young (Allocation Failure) 14M->10M(15M) 0.549ms
[216.638s][info][gc] GC(11793) Pause Young (Allocation Failure) 14M->10M(15M) 0.594ms
[216.643s][info][gc] GC(11794) Pause Young (Allocation Failure) 14M->10M(15M) 0.523ms
[216.649s][info][gc] GC(11795) Pause Young (Allocation Failure) 14M->10M(15M) 0.864ms
[216.654s][info][gc] GC(11796) Pause Young (Allocation Failure) 14M->10M(15M) 0.855ms
[216.660s][info][gc] GC(11797) Pause Young (Allocation Failure) 14M->10M(15M) 0.667ms
[216.666s][info][gc] GC(11798) Pause Young (Allocation Failure) 14M->10M(15M) 0.566ms
[216.671s][info][gc] GC(11799) Pause Young (Allocation Failure) 14M->10M(15M) 0.580ms
[216.679s][info][gc] GC(11800) Pause Young (Allocation Failure) 14M->10M(15M) 0.912ms
[216.687s][info][gc] GC(11801) Pause Young (Allocation Failure) 14M->10M(15M) 0.837ms
[216.696s][info][gc] GC(11802) Pause Young (Allocation Failure) 14M->10M(15M) 0.578ms
[216.701s][info][gc] GC(11803) Pause Young (Allocation Failure) 14M->10M(15M) 0.726ms
[216.707s][info][gc] GC(11804) Pause Young (Allocation Failure) 14M->10M(15M) 0.587ms
[216.712s][info][gc] GC(11805) Pause Young (Allocation Failure) 14M->10M(15M) 0.403ms
[216.720s][info][gc] GC(11806) Pause Young (Allocation Failure) 14M->10M(15M) 0.658ms
[216.725s][info][gc] GC(11807) Pause Young (Allocation Failure) 14M->10M(15M) 0.450ms
[216.733s][info][gc] GC(11808) Pause Young (Allocation Failure) 14M->10M(15M) 0.452ms
[216.739s][info][gc] GC(11809) Pause Young (Allocation Failure) 14M->10M(15M) 0.437ms
[216.745s][info][gc] GC(11810) Pause Young (Allocation Failure) 14M->10M(15M) 0.500ms
[216.750s][info][gc] GC(11811) Pause Young (Allocation Failure) 14M->10M(15M) 0.470ms
[216.755s][info][gc] GC(11812) Pause Young (Allocation Failure) 14M->10M(15M) 0.977ms
[216.761s][info][gc] GC(11813) Pause Young (Allocation Failure) 14M->10M(15M) 0.502ms
[216.766s][info][gc] GC(11814) Pause Young (Allocation Failure) 14M->10M(15M) 0.469ms
[216.774s][info][gc] GC(11815) Pause Young (Allocation Failure) 14M->10M(15M) 0.569ms
[216.779s][info][gc] GC(11816) Pause Young (Allocation Failure) 14M->10M(15M) 0.584ms
[216.786s][info][gc] GC(11817) Pause Young (Allocation Failure) 14M->10M(15M) 0.567ms
[216.791s][info][gc] GC(11818) Pause Young (Allocation Failure) 14M->10M(15M) 0.674ms
[216.798s][info][gc] GC(11819) Pause Young (Allocation Failure) 14M->10M(15M) 0.570ms
[216.804s][info][gc] GC(11820) Pause Young (Allocation Failure) 14M->10M(15M) 0.592ms
[216.812s][info][gc] GC(11821) Pause Young (Allocation Failure) 14M->10M(15M) 0.845ms
[216.817s][info][gc] GC(11822) Pause Young (Allocation Failure) 14M->10M(15M) 0.601ms
[216.824s][info][gc] GC(11823) Pause Young (Allocation Failure) 14M->10M(15M) 0.677ms
[216.829s][info][gc] GC(11824) Pause Young (Allocation Failure) 14M->10M(15M) 0.546ms
[216.834s][info][gc] GC(11825) Pause Young (Allocation Failure) 14M->10M(15M) 0.579ms
[216.841s][info][gc] GC(11826) Pause Young (Allocation Failure) 14M->10M(15M) 0.651ms
[216.846s][info][gc] GC(11827) Pause Young (Allocation Failure) 14M->10M(15M) 0.410ms
[216.853s][info][gc] GC(11828) Pause Young (Allocation Failure) 14M->10M(15M) 0.440ms
[216.858s][info][gc] GC(11829) Pause Young (Allocation Failure) 14M->10M(15M) 0.418ms
[216.865s][info][gc] GC(11830) Pause Young (Allocation Failure) 14M->10M(15M) 0.466ms
[216.870s][info][gc] GC(11831) Pause Young (Allocation Failure) 14M->10M(15M) 0.533ms
[216.877s][info][gc] GC(11832) Pause Young (Allocation Failure) 14M->10M(15M) 0.983ms
[216.884s][info][gc] GC(11833) Pause Young (Allocation Failure) 14M->10M(15M) 0.520ms
[216.892s][info][gc] GC(11834) Pause Young (Allocation Failure) 14M->10M(15M) 0.504ms
[216.898s][info][gc] GC(11835) Pause Young (Allocation Failure) 14M->10M(15M) 0.519ms
[216.905s][info][gc] GC(11836) Pause Young (Allocation Failure) 14M->10M(15M) 0.515ms
[216.910s][info][gc] GC(11837) Pause Young (Allocation Failure) 14M->10M(15M) 0.500ms
[216.919s][info][gc] GC(11838) Pause Young (Allocation Failure) 14M->10M(15M) 0.508ms
[216.924s][info][gc] GC(11839) Pause Young (Allocation Failure) 14M->10M(15M) 0.587ms
[216.931s][info][gc] GC(11840) Pause Young (Allocation Failure) 14M->10M(15M) 0.688ms
[216.936s][info][gc] GC(11841) Pause Young (Allocation Failure) 14M->10M(15M) 0.548ms
[216.942s][info][gc] GC(11842) Pause Young (Allocation Failure) 14M->10M(15M) 0.969ms
[216.948s][info][gc] GC(11843) Pause Young (Allocation Failure) 14M->10M(15M) 0.581ms
[216.954s][info][gc] GC(11844) Pause Young (Allocation Failure) 14M->10M(15M) 0.623ms
[216.960s][info][gc] GC(11845) Pause Young (Allocation Failure) 14M->10M(15M) 0.590ms
[216.965s][info][gc] GC(11846) Pause Young (Allocation Failure) 14M->10M(15M) 0.603ms
[216.971s][info][gc] GC(11847) Pause Young (Allocation Failure) 14M->10M(15M) 0.585ms
[216.977s][info][gc] GC(11848) Pause Young (Allocation Failure) 14M->10M(15M) 0.580ms
[216.983s][info][gc] GC(11849) Pause Young (Allocation Failure) 14M->10M(15M) 1.004ms
[216.988s][info][gc] GC(11850) Pause Young (Allocation Failure) 14M->10M(15M) 0.683ms
[216.994s][info][gc] GC(11851) Pause Young (Allocation Failure) 14M->10M(15M) 0.423ms
[217.000s][info][gc] GC(11852) Pause Young (Allocation Failure) 14M->10M(15M) 0.489ms
[217.005s][info][gc] GC(11853) Pause Young (Allocation Failure) 14M->10M(15M) 0.482ms
[217.013s][info][gc] GC(11854) Pause Young (Allocation Failure) 14M->10M(15M) 0.453ms
[217.018s][info][gc] GC(11855) Pause Young (Allocation Failure) 14M->10M(15M) 0.448ms
[217.024s][info][gc] GC(11856) Pause Young (Allocation Failure) 14M->10M(15M) 0.669ms
[217.029s][info][gc] GC(11857) Pause Young (Allocation Failure) 14M->10M(15M) 0.601ms
[217.034s][info][gc] GC(11858) Pause Young (Allocation Failure) 14M->10M(15M) 0.470ms
[217.041s][info][gc] GC(11859) Pause Young (Allocation Failure) 14M->10M(15M) 0.779ms
[217.046s][info][gc] GC(11860) Pause Young (Allocation Failure) 14M->10M(15M) 0.518ms
[217.053s][info][gc] GC(11861) Pause Young (Allocation Failure) 14M->10M(15M) 0.513ms
[217.058s][info][gc] GC(11862) Pause Young (Allocation Failure) 14M->10M(15M) 0.493ms
[217.064s][info][gc] GC(11863) Pause Young (Allocation Failure) 14M->10M(15M) 0.884ms
[217.069s][info][gc] GC(11864) Pause Young (Allocation Failure) 14M->10M(15M) 0.538ms
[217.076s][info][gc] GC(11865) Pause Young (Allocation Failure) 14M->10M(15M) 1.019ms
[217.085s][info][gc] GC(11866) Pause Young (Allocation Failure) 14M->10M(15M) 0.878ms
[217.093s][info][gc] GC(11867) Pause Young (Allocation Failure) 14M->10M(15M) 0.851ms
[217.099s][info][gc] GC(11868) Pause Young (Allocation Failure) 14M->10M(15M) 0.583ms
[217.106s][info][gc] GC(11869) Pause Young (Allocation Failure) 14M->10M(15M) 0.598ms
[217.111s][info][gc] GC(11870) Pause Young (Allocation Failure) 14M->10M(15M) 0.800ms
[217.119s][info][gc] GC(11871) Pause Young (Allocation Failure) 14M->10M(15M) 0.958ms
[217.127s][info][gc] GC(11872) Pause Young (Allocation Failure) 14M->10M(15M) 0.828ms
[217.136s][info][gc] GC(11873) Pause Young (Allocation Failure) 14M->10M(15M) 0.983ms
[217.142s][info][gc] GC(11874) Pause Young (Allocation Failure) 14M->10M(15M) 1.165ms
[217.149s][info][gc] GC(11875) Pause Young (Allocation Failure) 14M->10M(15M) 0.438ms
[217.155s][info][gc] GC(11876) Pause Young (Allocation Failure) 14M->10M(15M) 0.597ms
[217.161s][info][gc] GC(11877) Pause Young (Allocation Failure) 14M->10M(15M) 0.449ms
[217.167s][info][gc] GC(11878) Pause Young (Allocation Failure) 14M->10M(15M) 0.520ms
[217.173s][info][gc] GC(11879) Pause Young (Allocation Failure) 14M->10M(15M) 0.503ms
[217.178s][info][gc] GC(11880) Pause Young (Allocation Failure) 14M->10M(15M) 0.483ms
[217.186s][info][gc] GC(11881) Pause Young (Allocation Failure) 14M->10M(15M) 0.781ms
[217.191s][info][gc] GC(11882) Pause Young (Allocation Failure) 14M->10M(15M) 0.538ms
[217.199s][info][gc] GC(11883) Pause Young (Allocation Failure) 14M->10M(15M) 0.543ms
[217.204s][info][gc] GC(11884) Pause Young (Allocation Failure) 14M->10M(15M) 0.785ms
[217.211s][info][gc] GC(11885) Pause Young (Allocation Failure) 14M->10M(15M) 1.081ms
[217.217s][info][gc] GC(11886) Pause Young (Allocation Failure) 14M->10M(15M) 0.887ms
[217.223s][info][gc] GC(11887) Pause Young (Allocation Failure) 14M->10M(15M) 0.868ms
[217.229s][info][gc] GC(11888) Pause Young (Allocation Failure) 14M->10M(15M) 0.663ms
[217.235s][info][gc] GC(11889) Pause Young (Allocation Failure) 14M->10M(15M) 0.642ms
[217.242s][info][gc] GC(11890) Pause Young (Allocation Failure) 14M->10M(15M) 0.658ms
[217.248s][info][gc] GC(11891) Pause Young (Allocation Failure) 14M->10M(15M) 0.688ms
[217.254s][info][gc] GC(11892) Pause Young (Allocation Failure) 14M->10M(15M) 0.439ms
[217.260s][info][gc] GC(11893) Pause Young (Allocation Failure) 14M->10M(15M) 0.545ms
[217.267s][info][gc] GC(11894) Pause Young (Allocation Failure) 14M->10M(15M) 0.440ms
[217.272s][info][gc] GC(11895) Pause Young (Allocation Failure) 14M->10M(15M) 0.440ms
[217.278s][info][gc] GC(11896) Pause Young (Allocation Failure) 14M->10M(15M) 0.474ms
[217.283s][info][gc] GC(11897) Pause Young (Allocation Failure) 14M->10M(15M) 0.444ms
[217.289s][info][gc] GC(11898) Pause Young (Allocation Failure) 14M->10M(15M) 0.878ms
[217.295s][info][gc] GC(11899) Pause Young (Allocation Failure) 14M->10M(15M) 0.531ms
[217.301s][info][gc] GC(11900) Pause Young (Allocation Failure) 14M->10M(15M) 0.469ms
[217.307s][info][gc] GC(11901) Pause Young (Allocation Failure) 14M->10M(15M) 0.538ms
[217.313s][info][gc] GC(11902) Pause Young (Allocation Failure) 14M->10M(15M) 0.552ms
[217.320s][info][gc] GC(11903) Pause Young (Allocation Failure) 14M->10M(15M) 0.538ms
[217.325s][info][gc] GC(11904) Pause Young (Allocation Failure) 14M->10M(15M) 0.574ms
[217.332s][info][gc] GC(11905) Pause Young (Allocation Failure) 14M->10M(15M) 0.681ms
[217.337s][info][gc] GC(11906) Pause Young (Allocation Failure) 14M->10M(15M) 0.637ms
[217.343s][info][gc] GC(11907) Pause Young (Allocation Failure) 14M->10M(15M) 1.170ms
[217.349s][info][gc] GC(11908) Pause Young (Allocation Failure) 14M->10M(15M) 0.669ms
[217.355s][info][gc] GC(11909) Pause Young (Allocation Failure) 14M->10M(15M) 0.704ms
[217.362s][info][gc] GC(11910) Pause Young (Allocation Failure) 14M->10M(15M) 0.580ms
[217.367s][info][gc] GC(11911) Pause Young (Allocation Failure) 14M->10M(15M) 0.604ms
[217.375s][info][gc] GC(11912) Pause Young (Allocation Failure) 14M->10M(15M) 0.614ms
[217.380s][info][gc] GC(11913) Pause Young (Allocation Failure) 14M->10M(15M) 0.570ms
[217.386s][info][gc] GC(11914) Pause Young (Allocation Failure) 14M->10M(15M) 0.427ms
[217.391s][info][gc] GC(11915) Pause Young (Allocation Failure) 14M->10M(15M) 0.407ms
[217.398s][info][gc] GC(11916) Pause Young (Allocation Failure) 14M->10M(15M) 0.747ms
[217.402s][info][gc] GC(11917) Pause Young (Allocation Failure) 14M->10M(15M) 0.426ms
[217.408s][info][gc] GC(11918) Pause Young (Allocation Failure) 14M->10M(15M) 0.463ms
[217.414s][info][gc] GC(11919) Pause Young (Allocation Failure) 14M->10M(15M) 0.486ms
[217.420s][info][gc] GC(11920) Pause Young (Allocation Failure) 14M->10M(15M) 0.689ms
[217.426s][info][gc] GC(11921) Pause Young (Allocation Failure) 14M->10M(15M) 0.563ms
[217.432s][info][gc] GC(11922) Pause Young (Allocation Failure) 14M->10M(15M) 0.554ms
[217.438s][info][gc] GC(11923) Pause Young (Allocation Failure) 14M->10M(15M) 0.624ms
[217.443s][info][gc] GC(11924) Pause Young (Allocation Failure) 14M->10M(15M) 0.500ms
[217.449s][info][gc] GC(11925) Pause Young (Allocation Failure) 14M->10M(15M) 0.841ms
[217.455s][info][gc] GC(11926) Pause Young (Allocation Failure) 14M->10M(15M) 0.555ms
[217.461s][info][gc] GC(11927) Pause Young (Allocation Failure) 14M->10M(15M) 0.575ms
[217.467s][info][gc] GC(11928) Pause Young (Allocation Failure) 14M->10M(15M) 0.570ms
[217.472s][info][gc] GC(11929) Pause Young (Allocation Failure) 14M->10M(15M) 0.583ms
[217.479s][info][gc] GC(11930) Pause Young (Allocation Failure) 14M->10M(15M) 0.618ms
[217.485s][info][gc] GC(11931) Pause Young (Allocation Failure) 14M->10M(15M) 0.591ms
[217.491s][info][gc] GC(11932) Pause Young (Allocation Failure) 14M->10M(15M) 1.057ms
[217.497s][info][gc] GC(11933) Pause Young (Allocation Failure) 14M->10M(15M) 0.648ms
[217.502s][info][gc] GC(11934) Pause Young (Allocation Failure) 14M->10M(15M) 0.596ms
[217.508s][info][gc] GC(11935) Pause Young (Allocation Failure) 14M->10M(15M) 0.432ms
[217.515s][info][gc] GC(11936) Pause Young (Allocation Failure) 14M->10M(15M) 0.490ms
[217.521s][info][gc] GC(11937) Pause Young (Allocation Failure) 14M->10M(15M) 0.464ms
[217.527s][info][gc] GC(11938) Pause Young (Allocation Failure) 14M->10M(15M) 0.491ms
[217.533s][info][gc] GC(11939) Pause Young (Allocation Failure) 14M->10M(15M) 0.489ms
[217.538s][info][gc] GC(11940) Pause Young (Allocation Failure) 14M->10M(15M) 0.499ms
[217.545s][info][gc] GC(11941) Pause Young (Allocation Failure) 14M->10M(15M) 0.521ms
[217.551s][info][gc] GC(11942) Pause Young (Allocation Failure) 14M->10M(15M) 0.524ms
[217.556s][info][gc] GC(11943) Pause Young (Allocation Failure) 14M->10M(15M) 1.153ms
[217.562s][info][gc] GC(11944) Pause Young (Allocation Failure) 14M->10M(15M) 0.837ms
[217.568s][info][gc] GC(11945) Pause Young (Allocation Failure) 14M->10M(15M) 0.548ms
[217.574s][info][gc] GC(11946) Pause Young (Allocation Failure) 14M->10M(15M) 0.569ms
[217.579s][info][gc] GC(11947) Pause Young (Allocation Failure) 14M->10M(15M) 0.597ms
[217.585s][info][gc] GC(11948) Pause Young (Allocation Failure) 14M->10M(15M) 0.618ms
[217.591s][info][gc] GC(11949) Pause Young (Allocation Failure) 14M->10M(15M) 0.591ms
[217.597s][info][gc] GC(11950) Pause Young (Allocation Failure) 14M->10M(15M) 0.961ms
[217.603s][info][gc] GC(11951) Pause Young (Allocation Failure) 14M->10M(15M) 0.662ms
[217.608s][info][gc] GC(11952) Pause Young (Allocation Failure) 14M->10M(15M) 0.657ms
[217.615s][info][gc] GC(11953) Pause Young (Allocation Failure) 14M->10M(15M) 0.626ms
[217.620s][info][gc] GC(11954) Pause Young (Allocation Failure) 14M->10M(15M) 0.582ms
[217.627s][info][gc] GC(11955) Pause Young (Allocation Failure) 14M->10M(15M) 0.697ms
[217.632s][info][gc] GC(11956) Pause Young (Allocation Failure) 14M->10M(15M) 0.406ms
[217.638s][info][gc] GC(11957) Pause Young (Allocation Failure) 14M->10M(15M) 0.719ms
[217.643s][info][gc] GC(11958) Pause Young (Allocation Failure) 14M->10M(15M) 0.400ms
[217.648s][info][gc] GC(11959) Pause Young (Allocation Failure) 14M->10M(15M) 0.391ms
[217.655s][info][gc] GC(11960) Pause Young (Allocation Failure) 14M->10M(15M) 0.498ms
[217.660s][info][gc] GC(11961) Pause Young (Allocation Failure) 14M->10M(15M) 0.478ms
[217.666s][info][gc] GC(11962) Pause Young (Allocation Failure) 14M->10M(15M) 0.490ms
[217.672s][info][gc] GC(11963) Pause Young (Allocation Failure) 14M->10M(15M) 0.548ms
[217.677s][info][gc] GC(11964) Pause Young (Allocation Failure) 14M->10M(15M) 0.797ms
[217.683s][info][gc] GC(11965) Pause Young (Allocation Failure) 14M->10M(15M) 0.554ms
[217.689s][info][gc] GC(11966) Pause Young (Allocation Failure) 14M->10M(15M) 0.520ms
[217.696s][info][gc] GC(11967) Pause Young (Allocation Failure) 14M->10M(15M) 0.576ms
[217.701s][info][gc] GC(11968) Pause Young (Allocation Failure) 14M->10M(15M) 0.598ms
[217.709s][info][gc] GC(11969) Pause Young (Allocation Failure) 14M->10M(15M) 0.618ms
[217.713s][info][gc] GC(11970) Pause Young (Allocation Failure) 14M->10M(15M) 0.591ms
[217.720s][info][gc] GC(11971) Pause Young (Allocation Failure) 14M->10M(15M) 0.698ms
[217.725s][info][gc] GC(11972) Pause Young (Allocation Failure) 14M->10M(15M) 0.591ms
[217.733s][info][gc] GC(11973) Pause Young (Allocation Failure) 14M->10M(15M) 0.846ms
[217.738s][info][gc] GC(11974) Pause Young (Allocation Failure) 14M->10M(15M) 0.686ms
[217.745s][info][gc] GC(11975) Pause Young (Allocation Failure) 14M->10M(15M) 1.008ms
[217.751s][info][gc] GC(11976) Pause Young (Allocation Failure) 14M->10M(15M) 0.686ms
[217.757s][info][gc] GC(11977) Pause Young (Allocation Failure) 14M->10M(15M) 1.111ms
[217.762s][info][gc] GC(11978) Pause Young (Allocation Failure) 14M->10M(15M) 0.641ms
[217.767s][info][gc] GC(11979) Pause Young (Allocation Failure) 14M->10M(15M) 0.369ms
[217.773s][info][gc] GC(11980) Pause Young (Allocation Failure) 14M->10M(15M) 0.402ms
[217.778s][info][gc] GC(11981) Pause Young (Allocation Failure) 14M->10M(15M) 0.369ms
[217.785s][info][gc] GC(11982) Pause Young (Allocation Failure) 14M->10M(15M) 0.754ms
[217.791s][info][gc] GC(11983) Pause Young (Allocation Failure) 14M->10M(15M) 0.536ms
[217.795s][info][gc] GC(11984) Pause Young (Allocation Failure) 14M->10M(15M) 0.547ms
[217.802s][info][gc] GC(11985) Pause Young (Allocation Failure) 14M->10M(15M) 0.547ms
[217.807s][info][gc] GC(11986) Pause Young (Allocation Failure) 14M->10M(15M) 0.524ms
[217.814s][info][gc] GC(11987) Pause Young (Allocation Failure) 14M->10M(15M) 0.608ms
[217.820s][info][gc] GC(11988) Pause Young (Allocation Failure) 14M->10M(15M) 0.641ms
[217.826s][info][gc] GC(11989) Pause Young (Allocation Failure) 14M->10M(15M) 0.571ms
[217.831s][info][gc] GC(11990) Pause Young (Allocation Failure) 14M->10M(15M) 0.581ms
[217.839s][info][gc] GC(11991) Pause Young (Allocation Failure) 14M->10M(15M) 1.014ms
[217.844s][info][gc] GC(11992) Pause Young (Allocation Failure) 14M->10M(15M) 0.593ms
[217.849s][info][gc] GC(11993) Pause Young (Allocation Failure) 14M->10M(15M) 0.737ms
[217.856s][info][gc] GC(11994) Pause Young (Allocation Failure) 14M->10M(15M) 0.591ms
[217.862s][info][gc] GC(11995) Pause Young (Allocation Failure) 14M->10M(15M) 0.849ms
[217.871s][info][gc] GC(11996) Pause Young (Allocation Failure) 14M->10M(15M) 0.598ms
[217.879s][info][gc] GC(11997) Pause Young (Allocation Failure) 14M->10M(15M) 1.018ms
[217.885s][info][gc] GC(11998) Pause Young (Allocation Failure) 14M->10M(15M) 1.013ms
[217.894s][info][gc] GC(11999) Pause Young (Allocation Failure) 14M->10M(15M) 0.647ms
[217.902s][info][gc] GC(12000) Pause Young (Allocation Failure) 14M->10M(15M) 0.817ms
[217.914s][info][gc] GC(12001) Pause Young (Allocation Failure) 14M->10M(15M) 6.128ms
[217.921s][info][gc] GC(12002) Pause Young (Allocation Failure) 14M->10M(15M) 0.419ms
[217.926s][info][gc] GC(12003) Pause Young (Allocation Failure) 14M->10M(15M) 0.453ms
[217.934s][info][gc] GC(12004) Pause Young (Allocation Failure) 14M->10M(15M) 0.456ms
[217.939s][info][gc] GC(12005) Pause Young (Allocation Failure) 14M->10M(15M) 0.481ms
[217.945s][info][gc] GC(12006) Pause Young (Allocation Failure) 14M->10M(15M) 0.552ms
[217.950s][info][gc] GC(12007) Pause Young (Allocation Failure) 14M->10M(15M) 0.491ms
[217.956s][info][gc] GC(12008) Pause Young (Allocation Failure) 14M->10M(15M) 0.530ms
[217.962s][info][gc] GC(12009) Pause Young (Allocation Failure) 14M->10M(15M) 0.513ms
[217.967s][info][gc] GC(12010) Pause Young (Allocation Failure) 14M->10M(15M) 0.516ms
[217.974s][info][gc] GC(12011) Pause Young (Allocation Failure) 14M->10M(15M) 0.520ms
[217.979s][info][gc] GC(12012) Pause Young (Allocation Failure) 14M->10M(15M) 0.513ms
[217.985s][info][gc] GC(12013) Pause Young (Allocation Failure) 14M->10M(15M) 0.565ms
[217.991s][info][gc] GC(12014) Pause Young (Allocation Failure) 14M->10M(15M) 0.603ms
[217.996s][info][gc] GC(12015) Pause Young (Allocation Failure) 14M->10M(15M) 0.562ms
[218.002s][info][gc] GC(12016) Pause Young (Allocation Failure) 14M->10M(15M) 0.575ms
[218.009s][info][gc] GC(12017) Pause Young (Allocation Failure) 14M->10M(15M) 0.608ms
[218.015s][info][gc] GC(12018) Pause Young (Allocation Failure) 14M->10M(15M) 0.604ms
[218.020s][info][gc] GC(12019) Pause Young (Allocation Failure) 14M->10M(15M) 0.644ms
[218.027s][info][gc] GC(12020) Pause Young (Allocation Failure) 14M->10M(15M) 0.604ms
[218.032s][info][gc] GC(12021) Pause Young (Allocation Failure) 14M->10M(15M) 0.402ms
[218.038s][info][gc] GC(12022) Pause Young (Allocation Failure) 14M->10M(15M) 0.663ms
[218.043s][info][gc] GC(12023) Pause Young (Allocation Failure) 14M->10M(15M) 0.449ms
[218.049s][info][gc] GC(12024) Pause Young (Allocation Failure) 14M->10M(15M) 0.463ms
[218.056s][info][gc] GC(12025) Pause Young (Allocation Failure) 14M->10M(15M) 0.737ms
[218.060s][info][gc] GC(12026) Pause Young (Allocation Failure) 14M->10M(15M) 0.497ms
[218.067s][info][gc] GC(12027) Pause Young (Allocation Failure) 14M->10M(15M) 0.643ms
[218.073s][info][gc] GC(12028) Pause Young (Allocation Failure) 14M->10M(15M) 1.041ms
[218.081s][info][gc] GC(12029) Pause Young (Allocation Failure) 14M->10M(15M) 0.944ms
[218.088s][info][gc] GC(12030) Pause Young (Allocation Failure) 14M->10M(15M) 0.522ms
[218.096s][info][gc] GC(12031) Pause Young (Allocation Failure) 14M->10M(15M) 0.629ms
[218.103s][info][gc] GC(12032) Pause Young (Allocation Failure) 14M->10M(15M) 0.943ms
[218.109s][info][gc] GC(12033) Pause Young (Allocation Failure) 14M->10M(15M) 0.624ms
[218.115s][info][gc] GC(12034) Pause Young (Allocation Failure) 14M->10M(15M) 0.553ms
[218.121s][info][gc] GC(12035) Pause Young (Allocation Failure) 14M->10M(15M) 0.633ms
[218.127s][info][gc] GC(12036) Pause Young (Allocation Failure) 14M->10M(15M) 0.550ms
[218.136s][info][gc] GC(12037) Pause Young (Allocation Failure) 14M->10M(15M) 0.842ms
[218.142s][info][gc] GC(12038) Pause Young (Allocation Failure) 14M->10M(15M) 0.665ms
[218.150s][info][gc] GC(12039) Pause Young (Allocation Failure) 14M->10M(15M) 0.661ms
[218.155s][info][gc] GC(12040) Pause Young (Allocation Failure) 14M->10M(15M) 0.661ms
[218.163s][info][gc] GC(12041) Pause Young (Allocation Failure) 14M->10M(15M) 0.643ms
[218.168s][info][gc] GC(12042) Pause Young (Allocation Failure) 14M->10M(15M) 0.426ms
[218.175s][info][gc] GC(12043) Pause Young (Allocation Failure) 14M->10M(15M) 0.449ms
[218.181s][info][gc] GC(12044) Pause Young (Allocation Failure) 14M->10M(15M) 0.772ms
[218.189s][info][gc] GC(12045) Pause Young (Allocation Failure) 14M->10M(15M) 0.482ms
[218.196s][info][gc] GC(12046) Pause Young (Allocation Failure) 14M->10M(15M) 0.474ms
[218.204s][info][gc] GC(12047) Pause Young (Allocation Failure) 14M->10M(15M) 0.508ms
[218.209s][info][gc] GC(12048) Pause Young (Allocation Failure) 14M->10M(15M) 0.611ms
[218.217s][info][gc] GC(12049) Pause Young (Allocation Failure) 14M->10M(15M) 0.546ms
[218.223s][info][gc] GC(12050) Pause Young (Allocation Failure) 14M->10M(15M) 0.537ms
[218.231s][info][gc] GC(12051) Pause Young (Allocation Failure) 14M->10M(15M) 0.547ms
[218.236s][info][gc] GC(12052) Pause Young (Allocation Failure) 14M->10M(15M) 0.729ms
[218.244s][info][gc] GC(12053) Pause Young (Allocation Failure) 14M->10M(15M) 0.842ms
[218.251s][info][gc] GC(12054) Pause Young (Allocation Failure) 14M->10M(15M) 0.951ms
[218.257s][info][gc] GC(12055) Pause Young (Allocation Failure) 14M->10M(15M) 0.667ms
[218.262s][info][gc] GC(12056) Pause Young (Allocation Failure) 14M->10M(15M) 0.561ms
[218.268s][info][gc] GC(12057) Pause Young (Allocation Failure) 14M->10M(15M) 0.639ms
[218.274s][info][gc] GC(12058) Pause Young (Allocation Failure) 14M->10M(15M) 0.771ms
[218.282s][info][gc] GC(12059) Pause Young (Allocation Failure) 14M->10M(15M) 0.588ms
[218.287s][info][gc] GC(12060) Pause Young (Allocation Failure) 14M->10M(15M) 0.400ms
[218.293s][info][gc] GC(12061) Pause Young (Allocation Failure) 14M->10M(15M) 0.447ms
[218.299s][info][gc] GC(12062) Pause Young (Allocation Failure) 14M->10M(15M) 0.442ms
[218.306s][info][gc] GC(12063) Pause Young (Allocation Failure) 14M->10M(15M) 0.717ms
[218.311s][info][gc] GC(12064) Pause Young (Allocation Failure) 14M->10M(15M) 0.502ms
[218.316s][info][gc] GC(12065) Pause Young (Allocation Failure) 14M->10M(15M) 0.495ms
[218.323s][info][gc] GC(12066) Pause Young (Allocation Failure) 14M->10M(15M) 0.575ms
[218.329s][info][gc] GC(12067) Pause Young (Allocation Failure) 14M->10M(15M) 0.676ms
[218.335s][info][gc] GC(12068) Pause Young (Allocation Failure) 14M->10M(15M) 0.601ms
[218.341s][info][gc] GC(12069) Pause Young (Allocation Failure) 14M->10M(15M) 0.515ms
[218.348s][info][gc] GC(12070) Pause Young (Allocation Failure) 14M->10M(15M) 0.565ms
[218.352s][info][gc] GC(12071) Pause Young (Allocation Failure) 14M->10M(15M) 0.573ms
[218.361s][info][gc] GC(12072) Pause Young (Allocation Failure) 14M->10M(15M) 0.778ms
[218.366s][info][gc] GC(12073) Pause Young (Allocation Failure) 14M->10M(15M) 0.671ms
[218.373s][info][gc] GC(12074) Pause Young (Allocation Failure) 14M->10M(15M) 0.689ms
[218.378s][info][gc] GC(12075) Pause Young (Allocation Failure) 14M->10M(15M) 0.601ms
[218.384s][info][gc] GC(12076) Pause Young (Allocation Failure) 14M->10M(15M) 1.051ms
[218.392s][info][gc] GC(12077) Pause Young (Allocation Failure) 14M->10M(15M) 0.623ms
[218.398s][info][gc] GC(12078) Pause Young (Allocation Failure) 14M->10M(15M) 1.065ms
[218.404s][info][gc] GC(12079) Pause Young (Allocation Failure) 14M->10M(15M) 0.571ms
[218.409s][info][gc] GC(12080) Pause Young (Allocation Failure) 14M->10M(15M) 0.530ms
[218.415s][info][gc] GC(12081) Pause Young (Allocation Failure) 14M->10M(15M) 0.652ms
[218.421s][info][gc] GC(12082) Pause Young (Allocation Failure) 14M->10M(15M) 0.994ms
[218.427s][info][gc] GC(12083) Pause Young (Allocation Failure) 14M->10M(15M) 0.392ms
[218.433s][info][gc] GC(12084) Pause Young (Allocation Failure) 14M->10M(15M) 0.427ms
[218.439s][info][gc] GC(12085) Pause Young (Allocation Failure) 14M->10M(15M) 0.642ms
[218.443s][info][gc] GC(12086) Pause Young (Allocation Failure) 14M->10M(15M) 0.481ms
[218.448s][info][gc] GC(12087) Pause Young (Allocation Failure) 14M->10M(15M) 0.508ms
[218.455s][info][gc] GC(12088) Pause Young (Allocation Failure) 14M->10M(15M) 0.546ms
[218.461s][info][gc] GC(12089) Pause Young (Allocation Failure) 14M->10M(15M) 0.587ms
[218.469s][info][gc] GC(12090) Pause Young (Allocation Failure) 14M->10M(15M) 0.576ms
[218.474s][info][gc] GC(12091) Pause Young (Allocation Failure) 14M->10M(15M) 0.518ms
[218.480s][info][gc] GC(12092) Pause Young (Allocation Failure) 14M->10M(15M) 0.545ms
[218.486s][info][gc] GC(12093) Pause Young (Allocation Failure) 14M->10M(15M) 0.493ms
[218.491s][info][gc] GC(12094) Pause Young (Allocation Failure) 14M->10M(15M) 0.936ms
[218.496s][info][gc] GC(12095) Pause Young (Allocation Failure) 14M->10M(15M) 0.624ms
[218.503s][info][gc] GC(12096) Pause Young (Allocation Failure) 14M->10M(15M) 0.546ms
[218.509s][info][gc] GC(12097) Pause Young (Allocation Failure) 14M->10M(15M) 0.661ms
[218.514s][info][gc] GC(12098) Pause Young (Allocation Failure) 14M->10M(15M) 0.692ms
[218.521s][info][gc] GC(12099) Pause Young (Allocation Failure) 14M->10M(15M) 0.616ms
[218.527s][info][gc] GC(12100) Pause Young (Allocation Failure) 14M->10M(15M) 0.860ms
[218.534s][info][gc] GC(12101) Pause Young (Allocation Failure) 14M->10M(15M) 0.834ms
[218.539s][info][gc] GC(12102) Pause Young (Allocation Failure) 14M->10M(15M) 0.582ms
[218.544s][info][gc] GC(12103) Pause Young (Allocation Failure) 14M->10M(15M) 0.957ms
[218.550s][info][gc] GC(12104) Pause Young (Allocation Failure) 14M->10M(15M) 0.433ms
[218.555s][info][gc] GC(12105) Pause Young (Allocation Failure) 14M->10M(15M) 0.414ms
[218.561s][info][gc] GC(12106) Pause Young (Allocation Failure) 14M->10M(15M) 0.662ms
[218.569s][info][gc] GC(12107) Pause Young (Allocation Failure) 14M->10M(15M) 0.736ms
[218.578s][info][gc] GC(12108) Pause Young (Allocation Failure) 14M->10M(15M) 0.741ms
[218.586s][info][gc] GC(12109) Pause Young (Allocation Failure) 14M->10M(15M) 0.776ms
[218.594s][info][gc] GC(12110) Pause Young (Allocation Failure) 14M->10M(15M) 0.742ms
[218.603s][info][gc] GC(12111) Pause Young (Allocation Failure) 14M->10M(15M) 0.743ms
[218.612s][info][gc] GC(12112) Pause Young (Allocation Failure) 14M->10M(15M) 1.054ms
[218.620s][info][gc] GC(12113) Pause Young (Allocation Failure) 14M->10M(15M) 0.814ms
[218.629s][info][gc] GC(12114) Pause Young (Allocation Failure) 14M->10M(15M) 0.834ms
[218.638s][info][gc] GC(12115) Pause Young (Allocation Failure) 14M->10M(15M) 0.953ms
[218.646s][info][gc] GC(12116) Pause Young (Allocation Failure) 14M->10M(15M) 0.882ms
[218.655s][info][gc] GC(12117) Pause Young (Allocation Failure) 14M->10M(15M) 0.868ms
[218.663s][info][gc] GC(12118) Pause Young (Allocation Failure) 14M->10M(15M) 0.981ms
[218.673s][info][gc] GC(12119) Pause Young (Allocation Failure) 14M->10M(15M) 0.891ms
[218.681s][info][gc] GC(12120) Pause Young (Allocation Failure) 14M->10M(15M) 0.864ms
[218.688s][info][gc] GC(12121) Pause Young (Allocation Failure) 14M->10M(15M) 0.852ms
[218.695s][info][gc] GC(12122) Pause Young (Allocation Failure) 14M->10M(15M) 0.609ms
[218.702s][info][gc] GC(12123) Pause Young (Allocation Failure) 14M->10M(15M) 0.912ms
[218.708s][info][gc] GC(12124) Pause Young (Allocation Failure) 14M->10M(15M) 0.460ms
[218.713s][info][gc] GC(12125) Pause Young (Allocation Failure) 14M->10M(15M) 0.447ms
[218.720s][info][gc] GC(12126) Pause Young (Allocation Failure) 14M->10M(15M) 0.457ms
[218.725s][info][gc] GC(12127) Pause Young (Allocation Failure) 14M->10M(15M) 0.505ms
[218.730s][info][gc] GC(12128) Pause Young (Allocation Failure) 14M->10M(15M) 0.592ms
[218.737s][info][gc] GC(12129) Pause Young (Allocation Failure) 14M->10M(15M) 0.628ms
[218.741s][info][gc] GC(12130) Pause Young (Allocation Failure) 14M->10M(15M) 0.492ms
[218.748s][info][gc] GC(12131) Pause Young (Allocation Failure) 14M->10M(15M) 0.512ms
[218.753s][info][gc] GC(12132) Pause Young (Allocation Failure) 14M->10M(15M) 0.570ms
[218.760s][info][gc] GC(12133) Pause Young (Allocation Failure) 14M->10M(15M) 0.527ms
[218.765s][info][gc] GC(12134) Pause Young (Allocation Failure) 14M->10M(15M) 0.568ms
[218.773s][info][gc] GC(12135) Pause Young (Allocation Failure) 14M->10M(15M) 0.574ms
[218.778s][info][gc] GC(12136) Pause Young (Allocation Failure) 14M->10M(15M) 0.594ms
[218.784s][info][gc] GC(12137) Pause Young (Allocation Failure) 14M->10M(15M) 1.018ms
[218.790s][info][gc] GC(12138) Pause Young (Allocation Failure) 14M->10M(15M) 0.612ms
[218.795s][info][gc] GC(12139) Pause Young (Allocation Failure) 14M->10M(15M) 0.587ms
[218.802s][info][gc] GC(12140) Pause Young (Allocation Failure) 14M->10M(15M) 0.589ms
[218.806s][info][gc] GC(12141) Pause Young (Allocation Failure) 14M->10M(15M) 0.561ms
[218.813s][info][gc] GC(12142) Pause Young (Allocation Failure) 14M->10M(15M) 0.607ms
[218.819s][info][gc] GC(12143) Pause Young (Allocation Failure) 14M->10M(15M) 0.631ms
[218.826s][info][gc] GC(12144) Pause Young (Allocation Failure) 14M->10M(15M) 0.483ms
[218.831s][info][gc] GC(12145) Pause Young (Allocation Failure) 14M->10M(15M) 0.406ms
[218.836s][info][gc] GC(12146) Pause Young (Allocation Failure) 14M->10M(15M) 0.414ms
[218.842s][info][gc] GC(12147) Pause Young (Allocation Failure) 14M->10M(15M) 0.463ms
[218.847s][info][gc] GC(12148) Pause Young (Allocation Failure) 14M->10M(15M) 0.462ms
[218.853s][info][gc] GC(12149) Pause Young (Allocation Failure) 14M->10M(15M) 0.481ms
[218.858s][info][gc] GC(12150) Pause Young (Allocation Failure) 14M->10M(15M) 0.467ms
[218.864s][info][gc] GC(12151) Pause Young (Allocation Failure) 14M->10M(15M) 0.791ms
[218.872s][info][gc] GC(12152) Pause Young (Allocation Failure) 14M->10M(15M) 0.660ms
[218.879s][info][gc] GC(12153) Pause Young (Allocation Failure) 14M->10M(15M) 0.946ms
[218.886s][info][gc] GC(12154) Pause Young (Allocation Failure) 14M->10M(15M) 0.776ms
[218.892s][info][gc] GC(12155) Pause Young (Allocation Failure) 14M->10M(15M) 1.028ms
[218.899s][info][gc] GC(12156) Pause Young (Allocation Failure) 14M->10M(15M) 0.544ms
[218.906s][info][gc] GC(12157) Pause Young (Allocation Failure) 14M->10M(15M) 0.765ms
[218.911s][info][gc] GC(12158) Pause Young (Allocation Failure) 14M->10M(15M) 0.533ms
[218.916s][info][gc] GC(12159) Pause Young (Allocation Failure) 14M->10M(15M) 0.517ms
[218.923s][info][gc] GC(12160) Pause Young (Allocation Failure) 14M->10M(15M) 0.546ms
[218.928s][info][gc] GC(12161) Pause Young (Allocation Failure) 14M->10M(15M) 0.584ms
[218.938s][info][gc] GC(12162) Pause Young (Allocation Failure) 14M->10M(15M) 0.625ms
[218.948s][info][gc] GC(12163) Pause Young (Allocation Failure) 14M->10M(15M) 0.848ms
[218.957s][info][gc] GC(12164) Pause Young (Allocation Failure) 14M->10M(15M) 0.687ms
[218.964s][info][gc] GC(12165) Pause Young (Allocation Failure) 14M->10M(15M) 0.667ms
[218.971s][info][gc] GC(12166) Pause Young (Allocation Failure) 14M->10M(15M) 0.960ms
[218.977s][info][gc] GC(12167) Pause Young (Allocation Failure) 14M->10M(15M) 0.592ms
[218.982s][info][gc] GC(12168) Pause Young (Allocation Failure) 14M->10M(15M) 0.587ms
[218.988s][info][gc] GC(12169) Pause Young (Allocation Failure) 14M->10M(15M) 0.617ms
[218.993s][info][gc] GC(12170) Pause Young (Allocation Failure) 14M->10M(15M) 0.423ms
[219.000s][info][gc] GC(12171) Pause Young (Allocation Failure) 14M->10M(15M) 0.449ms
[219.005s][info][gc] GC(12172) Pause Young (Allocation Failure) 14M->10M(15M) 0.446ms
[219.010s][info][gc] GC(12173) Pause Young (Allocation Failure) 14M->10M(15M) 0.437ms
[219.016s][info][gc] GC(12174) Pause Young (Allocation Failure) 14M->10M(15M) 0.523ms
[219.021s][info][gc] GC(12175) Pause Young (Allocation Failure) 14M->10M(15M) 0.522ms
[219.027s][info][gc] GC(12176) Pause Young (Allocation Failure) 14M->10M(15M) 0.487ms
[219.033s][info][gc] GC(12177) Pause Young (Allocation Failure) 14M->10M(15M) 0.498ms
[219.039s][info][gc] GC(12178) Pause Young (Allocation Failure) 14M->10M(15M) 0.956ms
[219.045s][info][gc] GC(12179) Pause Young (Allocation Failure) 14M->10M(15M) 0.805ms
[219.050s][info][gc] GC(12180) Pause Young (Allocation Failure) 14M->10M(15M) 0.648ms
[219.057s][info][gc] GC(12181) Pause Young (Allocation Failure) 14M->10M(15M) 0.612ms
[219.062s][info][gc] GC(12182) Pause Young (Allocation Failure) 14M->10M(15M) 0.539ms
[219.069s][info][gc] GC(12183) Pause Young (Allocation Failure) 14M->10M(15M) 0.637ms
[219.075s][info][gc] GC(12184) Pause Young (Allocation Failure) 14M->10M(15M) 0.671ms
[219.081s][info][gc] GC(12185) Pause Young (Allocation Failure) 14M->10M(15M) 0.714ms
[219.088s][info][gc] GC(12186) Pause Young (Allocation Failure) 14M->10M(15M) 0.604ms
[219.095s][info][gc] GC(12187) Pause Young (Allocation Failure) 14M->10M(15M) 0.609ms
[219.103s][info][gc] GC(12188) Pause Young (Allocation Failure) 14M->10M(15M) 1.031ms
[219.112s][info][gc] GC(12189) Pause Young (Allocation Failure) 14M->10M(15M) 0.655ms
[219.117s][info][gc] GC(12190) Pause Young (Allocation Failure) 14M->10M(15M) 0.458ms
[219.125s][info][gc] GC(12191) Pause Young (Allocation Failure) 14M->10M(15M) 0.721ms
[219.130s][info][gc] GC(12192) Pause Young (Allocation Failure) 14M->10M(15M) 0.477ms
[219.137s][info][gc] GC(12193) Pause Young (Allocation Failure) 14M->10M(15M) 0.492ms
[219.142s][info][gc] GC(12194) Pause Young (Allocation Failure) 14M->10M(15M) 0.526ms
[219.149s][info][gc] GC(12195) Pause Young (Allocation Failure) 14M->10M(15M) 0.713ms
[219.155s][info][gc] GC(12196) Pause Young (Allocation Failure) 14M->10M(15M) 0.555ms
[219.162s][info][gc] GC(12197) Pause Young (Allocation Failure) 14M->10M(15M) 0.545ms
[219.167s][info][gc] GC(12198) Pause Young (Allocation Failure) 14M->10M(15M) 0.542ms
[219.175s][info][gc] GC(12199) Pause Young (Allocation Failure) 14M->10M(15M) 0.991ms
[219.182s][info][gc] GC(12200) Pause Young (Allocation Failure) 14M->10M(15M) 0.556ms
[219.189s][info][gc] GC(12201) Pause Young (Allocation Failure) 14M->10M(15M) 0.581ms
[219.194s][info][gc] GC(12202) Pause Young (Allocation Failure) 14M->10M(15M) 0.633ms
[219.201s][info][gc] GC(12203) Pause Young (Allocation Failure) 14M->10M(15M) 0.596ms
[219.206s][info][gc] GC(12204) Pause Young (Allocation Failure) 14M->10M(15M) 0.578ms
[219.211s][info][gc] GC(12205) Pause Young (Allocation Failure) 14M->10M(15M) 0.779ms
[219.217s][info][gc] GC(12206) Pause Young (Allocation Failure) 14M->10M(15M) 0.583ms
[219.224s][info][gc] GC(12207) Pause Young (Allocation Failure) 14M->10M(15M) 0.792ms
[219.234s][info][gc] GC(12208) Pause Young (Allocation Failure) 14M->10M(15M) 0.648ms
[219.241s][info][gc] GC(12209) Pause Young (Allocation Failure) 14M->10M(15M) 0.460ms
[219.248s][info][gc] GC(12210) Pause Young (Allocation Failure) 14M->10M(15M) 0.449ms
[219.256s][info][gc] GC(12211) Pause Young (Allocation Failure) 14M->10M(15M) 0.659ms
[219.262s][info][gc] GC(12212) Pause Young (Allocation Failure) 14M->10M(15M) 0.485ms
[219.270s][info][gc] GC(12213) Pause Young (Allocation Failure) 14M->10M(15M) 0.699ms
[219.277s][info][gc] GC(12214) Pause Young (Allocation Failure) 14M->10M(15M) 0.878ms
[219.285s][info][gc] GC(12215) Pause Young (Allocation Failure) 14M->10M(15M) 0.703ms
[219.296s][info][gc] GC(12216) Pause Young (Allocation Failure) 14M->10M(15M) 0.807ms
[219.304s][info][gc] GC(12217) Pause Young (Allocation Failure) 14M->10M(15M) 0.769ms
[219.312s][info][gc] GC(12218) Pause Young (Allocation Failure) 14M->10M(15M) 0.760ms
[219.321s][info][gc] GC(12219) Pause Young (Allocation Failure) 14M->10M(15M) 0.933ms
[219.329s][info][gc] GC(12220) Pause Young (Allocation Failure) 14M->10M(15M) 0.890ms
[219.338s][info][gc] GC(12221) Pause Young (Allocation Failure) 14M->10M(15M) 0.837ms
[219.348s][info][gc] GC(12222) Pause Young (Allocation Failure) 14M->10M(15M) 0.884ms
[219.356s][info][gc] GC(12223) Pause Young (Allocation Failure) 14M->10M(15M) 0.912ms
[219.365s][info][gc] GC(12224) Pause Young (Allocation Failure) 14M->10M(15M) 0.901ms
[219.374s][info][gc] GC(12225) Pause Young (Allocation Failure) 14M->10M(15M) 0.969ms
[219.382s][info][gc] GC(12226) Pause Young (Allocation Failure) 14M->10M(15M) 1.039ms
[219.391s][info][gc] GC(12227) Pause Young (Allocation Failure) 14M->10M(15M) 0.875ms
[219.400s][info][gc] GC(12228) Pause Young (Allocation Failure) 14M->10M(15M) 0.910ms
[219.408s][info][gc] GC(12229) Pause Young (Allocation Failure) 14M->10M(15M) 0.884ms
[219.416s][info][gc] GC(12230) Pause Young (Allocation Failure) 14M->10M(15M) 0.638ms
[219.424s][info][gc] GC(12231) Pause Young (Allocation Failure) 14M->10M(15M) 1.012ms
[219.433s][info][gc] GC(12232) Pause Young (Allocation Failure) 14M->10M(15M) 0.741ms
[219.440s][info][gc] GC(12233) Pause Young (Allocation Failure) 14M->10M(15M) 0.577ms
[219.445s][info][gc] GC(12234) Pause Young (Allocation Failure) 14M->10M(15M) 0.447ms
[219.451s][info][gc] GC(12235) Pause Young (Allocation Failure) 14M->10M(15M) 0.775ms
[219.457s][info][gc] GC(12236) Pause Young (Allocation Failure) 14M->10M(15M) 0.695ms
[219.462s][info][gc] GC(12237) Pause Young (Allocation Failure) 14M->10M(15M) 0.639ms
[219.469s][info][gc] GC(12238) Pause Young (Allocation Failure) 14M->10M(15M) 0.545ms
[219.474s][info][gc] GC(12239) Pause Young (Allocation Failure) 14M->10M(15M) 0.524ms
[219.481s][info][gc] GC(12240) Pause Young (Allocation Failure) 14M->10M(15M) 0.900ms
[219.487s][info][gc] GC(12241) Pause Young (Allocation Failure) 14M->10M(15M) 0.586ms
[219.493s][info][gc] GC(12242) Pause Young (Allocation Failure) 14M->10M(15M) 0.858ms
[219.498s][info][gc] GC(12243) Pause Young (Allocation Failure) 14M->10M(15M) 0.535ms
[219.503s][info][gc] GC(12244) Pause Young (Allocation Failure) 14M->10M(15M) 0.547ms
[219.512s][info][gc] GC(12245) Pause Young (Allocation Failure) 14M->10M(15M) 0.876ms
[219.517s][info][gc] GC(12246) Pause Young (Allocation Failure) 14M->10M(15M) 0.669ms
[219.524s][info][gc] GC(12247) Pause Young (Allocation Failure) 14M->10M(15M) 0.579ms
[219.530s][info][gc] GC(12248) Pause Young (Allocation Failure) 14M->10M(15M) 0.594ms
[219.536s][info][gc] GC(12249) Pause Young (Allocation Failure) 14M->10M(15M) 0.682ms
[219.542s][info][gc] GC(12250) Pause Young (Allocation Failure) 14M->10M(15M) 0.599ms
[219.548s][info][gc] GC(12251) Pause Young (Allocation Failure) 14M->10M(15M) 0.711ms
[219.554s][info][gc] GC(12252) Pause Young (Allocation Failure) 14M->10M(15M) 0.648ms
[219.561s][info][gc] GC(12253) Pause Young (Allocation Failure) 14M->10M(15M) 0.775ms
[219.566s][info][gc] GC(12254) Pause Young (Allocation Failure) 14M->10M(15M) 0.625ms
[219.571s][info][gc] GC(12255) Pause Young (Allocation Failure) 14M->10M(15M) 0.795ms
[219.577s][info][gc] GC(12256) Pause Young (Allocation Failure) 14M->10M(15M) 0.435ms
[219.582s][info][gc] GC(12257) Pause Young (Allocation Failure) 14M->10M(15M) 0.412ms
[219.589s][info][gc] GC(12258) Pause Young (Allocation Failure) 14M->10M(15M) 0.530ms
[219.594s][info][gc] GC(12259) Pause Young (Allocation Failure) 14M->10M(15M) 0.463ms
[219.601s][info][gc] GC(12260) Pause Young (Allocation Failure) 14M->10M(15M) 0.491ms
[219.606s][info][gc] GC(12261) Pause Young (Allocation Failure) 14M->10M(15M) 0.480ms
[219.611s][info][gc] GC(12262) Pause Young (Allocation Failure) 14M->10M(15M) 0.682ms
[219.617s][info][gc] GC(12263) Pause Young (Allocation Failure) 14M->10M(15M) 0.510ms
[219.623s][info][gc] GC(12264) Pause Young (Allocation Failure) 14M->10M(15M) 0.529ms
[219.629s][info][gc] GC(12265) Pause Young (Allocation Failure) 14M->10M(15M) 0.517ms
[219.634s][info][gc] GC(12266) Pause Young (Allocation Failure) 14M->10M(15M) 0.559ms
[219.642s][info][gc] GC(12267) Pause Young (Allocation Failure) 14M->10M(15M) 0.581ms
[219.647s][info][gc] GC(12268) Pause Young (Allocation Failure) 14M->10M(15M) 0.562ms
[219.654s][info][gc] GC(12269) Pause Young (Allocation Failure) 14M->10M(15M) 0.738ms
[219.659s][info][gc] GC(12270) Pause Young (Allocation Failure) 14M->10M(15M) 0.676ms
[219.664s][info][gc] GC(12271) Pause Young (Allocation Failure) 14M->10M(15M) 0.612ms
[219.671s][info][gc] GC(12272) Pause Young (Allocation Failure) 14M->10M(15M) 0.686ms
[219.677s][info][gc] GC(12273) Pause Young (Allocation Failure) 14M->10M(15M) 0.591ms
[219.686s][info][gc] GC(12274) Pause Young (Allocation Failure) 14M->10M(15M) 0.893ms
[219.695s][info][gc] GC(12275) Pause Young (Allocation Failure) 14M->10M(15M) 0.878ms
[219.701s][info][gc] GC(12276) Pause Young (Allocation Failure) 14M->10M(15M) 0.863ms
[219.708s][info][gc] GC(12277) Pause Young (Allocation Failure) 14M->10M(15M) 0.433ms
[219.715s][info][gc] GC(12278) Pause Young (Allocation Failure) 14M->10M(15M) 0.630ms
[219.724s][info][gc] GC(12279) Pause Young (Allocation Failure) 14M->10M(15M) 0.490ms
[219.729s][info][gc] GC(12280) Pause Young (Allocation Failure) 14M->10M(15M) 0.658ms
[219.739s][info][gc] GC(12281) Pause Young (Allocation Failure) 14M->10M(15M) 0.513ms
[219.745s][info][gc] GC(12282) Pause Young (Allocation Failure) 14M->10M(15M) 1.025ms
[219.753s][info][gc] GC(12283) Pause Young (Allocation Failure) 14M->10M(15M) 0.545ms
[219.760s][info][gc] GC(12284) Pause Young (Allocation Failure) 14M->10M(15M) 1.035ms
[219.766s][info][gc] GC(12285) Pause Young (Allocation Failure) 14M->10M(15M) 0.565ms
[219.771s][info][gc] GC(12286) Pause Young (Allocation Failure) 14M->10M(15M) 0.590ms
[219.778s][info][gc] GC(12287) Pause Young (Allocation Failure) 14M->10M(15M) 0.565ms
[219.783s][info][gc] GC(12288) Pause Young (Allocation Failure) 14M->10M(15M) 0.823ms
[219.790s][info][gc] GC(12289) Pause Young (Allocation Failure) 14M->10M(15M) 0.614ms
[219.796s][info][gc] GC(12290) Pause Young (Allocation Failure) 14M->10M(15M) 0.580ms
[219.802s][info][gc] GC(12291) Pause Young (Allocation Failure) 14M->10M(15M) 0.622ms
[219.808s][info][gc] GC(12292) Pause Young (Allocation Failure) 14M->10M(15M) 0.589ms
[219.816s][info][gc] GC(12293) Pause Young (Allocation Failure) 14M->10M(15M) 0.647ms
[219.822s][info][gc] GC(12294) Pause Young (Allocation Failure) 14M->10M(15M) 0.709ms
[219.828s][info][gc] GC(12295) Pause Young (Allocation Failure) 14M->10M(15M) 0.596ms
[219.833s][info][gc] GC(12296) Pause Young (Allocation Failure) 14M->10M(15M) 0.572ms
[219.841s][info][gc] GC(12297) Pause Young (Allocation Failure) 14M->10M(15M) 0.658ms
[219.846s][info][gc] GC(12298) Pause Young (Allocation Failure) 14M->10M(15M) 0.438ms
[219.851s][info][gc] GC(12299) Pause Young (Allocation Failure) 14M->10M(15M) 0.440ms
[219.858s][info][gc] GC(12300) Pause Young (Allocation Failure) 14M->10M(15M) 0.434ms
[219.863s][info][gc] GC(12301) Pause Young (Allocation Failure) 14M->10M(15M) 0.468ms
[219.870s][info][gc] GC(12302) Pause Young (Allocation Failure) 14M->10M(15M) 0.534ms
[219.875s][info][gc] GC(12303) Pause Young (Allocation Failure) 14M->10M(15M) 0.505ms
[219.882s][info][gc] GC(12304) Pause Young (Allocation Failure) 14M->10M(15M) 0.506ms
[219.888s][info][gc] GC(12305) Pause Young (Allocation Failure) 14M->10M(15M) 0.521ms
[219.898s][info][gc] GC(12306) Pause Young (Allocation Failure) 14M->10M(15M) 0.498ms
[219.904s][info][gc] GC(12307) Pause Young (Allocation Failure) 14M->10M(15M) 0.531ms
[219.910s][info][gc] GC(12308) Pause Young (Allocation Failure) 14M->10M(15M) 0.598ms
[219.917s][info][gc] GC(12309) Pause Young (Allocation Failure) 14M->10M(15M) 0.575ms
[219.923s][info][gc] GC(12310) Pause Young (Allocation Failure) 14M->10M(15M) 0.538ms
[219.928s][info][gc] GC(12311) Pause Young (Allocation Failure) 14M->10M(15M) 0.569ms
[219.937s][info][gc] GC(12312) Pause Young (Allocation Failure) 14M->10M(15M) 0.697ms
[219.942s][info][gc] GC(12313) Pause Young (Allocation Failure) 14M->10M(15M) 0.564ms
[219.949s][info][gc] GC(12314) Pause Young (Allocation Failure) 14M->10M(15M) 0.809ms
[219.954s][info][gc] GC(12315) Pause Young (Allocation Failure) 14M->10M(15M) 0.800ms
[219.961s][info][gc] GC(12316) Pause Young (Allocation Failure) 14M->10M(15M) 0.586ms
[219.966s][info][gc] GC(12317) Pause Young (Allocation Failure) 14M->10M(15M) 0.643ms
[219.972s][info][gc] GC(12318) Pause Young (Allocation Failure) 14M->10M(15M) 1.106ms
[219.978s][info][gc] GC(12319) Pause Young (Allocation Failure) 14M->10M(15M) 0.619ms
[219.984s][info][gc] GC(12320) Pause Young (Allocation Failure) 14M->10M(15M) 0.578ms
[219.990s][info][gc] GC(12321) Pause Young (Allocation Failure) 14M->10M(15M) 0.614ms
[219.997s][info][gc] GC(12322) Pause Young (Allocation Failure) 14M->10M(15M) 0.727ms
[220.003s][info][gc] GC(12323) Pause Young (Allocation Failure) 14M->10M(15M) 0.426ms
[220.008s][info][gc] GC(12324) Pause Young (Allocation Failure) 14M->10M(15M) 0.408ms
[220.015s][info][gc] GC(12325) Pause Young (Allocation Failure) 14M->10M(15M) 0.549ms
[220.020s][info][gc] GC(12326) Pause Young (Allocation Failure) 14M->10M(15M) 0.497ms
[220.025s][info][gc] GC(12327) Pause Young (Allocation Failure) 14M->10M(15M) 0.631ms
[220.031s][info][gc] GC(12328) Pause Young (Allocation Failure) 14M->10M(15M) 0.618ms
[220.038s][info][gc] GC(12329) Pause Young (Allocation Failure) 14M->10M(15M) 0.502ms
[220.044s][info][gc] GC(12330) Pause Young (Allocation Failure) 14M->10M(15M) 0.490ms
[220.049s][info][gc] GC(12331) Pause Young (Allocation Failure) 14M->10M(15M) 0.508ms
[220.056s][info][gc] GC(12332) Pause Young (Allocation Failure) 14M->10M(15M) 0.544ms
[220.061s][info][gc] GC(12333) Pause Young (Allocation Failure) 14M->10M(15M) 0.700ms
[220.070s][info][gc] GC(12334) Pause Young (Allocation Failure) 14M->10M(15M) 1.052ms
[220.079s][info][gc] GC(12335) Pause Young (Allocation Failure) 14M->10M(15M) 1.476ms
[220.086s][info][gc] GC(12336) Pause Young (Allocation Failure) 14M->10M(15M) 0.626ms
[220.094s][info][gc] GC(12337) Pause Young (Allocation Failure) 14M->10M(15M) 1.146ms
[220.101s][info][gc] GC(12338) Pause Young (Allocation Failure) 14M->10M(15M) 0.673ms
[220.112s][info][gc] GC(12339) Pause Young (Allocation Failure) 14M->10M(15M) 0.910ms
[220.123s][info][gc] GC(12340) Pause Young (Allocation Failure) 14M->10M(15M) 1.397ms
[220.133s][info][gc] GC(12341) Pause Young (Allocation Failure) 14M->10M(15M) 1.257ms
[220.142s][info][gc] GC(12342) Pause Young (Allocation Failure) 14M->10M(15M) 0.656ms
[220.149s][info][gc] GC(12343) Pause Young (Allocation Failure) 14M->10M(15M) 0.501ms
[220.154s][info][gc] GC(12344) Pause Young (Allocation Failure) 14M->10M(15M) 0.421ms
[220.161s][info][gc] GC(12345) Pause Young (Allocation Failure) 14M->10M(15M) 0.479ms
[220.167s][info][gc] GC(12346) Pause Young (Allocation Failure) 14M->10M(15M) 0.645ms
[220.172s][info][gc] GC(12347) Pause Young (Allocation Failure) 14M->10M(15M) 0.904ms
[220.180s][info][gc] GC(12348) Pause Young (Allocation Failure) 14M->10M(15M) 0.532ms
[220.185s][info][gc] GC(12349) Pause Young (Allocation Failure) 14M->10M(15M) 0.772ms
[220.193s][info][gc] GC(12350) Pause Young (Allocation Failure) 14M->10M(15M) 0.528ms
[220.200s][info][gc] GC(12351) Pause Young (Allocation Failure) 14M->10M(15M) 0.842ms
[220.208s][info][gc] GC(12352) Pause Young (Allocation Failure) 14M->10M(15M) 0.773ms
[220.218s][info][gc] GC(12353) Pause Young (Allocation Failure) 14M->10M(15M) 0.621ms
[220.226s][info][gc] GC(12354) Pause Young (Allocation Failure) 14M->10M(15M) 1.124ms
[220.234s][info][gc] GC(12355) Pause Young (Allocation Failure) 14M->10M(15M) 0.554ms
[220.242s][info][gc] GC(12356) Pause Young (Allocation Failure) 14M->10M(15M) 0.870ms
[220.248s][info][gc] GC(12357) Pause Young (Allocation Failure) 14M->10M(15M) 0.729ms
[220.258s][info][gc] GC(12358) Pause Young (Allocation Failure) 14M->10M(15M) 0.815ms
[220.263s][info][gc] GC(12359) Pause Young (Allocation Failure) 14M->10M(15M) 0.780ms
[220.270s][info][gc] GC(12360) Pause Young (Allocation Failure) 14M->10M(15M) 0.612ms
[220.275s][info][gc] GC(12361) Pause Young (Allocation Failure) 14M->10M(15M) 0.852ms
[220.283s][info][gc] GC(12362) Pause Young (Allocation Failure) 14M->10M(15M) 0.817ms
[220.288s][info][gc] GC(12363) Pause Young (Allocation Failure) 14M->10M(15M) 0.560ms
[220.295s][info][gc] GC(12364) Pause Young (Allocation Failure) 14M->10M(15M) 0.585ms
[220.301s][info][gc] GC(12365) Pause Young (Allocation Failure) 14M->10M(15M) 0.614ms
[220.308s][info][gc] GC(12366) Pause Young (Allocation Failure) 14M->10M(15M) 0.450ms
[220.313s][info][gc] GC(12367) Pause Young (Allocation Failure) 14M->10M(15M) 0.518ms
[220.321s][info][gc] GC(12368) Pause Young (Allocation Failure) 14M->10M(15M) 0.834ms
[220.326s][info][gc] GC(12369) Pause Young (Allocation Failure) 14M->10M(15M) 0.482ms
[220.334s][info][gc] GC(12370) Pause Young (Allocation Failure) 14M->10M(15M) 0.820ms
[220.340s][info][gc] GC(12371) Pause Young (Allocation Failure) 14M->10M(15M) 0.512ms
[220.345s][info][gc] GC(12372) Pause Young (Allocation Failure) 14M->10M(15M) 0.513ms
[220.352s][info][gc] GC(12373) Pause Young (Allocation Failure) 14M->10M(15M) 0.689ms
[220.357s][info][gc] GC(12374) Pause Young (Allocation Failure) 14M->10M(15M) 0.517ms
[220.364s][info][gc] GC(12375) Pause Young (Allocation Failure) 14M->10M(15M) 0.582ms
[220.370s][info][gc] GC(12376) Pause Young (Allocation Failure) 14M->10M(15M) 0.757ms
[220.376s][info][gc] GC(12377) Pause Young (Allocation Failure) 14M->10M(15M) 0.548ms
[220.382s][info][gc] GC(12378) Pause Young (Allocation Failure) 14M->10M(15M) 0.515ms
[220.388s][info][gc] GC(12379) Pause Young (Allocation Failure) 14M->10M(15M) 0.646ms
[220.393s][info][gc] GC(12380) Pause Young (Allocation Failure) 14M->10M(15M) 0.526ms
[220.398s][info][gc] GC(12381) Pause Young (Allocation Failure) 14M->10M(15M) 0.552ms
[220.404s][info][gc] GC(12382) Pause Young (Allocation Failure) 14M->10M(15M) 0.600ms
[220.410s][info][gc] GC(12383) Pause Young (Allocation Failure) 14M->10M(15M) 0.866ms
[220.417s][info][gc] GC(12384) Pause Young (Allocation Failure) 14M->10M(15M) 0.640ms
[220.422s][info][gc] GC(12385) Pause Young (Allocation Failure) 14M->10M(15M) 0.602ms
[220.429s][info][gc] GC(12386) Pause Young (Allocation Failure) 14M->10M(15M) 0.589ms
[220.434s][info][gc] GC(12387) Pause Young (Allocation Failure) 14M->10M(15M) 0.865ms
[220.441s][info][gc] GC(12388) Pause Young (Allocation Failure) 14M->10M(15M) 1.067ms
[220.446s][info][gc] GC(12389) Pause Young (Allocation Failure) 14M->10M(15M) 0.588ms
[220.455s][info][gc] GC(12390) Pause Young (Allocation Failure) 14M->10M(15M) 0.426ms
[220.460s][info][gc] GC(12391) Pause Young (Allocation Failure) 14M->10M(15M) 0.481ms
[220.465s][info][gc] GC(12392) Pause Young (Allocation Failure) 14M->10M(15M) 0.457ms
[220.471s][info][gc] GC(12393) Pause Young (Allocation Failure) 14M->10M(15M) 0.479ms
[220.476s][info][gc] GC(12394) Pause Young (Allocation Failure) 14M->10M(15M) 0.469ms
[220.483s][info][gc] GC(12395) Pause Young (Allocation Failure) 14M->10M(15M) 0.507ms
[220.490s][info][gc] GC(12396) Pause Young (Allocation Failure) 14M->10M(15M) 0.767ms
[220.496s][info][gc] GC(12397) Pause Young (Allocation Failure) 14M->10M(15M) 0.525ms
[220.502s][info][gc] GC(12398) Pause Young (Allocation Failure) 14M->10M(15M) 0.548ms
[220.509s][info][gc] GC(12399) Pause Young (Allocation Failure) 14M->10M(15M) 0.574ms
[220.514s][info][gc] GC(12400) Pause Young (Allocation Failure) 14M->10M(15M) 0.601ms
[220.520s][info][gc] GC(12401) Pause Young (Allocation Failure) 14M->10M(15M) 0.931ms
[220.527s][info][gc] GC(12402) Pause Young (Allocation Failure) 14M->10M(15M) 0.872ms
[220.532s][info][gc] GC(12403) Pause Young (Allocation Failure) 14M->10M(15M) 0.586ms
[220.539s][info][gc] GC(12404) Pause Young (Allocation Failure) 14M->10M(15M) 0.732ms
[220.544s][info][gc] GC(12405) Pause Young (Allocation Failure) 14M->10M(15M) 0.617ms
[220.551s][info][gc] GC(12406) Pause Young (Allocation Failure) 14M->10M(15M) 0.656ms
[220.556s][info][gc] GC(12407) Pause Young (Allocation Failure) 14M->10M(15M) 0.655ms
[220.563s][info][gc] GC(12408) Pause Young (Allocation Failure) 14M->10M(15M) 0.616ms
[220.569s][info][gc] GC(12409) Pause Young (Allocation Failure) 14M->10M(15M) 0.621ms
[220.576s][info][gc] GC(12410) Pause Young (Allocation Failure) 14M->10M(15M) 0.601ms
[220.580s][info][gc] GC(12411) Pause Young (Allocation Failure) 14M->10M(15M) 0.599ms
[220.585s][info][gc] GC(12412) Pause Young (Allocation Failure) 14M->10M(15M) 0.528ms
[220.591s][info][gc] GC(12413) Pause Young (Allocation Failure) 14M->10M(15M) 0.436ms
[220.597s][info][gc] GC(12414) Pause Young (Allocation Failure) 14M->10M(15M) 0.469ms
[220.604s][info][gc] GC(12415) Pause Young (Allocation Failure) 14M->10M(15M) 0.447ms
[220.609s][info][gc] GC(12416) Pause Young (Allocation Failure) 14M->10M(15M) 0.451ms
[220.615s][info][gc] GC(12417) Pause Young (Allocation Failure) 14M->10M(15M) 0.499ms
[220.622s][info][gc] GC(12418) Pause Young (Allocation Failure) 14M->10M(15M) 0.513ms
[220.629s][info][gc] GC(12419) Pause Young (Allocation Failure) 14M->10M(15M) 0.671ms
[220.633s][info][gc] GC(12420) Pause Young (Allocation Failure) 14M->10M(15M) 0.484ms
[220.639s][info][gc] GC(12421) Pause Young (Allocation Failure) 14M->10M(15M) 0.586ms
[220.645s][info][gc] GC(12422) Pause Young (Allocation Failure) 14M->10M(15M) 0.557ms
[220.651s][info][gc] GC(12423) Pause Young (Allocation Failure) 14M->10M(15M) 0.600ms
[220.658s][info][gc] GC(12424) Pause Young (Allocation Failure) 14M->10M(15M) 0.540ms
[220.663s][info][gc] GC(12425) Pause Young (Allocation Failure) 14M->10M(15M) 0.650ms
[220.672s][info][gc] GC(12426) Pause Young (Allocation Failure) 14M->10M(15M) 0.609ms
[220.677s][info][gc] GC(12427) Pause Young (Allocation Failure) 14M->10M(15M) 0.720ms
[220.686s][info][gc] GC(12428) Pause Young (Allocation Failure) 14M->10M(15M) 0.862ms
[220.691s][info][gc] GC(12429) Pause Young (Allocation Failure) 14M->10M(15M) 0.602ms
[220.699s][info][gc] GC(12430) Pause Young (Allocation Failure) 14M->10M(15M) 0.891ms
[220.704s][info][gc] GC(12431) Pause Young (Allocation Failure) 14M->10M(15M) 0.578ms
[220.710s][info][gc] GC(12432) Pause Young (Allocation Failure) 14M->10M(15M) 0.702ms
[220.716s][info][gc] GC(12433) Pause Young (Allocation Failure) 14M->10M(15M) 0.634ms
[220.723s][info][gc] GC(12434) Pause Young (Allocation Failure) 14M->10M(15M) 0.551ms
[220.729s][info][gc] GC(12435) Pause Young (Allocation Failure) 14M->10M(15M) 0.621ms
[220.735s][info][gc] GC(12436) Pause Young (Allocation Failure) 14M->10M(15M) 0.656ms
[220.740s][info][gc] GC(12437) Pause Young (Allocation Failure) 14M->10M(15M) 0.450ms
[220.745s][info][gc] GC(12438) Pause Young (Allocation Failure) 14M->10M(15M) 0.443ms
[220.751s][info][gc] GC(12439) Pause Young (Allocation Failure) 14M->10M(15M) 0.486ms
[220.756s][info][gc] GC(12440) Pause Young (Allocation Failure) 14M->10M(15M) 0.546ms
[220.764s][info][gc] GC(12441) Pause Young (Allocation Failure) 14M->10M(15M) 0.491ms
[220.769s][info][gc] GC(12442) Pause Young (Allocation Failure) 14M->10M(15M) 0.530ms
[220.777s][info][gc] GC(12443) Pause Young (Allocation Failure) 14M->10M(15M) 0.615ms
[220.782s][info][gc] GC(12444) Pause Young (Allocation Failure) 14M->10M(15M) 0.524ms
[220.788s][info][gc] GC(12445) Pause Young (Allocation Failure) 14M->10M(15M) 0.789ms
[220.793s][info][gc] GC(12446) Pause Young (Allocation Failure) 14M->10M(15M) 0.564ms
[220.799s][info][gc] GC(12447) Pause Young (Allocation Failure) 14M->10M(15M) 0.569ms
[220.805s][info][gc] GC(12448) Pause Young (Allocation Failure) 14M->10M(15M) 0.619ms
[220.810s][info][gc] GC(12449) Pause Young (Allocation Failure) 14M->10M(15M) 0.672ms
[220.817s][info][gc] GC(12450) Pause Young (Allocation Failure) 14M->10M(15M) 0.574ms
[220.822s][info][gc] GC(12451) Pause Young (Allocation Failure) 14M->10M(15M) 0.643ms
[220.828s][info][gc] GC(12452) Pause Young (Allocation Failure) 14M->10M(15M) 0.630ms
[220.834s][info][gc] GC(12453) Pause Young (Allocation Failure) 14M->10M(15M) 0.513ms
[220.841s][info][gc] GC(12454) Pause Young (Allocation Failure) 14M->10M(15M) 0.725ms
[220.846s][info][gc] GC(12455) Pause Young (Allocation Failure) 14M->10M(15M) 0.754ms
[220.852s][info][gc] GC(12456) Pause Young (Allocation Failure) 14M->10M(15M) 0.506ms
[220.858s][info][gc] GC(12457) Pause Young (Allocation Failure) 14M->10M(15M) 0.520ms
[220.863s][info][gc] GC(12458) Pause Young (Allocation Failure) 14M->10M(15M) 0.693ms
[220.870s][info][gc] GC(12459) Pause Young (Allocation Failure) 14M->10M(15M) 0.517ms
[220.876s][info][gc] GC(12460) Pause Young (Allocation Failure) 14M->10M(15M) 0.561ms
[220.886s][info][gc] GC(12461) Pause Young (Allocation Failure) 14M->10M(15M) 0.881ms
[220.893s][info][gc] GC(12462) Pause Young (Allocation Failure) 14M->10M(15M) 1.205ms
[220.902s][info][gc] GC(12463) Pause Young (Allocation Failure) 14M->10M(15M) 0.632ms
[220.910s][info][gc] GC(12464) Pause Young (Allocation Failure) 14M->10M(15M) 0.528ms
[220.915s][info][gc] GC(12465) Pause Young (Allocation Failure) 14M->10M(15M) 0.553ms
[220.923s][info][gc] GC(12466) Pause Young (Allocation Failure) 14M->10M(15M) 0.843ms
[220.928s][info][gc] GC(12467) Pause Young (Allocation Failure) 14M->10M(15M) 0.571ms
[220.935s][info][gc] GC(12468) Pause Young (Allocation Failure) 14M->10M(15M) 0.936ms
[220.940s][info][gc] GC(12469) Pause Young (Allocation Failure) 14M->10M(15M) 0.765ms
[220.946s][info][gc] GC(12470) Pause Young (Allocation Failure) 14M->10M(15M) 0.818ms
[220.956s][info][gc] GC(12471) Pause Young (Allocation Failure) 14M->10M(15M) 0.621ms
[220.962s][info][gc] GC(12472) Pause Young (Allocation Failure) 14M->10M(15M) 0.754ms
[220.967s][info][gc] GC(12473) Pause Young (Allocation Failure) 14M->10M(15M) 0.654ms
[220.973s][info][gc] GC(12474) Pause Young (Allocation Failure) 14M->10M(15M) 0.683ms
[220.979s][info][gc] GC(12475) Pause Young (Allocation Failure) 14M->10M(15M) 0.620ms
[220.984s][info][gc] GC(12476) Pause Young (Allocation Failure) 14M->10M(15M) 0.444ms
[220.990s][info][gc] GC(12477) Pause Young (Allocation Failure) 14M->10M(15M) 0.437ms
[220.997s][info][gc] GC(12478) Pause Young (Allocation Failure) 14M->10M(15M) 0.456ms
[221.003s][info][gc] GC(12479) Pause Young (Allocation Failure) 14M->10M(15M) 0.504ms
[221.009s][info][gc] GC(12480) Pause Young (Allocation Failure) 14M->10M(15M) 0.486ms
[221.015s][info][gc] GC(12481) Pause Young (Allocation Failure) 14M->10M(15M) 0.551ms
[221.022s][info][gc] GC(12482) Pause Young (Allocation Failure) 14M->10M(15M) 0.506ms
[221.029s][info][gc] GC(12483) Pause Young (Allocation Failure) 14M->10M(15M) 0.528ms
[221.034s][info][gc] GC(12484) Pause Young (Allocation Failure) 14M->10M(15M) 0.532ms
[221.040s][info][gc] GC(12485) Pause Young (Allocation Failure) 14M->10M(15M) 0.815ms
[221.046s][info][gc] GC(12486) Pause Young (Allocation Failure) 14M->10M(15M) 0.540ms
[221.051s][info][gc] GC(12487) Pause Young (Allocation Failure) 14M->10M(15M) 0.564ms
[221.057s][info][gc] GC(12488) Pause Young (Allocation Failure) 14M->10M(15M) 0.568ms
[221.062s][info][gc] GC(12489) Pause Young (Allocation Failure) 14M->10M(15M) 0.665ms
[221.069s][info][gc] GC(12490) Pause Young (Allocation Failure) 14M->10M(15M) 0.689ms
[221.076s][info][gc] GC(12491) Pause Young (Allocation Failure) 14M->10M(15M) 0.849ms
[221.086s][info][gc] GC(12492) Pause Young (Allocation Failure) 14M->10M(15M) 1.242ms
[221.094s][info][gc] GC(12493) Pause Young (Allocation Failure) 14M->10M(15M) 1.068ms
[221.101s][info][gc] GC(12494) Pause Young (Allocation Failure) 14M->10M(15M) 0.621ms
[221.110s][info][gc] GC(12495) Pause Young (Allocation Failure) 14M->10M(15M) 0.449ms
[221.116s][info][gc] GC(12496) Pause Young (Allocation Failure) 14M->10M(15M) 0.428ms
[221.122s][info][gc] GC(12497) Pause Young (Allocation Failure) 14M->10M(15M) 0.507ms
[221.128s][info][gc] GC(12498) Pause Young (Allocation Failure) 14M->10M(15M) 0.469ms
[221.137s][info][gc] GC(12499) Pause Young (Allocation Failure) 14M->10M(15M) 0.798ms
[221.144s][info][gc] GC(12500) Pause Young (Allocation Failure) 14M->10M(15M) 0.570ms
[221.151s][info][gc] GC(12501) Pause Young (Allocation Failure) 14M->10M(15M) 0.506ms
[221.156s][info][gc] GC(12502) Pause Young (Allocation Failure) 14M->10M(15M) 0.483ms
[221.163s][info][gc] GC(12503) Pause Young (Allocation Failure) 14M->10M(15M) 0.967ms
[221.168s][info][gc] GC(12504) Pause Young (Allocation Failure) 14M->10M(15M) 0.571ms
[221.174s][info][gc] GC(12505) Pause Young (Allocation Failure) 14M->10M(15M) 0.900ms
[221.179s][info][gc] GC(12506) Pause Young (Allocation Failure) 14M->10M(15M) 0.655ms
[221.185s][info][gc] GC(12507) Pause Young (Allocation Failure) 14M->10M(15M) 0.534ms
[221.192s][info][gc] GC(12508) Pause Young (Allocation Failure) 14M->10M(15M) 0.671ms
[221.199s][info][gc] GC(12509) Pause Young (Allocation Failure) 14M->10M(15M) 0.590ms
[221.208s][info][gc] GC(12510) Pause Young (Allocation Failure) 14M->10M(15M) 0.583ms
[221.214s][info][gc] GC(12511) Pause Young (Allocation Failure) 14M->10M(15M) 0.905ms
[221.221s][info][gc] GC(12512) Pause Young (Allocation Failure) 14M->10M(15M) 0.851ms
[221.230s][info][gc] GC(12513) Pause Young (Allocation Failure) 14M->10M(15M) 0.700ms
[221.237s][info][gc] GC(12514) Pause Young (Allocation Failure) 14M->10M(15M) 0.718ms
[221.246s][info][gc] GC(12515) Pause Young (Allocation Failure) 14M->10M(15M) 0.885ms
[221.251s][info][gc] GC(12516) Pause Young (Allocation Failure) 14M->10M(15M) 0.805ms
[221.259s][info][gc] GC(12517) Pause Young (Allocation Failure) 14M->10M(15M) 0.867ms
[221.264s][info][gc] GC(12518) Pause Young (Allocation Failure) 14M->10M(15M) 0.600ms
[221.273s][info][gc] GC(12519) Pause Young (Allocation Failure) 14M->10M(15M) 0.586ms
[221.278s][info][gc] GC(12520) Pause Young (Allocation Failure) 14M->10M(15M) 0.426ms
[221.284s][info][gc] GC(12521) Pause Young (Allocation Failure) 14M->10M(15M) 0.431ms
[221.289s][info][gc] GC(12522) Pause Young (Allocation Failure) 14M->10M(15M) 0.421ms
[221.296s][info][gc] GC(12523) Pause Young (Allocation Failure) 14M->10M(15M) 0.446ms
[221.301s][info][gc] GC(12524) Pause Young (Allocation Failure) 14M->10M(15M) 0.438ms
[221.306s][info][gc] GC(12525) Pause Young (Allocation Failure) 14M->10M(15M) 0.708ms
[221.313s][info][gc] GC(12526) Pause Young (Allocation Failure) 14M->10M(15M) 0.513ms
[221.317s][info][gc] GC(12527) Pause Young (Allocation Failure) 14M->10M(15M) 0.487ms
[221.326s][info][gc] GC(12528) Pause Young (Allocation Failure) 14M->10M(15M) 0.702ms
[221.332s][info][gc] GC(12529) Pause Young (Allocation Failure) 14M->10M(15M) 0.650ms
[221.339s][info][gc] GC(12530) Pause Young (Allocation Failure) 14M->10M(15M) 0.693ms
[221.344s][info][gc] GC(12531) Pause Young (Allocation Failure) 14M->10M(15M) 0.539ms
[221.351s][info][gc] GC(12532) Pause Young (Allocation Failure) 14M->10M(15M) 0.683ms
[221.357s][info][gc] GC(12533) Pause Young (Allocation Failure) 14M->10M(15M) 0.570ms
[221.364s][info][gc] GC(12534) Pause Young (Allocation Failure) 14M->10M(15M) 0.638ms
[221.369s][info][gc] GC(12535) Pause Young (Allocation Failure) 14M->10M(15M) 0.552ms
[221.376s][info][gc] GC(12536) Pause Young (Allocation Failure) 14M->10M(15M) 0.652ms
[221.381s][info][gc] GC(12537) Pause Young (Allocation Failure) 14M->10M(15M) 0.630ms
[221.387s][info][gc] GC(12538) Pause Young (Allocation Failure) 14M->10M(15M) 1.070ms
[221.393s][info][gc] GC(12539) Pause Young (Allocation Failure) 14M->10M(15M) 0.589ms
[221.398s][info][gc] GC(12540) Pause Young (Allocation Failure) 14M->10M(15M) 0.403ms
[221.404s][info][gc] GC(12541) Pause Young (Allocation Failure) 14M->10M(15M) 0.445ms
[221.409s][info][gc] GC(12542) Pause Young (Allocation Failure) 14M->10M(15M) 0.509ms
[221.416s][info][gc] GC(12543) Pause Young (Allocation Failure) 14M->10M(15M) 0.509ms
[221.422s][info][gc] GC(12544) Pause Young (Allocation Failure) 14M->10M(15M) 0.521ms
[221.428s][info][gc] GC(12545) Pause Young (Allocation Failure) 14M->10M(15M) 0.590ms
[221.433s][info][gc] GC(12546) Pause Young (Allocation Failure) 14M->10M(15M) 0.531ms
[221.439s][info][gc] GC(12547) Pause Young (Allocation Failure) 14M->10M(15M) 0.548ms
[221.445s][info][gc] GC(12548) Pause Young (Allocation Failure) 14M->10M(15M) 0.555ms
[221.450s][info][gc] GC(12549) Pause Young (Allocation Failure) 14M->10M(15M) 0.637ms
[221.456s][info][gc] GC(12550) Pause Young (Allocation Failure) 14M->10M(15M) 0.508ms
[221.461s][info][gc] GC(12551) Pause Young (Allocation Failure) 14M->10M(15M) 0.487ms
[221.466s][info][gc] GC(12552) Pause Young (Allocation Failure) 14M->10M(15M) 0.564ms
[221.473s][info][gc] GC(12553) Pause Young (Allocation Failure) 14M->10M(15M) 0.631ms
[221.478s][info][gc] GC(12554) Pause Young (Allocation Failure) 14M->10M(15M) 0.665ms
[221.484s][info][gc] GC(12555) Pause Young (Allocation Failure) 14M->10M(15M) 0.670ms
[221.489s][info][gc] GC(12556) Pause Young (Allocation Failure) 14M->10M(15M) 0.613ms
[221.495s][info][gc] GC(12557) Pause Young (Allocation Failure) 14M->10M(15M) 0.776ms
[221.501s][info][gc] GC(12558) Pause Young (Allocation Failure) 14M->10M(15M) 0.777ms
[221.506s][info][gc] GC(12559) Pause Young (Allocation Failure) 14M->10M(15M) 0.581ms
[221.512s][info][gc] GC(12560) Pause Young (Allocation Failure) 14M->10M(15M) 0.416ms
[221.517s][info][gc] GC(12561) Pause Young (Allocation Failure) 14M->10M(15M) 0.430ms
[221.524s][info][gc] GC(12562) Pause Young (Allocation Failure) 14M->10M(15M) 0.508ms
[221.531s][info][gc] GC(12563) Pause Young (Allocation Failure) 14M->10M(15M) 0.499ms
[221.537s][info][gc] GC(12564) Pause Young (Allocation Failure) 14M->10M(15M) 0.480ms
[221.544s][info][gc] GC(12565) Pause Young (Allocation Failure) 14M->10M(15M) 0.604ms
[221.550s][info][gc] GC(12566) Pause Young (Allocation Failure) 14M->10M(15M) 0.554ms
[221.555s][info][gc] GC(12567) Pause Young (Allocation Failure) 14M->10M(15M) 0.476ms
[221.561s][info][gc] GC(12568) Pause Young (Allocation Failure) 14M->10M(15M) 1.146ms
[221.567s][info][gc] GC(12569) Pause Young (Allocation Failure) 14M->10M(15M) 0.542ms
[221.572s][info][gc] GC(12570) Pause Young (Allocation Failure) 14M->10M(15M) 0.541ms
[221.579s][info][gc] GC(12571) Pause Young (Allocation Failure) 14M->10M(15M) 0.628ms
[221.585s][info][gc] GC(12572) Pause Young (Allocation Failure) 14M->10M(15M) 0.574ms
[221.591s][info][gc] GC(12573) Pause Young (Allocation Failure) 14M->10M(15M) 0.567ms
[221.596s][info][gc] GC(12574) Pause Young (Allocation Failure) 14M->10M(15M) 0.615ms
[221.603s][info][gc] GC(12575) Pause Young (Allocation Failure) 14M->10M(15M) 0.612ms
[221.610s][info][gc] GC(12576) Pause Young (Allocation Failure) 14M->10M(15M) 0.651ms
[221.616s][info][gc] GC(12577) Pause Young (Allocation Failure) 14M->10M(15M) 0.599ms
[221.621s][info][gc] GC(12578) Pause Young (Allocation Failure) 14M->10M(15M) 0.587ms
[221.626s][info][gc] GC(12579) Pause Young (Allocation Failure) 14M->10M(15M) 0.592ms
[221.633s][info][gc] GC(12580) Pause Young (Allocation Failure) 14M->10M(15M) 0.423ms
[221.637s][info][gc] GC(12581) Pause Young (Allocation Failure) 14M->10M(15M) 0.525ms
[221.644s][info][gc] GC(12582) Pause Young (Allocation Failure) 14M->10M(15M) 0.426ms
[221.649s][info][gc] GC(12583) Pause Young (Allocation Failure) 14M->10M(15M) 0.431ms
[221.655s][info][gc] GC(12584) Pause Young (Allocation Failure) 14M->10M(15M) 0.857ms
[221.661s][info][gc] GC(12585) Pause Young (Allocation Failure) 14M->10M(15M) 0.551ms
[221.667s][info][gc] GC(12586) Pause Young (Allocation Failure) 14M->10M(15M) 0.594ms
[221.673s][info][gc] GC(12587) Pause Young (Allocation Failure) 14M->10M(15M) 0.570ms
[221.679s][info][gc] GC(12588) Pause Young (Allocation Failure) 14M->10M(15M) 0.759ms
[221.688s][info][gc] GC(12589) Pause Young (Allocation Failure) 14M->10M(15M) 0.742ms
[221.693s][info][gc] GC(12590) Pause Young (Allocation Failure) 14M->10M(15M) 0.580ms
[221.700s][info][gc] GC(12591) Pause Young (Allocation Failure) 14M->10M(15M) 0.499ms
[221.705s][info][gc] GC(12592) Pause Young (Allocation Failure) 14M->10M(15M) 0.541ms
[221.711s][info][gc] GC(12593) Pause Young (Allocation Failure) 14M->10M(15M) 0.630ms
[221.716s][info][gc] GC(12594) Pause Young (Allocation Failure) 14M->10M(15M) 0.674ms
[221.726s][info][gc] GC(12595) Pause Young (Allocation Failure) 14M->10M(15M) 0.917ms
[221.732s][info][gc] GC(12596) Pause Young (Allocation Failure) 14M->10M(15M) 0.613ms
[221.739s][info][gc] GC(12597) Pause Young (Allocation Failure) 14M->10M(15M) 0.577ms
[221.744s][info][gc] GC(12598) Pause Young (Allocation Failure) 14M->10M(15M) 0.595ms
[221.751s][info][gc] GC(12599) Pause Young (Allocation Failure) 14M->10M(15M) 0.701ms
[221.756s][info][gc] GC(12600) Pause Young (Allocation Failure) 14M->10M(15M) 0.566ms
[221.763s][info][gc] GC(12601) Pause Young (Allocation Failure) 14M->10M(15M) 0.533ms
[221.768s][info][gc] GC(12602) Pause Young (Allocation Failure) 14M->10M(15M) 0.436ms
[221.773s][info][gc] GC(12603) Pause Young (Allocation Failure) 14M->10M(15M) 0.410ms
[221.779s][info][gc] GC(12604) Pause Young (Allocation Failure) 14M->10M(15M) 0.474ms
[221.785s][info][gc] GC(12605) Pause Young (Allocation Failure) 14M->10M(15M) 0.447ms
[221.791s][info][gc] GC(12606) Pause Young (Allocation Failure) 14M->10M(15M) 0.513ms
[221.797s][info][gc] GC(12607) Pause Young (Allocation Failure) 14M->10M(15M) 0.503ms
[221.803s][info][gc] GC(12608) Pause Young (Allocation Failure) 14M->10M(15M) 0.504ms
[221.808s][info][gc] GC(12609) Pause Young (Allocation Failure) 14M->10M(15M) 0.468ms
[221.814s][info][gc] GC(12610) Pause Young (Allocation Failure) 14M->10M(15M) 0.614ms
[221.820s][info][gc] GC(12611) Pause Young (Allocation Failure) 14M->10M(15M) 0.627ms
[221.825s][info][gc] GC(12612) Pause Young (Allocation Failure) 14M->10M(15M) 0.591ms
[221.832s][info][gc] GC(12613) Pause Young (Allocation Failure) 14M->10M(15M) 0.596ms
[221.837s][info][gc] GC(12614) Pause Young (Allocation Failure) 14M->10M(15M) 0.618ms
[221.844s][info][gc] GC(12615) Pause Young (Allocation Failure) 14M->10M(15M) 0.570ms
[221.849s][info][gc] GC(12616) Pause Young (Allocation Failure) 14M->10M(15M) 0.577ms
[221.856s][info][gc] GC(12617) Pause Young (Allocation Failure) 14M->10M(15M) 1.013ms
[221.861s][info][gc] GC(12618) Pause Young (Allocation Failure) 14M->10M(15M) 0.640ms
[221.866s][info][gc] GC(12619) Pause Young (Allocation Failure) 14M->10M(15M) 0.606ms
[221.873s][info][gc] GC(12620) Pause Young (Allocation Failure) 14M->10M(15M) 0.437ms
[221.882s][info][gc] GC(12621) Pause Young (Allocation Failure) 14M->10M(15M) 1.138ms
[221.887s][info][gc] GC(12622) Pause Young (Allocation Failure) 14M->10M(15M) 0.647ms
[221.894s][info][gc] GC(12623) Pause Young (Allocation Failure) 14M->10M(15M) 0.823ms
[221.901s][info][gc] GC(12624) Pause Young (Allocation Failure) 14M->10M(15M) 0.461ms
[221.908s][info][gc] GC(12625) Pause Young (Allocation Failure) 14M->10M(15M) 0.967ms
[221.915s][info][gc] GC(12626) Pause Young (Allocation Failure) 14M->10M(15M) 0.452ms
[221.922s][info][gc] GC(12627) Pause Young (Allocation Failure) 14M->10M(15M) 0.794ms
[221.927s][info][gc] GC(12628) Pause Young (Allocation Failure) 14M->10M(15M) 0.460ms
[221.933s][info][gc] GC(12629) Pause Young (Allocation Failure) 14M->10M(15M) 0.752ms
[221.940s][info][gc] GC(12630) Pause Young (Allocation Failure) 14M->10M(15M) 0.504ms
[221.945s][info][gc] GC(12631) Pause Young (Allocation Failure) 14M->10M(15M) 0.491ms
[221.952s][info][gc] GC(12632) Pause Young (Allocation Failure) 14M->10M(15M) 0.546ms
[221.957s][info][gc] GC(12633) Pause Young (Allocation Failure) 14M->10M(15M) 0.496ms
[221.964s][info][gc] GC(12634) Pause Young (Allocation Failure) 14M->10M(15M) 0.526ms
[221.969s][info][gc] GC(12635) Pause Young (Allocation Failure) 14M->10M(15M) 0.519ms
[221.975s][info][gc] GC(12636) Pause Young (Allocation Failure) 14M->10M(15M) 0.957ms
[221.980s][info][gc] GC(12637) Pause Young (Allocation Failure) 14M->10M(15M) 0.562ms
[221.986s][info][gc] GC(12638) Pause Young (Allocation Failure) 14M->10M(15M) 0.621ms
[221.992s][info][gc] GC(12639) Pause Young (Allocation Failure) 14M->10M(15M) 0.587ms
[221.997s][info][gc] GC(12640) Pause Young (Allocation Failure) 14M->10M(15M) 0.673ms
[222.004s][info][gc] GC(12641) Pause Young (Allocation Failure) 14M->10M(15M) 0.629ms
[222.009s][info][gc] GC(12642) Pause Young (Allocation Failure) 14M->10M(15M) 0.886ms
[222.015s][info][gc] GC(12643) Pause Young (Allocation Failure) 14M->10M(15M) 1.169ms
[222.021s][info][gc] GC(12644) Pause Young (Allocation Failure) 14M->10M(15M) 0.851ms
[222.027s][info][gc] GC(12645) Pause Young (Allocation Failure) 14M->10M(15M) 0.931ms
[222.034s][info][gc] GC(12646) Pause Young (Allocation Failure) 14M->10M(15M) 0.640ms
[222.039s][info][gc] GC(12647) Pause Young (Allocation Failure) 14M->10M(15M) 0.416ms
[222.045s][info][gc] GC(12648) Pause Young (Allocation Failure) 14M->10M(15M) 0.437ms
[222.051s][info][gc] GC(12649) Pause Young (Allocation Failure) 14M->10M(15M) 0.467ms
[222.057s][info][gc] GC(12650) Pause Young (Allocation Failure) 14M->10M(15M) 0.443ms
[222.063s][info][gc] GC(12651) Pause Young (Allocation Failure) 14M->10M(15M) 0.454ms
[222.069s][info][gc] GC(12652) Pause Young (Allocation Failure) 14M->10M(15M) 0.765ms
[222.077s][info][gc] GC(12653) Pause Young (Allocation Failure) 14M->10M(15M) 0.781ms
[222.086s][info][gc] GC(12654) Pause Young (Allocation Failure) 14M->10M(15M) 0.748ms
[222.091s][info][gc] GC(12655) Pause Young (Allocation Failure) 14M->10M(15M) 0.524ms
[222.098s][info][gc] GC(12656) Pause Young (Allocation Failure) 14M->10M(15M) 0.560ms
[222.103s][info][gc] GC(12657) Pause Young (Allocation Failure) 14M->10M(15M) 0.593ms
[222.110s][info][gc] GC(12658) Pause Young (Allocation Failure) 14M->10M(15M) 0.676ms
[222.116s][info][gc] GC(12659) Pause Young (Allocation Failure) 14M->10M(15M) 0.548ms
[222.122s][info][gc] GC(12660) Pause Young (Allocation Failure) 14M->10M(15M) 1.124ms
[222.130s][info][gc] GC(12661) Pause Young (Allocation Failure) 14M->10M(15M) 0.949ms
[222.140s][info][gc] GC(12662) Pause Young (Allocation Failure) 14M->10M(15M) 0.630ms
[222.145s][info][gc] GC(12663) Pause Young (Allocation Failure) 14M->10M(15M) 0.666ms
[222.153s][info][gc] GC(12664) Pause Young (Allocation Failure) 14M->10M(15M) 0.786ms
[222.158s][info][gc] GC(12665) Pause Young (Allocation Failure) 14M->10M(15M) 0.664ms
[222.165s][info][gc] GC(12666) Pause Young (Allocation Failure) 14M->10M(15M) 0.654ms
[222.171s][info][gc] GC(12667) Pause Young (Allocation Failure) 14M->10M(15M) 0.586ms
[222.177s][info][gc] GC(12668) Pause Young (Allocation Failure) 14M->10M(15M) 0.624ms
[222.183s][info][gc] GC(12669) Pause Young (Allocation Failure) 14M->10M(15M) 0.615ms
[222.190s][info][gc] GC(12670) Pause Young (Allocation Failure) 14M->10M(15M) 0.698ms
[222.196s][info][gc] GC(12671) Pause Young (Allocation Failure) 14M->10M(15M) 0.445ms
[222.204s][info][gc] GC(12672) Pause Young (Allocation Failure) 14M->10M(15M) 0.634ms
[222.209s][info][gc] GC(12673) Pause Young (Allocation Failure) 14M->10M(15M) 0.453ms
[222.217s][info][gc] GC(12674) Pause Young (Allocation Failure) 14M->10M(15M) 0.668ms
[222.222s][info][gc] GC(12675) Pause Young (Allocation Failure) 14M->10M(15M) 0.523ms
[222.231s][info][gc] GC(12676) Pause Young (Allocation Failure) 14M->10M(15M) 0.715ms
[222.239s][info][gc] GC(12677) Pause Young (Allocation Failure) 14M->10M(15M) 0.755ms
[222.247s][info][gc] GC(12678) Pause Young (Allocation Failure) 14M->10M(15M) 0.529ms
[222.255s][info][gc] GC(12679) Pause Young (Allocation Failure) 14M->10M(15M) 0.932ms
[222.262s][info][gc] GC(12680) Pause Young (Allocation Failure) 14M->10M(15M) 0.562ms
[222.270s][info][gc] GC(12681) Pause Young (Allocation Failure) 14M->10M(15M) 0.690ms
[222.276s][info][gc] GC(12682) Pause Young (Allocation Failure) 14M->10M(15M) 0.789ms
[222.282s][info][gc] GC(12683) Pause Young (Allocation Failure) 14M->10M(15M) 1.031ms
[222.287s][info][gc] GC(12684) Pause Young (Allocation Failure) 14M->10M(15M) 0.667ms
[222.293s][info][gc] GC(12685) Pause Young (Allocation Failure) 14M->10M(15M) 0.617ms
[222.299s][info][gc] GC(12686) Pause Young (Allocation Failure) 14M->10M(15M) 0.581ms
[222.304s][info][gc] GC(12687) Pause Young (Allocation Failure) 14M->10M(15M) 0.612ms
[222.311s][info][gc] GC(12688) Pause Young (Allocation Failure) 14M->10M(15M) 0.633ms
[222.316s][info][gc] GC(12689) Pause Young (Allocation Failure) 14M->10M(15M) 0.591ms
[222.322s][info][gc] GC(12690) Pause Young (Allocation Failure) 14M->10M(15M) 0.835ms
[222.327s][info][gc] GC(12691) Pause Young (Allocation Failure) 14M->10M(15M) 0.432ms
[222.332s][info][gc] GC(12692) Pause Young (Allocation Failure) 14M->10M(15M) 0.485ms
[222.341s][info][gc] GC(12693) Pause Young (Allocation Failure) 14M->10M(15M) 0.730ms
[222.346s][info][gc] GC(12694) Pause Young (Allocation Failure) 14M->10M(15M) 0.464ms
[222.352s][info][gc] GC(12695) Pause Young (Allocation Failure) 14M->10M(15M) 0.466ms
[222.357s][info][gc] GC(12696) Pause Young (Allocation Failure) 14M->10M(15M) 0.457ms
[222.363s][info][gc] GC(12697) Pause Young (Allocation Failure) 14M->10M(15M) 0.625ms
[222.368s][info][gc] GC(12698) Pause Young (Allocation Failure) 14M->10M(15M) 0.487ms
[222.374s][info][gc] GC(12699) Pause Young (Allocation Failure) 14M->10M(15M) 0.595ms
[222.380s][info][gc] GC(12700) Pause Young (Allocation Failure) 14M->10M(15M) 0.523ms
[222.385s][info][gc] GC(12701) Pause Young (Allocation Failure) 14M->10M(15M) 0.612ms
[222.392s][info][gc] GC(12702) Pause Young (Allocation Failure) 14M->10M(15M) 0.570ms
[222.397s][info][gc] GC(12703) Pause Young (Allocation Failure) 14M->10M(15M) 0.567ms
[222.403s][info][gc] GC(12704) Pause Young (Allocation Failure) 14M->10M(15M) 0.837ms
[222.408s][info][gc] GC(12705) Pause Young (Allocation Failure) 14M->10M(15M) 0.601ms
[222.413s][info][gc] GC(12706) Pause Young (Allocation Failure) 14M->10M(15M) 0.624ms
[222.421s][info][gc] GC(12707) Pause Young (Allocation Failure) 14M->10M(15M) 0.714ms
[222.426s][info][gc] GC(12708) Pause Young (Allocation Failure) 14M->10M(15M) 0.562ms
[222.432s][info][gc] GC(12709) Pause Young (Allocation Failure) 14M->10M(15M) 0.738ms
[222.437s][info][gc] GC(12710) Pause Young (Allocation Failure) 14M->10M(15M) 0.556ms
[222.444s][info][gc] GC(12711) Pause Young (Allocation Failure) 14M->10M(15M) 0.579ms
[222.450s][info][gc] GC(12712) Pause Young (Allocation Failure) 14M->10M(15M) 0.637ms
[222.456s][info][gc] GC(12713) Pause Young (Allocation Failure) 14M->10M(15M) 0.544ms
[222.461s][info][gc] GC(12714) Pause Young (Allocation Failure) 14M->10M(15M) 0.482ms
[222.466s][info][gc] GC(12715) Pause Young (Allocation Failure) 14M->10M(15M) 0.496ms
[222.472s][info][gc] GC(12716) Pause Young (Allocation Failure) 14M->10M(15M) 0.489ms
[222.478s][info][gc] GC(12717) Pause Young (Allocation Failure) 14M->10M(15M) 0.476ms
[222.485s][info][gc] GC(12718) Pause Young (Allocation Failure) 14M->10M(15M) 0.528ms
[222.490s][info][gc] GC(12719) Pause Young (Allocation Failure) 14M->10M(15M) 0.479ms
[222.495s][info][gc] GC(12720) Pause Young (Allocation Failure) 14M->10M(15M) 0.768ms
[222.500s][info][gc] GC(12721) Pause Young (Allocation Failure) 14M->10M(15M) 0.580ms
[222.505s][info][gc] GC(12722) Pause Young (Allocation Failure) 14M->10M(15M) 0.554ms
[222.511s][info][gc] GC(12723) Pause Young (Allocation Failure) 14M->10M(15M) 0.574ms
[222.517s][info][gc] GC(12724) Pause Young (Allocation Failure) 14M->10M(15M) 0.513ms
[222.523s][info][gc] GC(12725) Pause Young (Allocation Failure) 14M->10M(15M) 1.010ms
[222.529s][info][gc] GC(12726) Pause Young (Allocation Failure) 14M->10M(15M) 0.952ms
[222.537s][info][gc] GC(12727) Pause Young (Allocation Failure) 14M->10M(15M) 0.915ms
[222.544s][info][gc] GC(12728) Pause Young (Allocation Failure) 14M->10M(15M) 0.672ms
[222.550s][info][gc] GC(12729) Pause Young (Allocation Failure) 14M->10M(15M) 0.649ms
[222.555s][info][gc] GC(12730) Pause Young (Allocation Failure) 14M->10M(15M) 0.833ms
[222.561s][info][gc] GC(12731) Pause Young (Allocation Failure) 14M->10M(15M) 0.730ms
[222.567s][info][gc] GC(12732) Pause Young (Allocation Failure) 14M->10M(15M) 0.607ms
[222.572s][info][gc] GC(12733) Pause Young (Allocation Failure) 14M->10M(15M) 0.648ms
[222.579s][info][gc] GC(12734) Pause Young (Allocation Failure) 14M->10M(15M) 0.497ms
[222.584s][info][gc] GC(12735) Pause Young (Allocation Failure) 14M->10M(15M) 0.407ms
[222.590s][info][gc] GC(12736) Pause Young (Allocation Failure) 14M->10M(15M) 0.958ms
[222.595s][info][gc] GC(12737) Pause Young (Allocation Failure) 14M->10M(15M) 0.662ms
[222.600s][info][gc] GC(12738) Pause Young (Allocation Failure) 14M->10M(15M) 0.531ms
[222.606s][info][gc] GC(12739) Pause Young (Allocation Failure) 14M->10M(15M) 0.483ms
[222.612s][info][gc] GC(12740) Pause Young (Allocation Failure) 14M->10M(15M) 0.524ms
[222.618s][info][gc] GC(12741) Pause Young (Allocation Failure) 14M->10M(15M) 0.555ms
[222.624s][info][gc] GC(12742) Pause Young (Allocation Failure) 14M->10M(15M) 0.575ms
[222.630s][info][gc] GC(12743) Pause Young (Allocation Failure) 14M->10M(15M) 0.874ms
[222.637s][info][gc] GC(12744) Pause Young (Allocation Failure) 14M->10M(15M) 0.597ms
[222.643s][info][gc] GC(12745) Pause Young (Allocation Failure) 14M->10M(15M) 1.041ms
[222.649s][info][gc] GC(12746) Pause Young (Allocation Failure) 14M->10M(15M) 0.662ms
[222.655s][info][gc] GC(12747) Pause Young (Allocation Failure) 14M->10M(15M) 0.897ms
[222.661s][info][gc] GC(12748) Pause Young (Allocation Failure) 14M->10M(15M) 0.670ms
[222.666s][info][gc] GC(12749) Pause Young (Allocation Failure) 14M->10M(15M) 0.624ms
[222.674s][info][gc] GC(12750) Pause Young (Allocation Failure) 14M->10M(15M) 0.593ms
[222.680s][info][gc] GC(12751) Pause Young (Allocation Failure) 14M->10M(15M) 0.877ms
[222.692s][info][gc] GC(12752) Pause Young (Allocation Failure) 14M->10M(15M) 0.644ms
[222.699s][info][gc] GC(12753) Pause Young (Allocation Failure) 14M->10M(15M) 0.557ms
[222.704s][info][gc] GC(12754) Pause Young (Allocation Failure) 14M->10M(15M) 0.447ms
[222.711s][info][gc] GC(12755) Pause Young (Allocation Failure) 14M->10M(15M) 0.472ms
[222.715s][info][gc] GC(12756) Pause Young (Allocation Failure) 14M->10M(15M) 0.424ms
[222.721s][info][gc] GC(12757) Pause Young (Allocation Failure) 14M->10M(15M) 0.875ms
[222.727s][info][gc] GC(12758) Pause Young (Allocation Failure) 14M->10M(15M) 0.557ms
[222.733s][info][gc] GC(12759) Pause Young (Allocation Failure) 14M->10M(15M) 0.505ms
[222.740s][info][gc] GC(12760) Pause Young (Allocation Failure) 14M->10M(15M) 0.600ms
[222.746s][info][gc] GC(12761) Pause Young (Allocation Failure) 14M->10M(15M) 0.630ms
[222.754s][info][gc] GC(12762) Pause Young (Allocation Failure) 14M->10M(15M) 0.547ms
[222.759s][info][gc] GC(12763) Pause Young (Allocation Failure) 14M->10M(15M) 0.512ms
[222.766s][info][gc] GC(12764) Pause Young (Allocation Failure) 14M->10M(15M) 0.572ms
[222.771s][info][gc] GC(12765) Pause Young (Allocation Failure) 14M->10M(15M) 0.575ms
[222.779s][info][gc] GC(12766) Pause Young (Allocation Failure) 14M->10M(15M) 0.723ms
[222.784s][info][gc] GC(12767) Pause Young (Allocation Failure) 14M->10M(15M) 0.638ms
[222.791s][info][gc] GC(12768) Pause Young (Allocation Failure) 14M->10M(15M) 0.952ms
[222.796s][info][gc] GC(12769) Pause Young (Allocation Failure) 14M->10M(15M) 0.694ms
[222.802s][info][gc] GC(12770) Pause Young (Allocation Failure) 14M->10M(15M) 1.039ms
[222.807s][info][gc] GC(12771) Pause Young (Allocation Failure) 14M->10M(15M) 0.627ms
[222.812s][info][gc] GC(12772) Pause Young (Allocation Failure) 14M->10M(15M) 0.621ms
[222.819s][info][gc] GC(12773) Pause Young (Allocation Failure) 14M->10M(15M) 0.616ms
[222.824s][info][gc] GC(12774) Pause Young (Allocation Failure) 14M->10M(15M) 0.407ms
[222.831s][info][gc] GC(12775) Pause Young (Allocation Failure) 14M->10M(15M) 0.476ms
[222.837s][info][gc] GC(12776) Pause Young (Allocation Failure) 14M->10M(15M) 0.457ms
[222.843s][info][gc] GC(12777) Pause Young (Allocation Failure) 14M->10M(15M) 0.868ms
[222.848s][info][gc] GC(12778) Pause Young (Allocation Failure) 14M->10M(15M) 0.488ms
[222.854s][info][gc] GC(12779) Pause Young (Allocation Failure) 14M->10M(15M) 0.758ms
[222.861s][info][gc] GC(12780) Pause Young (Allocation Failure) 14M->10M(15M) 0.553ms
[222.867s][info][gc] GC(12781) Pause Young (Allocation Failure) 14M->10M(15M) 1.126ms
[222.874s][info][gc] GC(12782) Pause Young (Allocation Failure) 14M->10M(15M) 0.571ms
[222.880s][info][gc] GC(12783) Pause Young (Allocation Failure) 14M->10M(15M) 0.589ms
[222.888s][info][gc] GC(12784) Pause Young (Allocation Failure) 14M->10M(15M) 0.588ms
[222.899s][info][gc] GC(12785) Pause Young (Allocation Failure) 14M->10M(15M) 0.872ms
[222.905s][info][gc] GC(12786) Pause Young (Allocation Failure) 14M->10M(15M) 0.618ms
[222.912s][info][gc] GC(12787) Pause Young (Allocation Failure) 14M->10M(15M) 0.664ms
[222.917s][info][gc] GC(12788) Pause Young (Allocation Failure) 14M->10M(15M) 0.689ms
[222.924s][info][gc] GC(12789) Pause Young (Allocation Failure) 14M->10M(15M) 1.272ms
[222.930s][info][gc] GC(12790) Pause Young (Allocation Failure) 14M->10M(15M) 0.772ms
[222.937s][info][gc] GC(12791) Pause Young (Allocation Failure) 14M->10M(15M) 0.822ms
[222.943s][info][gc] GC(12792) Pause Young (Allocation Failure) 14M->10M(15M) 0.612ms
[222.949s][info][gc] GC(12793) Pause Young (Allocation Failure) 14M->10M(15M) 1.118ms
[222.956s][info][gc] GC(12794) Pause Young (Allocation Failure) 14M->10M(15M) 0.659ms
[222.961s][info][gc] GC(12795) Pause Young (Allocation Failure) 14M->10M(15M) 0.606ms
[222.967s][info][gc] GC(12796) Pause Young (Allocation Failure) 14M->10M(15M) 0.434ms
[222.972s][info][gc] GC(12797) Pause Young (Allocation Failure) 14M->10M(15M) 0.437ms
[222.978s][info][gc] GC(12798) Pause Young (Allocation Failure) 14M->10M(15M) 0.446ms
[222.984s][info][gc] GC(12799) Pause Young (Allocation Failure) 14M->10M(15M) 0.646ms
[222.991s][info][gc] GC(12800) Pause Young (Allocation Failure) 14M->10M(15M) 0.492ms
[222.996s][info][gc] GC(12801) Pause Young (Allocation Failure) 14M->10M(15M) 0.552ms
[223.001s][info][gc] GC(12802) Pause Young (Allocation Failure) 14M->10M(15M) 0.545ms
[223.007s][info][gc] GC(12803) Pause Young (Allocation Failure) 14M->10M(15M) 0.515ms
[223.014s][info][gc] GC(12804) Pause Young (Allocation Failure) 14M->10M(15M) 0.579ms
[223.021s][info][gc] GC(12805) Pause Young (Allocation Failure) 14M->10M(15M) 0.548ms
[223.026s][info][gc] GC(12806) Pause Young (Allocation Failure) 14M->10M(15M) 0.525ms
[223.032s][info][gc] GC(12807) Pause Young (Allocation Failure) 14M->10M(15M) 0.553ms
[223.038s][info][gc] GC(12808) Pause Young (Allocation Failure) 14M->10M(15M) 1.053ms
[223.044s][info][gc] GC(12809) Pause Young (Allocation Failure) 14M->10M(15M) 0.641ms
[223.051s][info][gc] GC(12810) Pause Young (Allocation Failure) 14M->10M(15M) 0.764ms
[223.059s][info][gc] GC(12811) Pause Young (Allocation Failure) 14M->10M(15M) 1.108ms
[223.073s][info][gc] GC(12812) Pause Young (Allocation Failure) 14M->10M(15M) 1.053ms
[223.081s][info][gc] GC(12813) Pause Young (Allocation Failure) 14M->10M(15M) 0.619ms
[223.089s][info][gc] GC(12814) Pause Young (Allocation Failure) 14M->10M(15M) 0.596ms
[223.095s][info][gc] GC(12815) Pause Young (Allocation Failure) 14M->10M(15M) 1.039ms
[223.103s][info][gc] GC(12816) Pause Young (Allocation Failure) 14M->10M(15M) 0.746ms
[223.111s][info][gc] GC(12817) Pause Young (Allocation Failure) 14M->10M(15M) 0.566ms
[223.117s][info][gc] GC(12818) Pause Young (Allocation Failure) 14M->10M(15M) 0.469ms
[223.125s][info][gc] GC(12819) Pause Young (Allocation Failure) 14M->10M(15M) 0.492ms
[223.130s][info][gc] GC(12820) Pause Young (Allocation Failure) 14M->10M(15M) 0.538ms
[223.137s][info][gc] GC(12821) Pause Young (Allocation Failure) 14M->10M(15M) 0.609ms
[223.143s][info][gc] GC(12822) Pause Young (Allocation Failure) 14M->10M(15M) 0.502ms
[223.152s][info][gc] GC(12823) Pause Young (Allocation Failure) 14M->10M(15M) 0.952ms
[223.158s][info][gc] GC(12824) Pause Young (Allocation Failure) 14M->10M(15M) 0.528ms
[223.166s][info][gc] GC(12825) Pause Young (Allocation Failure) 14M->10M(15M) 0.538ms
[223.174s][info][gc] GC(12826) Pause Young (Allocation Failure) 14M->10M(15M) 0.824ms
[223.182s][info][gc] GC(12827) Pause Young (Allocation Failure) 14M->10M(15M) 0.559ms
[223.188s][info][gc] GC(12828) Pause Young (Allocation Failure) 14M->10M(15M) 0.568ms
[223.195s][info][gc] GC(12829) Pause Young (Allocation Failure) 14M->10M(15M) 0.620ms
[223.201s][info][gc] GC(12830) Pause Young (Allocation Failure) 14M->10M(15M) 0.607ms
[223.208s][info][gc] GC(12831) Pause Young (Allocation Failure) 14M->10M(15M) 0.731ms
[223.214s][info][gc] GC(12832) Pause Young (Allocation Failure) 14M->10M(15M) 0.631ms
[223.220s][info][gc] GC(12833) Pause Young (Allocation Failure) 14M->10M(15M) 0.672ms
[223.226s][info][gc] GC(12834) Pause Young (Allocation Failure) 14M->10M(15M) 0.624ms
[223.234s][info][gc] GC(12835) Pause Young (Allocation Failure) 14M->10M(15M) 0.931ms
[223.243s][info][gc] GC(12836) Pause Young (Allocation Failure) 14M->10M(15M) 1.086ms
[223.249s][info][gc] GC(12837) Pause Young (Allocation Failure) 14M->10M(15M) 0.427ms
[223.254s][info][gc] GC(12838) Pause Young (Allocation Failure) 14M->10M(15M) 0.468ms
[223.264s][info][gc] GC(12839) Pause Young (Allocation Failure) 14M->10M(15M) 0.699ms
[223.269s][info][gc] GC(12840) Pause Young (Allocation Failure) 14M->10M(15M) 0.854ms
[223.275s][info][gc] GC(12841) Pause Young (Allocation Failure) 14M->10M(15M) 0.458ms
[223.280s][info][gc] GC(12842) Pause Young (Allocation Failure) 14M->10M(15M) 0.462ms
[223.287s][info][gc] GC(12843) Pause Young (Allocation Failure) 14M->10M(15M) 0.504ms
[223.293s][info][gc] GC(12844) Pause Young (Allocation Failure) 14M->10M(15M) 0.492ms
[223.300s][info][gc] GC(12845) Pause Young (Allocation Failure) 14M->10M(15M) 0.500ms
[223.305s][info][gc] GC(12846) Pause Young (Allocation Failure) 14M->10M(15M) 0.722ms
[223.312s][info][gc] GC(12847) Pause Young (Allocation Failure) 14M->10M(15M) 0.562ms
[223.318s][info][gc] GC(12848) Pause Young (Allocation Failure) 14M->10M(15M) 0.536ms
[223.325s][info][gc] GC(12849) Pause Young (Allocation Failure) 14M->10M(15M) 0.774ms
[223.330s][info][gc] GC(12850) Pause Young (Allocation Failure) 14M->10M(15M) 0.569ms
[223.336s][info][gc] GC(12851) Pause Young (Allocation Failure) 14M->10M(15M) 1.306ms
[223.346s][info][gc] GC(12852) Pause Young (Allocation Failure) 14M->10M(15M) 0.679ms
[223.354s][info][gc] GC(12853) Pause Young (Allocation Failure) 14M->10M(15M) 0.965ms
[223.360s][info][gc] GC(12854) Pause Young (Allocation Failure) 14M->10M(15M) 1.202ms
[223.367s][info][gc] GC(12855) Pause Young (Allocation Failure) 14M->10M(15M) 0.692ms
[223.373s][info][gc] GC(12856) Pause Young (Allocation Failure) 14M->10M(15M) 0.724ms
[223.380s][info][gc] GC(12857) Pause Young (Allocation Failure) 14M->10M(15M) 0.639ms
[223.385s][info][gc] GC(12858) Pause Young (Allocation Failure) 14M->10M(15M) 0.698ms
[223.392s][info][gc] GC(12859) Pause Young (Allocation Failure) 14M->10M(15M) 0.516ms
[223.397s][info][gc] GC(12860) Pause Young (Allocation Failure) 14M->10M(15M) 0.452ms
[223.403s][info][gc] GC(12861) Pause Young (Allocation Failure) 14M->10M(15M) 0.737ms
[223.408s][info][gc] GC(12862) Pause Young (Allocation Failure) 14M->10M(15M) 0.469ms
[223.413s][info][gc] GC(12863) Pause Young (Allocation Failure) 14M->10M(15M) 0.476ms
[223.421s][info][gc] GC(12864) Pause Young (Allocation Failure) 14M->10M(15M) 0.484ms
[223.428s][info][gc] GC(12865) Pause Young (Allocation Failure) 14M->10M(15M) 0.721ms
[223.434s][info][gc] GC(12866) Pause Young (Allocation Failure) 14M->10M(15M) 0.506ms
[223.440s][info][gc] GC(12867) Pause Young (Allocation Failure) 14M->10M(15M) 0.503ms
[223.448s][info][gc] GC(12868) Pause Young (Allocation Failure) 14M->10M(15M) 0.514ms
[223.453s][info][gc] GC(12869) Pause Young (Allocation Failure) 14M->10M(15M) 0.535ms
[223.461s][info][gc] GC(12870) Pause Young (Allocation Failure) 14M->10M(15M) 0.610ms
[223.467s][info][gc] GC(12871) Pause Young (Allocation Failure) 14M->10M(15M) 0.714ms
[223.474s][info][gc] GC(12872) Pause Young (Allocation Failure) 14M->10M(15M) 0.674ms
[223.481s][info][gc] GC(12873) Pause Young (Allocation Failure) 14M->10M(15M) 0.996ms
[223.489s][info][gc] GC(12874) Pause Young (Allocation Failure) 14M->10M(15M) 0.652ms
[223.495s][info][gc] GC(12875) Pause Young (Allocation Failure) 14M->10M(15M) 0.983ms
[223.503s][info][gc] GC(12876) Pause Young (Allocation Failure) 14M->10M(15M) 0.634ms
[223.512s][info][gc] GC(12877) Pause Young (Allocation Failure) 14M->10M(15M) 1.155ms
[223.521s][info][gc] GC(12878) Pause Young (Allocation Failure) 14M->10M(15M) 1.002ms
[223.533s][info][gc] GC(12879) Pause Young (Allocation Failure) 14M->10M(15M) 1.076ms
[223.552s][info][gc] GC(12880) Pause Young (Allocation Failure) 14M->10M(15M) 0.718ms
[223.561s][info][gc] GC(12881) Pause Young (Allocation Failure) 14M->10M(15M) 0.568ms
[223.572s][info][gc] GC(12882) Pause Young (Allocation Failure) 14M->10M(15M) 2.017ms
[223.581s][info][gc] GC(12883) Pause Young (Allocation Failure) 14M->10M(15M) 0.724ms
[223.586s][info][gc] GC(12884) Pause Young (Allocation Failure) 14M->10M(15M) 0.672ms
[223.593s][info][gc] GC(12885) Pause Young (Allocation Failure) 14M->10M(15M) 0.704ms
[223.598s][info][gc] GC(12886) Pause Young (Allocation Failure) 14M->10M(15M) 0.724ms
[223.604s][info][gc] GC(12887) Pause Young (Allocation Failure) 14M->10M(15M) 0.505ms
[223.609s][info][gc] GC(12888) Pause Young (Allocation Failure) 14M->10M(15M) 0.601ms
[223.615s][info][gc] GC(12889) Pause Young (Allocation Failure) 14M->10M(15M) 0.510ms
[223.621s][info][gc] GC(12890) Pause Young (Allocation Failure) 14M->10M(15M) 0.630ms
[223.626s][info][gc] GC(12891) Pause Young (Allocation Failure) 14M->10M(15M) 0.730ms
[223.631s][info][gc] GC(12892) Pause Young (Allocation Failure) 14M->10M(15M) 0.530ms
[223.640s][info][gc] GC(12893) Pause Young (Allocation Failure) 14M->10M(15M) 0.845ms
[223.649s][info][gc] GC(12894) Pause Young (Allocation Failure) 14M->10M(15M) 0.933ms
[223.658s][info][gc] GC(12895) Pause Young (Allocation Failure) 14M->10M(15M) 0.975ms
[223.667s][info][gc] GC(12896) Pause Young (Allocation Failure) 14M->10M(15M) 0.939ms
[223.676s][info][gc] GC(12897) Pause Young (Allocation Failure) 14M->10M(15M) 0.908ms
[223.683s][info][gc] GC(12898) Pause Young (Allocation Failure) 14M->10M(15M) 0.937ms
[223.693s][info][gc] GC(12899) Pause Young (Allocation Failure) 14M->10M(15M) 2.514ms
[223.703s][info][gc] GC(12900) Pause Young (Allocation Failure) 14M->10M(15M) 0.849ms
[223.712s][info][gc] GC(12901) Pause Young (Allocation Failure) 14M->10M(15M) 1.911ms
[223.720s][info][gc] GC(12902) Pause Young (Allocation Failure) 14M->10M(15M) 0.611ms
[223.733s][info][gc] GC(12903) Pause Young (Allocation Failure) 14M->10M(15M) 2.085ms
[223.741s][info][gc] GC(12904) Pause Young (Allocation Failure) 14M->10M(15M) 0.621ms
[223.747s][info][gc] GC(12905) Pause Young (Allocation Failure) 14M->10M(15M) 0.661ms
[223.755s][info][gc] GC(12906) Pause Young (Allocation Failure) 14M->10M(15M) 0.728ms
[223.764s][info][gc] GC(12907) Pause Young (Allocation Failure) 14M->10M(15M) 0.658ms
[223.769s][info][gc] GC(12908) Pause Young (Allocation Failure) 14M->10M(15M) 0.566ms
[223.775s][info][gc] GC(12909) Pause Young (Allocation Failure) 14M->10M(15M) 0.540ms
[223.782s][info][gc] GC(12910) Pause Young (Allocation Failure) 14M->10M(15M) 0.547ms
[223.790s][info][gc] GC(12911) Pause Young (Allocation Failure) 14M->10M(15M) 0.512ms
[223.796s][info][gc] GC(12912) Pause Young (Allocation Failure) 14M->10M(15M) 0.771ms
[223.801s][info][gc] GC(12913) Pause Young (Allocation Failure) 14M->10M(15M) 0.838ms
[223.807s][info][gc] GC(12914) Pause Young (Allocation Failure) 14M->10M(15M) 0.825ms
[223.815s][info][gc] GC(12915) Pause Young (Allocation Failure) 14M->10M(15M) 0.583ms
[223.821s][info][gc] GC(12916) Pause Young (Allocation Failure) 14M->10M(15M) 0.562ms
[223.826s][info][gc] GC(12917) Pause Young (Allocation Failure) 14M->10M(15M) 0.580ms
[223.831s][info][gc] GC(12918) Pause Young (Allocation Failure) 14M->10M(15M) 0.606ms
[223.836s][info][gc] GC(12919) Pause Young (Allocation Failure) 14M->10M(15M) 0.550ms
[223.841s][info][gc] GC(12920) Pause Young (Allocation Failure) 14M->10M(15M) 0.623ms
[223.846s][info][gc] GC(12921) Pause Young (Allocation Failure) 14M->10M(15M) 0.588ms
[223.851s][info][gc] GC(12922) Pause Young (Allocation Failure) 14M->10M(15M) 0.422ms
[223.858s][info][gc] GC(12923) Pause Young (Allocation Failure) 14M->10M(15M) 0.440ms
[223.862s][info][gc] GC(12924) Pause Young (Allocation Failure) 14M->10M(15M) 0.453ms
[223.870s][info][gc] GC(12925) Pause Young (Allocation Failure) 14M->10M(15M) 0.594ms
[223.878s][info][gc] GC(12926) Pause Young (Allocation Failure) 14M->10M(15M) 0.539ms
[223.884s][info][gc] GC(12927) Pause Young (Allocation Failure) 14M->10M(15M) 0.698ms
[223.890s][info][gc] GC(12928) Pause Young (Allocation Failure) 14M->10M(15M) 0.744ms
[223.895s][info][gc] GC(12929) Pause Young (Allocation Failure) 14M->10M(15M) 0.721ms
[223.902s][info][gc] GC(12930) Pause Young (Allocation Failure) 14M->10M(15M) 0.608ms
[223.907s][info][gc] GC(12931) Pause Young (Allocation Failure) 14M->10M(15M) 0.465ms
[223.913s][info][gc] GC(12932) Pause Young (Allocation Failure) 14M->10M(15M) 0.511ms
[223.918s][info][gc] GC(12933) Pause Young (Allocation Failure) 14M->10M(15M) 0.433ms
[223.924s][info][gc] GC(12934) Pause Young (Allocation Failure) 14M->10M(15M) 0.538ms
[223.929s][info][gc] GC(12935) Pause Young (Allocation Failure) 14M->10M(15M) 0.531ms
[223.935s][info][gc] GC(12936) Pause Young (Allocation Failure) 14M->10M(15M) 0.589ms
[223.940s][info][gc] GC(12937) Pause Young (Allocation Failure) 14M->10M(15M) 0.539ms
[223.945s][info][gc] GC(12938) Pause Young (Allocation Failure) 14M->10M(15M) 0.752ms
[223.950s][info][gc] GC(12939) Pause Young (Allocation Failure) 14M->10M(15M) 0.578ms
[223.956s][info][gc] GC(12940) Pause Young (Allocation Failure) 14M->10M(15M) 0.630ms
[223.962s][info][gc] GC(12941) Pause Young (Allocation Failure) 14M->10M(15M) 0.594ms
[223.967s][info][gc] GC(12942) Pause Young (Allocation Failure) 14M->10M(15M) 0.646ms
[223.973s][info][gc] GC(12943) Pause Young (Allocation Failure) 14M->10M(15M) 0.538ms
[223.978s][info][gc] GC(12944) Pause Young (Allocation Failure) 14M->10M(15M) 0.550ms
[223.984s][info][gc] GC(12945) Pause Young (Allocation Failure) 14M->10M(15M) 0.719ms
[223.989s][info][gc] GC(12946) Pause Young (Allocation Failure) 14M->10M(15M) 0.576ms
[223.994s][info][gc] GC(12947) Pause Young (Allocation Failure) 14M->10M(15M) 0.392ms
[223.999s][info][gc] GC(12948) Pause Young (Allocation Failure) 14M->10M(15M) 0.582ms
[224.004s][info][gc] GC(12949) Pause Young (Allocation Failure) 14M->10M(15M) 0.430ms
[224.008s][info][gc] GC(12950) Pause Young (Allocation Failure) 14M->10M(15M) 0.459ms
[224.014s][info][gc] GC(12951) Pause Young (Allocation Failure) 14M->10M(15M) 0.521ms
[224.019s][info][gc] GC(12952) Pause Young (Allocation Failure) 14M->10M(15M) 0.504ms
[224.024s][info][gc] GC(12953) Pause Young (Allocation Failure) 14M->10M(15M) 0.479ms
[224.028s][info][gc] GC(12954) Pause Young (Allocation Failure) 14M->10M(15M) 0.584ms
[224.034s][info][gc] GC(12955) Pause Young (Allocation Failure) 14M->10M(15M) 0.471ms
[224.039s][info][gc] GC(12956) Pause Young (Allocation Failure) 14M->10M(15M) 0.480ms
[224.044s][info][gc] GC(12957) Pause Young (Allocation Failure) 14M->10M(15M) 0.466ms
[224.049s][info][gc] GC(12958) Pause Young (Allocation Failure) 14M->10M(15M) 0.510ms
[224.054s][info][gc] GC(12959) Pause Young (Allocation Failure) 14M->10M(15M) 0.508ms
[224.059s][info][gc] GC(12960) Pause Young (Allocation Failure) 14M->10M(15M) 0.515ms
[224.065s][info][gc] GC(12961) Pause Young (Allocation Failure) 14M->10M(15M) 0.568ms
[224.070s][info][gc] GC(12962) Pause Young (Allocation Failure) 14M->10M(15M) 0.640ms
[224.076s][info][gc] GC(12963) Pause Young (Allocation Failure) 14M->10M(15M) 0.748ms
[224.082s][info][gc] GC(12964) Pause Young (Allocation Failure) 14M->10M(15M) 0.739ms
[224.091s][info][gc] GC(12965) Pause Young (Allocation Failure) 14M->10M(15M) 1.222ms
[224.097s][info][gc] GC(12966) Pause Young (Allocation Failure) 14M->10M(15M) 0.631ms
[224.103s][info][gc] GC(12967) Pause Young (Allocation Failure) 14M->10M(15M) 0.945ms
[224.108s][info][gc] GC(12968) Pause Young (Allocation Failure) 14M->10M(15M) 0.414ms
[224.115s][info][gc] GC(12969) Pause Young (Allocation Failure) 14M->10M(15M) 0.754ms
[224.120s][info][gc] GC(12970) Pause Young (Allocation Failure) 14M->10M(15M) 0.801ms
[224.126s][info][gc] GC(12971) Pause Young (Allocation Failure) 14M->10M(15M) 0.475ms
[224.131s][info][gc] GC(12972) Pause Young (Allocation Failure) 14M->10M(15M) 0.465ms
[224.136s][info][gc] GC(12973) Pause Young (Allocation Failure) 14M->10M(15M) 0.447ms
[224.144s][info][gc] GC(12974) Pause Young (Allocation Failure) 14M->10M(15M) 0.809ms
[224.149s][info][gc] GC(12975) Pause Young (Allocation Failure) 14M->10M(15M) 0.541ms
[224.155s][info][gc] GC(12976) Pause Young (Allocation Failure) 14M->10M(15M) 0.564ms
[224.162s][info][gc] GC(12977) Pause Young (Allocation Failure) 14M->10M(15M) 0.757ms
[224.168s][info][gc] GC(12978) Pause Young (Allocation Failure) 14M->10M(15M) 0.602ms
[224.174s][info][gc] GC(12979) Pause Young (Allocation Failure) 14M->10M(15M) 0.551ms
[224.180s][info][gc] GC(12980) Pause Young (Allocation Failure) 14M->10M(15M) 0.593ms
[224.185s][info][gc] GC(12981) Pause Young (Allocation Failure) 14M->10M(15M) 0.551ms
[224.191s][info][gc] GC(12982) Pause Young (Allocation Failure) 14M->10M(15M) 1.006ms
[224.198s][info][gc] GC(12983) Pause Young (Allocation Failure) 14M->10M(15M) 0.644ms
[224.205s][info][gc] GC(12984) Pause Young (Allocation Failure) 14M->10M(15M) 0.801ms
[224.211s][info][gc] GC(12985) Pause Young (Allocation Failure) 14M->10M(15M) 0.893ms
[224.216s][info][gc] GC(12986) Pause Young (Allocation Failure) 14M->10M(15M) 0.891ms
[224.223s][info][gc] GC(12987) Pause Young (Allocation Failure) 14M->10M(15M) 0.645ms
[224.228s][info][gc] GC(12988) Pause Young (Allocation Failure) 14M->10M(15M) 0.852ms
[224.234s][info][gc] GC(12989) Pause Young (Allocation Failure) 14M->10M(15M) 0.434ms
[224.240s][info][gc] GC(12990) Pause Young (Allocation Failure) 14M->10M(15M) 0.460ms
[224.246s][info][gc] GC(12991) Pause Young (Allocation Failure) 14M->10M(15M) 0.672ms
[224.254s][info][gc] GC(12992) Pause Young (Allocation Failure) 14M->10M(15M) 0.741ms
[224.259s][info][gc] GC(12993) Pause Young (Allocation Failure) 14M->10M(15M) 0.460ms
[224.264s][info][gc] GC(12994) Pause Young (Allocation Failure) 14M->10M(15M) 0.480ms
[224.271s][info][gc] GC(12995) Pause Young (Allocation Failure) 14M->10M(15M) 0.493ms
[224.277s][info][gc] GC(12996) Pause Young (Allocation Failure) 14M->10M(15M) 0.488ms
[224.282s][info][gc] GC(12997) Pause Young (Allocation Failure) 14M->10M(15M) 0.632ms
[224.288s][info][gc] GC(12998) Pause Young (Allocation Failure) 14M->10M(15M) 0.502ms
[224.293s][info][gc] GC(12999) Pause Young (Allocation Failure) 14M->10M(15M) 0.525ms
[224.299s][info][gc] GC(13000) Pause Young (Allocation Failure) 14M->10M(15M) 0.930ms
[224.305s][info][gc] GC(13001) Pause Young (Allocation Failure) 14M->10M(15M) 0.623ms
[224.312s][info][gc] GC(13002) Pause Young (Allocation Failure) 14M->10M(15M) 0.670ms
[224.317s][info][gc] GC(13003) Pause Young (Allocation Failure) 14M->10M(15M) 0.642ms
[224.323s][info][gc] GC(13004) Pause Young (Allocation Failure) 14M->10M(15M) 0.604ms
[224.329s][info][gc] GC(13005) Pause Young (Allocation Failure) 14M->10M(15M) 0.603ms
[224.335s][info][gc] GC(13006) Pause Young (Allocation Failure) 14M->10M(15M) 0.639ms
[224.341s][info][gc] GC(13007) Pause Young (Allocation Failure) 14M->10M(15M) 0.695ms
[224.346s][info][gc] GC(13008) Pause Young (Allocation Failure) 14M->10M(15M) 0.631ms
[224.352s][info][gc] GC(13009) Pause Young (Allocation Failure) 14M->10M(15M) 0.442ms
[224.358s][info][gc] GC(13010) Pause Young (Allocation Failure) 14M->10M(15M) 0.671ms
[224.364s][info][gc] GC(13011) Pause Young (Allocation Failure) 14M->10M(15M) 0.456ms
[224.372s][info][gc] GC(13012) Pause Young (Allocation Failure) 14M->10M(15M) 0.500ms
[224.379s][info][gc] GC(13013) Pause Young (Allocation Failure) 14M->10M(15M) 0.564ms
[224.385s][info][gc] GC(13014) Pause Young (Allocation Failure) 14M->10M(15M) 0.519ms
[224.391s][info][gc] GC(13015) Pause Young (Allocation Failure) 14M->10M(15M) 0.532ms
[224.396s][info][gc] GC(13016) Pause Young (Allocation Failure) 14M->10M(15M) 0.550ms
[224.403s][info][gc] GC(13017) Pause Young (Allocation Failure) 14M->10M(15M) 0.570ms
[224.408s][info][gc] GC(13018) Pause Young (Allocation Failure) 14M->10M(15M) 0.616ms
[224.414s][info][gc] GC(13019) Pause Young (Allocation Failure) 14M->10M(15M) 0.631ms
[224.420s][info][gc] GC(13020) Pause Young (Allocation Failure) 14M->10M(15M) 0.797ms
[224.428s][info][gc] GC(13021) Pause Young (Allocation Failure) 14M->10M(15M) 0.891ms
[224.436s][info][gc] GC(13022) Pause Young (Allocation Failure) 14M->10M(15M) 0.917ms
[224.443s][info][gc] GC(13023) Pause Young (Allocation Failure) 14M->10M(15M) 0.982ms
[224.451s][info][gc] GC(13024) Pause Young (Allocation Failure) 14M->10M(15M) 0.919ms
[224.458s][info][gc] GC(13025) Pause Young (Allocation Failure) 14M->10M(15M) 0.723ms
[224.465s][info][gc] GC(13026) Pause Young (Allocation Failure) 14M->10M(15M) 0.731ms
[224.471s][info][gc] GC(13027) Pause Young (Allocation Failure) 14M->10M(15M) 0.649ms
[224.478s][info][gc] GC(13028) Pause Young (Allocation Failure) 14M->10M(15M) 0.640ms
[224.484s][info][gc] GC(13029) Pause Young (Allocation Failure) 14M->10M(15M) 0.682ms
[224.490s][info][gc] GC(13030) Pause Young (Allocation Failure) 14M->10M(15M) 0.464ms
[224.495s][info][gc] GC(13031) Pause Young (Allocation Failure) 14M->10M(15M) 0.644ms
[224.502s][info][gc] GC(13032) Pause Young (Allocation Failure) 14M->10M(15M) 0.769ms
[224.507s][info][gc] GC(13033) Pause Young (Allocation Failure) 14M->10M(15M) 0.528ms
[224.515s][info][gc] GC(13034) Pause Young (Allocation Failure) 14M->10M(15M) 0.542ms
[224.521s][info][gc] GC(13035) Pause Young (Allocation Failure) 14M->10M(15M) 0.915ms
[224.530s][info][gc] GC(13036) Pause Young (Allocation Failure) 14M->10M(15M) 0.876ms
[224.538s][info][gc] GC(13037) Pause Young (Allocation Failure) 14M->10M(15M) 0.825ms
[224.546s][info][gc] GC(13038) Pause Young (Allocation Failure) 14M->10M(15M) 0.956ms
[224.562s][info][gc] GC(13039) Pause Young (Allocation Failure) 14M->10M(15M) 0.941ms
[224.571s][info][gc] GC(13040) Pause Young (Allocation Failure) 14M->10M(15M) 0.980ms
[224.579s][info][gc] GC(13041) Pause Young (Allocation Failure) 14M->10M(15M) 0.956ms
[224.588s][info][gc] GC(13042) Pause Young (Allocation Failure) 14M->10M(15M) 0.967ms
[224.596s][info][gc] GC(13043) Pause Young (Allocation Failure) 14M->10M(15M) 0.913ms
[224.607s][info][gc] GC(13044) Pause Young (Allocation Failure) 14M->10M(15M) 0.896ms
[224.617s][info][gc] GC(13045) Pause Young (Allocation Failure) 14M->10M(15M) 0.890ms
[224.628s][info][gc] GC(13046) Pause Young (Allocation Failure) 14M->10M(15M) 0.936ms
[224.636s][info][gc] GC(13047) Pause Young (Allocation Failure) 14M->10M(15M) 0.665ms
[224.647s][info][gc] GC(13048) Pause Young (Allocation Failure) 14M->10M(15M) 0.699ms
[224.655s][info][gc] GC(13049) Pause Young (Allocation Failure) 14M->10M(15M) 0.810ms
[224.664s][info][gc] GC(13050) Pause Young (Allocation Failure) 14M->10M(15M) 0.797ms
[224.672s][info][gc] GC(13051) Pause Young (Allocation Failure) 14M->10M(15M) 0.898ms
[224.689s][info][gc] GC(13052) Pause Young (Allocation Failure) 14M->10M(15M) 0.778ms
[224.698s][info][gc] GC(13053) Pause Young (Allocation Failure) 14M->10M(15M) 0.954ms
[224.707s][info][gc] GC(13054) Pause Young (Allocation Failure) 14M->10M(15M) 1.516ms
[224.715s][info][gc] GC(13055) Pause Young (Allocation Failure) 14M->10M(15M) 0.814ms
[224.724s][info][gc] GC(13056) Pause Young (Allocation Failure) 14M->10M(15M) 1.522ms
[224.746s][info][gc] GC(13057) Pause Young (Allocation Failure) 14M->10M(15M) 0.871ms
[224.755s][info][gc] GC(13058) Pause Young (Allocation Failure) 14M->10M(15M) 0.893ms
[224.763s][info][gc] GC(13059) Pause Young (Allocation Failure) 14M->10M(15M) 1.019ms
[224.771s][info][gc] GC(13060) Pause Young (Allocation Failure) 14M->10M(15M) 1.571ms
[224.784s][info][gc] GC(13061) Pause Young (Allocation Failure) 14M->10M(15M) 0.953ms
[224.792s][info][gc] GC(13062) Pause Young (Allocation Failure) 14M->10M(15M) 1.007ms
[224.801s][info][gc] GC(13063) Pause Young (Allocation Failure) 14M->10M(15M) 1.227ms
[224.810s][info][gc] GC(13064) Pause Young (Allocation Failure) 14M->10M(15M) 1.014ms
[224.819s][info][gc] GC(13065) Pause Young (Allocation Failure) 14M->10M(15M) 0.696ms
[224.828s][info][gc] GC(13066) Pause Young (Allocation Failure) 14M->10M(15M) 0.771ms
[224.837s][info][gc] GC(13067) Pause Young (Allocation Failure) 14M->10M(15M) 0.717ms
[224.845s][info][gc] GC(13068) Pause Young (Allocation Failure) 14M->10M(15M) 0.669ms
[224.852s][info][gc] GC(13069) Pause Young (Allocation Failure) 14M->10M(15M) 0.757ms
[224.860s][info][gc] GC(13070) Pause Young (Allocation Failure) 14M->10M(15M) 0.764ms
[224.868s][info][gc] GC(13071) Pause Young (Allocation Failure) 14M->10M(15M) 0.774ms
[224.899s][info][gc] GC(13072) Pause Young (Allocation Failure) 14M->10M(15M) 0.783ms
[224.913s][info][gc] GC(13073) Pause Young (Allocation Failure) 14M->10M(15M) 0.748ms
[224.921s][info][gc] GC(13074) Pause Young (Allocation Failure) 14M->10M(15M) 0.778ms
[224.929s][info][gc] GC(13075) Pause Young (Allocation Failure) 14M->10M(15M) 0.829ms
[224.938s][info][gc] GC(13076) Pause Young (Allocation Failure) 14M->10M(15M) 0.857ms
[224.946s][info][gc] GC(13077) Pause Young (Allocation Failure) 14M->10M(15M) 0.822ms
[224.954s][info][gc] GC(13078) Pause Young (Allocation Failure) 14M->10M(15M) 0.886ms
[224.962s][info][gc] GC(13079) Pause Young (Allocation Failure) 14M->10M(15M) 0.880ms
[224.970s][info][gc] GC(13080) Pause Young (Allocation Failure) 14M->10M(15M) 0.915ms
[224.981s][info][gc] GC(13081) Pause Young (Allocation Failure) 14M->10M(15M) 0.961ms
[224.989s][info][gc] GC(13082) Pause Young (Allocation Failure) 14M->10M(15M) 0.904ms
[224.997s][info][gc] GC(13083) Pause Young (Allocation Failure) 14M->10M(15M) 0.955ms
[225.006s][info][gc] GC(13084) Pause Young (Allocation Failure) 14M->10M(15M) 1.005ms
[225.014s][info][gc] GC(13085) Pause Young (Allocation Failure) 14M->10M(15M) 0.920ms
[225.022s][info][gc] GC(13086) Pause Young (Allocation Failure) 14M->10M(15M) 0.930ms
[225.032s][info][gc] GC(13087) Pause Young (Allocation Failure) 14M->10M(15M) 1.242ms
[225.041s][info][gc] GC(13088) Pause Young (Allocation Failure) 14M->10M(15M) 1.091ms
[225.049s][info][gc] GC(13089) Pause Young (Allocation Failure) 14M->10M(15M) 1.201ms
[225.057s][info][gc] GC(13090) Pause Young (Allocation Failure) 14M->10M(15M) 0.721ms
[225.066s][info][gc] GC(13091) Pause Young (Allocation Failure) 14M->10M(15M) 0.677ms
[225.074s][info][gc] GC(13092) Pause Young (Allocation Failure) 14M->10M(15M) 0.884ms
[225.085s][info][gc] GC(13093) Pause Young (Allocation Failure) 14M->10M(15M) 0.715ms
[225.093s][info][gc] GC(13094) Pause Young (Allocation Failure) 14M->10M(15M) 0.736ms
[225.101s][info][gc] GC(13095) Pause Young (Allocation Failure) 14M->10M(15M) 0.751ms
[225.108s][info][gc] GC(13096) Pause Young (Allocation Failure) 14M->10M(15M) 0.756ms
[225.116s][info][gc] GC(13097) Pause Young (Allocation Failure) 14M->10M(15M) 0.786ms
[225.123s][info][gc] GC(13098) Pause Young (Allocation Failure) 14M->10M(15M) 0.772ms
[225.134s][info][gc] GC(13099) Pause Young (Allocation Failure) 14M->10M(15M) 0.874ms
[225.141s][info][gc] GC(13100) Pause Young (Allocation Failure) 14M->10M(15M) 0.852ms
[225.149s][info][gc] GC(13101) Pause Young (Allocation Failure) 14M->10M(15M) 0.902ms
[225.157s][info][gc] GC(13102) Pause Young (Allocation Failure) 14M->10M(15M) 0.727ms
[225.164s][info][gc] GC(13103) Pause Young (Allocation Failure) 14M->10M(15M) 0.617ms
[225.172s][info][gc] GC(13104) Pause Young (Allocation Failure) 14M->10M(15M) 0.973ms
[225.180s][info][gc] GC(13105) Pause Young (Allocation Failure) 14M->10M(15M) 1.143ms
[225.190s][info][gc] GC(13106) Pause Young (Allocation Failure) 14M->10M(15M) 0.938ms
[225.198s][info][gc] GC(13107) Pause Young (Allocation Failure) 14M->10M(15M) 0.953ms
[225.207s][info][gc] GC(13108) Pause Young (Allocation Failure) 14M->10M(15M) 0.982ms
[225.215s][info][gc] GC(13109) Pause Young (Allocation Failure) 14M->10M(15M) 0.963ms
[225.223s][info][gc] GC(13110) Pause Young (Allocation Failure) 14M->10M(15M) 1.010ms
[225.231s][info][gc] GC(13111) Pause Young (Allocation Failure) 14M->10M(15M) 1.044ms
[225.239s][info][gc] GC(13112) Pause Young (Allocation Failure) 14M->10M(15M) 0.935ms
[225.247s][info][gc] GC(13113) Pause Young (Allocation Failure) 14M->10M(15M) 0.646ms
[225.254s][info][gc] GC(13114) Pause Young (Allocation Failure) 14M->10M(15M) 0.441ms
[225.259s][info][gc] GC(13115) Pause Young (Allocation Failure) 14M->10M(15M) 0.558ms
[225.265s][info][gc] GC(13116) Pause Young (Allocation Failure) 14M->10M(15M) 0.470ms
[225.271s][info][gc] GC(13117) Pause Young (Allocation Failure) 14M->10M(15M) 0.732ms
[225.278s][info][gc] GC(13118) Pause Young (Allocation Failure) 14M->10M(15M) 0.735ms
[225.286s][info][gc] GC(13119) Pause Young (Allocation Failure) 14M->10M(15M) 0.762ms
[225.291s][info][gc] GC(13120) Pause Young (Allocation Failure) 14M->10M(15M) 0.555ms
[225.299s][info][gc] GC(13121) Pause Young (Allocation Failure) 14M->10M(15M) 0.784ms
[225.305s][info][gc] GC(13122) Pause Young (Allocation Failure) 14M->10M(15M) 0.542ms
[225.311s][info][gc] GC(13123) Pause Young (Allocation Failure) 14M->10M(15M) 0.672ms
[225.316s][info][gc] GC(13124) Pause Young (Allocation Failure) 14M->10M(15M) 0.559ms
[225.323s][info][gc] GC(13125) Pause Young (Allocation Failure) 14M->10M(15M) 0.903ms
[225.330s][info][gc] GC(13126) Pause Young (Allocation Failure) 14M->10M(15M) 0.655ms
[225.337s][info][gc] GC(13127) Pause Young (Allocation Failure) 14M->10M(15M) 0.608ms
[225.345s][info][gc] GC(13128) Pause Young (Allocation Failure) 14M->10M(15M) 0.728ms
[225.350s][info][gc] GC(13129) Pause Young (Allocation Failure) 14M->10M(15M) 0.660ms
[225.355s][info][gc] GC(13130) Pause Young (Allocation Failure) 14M->10M(15M) 0.613ms
[225.360s][info][gc] GC(13131) Pause Young (Allocation Failure) 14M->10M(15M) 0.690ms
[225.367s][info][gc] GC(13132) Pause Young (Allocation Failure) 14M->10M(15M) 0.815ms
[225.373s][info][gc] GC(13133) Pause Young (Allocation Failure) 14M->10M(15M) 0.909ms
[225.380s][info][gc] GC(13134) Pause Young (Allocation Failure) 14M->10M(15M) 0.691ms
[225.388s][info][gc] GC(13135) Pause Young (Allocation Failure) 14M->10M(15M) 0.437ms
[225.394s][info][gc] GC(13136) Pause Young (Allocation Failure) 14M->10M(15M) 0.716ms
[225.399s][info][gc] GC(13137) Pause Young (Allocation Failure) 14M->10M(15M) 0.678ms
[225.406s][info][gc] GC(13138) Pause Young (Allocation Failure) 14M->10M(15M) 0.453ms
[225.412s][info][gc] GC(13139) Pause Young (Allocation Failure) 14M->10M(15M) 0.493ms
[225.418s][info][gc] GC(13140) Pause Young (Allocation Failure) 14M->10M(15M) 0.645ms
[225.423s][info][gc] GC(13141) Pause Young (Allocation Failure) 14M->10M(15M) 0.473ms
[225.431s][info][gc] GC(13142) Pause Young (Allocation Failure) 14M->10M(15M) 0.511ms
[225.437s][info][gc] GC(13143) Pause Young (Allocation Failure) 14M->10M(15M) 0.768ms
[225.445s][info][gc] GC(13144) Pause Young (Allocation Failure) 14M->10M(15M) 0.527ms
[225.450s][info][gc] GC(13145) Pause Young (Allocation Failure) 14M->10M(15M) 0.820ms
[225.456s][info][gc] GC(13146) Pause Young (Allocation Failure) 14M->10M(15M) 0.835ms
[225.461s][info][gc] GC(13147) Pause Young (Allocation Failure) 14M->10M(15M) 0.584ms
[225.467s][info][gc] GC(13148) Pause Young (Allocation Failure) 14M->10M(15M) 0.847ms
[225.472s][info][gc] GC(13149) Pause Young (Allocation Failure) 14M->10M(15M) 0.838ms
[225.477s][info][gc] GC(13150) Pause Young (Allocation Failure) 14M->10M(15M) 0.841ms
[225.484s][info][gc] GC(13151) Pause Young (Allocation Failure) 14M->10M(15M) 0.603ms
[225.491s][info][gc] GC(13152) Pause Young (Allocation Failure) 15M->10M(15M) 0.630ms
[225.496s][info][gc] GC(13153) Pause Young (Allocation Failure) 15M->10M(15M) 0.607ms
[225.501s][info][gc] GC(13154) Pause Young (Allocation Failure) 14M->10M(15M) 0.866ms
[225.506s][info][gc] GC(13155) Pause Young (Allocation Failure) 14M->10M(15M) 0.875ms
[225.512s][info][gc] GC(13156) Pause Young (Allocation Failure) 15M->10M(15M) 0.419ms
[225.519s][info][gc] GC(13157) Pause Young (Allocation Failure) 14M->10M(15M) 0.632ms
[225.525s][info][gc] GC(13158) Pause Young (Allocation Failure) 14M->10M(15M) 0.464ms
[225.531s][info][gc] GC(13159) Pause Young (Allocation Failure) 14M->10M(15M) 0.771ms
[225.538s][info][gc] GC(13160) Pause Young (Allocation Failure) 14M->10M(15M) 0.708ms
[225.543s][info][gc] GC(13161) Pause Young (Allocation Failure) 14M->10M(15M) 0.545ms
[225.548s][info][gc] GC(13162) Pause Young (Allocation Failure) 14M->10M(15M) 0.551ms
[225.556s][info][gc] GC(13163) Pause Young (Allocation Failure) 14M->10M(15M) 1.811ms
[225.567s][info][gc] GC(13164) Pause Young (Allocation Failure) 14M->10M(15M) 0.778ms
[225.577s][info][gc] GC(13165) Pause Young (Allocation Failure) 14M->10M(15M) 1.613ms
[225.586s][info][gc] GC(13166) Pause Young (Allocation Failure) 14M->10M(15M) 0.872ms
[225.591s][info][gc] GC(13167) Pause Young (Allocation Failure) 14M->10M(15M) 0.926ms
[225.599s][info][gc] GC(13168) Pause Young (Allocation Failure) 14M->10M(15M) 0.804ms
[225.606s][info][gc] GC(13169) Pause Young (Allocation Failure) 15M->10M(15M) 1.060ms
[225.613s][info][gc] GC(13170) Pause Young (Allocation Failure) 15M->10M(15M) 1.215ms
[225.622s][info][gc] GC(13171) Pause Young (Allocation Failure) 15M->10M(15M) 0.922ms
[225.628s][info][gc] GC(13172) Pause Young (Allocation Failure) 14M->10M(15M) 0.845ms
[225.635s][info][gc] GC(13173) Pause Young (Allocation Failure) 14M->10M(15M) 0.852ms
[225.642s][info][gc] GC(13174) Pause Young (Allocation Failure) 15M->10M(15M) 1.009ms
[225.651s][info][gc] GC(13175) Pause Young (Allocation Failure) 15M->10M(15M) 0.742ms
[225.657s][info][gc] GC(13176) Pause Young (Allocation Failure) 14M->10M(15M) 0.469ms
[225.663s][info][gc] GC(13177) Pause Young (Allocation Failure) 14M->10M(15M) 0.456ms
[225.668s][info][gc] GC(13178) Pause Young (Allocation Failure) 14M->10M(15M) 0.550ms
[225.674s][info][gc] GC(13179) Pause Young (Allocation Failure) 14M->10M(15M) 0.493ms
[225.682s][info][gc] GC(13180) Pause Young (Allocation Failure) 14M->10M(15M) 0.760ms
[225.689s][info][gc] GC(13181) Pause Young (Allocation Failure) 14M->10M(15M) 0.749ms
[225.698s][info][gc] GC(13182) Pause Young (Allocation Failure) 14M->10M(15M) 0.496ms
[225.705s][info][gc] GC(13183) Pause Young (Allocation Failure) 14M->10M(15M) 0.775ms
[225.710s][info][gc] GC(13184) Pause Young (Allocation Failure) 14M->10M(15M) 0.662ms
[225.717s][info][gc] GC(13185) Pause Young (Allocation Failure) 14M->10M(15M) 0.822ms
[225.722s][info][gc] GC(13186) Pause Young (Allocation Failure) 14M->10M(15M) 0.822ms
[225.728s][info][gc] GC(13187) Pause Young (Allocation Failure) 15M->10M(15M) 0.602ms
[225.736s][info][gc] GC(13188) Pause Young (Allocation Failure) 15M->10M(15M) 0.612ms
[225.743s][info][gc] GC(13189) Pause Young (Allocation Failure) 15M->10M(15M) 0.943ms
[225.749s][info][gc] GC(13190) Pause Young (Allocation Failure) 15M->10M(15M) 0.902ms
[225.756s][info][gc] GC(13191) Pause Young (Allocation Failure) 14M->10M(15M) 0.675ms
[225.762s][info][gc] GC(13192) Pause Young (Allocation Failure) 15M->10M(15M) 0.642ms
[225.768s][info][gc] GC(13193) Pause Young (Allocation Failure) 15M->10M(15M) 0.645ms
[225.775s][info][gc] GC(13194) Pause Young (Allocation Failure) 15M->10M(15M) 0.452ms
[225.782s][info][gc] GC(13195) Pause Young (Allocation Failure) 14M->10M(15M) 0.551ms
[225.788s][info][gc] GC(13196) Pause Young (Allocation Failure) 14M->10M(15M) 0.560ms
[225.794s][info][gc] GC(13197) Pause Young (Allocation Failure) 14M->10M(15M) 0.524ms
[225.800s][info][gc] GC(13198) Pause Young (Allocation Failure) 14M->10M(15M) 0.608ms
[225.806s][info][gc] GC(13199) Pause Young (Allocation Failure) 14M->10M(15M) 0.862ms
[225.812s][info][gc] GC(13200) Pause Young (Allocation Failure) 14M->10M(15M) 0.548ms
[225.819s][info][gc] GC(13201) Pause Young (Allocation Failure) 14M->10M(15M) 0.515ms
[225.826s][info][gc] GC(13202) Pause Young (Allocation Failure) 14M->10M(15M) 0.529ms
[225.831s][info][gc] GC(13203) Pause Young (Allocation Failure) 14M->10M(15M) 0.830ms
[225.837s][info][gc] GC(13204) Pause Young (Allocation Failure) 15M->10M(15M) 0.997ms
[225.844s][info][gc] GC(13205) Pause Young (Allocation Failure) 15M->10M(15M) 0.625ms
[225.850s][info][gc] GC(13206) Pause Young (Allocation Failure) 15M->10M(15M) 0.847ms
[225.856s][info][gc] GC(13207) Pause Young (Allocation Failure) 15M->10M(15M) 0.610ms
[225.861s][info][gc] GC(13208) Pause Young (Allocation Failure) 15M->10M(15M) 0.610ms
[225.868s][info][gc] GC(13209) Pause Young (Allocation Failure) 15M->10M(15M) 0.924ms
[225.877s][info][gc] GC(13210) Pause Young (Allocation Failure) 15M->10M(15M) 0.646ms
[225.886s][info][gc] GC(13211) Pause Young (Allocation Failure) 15M->10M(15M) 1.060ms
[225.892s][info][gc] GC(13212) Pause Young (Allocation Failure) 15M->10M(15M) 0.671ms
[225.898s][info][gc] GC(13213) Pause Young (Allocation Failure) 15M->10M(15M) 0.430ms
[225.905s][info][gc] GC(13214) Pause Young (Allocation Failure) 14M->10M(15M) 0.700ms
[225.911s][info][gc] GC(13215) Pause Young (Allocation Failure) 15M->10M(15M) 0.733ms
[225.918s][info][gc] GC(13216) Pause Young (Allocation Failure) 15M->10M(15M) 0.736ms
[225.924s][info][gc] GC(13217) Pause Young (Allocation Failure) 14M->10M(15M) 0.666ms
[225.931s][info][gc] GC(13218) Pause Young (Allocation Failure) 14M->10M(15M) 0.618ms
[225.937s][info][gc] GC(13219) Pause Young (Allocation Failure) 14M->10M(15M) 0.466ms
[225.944s][info][gc] GC(13220) Pause Young (Allocation Failure) 14M->10M(15M) 0.489ms
[225.951s][info][gc] GC(13221) Pause Young (Allocation Failure) 14M->10M(15M) 0.506ms
[225.956s][info][gc] GC(13222) Pause Young (Allocation Failure) 14M->10M(15M) 0.501ms
[225.963s][info][gc] GC(13223) Pause Young (Allocation Failure) 14M->10M(15M) 0.917ms
[225.968s][info][gc] GC(13224) Pause Young (Allocation Failure) 14M->10M(15M) 0.762ms
[225.974s][info][gc] GC(13225) Pause Young (Allocation Failure) 14M->10M(15M) 0.768ms
[225.979s][info][gc] GC(13226) Pause Young (Allocation Failure) 15M->10M(15M) 0.651ms
[225.987s][info][gc] GC(13227) Pause Young (Allocation Failure) 15M->10M(15M) 0.796ms
[225.992s][info][gc] GC(13228) Pause Young (Allocation Failure) 15M->10M(15M) 0.741ms
[226.000s][info][gc] GC(13229) Pause Young (Allocation Failure) 15M->10M(15M) 0.592ms
[226.008s][info][gc] GC(13230) Pause Young (Allocation Failure) 15M->10M(15M) 0.585ms
[226.017s][info][gc] GC(13231) Pause Young (Allocation Failure) 15M->10M(15M) 0.607ms
[226.024s][info][gc] GC(13232) Pause Young (Allocation Failure) 15M->10M(15M) 0.638ms
[226.031s][info][gc] GC(13233) Pause Young (Allocation Failure) 15M->10M(15M) 0.922ms
[226.036s][info][gc] GC(13234) Pause Young (Allocation Failure) 15M->10M(15M) 0.612ms
[226.042s][info][gc] GC(13235) Pause Young (Allocation Failure) 15M->10M(15M) 0.837ms
[226.049s][info][gc] GC(13236) Pause Young (Allocation Failure) 15M->10M(15M) 0.664ms
[226.055s][info][gc] GC(13237) Pause Young (Allocation Failure) 15M->10M(15M) 0.462ms
[226.061s][info][gc] GC(13238) Pause Young (Allocation Failure) 14M->10M(15M) 0.642ms
[226.071s][info][gc] GC(13239) Pause Young (Allocation Failure) 14M->10M(15M) 1.046ms
[226.079s][info][gc] GC(13240) Pause Young (Allocation Failure) 14M->10M(15M) 0.529ms
[226.086s][info][gc] GC(13241) Pause Young (Allocation Failure) 14M->10M(15M) 0.521ms
[226.095s][info][gc] GC(13242) Pause Young (Allocation Failure) 14M->10M(15M) 0.892ms
[226.103s][info][gc] GC(13243) Pause Young (Allocation Failure) 15M->10M(15M) 0.788ms
[226.112s][info][gc] GC(13244) Pause Young (Allocation Failure) 15M->10M(15M) 1.345ms
[226.124s][info][gc] GC(13245) Pause Young (Allocation Failure) 15M->10M(15M) 1.683ms
[226.132s][info][gc] GC(13246) Pause Young (Allocation Failure) 15M->10M(15M) 0.815ms
[226.141s][info][gc] GC(13247) Pause Young (Allocation Failure) 15M->10M(15M) 0.848ms
[226.149s][info][gc] GC(13248) Pause Young (Allocation Failure) 15M->10M(15M) 1.018ms
[226.158s][info][gc] GC(13249) Pause Young (Allocation Failure) 15M->10M(15M) 0.882ms
[226.167s][info][gc] GC(13250) Pause Young (Allocation Failure) 15M->10M(15M) 0.942ms
[226.177s][info][gc] GC(13251) Pause Young (Allocation Failure) 15M->10M(15M) 0.937ms
[226.195s][info][gc] GC(13252) Pause Young (Allocation Failure) 15M->10M(15M) 0.877ms
[226.204s][info][gc] GC(13253) Pause Young (Allocation Failure) 15M->10M(15M) 0.829ms
[226.212s][info][gc] GC(13254) Pause Young (Allocation Failure) 15M->10M(15M) 0.893ms
[226.220s][info][gc] GC(13255) Pause Young (Allocation Failure) 15M->10M(15M) 1.012ms
[226.227s][info][gc] GC(13256) Pause Young (Allocation Failure) 15M->10M(15M) 0.857ms
[226.234s][info][gc] GC(13257) Pause Young (Allocation Failure) 15M->10M(15M) 0.635ms
[226.243s][info][gc] GC(13258) Pause Young (Allocation Failure) 14M->10M(15M) 0.665ms
[226.254s][info][gc] GC(13259) Pause Young (Allocation Failure) 14M->10M(15M) 0.688ms
[226.262s][info][gc] GC(13260) Pause Young (Allocation Failure) 14M->10M(15M) 0.721ms
[226.270s][info][gc] GC(13261) Pause Young (Allocation Failure) 14M->10M(15M) 0.737ms
[226.277s][info][gc] GC(13262) Pause Young (Allocation Failure) 14M->10M(15M) 0.682ms
[226.285s][info][gc] GC(13263) Pause Young (Allocation Failure) 15M->10M(15M) 0.681ms
[226.296s][info][gc] GC(13264) Pause Young (Allocation Failure) 15M->10M(15M) 1.769ms
[226.305s][info][gc] GC(13265) Pause Young (Allocation Failure) 15M->10M(15M) 0.895ms
[226.317s][info][gc] GC(13266) Pause Young (Allocation Failure) 15M->10M(15M) 1.974ms
[226.326s][info][gc] GC(13267) Pause Young (Allocation Failure) 15M->10M(15M) 0.904ms
[226.333s][info][gc] GC(13268) Pause Young (Allocation Failure) 15M->10M(15M) 0.581ms
[226.342s][info][gc] GC(13269) Pause Young (Allocation Failure) 15M->10M(15M) 0.606ms
[226.349s][info][gc] GC(13270) Pause Young (Allocation Failure) 15M->10M(15M) 1.030ms
[226.355s][info][gc] GC(13271) Pause Young (Allocation Failure) 15M->10M(15M) 0.959ms
[226.360s][info][gc] GC(13272) Pause Young (Allocation Failure) 15M->10M(15M) 0.936ms
[226.367s][info][gc] GC(13273) Pause Young (Allocation Failure) 15M->10M(15M) 0.626ms
[226.373s][info][gc] GC(13274) Pause Young (Allocation Failure) 15M->10M(15M) 0.601ms
[226.379s][info][gc] GC(13275) Pause Young (Allocation Failure) 15M->10M(15M) 0.624ms
[226.385s][info][gc] GC(13276) Pause Young (Allocation Failure) 15M->10M(15M) 0.651ms
[226.391s][info][gc] GC(13277) Pause Young (Allocation Failure) 14M->10M(15M) 0.711ms
[226.396s][info][gc] GC(13278) Pause Young (Allocation Failure) 14M->10M(15M) 0.528ms
[226.403s][info][gc] GC(13279) Pause Young (Allocation Failure) 14M->10M(15M) 0.527ms
[226.411s][info][gc] GC(13280) Pause Young (Allocation Failure) 14M->10M(15M) 0.666ms
[226.419s][info][gc] GC(13281) Pause Young (Allocation Failure) 15M->10M(15M) 0.799ms
[226.425s][info][gc] GC(13282) Pause Young (Allocation Failure) 15M->10M(15M) 0.565ms
[226.431s][info][gc] GC(13283) Pause Young (Allocation Failure) 15M->10M(15M) 0.579ms
[226.438s][info][gc] GC(13284) Pause Young (Allocation Failure) 15M->10M(15M) 0.570ms
[226.445s][info][gc] GC(13285) Pause Young (Allocation Failure) 15M->10M(15M) 0.550ms
[226.451s][info][gc] GC(13286) Pause Young (Allocation Failure) 15M->10M(15M) 0.555ms
[226.458s][info][gc] GC(13287) Pause Young (Allocation Failure) 15M->10M(15M) 0.811ms
[226.466s][info][gc] GC(13288) Pause Young (Allocation Failure) 15M->10M(15M) 0.584ms
[226.474s][info][gc] GC(13289) Pause Young (Allocation Failure) 15M->10M(15M) 0.836ms
[226.479s][info][gc] GC(13290) Pause Young (Allocation Failure) 15M->10M(15M) 0.826ms
[226.485s][info][gc] GC(13291) Pause Young (Allocation Failure) 15M->10M(15M) 0.595ms
[226.492s][info][gc] GC(13292) Pause Young (Allocation Failure) 15M->10M(15M) 0.634ms
[226.499s][info][gc] GC(13293) Pause Young (Allocation Failure) 15M->10M(15M) 0.570ms
[226.504s][info][gc] GC(13294) Pause Young (Allocation Failure) 15M->10M(15M) 0.739ms
[226.510s][info][gc] GC(13295) Pause Young (Allocation Failure) 15M->10M(15M) 0.924ms
[226.515s][info][gc] GC(13296) Pause Young (Allocation Failure) 15M->10M(15M) 0.909ms
[226.521s][info][gc] GC(13297) Pause Young (Allocation Failure) 15M->10M(15M) 0.657ms
[226.528s][info][gc] GC(13298) Pause Young (Allocation Failure) 14M->10M(15M) 0.471ms
[226.533s][info][gc] GC(13299) Pause Young (Allocation Failure) 14M->10M(15M) 0.478ms
[226.540s][info][gc] GC(13300) Pause Young (Allocation Failure) 15M->10M(15M) 0.473ms
[226.545s][info][gc] GC(13301) Pause Young (Allocation Failure) 15M->10M(15M) 0.491ms
[226.553s][info][gc] GC(13302) Pause Young (Allocation Failure) 15M->10M(15M) 0.503ms
[226.560s][info][gc] GC(13303) Pause Young (Allocation Failure) 15M->10M(15M) 0.508ms
[226.565s][info][gc] GC(13304) Pause Young (Allocation Failure) 15M->10M(15M) 0.544ms
[226.571s][info][gc] GC(13305) Pause Young (Allocation Failure) 15M->10M(15M) 0.806ms
[226.577s][info][gc] GC(13306) Pause Young (Allocation Failure) 15M->10M(15M) 0.644ms
[226.584s][info][gc] GC(13307) Pause Young (Allocation Failure) 15M->10M(15M) 0.601ms
[226.592s][info][gc] GC(13308) Pause Young (Allocation Failure) 15M->10M(15M) 0.843ms
[226.600s][info][gc] GC(13309) Pause Young (Allocation Failure) 15M->10M(15M) 0.858ms
[226.608s][info][gc] GC(13310) Pause Young (Allocation Failure) 15M->10M(15M) 0.839ms
[226.615s][info][gc] GC(13311) Pause Young (Allocation Failure) 15M->10M(15M) 0.810ms
[226.622s][info][gc] GC(13312) Pause Young (Allocation Failure) 15M->10M(15M) 0.951ms
[226.630s][info][gc] GC(13313) Pause Young (Allocation Failure) 15M->10M(15M) 0.661ms
[226.638s][info][gc] GC(13314) Pause Young (Allocation Failure) 15M->10M(15M) 0.892ms
[226.643s][info][gc] GC(13315) Pause Young (Allocation Failure) 15M->10M(15M) 0.662ms
[226.649s][info][gc] GC(13316) Pause Young (Allocation Failure) 15M->10M(15M) 0.849ms
[226.655s][info][gc] GC(13317) Pause Young (Allocation Failure) 15M->10M(15M) 0.471ms
[226.662s][info][gc] GC(13318) Pause Young (Allocation Failure) 14M->10M(15M) 0.469ms
[226.669s][info][gc] GC(13319) Pause Young (Allocation Failure) 15M->10M(15M) 0.453ms
[226.677s][info][gc] GC(13320) Pause Young (Allocation Failure) 15M->10M(15M) 0.455ms
[226.685s][info][gc] GC(13321) Pause Young (Allocation Failure) 15M->10M(15M) 0.683ms
[226.693s][info][gc] GC(13322) Pause Young (Allocation Failure) 15M->10M(15M) 0.748ms
[226.701s][info][gc] GC(13323) Pause Young (Allocation Failure) 15M->10M(15M) 0.715ms
[226.709s][info][gc] GC(13324) Pause Young (Allocation Failure) 15M->10M(15M) 0.705ms
[226.717s][info][gc] GC(13325) Pause Young (Allocation Failure) 15M->10M(15M) 0.810ms
[226.725s][info][gc] GC(13326) Pause Young (Allocation Failure) 15M->10M(15M) 0.830ms
[226.732s][info][gc] GC(13327) Pause Young (Allocation Failure) 15M->10M(15M) 0.781ms
[226.737s][info][gc] GC(13328) Pause Young (Allocation Failure) 15M->10M(15M) 0.771ms
[226.743s][info][gc] GC(13329) Pause Young (Allocation Failure) 15M->10M(15M) 0.876ms
[226.751s][info][gc] GC(13330) Pause Young (Allocation Failure) 15M->10M(15M) 0.608ms
[226.757s][info][gc] GC(13331) Pause Young (Allocation Failure) 15M->10M(15M) 0.901ms
[226.763s][info][gc] GC(13332) Pause Young (Allocation Failure) 15M->10M(15M) 0.913ms
[226.768s][info][gc] GC(13333) Pause Young (Allocation Failure) 15M->10M(15M) 0.875ms
[226.773s][info][gc] GC(13334) Pause Young (Allocation Failure) 15M->10M(15M) 0.890ms
[226.780s][info][gc] GC(13335) Pause Young (Allocation Failure) 15M->10M(15M) 0.898ms
[226.788s][info][gc] GC(13336) Pause Young (Allocation Failure) 15M->10M(15M) 0.906ms
[226.795s][info][gc] GC(13337) Pause Young (Allocation Failure) 15M->10M(15M) 0.612ms
[226.803s][info][gc] GC(13338) Pause Young (Allocation Failure) 15M->10M(15M) 0.676ms
[226.811s][info][gc] GC(13339) Pause Young (Allocation Failure) 15M->10M(15M) 0.734ms
[226.819s][info][gc] GC(13340) Pause Young (Allocation Failure) 15M->10M(15M) 0.696ms
[226.825s][info][gc] GC(13341) Pause Young (Allocation Failure) 15M->10M(15M) 0.709ms
[226.833s][info][gc] GC(13342) Pause Young (Allocation Failure) 15M->10M(15M) 0.675ms
[226.841s][info][gc] GC(13343) Pause Young (Allocation Failure) 15M->10M(15M) 0.722ms
[226.849s][info][gc] GC(13344) Pause Young (Allocation Failure) 15M->10M(15M) 0.818ms
[226.856s][info][gc] GC(13345) Pause Young (Allocation Failure) 15M->10M(15M) 0.703ms
[226.865s][info][gc] GC(13346) Pause Young (Allocation Failure) 15M->10M(15M) 0.878ms
[226.874s][info][gc] GC(13347) Pause Young (Allocation Failure) 15M->10M(15M) 0.924ms
[226.882s][info][gc] GC(13348) Pause Young (Allocation Failure) 15M->10M(15M) 0.890ms
[226.890s][info][gc] GC(13349) Pause Young (Allocation Failure) 15M->10M(15M) 0.654ms
[226.898s][info][gc] GC(13350) Pause Young (Allocation Failure) 15M->10M(15M) 0.962ms
[226.905s][info][gc] GC(13351) Pause Young (Allocation Failure) 15M->10M(15M) 1.062ms
[226.913s][info][gc] GC(13352) Pause Young (Allocation Failure) 15M->10M(15M) 0.744ms
[226.921s][info][gc] GC(13353) Pause Young (Allocation Failure) 15M->10M(15M) 0.656ms
[226.928s][info][gc] GC(13354) Pause Young (Allocation Failure) 15M->10M(15M) 0.580ms
[226.935s][info][gc] GC(13355) Pause Young (Allocation Failure) 15M->10M(15M) 0.839ms
[226.940s][info][gc] GC(13356) Pause Young (Allocation Failure) 15M->10M(15M) 0.832ms
[226.946s][info][gc] GC(13357) Pause Young (Allocation Failure) 15M->10M(15M) 0.653ms
[226.953s][info][gc] GC(13358) Pause Young (Allocation Failure) 15M->10M(15M) 0.750ms
[226.961s][info][gc] GC(13359) Pause Young (Allocation Failure) 15M->10M(15M) 0.921ms
[226.969s][info][gc] GC(13360) Pause Young (Allocation Failure) 15M->10M(15M) 0.914ms
[226.974s][info][gc] GC(13361) Pause Young (Allocation Failure) 15M->10M(15M) 0.967ms
[226.980s][info][gc] GC(13362) Pause Young (Allocation Failure) 15M->10M(15M) 0.916ms
[226.987s][info][gc] GC(13363) Pause Young (Allocation Failure) 15M->10M(15M) 0.425ms
[226.995s][info][gc] GC(13364) Pause Young (Allocation Failure) 15M->10M(15M) 0.461ms
[227.002s][info][gc] GC(13365) Pause Young (Allocation Failure) 15M->10M(15M) 0.740ms
[227.009s][info][gc] GC(13366) Pause Young (Allocation Failure) 15M->10M(15M) 0.557ms
[227.016s][info][gc] GC(13367) Pause Young (Allocation Failure) 15M->10M(15M) 0.464ms
[227.023s][info][gc] GC(13368) Pause Young (Allocation Failure) 15M->10M(15M) 0.559ms
[227.030s][info][gc] GC(13369) Pause Young (Allocation Failure) 15M->10M(15M) 0.649ms
[227.036s][info][gc] GC(13370) Pause Young (Allocation Failure) 15M->10M(15M) 0.586ms
[227.042s][info][gc] GC(13371) Pause Young (Allocation Failure) 15M->10M(15M) 0.544ms
[227.048s][info][gc] GC(13372) Pause Young (Allocation Failure) 15M->10M(15M) 0.733ms
[227.056s][info][gc] GC(13373) Pause Young (Allocation Failure) 15M->10M(15M) 0.904ms
[227.065s][info][gc] GC(13374) Pause Young (Allocation Failure) 15M->10M(15M) 0.997ms
[227.074s][info][gc] GC(13375) Pause Young (Allocation Failure) 15M->10M(15M) 0.885ms
[227.082s][info][gc] GC(13376) Pause Young (Allocation Failure) 15M->10M(15M) 0.949ms
[227.090s][info][gc] GC(13377) Pause Young (Allocation Failure) 15M->10M(15M) 0.891ms
[227.099s][info][gc] GC(13378) Pause Young (Allocation Failure) 15M->10M(15M) 1.011ms
[227.107s][info][gc] GC(13379) Pause Young (Allocation Failure) 15M->10M(15M) 0.845ms
[227.115s][info][gc] GC(13380) Pause Young (Allocation Failure) 15M->10M(15M) 1.293ms
[227.123s][info][gc] GC(13381) Pause Young (Allocation Failure) 15M->10M(15M) 0.881ms
[227.131s][info][gc] GC(13382) Pause Young (Allocation Failure) 15M->10M(15M) 1.040ms
[227.140s][info][gc] GC(13383) Pause Young (Allocation Failure) 15M->10M(15M) 0.703ms
[227.146s][info][gc] GC(13384) Pause Young (Allocation Failure) 15M->10M(15M) 0.520ms
[227.151s][info][gc] GC(13385) Pause Young (Allocation Failure) 15M->10M(15M) 0.603ms
[227.160s][info][gc] GC(13386) Pause Young (Allocation Failure) 15M->10M(15M) 0.453ms
[227.169s][info][gc] GC(13387) Pause Young (Allocation Failure) 15M->10M(15M) 0.759ms
[227.175s][info][gc] GC(13388) Pause Young (Allocation Failure) 15M->10M(15M) 0.495ms
[227.180s][info][gc] GC(13389) Pause Young (Allocation Failure) 15M->10M(15M) 0.589ms
[227.188s][info][gc] GC(13390) Pause Young (Allocation Failure) 15M->10M(15M) 0.762ms
[227.194s][info][gc] GC(13391) Pause Young (Allocation Failure) 15M->10M(15M) 0.575ms
[227.203s][info][gc] GC(13392) Pause Young (Allocation Failure) 15M->10M(15M) 0.938ms
[227.211s][info][gc] GC(13393) Pause Young (Allocation Failure) 15M->10M(15M) 0.633ms
[227.216s][info][gc] GC(13394) Pause Young (Allocation Failure) 15M->10M(15M) 0.567ms
[227.224s][info][gc] GC(13395) Pause Young (Allocation Failure) 15M->10M(15M) 0.817ms
[227.230s][info][gc] GC(13396) Pause Young (Allocation Failure) 15M->10M(15M) 0.601ms
[227.237s][info][gc] GC(13397) Pause Young (Allocation Failure) 15M->10M(15M) 1.074ms
[227.243s][info][gc] GC(13398) Pause Young (Allocation Failure) 15M->10M(15M) 0.614ms
[227.291s][info][gc] GC(13399) Pause Full (Allocation Failure) 10M->9M(15M) 47.914ms
[227.300s][info][gc] GC(13400) Pause Young (Allocation Failure) 13M->9M(15M) 1.510ms
[227.308s][info][gc] GC(13401) Pause Young (Allocation Failure) 14M->9M(15M) 0.903ms
[227.317s][info][gc] GC(13402) Pause Young (Allocation Failure) 14M->9M(15M) 0.948ms
[227.325s][info][gc] GC(13403) Pause Young (Allocation Failure) 14M->9M(15M) 0.873ms
[227.334s][info][gc] GC(13404) Pause Young (Allocation Failure) 14M->9M(15M) 0.716ms
[227.342s][info][gc] GC(13405) Pause Young (Allocation Failure) 13M->9M(15M) 0.566ms
[227.350s][info][gc] GC(13406) Pause Young (Allocation Failure) 13M->9M(15M) 0.639ms
[227.357s][info][gc] GC(13407) Pause Young (Allocation Failure) 13M->9M(15M) 0.716ms
[227.366s][info][gc] GC(13408) Pause Young (Allocation Failure) 13M->9M(15M) 0.758ms
[227.374s][info][gc] GC(13409) Pause Young (Allocation Failure) 13M->9M(15M) 0.487ms
[227.381s][info][gc] GC(13410) Pause Young (Allocation Failure) 13M->9M(15M) 0.759ms
[227.387s][info][gc] GC(13411) Pause Young (Allocation Failure) 13M->9M(15M) 0.872ms
[227.395s][info][gc] GC(13412) Pause Young (Allocation Failure) 13M->9M(15M) 0.543ms
[227.403s][info][gc] GC(13413) Pause Young (Allocation Failure) 14M->9M(15M) 0.726ms
[227.409s][info][gc] GC(13414) Pause Young (Allocation Failure) 14M->9M(15M) 0.889ms
[227.415s][info][gc] GC(13415) Pause Young (Allocation Failure) 14M->9M(15M) 0.547ms
[227.421s][info][gc] GC(13416) Pause Young (Allocation Failure) 14M->9M(15M) 0.909ms
[227.427s][info][gc] GC(13417) Pause Young (Allocation Failure) 14M->9M(15M) 0.605ms
[227.435s][info][gc] GC(13418) Pause Young (Allocation Failure) 14M->9M(15M) 0.934ms
[227.440s][info][gc] GC(13419) Pause Young (Allocation Failure) 14M->9M(15M) 0.935ms
[227.447s][info][gc] GC(13420) Pause Young (Allocation Failure) 14M->9M(15M) 0.930ms
[227.452s][info][gc] GC(13421) Pause Young (Allocation Failure) 14M->9M(15M) 0.636ms
[227.458s][info][gc] GC(13422) Pause Young (Allocation Failure) 14M->9M(15M) 0.616ms
[227.466s][info][gc] GC(13423) Pause Young (Allocation Failure) 14M->9M(15M) 0.587ms
[227.473s][info][gc] GC(13424) Pause Young (Allocation Failure) 14M->9M(15M) 0.653ms
[227.482s][info][gc] GC(13425) Pause Young (Allocation Failure) 13M->9M(15M) 0.618ms
[227.490s][info][gc] GC(13426) Pause Young (Allocation Failure) 13M->9M(15M) 0.596ms
[227.498s][info][gc] GC(13427) Pause Young (Allocation Failure) 13M->9M(15M) 0.633ms
[227.506s][info][gc] GC(13428) Pause Young (Allocation Failure) 13M->9M(15M) 0.682ms
[227.514s][info][gc] GC(13429) Pause Young (Allocation Failure) 13M->9M(15M) 0.649ms
[227.522s][info][gc] GC(13430) Pause Young (Allocation Failure) 13M->9M(15M) 0.467ms
[227.530s][info][gc] GC(13431) Pause Young (Allocation Failure) 13M->9M(15M) 0.750ms
[227.538s][info][gc] GC(13432) Pause Young (Allocation Failure) 13M->9M(15M) 0.525ms
[227.545s][info][gc] GC(13433) Pause Young (Allocation Failure) 13M->9M(15M) 0.599ms
[227.551s][info][gc] GC(13434) Pause Young (Allocation Failure) 14M->9M(15M) 0.815ms
[227.556s][info][gc] GC(13435) Pause Young (Allocation Failure) 14M->9M(15M) 0.884ms
[227.563s][info][gc] GC(13436) Pause Young (Allocation Failure) 14M->9M(15M) 0.587ms
[227.568s][info][gc] GC(13437) Pause Young (Allocation Failure) 14M->9M(15M) 0.598ms
[227.576s][info][gc] GC(13438) Pause Young (Allocation Failure) 14M->9M(15M) 0.967ms
[227.582s][info][gc] GC(13439) Pause Young (Allocation Failure) 14M->9M(15M) 0.615ms
[227.588s][info][gc] GC(13440) Pause Young (Allocation Failure) 14M->9M(15M) 0.613ms
[227.595s][info][gc] GC(13441) Pause Young (Allocation Failure) 14M->9M(15M) 0.601ms
[227.601s][info][gc] GC(13442) Pause Young (Allocation Failure) 14M->9M(15M) 0.884ms
[227.608s][info][gc] GC(13443) Pause Young (Allocation Failure) 14M->9M(15M) 0.874ms
[227.615s][info][gc] GC(13444) Pause Young (Allocation Failure) 14M->9M(15M) 0.636ms
[227.621s][info][gc] GC(13445) Pause Young (Allocation Failure) 13M->9M(15M) 0.421ms
[227.628s][info][gc] GC(13446) Pause Young (Allocation Failure) 13M->9M(15M) 0.436ms
[227.635s][info][gc] GC(13447) Pause Young (Allocation Failure) 13M->9M(15M) 0.461ms
[227.641s][info][gc] GC(13448) Pause Young (Allocation Failure) 13M->9M(15M) 0.491ms
[227.646s][info][gc] GC(13449) Pause Young (Allocation Failure) 13M->9M(15M) 0.553ms
[227.653s][info][gc] GC(13450) Pause Young (Allocation Failure) 13M->9M(15M) 0.818ms
[227.660s][info][gc] GC(13451) Pause Young (Allocation Failure) 13M->9M(15M) 0.762ms
[227.665s][info][gc] GC(13452) Pause Young (Allocation Failure) 14M->9M(15M) 0.587ms
[227.671s][info][gc] GC(13453) Pause Young (Allocation Failure) 14M->9M(15M) 0.585ms
[227.678s][info][gc] GC(13454) Pause Young (Allocation Failure) 14M->9M(15M) 0.571ms
[227.686s][info][gc] GC(13455) Pause Young (Allocation Failure) 14M->9M(15M) 0.849ms
[227.694s][info][gc] GC(13456) Pause Young (Allocation Failure) 14M->9M(15M) 0.891ms
[227.703s][info][gc] GC(13457) Pause Young (Allocation Failure) 14M->9M(15M) 1.004ms
[227.711s][info][gc] GC(13458) Pause Young (Allocation Failure) 14M->9M(15M) 0.905ms
[227.717s][info][gc] GC(13459) Pause Young (Allocation Failure) 14M->9M(15M) 0.839ms
[227.723s][info][gc] GC(13460) Pause Young (Allocation Failure) 14M->9M(15M) 0.817ms
[227.730s][info][gc] GC(13461) Pause Young (Allocation Failure) 14M->9M(15M) 0.899ms
[227.738s][info][gc] GC(13462) Pause Young (Allocation Failure) 14M->9M(15M) 0.881ms
[227.746s][info][gc] GC(13463) Pause Young (Allocation Failure) 14M->9M(15M) 0.607ms
[227.754s][info][gc] GC(13464) Pause Young (Allocation Failure) 13M->9M(15M) 0.612ms
[227.762s][info][gc] GC(13465) Pause Young (Allocation Failure) 13M->9M(15M) 0.622ms
[227.771s][info][gc] GC(13466) Pause Young (Allocation Failure) 13M->9M(15M) 0.684ms
[227.779s][info][gc] GC(13467) Pause Young (Allocation Failure) 13M->9M(15M) 0.698ms
[227.787s][info][gc] GC(13468) Pause Young (Allocation Failure) 13M->9M(15M) 0.663ms
[227.795s][info][gc] GC(13469) Pause Young (Allocation Failure) 14M->9M(15M) 0.758ms
[227.803s][info][gc] GC(13470) Pause Young (Allocation Failure) 14M->9M(15M) 0.771ms
[227.811s][info][gc] GC(13471) Pause Young (Allocation Failure) 14M->9M(15M) 0.488ms
[227.816s][info][gc] GC(13472) Pause Young (Allocation Failure) 14M->9M(15M) 0.517ms
[227.822s][info][gc] GC(13473) Pause Young (Allocation Failure) 14M->9M(15M) 0.555ms
[227.829s][info][gc] GC(13474) Pause Young (Allocation Failure) 14M->9M(15M) 0.764ms
[227.835s][info][gc] GC(13475) Pause Young (Allocation Failure) 14M->9M(15M) 0.816ms
[227.842s][info][gc] GC(13476) Pause Young (Allocation Failure) 14M->9M(15M) 0.866ms
[227.849s][info][gc] GC(13477) Pause Young (Allocation Failure) 14M->9M(15M) 0.921ms
[227.855s][info][gc] GC(13478) Pause Young (Allocation Failure) 14M->9M(15M) 0.851ms
[227.862s][info][gc] GC(13479) Pause Young (Allocation Failure) 14M->9M(15M) 0.875ms
[227.868s][info][gc] GC(13480) Pause Young (Allocation Failure) 14M->9M(15M) 0.958ms
[227.877s][info][gc] GC(13481) Pause Young (Allocation Failure) 14M->9M(15M) 0.667ms
[227.884s][info][gc] GC(13482) Pause Young (Allocation Failure) 14M->9M(15M) 0.727ms
[227.892s][info][gc] GC(13483) Pause Young (Allocation Failure) 14M->9M(15M) 1.015ms
[227.900s][info][gc] GC(13484) Pause Young (Allocation Failure) 14M->9M(15M) 0.959ms
[227.906s][info][gc] GC(13485) Pause Young (Allocation Failure) 14M->9M(15M) 0.941ms
[227.917s][info][gc] GC(13486) Pause Young (Allocation Failure) 14M->9M(15M) 0.695ms
[227.924s][info][gc] GC(13487) Pause Young (Allocation Failure) 14M->9M(15M) 0.870ms
[227.930s][info][gc] GC(13488) Pause Young (Allocation Failure) 14M->9M(15M) 0.855ms
[227.935s][info][gc] GC(13489) Pause Young (Allocation Failure) 14M->9M(15M) 0.639ms
[227.940s][info][gc] GC(13490) Pause Young (Allocation Failure) 14M->9M(15M) 0.717ms
[227.949s][info][gc] GC(13491) Pause Young (Allocation Failure) 13M->9M(15M) 0.609ms
[227.954s][info][gc] GC(13492) Pause Young (Allocation Failure) 13M->9M(15M) 0.711ms
[227.959s][info][gc] GC(13493) Pause Young (Allocation Failure) 14M->9M(15M) 0.713ms
[227.965s][info][gc] GC(13494) Pause Young (Allocation Failure) 14M->9M(15M) 0.507ms
[227.970s][info][gc] GC(13495) Pause Young (Allocation Failure) 14M->9M(15M) 0.769ms
[227.976s][info][gc] GC(13496) Pause Young (Allocation Failure) 14M->9M(15M) 0.550ms
[227.984s][info][gc] GC(13497) Pause Young (Allocation Failure) 14M->9M(15M) 0.547ms
[227.990s][info][gc] GC(13498) Pause Young (Allocation Failure) 14M->9M(15M) 0.778ms
[227.995s][info][gc] GC(13499) Pause Young (Allocation Failure) 14M->9M(15M) 0.793ms
[228.001s][info][gc] GC(13500) Pause Young (Allocation Failure) 14M->9M(15M) 0.866ms
[228.009s][info][gc] GC(13501) Pause Young (Allocation Failure) 14M->9M(15M) 0.882ms
[228.017s][info][gc] GC(13502) Pause Young (Allocation Failure) 14M->9M(15M) 0.792ms
[228.025s][info][gc] GC(13503) Pause Young (Allocation Failure) 14M->9M(15M) 0.799ms
[228.033s][info][gc] GC(13504) Pause Young (Allocation Failure) 14M->9M(15M) 0.898ms
[228.042s][info][gc] GC(13505) Pause Young (Allocation Failure) 14M->9M(15M) 0.858ms
[228.049s][info][gc] GC(13506) Pause Young (Allocation Failure) 14M->9M(15M) 0.854ms
[228.058s][info][gc] GC(13507) Pause Young (Allocation Failure) 14M->9M(15M) 0.920ms
[228.066s][info][gc] GC(13508) Pause Young (Allocation Failure) 14M->9M(15M) 0.870ms
[228.074s][info][gc] GC(13509) Pause Young (Allocation Failure) 14M->9M(15M) 0.922ms
[228.082s][info][gc] GC(13510) Pause Young (Allocation Failure) 14M->9M(15M) 0.636ms
[228.091s][info][gc] GC(13511) Pause Young (Allocation Failure) 13M->9M(15M) 1.048ms
[228.097s][info][gc] GC(13512) Pause Young (Allocation Failure) 13M->9M(15M) 0.498ms
[228.105s][info][gc] GC(13513) Pause Young (Allocation Failure) 14M->9M(15M) 0.632ms
[228.111s][info][gc] GC(13514) Pause Young (Allocation Failure) 14M->9M(15M) 0.668ms
[228.116s][info][gc] GC(13515) Pause Young (Allocation Failure) 14M->9M(15M) 0.701ms
[228.124s][info][gc] GC(13516) Pause Young (Allocation Failure) 14M->9M(15M) 0.513ms
[228.130s][info][gc] GC(13517) Pause Young (Allocation Failure) 14M->9M(15M) 0.717ms
[228.137s][info][gc] GC(13518) Pause Young (Allocation Failure) 14M->9M(15M) 0.496ms
[228.145s][info][gc] GC(13519) Pause Young (Allocation Failure) 14M->9M(15M) 0.723ms
[228.154s][info][gc] GC(13520) Pause Young (Allocation Failure) 14M->9M(15M) 0.824ms
[228.162s][info][gc] GC(13521) Pause Young (Allocation Failure) 14M->9M(15M) 0.774ms
[228.168s][info][gc] GC(13522) Pause Young (Allocation Failure) 14M->9M(15M) 0.810ms
[228.173s][info][gc] GC(13523) Pause Young (Allocation Failure) 14M->9M(15M) 0.584ms
[228.179s][info][gc] GC(13524) Pause Young (Allocation Failure) 14M->9M(15M) 0.690ms
[228.185s][info][gc] GC(13525) Pause Young (Allocation Failure) 14M->9M(15M) 0.626ms
[228.191s][info][gc] GC(13526) Pause Young (Allocation Failure) 14M->9M(15M) 0.606ms
[228.198s][info][gc] GC(13527) Pause Young (Allocation Failure) 14M->9M(15M) 0.952ms
[228.206s][info][gc] GC(13528) Pause Young (Allocation Failure) 14M->9M(15M) 0.829ms
[228.214s][info][gc] GC(13529) Pause Young (Allocation Failure) 14M->9M(15M) 0.877ms
[228.222s][info][gc] GC(13530) Pause Young (Allocation Failure) 14M->9M(15M) 0.799ms
[228.228s][info][gc] GC(13531) Pause Young (Allocation Failure) 14M->9M(15M) 0.949ms
[228.237s][info][gc] GC(13532) Pause Young (Allocation Failure) 14M->9M(15M) 0.633ms
[228.244s][info][gc] GC(13533) Pause Young (Allocation Failure) 14M->9M(15M) 0.601ms
[228.253s][info][gc] GC(13534) Pause Young (Allocation Failure) 14M->9M(15M) 1.068ms
[228.260s][info][gc] GC(13535) Pause Young (Allocation Failure) 14M->9M(15M) 0.971ms
[228.268s][info][gc] GC(13536) Pause Young (Allocation Failure) 14M->9M(15M) 0.665ms
[228.275s][info][gc] GC(13537) Pause Young (Allocation Failure) 14M->9M(15M) 0.712ms
[228.282s][info][gc] GC(13538) Pause Young (Allocation Failure) 14M->9M(15M) 0.688ms
[228.289s][info][gc] GC(13539) Pause Young (Allocation Failure) 14M->9M(15M) 0.691ms
[228.297s][info][gc] GC(13540) Pause Young (Allocation Failure) 14M->9M(15M) 0.673ms
[228.305s][info][gc] GC(13541) Pause Young (Allocation Failure) 14M->9M(15M) 0.688ms
[228.313s][info][gc] GC(13542) Pause Young (Allocation Failure) 14M->9M(15M) 0.745ms
[228.321s][info][gc] GC(13543) Pause Young (Allocation Failure) 14M->9M(15M) 0.786ms
[228.329s][info][gc] GC(13544) Pause Young (Allocation Failure) 14M->9M(15M) 0.858ms
[228.337s][info][gc] GC(13545) Pause Young (Allocation Failure) 14M->9M(15M) 0.820ms
[228.346s][info][gc] GC(13546) Pause Young (Allocation Failure) 14M->9M(15M) 0.830ms
[228.355s][info][gc] GC(13547) Pause Young (Allocation Failure) 14M->9M(15M) 1.028ms
[228.363s][info][gc] GC(13548) Pause Young (Allocation Failure) 14M->9M(15M) 0.867ms
[228.372s][info][gc] GC(13549) Pause Young (Allocation Failure) 14M->9M(15M) 0.888ms
[228.380s][info][gc] GC(13550) Pause Young (Allocation Failure) 14M->9M(15M) 0.849ms
[228.388s][info][gc] GC(13551) Pause Young (Allocation Failure) 14M->9M(15M) 0.912ms
[228.397s][info][gc] GC(13552) Pause Young (Allocation Failure) 14M->9M(15M) 0.882ms
[228.404s][info][gc] GC(13553) Pause Young (Allocation Failure) 14M->9M(15M) 0.851ms
[228.411s][info][gc] GC(13554) Pause Young (Allocation Failure) 14M->9M(15M) 0.490ms
[228.419s][info][gc] GC(13555) Pause Young (Allocation Failure) 14M->9M(15M) 0.664ms
[228.426s][info][gc] GC(13556) Pause Young (Allocation Failure) 14M->9M(15M) 0.440ms
[228.433s][info][gc] GC(13557) Pause Young (Allocation Failure) 14M->9M(15M) 0.538ms
[228.440s][info][gc] GC(13558) Pause Young (Allocation Failure) 14M->9M(15M) 0.616ms
[228.446s][info][gc] GC(13559) Pause Young (Allocation Failure) 14M->9M(15M) 0.704ms
[228.453s][info][gc] GC(13560) Pause Young (Allocation Failure) 14M->9M(15M) 0.643ms
[228.458s][info][gc] GC(13561) Pause Young (Allocation Failure) 14M->9M(15M) 0.502ms
[228.466s][info][gc] GC(13562) Pause Young (Allocation Failure) 14M->9M(15M) 0.501ms
[228.472s][info][gc] GC(13563) Pause Young (Allocation Failure) 14M->9M(15M) 0.769ms
[228.478s][info][gc] GC(13564) Pause Young (Allocation Failure) 14M->9M(15M) 0.899ms
[228.485s][info][gc] GC(13565) Pause Young (Allocation Failure) 14M->9M(15M) 0.597ms
[228.492s][info][gc] GC(13566) Pause Young (Allocation Failure) 14M->9M(15M) 0.558ms
[228.500s][info][gc] GC(13567) Pause Young (Allocation Failure) 14M->9M(15M) 0.850ms
[228.509s][info][gc] GC(13568) Pause Young (Allocation Failure) 14M->9M(15M) 0.891ms
[228.516s][info][gc] GC(13569) Pause Young (Allocation Failure) 14M->9M(15M) 0.803ms
[228.523s][info][gc] GC(13570) Pause Young (Allocation Failure) 14M->9M(15M) 0.915ms
[228.531s][info][gc] GC(13571) Pause Young (Allocation Failure) 14M->9M(15M) 0.870ms
[228.537s][info][gc] GC(13572) Pause Young (Allocation Failure) 14M->9M(15M) 0.810ms
[228.547s][info][gc] GC(13573) Pause Young (Allocation Failure) 14M->9M(15M) 2.515ms
[228.556s][info][gc] GC(13574) Pause Young (Allocation Failure) 14M->9M(15M) 0.943ms
[228.566s][info][gc] GC(13575) Pause Young (Allocation Failure) 14M->9M(15M) 0.673ms
[228.575s][info][gc] GC(13576) Pause Young (Allocation Failure) 14M->9M(15M) 0.706ms
[228.583s][info][gc] GC(13577) Pause Young (Allocation Failure) 14M->9M(15M) 0.828ms
[228.592s][info][gc] GC(13578) Pause Young (Allocation Failure) 14M->9M(15M) 0.703ms
[228.600s][info][gc] GC(13579) Pause Young (Allocation Failure) 14M->9M(15M) 0.696ms
[228.609s][info][gc] GC(13580) Pause Young (Allocation Failure) 14M->9M(15M) 0.736ms
[228.617s][info][gc] GC(13581) Pause Young (Allocation Failure) 14M->9M(15M) 0.760ms
[228.625s][info][gc] GC(13582) Pause Young (Allocation Failure) 14M->9M(15M) 0.736ms
[228.634s][info][gc] GC(13583) Pause Young (Allocation Failure) 14M->9M(15M) 0.750ms
[228.642s][info][gc] GC(13584) Pause Young (Allocation Failure) 14M->9M(15M) 0.800ms
[228.651s][info][gc] GC(13585) Pause Young (Allocation Failure) 14M->9M(15M) 0.864ms
[228.659s][info][gc] GC(13586) Pause Young (Allocation Failure) 14M->9M(15M) 0.834ms
[228.668s][info][gc] GC(13587) Pause Young (Allocation Failure) 14M->9M(15M) 0.876ms
[228.676s][info][gc] GC(13588) Pause Young (Allocation Failure) 14M->9M(15M) 0.699ms
[228.684s][info][gc] GC(13589) Pause Young (Allocation Failure) 14M->9M(15M) 0.836ms
[228.693s][info][gc] GC(13590) Pause Young (Allocation Failure) 14M->9M(15M) 0.931ms
[228.702s][info][gc] GC(13591) Pause Young (Allocation Failure) 14M->9M(15M) 1.064ms
[228.710s][info][gc] GC(13592) Pause Young (Allocation Failure) 14M->9M(15M) 0.944ms
[228.718s][info][gc] GC(13593) Pause Young (Allocation Failure) 14M->9M(15M) 0.980ms
[228.727s][info][gc] GC(13594) Pause Young (Allocation Failure) 14M->9M(15M) 0.648ms
[228.735s][info][gc] GC(13595) Pause Young (Allocation Failure) 14M->9M(15M) 0.669ms
[228.743s][info][gc] GC(13596) Pause Young (Allocation Failure) 14M->9M(15M) 0.700ms
[228.751s][info][gc] GC(13597) Pause Young (Allocation Failure) 14M->9M(15M) 0.628ms
[228.757s][info][gc] GC(13598) Pause Young (Allocation Failure) 14M->9M(15M) 0.669ms
[228.763s][info][gc] GC(13599) Pause Young (Allocation Failure) 14M->9M(15M) 0.487ms
[228.769s][info][gc] GC(13600) Pause Young (Allocation Failure) 14M->9M(15M) 0.492ms
[228.775s][info][gc] GC(13601) Pause Young (Allocation Failure) 14M->9M(15M) 0.717ms
[228.783s][info][gc] GC(13602) Pause Young (Allocation Failure) 14M->9M(15M) 0.895ms
[228.788s][info][gc] GC(13603) Pause Young (Allocation Failure) 14M->9M(15M) 0.779ms
[228.796s][info][gc] GC(13604) Pause Young (Allocation Failure) 14M->9M(15M) 0.582ms
[228.802s][info][gc] GC(13605) Pause Young (Allocation Failure) 14M->9M(15M) 0.533ms
[228.810s][info][gc] GC(13606) Pause Young (Allocation Failure) 14M->9M(15M) 0.576ms
[228.817s][info][gc] GC(13607) Pause Young (Allocation Failure) 14M->9M(15M) 0.591ms
[228.823s][info][gc] GC(13608) Pause Young (Allocation Failure) 14M->9M(15M) 0.905ms
[228.829s][info][gc] GC(13609) Pause Young (Allocation Failure) 14M->9M(15M) 0.678ms
[228.836s][info][gc] GC(13610) Pause Young (Allocation Failure) 14M->9M(15M) 0.914ms
[228.843s][info][gc] GC(13611) Pause Young (Allocation Failure) 14M->9M(15M) 0.716ms
[228.850s][info][gc] GC(13612) Pause Young (Allocation Failure) 14M->9M(15M) 0.807ms
[228.856s][info][gc] GC(13613) Pause Young (Allocation Failure) 14M->9M(15M) 0.895ms
[228.864s][info][gc] GC(13614) Pause Young (Allocation Failure) 14M->9M(15M) 0.657ms
[228.873s][info][gc] GC(13615) Pause Young (Allocation Failure) 14M->9M(15M) 0.679ms
[228.880s][info][gc] GC(13616) Pause Young (Allocation Failure) 14M->9M(15M) 0.775ms
[228.889s][info][gc] GC(13617) Pause Young (Allocation Failure) 14M->9M(15M) 0.769ms
[228.898s][info][gc] GC(13618) Pause Young (Allocation Failure) 14M->9M(15M) 0.727ms
[228.906s][info][gc] GC(13619) Pause Young (Allocation Failure) 14M->9M(15M) 0.690ms
[228.914s][info][gc] GC(13620) Pause Young (Allocation Failure) 14M->9M(15M) 0.458ms
[228.921s][info][gc] GC(13621) Pause Young (Allocation Failure) 14M->9M(15M) 0.609ms
[228.930s][info][gc] GC(13622) Pause Young (Allocation Failure) 14M->9M(15M) 0.627ms
[228.936s][info][gc] GC(13623) Pause Young (Allocation Failure) 14M->9M(15M) 0.565ms
[228.942s][info][gc] GC(13624) Pause Young (Allocation Failure) 14M->9M(15M) 0.763ms
[228.950s][info][gc] GC(13625) Pause Young (Allocation Failure) 14M->9M(15M) 0.857ms
[228.958s][info][gc] GC(13626) Pause Young (Allocation Failure) 14M->9M(15M) 0.637ms
[228.963s][info][gc] GC(13627) Pause Young (Allocation Failure) 14M->9M(15M) 0.564ms
[228.971s][info][gc] GC(13628) Pause Young (Allocation Failure) 14M->9M(15M) 0.612ms
[228.978s][info][gc] GC(13629) Pause Young (Allocation Failure) 14M->9M(15M) 0.528ms
[228.986s][info][gc] GC(13630) Pause Young (Allocation Failure) 14M->9M(15M) 0.798ms
[228.995s][info][gc] GC(13631) Pause Young (Allocation Failure) 14M->9M(15M) 0.889ms
[229.003s][info][gc] GC(13632) Pause Young (Allocation Failure) 14M->9M(15M) 0.819ms
[229.011s][info][gc] GC(13633) Pause Young (Allocation Failure) 14M->9M(15M) 0.807ms
[229.020s][info][gc] GC(13634) Pause Young (Allocation Failure) 14M->9M(15M) 0.919ms
[229.028s][info][gc] GC(13635) Pause Young (Allocation Failure) 14M->9M(15M) 0.849ms
[229.037s][info][gc] GC(13636) Pause Young (Allocation Failure) 14M->9M(15M) 0.726ms
[229.045s][info][gc] GC(13637) Pause Young (Allocation Failure) 14M->9M(15M) 0.816ms
[229.054s][info][gc] GC(13638) Pause Young (Allocation Failure) 14M->9M(15M) 0.960ms
[229.061s][info][gc] GC(13639) Pause Young (Allocation Failure) 14M->9M(15M) 1.048ms
[229.071s][info][gc] GC(13640) Pause Young (Allocation Failure) 14M->9M(15M) 0.981ms
[229.081s][info][gc] GC(13641) Pause Young (Allocation Failure) 14M->9M(15M) 0.681ms
[229.091s][info][gc] GC(13642) Pause Young (Allocation Failure) 14M->9M(15M) 0.643ms
[229.102s][info][gc] GC(13643) Pause Young (Allocation Failure) 14M->9M(15M) 1.019ms
[229.124s][info][gc] GC(13644) Pause Young (Allocation Failure) 14M->9M(15M) 0.648ms
[229.138s][info][gc] GC(13645) Pause Young (Allocation Failure) 14M->9M(15M) 0.918ms
[229.147s][info][gc] GC(13646) Pause Young (Allocation Failure) 14M->9M(15M) 0.665ms
[229.155s][info][gc] GC(13647) Pause Young (Allocation Failure) 14M->9M(15M) 0.934ms
[229.164s][info][gc] GC(13648) Pause Young (Allocation Failure) 14M->9M(15M) 0.745ms
[229.172s][info][gc] GC(13649) Pause Young (Allocation Failure) 14M->9M(15M) 0.750ms
[229.181s][info][gc] GC(13650) Pause Young (Allocation Failure) 14M->9M(15M) 0.865ms
[229.191s][info][gc] GC(13651) Pause Young (Allocation Failure) 14M->9M(15M) 0.885ms
[229.200s][info][gc] GC(13652) Pause Young (Allocation Failure) 14M->9M(15M) 1.553ms
[229.209s][info][gc] GC(13653) Pause Young (Allocation Failure) 14M->9M(15M) 0.832ms
[229.218s][info][gc] GC(13654) Pause Young (Allocation Failure) 14M->9M(15M) 0.823ms
[229.227s][info][gc] GC(13655) Pause Young (Allocation Failure) 14M->9M(15M) 0.936ms
[229.237s][info][gc] GC(13656) Pause Young (Allocation Failure) 14M->9M(15M) 1.057ms
[229.245s][info][gc] GC(13657) Pause Young (Allocation Failure) 14M->9M(15M) 0.870ms
[229.255s][info][gc] GC(13658) Pause Young (Allocation Failure) 14M->9M(15M) 0.933ms
[229.264s][info][gc] GC(13659) Pause Young (Allocation Failure) 14M->9M(15M) 1.084ms
[229.273s][info][gc] GC(13660) Pause Young (Allocation Failure) 14M->9M(15M) 0.868ms
[229.284s][info][gc] GC(13661) Pause Young (Allocation Failure) 14M->9M(15M) 0.718ms
[229.293s][info][gc] GC(13662) Pause Young (Allocation Failure) 14M->9M(15M) 0.796ms
[229.302s][info][gc] GC(13663) Pause Young (Allocation Failure) 14M->9M(15M) 0.861ms
[229.312s][info][gc] GC(13664) Pause Young (Allocation Failure) 14M->9M(15M) 0.730ms
[229.320s][info][gc] GC(13665) Pause Young (Allocation Failure) 14M->9M(15M) 0.790ms
[229.334s][info][gc] GC(13666) Pause Young (Allocation Failure) 14M->9M(15M) 0.852ms
[229.342s][info][gc] GC(13667) Pause Young (Allocation Failure) 14M->9M(15M) 0.831ms
[229.351s][info][gc] GC(13668) Pause Young (Allocation Failure) 14M->9M(15M) 0.980ms
[229.361s][info][gc] GC(13669) Pause Young (Allocation Failure) 14M->9M(15M) 0.787ms
[229.373s][info][gc] GC(13670) Pause Young (Allocation Failure) 14M->9M(15M) 0.841ms
[229.381s][info][gc] GC(13671) Pause Young (Allocation Failure) 14M->9M(15M) 0.860ms
[229.389s][info][gc] GC(13672) Pause Young (Allocation Failure) 14M->9M(15M) 0.877ms
[229.397s][info][gc] GC(13673) Pause Young (Allocation Failure) 14M->9M(15M) 0.827ms
[229.406s][info][gc] GC(13674) Pause Young (Allocation Failure) 14M->9M(15M) 0.905ms
[229.417s][info][gc] GC(13675) Pause Young (Allocation Failure) 14M->9M(15M) 0.938ms
[229.432s][info][gc] GC(13676) Pause Young (Allocation Failure) 14M->9M(15M) 0.949ms
[229.442s][info][gc] GC(13677) Pause Young (Allocation Failure) 14M->9M(15M) 0.928ms
[229.454s][info][gc] GC(13678) Pause Young (Allocation Failure) 14M->9M(15M) 0.885ms
[229.465s][info][gc] GC(13679) Pause Young (Allocation Failure) 14M->9M(15M) 0.926ms
[229.473s][info][gc] GC(13680) Pause Young (Allocation Failure) 14M->9M(15M) 0.619ms
[229.481s][info][gc] GC(13681) Pause Young (Allocation Failure) 14M->9M(15M) 0.643ms
[229.489s][info][gc] GC(13682) Pause Young (Allocation Failure) 14M->9M(15M) 0.733ms
[229.496s][info][gc] GC(13683) Pause Young (Allocation Failure) 14M->9M(15M) 0.678ms
[229.505s][info][gc] GC(13684) Pause Young (Allocation Failure) 14M->9M(15M) 0.724ms
[229.512s][info][gc] GC(13685) Pause Young (Allocation Failure) 14M->9M(15M) 0.730ms
[229.520s][info][gc] GC(13686) Pause Young (Allocation Failure) 14M->9M(15M) 0.708ms
[229.528s][info][gc] GC(13687) Pause Young (Allocation Failure) 14M->9M(15M) 0.748ms
[229.537s][info][gc] GC(13688) Pause Young (Allocation Failure) 14M->9M(15M) 0.835ms
[229.545s][info][gc] GC(13689) Pause Young (Allocation Failure) 14M->9M(15M) 0.818ms
[229.553s][info][gc] GC(13690) Pause Young (Allocation Failure) 14M->9M(15M) 0.809ms
[229.562s][info][gc] GC(13691) Pause Young (Allocation Failure) 14M->9M(15M) 0.843ms
[229.570s][info][gc] GC(13692) Pause Young (Allocation Failure) 14M->9M(15M) 1.020ms
[229.580s][info][gc] GC(13693) Pause Young (Allocation Failure) 14M->9M(15M) 0.844ms
[229.589s][info][gc] GC(13694) Pause Young (Allocation Failure) 14M->9M(15M) 0.881ms
[229.597s][info][gc] GC(13695) Pause Young (Allocation Failure) 14M->9M(15M) 0.895ms
[229.604s][info][gc] GC(13696) Pause Young (Allocation Failure) 14M->9M(15M) 0.621ms
[229.610s][info][gc] GC(13697) Pause Young (Allocation Failure) 14M->9M(15M) 0.862ms
[229.618s][info][gc] GC(13698) Pause Young (Allocation Failure) 14M->9M(15M) 0.916ms
[229.625s][info][gc] GC(13699) Pause Young (Allocation Failure) 14M->9M(15M) 0.639ms
[229.632s][info][gc] GC(13700) Pause Young (Allocation Failure) 14M->9M(15M) 0.624ms
[229.640s][info][gc] GC(13701) Pause Young (Allocation Failure) 14M->9M(15M) 0.673ms
[229.648s][info][gc] GC(13702) Pause Young (Allocation Failure) 14M->9M(15M) 0.677ms
[229.656s][info][gc] GC(13703) Pause Young (Allocation Failure) 14M->9M(15M) 0.779ms
[229.664s][info][gc] GC(13704) Pause Young (Allocation Failure) 14M->9M(15M) 0.483ms
[229.672s][info][gc] GC(13705) Pause Young (Allocation Failure) 14M->9M(15M) 0.698ms
[229.680s][info][gc] GC(13706) Pause Young (Allocation Failure) 14M->9M(15M) 0.791ms
[229.692s][info][gc] GC(13707) Pause Young (Allocation Failure) 14M->9M(15M) 0.787ms
[229.700s][info][gc] GC(13708) Pause Young (Allocation Failure) 14M->9M(15M) 0.827ms
[229.709s][info][gc] GC(13709) Pause Young (Allocation Failure) 14M->9M(15M) 0.800ms
[229.717s][info][gc] GC(13710) Pause Young (Allocation Failure) 14M->9M(15M) 0.856ms
[229.725s][info][gc] GC(13711) Pause Young (Allocation Failure) 14M->9M(15M) 0.856ms
[229.733s][info][gc] GC(13712) Pause Young (Allocation Failure) 14M->9M(15M) 0.864ms
[229.742s][info][gc] GC(13713) Pause Young (Allocation Failure) 14M->9M(15M) 0.879ms
[229.748s][info][gc] GC(13714) Pause Young (Allocation Failure) 14M->9M(15M) 0.646ms
[229.756s][info][gc] GC(13715) Pause Young (Allocation Failure) 14M->9M(15M) 0.819ms
[229.764s][info][gc] GC(13716) Pause Young (Allocation Failure) 14M->9M(15M) 0.940ms
[229.772s][info][gc] GC(13717) Pause Young (Allocation Failure) 14M->9M(15M) 0.914ms
[229.778s][info][gc] GC(13718) Pause Young (Allocation Failure) 14M->9M(15M) 0.655ms
[229.785s][info][gc] GC(13719) Pause Young (Allocation Failure) 14M->9M(15M) 0.619ms
[229.793s][info][gc] GC(13720) Pause Young (Allocation Failure) 14M->9M(15M) 0.682ms
[229.802s][info][gc] GC(13721) Pause Young (Allocation Failure) 14M->9M(15M) 0.709ms
[229.810s][info][gc] GC(13722) Pause Young (Allocation Failure) 14M->9M(15M) 0.634ms
[229.818s][info][gc] GC(13723) Pause Young (Allocation Failure) 14M->9M(15M) 0.695ms
[229.824s][info][gc] GC(13724) Pause Young (Allocation Failure) 14M->9M(15M) 0.513ms
[229.830s][info][gc] GC(13725) Pause Young (Allocation Failure) 14M->9M(15M) 0.572ms
[229.836s][info][gc] GC(13726) Pause Young (Allocation Failure) 14M->9M(15M) 0.584ms
[229.843s][info][gc] GC(13727) Pause Young (Allocation Failure) 14M->9M(15M) 0.819ms
[229.851s][info][gc] GC(13728) Pause Young (Allocation Failure) 14M->9M(15M) 0.856ms
[229.859s][info][gc] GC(13729) Pause Young (Allocation Failure) 14M->9M(15M) 0.797ms
[229.869s][info][gc] GC(13730) Pause Young (Allocation Failure) 14M->9M(15M) 0.903ms
[229.893s][info][gc] GC(13731) Pause Young (Allocation Failure) 14M->9M(15M) 0.917ms
[229.906s][info][gc] GC(13732) Pause Young (Allocation Failure) 14M->9M(15M) 0.884ms
[229.914s][info][gc] GC(13733) Pause Young (Allocation Failure) 14M->9M(15M) 0.663ms
[229.922s][info][gc] GC(13734) Pause Young (Allocation Failure) 14M->9M(15M) 0.950ms
[229.932s][info][gc] GC(13735) Pause Young (Allocation Failure) 14M->9M(15M) 0.894ms
[229.939s][info][gc] GC(13736) Pause Young (Allocation Failure) 14M->9M(15M) 1.018ms
[229.947s][info][gc] GC(13737) Pause Young (Allocation Failure) 14M->9M(15M) 0.640ms
[229.954s][info][gc] GC(13738) Pause Young (Allocation Failure) 14M->9M(15M) 0.951ms
[229.962s][info][gc] GC(13739) Pause Young (Allocation Failure) 14M->9M(15M) 0.908ms
[229.971s][info][gc] GC(13740) Pause Young (Allocation Failure) 14M->9M(15M) 1.000ms
[229.979s][info][gc] GC(13741) Pause Young (Allocation Failure) 14M->9M(15M) 1.057ms
[229.988s][info][gc] GC(13742) Pause Young (Allocation Failure) 14M->9M(15M) 0.964ms
[229.995s][info][gc] GC(13743) Pause Young (Allocation Failure) 14M->9M(15M) 0.701ms
[230.003s][info][gc] GC(13744) Pause Young (Allocation Failure) 14M->9M(15M) 0.510ms
[230.010s][info][gc] GC(13745) Pause Young (Allocation Failure) 14M->9M(15M) 0.648ms
[230.018s][info][gc] GC(13746) Pause Young (Allocation Failure) 14M->9M(15M) 0.649ms
[230.025s][info][gc] GC(13747) Pause Young (Allocation Failure) 14M->9M(15M) 0.523ms
[230.033s][info][gc] GC(13748) Pause Young (Allocation Failure) 14M->9M(15M) 0.780ms
[230.040s][info][gc] GC(13749) Pause Young (Allocation Failure) 14M->9M(15M) 0.995ms
[230.049s][info][gc] GC(13750) Pause Young (Allocation Failure) 14M->9M(15M) 0.815ms
[230.057s][info][gc] GC(13751) Pause Young (Allocation Failure) 14M->9M(15M) 0.767ms
[230.065s][info][gc] GC(13752) Pause Young (Allocation Failure) 14M->9M(15M) 0.806ms
[230.074s][info][gc] GC(13753) Pause Young (Allocation Failure) 14M->9M(15M) 0.890ms
[230.084s][info][gc] GC(13754) Pause Young (Allocation Failure) 14M->9M(15M) 0.895ms
[230.094s][info][gc] GC(13755) Pause Young (Allocation Failure) 14M->9M(15M) 0.897ms
[230.106s][info][gc] GC(13756) Pause Young (Allocation Failure) 14M->9M(15M) 1.004ms
[230.118s][info][gc] GC(13757) Pause Young (Allocation Failure) 14M->9M(15M) 0.862ms
[230.127s][info][gc] GC(13758) Pause Young (Allocation Failure) 14M->9M(15M) 0.965ms
[230.135s][info][gc] GC(13759) Pause Young (Allocation Failure) 14M->9M(15M) 0.912ms
[230.144s][info][gc] GC(13760) Pause Young (Allocation Failure) 14M->9M(15M) 0.854ms
[230.152s][info][gc] GC(13761) Pause Young (Allocation Failure) 14M->9M(15M) 0.987ms
[230.160s][info][gc] GC(13762) Pause Young (Allocation Failure) 14M->9M(15M) 1.018ms
[230.170s][info][gc] GC(13763) Pause Young (Allocation Failure) 14M->9M(15M) 0.707ms
[230.180s][info][gc] GC(13764) Pause Young (Allocation Failure) 14M->9M(15M) 0.686ms
[230.188s][info][gc] GC(13765) Pause Young (Allocation Failure) 14M->9M(15M) 0.690ms
[230.196s][info][gc] GC(13766) Pause Young (Allocation Failure) 14M->9M(15M) 0.826ms
[230.204s][info][gc] GC(13767) Pause Young (Allocation Failure) 14M->9M(15M) 0.870ms
[230.212s][info][gc] GC(13768) Pause Young (Allocation Failure) 14M->9M(15M) 0.786ms
[230.220s][info][gc] GC(13769) Pause Young (Allocation Failure) 14M->9M(15M) 0.756ms
[230.227s][info][gc] GC(13770) Pause Young (Allocation Failure) 14M->9M(15M) 0.831ms
[230.235s][info][gc] GC(13771) Pause Young (Allocation Failure) 14M->9M(15M) 0.865ms
[230.245s][info][gc] GC(13772) Pause Young (Allocation Failure) 14M->9M(15M) 0.918ms
[230.252s][info][gc] GC(13773) Pause Young (Allocation Failure) 14M->9M(15M) 1.135ms
[230.261s][info][gc] GC(13774) Pause Young (Allocation Failure) 14M->9M(15M) 1.023ms
[230.270s][info][gc] GC(13775) Pause Young (Allocation Failure) 14M->9M(15M) 1.200ms
[230.279s][info][gc] GC(13776) Pause Young (Allocation Failure) 14M->9M(15M) 0.931ms
[230.288s][info][gc] GC(13777) Pause Young (Allocation Failure) 14M->9M(15M) 0.999ms
[230.296s][info][gc] GC(13778) Pause Young (Allocation Failure) 14M->9M(15M) 0.655ms
[230.303s][info][gc] GC(13779) Pause Young (Allocation Failure) 14M->9M(15M) 0.702ms
[230.311s][info][gc] GC(13780) Pause Young (Allocation Failure) 14M->9M(15M) 0.674ms
[230.321s][info][gc] GC(13781) Pause Young (Allocation Failure) 14M->9M(15M) 0.780ms
[230.329s][info][gc] GC(13782) Pause Young (Allocation Failure) 14M->9M(15M) 0.667ms
[230.336s][info][gc] GC(13783) Pause Young (Allocation Failure) 14M->9M(15M) 0.708ms
[230.344s][info][gc] GC(13784) Pause Young (Allocation Failure) 14M->9M(15M) 0.776ms
[230.353s][info][gc] GC(13785) Pause Young (Allocation Failure) 14M->9M(15M) 0.769ms
[230.362s][info][gc] GC(13786) Pause Young (Allocation Failure) 14M->9M(15M) 0.844ms
[230.370s][info][gc] GC(13787) Pause Young (Allocation Failure) 14M->9M(15M) 0.815ms
[230.378s][info][gc] GC(13788) Pause Young (Allocation Failure) 14M->9M(15M) 0.799ms
[230.386s][info][gc] GC(13789) Pause Young (Allocation Failure) 14M->9M(15M) 0.969ms
[230.395s][info][gc] GC(13790) Pause Young (Allocation Failure) 14M->9M(15M) 0.906ms
[230.404s][info][gc] GC(13791) Pause Young (Allocation Failure) 14M->9M(15M) 0.994ms
[230.412s][info][gc] GC(13792) Pause Young (Allocation Failure) 14M->9M(15M) 0.993ms
[230.420s][info][gc] GC(13793) Pause Young (Allocation Failure) 14M->9M(15M) 0.895ms
[230.428s][info][gc] GC(13794) Pause Young (Allocation Failure) 14M->9M(15M) 0.901ms
[230.437s][info][gc] GC(13795) Pause Young (Allocation Failure) 14M->9M(15M) 0.616ms
[230.445s][info][gc] GC(13796) Pause Young (Allocation Failure) 14M->9M(15M) 0.635ms
[230.454s][info][gc] GC(13797) Pause Young (Allocation Failure) 14M->9M(15M) 0.708ms
[230.462s][info][gc] GC(13798) Pause Young (Allocation Failure) 14M->9M(15M) 0.680ms
[230.471s][info][gc] GC(13799) Pause Young (Allocation Failure) 14M->9M(15M) 0.750ms
[230.478s][info][gc] GC(13800) Pause Young (Allocation Failure) 14M->9M(15M) 0.745ms
[230.486s][info][gc] GC(13801) Pause Young (Allocation Failure) 14M->9M(15M) 0.753ms
[230.495s][info][gc] GC(13802) Pause Young (Allocation Failure) 14M->9M(15M) 0.877ms
[230.502s][info][gc] GC(13803) Pause Young (Allocation Failure) 14M->9M(15M) 0.831ms
[230.510s][info][gc] GC(13804) Pause Young (Allocation Failure) 14M->9M(15M) 0.775ms
[230.518s][info][gc] GC(13805) Pause Young (Allocation Failure) 14M->9M(15M) 0.916ms
[230.526s][info][gc] GC(13806) Pause Young (Allocation Failure) 14M->9M(15M) 0.900ms
[230.534s][info][gc] GC(13807) Pause Young (Allocation Failure) 14M->9M(15M) 0.936ms
[230.542s][info][gc] GC(13808) Pause Young (Allocation Failure) 14M->9M(15M) 0.906ms
[230.550s][info][gc] GC(13809) Pause Young (Allocation Failure) 14M->9M(15M) 0.900ms
[230.557s][info][gc] GC(13810) Pause Young (Allocation Failure) 14M->9M(15M) 0.893ms
[230.563s][info][gc] GC(13811) Pause Young (Allocation Failure) 14M->9M(15M) 0.605ms
[230.571s][info][gc] GC(13812) Pause Young (Allocation Failure) 14M->9M(15M) 1.041ms
[230.578s][info][gc] GC(13813) Pause Young (Allocation Failure) 14M->9M(15M) 0.691ms
[230.585s][info][gc] GC(13814) Pause Young (Allocation Failure) 14M->9M(15M) 0.543ms
[230.591s][info][gc] GC(13815) Pause Young (Allocation Failure) 14M->9M(15M) 0.431ms
[230.597s][info][gc] GC(13816) Pause Young (Allocation Failure) 14M->9M(15M) 0.698ms
[230.606s][info][gc] GC(13817) Pause Young (Allocation Failure) 14M->9M(15M) 0.730ms
[230.613s][info][gc] GC(13818) Pause Young (Allocation Failure) 14M->9M(15M) 0.741ms
[230.620s][info][gc] GC(13819) Pause Young (Allocation Failure) 14M->9M(15M) 0.722ms
[230.628s][info][gc] GC(13820) Pause Young (Allocation Failure) 14M->9M(15M) 0.742ms
[230.636s][info][gc] GC(13821) Pause Young (Allocation Failure) 14M->9M(15M) 0.835ms
[230.643s][info][gc] GC(13822) Pause Young (Allocation Failure) 14M->9M(15M) 0.721ms
[230.648s][info][gc] GC(13823) Pause Young (Allocation Failure) 14M->9M(15M) 0.722ms
[230.655s][info][gc] GC(13824) Pause Young (Allocation Failure) 14M->9M(15M) 0.585ms
[230.664s][info][gc] GC(13825) Pause Young (Allocation Failure) 14M->9M(15M) 0.801ms
[230.671s][info][gc] GC(13826) Pause Young (Allocation Failure) 14M->9M(15M) 0.847ms
[230.680s][info][gc] GC(13827) Pause Young (Allocation Failure) 14M->9M(15M) 0.828ms
[230.688s][info][gc] GC(13828) Pause Young (Allocation Failure) 14M->9M(15M) 0.831ms
[230.696s][info][gc] GC(13829) Pause Young (Allocation Failure) 14M->9M(15M) 0.889ms
[230.704s][info][gc] GC(13830) Pause Young (Allocation Failure) 14M->9M(15M) 0.919ms
[230.712s][info][gc] GC(13831) Pause Young (Allocation Failure) 14M->9M(15M) 0.723ms
[230.719s][info][gc] GC(13832) Pause Young (Allocation Failure) 14M->9M(15M) 0.641ms
[230.725s][info][gc] GC(13833) Pause Young (Allocation Failure) 14M->9M(15M) 0.665ms
[230.730s][info][gc] GC(13834) Pause Young (Allocation Failure) 14M->9M(15M) 0.806ms
[230.738s][info][gc] GC(13835) Pause Young (Allocation Failure) 14M->9M(15M) 0.613ms
[230.743s][info][gc] GC(13836) Pause Young (Allocation Failure) 14M->9M(15M) 0.463ms
[230.750s][info][gc] GC(13837) Pause Young (Allocation Failure) 14M->9M(15M) 0.438ms
[230.755s][info][gc] GC(13838) Pause Young (Allocation Failure) 14M->9M(15M) 0.447ms
[230.761s][info][gc] GC(13839) Pause Young (Allocation Failure) 14M->9M(15M) 0.448ms
[230.766s][info][gc] GC(13840) Pause Young (Allocation Failure) 14M->9M(15M) 0.670ms
[230.772s][info][gc] GC(13841) Pause Young (Allocation Failure) 14M->9M(15M) 0.485ms
[230.777s][info][gc] GC(13842) Pause Young (Allocation Failure) 14M->9M(15M) 0.773ms
[230.784s][info][gc] GC(13843) Pause Young (Allocation Failure) 14M->9M(15M) 0.753ms
[230.789s][info][gc] GC(13844) Pause Young (Allocation Failure) 14M->9M(15M) 0.494ms
[230.797s][info][gc] GC(13845) Pause Young (Allocation Failure) 14M->9M(15M) 0.513ms
[230.804s][info][gc] GC(13846) Pause Young (Allocation Failure) 14M->9M(15M) 0.760ms
[230.813s][info][gc] GC(13847) Pause Young (Allocation Failure) 14M->9M(15M) 0.786ms
[230.821s][info][gc] GC(13848) Pause Young (Allocation Failure) 14M->9M(15M) 0.856ms
[230.829s][info][gc] GC(13849) Pause Young (Allocation Failure) 14M->9M(15M) 0.808ms
[230.837s][info][gc] GC(13850) Pause Young (Allocation Failure) 14M->9M(15M) 0.833ms
[230.845s][info][gc] GC(13851) Pause Young (Allocation Failure) 14M->9M(15M) 0.791ms
[230.854s][info][gc] GC(13852) Pause Young (Allocation Failure) 14M->9M(15M) 0.842ms
[230.862s][info][gc] GC(13853) Pause Young (Allocation Failure) 14M->9M(15M) 0.876ms
[230.871s][info][gc] GC(13854) Pause Young (Allocation Failure) 14M->9M(15M) 0.947ms
[230.880s][info][gc] GC(13855) Pause Young (Allocation Failure) 14M->9M(15M) 0.987ms
[230.888s][info][gc] GC(13856) Pause Young (Allocation Failure) 14M->9M(15M) 0.974ms
[230.897s][info][gc] GC(13857) Pause Young (Allocation Failure) 14M->9M(15M) 0.877ms
[230.906s][info][gc] GC(13858) Pause Young (Allocation Failure) 14M->9M(15M) 0.878ms
[230.914s][info][gc] GC(13859) Pause Young (Allocation Failure) 14M->9M(15M) 0.862ms
[230.923s][info][gc] GC(13860) Pause Young (Allocation Failure) 14M->9M(15M) 0.943ms
[230.930s][info][gc] GC(13861) Pause Young (Allocation Failure) 14M->9M(15M) 0.967ms
[230.939s][info][gc] GC(13862) Pause Young (Allocation Failure) 14M->9M(15M) 0.852ms
[230.947s][info][gc] GC(13863) Pause Young (Allocation Failure) 14M->9M(15M) 0.667ms
[230.956s][info][gc] GC(13864) Pause Young (Allocation Failure) 14M->9M(15M) 0.644ms
[230.964s][info][gc] GC(13865) Pause Young (Allocation Failure) 14M->9M(15M) 0.699ms
[230.973s][info][gc] GC(13866) Pause Young (Allocation Failure) 14M->9M(15M) 0.684ms
[230.979s][info][gc] GC(13867) Pause Young (Allocation Failure) 14M->9M(15M) 0.491ms
[230.985s][info][gc] GC(13868) Pause Young (Allocation Failure) 14M->9M(15M) 0.483ms
[230.992s][info][gc] GC(13869) Pause Young (Allocation Failure) 14M->9M(15M) 0.504ms
[230.999s][info][gc] GC(13870) Pause Young (Allocation Failure) 14M->9M(15M) 0.617ms
[231.006s][info][gc] GC(13871) Pause Young (Allocation Failure) 14M->9M(15M) 0.765ms
[231.012s][info][gc] GC(13872) Pause Young (Allocation Failure) 14M->9M(15M) 0.617ms
[231.019s][info][gc] GC(13873) Pause Young (Allocation Failure) 14M->9M(15M) 0.598ms
[231.024s][info][gc] GC(13874) Pause Young (Allocation Failure) 14M->9M(15M) 0.809ms
[231.030s][info][gc] GC(13875) Pause Young (Allocation Failure) 14M->9M(15M) 0.785ms
[231.037s][info][gc] GC(13876) Pause Young (Allocation Failure) 14M->9M(15M) 0.991ms
[231.044s][info][gc] GC(13877) Pause Young (Allocation Failure) 14M->9M(15M) 0.643ms
[231.050s][info][gc] GC(13878) Pause Young (Allocation Failure) 14M->9M(15M) 0.783ms
[231.056s][info][gc] GC(13879) Pause Young (Allocation Failure) 14M->9M(15M) 0.927ms
[231.065s][info][gc] GC(13880) Pause Young (Allocation Failure) 14M->9M(15M) 0.976ms
[231.074s][info][gc] GC(13881) Pause Young (Allocation Failure) 14M->9M(15M) 1.224ms
[231.082s][info][gc] GC(13882) Pause Young (Allocation Failure) 14M->9M(15M) 1.131ms
[231.090s][info][gc] GC(13883) Pause Young (Allocation Failure) 14M->9M(15M) 0.459ms
[231.097s][info][gc] GC(13884) Pause Young (Allocation Failure) 14M->9M(15M) 0.651ms
[231.105s][info][gc] GC(13885) Pause Young (Allocation Failure) 14M->9M(15M) 0.482ms
[231.112s][info][gc] GC(13886) Pause Young (Allocation Failure) 14M->9M(15M) 0.469ms
[231.120s][info][gc] GC(13887) Pause Young (Allocation Failure) 14M->9M(15M) 0.726ms
[231.130s][info][gc] GC(13888) Pause Young (Allocation Failure) 14M->9M(15M) 0.720ms
[231.137s][info][gc] GC(13889) Pause Young (Allocation Failure) 14M->9M(15M) 0.488ms
[231.145s][info][gc] GC(13890) Pause Young (Allocation Failure) 14M->9M(15M) 0.820ms
[231.153s][info][gc] GC(13891) Pause Young (Allocation Failure) 14M->9M(15M) 0.778ms
[231.161s][info][gc] GC(13892) Pause Young (Allocation Failure) 14M->9M(15M) 0.778ms
[231.169s][info][gc] GC(13893) Pause Young (Allocation Failure) 14M->9M(15M) 0.820ms
[231.178s][info][gc] GC(13894) Pause Young (Allocation Failure) 14M->9M(15M) 0.926ms
[231.188s][info][gc] GC(13895) Pause Young (Allocation Failure) 14M->9M(15M) 0.790ms
[231.196s][info][gc] GC(13896) Pause Young (Allocation Failure) 14M->9M(15M) 0.809ms
[231.204s][info][gc] GC(13897) Pause Young (Allocation Failure) 14M->9M(15M) 0.919ms
[231.213s][info][gc] GC(13898) Pause Young (Allocation Failure) 14M->9M(15M) 0.923ms
[231.221s][info][gc] GC(13899) Pause Young (Allocation Failure) 14M->9M(15M) 0.952ms
[231.230s][info][gc] GC(13900) Pause Young (Allocation Failure) 14M->9M(15M) 0.958ms
[231.238s][info][gc] GC(13901) Pause Young (Allocation Failure) 14M->9M(15M) 0.859ms
[231.247s][info][gc] GC(13902) Pause Young (Allocation Failure) 14M->9M(15M) 0.862ms
[231.255s][info][gc] GC(13903) Pause Young (Allocation Failure) 14M->9M(15M) 0.987ms
[231.263s][info][gc] GC(13904) Pause Young (Allocation Failure) 14M->9M(15M) 0.624ms
[231.272s][info][gc] GC(13905) Pause Young (Allocation Failure) 14M->9M(15M) 0.650ms
[231.280s][info][gc] GC(13906) Pause Young (Allocation Failure) 14M->9M(15M) 0.611ms
[231.293s][info][gc] GC(13907) Pause Young (Allocation Failure) 14M->9M(15M) 0.767ms
[231.302s][info][gc] GC(13908) Pause Young (Allocation Failure) 14M->9M(15M) 0.732ms
[231.309s][info][gc] GC(13909) Pause Young (Allocation Failure) 14M->9M(15M) 0.784ms
[231.314s][info][gc] GC(13910) Pause Young (Allocation Failure) 14M->9M(15M) 0.714ms
[231.320s][info][gc] GC(13911) Pause Young (Allocation Failure) 14M->9M(15M) 0.505ms
[231.326s][info][gc] GC(13912) Pause Young (Allocation Failure) 14M->9M(15M) 0.550ms
[231.333s][info][gc] GC(13913) Pause Young (Allocation Failure) 14M->9M(15M) 0.946ms
[231.340s][info][gc] GC(13914) Pause Young (Allocation Failure) 14M->9M(15M) 0.764ms
[231.348s][info][gc] GC(13915) Pause Young (Allocation Failure) 14M->9M(15M) 0.821ms
[231.356s][info][gc] GC(13916) Pause Young (Allocation Failure) 14M->9M(15M) 0.875ms
[231.365s][info][gc] GC(13917) Pause Young (Allocation Failure) 14M->9M(15M) 0.818ms
[231.373s][info][gc] GC(13918) Pause Young (Allocation Failure) 14M->9M(15M) 0.803ms
[231.381s][info][gc] GC(13919) Pause Young (Allocation Failure) 14M->9M(15M) 0.894ms
[231.390s][info][gc] GC(13920) Pause Young (Allocation Failure) 14M->9M(15M) 0.996ms
[231.398s][info][gc] GC(13921) Pause Young (Allocation Failure) 14M->9M(15M) 0.946ms
[231.406s][info][gc] GC(13922) Pause Young (Allocation Failure) 14M->9M(15M) 0.819ms
[231.414s][info][gc] GC(13923) Pause Young (Allocation Failure) 14M->9M(15M) 0.892ms
[231.422s][info][gc] GC(13924) Pause Young (Allocation Failure) 14M->9M(15M) 0.876ms
[231.431s][info][gc] GC(13925) Pause Young (Allocation Failure) 14M->9M(15M) 0.903ms
[231.440s][info][gc] GC(13926) Pause Young (Allocation Failure) 14M->9M(15M) 0.702ms
[231.448s][info][gc] GC(13927) Pause Young (Allocation Failure) 14M->9M(15M) 0.653ms
[231.456s][info][gc] GC(13928) Pause Young (Allocation Failure) 14M->9M(15M) 0.659ms
[231.464s][info][gc] GC(13929) Pause Young (Allocation Failure) 14M->9M(15M) 0.664ms
[231.471s][info][gc] GC(13930) Pause Young (Allocation Failure) 14M->9M(15M) 0.788ms
[231.478s][info][gc] GC(13931) Pause Young (Allocation Failure) 14M->9M(15M) 0.890ms
[231.487s][info][gc] GC(13932) Pause Young (Allocation Failure) 14M->9M(15M) 0.884ms
[231.495s][info][gc] GC(13933) Pause Young (Allocation Failure) 14M->9M(15M) 0.818ms
[231.503s][info][gc] GC(13934) Pause Young (Allocation Failure) 14M->9M(15M) 1.140ms
[231.513s][info][gc] GC(13935) Pause Young (Allocation Failure) 14M->9M(15M) 0.942ms
[231.520s][info][gc] GC(13936) Pause Young (Allocation Failure) 14M->9M(15M) 0.871ms
[231.529s][info][gc] GC(13937) Pause Young (Allocation Failure) 14M->9M(15M) 0.911ms
[231.536s][info][gc] GC(13938) Pause Young (Allocation Failure) 14M->9M(15M) 0.690ms
[231.542s][info][gc] GC(13939) Pause Young (Allocation Failure) 14M->9M(15M) 0.601ms
[231.547s][info][gc] GC(13940) Pause Young (Allocation Failure) 14M->9M(15M) 0.599ms
[231.552s][info][gc] GC(13941) Pause Young (Allocation Failure) 14M->9M(15M) 0.590ms
[231.557s][info][gc] GC(13942) Pause Young (Allocation Failure) 14M->9M(15M) 0.608ms
[231.563s][info][gc] GC(13943) Pause Young (Allocation Failure) 14M->9M(15M) 0.607ms
[231.568s][info][gc] GC(13944) Pause Young (Allocation Failure) 14M->9M(15M) 0.581ms
[231.573s][info][gc] GC(13945) Pause Young (Allocation Failure) 14M->9M(15M) 0.615ms
[231.579s][info][gc] GC(13946) Pause Young (Allocation Failure) 14M->9M(15M) 0.613ms
[231.583s][info][gc] GC(13947) Pause Young (Allocation Failure) 14M->9M(15M) 0.406ms
[231.589s][info][gc] GC(13948) Pause Young (Allocation Failure) 14M->9M(15M) 0.554ms
[231.594s][info][gc] GC(13949) Pause Young (Allocation Failure) 14M->9M(15M) 0.413ms
[231.599s][info][gc] GC(13950) Pause Young (Allocation Failure) 14M->9M(15M) 0.414ms
[231.604s][info][gc] GC(13951) Pause Young (Allocation Failure) 14M->9M(15M) 0.587ms
[231.609s][info][gc] GC(13952) Pause Young (Allocation Failure) 14M->9M(15M) 0.448ms
[231.614s][info][gc] GC(13953) Pause Young (Allocation Failure) 14M->9M(15M) 0.442ms
[231.619s][info][gc] GC(13954) Pause Young (Allocation Failure) 14M->9M(15M) 0.497ms
[231.625s][info][gc] GC(13955) Pause Young (Allocation Failure) 14M->9M(15M) 0.523ms
[231.630s][info][gc] GC(13956) Pause Young (Allocation Failure) 14M->9M(15M) 0.591ms
[231.635s][info][gc] GC(13957) Pause Young (Allocation Failure) 14M->9M(15M) 0.672ms
[231.640s][info][gc] GC(13958) Pause Young (Allocation Failure) 14M->9M(15M) 0.660ms
[231.645s][info][gc] GC(13959) Pause Young (Allocation Failure) 14M->9M(15M) 0.529ms
[231.651s][info][gc] GC(13960) Pause Young (Allocation Failure) 14M->9M(15M) 0.490ms
[231.656s][info][gc] GC(13961) Pause Young (Allocation Failure) 14M->9M(15M) 0.634ms
[231.662s][info][gc] GC(13962) Pause Young (Allocation Failure) 14M->9M(15M) 0.657ms
[231.668s][info][gc] GC(13963) Pause Young (Allocation Failure) 14M->9M(15M) 1.042ms
[231.673s][info][gc] GC(13964) Pause Young (Allocation Failure) 14M->9M(15M) 0.640ms
[231.678s][info][gc] GC(13965) Pause Young (Allocation Failure) 14M->9M(15M) 0.768ms
[231.686s][info][gc] GC(13966) Pause Young (Allocation Failure) 14M->9M(15M) 0.667ms
[231.697s][info][gc] GC(13967) Pause Young (Allocation Failure) 14M->9M(15M) 0.650ms
[231.705s][info][gc] GC(13968) Pause Young (Allocation Failure) 14M->9M(15M) 0.652ms
[231.712s][info][gc] GC(13969) Pause Young (Allocation Failure) 14M->9M(15M) 0.632ms
[231.719s][info][gc] GC(13970) Pause Young (Allocation Failure) 14M->9M(15M) 0.505ms
[231.724s][info][gc] GC(13971) Pause Young (Allocation Failure) 14M->9M(15M) 0.458ms
[231.729s][info][gc] GC(13972) Pause Young (Allocation Failure) 14M->9M(15M) 0.441ms
[231.736s][info][gc] GC(13973) Pause Young (Allocation Failure) 14M->9M(15M) 0.645ms
[231.743s][info][gc] GC(13974) Pause Young (Allocation Failure) 14M->9M(15M) 0.511ms
[231.750s][info][gc] GC(13975) Pause Young (Allocation Failure) 14M->9M(15M) 0.788ms
[231.755s][info][gc] GC(13976) Pause Young (Allocation Failure) 14M->9M(15M) 0.567ms
[231.762s][info][gc] GC(13977) Pause Young (Allocation Failure) 14M->9M(15M) 0.677ms
[231.767s][info][gc] GC(13978) Pause Young (Allocation Failure) 14M->9M(15M) 0.580ms
[231.773s][info][gc] GC(13979) Pause Young (Allocation Failure) 14M->9M(15M) 0.605ms
[231.778s][info][gc] GC(13980) Pause Young (Allocation Failure) 14M->9M(15M) 0.529ms
[231.783s][info][gc] GC(13981) Pause Young (Allocation Failure) 14M->9M(15M) 0.574ms
[231.788s][info][gc] GC(13982) Pause Young (Allocation Failure) 14M->9M(15M) 0.560ms
[231.793s][info][gc] GC(13983) Pause Young (Allocation Failure) 14M->9M(15M) 0.553ms
[231.799s][info][gc] GC(13984) Pause Young (Allocation Failure) 14M->9M(15M) 0.755ms
[231.805s][info][gc] GC(13985) Pause Young (Allocation Failure) 14M->9M(15M) 0.864ms
[231.810s][info][gc] GC(13986) Pause Young (Allocation Failure) 14M->9M(15M) 0.613ms
[231.815s][info][gc] GC(13987) Pause Young (Allocation Failure) 14M->9M(15M) 0.619ms
[231.820s][info][gc] GC(13988) Pause Young (Allocation Failure) 14M->9M(15M) 0.439ms
[231.826s][info][gc] GC(13989) Pause Young (Allocation Failure) 14M->9M(15M) 0.477ms
[231.831s][info][gc] GC(13990) Pause Young (Allocation Failure) 14M->9M(15M) 0.427ms
[231.837s][info][gc] GC(13991) Pause Young (Allocation Failure) 14M->9M(15M) 0.635ms
[231.842s][info][gc] GC(13992) Pause Young (Allocation Failure) 14M->9M(15M) 0.458ms
[231.848s][info][gc] GC(13993) Pause Young (Allocation Failure) 14M->9M(15M) 0.493ms
[231.853s][info][gc] GC(13994) Pause Young (Allocation Failure) 14M->9M(15M) 0.477ms
[231.859s][info][gc] GC(13995) Pause Young (Allocation Failure) 14M->9M(15M) 0.822ms
[231.864s][info][gc] GC(13996) Pause Young (Allocation Failure) 14M->9M(15M) 0.546ms
[231.871s][info][gc] GC(13997) Pause Young (Allocation Failure) 14M->9M(15M) 0.787ms
[231.880s][info][gc] GC(13998) Pause Young (Allocation Failure) 14M->9M(15M) 0.664ms
[231.886s][info][gc] GC(13999) Pause Young (Allocation Failure) 14M->9M(15M) 0.798ms
[231.893s][info][gc] GC(14000) Pause Young (Allocation Failure) 14M->9M(15M) 0.555ms
[231.901s][info][gc] GC(14001) Pause Young (Allocation Failure) 14M->9M(15M) 0.777ms
[231.909s][info][gc] GC(14002) Pause Young (Allocation Failure) 14M->9M(15M) 0.526ms
[231.914s][info][gc] GC(14003) Pause Young (Allocation Failure) 14M->9M(15M) 0.508ms
[231.920s][info][gc] GC(14004) Pause Young (Allocation Failure) 14M->9M(15M) 0.561ms
[231.925s][info][gc] GC(14005) Pause Young (Allocation Failure) 14M->9M(15M) 0.541ms
[231.930s][info][gc] GC(14006) Pause Young (Allocation Failure) 14M->9M(15M) 0.528ms
[231.935s][info][gc] GC(14007) Pause Young (Allocation Failure) 14M->9M(15M) 0.524ms
[231.942s][info][gc] GC(14008) Pause Young (Allocation Failure) 14M->9M(15M) 1.002ms
[231.947s][info][gc] GC(14009) Pause Young (Allocation Failure) 14M->9M(15M) 0.575ms
[231.953s][info][gc] GC(14010) Pause Young (Allocation Failure) 14M->9M(15M) 0.796ms
[231.958s][info][gc] GC(14011) Pause Young (Allocation Failure) 14M->9M(15M) 0.707ms
[231.964s][info][gc] GC(14012) Pause Young (Allocation Failure) 14M->9M(15M) 0.563ms
[231.969s][info][gc] GC(14013) Pause Young (Allocation Failure) 14M->9M(15M) 0.558ms
[231.974s][info][gc] GC(14014) Pause Young (Allocation Failure) 14M->9M(15M) 0.564ms
[231.979s][info][gc] GC(14015) Pause Young (Allocation Failure) 14M->9M(15M) 0.414ms
[231.985s][info][gc] GC(14016) Pause Young (Allocation Failure) 14M->9M(15M) 0.469ms
[231.990s][info][gc] GC(14017) Pause Young (Allocation Failure) 14M->9M(15M) 0.415ms
[231.995s][info][gc] GC(14018) Pause Young (Allocation Failure) 14M->9M(15M) 0.451ms
[232.000s][info][gc] GC(14019) Pause Young (Allocation Failure) 14M->9M(15M) 0.538ms
[232.005s][info][gc] GC(14020) Pause Young (Allocation Failure) 14M->9M(15M) 0.489ms
[232.010s][info][gc] GC(14021) Pause Young (Allocation Failure) 14M->9M(15M) 0.484ms
[232.015s][info][gc] GC(14022) Pause Young (Allocation Failure) 14M->9M(15M) 0.472ms
[232.021s][info][gc] GC(14023) Pause Young (Allocation Failure) 14M->9M(15M) 0.555ms
[232.026s][info][gc] GC(14024) Pause Young (Allocation Failure) 14M->9M(15M) 0.480ms
[232.032s][info][gc] GC(14025) Pause Young (Allocation Failure) 14M->9M(15M) 0.492ms
[232.037s][info][gc] GC(14026) Pause Young (Allocation Failure) 14M->9M(15M) 0.512ms
[232.042s][info][gc] GC(14027) Pause Young (Allocation Failure) 14M->9M(15M) 0.502ms
[232.047s][info][gc] GC(14028) Pause Young (Allocation Failure) 14M->9M(15M) 0.536ms
[232.052s][info][gc] GC(14029) Pause Young (Allocation Failure) 14M->9M(15M) 0.579ms
[232.057s][info][gc] GC(14030) Pause Young (Allocation Failure) 14M->9M(15M) 0.613ms
[232.062s][info][gc] GC(14031) Pause Young (Allocation Failure) 14M->9M(15M) 0.619ms
[232.068s][info][gc] GC(14032) Pause Young (Allocation Failure) 14M->9M(15M) 0.830ms
[232.073s][info][gc] GC(14033) Pause Young (Allocation Failure) 14M->9M(15M) 0.605ms
[232.078s][info][gc] GC(14034) Pause Young (Allocation Failure) 14M->9M(15M) 0.371ms
[232.085s][info][gc] GC(14035) Pause Young (Allocation Failure) 14M->9M(15M) 0.699ms
[232.093s][info][gc] GC(14036) Pause Young (Allocation Failure) 14M->9M(15M) 0.752ms
[232.103s][info][gc] GC(14037) Pause Young (Allocation Failure) 14M->9M(15M) 0.481ms
[232.110s][info][gc] GC(14038) Pause Young (Allocation Failure) 14M->9M(15M) 0.463ms
[232.117s][info][gc] GC(14039) Pause Young (Allocation Failure) 14M->9M(15M) 0.512ms
[232.125s][info][gc] GC(14040) Pause Young (Allocation Failure) 14M->9M(15M) 0.714ms
[232.131s][info][gc] GC(14041) Pause Young (Allocation Failure) 14M->9M(15M) 0.501ms
[232.137s][info][gc] GC(14042) Pause Young (Allocation Failure) 14M->9M(15M) 0.791ms
[232.143s][info][gc] GC(14043) Pause Young (Allocation Failure) 14M->9M(15M) 0.620ms
[232.151s][info][gc] GC(14044) Pause Young (Allocation Failure) 14M->9M(15M) 0.574ms
[232.159s][info][gc] GC(14045) Pause Young (Allocation Failure) 14M->9M(15M) 0.527ms
[232.166s][info][gc] GC(14046) Pause Young (Allocation Failure) 14M->9M(15M) 0.557ms
[232.172s][info][gc] GC(14047) Pause Young (Allocation Failure) 14M->9M(15M) 0.596ms
[232.178s][info][gc] GC(14048) Pause Young (Allocation Failure) 14M->9M(15M) 0.701ms
[232.187s][info][gc] GC(14049) Pause Young (Allocation Failure) 14M->9M(15M) 0.727ms
[232.192s][info][gc] GC(14050) Pause Young (Allocation Failure) 14M->9M(15M) 0.894ms
[232.201s][info][gc] GC(14051) Pause Young (Allocation Failure) 14M->9M(15M) 1.013ms
[232.208s][info][gc] GC(14052) Pause Young (Allocation Failure) 14M->9M(15M) 0.648ms
[232.216s][info][gc] GC(14053) Pause Young (Allocation Failure) 14M->9M(15M) 0.608ms
[232.223s][info][gc] GC(14054) Pause Young (Allocation Failure) 14M->9M(15M) 0.621ms
[232.230s][info][gc] GC(14055) Pause Young (Allocation Failure) 14M->9M(15M) 0.744ms
[232.236s][info][gc] GC(14056) Pause Young (Allocation Failure) 14M->9M(15M) 0.941ms
[232.241s][info][gc] GC(14057) Pause Young (Allocation Failure) 14M->9M(15M) 0.466ms
[232.249s][info][gc] GC(14058) Pause Young (Allocation Failure) 14M->9M(15M) 0.631ms
[232.256s][info][gc] GC(14059) Pause Young (Allocation Failure) 14M->9M(15M) 0.647ms
[232.266s][info][gc] GC(14060) Pause Young (Allocation Failure) 14M->9M(15M) 0.688ms
[232.274s][info][gc] GC(14061) Pause Young (Allocation Failure) 14M->9M(15M) 0.718ms
[232.283s][info][gc] GC(14062) Pause Young (Allocation Failure) 14M->9M(15M) 0.733ms
[232.291s][info][gc] GC(14063) Pause Young (Allocation Failure) 14M->9M(15M) 0.790ms
[232.299s][info][gc] GC(14064) Pause Young (Allocation Failure) 14M->9M(15M) 0.782ms
[232.308s][info][gc] GC(14065) Pause Young (Allocation Failure) 14M->9M(15M) 0.844ms
[232.316s][info][gc] GC(14066) Pause Young (Allocation Failure) 14M->9M(15M) 0.770ms
[232.324s][info][gc] GC(14067) Pause Young (Allocation Failure) 14M->9M(15M) 0.785ms
[232.332s][info][gc] GC(14068) Pause Young (Allocation Failure) 14M->9M(15M) 0.690ms
[232.340s][info][gc] GC(14069) Pause Young (Allocation Failure) 14M->9M(15M) 0.820ms
[232.348s][info][gc] GC(14070) Pause Young (Allocation Failure) 14M->9M(15M) 0.978ms
[232.356s][info][gc] GC(14071) Pause Young (Allocation Failure) 14M->9M(15M) 1.010ms
[232.365s][info][gc] GC(14072) Pause Young (Allocation Failure) 14M->9M(15M) 1.082ms
[232.371s][info][gc] GC(14073) Pause Young (Allocation Failure) 14M->9M(15M) 0.890ms
[232.376s][info][gc] GC(14074) Pause Young (Allocation Failure) 14M->9M(15M) 0.941ms
[232.381s][info][gc] GC(14075) Pause Young (Allocation Failure) 14M->9M(15M) 0.667ms
[232.389s][info][gc] GC(14076) Pause Young (Allocation Failure) 14M->9M(15M) 0.462ms
[232.395s][info][gc] GC(14077) Pause Young (Allocation Failure) 14M->9M(15M) 0.482ms
[232.401s][info][gc] GC(14078) Pause Young (Allocation Failure) 14M->9M(15M) 0.501ms
[232.408s][info][gc] GC(14079) Pause Young (Allocation Failure) 14M->9M(15M) 0.502ms
[232.414s][info][gc] GC(14080) Pause Young (Allocation Failure) 14M->9M(15M) 0.502ms
[232.421s][info][gc] GC(14081) Pause Young (Allocation Failure) 14M->9M(15M) 0.788ms
[232.427s][info][gc] GC(14082) Pause Young (Allocation Failure) 14M->9M(15M) 0.676ms
[232.433s][info][gc] GC(14083) Pause Young (Allocation Failure) 14M->9M(15M) 0.523ms
[232.438s][info][gc] GC(14084) Pause Young (Allocation Failure) 14M->9M(15M) 0.540ms
[232.443s][info][gc] GC(14085) Pause Young (Allocation Failure) 14M->9M(15M) 0.568ms
[232.449s][info][gc] GC(14086) Pause Young (Allocation Failure) 14M->9M(15M) 0.823ms
[232.454s][info][gc] GC(14087) Pause Young (Allocation Failure) 14M->9M(15M) 0.902ms
[232.460s][info][gc] GC(14088) Pause Young (Allocation Failure) 14M->9M(15M) 0.853ms
[232.465s][info][gc] GC(14089) Pause Young (Allocation Failure) 14M->9M(15M) 0.631ms
[232.471s][info][gc] GC(14090) Pause Young (Allocation Failure) 14M->10M(15M) 1.050ms
[232.478s][info][gc] GC(14091) Pause Young (Allocation Failure) 14M->10M(15M) 0.653ms
[232.483s][info][gc] GC(14092) Pause Young (Allocation Failure) 14M->9M(15M) 0.632ms
[232.489s][info][gc] GC(14093) Pause Young (Allocation Failure) 14M->9M(15M) 0.609ms
[232.495s][info][gc] GC(14094) Pause Young (Allocation Failure) 14M->9M(15M) 0.861ms
[232.502s][info][gc] GC(14095) Pause Young (Allocation Failure) 14M->9M(15M) 0.816ms
[232.508s][info][gc] GC(14096) Pause Young (Allocation Failure) 14M->9M(15M) 0.672ms
[232.514s][info][gc] GC(14097) Pause Young (Allocation Failure) 14M->9M(15M) 0.435ms
[232.518s][info][gc] GC(14098) Pause Young (Allocation Failure) 14M->9M(15M) 0.445ms
[232.524s][info][gc] GC(14099) Pause Young (Allocation Failure) 14M->9M(15M) 0.569ms
[232.531s][info][gc] GC(14100) Pause Young (Allocation Failure) 14M->9M(15M) 0.480ms
[232.536s][info][gc] GC(14101) Pause Young (Allocation Failure) 14M->9M(15M) 0.442ms
[232.542s][info][gc] GC(14102) Pause Young (Allocation Failure) 14M->9M(15M) 0.470ms
[232.547s][info][gc] GC(14103) Pause Young (Allocation Failure) 14M->9M(15M) 0.460ms
[232.552s][info][gc] GC(14104) Pause Young (Allocation Failure) 14M->9M(15M) 0.518ms
[232.558s][info][gc] GC(14105) Pause Young (Allocation Failure) 14M->9M(15M) 0.507ms
[232.564s][info][gc] GC(14106) Pause Young (Allocation Failure) 14M->9M(15M) 0.513ms
[232.569s][info][gc] GC(14107) Pause Young (Allocation Failure) 14M->9M(15M) 0.526ms
[232.575s][info][gc] GC(14108) Pause Young (Allocation Failure) 14M->9M(15M) 0.650ms
[232.582s][info][gc] GC(14109) Pause Young (Allocation Failure) 14M->9M(15M) 0.536ms
[232.589s][info][gc] GC(14110) Pause Young (Allocation Failure) 14M->9M(15M) 0.858ms
[232.597s][info][gc] GC(14111) Pause Young (Allocation Failure) 14M->9M(15M) 0.567ms
[232.602s][info][gc] GC(14112) Pause Young (Allocation Failure) 14M->9M(15M) 0.754ms
[232.609s][info][gc] GC(14113) Pause Young (Allocation Failure) 14M->10M(15M) 0.679ms
[232.615s][info][gc] GC(14114) Pause Young (Allocation Failure) 14M->10M(15M) 0.624ms
[232.621s][info][gc] GC(14115) Pause Young (Allocation Failure) 14M->10M(15M) 0.675ms
[232.627s][info][gc] GC(14116) Pause Young (Allocation Failure) 14M->9M(15M) 0.695ms
[232.634s][info][gc] GC(14117) Pause Young (Allocation Failure) 14M->9M(15M) 0.594ms
[232.642s][info][gc] GC(14118) Pause Young (Allocation Failure) 14M->10M(15M) 1.137ms
[232.651s][info][gc] GC(14119) Pause Young (Allocation Failure) 14M->9M(15M) 0.638ms
[232.659s][info][gc] GC(14120) Pause Young (Allocation Failure) 14M->9M(15M) 0.652ms
[232.665s][info][gc] GC(14121) Pause Young (Allocation Failure) 14M->9M(15M) 0.686ms
[232.671s][info][gc] GC(14122) Pause Young (Allocation Failure) 14M->9M(15M) 0.714ms
[232.678s][info][gc] GC(14123) Pause Young (Allocation Failure) 14M->9M(15M) 0.467ms
[232.686s][info][gc] GC(14124) Pause Young (Allocation Failure) 14M->9M(15M) 0.700ms
[232.694s][info][gc] GC(14125) Pause Young (Allocation Failure) 14M->9M(15M) 0.686ms
[232.702s][info][gc] GC(14126) Pause Young (Allocation Failure) 14M->9M(15M) 0.692ms
[232.710s][info][gc] GC(14127) Pause Young (Allocation Failure) 14M->9M(15M) 0.758ms
[232.718s][info][gc] GC(14128) Pause Young (Allocation Failure) 14M->9M(15M) 0.756ms
[232.727s][info][gc] GC(14129) Pause Young (Allocation Failure) 14M->9M(15M) 0.806ms
[232.733s][info][gc] GC(14130) Pause Young (Allocation Failure) 14M->9M(15M) 0.562ms
[232.738s][info][gc] GC(14131) Pause Young (Allocation Failure) 14M->10M(15M) 0.596ms
[232.746s][info][gc] GC(14132) Pause Young (Allocation Failure) 14M->10M(15M) 0.882ms
[232.753s][info][gc] GC(14133) Pause Young (Allocation Failure) 14M->10M(15M) 0.852ms
[232.758s][info][gc] GC(14134) Pause Young (Allocation Failure) 14M->10M(15M) 0.788ms
[232.765s][info][gc] GC(14135) Pause Young (Allocation Failure) 14M->10M(15M) 0.613ms
[232.772s][info][gc] GC(14136) Pause Young (Allocation Failure) 14M->9M(15M) 0.628ms
[232.781s][info][gc] GC(14137) Pause Young (Allocation Failure) 14M->9M(15M) 0.924ms
[232.786s][info][gc] GC(14138) Pause Young (Allocation Failure) 14M->10M(15M) 0.601ms
[232.792s][info][gc] GC(14139) Pause Young (Allocation Failure) 14M->10M(15M) 0.945ms
[232.801s][info][gc] GC(14140) Pause Young (Allocation Failure) 14M->9M(15M) 0.985ms
[232.809s][info][gc] GC(14141) Pause Young (Allocation Failure) 14M->9M(15M) 0.666ms
[232.815s][info][gc] GC(14142) Pause Young (Allocation Failure) 14M->9M(15M) 0.481ms
[232.821s][info][gc] GC(14143) Pause Young (Allocation Failure) 14M->9M(15M) 0.431ms
[232.827s][info][gc] GC(14144) Pause Young (Allocation Failure) 14M->9M(15M) 0.487ms
[232.833s][info][gc] GC(14145) Pause Young (Allocation Failure) 14M->9M(15M) 0.669ms
[232.839s][info][gc] GC(14146) Pause Young (Allocation Failure) 14M->9M(15M) 0.659ms
[232.844s][info][gc] GC(14147) Pause Young (Allocation Failure) 14M->9M(15M) 0.668ms
[232.850s][info][gc] GC(14148) Pause Young (Allocation Failure) 14M->9M(15M) 0.696ms
[232.857s][info][gc] GC(14149) Pause Young (Allocation Failure) 14M->9M(15M) 0.767ms
[232.863s][info][gc] GC(14150) Pause Young (Allocation Failure) 14M->10M(15M) 0.570ms
[232.869s][info][gc] GC(14151) Pause Young (Allocation Failure) 14M->10M(15M) 0.580ms
[232.877s][info][gc] GC(14152) Pause Young (Allocation Failure) 14M->10M(15M) 0.935ms
[232.887s][info][gc] GC(14153) Pause Young (Allocation Failure) 14M->10M(15M) 1.695ms
[232.896s][info][gc] GC(14154) Pause Young (Allocation Failure) 14M->10M(15M) 0.718ms
[232.903s][info][gc] GC(14155) Pause Young (Allocation Failure) 14M->10M(15M) 1.002ms
[232.911s][info][gc] GC(14156) Pause Young (Allocation Failure) 14M->10M(15M) 0.714ms
[232.921s][info][gc] GC(14157) Pause Young (Allocation Failure) 14M->10M(15M) 1.059ms
[232.930s][info][gc] GC(14158) Pause Young (Allocation Failure) 14M->10M(15M) 1.023ms
[232.938s][info][gc] GC(14159) Pause Young (Allocation Failure) 14M->10M(15M) 0.822ms
[232.947s][info][gc] GC(14160) Pause Young (Allocation Failure) 14M->10M(15M) 0.932ms
[232.955s][info][gc] GC(14161) Pause Young (Allocation Failure) 14M->10M(15M) 0.861ms
[232.963s][info][gc] GC(14162) Pause Young (Allocation Failure) 14M->10M(15M) 0.908ms
[232.971s][info][gc] GC(14163) Pause Young (Allocation Failure) 14M->10M(15M) 0.878ms
[232.980s][info][gc] GC(14164) Pause Young (Allocation Failure) 14M->9M(15M) 0.673ms
[232.989s][info][gc] GC(14165) Pause Young (Allocation Failure) 14M->9M(15M) 0.708ms
[232.997s][info][gc] GC(14166) Pause Young (Allocation Failure) 14M->9M(15M) 0.700ms
[233.005s][info][gc] GC(14167) Pause Young (Allocation Failure) 14M->9M(15M) 0.687ms
[233.013s][info][gc] GC(14168) Pause Young (Allocation Failure) 14M->9M(15M) 0.771ms
[233.021s][info][gc] GC(14169) Pause Young (Allocation Failure) 14M->9M(15M) 0.611ms
[233.026s][info][gc] GC(14170) Pause Young (Allocation Failure) 14M->9M(15M) 0.532ms
[233.032s][info][gc] GC(14171) Pause Young (Allocation Failure) 14M->10M(15M) 0.731ms
[233.040s][info][gc] GC(14172) Pause Young (Allocation Failure) 14M->10M(15M) 0.555ms
[233.046s][info][gc] GC(14173) Pause Young (Allocation Failure) 14M->10M(15M) 0.804ms
[233.054s][info][gc] GC(14174) Pause Young (Allocation Failure) 14M->10M(15M) 0.621ms
[233.061s][info][gc] GC(14175) Pause Young (Allocation Failure) 14M->10M(15M) 0.600ms
[233.068s][info][gc] GC(14176) Pause Young (Allocation Failure) 14M->10M(15M) 0.874ms
[233.077s][info][gc] GC(14177) Pause Young (Allocation Failure) 14M->10M(15M) 1.001ms
[233.085s][info][gc] GC(14178) Pause Young (Allocation Failure) 14M->10M(15M) 0.953ms
[233.094s][info][gc] GC(14179) Pause Young (Allocation Failure) 14M->10M(15M) 0.909ms
[233.103s][info][gc] GC(14180) Pause Young (Allocation Failure) 14M->10M(15M) 0.993ms
[233.112s][info][gc] GC(14181) Pause Young (Allocation Failure) 14M->10M(15M) 0.898ms
[233.120s][info][gc] GC(14182) Pause Young (Allocation Failure) 14M->9M(15M) 0.653ms
[233.128s][info][gc] GC(14183) Pause Young (Allocation Failure) 14M->9M(15M) 0.639ms
[233.138s][info][gc] GC(14184) Pause Young (Allocation Failure) 14M->9M(15M) 0.716ms
[233.146s][info][gc] GC(14185) Pause Young (Allocation Failure) 14M->9M(15M) 0.801ms
[233.155s][info][gc] GC(14186) Pause Young (Allocation Failure) 14M->9M(15M) 0.774ms
[233.162s][info][gc] GC(14187) Pause Young (Allocation Failure) 14M->9M(15M) 0.773ms
[233.171s][info][gc] GC(14188) Pause Young (Allocation Failure) 14M->9M(15M) 0.699ms
[233.179s][info][gc] GC(14189) Pause Young (Allocation Failure) 14M->10M(15M) 0.812ms
[233.187s][info][gc] GC(14190) Pause Young (Allocation Failure) 14M->10M(15M) 0.795ms
[233.197s][info][gc] GC(14191) Pause Young (Allocation Failure) 14M->10M(15M) 0.898ms
[233.205s][info][gc] GC(14192) Pause Young (Allocation Failure) 14M->10M(15M) 0.798ms
[233.213s][info][gc] GC(14193) Pause Young (Allocation Failure) 14M->10M(15M) 0.764ms
[233.223s][info][gc] GC(14194) Pause Young (Allocation Failure) 14M->10M(15M) 0.811ms
[233.231s][info][gc] GC(14195) Pause Young (Allocation Failure) 14M->10M(15M) 0.804ms
[233.240s][info][gc] GC(14196) Pause Young (Allocation Failure) 14M->10M(15M) 1.002ms
[233.249s][info][gc] GC(14197) Pause Young (Allocation Failure) 14M->10M(15M) 0.875ms
[233.257s][info][gc] GC(14198) Pause Young (Allocation Failure) 14M->10M(15M) 0.947ms
[233.265s][info][gc] GC(14199) Pause Young (Allocation Failure) 14M->10M(15M) 0.873ms
[233.274s][info][gc] GC(14200) Pause Young (Allocation Failure) 14M->10M(15M) 1.546ms
[233.281s][info][gc] GC(14201) Pause Young (Allocation Failure) 14M->10M(15M) 0.965ms
[233.290s][info][gc] GC(14202) Pause Young (Allocation Failure) 14M->10M(15M) 0.833ms
[233.299s][info][gc] GC(14203) Pause Young (Allocation Failure) 14M->9M(15M) 0.628ms
[233.307s][info][gc] GC(14204) Pause Young (Allocation Failure) 14M->9M(15M) 0.951ms
[233.316s][info][gc] GC(14205) Pause Young (Allocation Failure) 14M->9M(15M) 0.647ms
[233.324s][info][gc] GC(14206) Pause Young (Allocation Failure) 14M->9M(15M) 0.686ms
[233.333s][info][gc] GC(14207) Pause Young (Allocation Failure) 14M->9M(15M) 0.700ms
[233.341s][info][gc] GC(14208) Pause Young (Allocation Failure) 14M->9M(15M) 0.900ms
[233.349s][info][gc] GC(14209) Pause Young (Allocation Failure) 14M->9M(15M) 0.726ms
[233.358s][info][gc] GC(14210) Pause Young (Allocation Failure) 14M->10M(15M) 0.727ms
[233.366s][info][gc] GC(14211) Pause Young (Allocation Failure) 14M->10M(15M) 0.742ms
[233.374s][info][gc] GC(14212) Pause Young (Allocation Failure) 14M->10M(15M) 0.780ms
[233.383s][info][gc] GC(14213) Pause Young (Allocation Failure) 14M->10M(15M) 0.871ms
[233.391s][info][gc] GC(14214) Pause Young (Allocation Failure) 14M->10M(15M) 0.928ms
[233.396s][info][gc] GC(14215) Pause Young (Allocation Failure) 14M->10M(15M) 0.837ms
[233.402s][info][gc] GC(14216) Pause Young (Allocation Failure) 14M->10M(15M) 0.930ms
[233.408s][info][gc] GC(14217) Pause Young (Allocation Failure) 14M->10M(15M) 0.924ms
[233.414s][info][gc] GC(14218) Pause Young (Allocation Failure) 14M->10M(15M) 0.985ms
[233.420s][info][gc] GC(14219) Pause Young (Allocation Failure) 14M->10M(15M) 0.667ms
[233.428s][info][gc] GC(14220) Pause Young (Allocation Failure) 14M->10M(15M) 0.645ms
[233.435s][info][gc] GC(14221) Pause Young (Allocation Failure) 14M->10M(15M) 0.857ms
[233.440s][info][gc] GC(14222) Pause Young (Allocation Failure) 14M->10M(15M) 0.850ms
[233.445s][info][gc] GC(14223) Pause Young (Allocation Failure) 14M->10M(15M) 0.711ms
[233.453s][info][gc] GC(14224) Pause Young (Allocation Failure) 14M->10M(15M) 0.642ms
[233.459s][info][gc] GC(14225) Pause Young (Allocation Failure) 14M->10M(15M) 0.638ms
[233.465s][info][gc] GC(14226) Pause Young (Allocation Failure) 14M->9M(15M) 0.463ms
[233.470s][info][gc] GC(14227) Pause Young (Allocation Failure) 14M->9M(15M) 0.524ms
[233.476s][info][gc] GC(14228) Pause Young (Allocation Failure) 14M->9M(15M) 0.702ms
[233.481s][info][gc] GC(14229) Pause Young (Allocation Failure) 14M->9M(15M) 0.620ms
[233.488s][info][gc] GC(14230) Pause Young (Allocation Failure) 14M->10M(15M) 0.761ms
[233.496s][info][gc] GC(14231) Pause Young (Allocation Failure) 14M->10M(15M) 0.739ms
[233.501s][info][gc] GC(14232) Pause Young (Allocation Failure) 14M->10M(15M) 0.515ms
[233.509s][info][gc] GC(14233) Pause Young (Allocation Failure) 14M->10M(15M) 0.497ms
[233.514s][info][gc] GC(14234) Pause Young (Allocation Failure) 14M->10M(15M) 0.517ms
[233.519s][info][gc] GC(14235) Pause Young (Allocation Failure) 14M->10M(15M) 0.514ms
[233.525s][info][gc] GC(14236) Pause Young (Allocation Failure) 14M->10M(15M) 0.868ms
[233.532s][info][gc] GC(14237) Pause Young (Allocation Failure) 14M->10M(15M) 0.572ms
[233.538s][info][gc] GC(14238) Pause Young (Allocation Failure) 14M->10M(15M) 0.602ms
[233.544s][info][gc] GC(14239) Pause Young (Allocation Failure) 14M->10M(15M) 0.593ms
[233.549s][info][gc] GC(14240) Pause Young (Allocation Failure) 14M->10M(15M) 0.611ms
[233.554s][info][gc] GC(14241) Pause Young (Allocation Failure) 14M->10M(15M) 0.641ms
[233.560s][info][gc] GC(14242) Pause Young (Allocation Failure) 14M->10M(15M) 0.631ms
[233.566s][info][gc] GC(14243) Pause Young (Allocation Failure) 14M->10M(15M) 0.899ms
[233.572s][info][gc] GC(14244) Pause Young (Allocation Failure) 14M->10M(15M) 0.636ms
[233.577s][info][gc] GC(14245) Pause Young (Allocation Failure) 14M->10M(15M) 0.811ms
[233.582s][info][gc] GC(14246) Pause Young (Allocation Failure) 14M->10M(15M) 0.659ms
[233.587s][info][gc] GC(14247) Pause Young (Allocation Failure) 14M->9M(15M) 0.409ms
[233.593s][info][gc] GC(14248) Pause Young (Allocation Failure) 14M->9M(15M) 0.436ms
[233.599s][info][gc] GC(14249) Pause Young (Allocation Failure) 14M->10M(15M) 0.542ms
[233.604s][info][gc] GC(14250) Pause Young (Allocation Failure) 14M->10M(15M) 0.452ms
[233.610s][info][gc] GC(14251) Pause Young (Allocation Failure) 14M->10M(15M) 0.488ms
[233.616s][info][gc] GC(14252) Pause Young (Allocation Failure) 14M->10M(15M) 0.482ms
[233.621s][info][gc] GC(14253) Pause Young (Allocation Failure) 14M->10M(15M) 0.480ms
[233.627s][info][gc] GC(14254) Pause Young (Allocation Failure) 14M->10M(15M) 0.886ms
[233.633s][info][gc] GC(14255) Pause Young (Allocation Failure) 14M->10M(15M) 0.820ms
[233.642s][info][gc] GC(14256) Pause Young (Allocation Failure) 14M->10M(15M) 1.358ms
[233.650s][info][gc] GC(14257) Pause Young (Allocation Failure) 14M->10M(15M) 0.745ms
[233.655s][info][gc] GC(14258) Pause Young (Allocation Failure) 14M->10M(15M) 0.566ms
[233.662s][info][gc] GC(14259) Pause Young (Allocation Failure) 14M->10M(15M) 0.588ms
[233.667s][info][gc] GC(14260) Pause Young (Allocation Failure) 14M->10M(15M) 0.608ms
[233.675s][info][gc] GC(14261) Pause Young (Allocation Failure) 14M->10M(15M) 2.427ms
[233.682s][info][gc] GC(14262) Pause Young (Allocation Failure) 14M->10M(15M) 1.011ms
[233.691s][info][gc] GC(14263) Pause Young (Allocation Failure) 14M->10M(15M) 0.969ms
[233.699s][info][gc] GC(14264) Pause Young (Allocation Failure) 14M->10M(15M) 0.858ms
[233.707s][info][gc] GC(14265) Pause Young (Allocation Failure) 14M->10M(15M) 1.030ms
[233.716s][info][gc] GC(14266) Pause Young (Allocation Failure) 14M->10M(15M) 0.952ms
[233.724s][info][gc] GC(14267) Pause Young (Allocation Failure) 14M->10M(15M) 0.889ms
[233.733s][info][gc] GC(14268) Pause Young (Allocation Failure) 14M->10M(15M) 0.890ms
[233.741s][info][gc] GC(14269) Pause Young (Allocation Failure) 14M->10M(15M) 1.006ms
[233.749s][info][gc] GC(14270) Pause Young (Allocation Failure) 14M->10M(15M) 0.652ms
[233.757s][info][gc] GC(14271) Pause Young (Allocation Failure) 14M->10M(15M) 0.702ms
[233.765s][info][gc] GC(14272) Pause Young (Allocation Failure) 14M->10M(15M) 0.674ms
[233.773s][info][gc] GC(14273) Pause Young (Allocation Failure) 14M->10M(15M) 0.669ms
[233.781s][info][gc] GC(14274) Pause Young (Allocation Failure) 14M->10M(15M) 0.658ms
[233.789s][info][gc] GC(14275) Pause Young (Allocation Failure) 14M->10M(15M) 0.714ms
[233.797s][info][gc] GC(14276) Pause Young (Allocation Failure) 14M->10M(15M) 0.787ms
[233.805s][info][gc] GC(14277) Pause Young (Allocation Failure) 14M->10M(15M) 0.726ms
[233.813s][info][gc] GC(14278) Pause Young (Allocation Failure) 14M->10M(15M) 0.721ms
[233.821s][info][gc] GC(14279) Pause Young (Allocation Failure) 14M->10M(15M) 0.737ms
[233.830s][info][gc] GC(14280) Pause Young (Allocation Failure) 14M->10M(15M) 0.839ms
[233.835s][info][gc] GC(14281) Pause Young (Allocation Failure) 14M->10M(15M) 0.579ms
[233.843s][info][gc] GC(14282) Pause Young (Allocation Failure) 14M->10M(15M) 0.872ms
[233.850s][info][gc] GC(14283) Pause Young (Allocation Failure) 14M->10M(15M) 0.775ms
[233.858s][info][gc] GC(14284) Pause Young (Allocation Failure) 14M->10M(15M) 0.843ms
[233.866s][info][gc] GC(14285) Pause Young (Allocation Failure) 14M->10M(15M) 0.877ms
[233.874s][info][gc] GC(14286) Pause Young (Allocation Failure) 14M->10M(15M) 0.918ms
[233.883s][info][gc] GC(14287) Pause Young (Allocation Failure) 14M->10M(15M) 0.917ms
[233.892s][info][gc] GC(14288) Pause Young (Allocation Failure) 14M->10M(15M) 0.990ms
[233.900s][info][gc] GC(14289) Pause Young (Allocation Failure) 14M->10M(15M) 0.909ms
[233.910s][info][gc] GC(14290) Pause Young (Allocation Failure) 14M->10M(15M) 0.893ms
[233.919s][info][gc] GC(14291) Pause Young (Allocation Failure) 14M->10M(15M) 1.036ms
[233.928s][info][gc] GC(14292) Pause Young (Allocation Failure) 14M->10M(15M) 0.893ms
[233.937s][info][gc] GC(14293) Pause Young (Allocation Failure) 14M->10M(15M) 0.905ms
[233.945s][info][gc] GC(14294) Pause Young (Allocation Failure) 14M->10M(15M) 0.947ms
[233.953s][info][gc] GC(14295) Pause Young (Allocation Failure) 14M->10M(15M) 0.922ms
[233.961s][info][gc] GC(14296) Pause Young (Allocation Failure) 14M->10M(15M) 0.651ms
[233.970s][info][gc] GC(14297) Pause Young (Allocation Failure) 14M->10M(15M) 0.643ms
[233.978s][info][gc] GC(14298) Pause Young (Allocation Failure) 14M->10M(15M) 0.717ms
[233.986s][info][gc] GC(14299) Pause Young (Allocation Failure) 14M->10M(15M) 0.640ms
[233.993s][info][gc] GC(14300) Pause Young (Allocation Failure) 14M->10M(15M) 0.619ms
[234.000s][info][gc] GC(14301) Pause Young (Allocation Failure) 14M->10M(15M) 0.680ms
[234.006s][info][gc] GC(14302) Pause Young (Allocation Failure) 14M->10M(15M) 0.511ms
[234.013s][info][gc] GC(14303) Pause Young (Allocation Failure) 14M->10M(15M) 0.714ms
[234.021s][info][gc] GC(14304) Pause Young (Allocation Failure) 14M->10M(15M) 0.796ms
[234.029s][info][gc] GC(14305) Pause Young (Allocation Failure) 14M->10M(15M) 0.994ms
[234.038s][info][gc] GC(14306) Pause Young (Allocation Failure) 14M->10M(15M) 0.550ms
[234.048s][info][gc] GC(14307) Pause Young (Allocation Failure) 14M->10M(15M) 0.737ms
[234.056s][info][gc] GC(14308) Pause Young (Allocation Failure) 14M->10M(15M) 1.515ms
[234.064s][info][gc] GC(14309) Pause Young (Allocation Failure) 14M->10M(15M) 0.846ms
[234.074s][info][gc] GC(14310) Pause Young (Allocation Failure) 14M->10M(15M) 0.645ms
[234.081s][info][gc] GC(14311) Pause Young (Allocation Failure) 14M->10M(15M) 1.004ms
[234.093s][info][gc] GC(14312) Pause Young (Allocation Failure) 14M->10M(15M) 2.274ms
[234.105s][info][gc] GC(14313) Pause Young (Allocation Failure) 14M->10M(15M) 0.935ms
[234.114s][info][gc] GC(14314) Pause Young (Allocation Failure) 14M->10M(15M) 0.901ms
[234.121s][info][gc] GC(14315) Pause Young (Allocation Failure) 14M->10M(15M) 0.841ms
[234.128s][info][gc] GC(14316) Pause Young (Allocation Failure) 14M->10M(15M) 0.607ms
[234.136s][info][gc] GC(14317) Pause Young (Allocation Failure) 14M->10M(15M) 0.841ms
[234.143s][info][gc] GC(14318) Pause Young (Allocation Failure) 14M->10M(15M) 0.624ms
[234.149s][info][gc] GC(14319) Pause Young (Allocation Failure) 14M->10M(15M) 0.735ms
[234.157s][info][gc] GC(14320) Pause Young (Allocation Failure) 14M->10M(15M) 0.639ms
[234.164s][info][gc] GC(14321) Pause Young (Allocation Failure) 14M->10M(15M) 0.455ms
[234.170s][info][gc] GC(14322) Pause Young (Allocation Failure) 14M->10M(15M) 0.733ms
[234.176s][info][gc] GC(14323) Pause Young (Allocation Failure) 14M->10M(15M) 0.588ms
[234.181s][info][gc] GC(14324) Pause Young (Allocation Failure) 14M->10M(15M) 0.469ms
[234.189s][info][gc] GC(14325) Pause Young (Allocation Failure) 14M->10M(15M) 0.516ms
[234.194s][info][gc] GC(14326) Pause Young (Allocation Failure) 14M->10M(15M) 0.473ms
[234.202s][info][gc] GC(14327) Pause Young (Allocation Failure) 14M->10M(15M) 0.783ms
[234.210s][info][gc] GC(14328) Pause Young (Allocation Failure) 14M->10M(15M) 0.733ms
[234.217s][info][gc] GC(14329) Pause Young (Allocation Failure) 14M->10M(15M) 0.538ms
[234.223s][info][gc] GC(14330) Pause Young (Allocation Failure) 14M->10M(15M) 0.780ms
[234.231s][info][gc] GC(14331) Pause Young (Allocation Failure) 14M->10M(15M) 0.821ms
[234.239s][info][gc] GC(14332) Pause Young (Allocation Failure) 14M->10M(15M) 0.828ms
[234.247s][info][gc] GC(14333) Pause Young (Allocation Failure) 14M->10M(15M) 0.728ms
[234.254s][info][gc] GC(14334) Pause Young (Allocation Failure) 14M->10M(15M) 0.812ms
[234.261s][info][gc] GC(14335) Pause Young (Allocation Failure) 14M->10M(15M) 0.697ms
[234.268s][info][gc] GC(14336) Pause Young (Allocation Failure) 14M->10M(15M) 0.904ms
[234.275s][info][gc] GC(14337) Pause Young (Allocation Failure) 14M->10M(15M) 0.815ms
[234.283s][info][gc] GC(14338) Pause Young (Allocation Failure) 14M->10M(15M) 0.848ms
[234.291s][info][gc] GC(14339) Pause Young (Allocation Failure) 14M->10M(15M) 1.581ms
[234.298s][info][gc] GC(14340) Pause Young (Allocation Failure) 14M->10M(15M) 0.582ms
[234.304s][info][gc] GC(14341) Pause Young (Allocation Failure) 14M->10M(15M) 0.643ms
[234.311s][info][gc] GC(14342) Pause Young (Allocation Failure) 14M->10M(15M) 0.458ms
[234.318s][info][gc] GC(14343) Pause Young (Allocation Failure) 14M->10M(15M) 0.476ms
[234.325s][info][gc] GC(14344) Pause Young (Allocation Failure) 14M->10M(15M) 0.643ms
[234.331s][info][gc] GC(14345) Pause Young (Allocation Failure) 14M->10M(15M) 0.694ms
[234.339s][info][gc] GC(14346) Pause Young (Allocation Failure) 14M->10M(15M) 0.725ms
[234.346s][info][gc] GC(14347) Pause Young (Allocation Failure) 14M->10M(15M) 0.759ms
[234.354s][info][gc] GC(14348) Pause Young (Allocation Failure) 14M->10M(15M) 0.746ms
[234.361s][info][gc] GC(14349) Pause Young (Allocation Failure) 14M->10M(15M) 0.547ms
[234.367s][info][gc] GC(14350) Pause Young (Allocation Failure) 14M->10M(15M) 0.790ms
[234.374s][info][gc] GC(14351) Pause Young (Allocation Failure) 14M->10M(15M) 0.628ms
[234.380s][info][gc] GC(14352) Pause Young (Allocation Failure) 14M->10M(15M) 0.602ms
[234.388s][info][gc] GC(14353) Pause Young (Allocation Failure) 14M->10M(15M) 0.920ms
[234.395s][info][gc] GC(14354) Pause Young (Allocation Failure) 14M->10M(15M) 0.635ms
[234.402s][info][gc] GC(14355) Pause Young (Allocation Failure) 14M->10M(15M) 0.621ms
[234.408s][info][gc] GC(14356) Pause Young (Allocation Failure) 14M->10M(15M) 0.626ms
[234.415s][info][gc] GC(14357) Pause Young (Allocation Failure) 14M->10M(15M) 0.621ms
[234.421s][info][gc] GC(14358) Pause Young (Allocation Failure) 14M->10M(15M) 0.629ms
[234.429s][info][gc] GC(14359) Pause Young (Allocation Failure) 14M->10M(15M) 0.630ms
[234.438s][info][gc] GC(14360) Pause Young (Allocation Failure) 14M->10M(15M) 0.730ms
[234.445s][info][gc] GC(14361) Pause Young (Allocation Failure) 14M->10M(15M) 0.621ms
[234.452s][info][gc] GC(14362) Pause Young (Allocation Failure) 14M->10M(15M) 0.721ms
[234.461s][info][gc] GC(14363) Pause Young (Allocation Failure) 14M->10M(15M) 0.737ms
[234.468s][info][gc] GC(14364) Pause Young (Allocation Failure) 14M->10M(15M) 0.731ms
[234.475s][info][gc] GC(14365) Pause Young (Allocation Failure) 14M->10M(15M) 0.773ms
[234.482s][info][gc] GC(14366) Pause Young (Allocation Failure) 14M->10M(15M) 0.766ms
[234.490s][info][gc] GC(14367) Pause Young (Allocation Failure) 14M->10M(15M) 0.730ms
[234.497s][info][gc] GC(14368) Pause Young (Allocation Failure) 14M->10M(15M) 0.778ms
[234.505s][info][gc] GC(14369) Pause Young (Allocation Failure) 14M->10M(15M) 0.960ms
[234.514s][info][gc] GC(14370) Pause Young (Allocation Failure) 14M->10M(15M) 0.900ms
[234.522s][info][gc] GC(14371) Pause Young (Allocation Failure) 14M->10M(15M) 0.878ms
[234.530s][info][gc] GC(14372) Pause Young (Allocation Failure) 14M->10M(15M) 0.865ms
[234.539s][info][gc] GC(14373) Pause Young (Allocation Failure) 14M->10M(15M) 1.107ms
[234.546s][info][gc] GC(14374) Pause Young (Allocation Failure) 14M->10M(15M) 0.898ms
[234.554s][info][gc] GC(14375) Pause Young (Allocation Failure) 14M->10M(15M) 0.883ms
[234.560s][info][gc] GC(14376) Pause Young (Allocation Failure) 14M->10M(15M) 0.721ms
[234.566s][info][gc] GC(14377) Pause Young (Allocation Failure) 14M->10M(15M) 0.674ms
[234.574s][info][gc] GC(14378) Pause Young (Allocation Failure) 14M->10M(15M) 0.696ms
[234.581s][info][gc] GC(14379) Pause Young (Allocation Failure) 14M->10M(15M) 0.480ms
[234.587s][info][gc] GC(14380) Pause Young (Allocation Failure) 14M->10M(15M) 0.467ms
[234.593s][info][gc] GC(14381) Pause Young (Allocation Failure) 14M->10M(15M) 0.714ms
[234.600s][info][gc] GC(14382) Pause Young (Allocation Failure) 14M->10M(15M) 0.765ms
[234.607s][info][gc] GC(14383) Pause Young (Allocation Failure) 14M->10M(15M) 0.510ms
[234.613s][info][gc] GC(14384) Pause Young (Allocation Failure) 14M->10M(15M) 0.528ms
[234.620s][info][gc] GC(14385) Pause Young (Allocation Failure) 14M->10M(15M) 0.800ms
[234.627s][info][gc] GC(14386) Pause Young (Allocation Failure) 14M->10M(15M) 0.558ms
[234.633s][info][gc] GC(14387) Pause Young (Allocation Failure) 14M->10M(15M) 0.788ms
[234.641s][info][gc] GC(14388) Pause Young (Allocation Failure) 14M->10M(15M) 0.625ms
[234.647s][info][gc] GC(14389) Pause Young (Allocation Failure) 14M->10M(15M) 0.681ms
[234.653s][info][gc] GC(14390) Pause Young (Allocation Failure) 14M->10M(15M) 0.643ms
[234.660s][info][gc] GC(14391) Pause Young (Allocation Failure) 14M->10M(15M) 0.977ms
[234.667s][info][gc] GC(14392) Pause Young (Allocation Failure) 14M->10M(15M) 0.645ms
[234.672s][info][gc] GC(14393) Pause Young (Allocation Failure) 14M->10M(15M) 0.934ms
[234.681s][info][gc] GC(14394) Pause Young (Allocation Failure) 14M->10M(15M) 0.888ms
[234.691s][info][gc] GC(14395) Pause Young (Allocation Failure) 14M->10M(15M) 0.918ms
[234.706s][info][gc] GC(14396) Pause Young (Allocation Failure) 14M->10M(15M) 0.956ms
[234.717s][info][gc] GC(14397) Pause Young (Allocation Failure) 14M->10M(15M) 0.952ms
[234.724s][info][gc] GC(14398) Pause Young (Allocation Failure) 14M->10M(15M) 0.642ms
[234.732s][info][gc] GC(14399) Pause Young (Allocation Failure) 14M->10M(15M) 0.646ms
[234.739s][info][gc] GC(14400) Pause Young (Allocation Failure) 14M->10M(15M) 0.667ms
[234.747s][info][gc] GC(14401) Pause Young (Allocation Failure) 14M->10M(15M) 0.705ms
[234.755s][info][gc] GC(14402) Pause Young (Allocation Failure) 14M->10M(15M) 0.798ms
[234.763s][info][gc] GC(14403) Pause Young (Allocation Failure) 14M->10M(15M) 0.718ms
[234.770s][info][gc] GC(14404) Pause Young (Allocation Failure) 14M->10M(15M) 0.725ms
[234.777s][info][gc] GC(14405) Pause Young (Allocation Failure) 14M->10M(15M) 0.743ms
[234.785s][info][gc] GC(14406) Pause Young (Allocation Failure) 14M->10M(15M) 0.755ms
[234.793s][info][gc] GC(14407) Pause Young (Allocation Failure) 14M->10M(15M) 0.903ms
[234.800s][info][gc] GC(14408) Pause Young (Allocation Failure) 14M->10M(15M) 0.684ms
[234.807s][info][gc] GC(14409) Pause Young (Allocation Failure) 14M->10M(15M) 0.857ms
[234.815s][info][gc] GC(14410) Pause Young (Allocation Failure) 14M->10M(15M) 0.897ms
[234.823s][info][gc] GC(14411) Pause Young (Allocation Failure) 14M->10M(15M) 0.602ms
[234.829s][info][gc] GC(14412) Pause Young (Allocation Failure) 14M->10M(15M) 0.629ms
[234.835s][info][gc] GC(14413) Pause Young (Allocation Failure) 14M->10M(15M) 0.786ms
[234.842s][info][gc] GC(14414) Pause Young (Allocation Failure) 14M->10M(15M) 0.993ms
[234.850s][info][gc] GC(14415) Pause Young (Allocation Failure) 14M->10M(15M) 0.783ms
[234.857s][info][gc] GC(14416) Pause Young (Allocation Failure) 14M->10M(15M) 0.628ms
[234.862s][info][gc] GC(14417) Pause Young (Allocation Failure) 14M->10M(15M) 0.636ms
[234.872s][info][gc] GC(14418) Pause Young (Allocation Failure) 14M->10M(15M) 0.932ms
[234.882s][info][gc] GC(14419) Pause Young (Allocation Failure) 14M->10M(15M) 0.646ms
[234.893s][info][gc] GC(14420) Pause Young (Allocation Failure) 14M->10M(15M) 0.790ms
[234.906s][info][gc] GC(14421) Pause Young (Allocation Failure) 14M->10M(15M) 0.600ms
[234.919s][info][gc] GC(14422) Pause Young (Allocation Failure) 14M->10M(15M) 0.991ms
[234.928s][info][gc] GC(14423) Pause Young (Allocation Failure) 14M->10M(15M) 0.647ms
[234.934s][info][gc] GC(14424) Pause Young (Allocation Failure) 14M->10M(15M) 0.445ms
[234.941s][info][gc] GC(14425) Pause Young (Allocation Failure) 14M->10M(15M) 0.686ms
[234.952s][info][gc] GC(14426) Pause Young (Allocation Failure) 14M->10M(15M) 0.656ms
[234.962s][info][gc] GC(14427) Pause Young (Allocation Failure) 14M->10M(15M) 0.491ms
[234.968s][info][gc] GC(14428) Pause Young (Allocation Failure) 14M->10M(15M) 0.544ms
[234.974s][info][gc] GC(14429) Pause Young (Allocation Failure) 14M->10M(15M) 0.545ms
[234.982s][info][gc] GC(14430) Pause Young (Allocation Failure) 14M->10M(15M) 0.847ms
[234.988s][info][gc] GC(14431) Pause Young (Allocation Failure) 14M->10M(15M) 0.787ms
[234.996s][info][gc] GC(14432) Pause Young (Allocation Failure) 14M->10M(15M) 0.581ms
[235.002s][info][gc] GC(14433) Pause Young (Allocation Failure) 14M->10M(15M) 0.760ms
[235.008s][info][gc] GC(14434) Pause Young (Allocation Failure) 14M->10M(15M) 0.767ms
[235.015s][info][gc] GC(14435) Pause Young (Allocation Failure) 14M->10M(15M) 0.822ms
[235.023s][info][gc] GC(14436) Pause Young (Allocation Failure) 14M->10M(15M) 0.614ms
[235.030s][info][gc] GC(14437) Pause Young (Allocation Failure) 14M->10M(15M) 0.863ms
[235.036s][info][gc] GC(14438) Pause Young (Allocation Failure) 14M->10M(15M) 0.857ms
[235.042s][info][gc] GC(14439) Pause Young (Allocation Failure) 14M->10M(15M) 0.798ms
[235.049s][info][gc] GC(14440) Pause Young (Allocation Failure) 14M->10M(15M) 0.870ms
[235.056s][info][gc] GC(14441) Pause Young (Allocation Failure) 14M->10M(15M) 0.648ms
[235.064s][info][gc] GC(14442) Pause Young (Allocation Failure) 14M->10M(15M) 0.747ms
[235.075s][info][gc] GC(14443) Pause Young (Allocation Failure) 14M->10M(15M) 0.925ms
[235.083s][info][gc] GC(14444) Pause Young (Allocation Failure) 14M->10M(15M) 0.909ms
[235.104s][info][gc] GC(14445) Pause Young (Allocation Failure) 14M->10M(15M) 0.654ms
[235.116s][info][gc] GC(14446) Pause Young (Allocation Failure) 14M->10M(15M) 0.672ms
[235.129s][info][gc] GC(14447) Pause Young (Allocation Failure) 14M->10M(15M) 0.730ms
[235.143s][info][gc] GC(14448) Pause Young (Allocation Failure) 14M->10M(15M) 0.679ms
[235.151s][info][gc] GC(14449) Pause Young (Allocation Failure) 14M->10M(15M) 0.797ms
[235.159s][info][gc] GC(14450) Pause Young (Allocation Failure) 14M->10M(15M) 0.943ms
[235.166s][info][gc] GC(14451) Pause Young (Allocation Failure) 14M->10M(15M) 0.765ms
[235.177s][info][gc] GC(14452) Pause Young (Allocation Failure) 14M->10M(15M) 0.903ms
[235.187s][info][gc] GC(14453) Pause Young (Allocation Failure) 14M->10M(15M) 0.879ms
[235.195s][info][gc] GC(14454) Pause Young (Allocation Failure) 14M->10M(15M) 0.601ms
[235.205s][info][gc] GC(14455) Pause Young (Allocation Failure) 14M->10M(15M) 0.807ms
[235.214s][info][gc] GC(14456) Pause Young (Allocation Failure) 14M->10M(15M) 0.873ms
[235.222s][info][gc] GC(14457) Pause Young (Allocation Failure) 14M->10M(15M) 0.928ms
[235.231s][info][gc] GC(14458) Pause Young (Allocation Failure) 14M->10M(15M) 0.921ms
[235.239s][info][gc] GC(14459) Pause Young (Allocation Failure) 14M->10M(15M) 0.911ms
[235.247s][info][gc] GC(14460) Pause Young (Allocation Failure) 14M->10M(15M) 0.683ms
[235.253s][info][gc] GC(14461) Pause Young (Allocation Failure) 14M->10M(15M) 0.648ms
[235.260s][info][gc] GC(14462) Pause Young (Allocation Failure) 14M->10M(15M) 0.907ms
[235.269s][info][gc] GC(14463) Pause Young (Allocation Failure) 14M->10M(15M) 0.890ms
[235.277s][info][gc] GC(14464) Pause Young (Allocation Failure) 14M->10M(15M) 0.777ms
[235.285s][info][gc] GC(14465) Pause Young (Allocation Failure) 14M->10M(15M) 0.622ms
[235.292s][info][gc] GC(14466) Pause Young (Allocation Failure) 14M->10M(15M) 0.696ms
[235.299s][info][gc] GC(14467) Pause Young (Allocation Failure) 14M->10M(15M) 0.868ms
[235.307s][info][gc] GC(14468) Pause Young (Allocation Failure) 14M->10M(15M) 0.672ms
[235.316s][info][gc] GC(14469) Pause Young (Allocation Failure) 14M->10M(15M) 0.959ms
[235.324s][info][gc] GC(14470) Pause Young (Allocation Failure) 14M->10M(15M) 0.837ms
[235.342s][info][gc] GC(14471) Pause Young (Allocation Failure) 14M->10M(15M) 0.744ms
[235.352s][info][gc] GC(14472) Pause Young (Allocation Failure) 14M->10M(15M) 0.785ms
[235.360s][info][gc] GC(14473) Pause Young (Allocation Failure) 14M->10M(15M) 0.825ms
[235.368s][info][gc] GC(14474) Pause Young (Allocation Failure) 14M->10M(15M) 0.860ms
[235.377s][info][gc] GC(14475) Pause Young (Allocation Failure) 14M->10M(15M) 0.840ms
[235.385s][info][gc] GC(14476) Pause Young (Allocation Failure) 14M->10M(15M) 0.892ms
[235.393s][info][gc] GC(14477) Pause Young (Allocation Failure) 14M->10M(15M) 0.960ms
[235.401s][info][gc] GC(14478) Pause Young (Allocation Failure) 14M->10M(15M) 0.639ms
[235.407s][info][gc] GC(14479) Pause Young (Allocation Failure) 14M->10M(15M) 0.941ms
[235.415s][info][gc] GC(14480) Pause Young (Allocation Failure) 14M->10M(15M) 0.772ms
[235.422s][info][gc] GC(14481) Pause Young (Allocation Failure) 14M->10M(15M) 0.638ms
[235.428s][info][gc] GC(14482) Pause Young (Allocation Failure) 14M->10M(15M) 0.635ms
[235.433s][info][gc] GC(14483) Pause Young (Allocation Failure) 14M->10M(15M) 0.618ms
[235.440s][info][gc] GC(14484) Pause Young (Allocation Failure) 14M->10M(15M) 0.629ms
[235.445s][info][gc] GC(14485) Pause Young (Allocation Failure) 14M->10M(15M) 0.420ms
[235.450s][info][gc] GC(14486) Pause Young (Allocation Failure) 14M->10M(15M) 0.510ms
[235.456s][info][gc] GC(14487) Pause Young (Allocation Failure) 14M->10M(15M) 0.623ms
[235.464s][info][gc] GC(14488) Pause Young (Allocation Failure) 14M->10M(15M) 0.645ms
[235.472s][info][gc] GC(14489) Pause Young (Allocation Failure) 14M->10M(15M) 0.692ms
[235.481s][info][gc] GC(14490) Pause Young (Allocation Failure) 14M->10M(15M) 0.686ms
[235.490s][info][gc] GC(14491) Pause Young (Allocation Failure) 14M->10M(15M) 0.644ms
[235.499s][info][gc] GC(14492) Pause Young (Allocation Failure) 14M->10M(15M) 0.502ms
[235.505s][info][gc] GC(14493) Pause Young (Allocation Failure) 14M->10M(15M) 0.761ms
[235.510s][info][gc] GC(14494) Pause Young (Allocation Failure) 14M->10M(15M) 0.590ms
[235.516s][info][gc] GC(14495) Pause Young (Allocation Failure) 14M->10M(15M) 0.553ms
[235.525s][info][gc] GC(14496) Pause Young (Allocation Failure) 14M->10M(15M) 0.846ms
[235.535s][info][gc] GC(14497) Pause Young (Allocation Failure) 14M->10M(15M) 0.860ms
[235.543s][info][gc] GC(14498) Pause Young (Allocation Failure) 14M->10M(15M) 0.601ms
[235.548s][info][gc] GC(14499) Pause Young (Allocation Failure) 14M->10M(15M) 0.990ms
[235.556s][info][gc] GC(14500) Pause Young (Allocation Failure) 14M->10M(15M) 0.905ms
[235.562s][info][gc] GC(14501) Pause Young (Allocation Failure) 14M->10M(15M) 0.968ms
[235.568s][info][gc] GC(14502) Pause Young (Allocation Failure) 14M->10M(15M) 0.591ms
[235.573s][info][gc] GC(14503) Pause Young (Allocation Failure) 14M->10M(15M) 0.576ms
[235.578s][info][gc] GC(14504) Pause Young (Allocation Failure) 14M->10M(15M) 1.024ms
[235.584s][info][gc] GC(14505) Pause Young (Allocation Failure) 14M->10M(15M) 0.624ms
[235.589s][info][gc] GC(14506) Pause Young (Allocation Failure) 14M->10M(15M) 0.530ms
[235.595s][info][gc] GC(14507) Pause Young (Allocation Failure) 14M->10M(15M) 0.413ms
[235.600s][info][gc] GC(14508) Pause Young (Allocation Failure) 14M->10M(15M) 0.432ms
[235.605s][info][gc] GC(14509) Pause Young (Allocation Failure) 14M->10M(15M) 0.448ms
[235.610s][info][gc] GC(14510) Pause Young (Allocation Failure) 14M->10M(15M) 0.511ms
[235.615s][info][gc] GC(14511) Pause Young (Allocation Failure) 14M->10M(15M) 0.521ms
[235.620s][info][gc] GC(14512) Pause Young (Allocation Failure) 14M->10M(15M) 0.537ms
[235.625s][info][gc] GC(14513) Pause Young (Allocation Failure) 14M->10M(15M) 0.512ms
[235.631s][info][gc] GC(14514) Pause Young (Allocation Failure) 14M->10M(15M) 0.508ms
[235.637s][info][gc] GC(14515) Pause Young (Allocation Failure) 14M->10M(15M) 0.501ms
[235.642s][info][gc] GC(14516) Pause Young (Allocation Failure) 14M->10M(15M) 0.554ms
[235.647s][info][gc] GC(14517) Pause Young (Allocation Failure) 14M->10M(15M) 0.773ms
[235.653s][info][gc] GC(14518) Pause Young (Allocation Failure) 14M->10M(15M) 0.591ms
[235.658s][info][gc] GC(14519) Pause Young (Allocation Failure) 14M->10M(15M) 0.569ms
[235.664s][info][gc] GC(14520) Pause Young (Allocation Failure) 14M->10M(15M) 0.628ms
[235.669s][info][gc] GC(14521) Pause Young (Allocation Failure) 14M->10M(15M) 0.559ms
[235.675s][info][gc] GC(14522) Pause Young (Allocation Failure) 14M->10M(15M) 0.613ms
[235.681s][info][gc] GC(14523) Pause Young (Allocation Failure) 14M->10M(15M) 0.864ms
[235.689s][info][gc] GC(14524) Pause Young (Allocation Failure) 14M->10M(15M) 0.607ms
[235.695s][info][gc] GC(14525) Pause Young (Allocation Failure) 14M->10M(15M) 0.444ms
[235.700s][info][gc] GC(14526) Pause Young (Allocation Failure) 14M->10M(15M) 0.437ms
[235.705s][info][gc] GC(14527) Pause Young (Allocation Failure) 14M->10M(15M) 0.414ms
[235.711s][info][gc] GC(14528) Pause Young (Allocation Failure) 14M->10M(15M) 0.545ms
[235.716s][info][gc] GC(14529) Pause Young (Allocation Failure) 14M->10M(15M) 0.610ms
[235.722s][info][gc] GC(14530) Pause Young (Allocation Failure) 14M->10M(15M) 0.472ms
[235.727s][info][gc] GC(14531) Pause Young (Allocation Failure) 14M->10M(15M) 0.457ms
[235.732s][info][gc] GC(14532) Pause Young (Allocation Failure) 14M->10M(15M) 0.511ms
[235.738s][info][gc] GC(14533) Pause Young (Allocation Failure) 14M->10M(15M) 0.528ms
[235.743s][info][gc] GC(14534) Pause Young (Allocation Failure) 14M->10M(15M) 0.524ms
[235.748s][info][gc] GC(14535) Pause Young (Allocation Failure) 14M->10M(15M) 0.574ms
[235.755s][info][gc] GC(14536) Pause Young (Allocation Failure) 14M->10M(15M) 0.656ms
[235.760s][info][gc] GC(14537) Pause Young (Allocation Failure) 14M->10M(15M) 0.566ms
[235.766s][info][gc] GC(14538) Pause Young (Allocation Failure) 14M->10M(15M) 0.534ms
[235.772s][info][gc] GC(14539) Pause Young (Allocation Failure) 14M->10M(15M) 0.655ms
[235.779s][info][gc] GC(14540) Pause Young (Allocation Failure) 14M->10M(15M) 0.957ms
[235.785s][info][gc] GC(14541) Pause Young (Allocation Failure) 14M->10M(15M) 0.661ms
[235.790s][info][gc] GC(14542) Pause Young (Allocation Failure) 14M->10M(15M) 0.731ms
[235.796s][info][gc] GC(14543) Pause Young (Allocation Failure) 14M->10M(15M) 0.654ms
[235.801s][info][gc] GC(14544) Pause Young (Allocation Failure) 14M->10M(15M) 0.607ms
[235.806s][info][gc] GC(14545) Pause Young (Allocation Failure) 14M->10M(15M) 0.645ms
[235.812s][info][gc] GC(14546) Pause Young (Allocation Failure) 14M->10M(15M) 0.388ms
[235.817s][info][gc] GC(14547) Pause Young (Allocation Failure) 14M->10M(15M) 0.405ms
[235.822s][info][gc] GC(14548) Pause Young (Allocation Failure) 14M->10M(15M) 0.405ms
[235.827s][info][gc] GC(14549) Pause Young (Allocation Failure) 14M->10M(15M) 0.454ms
[235.832s][info][gc] GC(14550) Pause Young (Allocation Failure) 14M->10M(15M) 0.483ms
[235.838s][info][gc] GC(14551) Pause Young (Allocation Failure) 14M->10M(15M) 0.458ms
[235.843s][info][gc] GC(14552) Pause Young (Allocation Failure) 14M->10M(15M) 0.467ms
[235.848s][info][gc] GC(14553) Pause Young (Allocation Failure) 14M->10M(15M) 0.522ms
[235.854s][info][gc] GC(14554) Pause Young (Allocation Failure) 14M->10M(15M) 0.484ms
[235.859s][info][gc] GC(14555) Pause Young (Allocation Failure) 14M->10M(15M) 0.701ms
[235.864s][info][gc] GC(14556) Pause Young (Allocation Failure) 14M->10M(15M) 0.528ms
[235.869s][info][gc] GC(14557) Pause Young (Allocation Failure) 14M->10M(15M) 0.563ms
[235.875s][info][gc] GC(14558) Pause Young (Allocation Failure) 14M->10M(15M) 0.575ms
[235.881s][info][gc] GC(14559) Pause Young (Allocation Failure) 14M->10M(15M) 0.632ms
[235.886s][info][gc] GC(14560) Pause Young (Allocation Failure) 14M->10M(15M) 0.650ms
[235.892s][info][gc] GC(14561) Pause Young (Allocation Failure) 14M->10M(15M) 0.811ms
[235.899s][info][gc] GC(14562) Pause Young (Allocation Failure) 14M->10M(15M) 0.623ms
[235.904s][info][gc] GC(14563) Pause Young (Allocation Failure) 14M->10M(15M) 0.707ms
[235.910s][info][gc] GC(14564) Pause Young (Allocation Failure) 14M->10M(15M) 0.775ms
[235.916s][info][gc] GC(14565) Pause Young (Allocation Failure) 14M->10M(15M) 0.735ms
[235.922s][info][gc] GC(14566) Pause Young (Allocation Failure) 14M->10M(15M) 0.646ms
[235.927s][info][gc] GC(14567) Pause Young (Allocation Failure) 14M->10M(15M) 0.602ms
[235.933s][info][gc] GC(14568) Pause Young (Allocation Failure) 14M->10M(15M) 0.587ms
[235.939s][info][gc] GC(14569) Pause Young (Allocation Failure) 14M->10M(15M) 0.929ms
[235.946s][info][gc] GC(14570) Pause Young (Allocation Failure) 14M->10M(15M) 0.697ms
[235.952s][info][gc] GC(14571) Pause Young (Allocation Failure) 14M->10M(15M) 0.436ms
[235.957s][info][gc] GC(14572) Pause Young (Allocation Failure) 14M->10M(15M) 0.458ms
[235.963s][info][gc] GC(14573) Pause Young (Allocation Failure) 14M->10M(15M) 0.441ms
[235.969s][info][gc] GC(14574) Pause Young (Allocation Failure) 14M->10M(15M) 0.455ms
[235.974s][info][gc] GC(14575) Pause Young (Allocation Failure) 14M->10M(15M) 0.447ms
[235.979s][info][gc] GC(14576) Pause Young (Allocation Failure) 14M->10M(15M) 0.526ms
[235.984s][info][gc] GC(14577) Pause Young (Allocation Failure) 14M->10M(15M) 0.509ms
[235.989s][info][gc] GC(14578) Pause Young (Allocation Failure) 14M->10M(15M) 0.517ms
[235.995s][info][gc] GC(14579) Pause Young (Allocation Failure) 14M->10M(15M) 0.479ms
[236.000s][info][gc] GC(14580) Pause Young (Allocation Failure) 14M->10M(15M) 0.520ms
[236.005s][info][gc] GC(14581) Pause Young (Allocation Failure) 14M->10M(15M) 0.517ms
[236.011s][info][gc] GC(14582) Pause Young (Allocation Failure) 14M->10M(15M) 0.497ms
[236.016s][info][gc] GC(14583) Pause Young (Allocation Failure) 14M->10M(15M) 0.500ms
[236.021s][info][gc] GC(14584) Pause Young (Allocation Failure) 14M->10M(15M) 0.514ms
[236.027s][info][gc] GC(14585) Pause Young (Allocation Failure) 14M->10M(15M) 0.500ms
[236.032s][info][gc] GC(14586) Pause Young (Allocation Failure) 14M->10M(15M) 0.497ms
[236.037s][info][gc] GC(14587) Pause Young (Allocation Failure) 14M->10M(15M) 0.512ms
[236.043s][info][gc] GC(14588) Pause Young (Allocation Failure) 14M->10M(15M) 0.925ms
[236.049s][info][gc] GC(14589) Pause Young (Allocation Failure) 14M->10M(15M) 0.611ms
[236.054s][info][gc] GC(14590) Pause Young (Allocation Failure) 14M->10M(15M) 0.602ms
[236.060s][info][gc] GC(14591) Pause Young (Allocation Failure) 14M->10M(15M) 0.813ms
[236.069s][info][gc] GC(14592) Pause Young (Allocation Failure) 14M->10M(15M) 1.026ms
[236.077s][info][gc] GC(14593) Pause Young (Allocation Failure) 14M->10M(15M) 0.620ms
[236.083s][info][gc] GC(14594) Pause Young (Allocation Failure) 14M->10M(15M) 0.445ms
[236.088s][info][gc] GC(14595) Pause Young (Allocation Failure) 14M->10M(15M) 0.435ms
[236.094s][info][gc] GC(14596) Pause Young (Allocation Failure) 14M->10M(15M) 0.435ms
[236.099s][info][gc] GC(14597) Pause Young (Allocation Failure) 14M->10M(15M) 0.506ms
[236.105s][info][gc] GC(14598) Pause Young (Allocation Failure) 14M->10M(15M) 0.712ms
[236.111s][info][gc] GC(14599) Pause Young (Allocation Failure) 14M->10M(15M) 0.508ms
[236.117s][info][gc] GC(14600) Pause Young (Allocation Failure) 14M->10M(15M) 0.515ms
[236.126s][info][gc] GC(14601) Pause Young (Allocation Failure) 14M->10M(15M) 0.739ms
[236.131s][info][gc] GC(14602) Pause Young (Allocation Failure) 14M->10M(15M) 0.506ms
[236.137s][info][gc] GC(14603) Pause Young (Allocation Failure) 14M->10M(15M) 0.564ms
[236.144s][info][gc] GC(14604) Pause Young (Allocation Failure) 14M->10M(15M) 0.580ms
[236.149s][info][gc] GC(14605) Pause Young (Allocation Failure) 14M->10M(15M) 0.750ms
[236.156s][info][gc] GC(14606) Pause Young (Allocation Failure) 14M->10M(15M) 0.593ms
[236.162s][info][gc] GC(14607) Pause Young (Allocation Failure) 14M->10M(15M) 0.574ms
[236.168s][info][gc] GC(14608) Pause Young (Allocation Failure) 14M->10M(15M) 1.084ms
[236.176s][info][gc] GC(14609) Pause Young (Allocation Failure) 14M->10M(15M) 0.967ms
[236.183s][info][gc] GC(14610) Pause Young (Allocation Failure) 14M->10M(15M) 0.633ms
[236.190s][info][gc] GC(14611) Pause Young (Allocation Failure) 14M->10M(15M) 0.622ms
[236.197s][info][gc] GC(14612) Pause Young (Allocation Failure) 14M->10M(15M) 1.062ms
[236.204s][info][gc] GC(14613) Pause Young (Allocation Failure) 14M->10M(15M) 0.807ms
[236.209s][info][gc] GC(14614) Pause Young (Allocation Failure) 14M->10M(15M) 0.681ms
[236.215s][info][gc] GC(14615) Pause Young (Allocation Failure) 14M->10M(15M) 0.646ms
[236.222s][info][gc] GC(14616) Pause Young (Allocation Failure) 14M->10M(15M) 0.410ms
[236.229s][info][gc] GC(14617) Pause Young (Allocation Failure) 14M->10M(15M) 0.435ms
[236.236s][info][gc] GC(14618) Pause Young (Allocation Failure) 14M->10M(15M) 0.466ms
[236.242s][info][gc] GC(14619) Pause Young (Allocation Failure) 14M->10M(15M) 0.670ms
[236.249s][info][gc] GC(14620) Pause Young (Allocation Failure) 14M->10M(15M) 0.524ms
[236.254s][info][gc] GC(14621) Pause Young (Allocation Failure) 14M->10M(15M) 0.461ms
[236.262s][info][gc] GC(14622) Pause Young (Allocation Failure) 14M->10M(15M) 0.682ms
[236.269s][info][gc] GC(14623) Pause Young (Allocation Failure) 14M->10M(15M) 0.519ms
[236.275s][info][gc] GC(14624) Pause Young (Allocation Failure) 14M->10M(15M) 0.676ms
[236.280s][info][gc] GC(14625) Pause Young (Allocation Failure) 14M->10M(15M) 0.629ms
[236.286s][info][gc] GC(14626) Pause Young (Allocation Failure) 14M->10M(15M) 0.554ms
[236.291s][info][gc] GC(14627) Pause Young (Allocation Failure) 14M->10M(15M) 0.696ms
[236.297s][info][gc] GC(14628) Pause Young (Allocation Failure) 14M->10M(15M) 0.586ms
[236.302s][info][gc] GC(14629) Pause Young (Allocation Failure) 14M->10M(15M) 0.693ms
[236.308s][info][gc] GC(14630) Pause Young (Allocation Failure) 14M->10M(15M) 0.676ms
[236.313s][info][gc] GC(14631) Pause Young (Allocation Failure) 14M->10M(15M) 0.591ms
[236.319s][info][gc] GC(14632) Pause Young (Allocation Failure) 14M->10M(15M) 0.635ms
[236.326s][info][gc] GC(14633) Pause Young (Allocation Failure) 14M->10M(15M) 0.615ms
[236.335s][info][gc] GC(14634) Pause Young (Allocation Failure) 14M->10M(15M) 0.705ms
[236.341s][info][gc] GC(14635) Pause Young (Allocation Failure) 14M->10M(15M) 0.610ms
[236.346s][info][gc] GC(14636) Pause Young (Allocation Failure) 14M->10M(15M) 0.455ms
[236.351s][info][gc] GC(14637) Pause Young (Allocation Failure) 14M->10M(15M) 0.425ms
[236.356s][info][gc] GC(14638) Pause Young (Allocation Failure) 14M->10M(15M) 0.410ms
[236.362s][info][gc] GC(14639) Pause Young (Allocation Failure) 14M->10M(15M) 0.451ms
[236.367s][info][gc] GC(14640) Pause Young (Allocation Failure) 14M->10M(15M) 0.518ms
[236.372s][info][gc] GC(14641) Pause Young (Allocation Failure) 14M->10M(15M) 0.526ms
[236.378s][info][gc] GC(14642) Pause Young (Allocation Failure) 14M->10M(15M) 0.527ms
[236.383s][info][gc] GC(14643) Pause Young (Allocation Failure) 14M->10M(15M) 0.481ms
[236.389s][info][gc] GC(14644) Pause Young (Allocation Failure) 14M->10M(15M) 0.547ms
[236.394s][info][gc] GC(14645) Pause Young (Allocation Failure) 14M->10M(15M) 0.588ms
[236.399s][info][gc] GC(14646) Pause Young (Allocation Failure) 14M->10M(15M) 0.590ms
[236.405s][info][gc] GC(14647) Pause Young (Allocation Failure) 14M->10M(15M) 0.601ms
[236.410s][info][gc] GC(14648) Pause Young (Allocation Failure) 14M->10M(15M) 0.765ms
[236.414s][info][gc] GC(14649) Pause Young (Allocation Failure) 14M->10M(15M) 0.620ms
[236.420s][info][gc] GC(14650) Pause Young (Allocation Failure) 14M->10M(15M) 0.637ms
[236.425s][info][gc] GC(14651) Pause Young (Allocation Failure) 14M->10M(15M) 0.570ms
[236.430s][info][gc] GC(14652) Pause Young (Allocation Failure) 14M->10M(15M) 0.568ms
[236.435s][info][gc] GC(14653) Pause Young (Allocation Failure) 14M->10M(15M) 0.567ms
[236.442s][info][gc] GC(14654) Pause Young (Allocation Failure) 14M->10M(15M) 1.210ms
[236.447s][info][gc] GC(14655) Pause Young (Allocation Failure) 14M->10M(15M) 0.651ms
[236.452s][info][gc] GC(14656) Pause Young (Allocation Failure) 14M->10M(15M) 0.436ms
[236.458s][info][gc] GC(14657) Pause Young (Allocation Failure) 14M->10M(15M) 0.516ms
[236.463s][info][gc] GC(14658) Pause Young (Allocation Failure) 14M->10M(15M) 0.485ms
[236.468s][info][gc] GC(14659) Pause Young (Allocation Failure) 14M->10M(15M) 0.480ms
[236.474s][info][gc] GC(14660) Pause Young (Allocation Failure) 14M->10M(15M) 0.468ms
[236.479s][info][gc] GC(14661) Pause Young (Allocation Failure) 14M->10M(15M) 0.690ms
[236.484s][info][gc] GC(14662) Pause Young (Allocation Failure) 14M->10M(15M) 0.624ms
[236.490s][info][gc] GC(14663) Pause Young (Allocation Failure) 14M->10M(15M) 0.463ms
[236.495s][info][gc] GC(14664) Pause Young (Allocation Failure) 14M->10M(15M) 0.468ms
[236.500s][info][gc] GC(14665) Pause Young (Allocation Failure) 14M->10M(15M) 0.453ms
[236.506s][info][gc] GC(14666) Pause Young (Allocation Failure) 14M->10M(15M) 0.560ms
[236.511s][info][gc] GC(14667) Pause Young (Allocation Failure) 14M->10M(15M) 0.556ms
[236.517s][info][gc] GC(14668) Pause Young (Allocation Failure) 14M->10M(15M) 0.694ms
[236.523s][info][gc] GC(14669) Pause Young (Allocation Failure) 14M->10M(15M) 0.608ms
[236.529s][info][gc] GC(14670) Pause Young (Allocation Failure) 14M->10M(15M) 0.736ms
[236.534s][info][gc] GC(14671) Pause Young (Allocation Failure) 14M->10M(15M) 0.631ms
[236.541s][info][gc] GC(14672) Pause Young (Allocation Failure) 14M->10M(15M) 0.918ms
[236.548s][info][gc] GC(14673) Pause Young (Allocation Failure) 14M->10M(15M) 0.543ms
[236.553s][info][gc] GC(14674) Pause Young (Allocation Failure) 14M->10M(15M) 0.650ms
[236.558s][info][gc] GC(14675) Pause Young (Allocation Failure) 14M->10M(15M) 0.646ms
[236.565s][info][gc] GC(14676) Pause Young (Allocation Failure) 14M->10M(15M) 0.479ms
[236.569s][info][gc] GC(14677) Pause Young (Allocation Failure) 14M->10M(15M) 0.476ms
[236.574s][info][gc] GC(14678) Pause Young (Allocation Failure) 14M->10M(15M) 0.479ms
[236.579s][info][gc] GC(14679) Pause Young (Allocation Failure) 14M->10M(15M) 0.517ms
[236.584s][info][gc] GC(14680) Pause Young (Allocation Failure) 14M->10M(15M) 0.501ms
[236.589s][info][gc] GC(14681) Pause Young (Allocation Failure) 14M->10M(15M) 0.513ms
[236.595s][info][gc] GC(14682) Pause Young (Allocation Failure) 14M->10M(15M) 0.522ms
[236.600s][info][gc] GC(14683) Pause Young (Allocation Failure) 14M->10M(15M) 0.562ms
[236.605s][info][gc] GC(14684) Pause Young (Allocation Failure) 14M->10M(15M) 0.480ms
[236.610s][info][gc] GC(14685) Pause Young (Allocation Failure) 14M->10M(15M) 0.496ms
[236.615s][info][gc] GC(14686) Pause Young (Allocation Failure) 14M->10M(15M) 0.546ms
[236.620s][info][gc] GC(14687) Pause Young (Allocation Failure) 14M->10M(15M) 0.580ms
[236.626s][info][gc] GC(14688) Pause Young (Allocation Failure) 14M->10M(15M) 0.545ms
[236.632s][info][gc] GC(14689) Pause Young (Allocation Failure) 14M->10M(15M) 0.521ms
[236.637s][info][gc] GC(14690) Pause Young (Allocation Failure) 14M->10M(15M) 0.528ms
[236.642s][info][gc] GC(14691) Pause Young (Allocation Failure) 14M->10M(15M) 0.635ms
[236.647s][info][gc] GC(14692) Pause Young (Allocation Failure) 14M->10M(15M) 0.604ms
[236.652s][info][gc] GC(14693) Pause Young (Allocation Failure) 14M->10M(15M) 0.615ms
[236.657s][info][gc] GC(14694) Pause Young (Allocation Failure) 14M->10M(15M) 0.381ms
[236.662s][info][gc] GC(14695) Pause Young (Allocation Failure) 14M->10M(15M) 0.435ms
[236.667s][info][gc] GC(14696) Pause Young (Allocation Failure) 14M->10M(15M) 0.447ms
[236.673s][info][gc] GC(14697) Pause Young (Allocation Failure) 14M->10M(15M) 0.436ms
[236.678s][info][gc] GC(14698) Pause Young (Allocation Failure) 14M->10M(15M) 0.443ms
[236.685s][info][gc] GC(14699) Pause Young (Allocation Failure) 14M->10M(15M) 0.609ms
[236.690s][info][gc] GC(14700) Pause Young (Allocation Failure) 14M->10M(15M) 0.644ms
[236.695s][info][gc] GC(14701) Pause Young (Allocation Failure) 14M->10M(15M) 0.482ms
[236.700s][info][gc] GC(14702) Pause Young (Allocation Failure) 14M->10M(15M) 0.529ms
[236.705s][info][gc] GC(14703) Pause Young (Allocation Failure) 14M->10M(15M) 0.506ms
[236.710s][info][gc] GC(14704) Pause Young (Allocation Failure) 14M->10M(15M) 0.556ms
[236.715s][info][gc] GC(14705) Pause Young (Allocation Failure) 14M->10M(15M) 0.550ms
[236.720s][info][gc] GC(14706) Pause Young (Allocation Failure) 14M->10M(15M) 0.605ms
[236.725s][info][gc] GC(14707) Pause Young (Allocation Failure) 14M->10M(15M) 0.525ms
[236.730s][info][gc] GC(14708) Pause Young (Allocation Failure) 14M->10M(15M) 0.528ms
[236.735s][info][gc] GC(14709) Pause Young (Allocation Failure) 14M->10M(15M) 0.517ms
[236.742s][info][gc] GC(14710) Pause Young (Allocation Failure) 14M->10M(15M) 0.873ms
[236.747s][info][gc] GC(14711) Pause Young (Allocation Failure) 14M->10M(15M) 0.606ms
[236.752s][info][gc] GC(14712) Pause Young (Allocation Failure) 14M->10M(15M) 0.576ms
[236.757s][info][gc] GC(14713) Pause Young (Allocation Failure) 14M->10M(15M) 0.567ms
[236.763s][info][gc] GC(14714) Pause Young (Allocation Failure) 14M->10M(15M) 0.643ms
[236.769s][info][gc] GC(14715) Pause Young (Allocation Failure) 14M->10M(15M) 0.674ms
[236.775s][info][gc] GC(14716) Pause Young (Allocation Failure) 14M->10M(15M) 0.579ms
[236.780s][info][gc] GC(14717) Pause Young (Allocation Failure) 14M->10M(15M) 0.409ms
[236.784s][info][gc] GC(14718) Pause Young (Allocation Failure) 14M->10M(15M) 0.390ms
[236.790s][info][gc] GC(14719) Pause Young (Allocation Failure) 14M->10M(15M) 0.432ms
[236.795s][info][gc] GC(14720) Pause Young (Allocation Failure) 14M->10M(15M) 0.443ms
[236.800s][info][gc] GC(14721) Pause Young (Allocation Failure) 14M->10M(15M) 0.443ms
[236.805s][info][gc] GC(14722) Pause Young (Allocation Failure) 14M->10M(15M) 0.460ms
[236.811s][info][gc] GC(14723) Pause Young (Allocation Failure) 14M->10M(15M) 0.448ms
[236.815s][info][gc] GC(14724) Pause Young (Allocation Failure) 14M->10M(15M) 0.479ms
[236.821s][info][gc] GC(14725) Pause Young (Allocation Failure) 14M->10M(15M) 0.559ms
[236.826s][info][gc] GC(14726) Pause Young (Allocation Failure) 14M->10M(15M) 0.538ms
[236.831s][info][gc] GC(14727) Pause Young (Allocation Failure) 14M->10M(15M) 0.568ms
[236.837s][info][gc] GC(14728) Pause Young (Allocation Failure) 14M->10M(15M) 0.587ms
[236.841s][info][gc] GC(14729) Pause Young (Allocation Failure) 14M->10M(15M) 0.608ms
[236.847s][info][gc] GC(14730) Pause Young (Allocation Failure) 14M->10M(15M) 0.546ms
[236.852s][info][gc] GC(14731) Pause Young (Allocation Failure) 14M->10M(15M) 0.628ms
[236.858s][info][gc] GC(14732) Pause Young (Allocation Failure) 14M->10M(15M) 0.701ms
[236.863s][info][gc] GC(14733) Pause Young (Allocation Failure) 14M->10M(15M) 0.618ms
[236.869s][info][gc] GC(14734) Pause Young (Allocation Failure) 14M->10M(15M) 0.715ms
[236.874s][info][gc] GC(14735) Pause Young (Allocation Failure) 14M->10M(15M) 0.574ms
[236.882s][info][gc] GC(14736) Pause Young (Allocation Failure) 14M->10M(15M) 0.829ms
[236.889s][info][gc] GC(14737) Pause Young (Allocation Failure) 14M->10M(15M) 0.658ms
[236.894s][info][gc] GC(14738) Pause Young (Allocation Failure) 14M->10M(15M) 0.648ms
[236.900s][info][gc] GC(14739) Pause Young (Allocation Failure) 14M->10M(15M) 0.586ms
[236.906s][info][gc] GC(14740) Pause Young (Allocation Failure) 14M->10M(15M) 0.444ms
[236.911s][info][gc] GC(14741) Pause Young (Allocation Failure) 14M->10M(15M) 0.390ms
[236.918s][info][gc] GC(14742) Pause Young (Allocation Failure) 14M->10M(15M) 0.589ms
[236.923s][info][gc] GC(14743) Pause Young (Allocation Failure) 14M->10M(15M) 0.455ms
[236.928s][info][gc] GC(14744) Pause Young (Allocation Failure) 14M->10M(15M) 0.462ms
[236.934s][info][gc] GC(14745) Pause Young (Allocation Failure) 14M->10M(15M) 0.504ms
[236.940s][info][gc] GC(14746) Pause Young (Allocation Failure) 14M->10M(15M) 0.825ms
[236.945s][info][gc] GC(14747) Pause Young (Allocation Failure) 14M->10M(15M) 0.467ms
[236.951s][info][gc] GC(14748) Pause Young (Allocation Failure) 14M->10M(15M) 0.477ms
[236.956s][info][gc] GC(14749) Pause Young (Allocation Failure) 14M->10M(15M) 0.463ms
[236.961s][info][gc] GC(14750) Pause Young (Allocation Failure) 14M->10M(15M) 0.475ms
[236.967s][info][gc] GC(14751) Pause Young (Allocation Failure) 14M->10M(15M) 0.577ms
[236.972s][info][gc] GC(14752) Pause Young (Allocation Failure) 14M->10M(15M) 0.592ms
[236.977s][info][gc] GC(14753) Pause Young (Allocation Failure) 14M->10M(15M) 0.686ms
[236.983s][info][gc] GC(14754) Pause Young (Allocation Failure) 14M->10M(15M) 0.619ms
[236.988s][info][gc] GC(14755) Pause Young (Allocation Failure) 14M->10M(15M) 0.674ms
[236.994s][info][gc] GC(14756) Pause Young (Allocation Failure) 14M->10M(15M) 0.687ms
[236.999s][info][gc] GC(14757) Pause Young (Allocation Failure) 14M->10M(15M) 0.532ms
[237.003s][info][gc] GC(14758) Pause Young (Allocation Failure) 14M->10M(15M) 0.596ms
[237.008s][info][gc] GC(14759) Pause Young (Allocation Failure) 14M->10M(15M) 0.623ms
[237.014s][info][gc] GC(14760) Pause Young (Allocation Failure) 14M->10M(15M) 0.411ms
[237.019s][info][gc] GC(14761) Pause Young (Allocation Failure) 14M->10M(15M) 0.384ms
[237.024s][info][gc] GC(14762) Pause Young (Allocation Failure) 14M->10M(15M) 0.426ms
[237.029s][info][gc] GC(14763) Pause Young (Allocation Failure) 14M->10M(15M) 0.471ms
[237.034s][info][gc] GC(14764) Pause Young (Allocation Failure) 14M->10M(15M) 0.463ms
[237.039s][info][gc] GC(14765) Pause Young (Allocation Failure) 14M->10M(15M) 0.522ms
[237.045s][info][gc] GC(14766) Pause Young (Allocation Failure) 14M->10M(15M) 0.533ms
[237.049s][info][gc] GC(14767) Pause Young (Allocation Failure) 14M->10M(15M) 0.484ms
[237.054s][info][gc] GC(14768) Pause Young (Allocation Failure) 14M->10M(15M) 0.551ms
[237.059s][info][gc] GC(14769) Pause Young (Allocation Failure) 14M->10M(15M) 0.505ms
[237.064s][info][gc] GC(14770) Pause Young (Allocation Failure) 14M->10M(15M) 0.546ms
[237.070s][info][gc] GC(14771) Pause Young (Allocation Failure) 14M->10M(15M) 0.587ms
[237.078s][info][gc] GC(14772) Pause Young (Allocation Failure) 14M->10M(15M) 0.658ms
[237.083s][info][gc] GC(14773) Pause Young (Allocation Failure) 14M->10M(15M) 0.518ms
[237.088s][info][gc] GC(14774) Pause Young (Allocation Failure) 14M->10M(15M) 0.599ms
[237.095s][info][gc] GC(14775) Pause Young (Allocation Failure) 14M->10M(15M) 0.714ms
[237.100s][info][gc] GC(14776) Pause Young (Allocation Failure) 14M->10M(15M) 0.782ms
[237.105s][info][gc] GC(14777) Pause Young (Allocation Failure) 14M->10M(15M) 0.642ms
[237.111s][info][gc] GC(14778) Pause Young (Allocation Failure) 14M->10M(15M) 0.578ms
[237.116s][info][gc] GC(14779) Pause Young (Allocation Failure) 14M->10M(15M) 0.593ms
[237.121s][info][gc] GC(14780) Pause Young (Allocation Failure) 14M->10M(15M) 0.685ms
[237.128s][info][gc] GC(14781) Pause Young (Allocation Failure) 14M->10M(15M) 0.428ms
[237.133s][info][gc] GC(14782) Pause Young (Allocation Failure) 14M->10M(15M) 0.490ms
[237.139s][info][gc] GC(14783) Pause Young (Allocation Failure) 14M->10M(15M) 0.458ms
[237.147s][info][gc] GC(14784) Pause Young (Allocation Failure) 14M->10M(15M) 0.737ms
[237.152s][info][gc] GC(14785) Pause Young (Allocation Failure) 14M->10M(15M) 0.428ms
[237.158s][info][gc] GC(14786) Pause Young (Allocation Failure) 14M->10M(15M) 0.572ms
[237.164s][info][gc] GC(14787) Pause Young (Allocation Failure) 14M->10M(15M) 0.745ms
[237.171s][info][gc] GC(14788) Pause Young (Allocation Failure) 14M->10M(15M) 0.506ms
[237.176s][info][gc] GC(14789) Pause Young (Allocation Failure) 14M->10M(15M) 0.472ms
[237.181s][info][gc] GC(14790) Pause Young (Allocation Failure) 14M->10M(15M) 0.530ms
[237.187s][info][gc] GC(14791) Pause Young (Allocation Failure) 14M->10M(15M) 0.521ms
[237.193s][info][gc] GC(14792) Pause Young (Allocation Failure) 14M->10M(15M) 1.052ms
[237.201s][info][gc] GC(14793) Pause Young (Allocation Failure) 14M->10M(15M) 0.877ms
[237.207s][info][gc] GC(14794) Pause Young (Allocation Failure) 14M->10M(15M) 0.631ms
[237.212s][info][gc] GC(14795) Pause Young (Allocation Failure) 14M->10M(15M) 0.633ms
[237.218s][info][gc] GC(14796) Pause Young (Allocation Failure) 14M->10M(15M) 0.638ms
[237.224s][info][gc] GC(14797) Pause Young (Allocation Failure) 14M->10M(15M) 0.653ms
[237.229s][info][gc] GC(14798) Pause Young (Allocation Failure) 14M->10M(15M) 0.874ms
[237.235s][info][gc] GC(14799) Pause Young (Allocation Failure) 14M->10M(15M) 0.611ms
[237.241s][info][gc] GC(14800) Pause Young (Allocation Failure) 14M->10M(15M) 0.624ms
[237.247s][info][gc] GC(14801) Pause Young (Allocation Failure) 14M->10M(15M) 0.698ms
[237.254s][info][gc] GC(14802) Pause Young (Allocation Failure) 14M->10M(15M) 0.620ms
[237.260s][info][gc] GC(14803) Pause Young (Allocation Failure) 14M->10M(15M) 0.439ms
[237.264s][info][gc] GC(14804) Pause Young (Allocation Failure) 14M->10M(15M) 0.425ms
[237.270s][info][gc] GC(14805) Pause Young (Allocation Failure) 14M->10M(15M) 0.449ms
[237.274s][info][gc] GC(14806) Pause Young (Allocation Failure) 14M->10M(15M) 0.426ms
[237.280s][info][gc] GC(14807) Pause Young (Allocation Failure) 14M->10M(15M) 0.424ms
[237.286s][info][gc] GC(14808) Pause Young (Allocation Failure) 14M->10M(15M) 0.459ms
[237.290s][info][gc] GC(14809) Pause Young (Allocation Failure) 14M->10M(15M) 0.482ms
[237.295s][info][gc] GC(14810) Pause Young (Allocation Failure) 14M->10M(15M) 0.425ms
[237.301s][info][gc] GC(14811) Pause Young (Allocation Failure) 14M->10M(15M) 0.539ms
[237.305s][info][gc] GC(14812) Pause Young (Allocation Failure) 14M->10M(15M) 0.530ms
[237.311s][info][gc] GC(14813) Pause Young (Allocation Failure) 14M->10M(15M) 0.532ms
[237.316s][info][gc] GC(14814) Pause Young (Allocation Failure) 14M->10M(15M) 0.774ms
[237.321s][info][gc] GC(14815) Pause Young (Allocation Failure) 14M->10M(15M) 0.512ms
[237.327s][info][gc] GC(14816) Pause Young (Allocation Failure) 14M->10M(15M) 0.684ms
[237.332s][info][gc] GC(14817) Pause Young (Allocation Failure) 14M->10M(15M) 0.627ms
[237.337s][info][gc] GC(14818) Pause Young (Allocation Failure) 14M->10M(15M) 0.638ms
[237.342s][info][gc] GC(14819) Pause Young (Allocation Failure) 14M->10M(15M) 0.634ms
[237.347s][info][gc] GC(14820) Pause Young (Allocation Failure) 14M->10M(15M) 0.647ms
[237.355s][info][gc] GC(14821) Pause Young (Allocation Failure) 14M->10M(15M) 0.680ms
[237.360s][info][gc] GC(14822) Pause Young (Allocation Failure) 14M->10M(15M) 0.559ms
[237.367s][info][gc] GC(14823) Pause Young (Allocation Failure) 14M->10M(15M) 0.678ms
[237.372s][info][gc] GC(14824) Pause Young (Allocation Failure) 14M->10M(15M) 0.711ms
[237.378s][info][gc] GC(14825) Pause Young (Allocation Failure) 14M->10M(15M) 0.803ms
[237.383s][info][gc] GC(14826) Pause Young (Allocation Failure) 14M->10M(15M) 0.451ms
[237.388s][info][gc] GC(14827) Pause Young (Allocation Failure) 14M->10M(15M) 0.632ms
[237.393s][info][gc] GC(14828) Pause Young (Allocation Failure) 14M->10M(15M) 0.417ms
[237.398s][info][gc] GC(14829) Pause Young (Allocation Failure) 14M->10M(15M) 0.404ms
[237.404s][info][gc] GC(14830) Pause Young (Allocation Failure) 14M->10M(15M) 0.484ms
[237.409s][info][gc] GC(14831) Pause Young (Allocation Failure) 14M->10M(15M) 0.528ms
[237.414s][info][gc] GC(14832) Pause Young (Allocation Failure) 14M->10M(15M) 0.708ms
[237.420s][info][gc] GC(14833) Pause Young (Allocation Failure) 14M->10M(15M) 0.602ms
[237.425s][info][gc] GC(14834) Pause Young (Allocation Failure) 14M->10M(15M) 0.490ms
[237.430s][info][gc] GC(14835) Pause Young (Allocation Failure) 14M->10M(15M) 0.507ms
[237.435s][info][gc] GC(14836) Pause Young (Allocation Failure) 14M->10M(15M) 0.523ms
[237.440s][info][gc] GC(14837) Pause Young (Allocation Failure) 14M->10M(15M) 0.599ms
[237.445s][info][gc] GC(14838) Pause Young (Allocation Failure) 14M->10M(15M) 0.644ms
[237.450s][info][gc] GC(14839) Pause Young (Allocation Failure) 14M->10M(15M) 0.583ms
[237.455s][info][gc] GC(14840) Pause Young (Allocation Failure) 14M->10M(15M) 0.601ms
[237.461s][info][gc] GC(14841) Pause Young (Allocation Failure) 14M->10M(15M) 0.615ms
[237.465s][info][gc] GC(14842) Pause Young (Allocation Failure) 14M->10M(15M) 0.653ms
[237.471s][info][gc] GC(14843) Pause Young (Allocation Failure) 14M->10M(15M) 0.576ms
[237.476s][info][gc] GC(14844) Pause Young (Allocation Failure) 14M->10M(15M) 0.545ms
[237.481s][info][gc] GC(14845) Pause Young (Allocation Failure) 14M->10M(15M) 0.556ms
[237.486s][info][gc] GC(14846) Pause Young (Allocation Failure) 14M->10M(15M) 0.540ms
[237.491s][info][gc] GC(14847) Pause Young (Allocation Failure) 14M->10M(15M) 0.456ms
[237.496s][info][gc] GC(14848) Pause Young (Allocation Failure) 14M->10M(15M) 0.466ms
[237.501s][info][gc] GC(14849) Pause Young (Allocation Failure) 14M->10M(15M) 0.448ms
[237.506s][info][gc] GC(14850) Pause Young (Allocation Failure) 14M->10M(15M) 0.511ms
[237.511s][info][gc] GC(14851) Pause Young (Allocation Failure) 14M->10M(15M) 0.526ms
[237.516s][info][gc] GC(14852) Pause Young (Allocation Failure) 14M->10M(15M) 0.487ms
[237.521s][info][gc] GC(14853) Pause Young (Allocation Failure) 14M->10M(15M) 0.448ms
[237.526s][info][gc] GC(14854) Pause Young (Allocation Failure) 14M->10M(15M) 0.457ms
[237.533s][info][gc] GC(14855) Pause Young (Allocation Failure) 14M->10M(15M) 0.537ms
[237.538s][info][gc] GC(14856) Pause Young (Allocation Failure) 14M->10M(15M) 0.545ms
[237.543s][info][gc] GC(14857) Pause Young (Allocation Failure) 14M->10M(15M) 0.630ms
[237.548s][info][gc] GC(14858) Pause Young (Allocation Failure) 14M->10M(15M) 0.623ms
[237.554s][info][gc] GC(14859) Pause Young (Allocation Failure) 14M->10M(15M) 0.646ms
[237.559s][info][gc] GC(14860) Pause Young (Allocation Failure) 14M->10M(15M) 0.605ms
[237.564s][info][gc] GC(14861) Pause Young (Allocation Failure) 14M->10M(15M) 0.614ms
[237.569s][info][gc] GC(14862) Pause Young (Allocation Failure) 14M->10M(15M) 0.595ms
[237.574s][info][gc] GC(14863) Pause Young (Allocation Failure) 14M->10M(15M) 0.683ms
[237.580s][info][gc] GC(14864) Pause Young (Allocation Failure) 14M->10M(15M) 0.643ms
[237.585s][info][gc] GC(14865) Pause Young (Allocation Failure) 14M->10M(15M) 0.624ms
[237.590s][info][gc] GC(14866) Pause Young (Allocation Failure) 14M->10M(15M) 0.630ms
[237.594s][info][gc] GC(14867) Pause Young (Allocation Failure) 14M->10M(15M) 0.638ms
[237.599s][info][gc] GC(14868) Pause Young (Allocation Failure) 14M->10M(15M) 0.416ms
[237.604s][info][gc] GC(14869) Pause Young (Allocation Failure) 14M->10M(15M) 0.409ms
[237.610s][info][gc] GC(14870) Pause Young (Allocation Failure) 14M->10M(15M) 0.499ms
[237.615s][info][gc] GC(14871) Pause Young (Allocation Failure) 14M->10M(15M) 0.475ms
[237.620s][info][gc] GC(14872) Pause Young (Allocation Failure) 14M->10M(15M) 0.764ms
[237.625s][info][gc] GC(14873) Pause Young (Allocation Failure) 14M->10M(15M) 0.408ms
[237.630s][info][gc] GC(14874) Pause Young (Allocation Failure) 14M->10M(15M) 0.454ms
[237.635s][info][gc] GC(14875) Pause Young (Allocation Failure) 14M->10M(15M) 0.490ms
[237.640s][info][gc] GC(14876) Pause Young (Allocation Failure) 14M->10M(15M) 0.457ms
[237.645s][info][gc] GC(14877) Pause Young (Allocation Failure) 14M->10M(15M) 0.497ms
[237.651s][info][gc] GC(14878) Pause Young (Allocation Failure) 14M->10M(15M) 0.527ms
[237.656s][info][gc] GC(14879) Pause Young (Allocation Failure) 14M->10M(15M) 0.505ms
[237.661s][info][gc] GC(14880) Pause Young (Allocation Failure) 14M->10M(15M) 0.548ms
[237.666s][info][gc] GC(14881) Pause Young (Allocation Failure) 14M->10M(15M) 0.524ms
[237.671s][info][gc] GC(14882) Pause Young (Allocation Failure) 14M->10M(15M) 0.526ms
[237.676s][info][gc] GC(14883) Pause Young (Allocation Failure) 14M->10M(15M) 0.544ms
[237.683s][info][gc] GC(14884) Pause Young (Allocation Failure) 14M->10M(15M) 0.862ms
[237.690s][info][gc] GC(14885) Pause Young (Allocation Failure) 14M->10M(15M) 0.669ms
[237.695s][info][gc] GC(14886) Pause Young (Allocation Failure) 14M->10M(15M) 0.583ms
[237.700s][info][gc] GC(14887) Pause Young (Allocation Failure) 14M->10M(15M) 0.589ms
[237.705s][info][gc] GC(14888) Pause Young (Allocation Failure) 14M->10M(15M) 0.599ms
[237.711s][info][gc] GC(14889) Pause Young (Allocation Failure) 14M->10M(15M) 0.703ms
[237.717s][info][gc] GC(14890) Pause Young (Allocation Failure) 14M->10M(15M) 0.407ms
[237.722s][info][gc] GC(14891) Pause Young (Allocation Failure) 14M->10M(15M) 0.615ms
[237.727s][info][gc] GC(14892) Pause Young (Allocation Failure) 14M->10M(15M) 0.459ms
[237.732s][info][gc] GC(14893) Pause Young (Allocation Failure) 14M->10M(15M) 0.479ms
[237.738s][info][gc] GC(14894) Pause Young (Allocation Failure) 14M->10M(15M) 0.480ms
[237.743s][info][gc] GC(14895) Pause Young (Allocation Failure) 14M->10M(15M) 0.739ms
[237.748s][info][gc] GC(14896) Pause Young (Allocation Failure) 14M->10M(15M) 0.497ms
[237.754s][info][gc] GC(14897) Pause Young (Allocation Failure) 14M->10M(15M) 0.511ms
[237.759s][info][gc] GC(14898) Pause Young (Allocation Failure) 14M->10M(15M) 0.599ms
[237.763s][info][gc] GC(14899) Pause Young (Allocation Failure) 14M->10M(15M) 0.519ms
[237.768s][info][gc] GC(14900) Pause Young (Allocation Failure) 14M->10M(15M) 0.527ms
[237.773s][info][gc] GC(14901) Pause Young (Allocation Failure) 14M->10M(15M) 0.519ms
[237.779s][info][gc] GC(14902) Pause Young (Allocation Failure) 14M->10M(15M) 0.601ms
[237.784s][info][gc] GC(14903) Pause Young (Allocation Failure) 14M->10M(15M) 0.593ms
[237.790s][info][gc] GC(14904) Pause Young (Allocation Failure) 14M->10M(15M) 0.890ms
[237.796s][info][gc] GC(14905) Pause Young (Allocation Failure) 14M->10M(15M) 0.569ms
[237.801s][info][gc] GC(14906) Pause Young (Allocation Failure) 14M->10M(15M) 0.551ms
[237.806s][info][gc] GC(14907) Pause Young (Allocation Failure) 14M->10M(15M) 0.711ms
[237.811s][info][gc] GC(14908) Pause Young (Allocation Failure) 14M->10M(15M) 0.406ms
[237.816s][info][gc] GC(14909) Pause Young (Allocation Failure) 14M->10M(15M) 0.634ms
[237.821s][info][gc] GC(14910) Pause Young (Allocation Failure) 14M->10M(15M) 0.432ms
[237.827s][info][gc] GC(14911) Pause Young (Allocation Failure) 14M->10M(15M) 0.399ms
[237.832s][info][gc] GC(14912) Pause Young (Allocation Failure) 14M->10M(15M) 0.391ms
[237.837s][info][gc] GC(14913) Pause Young (Allocation Failure) 14M->10M(15M) 0.430ms
[237.842s][info][gc] GC(14914) Pause Young (Allocation Failure) 14M->10M(15M) 0.453ms
[237.847s][info][gc] GC(14915) Pause Young (Allocation Failure) 14M->10M(15M) 0.430ms
[237.852s][info][gc] GC(14916) Pause Young (Allocation Failure) 14M->10M(15M) 0.443ms
[237.858s][info][gc] GC(14917) Pause Young (Allocation Failure) 14M->10M(15M) 0.558ms
[237.863s][info][gc] GC(14918) Pause Young (Allocation Failure) 14M->10M(15M) 0.529ms
[237.868s][info][gc] GC(14919) Pause Young (Allocation Failure) 14M->10M(15M) 0.566ms
[237.873s][info][gc] GC(14920) Pause Young (Allocation Failure) 14M->10M(15M) 0.714ms
[237.879s][info][gc] GC(14921) Pause Young (Allocation Failure) 14M->10M(15M) 0.558ms
[237.885s][info][gc] GC(14922) Pause Young (Allocation Failure) 14M->10M(15M) 0.640ms
[237.892s][info][gc] GC(14923) Pause Young (Allocation Failure) 14M->10M(15M) 0.594ms
[237.897s][info][gc] GC(14924) Pause Young (Allocation Failure) 14M->10M(15M) 0.616ms
[237.904s][info][gc] GC(14925) Pause Young (Allocation Failure) 14M->10M(15M) 0.614ms
[237.909s][info][gc] GC(14926) Pause Young (Allocation Failure) 14M->10M(15M) 0.573ms
[237.917s][info][gc] GC(14927) Pause Young (Allocation Failure) 14M->10M(15M) 0.954ms
[237.922s][info][gc] GC(14928) Pause Young (Allocation Failure) 14M->10M(15M) 0.602ms
[237.928s][info][gc] GC(14929) Pause Young (Allocation Failure) 14M->10M(15M) 0.570ms
[237.933s][info][gc] GC(14930) Pause Young (Allocation Failure) 14M->10M(15M) 0.609ms
[237.938s][info][gc] GC(14931) Pause Young (Allocation Failure) 14M->10M(15M) 0.585ms
[237.944s][info][gc] GC(14932) Pause Young (Allocation Failure) 14M->10M(15M) 0.427ms
[237.949s][info][gc] GC(14933) Pause Young (Allocation Failure) 14M->10M(15M) 0.414ms
[237.954s][info][gc] GC(14934) Pause Young (Allocation Failure) 14M->10M(15M) 0.477ms
[237.959s][info][gc] GC(14935) Pause Young (Allocation Failure) 14M->10M(15M) 0.559ms
[237.964s][info][gc] GC(14936) Pause Young (Allocation Failure) 14M->10M(15M) 0.580ms
[237.971s][info][gc] GC(14937) Pause Young (Allocation Failure) 14M->10M(15M) 0.470ms
[237.976s][info][gc] GC(14938) Pause Young (Allocation Failure) 14M->10M(15M) 0.481ms
[237.982s][info][gc] GC(14939) Pause Young (Allocation Failure) 14M->10M(15M) 0.506ms
[237.987s][info][gc] GC(14940) Pause Young (Allocation Failure) 14M->10M(15M) 0.505ms
[237.992s][info][gc] GC(14941) Pause Young (Allocation Failure) 14M->10M(15M) 0.540ms
[237.997s][info][gc] GC(14942) Pause Young (Allocation Failure) 14M->10M(15M) 0.597ms
[238.002s][info][gc] GC(14943) Pause Young (Allocation Failure) 14M->10M(15M) 0.649ms
[238.007s][info][gc] GC(14944) Pause Young (Allocation Failure) 14M->10M(15M) 0.539ms
[238.013s][info][gc] GC(14945) Pause Young (Allocation Failure) 14M->10M(15M) 0.763ms
[238.018s][info][gc] GC(14946) Pause Young (Allocation Failure) 14M->10M(15M) 0.573ms
[238.023s][info][gc] GC(14947) Pause Young (Allocation Failure) 14M->10M(15M) 0.560ms
[238.028s][info][gc] GC(14948) Pause Young (Allocation Failure) 14M->10M(15M) 0.570ms
[238.033s][info][gc] GC(14949) Pause Young (Allocation Failure) 14M->10M(15M) 0.551ms
[238.038s][info][gc] GC(14950) Pause Young (Allocation Failure) 14M->10M(15M) 0.542ms
[238.043s][info][gc] GC(14951) Pause Young (Allocation Failure) 14M->10M(15M) 0.389ms
[238.049s][info][gc] GC(14952) Pause Young (Allocation Failure) 14M->10M(15M) 0.432ms
[238.054s][info][gc] GC(14953) Pause Young (Allocation Failure) 14M->10M(15M) 0.422ms
[238.059s][info][gc] GC(14954) Pause Young (Allocation Failure) 14M->10M(15M) 0.416ms
[238.064s][info][gc] GC(14955) Pause Young (Allocation Failure) 14M->10M(15M) 0.412ms
[238.069s][info][gc] GC(14956) Pause Young (Allocation Failure) 14M->10M(15M) 0.402ms
[238.074s][info][gc] GC(14957) Pause Young (Allocation Failure) 14M->10M(15M) 0.415ms
[238.082s][info][gc] GC(14958) Pause Young (Allocation Failure) 14M->10M(15M) 0.759ms
[238.091s][info][gc] GC(14959) Pause Young (Allocation Failure) 14M->10M(15M) 0.852ms
[238.099s][info][gc] GC(14960) Pause Young (Allocation Failure) 14M->10M(15M) 0.718ms
[238.105s][info][gc] GC(14961) Pause Young (Allocation Failure) 14M->10M(15M) 0.494ms
[238.112s][info][gc] GC(14962) Pause Young (Allocation Failure) 14M->10M(15M) 0.709ms
[238.117s][info][gc] GC(14963) Pause Young (Allocation Failure) 14M->10M(15M) 0.589ms
[238.123s][info][gc] GC(14964) Pause Young (Allocation Failure) 14M->10M(15M) 0.582ms
[238.130s][info][gc] GC(14965) Pause Young (Allocation Failure) 14M->10M(15M) 0.670ms
[238.134s][info][gc] GC(14966) Pause Young (Allocation Failure) 14M->10M(15M) 0.575ms
[238.140s][info][gc] GC(14967) Pause Young (Allocation Failure) 14M->10M(15M) 0.826ms
[238.146s][info][gc] GC(14968) Pause Young (Allocation Failure) 14M->10M(15M) 0.597ms
[238.151s][info][gc] GC(14969) Pause Young (Allocation Failure) 14M->10M(15M) 0.492ms
[238.161s][info][gc] GC(14970) Pause Young (Allocation Failure) 14M->10M(15M) 1.921ms
[238.167s][info][gc] GC(14971) Pause Young (Allocation Failure) 14M->10M(15M) 0.674ms
[238.174s][info][gc] GC(14972) Pause Young (Allocation Failure) 14M->10M(15M) 0.460ms
[238.180s][info][gc] GC(14973) Pause Young (Allocation Failure) 14M->10M(15M) 0.510ms
[238.187s][info][gc] GC(14974) Pause Young (Allocation Failure) 14M->10M(15M) 0.514ms
[238.192s][info][gc] GC(14975) Pause Young (Allocation Failure) 14M->10M(15M) 0.749ms
[238.201s][info][gc] GC(14976) Pause Young (Allocation Failure) 14M->10M(15M) 0.838ms
[238.209s][info][gc] GC(14977) Pause Young (Allocation Failure) 14M->10M(15M) 0.771ms
[238.217s][info][gc] GC(14978) Pause Young (Allocation Failure) 14M->10M(15M) 0.853ms
[238.225s][info][gc] GC(14979) Pause Young (Allocation Failure) 14M->10M(15M) 0.552ms
[238.232s][info][gc] GC(14980) Pause Young (Allocation Failure) 14M->10M(15M) 0.802ms
[238.237s][info][gc] GC(14981) Pause Young (Allocation Failure) 14M->10M(15M) 0.560ms
[238.243s][info][gc] GC(14982) Pause Young (Allocation Failure) 14M->10M(15M) 0.600ms
[238.248s][info][gc] GC(14983) Pause Young (Allocation Failure) 14M->10M(15M) 0.583ms
[238.254s][info][gc] GC(14984) Pause Young (Allocation Failure) 14M->10M(15M) 0.578ms
[238.259s][info][gc] GC(14985) Pause Young (Allocation Failure) 14M->10M(15M) 0.671ms
[238.264s][info][gc] GC(14986) Pause Young (Allocation Failure) 14M->10M(15M) 0.706ms
[238.269s][info][gc] GC(14987) Pause Young (Allocation Failure) 14M->10M(15M) 0.646ms
[238.275s][info][gc] GC(14988) Pause Young (Allocation Failure) 14M->10M(15M) 0.639ms
[238.280s][info][gc] GC(14989) Pause Young (Allocation Failure) 14M->10M(15M) 0.602ms
[238.285s][info][gc] GC(14990) Pause Young (Allocation Failure) 14M->10M(15M) 0.463ms
[238.291s][info][gc] GC(14991) Pause Young (Allocation Failure) 14M->10M(15M) 0.466ms
[238.297s][info][gc] GC(14992) Pause Young (Allocation Failure) 14M->10M(15M) 0.466ms
[238.302s][info][gc] GC(14993) Pause Young (Allocation Failure) 14M->10M(15M) 0.467ms
[238.307s][info][gc] GC(14994) Pause Young (Allocation Failure) 14M->10M(15M) 0.457ms
[238.312s][info][gc] GC(14995) Pause Young (Allocation Failure) 14M->10M(15M) 0.510ms
[238.318s][info][gc] GC(14996) Pause Young (Allocation Failure) 14M->10M(15M) 0.540ms
[238.324s][info][gc] GC(14997) Pause Young (Allocation Failure) 14M->10M(15M) 0.519ms
[238.329s][info][gc] GC(14998) Pause Young (Allocation Failure) 14M->10M(15M) 0.523ms
[238.334s][info][gc] GC(14999) Pause Young (Allocation Failure) 14M->10M(15M) 0.576ms
[238.341s][info][gc] GC(15000) Pause Young (Allocation Failure) 14M->10M(15M) 0.554ms
[238.346s][info][gc] GC(15001) Pause Young (Allocation Failure) 14M->10M(15M) 0.546ms
[238.352s][info][gc] GC(15002) Pause Young (Allocation Failure) 14M->10M(15M) 0.581ms
[238.357s][info][gc] GC(15003) Pause Young (Allocation Failure) 14M->10M(15M) 0.740ms
[238.366s][info][gc] GC(15004) Pause Young (Allocation Failure) 14M->10M(15M) 0.602ms
[238.371s][info][gc] GC(15005) Pause Young (Allocation Failure) 14M->10M(15M) 0.608ms
[238.378s][info][gc] GC(15006) Pause Young (Allocation Failure) 14M->10M(15M) 0.773ms
[238.383s][info][gc] GC(15007) Pause Young (Allocation Failure) 14M->10M(15M) 0.397ms
[238.389s][info][gc] GC(15008) Pause Young (Allocation Failure) 14M->10M(15M) 0.414ms
[238.393s][info][gc] GC(15009) Pause Young (Allocation Failure) 14M->10M(15M) 0.457ms
[238.399s][info][gc] GC(15010) Pause Young (Allocation Failure) 14M->10M(15M) 0.434ms
[238.405s][info][gc] GC(15011) Pause Young (Allocation Failure) 14M->10M(15M) 0.722ms
[238.410s][info][gc] GC(15012) Pause Young (Allocation Failure) 14M->10M(15M) 0.512ms
[238.416s][info][gc] GC(15013) Pause Young (Allocation Failure) 14M->10M(15M) 0.494ms
[238.421s][info][gc] GC(15014) Pause Young (Allocation Failure) 14M->10M(15M) 0.627ms
[238.426s][info][gc] GC(15015) Pause Young (Allocation Failure) 14M->10M(15M) 0.511ms
[238.431s][info][gc] GC(15016) Pause Young (Allocation Failure) 14M->10M(15M) 0.524ms
[238.436s][info][gc] GC(15017) Pause Young (Allocation Failure) 14M->10M(15M) 0.539ms
[238.441s][info][gc] GC(15018) Pause Young (Allocation Failure) 14M->10M(15M) 0.545ms
[238.446s][info][gc] GC(15019) Pause Young (Allocation Failure) 14M->10M(15M) 0.550ms
[238.452s][info][gc] GC(15020) Pause Young (Allocation Failure) 14M->10M(15M) 0.618ms
[238.458s][info][gc] GC(15021) Pause Young (Allocation Failure) 14M->10M(15M) 0.621ms
[238.463s][info][gc] GC(15022) Pause Young (Allocation Failure) 14M->10M(15M) 0.561ms
[238.468s][info][gc] GC(15023) Pause Young (Allocation Failure) 14M->10M(15M) 0.573ms
[238.473s][info][gc] GC(15024) Pause Young (Allocation Failure) 14M->10M(15M) 0.624ms
[238.478s][info][gc] GC(15025) Pause Young (Allocation Failure) 14M->10M(15M) 0.697ms
[238.484s][info][gc] GC(15026) Pause Young (Allocation Failure) 14M->10M(15M) 0.431ms
[238.489s][info][gc] GC(15027) Pause Young (Allocation Failure) 14M->10M(15M) 0.382ms
[238.494s][info][gc] GC(15028) Pause Young (Allocation Failure) 14M->10M(15M) 0.395ms
[238.499s][info][gc] GC(15029) Pause Young (Allocation Failure) 14M->10M(15M) 0.402ms
[238.504s][info][gc] GC(15030) Pause Young (Allocation Failure) 14M->10M(15M) 0.413ms
[238.509s][info][gc] GC(15031) Pause Young (Allocation Failure) 14M->10M(15M) 0.481ms
[238.514s][info][gc] GC(15032) Pause Young (Allocation Failure) 14M->10M(15M) 0.535ms
[238.522s][info][gc] GC(15033) Pause Young (Allocation Failure) 14M->10M(15M) 0.554ms
[238.527s][info][gc] GC(15034) Pause Young (Allocation Failure) 14M->10M(15M) 0.501ms
[238.532s][info][gc] GC(15035) Pause Young (Allocation Failure) 14M->10M(15M) 0.861ms
[238.538s][info][gc] GC(15036) Pause Young (Allocation Failure) 14M->10M(15M) 0.602ms
[238.543s][info][gc] GC(15037) Pause Young (Allocation Failure) 14M->10M(15M) 0.562ms
[238.548s][info][gc] GC(15038) Pause Young (Allocation Failure) 14M->10M(15M) 0.583ms
[238.553s][info][gc] GC(15039) Pause Young (Allocation Failure) 14M->10M(15M) 0.576ms
[238.560s][info][gc] GC(15040) Pause Young (Allocation Failure) 14M->10M(15M) 0.955ms
[238.566s][info][gc] GC(15041) Pause Young (Allocation Failure) 14M->10M(15M) 0.670ms
[238.571s][info][gc] GC(15042) Pause Young (Allocation Failure) 14M->10M(15M) 0.579ms
[238.576s][info][gc] GC(15043) Pause Young (Allocation Failure) 14M->10M(15M) 0.644ms
[238.582s][info][gc] GC(15044) Pause Young (Allocation Failure) 14M->10M(15M) 0.686ms
[238.588s][info][gc] GC(15045) Pause Young (Allocation Failure) 14M->10M(15M) 0.445ms
[238.592s][info][gc] GC(15046) Pause Young (Allocation Failure) 14M->10M(15M) 0.499ms
[238.598s][info][gc] GC(15047) Pause Young (Allocation Failure) 14M->10M(15M) 0.488ms
[238.604s][info][gc] GC(15048) Pause Young (Allocation Failure) 14M->10M(15M) 0.503ms
[238.609s][info][gc] GC(15049) Pause Young (Allocation Failure) 14M->10M(15M) 0.514ms
[238.614s][info][gc] GC(15050) Pause Young (Allocation Failure) 14M->10M(15M) 0.524ms
[238.618s][info][gc] GC(15051) Pause Young (Allocation Failure) 14M->10M(15M) 0.511ms
[238.624s][info][gc] GC(15052) Pause Young (Allocation Failure) 14M->10M(15M) 0.708ms
[238.629s][info][gc] GC(15053) Pause Young (Allocation Failure) 14M->10M(15M) 0.519ms
[238.634s][info][gc] GC(15054) Pause Young (Allocation Failure) 14M->10M(15M) 0.467ms
[238.640s][info][gc] GC(15055) Pause Young (Allocation Failure) 14M->10M(15M) 0.605ms
[238.645s][info][gc] GC(15056) Pause Young (Allocation Failure) 14M->10M(15M) 0.544ms
[238.650s][info][gc] GC(15057) Pause Young (Allocation Failure) 14M->10M(15M) 0.617ms
[238.655s][info][gc] GC(15058) Pause Young (Allocation Failure) 14M->10M(15M) 0.663ms
[238.660s][info][gc] GC(15059) Pause Young (Allocation Failure) 14M->10M(15M) 0.678ms
[238.665s][info][gc] GC(15060) Pause Young (Allocation Failure) 14M->10M(15M) 0.536ms
[238.670s][info][gc] GC(15061) Pause Young (Allocation Failure) 14M->10M(15M) 0.510ms
[238.676s][info][gc] GC(15062) Pause Young (Allocation Failure) 14M->10M(15M) 0.575ms
[238.682s][info][gc] GC(15063) Pause Young (Allocation Failure) 14M->10M(15M) 0.973ms
[238.689s][info][gc] GC(15064) Pause Young (Allocation Failure) 14M->10M(15M) 0.640ms
[238.694s][info][gc] GC(15065) Pause Young (Allocation Failure) 14M->10M(15M) 0.641ms
[238.698s][info][gc] GC(15066) Pause Young (Allocation Failure) 14M->10M(15M) 0.403ms
[238.704s][info][gc] GC(15067) Pause Young (Allocation Failure) 14M->10M(15M) 0.433ms
[238.709s][info][gc] GC(15068) Pause Young (Allocation Failure) 14M->10M(15M) 0.453ms
[238.714s][info][gc] GC(15069) Pause Young (Allocation Failure) 14M->10M(15M) 0.419ms
[238.719s][info][gc] GC(15070) Pause Young (Allocation Failure) 14M->10M(15M) 0.419ms
[238.724s][info][gc] GC(15071) Pause Young (Allocation Failure) 14M->10M(15M) 0.586ms
[238.730s][info][gc] GC(15072) Pause Young (Allocation Failure) 14M->10M(15M) 0.496ms
[238.735s][info][gc] GC(15073) Pause Young (Allocation Failure) 14M->10M(15M) 0.494ms
[238.740s][info][gc] GC(15074) Pause Young (Allocation Failure) 14M->10M(15M) 0.525ms
[238.745s][info][gc] GC(15075) Pause Young (Allocation Failure) 14M->10M(15M) 0.520ms
[238.750s][info][gc] GC(15076) Pause Young (Allocation Failure) 14M->10M(15M) 0.547ms
[238.755s][info][gc] GC(15077) Pause Young (Allocation Failure) 14M->10M(15M) 0.562ms
[238.761s][info][gc] GC(15078) Pause Young (Allocation Failure) 14M->10M(15M) 0.720ms
[238.766s][info][gc] GC(15079) Pause Young (Allocation Failure) 14M->10M(15M) 0.563ms
[238.771s][info][gc] GC(15080) Pause Young (Allocation Failure) 14M->10M(15M) 0.630ms
[238.776s][info][gc] GC(15081) Pause Young (Allocation Failure) 14M->10M(15M) 0.618ms
[238.783s][info][gc] GC(15082) Pause Young (Allocation Failure) 14M->10M(15M) 0.651ms
[238.788s][info][gc] GC(15083) Pause Young (Allocation Failure) 14M->10M(15M) 0.570ms
[238.793s][info][gc] GC(15084) Pause Young (Allocation Failure) 14M->10M(15M) 0.381ms
[238.798s][info][gc] GC(15085) Pause Young (Allocation Failure) 14M->10M(15M) 0.358ms
[238.803s][info][gc] GC(15086) Pause Young (Allocation Failure) 14M->10M(15M) 0.378ms
[238.809s][info][gc] GC(15087) Pause Young (Allocation Failure) 14M->10M(15M) 0.406ms
[238.814s][info][gc] GC(15088) Pause Young (Allocation Failure) 14M->10M(15M) 0.445ms
[238.819s][info][gc] GC(15089) Pause Young (Allocation Failure) 14M->10M(15M) 0.428ms
[238.824s][info][gc] GC(15090) Pause Young (Allocation Failure) 14M->10M(15M) 0.544ms
[238.829s][info][gc] GC(15091) Pause Young (Allocation Failure) 14M->10M(15M) 0.488ms
[238.835s][info][gc] GC(15092) Pause Young (Allocation Failure) 14M->10M(15M) 0.523ms
[238.841s][info][gc] GC(15093) Pause Young (Allocation Failure) 14M->10M(15M) 0.836ms
[238.846s][info][gc] GC(15094) Pause Young (Allocation Failure) 14M->10M(15M) 0.540ms
[238.851s][info][gc] GC(15095) Pause Young (Allocation Failure) 14M->10M(15M) 0.564ms
[238.856s][info][gc] GC(15096) Pause Young (Allocation Failure) 14M->10M(15M) 0.561ms
[238.861s][info][gc] GC(15097) Pause Young (Allocation Failure) 14M->10M(15M) 0.562ms
[238.866s][info][gc] GC(15098) Pause Young (Allocation Failure) 14M->10M(15M) 0.591ms
[238.871s][info][gc] GC(15099) Pause Young (Allocation Failure) 14M->10M(15M) 0.578ms
[238.876s][info][gc] GC(15100) Pause Young (Allocation Failure) 14M->10M(15M) 0.583ms
[238.883s][info][gc] GC(15101) Pause Young (Allocation Failure) 14M->10M(15M) 0.658ms
[238.890s][info][gc] GC(15102) Pause Young (Allocation Failure) 14M->10M(15M) 0.920ms
[238.895s][info][gc] GC(15103) Pause Young (Allocation Failure) 14M->10M(15M) 0.422ms
[238.901s][info][gc] GC(15104) Pause Young (Allocation Failure) 14M->10M(15M) 0.424ms
[238.906s][info][gc] GC(15105) Pause Young (Allocation Failure) 14M->10M(15M) 0.453ms
[238.911s][info][gc] GC(15106) Pause Young (Allocation Failure) 14M->10M(15M) 0.450ms
[238.919s][info][gc] GC(15107) Pause Young (Allocation Failure) 14M->10M(15M) 0.483ms
[238.924s][info][gc] GC(15108) Pause Young (Allocation Failure) 14M->10M(15M) 0.460ms
[238.929s][info][gc] GC(15109) Pause Young (Allocation Failure) 14M->10M(15M) 0.585ms
[238.934s][info][gc] GC(15110) Pause Young (Allocation Failure) 14M->10M(15M) 0.448ms
[238.939s][info][gc] GC(15111) Pause Young (Allocation Failure) 14M->10M(15M) 0.496ms
[238.944s][info][gc] GC(15112) Pause Young (Allocation Failure) 14M->10M(15M) 0.452ms
[238.950s][info][gc] GC(15113) Pause Young (Allocation Failure) 14M->10M(15M) 0.483ms
[238.955s][info][gc] GC(15114) Pause Young (Allocation Failure) 14M->10M(15M) 0.450ms
[238.960s][info][gc] GC(15115) Pause Young (Allocation Failure) 14M->10M(15M) 0.638ms
[238.967s][info][gc] GC(15116) Pause Young (Allocation Failure) 14M->10M(15M) 0.546ms
[238.972s][info][gc] GC(15117) Pause Young (Allocation Failure) 14M->10M(15M) 0.470ms
[238.977s][info][gc] GC(15118) Pause Young (Allocation Failure) 14M->10M(15M) 0.708ms
[238.982s][info][gc] GC(15119) Pause Young (Allocation Failure) 14M->10M(15M) 0.473ms
[238.987s][info][gc] GC(15120) Pause Young (Allocation Failure) 14M->10M(15M) 0.477ms
[238.993s][info][gc] GC(15121) Pause Young (Allocation Failure) 14M->10M(15M) 0.790ms
[238.998s][info][gc] GC(15122) Pause Young (Allocation Failure) 14M->10M(15M) 0.648ms
[239.004s][info][gc] GC(15123) Pause Young (Allocation Failure) 14M->10M(15M) 0.566ms
[239.009s][info][gc] GC(15124) Pause Young (Allocation Failure) 14M->10M(15M) 0.562ms
[239.014s][info][gc] GC(15125) Pause Young (Allocation Failure) 14M->10M(15M) 0.532ms
[239.019s][info][gc] GC(15126) Pause Young (Allocation Failure) 14M->10M(15M) 0.483ms
[239.023s][info][gc] GC(15127) Pause Young (Allocation Failure) 14M->10M(15M) 0.621ms
[239.030s][info][gc] GC(15128) Pause Young (Allocation Failure) 14M->10M(15M) 0.595ms
[239.035s][info][gc] GC(15129) Pause Young (Allocation Failure) 14M->10M(15M) 0.532ms
[239.041s][info][gc] GC(15130) Pause Young (Allocation Failure) 14M->10M(15M) 0.685ms
[239.046s][info][gc] GC(15131) Pause Young (Allocation Failure) 14M->10M(15M) 0.411ms
[239.051s][info][gc] GC(15132) Pause Young (Allocation Failure) 14M->10M(15M) 0.491ms
[239.056s][info][gc] GC(15133) Pause Young (Allocation Failure) 14M->10M(15M) 0.437ms
[239.061s][info][gc] GC(15134) Pause Young (Allocation Failure) 14M->10M(15M) 0.430ms
[239.066s][info][gc] GC(15135) Pause Young (Allocation Failure) 14M->10M(15M) 0.426ms
[239.071s][info][gc] GC(15136) Pause Young (Allocation Failure) 14M->10M(15M) 0.432ms
[239.077s][info][gc] GC(15137) Pause Young (Allocation Failure) 14M->10M(15M) 0.681ms
[239.083s][info][gc] GC(15138) Pause Young (Allocation Failure) 14M->10M(15M) 0.559ms
[239.088s][info][gc] GC(15139) Pause Young (Allocation Failure) 14M->10M(15M) 0.670ms
[239.094s][info][gc] GC(15140) Pause Young (Allocation Failure) 14M->10M(15M) 0.962ms
[239.100s][info][gc] GC(15141) Pause Young (Allocation Failure) 14M->10M(15M) 0.616ms
[239.107s][info][gc] GC(15142) Pause Young (Allocation Failure) 14M->10M(15M) 0.929ms
[239.112s][info][gc] GC(15143) Pause Young (Allocation Failure) 14M->10M(15M) 0.736ms
[239.119s][info][gc] GC(15144) Pause Young (Allocation Failure) 14M->10M(15M) 0.635ms
[239.124s][info][gc] GC(15145) Pause Young (Allocation Failure) 14M->10M(15M) 0.623ms
[239.129s][info][gc] GC(15146) Pause Young (Allocation Failure) 14M->10M(15M) 0.665ms
[239.134s][info][gc] GC(15147) Pause Young (Allocation Failure) 14M->10M(15M) 0.658ms
[239.140s][info][gc] GC(15148) Pause Young (Allocation Failure) 14M->10M(15M) 0.616ms
[239.147s][info][gc] GC(15149) Pause Young (Allocation Failure) 14M->10M(15M) 0.607ms
[239.152s][info][gc] GC(15150) Pause Young (Allocation Failure) 14M->10M(15M) 0.540ms
[239.157s][info][gc] GC(15151) Pause Young (Allocation Failure) 14M->10M(15M) 0.522ms
[239.163s][info][gc] GC(15152) Pause Young (Allocation Failure) 14M->10M(15M) 0.668ms
[239.168s][info][gc] GC(15153) Pause Young (Allocation Failure) 14M->10M(15M) 0.601ms
[239.173s][info][gc] GC(15154) Pause Young (Allocation Failure) 14M->10M(15M) 0.407ms
[239.178s][info][gc] GC(15155) Pause Young (Allocation Failure) 14M->10M(15M) 0.441ms
[239.184s][info][gc] GC(15156) Pause Young (Allocation Failure) 14M->10M(15M) 0.516ms
[239.188s][info][gc] GC(15157) Pause Young (Allocation Failure) 14M->10M(15M) 0.516ms
[239.194s][info][gc] GC(15158) Pause Young (Allocation Failure) 14M->10M(15M) 0.765ms
[239.200s][info][gc] GC(15159) Pause Young (Allocation Failure) 14M->10M(15M) 0.478ms
[239.206s][info][gc] GC(15160) Pause Young (Allocation Failure) 14M->10M(15M) 0.569ms
[239.211s][info][gc] GC(15161) Pause Young (Allocation Failure) 14M->10M(15M) 0.543ms
[239.218s][info][gc] GC(15162) Pause Young (Allocation Failure) 14M->10M(15M) 0.853ms
[239.224s][info][gc] GC(15163) Pause Young (Allocation Failure) 14M->10M(15M) 0.538ms
[239.231s][info][gc] GC(15164) Pause Young (Allocation Failure) 14M->10M(15M) 0.549ms
[239.236s][info][gc] GC(15165) Pause Young (Allocation Failure) 14M->10M(15M) 0.566ms
[239.241s][info][gc] GC(15166) Pause Young (Allocation Failure) 14M->10M(15M) 0.573ms
[239.249s][info][gc] GC(15167) Pause Young (Allocation Failure) 14M->10M(15M) 0.874ms
[239.255s][info][gc] GC(15168) Pause Young (Allocation Failure) 14M->10M(15M) 0.584ms
[239.260s][info][gc] GC(15169) Pause Young (Allocation Failure) 14M->10M(15M) 0.742ms
[239.265s][info][gc] GC(15170) Pause Young (Allocation Failure) 14M->10M(15M) 0.560ms
[239.270s][info][gc] GC(15171) Pause Young (Allocation Failure) 14M->10M(15M) 0.551ms
[239.275s][info][gc] GC(15172) Pause Young (Allocation Failure) 14M->10M(15M) 0.765ms
[239.280s][info][gc] GC(15173) Pause Young (Allocation Failure) 14M->10M(15M) 0.588ms
[239.286s][info][gc] GC(15174) Pause Young (Allocation Failure) 14M->10M(15M) 0.406ms
[239.291s][info][gc] GC(15175) Pause Young (Allocation Failure) 14M->10M(15M) 0.412ms
[239.296s][info][gc] GC(15176) Pause Young (Allocation Failure) 14M->10M(15M) 0.527ms
[239.301s][info][gc] GC(15177) Pause Young (Allocation Failure) 14M->10M(15M) 0.437ms
[239.305s][info][gc] GC(15178) Pause Young (Allocation Failure) 14M->10M(15M) 0.406ms
[239.311s][info][gc] GC(15179) Pause Young (Allocation Failure) 14M->10M(15M) 0.459ms
[239.316s][info][gc] GC(15180) Pause Young (Allocation Failure) 14M->10M(15M) 0.446ms
[239.321s][info][gc] GC(15181) Pause Young (Allocation Failure) 14M->10M(15M) 0.480ms
[239.327s][info][gc] GC(15182) Pause Young (Allocation Failure) 14M->10M(15M) 0.491ms
[239.332s][info][gc] GC(15183) Pause Young (Allocation Failure) 14M->10M(15M) 0.513ms
[239.337s][info][gc] GC(15184) Pause Young (Allocation Failure) 14M->10M(15M) 0.574ms
[239.342s][info][gc] GC(15185) Pause Young (Allocation Failure) 14M->10M(15M) 0.468ms
[239.348s][info][gc] GC(15186) Pause Young (Allocation Failure) 14M->10M(15M) 0.561ms
[239.353s][info][gc] GC(15187) Pause Young (Allocation Failure) 14M->10M(15M) 0.745ms
[239.358s][info][gc] GC(15188) Pause Young (Allocation Failure) 14M->10M(15M) 0.574ms
[239.364s][info][gc] GC(15189) Pause Young (Allocation Failure) 14M->10M(15M) 0.640ms
[239.369s][info][gc] GC(15190) Pause Young (Allocation Failure) 14M->10M(15M) 0.670ms
[239.375s][info][gc] GC(15191) Pause Young (Allocation Failure) 14M->10M(15M) 0.627ms
[239.382s][info][gc] GC(15192) Pause Young (Allocation Failure) 14M->10M(15M) 0.661ms
[239.388s][info][gc] GC(15193) Pause Young (Allocation Failure) 14M->10M(15M) 0.562ms
[239.394s][info][gc] GC(15194) Pause Young (Allocation Failure) 14M->10M(15M) 0.718ms
[239.399s][info][gc] GC(15195) Pause Young (Allocation Failure) 14M->10M(15M) 0.658ms
[239.404s][info][gc] GC(15196) Pause Young (Allocation Failure) 14M->10M(15M) 0.424ms
[239.409s][info][gc] GC(15197) Pause Young (Allocation Failure) 14M->10M(15M) 0.428ms
[239.414s][info][gc] GC(15198) Pause Young (Allocation Failure) 14M->10M(15M) 0.542ms
[239.419s][info][gc] GC(15199) Pause Young (Allocation Failure) 14M->10M(15M) 0.478ms
[239.424s][info][gc] GC(15200) Pause Young (Allocation Failure) 14M->10M(15M) 0.469ms
[239.429s][info][gc] GC(15201) Pause Young (Allocation Failure) 14M->10M(15M) 0.452ms
[239.434s][info][gc] GC(15202) Pause Young (Allocation Failure) 14M->10M(15M) 0.467ms
[239.441s][info][gc] GC(15203) Pause Young (Allocation Failure) 14M->10M(15M) 0.521ms
[239.446s][info][gc] GC(15204) Pause Young (Allocation Failure) 14M->10M(15M) 0.821ms
[239.451s][info][gc] GC(15205) Pause Young (Allocation Failure) 14M->10M(15M) 0.504ms
[239.457s][info][gc] GC(15206) Pause Young (Allocation Failure) 14M->10M(15M) 0.634ms
[239.462s][info][gc] GC(15207) Pause Young (Allocation Failure) 14M->10M(15M) 0.645ms
[239.467s][info][gc] GC(15208) Pause Young (Allocation Failure) 14M->10M(15M) 0.665ms
[239.472s][info][gc] GC(15209) Pause Young (Allocation Failure) 14M->10M(15M) 0.582ms
[239.477s][info][gc] GC(15210) Pause Young (Allocation Failure) 14M->10M(15M) 0.579ms
[239.483s][info][gc] GC(15211) Pause Young (Allocation Failure) 14M->10M(15M) 0.574ms
[239.488s][info][gc] GC(15212) Pause Young (Allocation Failure) 14M->10M(15M) 0.621ms
[239.493s][info][gc] GC(15213) Pause Young (Allocation Failure) 14M->10M(15M) 0.597ms
[239.498s][info][gc] GC(15214) Pause Young (Allocation Failure) 14M->10M(15M) 0.389ms
[239.502s][info][gc] GC(15215) Pause Young (Allocation Failure) 14M->10M(15M) 0.412ms
[239.507s][info][gc] GC(15216) Pause Young (Allocation Failure) 14M->10M(15M) 0.447ms
[239.512s][info][gc] GC(15217) Pause Young (Allocation Failure) 14M->10M(15M) 0.464ms
[239.517s][info][gc] GC(15218) Pause Young (Allocation Failure) 14M->10M(15M) 0.498ms
[239.523s][info][gc] GC(15219) Pause Young (Allocation Failure) 14M->10M(15M) 0.514ms
[239.528s][info][gc] GC(15220) Pause Young (Allocation Failure) 14M->10M(15M) 0.495ms
[239.533s][info][gc] GC(15221) Pause Young (Allocation Failure) 14M->10M(15M) 0.453ms
[239.538s][info][gc] GC(15222) Pause Young (Allocation Failure) 14M->10M(15M) 0.447ms
[239.543s][info][gc] GC(15223) Pause Young (Allocation Failure) 14M->10M(15M) 0.439ms
[239.550s][info][gc] GC(15224) Pause Young (Allocation Failure) 14M->10M(15M) 0.548ms
[239.555s][info][gc] GC(15225) Pause Young (Allocation Failure) 14M->10M(15M) 0.431ms
[239.560s][info][gc] GC(15226) Pause Young (Allocation Failure) 14M->10M(15M) 0.498ms
[239.566s][info][gc] GC(15227) Pause Young (Allocation Failure) 14M->10M(15M) 0.609ms
[239.571s][info][gc] GC(15228) Pause Young (Allocation Failure) 14M->10M(15M) 0.819ms
[239.577s][info][gc] GC(15229) Pause Young (Allocation Failure) 14M->10M(15M) 0.542ms
[239.582s][info][gc] GC(15230) Pause Young (Allocation Failure) 14M->10M(15M) 0.635ms
[239.587s][info][gc] GC(15231) Pause Young (Allocation Failure) 14M->10M(15M) 0.612ms
[239.592s][info][gc] GC(15232) Pause Young (Allocation Failure) 14M->10M(15M) 0.559ms
[239.597s][info][gc] GC(15233) Pause Young (Allocation Failure) 14M->10M(15M) 0.567ms
[239.602s][info][gc] GC(15234) Pause Young (Allocation Failure) 14M->10M(15M) 0.543ms
[239.607s][info][gc] GC(15235) Pause Young (Allocation Failure) 14M->10M(15M) 0.554ms
[239.613s][info][gc] GC(15236) Pause Young (Allocation Failure) 14M->10M(15M) 0.573ms
[239.618s][info][gc] GC(15237) Pause Young (Allocation Failure) 14M->10M(15M) 0.436ms
[239.623s][info][gc] GC(15238) Pause Young (Allocation Failure) 14M->10M(15M) 0.465ms
[239.628s][info][gc] GC(15239) Pause Young (Allocation Failure) 14M->10M(15M) 0.453ms
[239.633s][info][gc] GC(15240) Pause Young (Allocation Failure) 14M->10M(15M) 0.462ms
[239.638s][info][gc] GC(15241) Pause Young (Allocation Failure) 14M->10M(15M) 0.463ms
[239.643s][info][gc] GC(15242) Pause Young (Allocation Failure) 14M->10M(15M) 0.460ms
[239.648s][info][gc] GC(15243) Pause Young (Allocation Failure) 14M->10M(15M) 0.433ms
[239.654s][info][gc] GC(15244) Pause Young (Allocation Failure) 14M->10M(15M) 0.488ms
[239.659s][info][gc] GC(15245) Pause Young (Allocation Failure) 14M->10M(15M) 0.535ms
[239.664s][info][gc] GC(15246) Pause Young (Allocation Failure) 14M->10M(15M) 0.481ms
[239.669s][info][gc] GC(15247) Pause Young (Allocation Failure) 14M->10M(15M) 0.502ms
[239.674s][info][gc] GC(15248) Pause Young (Allocation Failure) 14M->10M(15M) 0.692ms
[239.684s][info][gc] GC(15249) Pause Young (Allocation Failure) 14M->10M(15M) 0.819ms
[239.689s][info][gc] GC(15250) Pause Young (Allocation Failure) 14M->10M(15M) 0.644ms
[239.695s][info][gc] GC(15251) Pause Young (Allocation Failure) 14M->10M(15M) 0.636ms
[239.700s][info][gc] GC(15252) Pause Young (Allocation Failure) 14M->10M(15M) 0.595ms
[239.706s][info][gc] GC(15253) Pause Young (Allocation Failure) 14M->10M(15M) 0.707ms
[239.712s][info][gc] GC(15254) Pause Young (Allocation Failure) 14M->10M(15M) 0.685ms
[239.718s][info][gc] GC(15255) Pause Young (Allocation Failure) 14M->10M(15M) 0.648ms
[239.722s][info][gc] GC(15256) Pause Young (Allocation Failure) 14M->10M(15M) 0.422ms
[239.727s][info][gc] GC(15257) Pause Young (Allocation Failure) 14M->10M(15M) 0.416ms
[239.732s][info][gc] GC(15258) Pause Young (Allocation Failure) 14M->10M(15M) 0.436ms
[239.737s][info][gc] GC(15259) Pause Young (Allocation Failure) 14M->10M(15M) 0.466ms
[239.742s][info][gc] GC(15260) Pause Young (Allocation Failure) 14M->10M(15M) 0.496ms
[239.747s][info][gc] GC(15261) Pause Young (Allocation Failure) 14M->10M(15M) 0.415ms
[239.752s][info][gc] GC(15262) Pause Young (Allocation Failure) 14M->10M(15M) 0.458ms
[239.758s][info][gc] GC(15263) Pause Young (Allocation Failure) 14M->10M(15M) 0.510ms
[239.763s][info][gc] GC(15264) Pause Young (Allocation Failure) 14M->10M(15M) 0.465ms
[239.769s][info][gc] GC(15265) Pause Young (Allocation Failure) 14M->10M(15M) 0.854ms
[239.774s][info][gc] GC(15266) Pause Young (Allocation Failure) 14M->10M(15M) 0.484ms
[239.779s][info][gc] GC(15267) Pause Young (Allocation Failure) 14M->10M(15M) 0.512ms
[239.785s][info][gc] GC(15268) Pause Young (Allocation Failure) 14M->10M(15M) 0.541ms
[239.789s][info][gc] GC(15269) Pause Young (Allocation Failure) 14M->10M(15M) 0.481ms
[239.795s][info][gc] GC(15270) Pause Young (Allocation Failure) 14M->10M(15M) 0.710ms
[239.800s][info][gc] GC(15271) Pause Young (Allocation Failure) 14M->10M(15M) 0.564ms
[239.805s][info][gc] GC(15272) Pause Young (Allocation Failure) 14M->10M(15M) 0.542ms
[239.810s][info][gc] GC(15273) Pause Young (Allocation Failure) 14M->10M(15M) 0.523ms
[239.815s][info][gc] GC(15274) Pause Young (Allocation Failure) 14M->10M(15M) 0.499ms
[239.820s][info][gc] GC(15275) Pause Young (Allocation Failure) 14M->10M(15M) 0.555ms
[239.825s][info][gc] GC(15276) Pause Young (Allocation Failure) 14M->10M(15M) 0.536ms
[239.830s][info][gc] GC(15277) Pause Young (Allocation Failure) 14M->10M(15M) 0.570ms
[239.836s][info][gc] GC(15278) Pause Young (Allocation Failure) 14M->10M(15M) 0.556ms
[239.841s][info][gc] GC(15279) Pause Young (Allocation Failure) 14M->10M(15M) 0.372ms
[239.846s][info][gc] GC(15280) Pause Young (Allocation Failure) 14M->10M(15M) 0.411ms
[239.852s][info][gc] GC(15281) Pause Young (Allocation Failure) 14M->10M(15M) 0.465ms
[239.857s][info][gc] GC(15282) Pause Young (Allocation Failure) 14M->10M(15M) 0.492ms
[239.862s][info][gc] GC(15283) Pause Young (Allocation Failure) 14M->10M(15M) 0.442ms
[239.867s][info][gc] GC(15284) Pause Young (Allocation Failure) 14M->10M(15M) 0.498ms
[239.872s][info][gc] GC(15285) Pause Young (Allocation Failure) 14M->10M(15M) 0.475ms
[239.877s][info][gc] GC(15286) Pause Young (Allocation Failure) 14M->10M(15M) 0.498ms
[239.883s][info][gc] GC(15287) Pause Young (Allocation Failure) 14M->10M(15M) 0.654ms
[239.890s][info][gc] GC(15288) Pause Young (Allocation Failure) 14M->10M(15M) 0.581ms
[239.895s][info][gc] GC(15289) Pause Young (Allocation Failure) 14M->10M(15M) 0.535ms
[239.902s][info][gc] GC(15290) Pause Young (Allocation Failure) 14M->10M(15M) 0.541ms
[239.907s][info][gc] GC(15291) Pause Young (Allocation Failure) 14M->10M(15M) 0.615ms
[239.913s][info][gc] GC(15292) Pause Young (Allocation Failure) 14M->10M(15M) 0.603ms
[239.919s][info][gc] GC(15293) Pause Young (Allocation Failure) 14M->10M(15M) 0.559ms
[239.924s][info][gc] GC(15294) Pause Young (Allocation Failure) 14M->10M(15M) 0.549ms
[239.929s][info][gc] GC(15295) Pause Young (Allocation Failure) 14M->10M(15M) 0.894ms
[239.936s][info][gc] GC(15296) Pause Young (Allocation Failure) 14M->10M(15M) 0.634ms
[239.941s][info][gc] GC(15297) Pause Young (Allocation Failure) 14M->10M(15M) 0.582ms
[239.946s][info][gc] GC(15298) Pause Young (Allocation Failure) 14M->10M(15M) 0.523ms
[239.951s][info][gc] GC(15299) Pause Young (Allocation Failure) 14M->10M(15M) 0.540ms
[239.957s][info][gc] GC(15300) Pause Young (Allocation Failure) 14M->10M(15M) 0.634ms
[239.962s][info][gc] GC(15301) Pause Young (Allocation Failure) 14M->10M(15M) 0.772ms
[239.968s][info][gc] GC(15302) Pause Young (Allocation Failure) 14M->10M(15M) 1.033ms
[239.973s][info][gc] GC(15303) Pause Young (Allocation Failure) 14M->10M(15M) 0.425ms
[239.978s][info][gc] GC(15304) Pause Young (Allocation Failure) 14M->10M(15M) 0.465ms
[239.984s][info][gc] GC(15305) Pause Young (Allocation Failure) 14M->10M(15M) 0.483ms
[239.989s][info][gc] GC(15306) Pause Young (Allocation Failure) 14M->10M(15M) 0.480ms
[239.994s][info][gc] GC(15307) Pause Young (Allocation Failure) 14M->10M(15M) 0.702ms
[239.999s][info][gc] GC(15308) Pause Young (Allocation Failure) 14M->10M(15M) 0.518ms
[240.004s][info][gc] GC(15309) Pause Young (Allocation Failure) 14M->10M(15M) 0.508ms
[240.008s][info][gc] GC(15310) Pause Young (Allocation Failure) 14M->10M(15M) 0.509ms
[240.014s][info][gc] GC(15311) Pause Young (Allocation Failure) 14M->10M(15M) 0.544ms
[240.019s][info][gc] GC(15312) Pause Young (Allocation Failure) 14M->10M(15M) 0.559ms
[240.024s][info][gc] GC(15313) Pause Young (Allocation Failure) 14M->10M(15M) 0.543ms
[240.029s][info][gc] GC(15314) Pause Young (Allocation Failure) 14M->10M(15M) 0.563ms
[240.034s][info][gc] GC(15315) Pause Young (Allocation Failure) 14M->10M(15M) 0.598ms
[240.039s][info][gc] GC(15316) Pause Young (Allocation Failure) 14M->10M(15M) 0.552ms
[240.045s][info][gc] GC(15317) Pause Young (Allocation Failure) 14M->10M(15M) 0.628ms
[240.049s][info][gc] GC(15318) Pause Young (Allocation Failure) 14M->10M(15M) 0.596ms
[240.054s][info][gc] GC(15319) Pause Young (Allocation Failure) 14M->10M(15M) 0.638ms
[240.061s][info][gc] GC(15320) Pause Young (Allocation Failure) 14M->10M(15M) 0.623ms
[240.069s][info][gc] GC(15321) Pause Young (Allocation Failure) 14M->10M(15M) 0.929ms
[240.076s][info][gc] GC(15322) Pause Young (Allocation Failure) 14M->10M(15M) 0.599ms
[240.081s][info][gc] GC(15323) Pause Young (Allocation Failure) 14M->10M(15M) 0.566ms
[240.086s][info][gc] GC(15324) Pause Young (Allocation Failure) 14M->10M(15M) 0.414ms
[240.092s][info][gc] GC(15325) Pause Young (Allocation Failure) 14M->10M(15M) 0.500ms
[240.097s][info][gc] GC(15326) Pause Young (Allocation Failure) 14M->10M(15M) 0.466ms
[240.103s][info][gc] GC(15327) Pause Young (Allocation Failure) 14M->10M(15M) 0.456ms
[240.109s][info][gc] GC(15328) Pause Young (Allocation Failure) 14M->10M(15M) 0.480ms
[240.114s][info][gc] GC(15329) Pause Young (Allocation Failure) 14M->10M(15M) 0.497ms
[240.121s][info][gc] GC(15330) Pause Young (Allocation Failure) 14M->10M(15M) 0.895ms
[240.126s][info][gc] GC(15331) Pause Young (Allocation Failure) 14M->10M(15M) 0.509ms
[240.131s][info][gc] GC(15332) Pause Young (Allocation Failure) 14M->10M(15M) 0.537ms
[240.137s][info][gc] GC(15333) Pause Young (Allocation Failure) 14M->10M(15M) 0.596ms
[240.142s][info][gc] GC(15334) Pause Young (Allocation Failure) 14M->10M(15M) 0.569ms
[240.147s][info][gc] GC(15335) Pause Young (Allocation Failure) 14M->10M(15M) 0.524ms
[240.152s][info][gc] GC(15336) Pause Young (Allocation Failure) 14M->10M(15M) 0.540ms
[240.158s][info][gc] GC(15337) Pause Young (Allocation Failure) 14M->10M(15M) 0.662ms
[240.163s][info][gc] GC(15338) Pause Young (Allocation Failure) 14M->10M(15M) 0.628ms
[240.169s][info][gc] GC(15339) Pause Young (Allocation Failure) 14M->10M(15M) 0.716ms
[240.175s][info][gc] GC(15340) Pause Young (Allocation Failure) 14M->10M(15M) 0.613ms
[240.181s][info][gc] GC(15341) Pause Young (Allocation Failure) 14M->10M(15M) 0.891ms
[240.188s][info][gc] GC(15342) Pause Young (Allocation Failure) 14M->10M(15M) 0.651ms
[240.195s][info][gc] GC(15343) Pause Young (Allocation Failure) 14M->10M(15M) 0.962ms
[240.202s][info][gc] GC(15344) Pause Young (Allocation Failure) 14M->10M(15M) 0.692ms
[240.207s][info][gc] GC(15345) Pause Young (Allocation Failure) 14M->10M(15M) 0.533ms
[240.212s][info][gc] GC(15346) Pause Young (Allocation Failure) 14M->10M(15M) 0.455ms
[240.217s][info][gc] GC(15347) Pause Young (Allocation Failure) 14M->10M(15M) 0.654ms
[240.222s][info][gc] GC(15348) Pause Young (Allocation Failure) 14M->10M(15M) 0.475ms
[240.227s][info][gc] GC(15349) Pause Young (Allocation Failure) 14M->10M(15M) 0.477ms
[240.232s][info][gc] GC(15350) Pause Young (Allocation Failure) 14M->10M(15M) 0.660ms
[240.237s][info][gc] GC(15351) Pause Young (Allocation Failure) 14M->10M(15M) 0.534ms
[240.242s][info][gc] GC(15352) Pause Young (Allocation Failure) 14M->10M(15M) 0.491ms
[240.248s][info][gc] GC(15353) Pause Young (Allocation Failure) 14M->10M(15M) 0.546ms
[240.253s][info][gc] GC(15354) Pause Young (Allocation Failure) 14M->10M(15M) 0.529ms
[240.257s][info][gc] GC(15355) Pause Young (Allocation Failure) 14M->10M(15M) 0.571ms
[240.264s][info][gc] GC(15356) Pause Young (Allocation Failure) 14M->10M(15M) 0.664ms
[240.271s][info][gc] GC(15357) Pause Young (Allocation Failure) 14M->10M(15M) 0.603ms
[240.276s][info][gc] GC(15358) Pause Young (Allocation Failure) 14M->10M(15M) 0.589ms
[240.281s][info][gc] GC(15359) Pause Young (Allocation Failure) 14M->10M(15M) 0.640ms
[240.287s][info][gc] GC(15360) Pause Young (Allocation Failure) 14M->10M(15M) 0.643ms
[240.292s][info][gc] GC(15361) Pause Young (Allocation Failure) 14M->10M(15M) 0.543ms
[240.297s][info][gc] GC(15362) Pause Young (Allocation Failure) 14M->10M(15M) 0.571ms
[240.302s][info][gc] GC(15363) Pause Young (Allocation Failure) 14M->10M(15M) 0.609ms
[240.307s][info][gc] GC(15364) Pause Young (Allocation Failure) 14M->10M(15M) 0.549ms
[240.312s][info][gc] GC(15365) Pause Young (Allocation Failure) 14M->10M(15M) 0.509ms
[240.318s][info][gc] GC(15366) Pause Young (Allocation Failure) 14M->10M(15M) 0.394ms
[240.323s][info][gc] GC(15367) Pause Young (Allocation Failure) 14M->10M(15M) 0.399ms
[240.329s][info][gc] GC(15368) Pause Young (Allocation Failure) 14M->10M(15M) 0.423ms
[240.333s][info][gc] GC(15369) Pause Young (Allocation Failure) 14M->10M(15M) 0.411ms
[240.338s][info][gc] GC(15370) Pause Young (Allocation Failure) 14M->10M(15M) 0.499ms
[240.344s][info][gc] GC(15371) Pause Young (Allocation Failure) 14M->10M(15M) 0.502ms
[240.349s][info][gc] GC(15372) Pause Young (Allocation Failure) 14M->10M(15M) 0.548ms
[240.354s][info][gc] GC(15373) Pause Young (Allocation Failure) 14M->10M(15M) 0.520ms
[240.359s][info][gc] GC(15374) Pause Young (Allocation Failure) 14M->10M(15M) 0.507ms
[240.364s][info][gc] GC(15375) Pause Young (Allocation Failure) 14M->10M(15M) 0.490ms
[240.369s][info][gc] GC(15376) Pause Young (Allocation Failure) 14M->10M(15M) 0.437ms
[240.374s][info][gc] GC(15377) Pause Young (Allocation Failure) 14M->10M(15M) 0.564ms
[240.380s][info][gc] GC(15378) Pause Young (Allocation Failure) 14M->10M(15M) 0.633ms
[240.385s][info][gc] GC(15379) Pause Young (Allocation Failure) 14M->10M(15M) 0.562ms
[240.390s][info][gc] GC(15380) Pause Young (Allocation Failure) 14M->10M(15M) 0.555ms
[240.396s][info][gc] GC(15381) Pause Young (Allocation Failure) 14M->10M(15M) 0.595ms
[240.401s][info][gc] GC(15382) Pause Young (Allocation Failure) 14M->10M(15M) 0.606ms
[240.406s][info][gc] GC(15383) Pause Young (Allocation Failure) 14M->10M(15M) 0.583ms
[240.412s][info][gc] GC(15384) Pause Young (Allocation Failure) 14M->10M(15M) 0.615ms
[240.416s][info][gc] GC(15385) Pause Young (Allocation Failure) 14M->10M(15M) 0.454ms
[240.421s][info][gc] GC(15386) Pause Young (Allocation Failure) 14M->10M(15M) 0.397ms
[240.426s][info][gc] GC(15387) Pause Young (Allocation Failure) 14M->10M(15M) 0.455ms
[240.431s][info][gc] GC(15388) Pause Young (Allocation Failure) 14M->10M(15M) 0.460ms
[240.436s][info][gc] GC(15389) Pause Young (Allocation Failure) 14M->10M(15M) 0.465ms
[240.440s][info][gc] GC(15390) Pause Young (Allocation Failure) 14M->10M(15M) 0.463ms
[240.445s][info][gc] GC(15391) Pause Young (Allocation Failure) 14M->10M(15M) 0.493ms
[240.450s][info][gc] GC(15392) Pause Young (Allocation Failure) 14M->10M(15M) 0.489ms
[240.456s][info][gc] GC(15393) Pause Young (Allocation Failure) 14M->10M(15M) 0.795ms
[240.462s][info][gc] GC(15394) Pause Young (Allocation Failure) 14M->10M(15M) 0.548ms
[240.466s][info][gc] GC(15395) Pause Young (Allocation Failure) 14M->10M(15M) 0.488ms
[240.472s][info][gc] GC(15396) Pause Young (Allocation Failure) 14M->10M(15M) 0.655ms
[240.477s][info][gc] GC(15397) Pause Young (Allocation Failure) 14M->10M(15M) 0.515ms
[240.483s][info][gc] GC(15398) Pause Young (Allocation Failure) 14M->10M(15M) 0.842ms
[240.488s][info][gc] GC(15399) Pause Young (Allocation Failure) 14M->10M(15M) 0.605ms
[240.493s][info][gc] GC(15400) Pause Young (Allocation Failure) 14M->10M(15M) 0.594ms
[240.498s][info][gc] GC(15401) Pause Young (Allocation Failure) 14M->10M(15M) 0.636ms
[240.503s][info][gc] GC(15402) Pause Young (Allocation Failure) 14M->10M(15M) 0.608ms
[240.508s][info][gc] GC(15403) Pause Young (Allocation Failure) 14M->10M(15M) 0.599ms
[240.513s][info][gc] GC(15404) Pause Young (Allocation Failure) 14M->10M(15M) 0.596ms
[240.518s][info][gc] GC(15405) Pause Young (Allocation Failure) 14M->10M(15M) 0.413ms
[240.523s][info][gc] GC(15406) Pause Young (Allocation Failure) 14M->10M(15M) 0.401ms
[240.528s][info][gc] GC(15407) Pause Young (Allocation Failure) 14M->10M(15M) 0.434ms
[240.534s][info][gc] GC(15408) Pause Young (Allocation Failure) 14M->10M(15M) 0.714ms
[240.539s][info][gc] GC(15409) Pause Young (Allocation Failure) 14M->10M(15M) 0.449ms
[240.544s][info][gc] GC(15410) Pause Young (Allocation Failure) 14M->10M(15M) 0.449ms
[240.549s][info][gc] GC(15411) Pause Young (Allocation Failure) 14M->10M(15M) 0.491ms
[240.554s][info][gc] GC(15412) Pause Young (Allocation Failure) 14M->10M(15M) 0.502ms
[240.559s][info][gc] GC(15413) Pause Young (Allocation Failure) 14M->10M(15M) 0.705ms
[240.565s][info][gc] GC(15414) Pause Young (Allocation Failure) 14M->10M(15M) 0.491ms
[240.569s][info][gc] GC(15415) Pause Young (Allocation Failure) 14M->10M(15M) 0.502ms
[240.575s][info][gc] GC(15416) Pause Young (Allocation Failure) 14M->10M(15M) 0.552ms
[240.581s][info][gc] GC(15417) Pause Young (Allocation Failure) 14M->10M(15M) 0.697ms
[240.586s][info][gc] GC(15418) Pause Young (Allocation Failure) 14M->10M(15M) 0.778ms
[240.591s][info][gc] GC(15419) Pause Young (Allocation Failure) 14M->10M(15M) 0.546ms
[240.596s][info][gc] GC(15420) Pause Young (Allocation Failure) 14M->10M(15M) 0.505ms
[240.602s][info][gc] GC(15421) Pause Young (Allocation Failure) 14M->10M(15M) 0.674ms
[240.607s][info][gc] GC(15422) Pause Young (Allocation Failure) 14M->10M(15M) 0.624ms
[240.612s][info][gc] GC(15423) Pause Young (Allocation Failure) 14M->10M(15M) 0.598ms
[240.617s][info][gc] GC(15424) Pause Young (Allocation Failure) 14M->10M(15M) 0.578ms
[240.623s][info][gc] GC(15425) Pause Young (Allocation Failure) 14M->10M(15M) 0.545ms
[240.628s][info][gc] GC(15426) Pause Young (Allocation Failure) 14M->10M(15M) 0.564ms
[240.633s][info][gc] GC(15427) Pause Young (Allocation Failure) 14M->10M(15M) 0.533ms
[240.638s][info][gc] GC(15428) Pause Young (Allocation Failure) 14M->10M(15M) 0.574ms
[240.643s][info][gc] GC(15429) Pause Young (Allocation Failure) 14M->10M(15M) 0.392ms
[240.648s][info][gc] GC(15430) Pause Young (Allocation Failure) 14M->10M(15M) 0.421ms
[240.653s][info][gc] GC(15431) Pause Young (Allocation Failure) 14M->10M(15M) 0.429ms
[240.658s][info][gc] GC(15432) Pause Young (Allocation Failure) 14M->10M(15M) 0.464ms
[240.663s][info][gc] GC(15433) Pause Young (Allocation Failure) 14M->10M(15M) 0.463ms
[240.668s][info][gc] GC(15434) Pause Young (Allocation Failure) 14M->10M(15M) 0.451ms
[240.673s][info][gc] GC(15435) Pause Young (Allocation Failure) 14M->10M(15M) 0.402ms
[240.679s][info][gc] GC(15436) Pause Young (Allocation Failure) 14M->10M(15M) 0.629ms
[240.685s][info][gc] GC(15437) Pause Young (Allocation Failure) 14M->10M(15M) 0.546ms
[240.690s][info][gc] GC(15438) Pause Young (Allocation Failure) 14M->10M(15M) 0.547ms
[240.696s][info][gc] GC(15439) Pause Young (Allocation Failure) 14M->10M(15M) 0.506ms
[240.701s][info][gc] GC(15440) Pause Young (Allocation Failure) 14M->10M(15M) 0.574ms
[240.706s][info][gc] GC(15441) Pause Young (Allocation Failure) 14M->10M(15M) 0.609ms
[240.711s][info][gc] GC(15442) Pause Young (Allocation Failure) 14M->10M(15M) 0.571ms
[240.717s][info][gc] GC(15443) Pause Young (Allocation Failure) 14M->10M(15M) 0.487ms
[240.722s][info][gc] GC(15444) Pause Young (Allocation Failure) 14M->10M(15M) 0.537ms
[240.727s][info][gc] GC(15445) Pause Young (Allocation Failure) 14M->10M(15M) 0.504ms
[240.732s][info][gc] GC(15446) Pause Young (Allocation Failure) 14M->10M(15M) 0.519ms
[240.737s][info][gc] GC(15447) Pause Young (Allocation Failure) 14M->10M(15M) 0.538ms
[240.743s][info][gc] GC(15448) Pause Young (Allocation Failure) 14M->10M(15M) 0.571ms
[240.748s][info][gc] GC(15449) Pause Young (Allocation Failure) 14M->10M(15M) 0.592ms
[240.753s][info][gc] GC(15450) Pause Young (Allocation Failure) 14M->10M(15M) 0.656ms
[240.757s][info][gc] GC(15451) Pause Young (Allocation Failure) 14M->10M(15M) 0.385ms
[240.762s][info][gc] GC(15452) Pause Young (Allocation Failure) 14M->10M(15M) 0.402ms
[240.768s][info][gc] GC(15453) Pause Young (Allocation Failure) 14M->10M(15M) 0.442ms
[240.773s][info][gc] GC(15454) Pause Young (Allocation Failure) 14M->10M(15M) 0.475ms
[240.779s][info][gc] GC(15455) Pause Young (Allocation Failure) 14M->10M(15M) 0.469ms
[240.784s][info][gc] GC(15456) Pause Young (Allocation Failure) 14M->10M(15M) 0.496ms
[240.789s][info][gc] GC(15457) Pause Young (Allocation Failure) 14M->10M(15M) 0.540ms
[240.795s][info][gc] GC(15458) Pause Young (Allocation Failure) 14M->10M(15M) 0.702ms
[240.799s][info][gc] GC(15459) Pause Young (Allocation Failure) 14M->10M(15M) 0.493ms
[240.804s][info][gc] GC(15460) Pause Young (Allocation Failure) 14M->10M(15M) 0.530ms
[240.810s][info][gc] GC(15461) Pause Young (Allocation Failure) 14M->10M(15M) 0.580ms
[240.815s][info][gc] GC(15462) Pause Young (Allocation Failure) 14M->10M(15M) 0.531ms
[240.820s][info][gc] GC(15463) Pause Young (Allocation Failure) 14M->10M(15M) 0.582ms
[240.826s][info][gc] GC(15464) Pause Young (Allocation Failure) 14M->10M(15M) 0.544ms
[240.831s][info][gc] GC(15465) Pause Young (Allocation Failure) 14M->10M(15M) 0.548ms
[240.836s][info][gc] GC(15466) Pause Young (Allocation Failure) 14M->10M(15M) 0.550ms
[240.840s][info][gc] GC(15467) Pause Young (Allocation Failure) 14M->10M(15M) 0.565ms
[240.845s][info][gc] GC(15468) Pause Young (Allocation Failure) 14M->10M(15M) 0.686ms
[240.850s][info][gc] GC(15469) Pause Young (Allocation Failure) 14M->10M(15M) 0.844ms
[240.855s][info][gc] GC(15470) Pause Young (Allocation Failure) 14M->10M(15M) 0.552ms
[240.860s][info][gc] GC(15471) Pause Young (Allocation Failure) 14M->10M(15M) 0.575ms
[240.866s][info][gc] GC(15472) Pause Young (Allocation Failure) 14M->10M(15M) 0.477ms
[240.871s][info][gc] GC(15473) Pause Young (Allocation Failure) 14M->10M(15M) 0.472ms
[240.876s][info][gc] GC(15474) Pause Young (Allocation Failure) 14M->10M(15M) 0.555ms
[240.881s][info][gc] GC(15475) Pause Young (Allocation Failure) 14M->10M(15M) 0.490ms
[240.887s][info][gc] GC(15476) Pause Young (Allocation Failure) 14M->10M(15M) 0.524ms
[240.894s][info][gc] GC(15477) Pause Young (Allocation Failure) 14M->10M(15M) 0.602ms
[240.900s][info][gc] GC(15478) Pause Young (Allocation Failure) 14M->10M(15M) 0.597ms
[240.905s][info][gc] GC(15479) Pause Young (Allocation Failure) 14M->10M(15M) 0.532ms
[240.910s][info][gc] GC(15480) Pause Young (Allocation Failure) 14M->10M(15M) 0.608ms
[240.917s][info][gc] GC(15481) Pause Young (Allocation Failure) 14M->10M(15M) 0.692ms
[240.922s][info][gc] GC(15482) Pause Young (Allocation Failure) 14M->10M(15M) 0.590ms
[240.927s][info][gc] GC(15483) Pause Young (Allocation Failure) 14M->10M(15M) 0.498ms
[240.933s][info][gc] GC(15484) Pause Young (Allocation Failure) 14M->10M(15M) 0.591ms
[240.938s][info][gc] GC(15485) Pause Young (Allocation Failure) 14M->10M(15M) 0.564ms
[240.943s][info][gc] GC(15486) Pause Young (Allocation Failure) 14M->10M(15M) 0.559ms
[240.949s][info][gc] GC(15487) Pause Young (Allocation Failure) 14M->10M(15M) 0.598ms
[240.953s][info][gc] GC(15488) Pause Young (Allocation Failure) 14M->10M(15M) 0.553ms
[240.959s][info][gc] GC(15489) Pause Young (Allocation Failure) 14M->10M(15M) 0.579ms
[240.964s][info][gc] GC(15490) Pause Young (Allocation Failure) 14M->10M(15M) 0.584ms
[240.969s][info][gc] GC(15491) Pause Young (Allocation Failure) 14M->10M(15M) 0.579ms
[240.975s][info][gc] GC(15492) Pause Young (Allocation Failure) 14M->10M(15M) 0.579ms
[240.981s][info][gc] GC(15493) Pause Young (Allocation Failure) 14M->10M(15M) 0.517ms
[240.986s][info][gc] GC(15494) Pause Young (Allocation Failure) 14M->10M(15M) 0.477ms
[240.991s][info][gc] GC(15495) Pause Young (Allocation Failure) 14M->10M(15M) 0.487ms
[240.997s][info][gc] GC(15496) Pause Young (Allocation Failure) 14M->10M(15M) 0.470ms
[241.002s][info][gc] GC(15497) Pause Young (Allocation Failure) 14M->10M(15M) 0.476ms
[241.007s][info][gc] GC(15498) Pause Young (Allocation Failure) 14M->10M(15M) 0.489ms
[241.013s][info][gc] GC(15499) Pause Young (Allocation Failure) 14M->10M(15M) 0.579ms
[241.018s][info][gc] GC(15500) Pause Young (Allocation Failure) 14M->10M(15M) 0.501ms
[241.024s][info][gc] GC(15501) Pause Young (Allocation Failure) 14M->10M(15M) 0.545ms
[241.029s][info][gc] GC(15502) Pause Young (Allocation Failure) 14M->10M(15M) 0.497ms
[241.034s][info][gc] GC(15503) Pause Young (Allocation Failure) 14M->10M(15M) 0.498ms
[241.039s][info][gc] GC(15504) Pause Young (Allocation Failure) 14M->10M(15M) 0.504ms
[241.045s][info][gc] GC(15505) Pause Young (Allocation Failure) 14M->10M(15M) 0.615ms
[241.050s][info][gc] GC(15506) Pause Young (Allocation Failure) 14M->10M(15M) 0.567ms
[241.055s][info][gc] GC(15507) Pause Young (Allocation Failure) 14M->10M(15M) 0.563ms
[241.061s][info][gc] GC(15508) Pause Young (Allocation Failure) 14M->10M(15M) 0.621ms
[241.069s][info][gc] GC(15509) Pause Young (Allocation Failure) 14M->10M(15M) 0.761ms
[241.076s][info][gc] GC(15510) Pause Young (Allocation Failure) 14M->10M(15M) 0.872ms
[241.081s][info][gc] GC(15511) Pause Young (Allocation Failure) 14M->10M(15M) 0.392ms
[241.087s][info][gc] GC(15512) Pause Young (Allocation Failure) 14M->10M(15M) 0.474ms
[241.093s][info][gc] GC(15513) Pause Young (Allocation Failure) 14M->10M(15M) 0.483ms
[241.099s][info][gc] GC(15514) Pause Young (Allocation Failure) 14M->10M(15M) 0.397ms
[241.104s][info][gc] GC(15515) Pause Young (Allocation Failure) 14M->10M(15M) 0.407ms
[241.109s][info][gc] GC(15516) Pause Young (Allocation Failure) 14M->10M(15M) 0.471ms
[241.116s][info][gc] GC(15517) Pause Young (Allocation Failure) 14M->10M(15M) 0.484ms
[241.123s][info][gc] GC(15518) Pause Young (Allocation Failure) 14M->10M(15M) 0.474ms
[241.129s][info][gc] GC(15519) Pause Young (Allocation Failure) 14M->10M(15M) 0.521ms
[241.136s][info][gc] GC(15520) Pause Young (Allocation Failure) 14M->10M(15M) 0.840ms
[241.142s][info][gc] GC(15521) Pause Young (Allocation Failure) 14M->10M(15M) 0.688ms
[241.148s][info][gc] GC(15522) Pause Young (Allocation Failure) 14M->10M(15M) 0.546ms
[241.153s][info][gc] GC(15523) Pause Young (Allocation Failure) 14M->10M(15M) 0.814ms
[241.158s][info][gc] GC(15524) Pause Young (Allocation Failure) 14M->10M(15M) 0.622ms
[241.164s][info][gc] GC(15525) Pause Young (Allocation Failure) 14M->10M(15M) 0.551ms
[241.169s][info][gc] GC(15526) Pause Young (Allocation Failure) 14M->10M(15M) 0.709ms
[241.174s][info][gc] GC(15527) Pause Young (Allocation Failure) 14M->10M(15M) 0.600ms
[241.180s][info][gc] GC(15528) Pause Young (Allocation Failure) 14M->10M(15M) 0.755ms
[241.185s][info][gc] GC(15529) Pause Young (Allocation Failure) 14M->10M(15M) 0.611ms
[241.190s][info][gc] GC(15530) Pause Young (Allocation Failure) 14M->10M(15M) 0.570ms
[241.196s][info][gc] GC(15531) Pause Young (Allocation Failure) 14M->10M(15M) 0.891ms
[241.201s][info][gc] GC(15532) Pause Young (Allocation Failure) 14M->10M(15M) 0.417ms
[241.206s][info][gc] GC(15533) Pause Young (Allocation Failure) 14M->10M(15M) 0.394ms
[241.212s][info][gc] GC(15534) Pause Young (Allocation Failure) 14M->10M(15M) 0.405ms
[241.217s][info][gc] GC(15535) Pause Young (Allocation Failure) 14M->10M(15M) 0.450ms
[241.222s][info][gc] GC(15536) Pause Young (Allocation Failure) 14M->10M(15M) 0.522ms
[241.227s][info][gc] GC(15537) Pause Young (Allocation Failure) 14M->10M(15M) 0.478ms
[241.233s][info][gc] GC(15538) Pause Young (Allocation Failure) 14M->10M(15M) 0.588ms
[241.238s][info][gc] GC(15539) Pause Young (Allocation Failure) 14M->10M(15M) 0.553ms
[241.243s][info][gc] GC(15540) Pause Young (Allocation Failure) 14M->10M(15M) 0.570ms
[241.248s][info][gc] GC(15541) Pause Young (Allocation Failure) 14M->10M(15M) 0.696ms
[241.253s][info][gc] GC(15542) Pause Young (Allocation Failure) 14M->10M(15M) 0.637ms
[241.258s][info][gc] GC(15543) Pause Young (Allocation Failure) 14M->10M(15M) 0.629ms
[241.264s][info][gc] GC(15544) Pause Young (Allocation Failure) 14M->10M(15M) 0.640ms
[241.269s][info][gc] GC(15545) Pause Young (Allocation Failure) 14M->10M(15M) 0.546ms
[241.274s][info][gc] GC(15546) Pause Young (Allocation Failure) 14M->10M(15M) 0.567ms
[241.280s][info][gc] GC(15547) Pause Young (Allocation Failure) 14M->10M(15M) 0.615ms
[241.285s][info][gc] GC(15548) Pause Young (Allocation Failure) 14M->10M(15M) 0.584ms
[241.290s][info][gc] GC(15549) Pause Young (Allocation Failure) 14M->10M(15M) 0.628ms
[241.296s][info][gc] GC(15550) Pause Young (Allocation Failure) 14M->10M(15M) 0.573ms
[241.301s][info][gc] GC(15551) Pause Young (Allocation Failure) 14M->10M(15M) 0.608ms
[241.306s][info][gc] GC(15552) Pause Young (Allocation Failure) 14M->10M(15M) 0.531ms
[241.312s][info][gc] GC(15553) Pause Young (Allocation Failure) 14M->10M(15M) 0.405ms
[241.316s][info][gc] GC(15554) Pause Young (Allocation Failure) 14M->10M(15M) 0.422ms
[241.321s][info][gc] GC(15555) Pause Young (Allocation Failure) 14M->10M(15M) 0.388ms
[241.326s][info][gc] GC(15556) Pause Young (Allocation Failure) 14M->10M(15M) 0.451ms
[241.331s][info][gc] GC(15557) Pause Young (Allocation Failure) 14M->10M(15M) 0.520ms
[241.336s][info][gc] GC(15558) Pause Young (Allocation Failure) 14M->10M(15M) 0.497ms
[241.342s][info][gc] GC(15559) Pause Young (Allocation Failure) 14M->10M(15M) 0.485ms
[241.347s][info][gc] GC(15560) Pause Young (Allocation Failure) 14M->10M(15M) 0.501ms
[241.352s][info][gc] GC(15561) Pause Young (Allocation Failure) 14M->10M(15M) 0.502ms
[241.357s][info][gc] GC(15562) Pause Young (Allocation Failure) 14M->10M(15M) 0.555ms
[241.362s][info][gc] GC(15563) Pause Young (Allocation Failure) 14M->10M(15M) 0.495ms
[241.367s][info][gc] GC(15564) Pause Young (Allocation Failure) 14M->10M(15M) 0.507ms
[241.373s][info][gc] GC(15565) Pause Young (Allocation Failure) 14M->10M(15M) 0.852ms
[241.379s][info][gc] GC(15566) Pause Young (Allocation Failure) 14M->10M(15M) 0.553ms
[241.386s][info][gc] GC(15567) Pause Young (Allocation Failure) 14M->10M(15M) 0.656ms
[241.391s][info][gc] GC(15568) Pause Young (Allocation Failure) 14M->10M(15M) 0.590ms
[241.396s][info][gc] GC(15569) Pause Young (Allocation Failure) 14M->10M(15M) 0.579ms
[241.401s][info][gc] GC(15570) Pause Young (Allocation Failure) 14M->10M(15M) 0.540ms
[241.407s][info][gc] GC(15571) Pause Young (Allocation Failure) 14M->10M(15M) 0.624ms
[241.413s][info][gc] GC(15572) Pause Young (Allocation Failure) 14M->10M(15M) 0.544ms
[241.418s][info][gc] GC(15573) Pause Young (Allocation Failure) 14M->10M(15M) 0.777ms
[241.424s][info][gc] GC(15574) Pause Young (Allocation Failure) 14M->10M(15M) 0.616ms
[241.429s][info][gc] GC(15575) Pause Young (Allocation Failure) 14M->10M(15M) 0.540ms
[241.434s][info][gc] GC(15576) Pause Young (Allocation Failure) 14M->10M(15M) 0.422ms
[241.440s][info][gc] GC(15577) Pause Young (Allocation Failure) 14M->10M(15M) 0.436ms
[241.445s][info][gc] GC(15578) Pause Young (Allocation Failure) 14M->10M(15M) 0.400ms
[241.450s][info][gc] GC(15579) Pause Young (Allocation Failure) 14M->10M(15M) 0.426ms
[241.455s][info][gc] GC(15580) Pause Young (Allocation Failure) 14M->10M(15M) 0.483ms
[241.460s][info][gc] GC(15581) Pause Young (Allocation Failure) 14M->10M(15M) 0.447ms
[241.465s][info][gc] GC(15582) Pause Young (Allocation Failure) 14M->10M(15M) 0.444ms
[241.471s][info][gc] GC(15583) Pause Young (Allocation Failure) 14M->10M(15M) 0.529ms
[241.477s][info][gc] GC(15584) Pause Young (Allocation Failure) 14M->10M(15M) 0.498ms
[241.482s][info][gc] GC(15585) Pause Young (Allocation Failure) 14M->10M(15M) 0.553ms
[241.487s][info][gc] GC(15586) Pause Young (Allocation Failure) 14M->10M(15M) 0.536ms
[241.492s][info][gc] GC(15587) Pause Young (Allocation Failure) 14M->10M(15M) 0.507ms
[241.497s][info][gc] GC(15588) Pause Young (Allocation Failure) 14M->10M(15M) 0.475ms
[241.503s][info][gc] GC(15589) Pause Young (Allocation Failure) 14M->10M(15M) 0.584ms
[241.508s][info][gc] GC(15590) Pause Young (Allocation Failure) 14M->10M(15M) 0.669ms
[241.513s][info][gc] GC(15591) Pause Young (Allocation Failure) 14M->10M(15M) 0.653ms
[241.518s][info][gc] GC(15592) Pause Young (Allocation Failure) 14M->10M(15M) 0.610ms
[241.523s][info][gc] GC(15593) Pause Young (Allocation Failure) 14M->10M(15M) 0.633ms
[241.528s][info][gc] GC(15594) Pause Young (Allocation Failure) 14M->10M(15M) 0.659ms
[241.535s][info][gc] GC(15595) Pause Young (Allocation Failure) 14M->10M(15M) 0.736ms
[241.540s][info][gc] GC(15596) Pause Young (Allocation Failure) 14M->10M(15M) 0.601ms
[241.545s][info][gc] GC(15597) Pause Young (Allocation Failure) 14M->10M(15M) 0.514ms
[241.550s][info][gc] GC(15598) Pause Young (Allocation Failure) 14M->10M(15M) 0.537ms
[241.555s][info][gc] GC(15599) Pause Young (Allocation Failure) 14M->10M(15M) 0.358ms
[241.560s][info][gc] GC(15600) Pause Young (Allocation Failure) 14M->10M(15M) 0.435ms
[241.565s][info][gc] GC(15601) Pause Young (Allocation Failure) 14M->10M(15M) 0.389ms
[241.570s][info][gc] GC(15602) Pause Young (Allocation Failure) 14M->10M(15M) 0.398ms
[241.575s][info][gc] GC(15603) Pause Young (Allocation Failure) 14M->10M(15M) 0.525ms
[241.580s][info][gc] GC(15604) Pause Young (Allocation Failure) 14M->10M(15M) 0.420ms
[241.585s][info][gc] GC(15605) Pause Young (Allocation Failure) 14M->10M(15M) 0.514ms
[241.592s][info][gc] GC(15606) Pause Young (Allocation Failure) 14M->10M(15M) 0.566ms
[241.597s][info][gc] GC(15607) Pause Young (Allocation Failure) 14M->10M(15M) 0.512ms
[241.602s][info][gc] GC(15608) Pause Young (Allocation Failure) 14M->10M(15M) 0.499ms
[241.607s][info][gc] GC(15609) Pause Young (Allocation Failure) 14M->10M(15M) 0.532ms
[241.612s][info][gc] GC(15610) Pause Young (Allocation Failure) 14M->10M(15M) 0.575ms
[241.617s][info][gc] GC(15611) Pause Young (Allocation Failure) 14M->10M(15M) 0.562ms
[241.622s][info][gc] GC(15612) Pause Young (Allocation Failure) 14M->10M(15M) 0.690ms
[241.627s][info][gc] GC(15613) Pause Young (Allocation Failure) 14M->10M(15M) 0.753ms
[241.633s][info][gc] GC(15614) Pause Young (Allocation Failure) 14M->10M(15M) 0.647ms
[241.638s][info][gc] GC(15615) Pause Young (Allocation Failure) 14M->10M(15M) 0.593ms
[241.644s][info][gc] GC(15616) Pause Young (Allocation Failure) 14M->10M(15M) 0.674ms
[241.650s][info][gc] GC(15617) Pause Young (Allocation Failure) 14M->10M(15M) 0.637ms
[241.655s][info][gc] GC(15618) Pause Young (Allocation Failure) 14M->10M(15M) 0.385ms
[241.659s][info][gc] GC(15619) Pause Young (Allocation Failure) 14M->10M(15M) 0.447ms
[241.664s][info][gc] GC(15620) Pause Young (Allocation Failure) 14M->10M(15M) 0.447ms
[241.669s][info][gc] GC(15621) Pause Young (Allocation Failure) 14M->10M(15M) 0.476ms
[241.674s][info][gc] GC(15622) Pause Young (Allocation Failure) 14M->10M(15M) 0.438ms
[241.680s][info][gc] GC(15623) Pause Young (Allocation Failure) 14M->10M(15M) 0.720ms
[241.686s][info][gc] GC(15624) Pause Young (Allocation Failure) 14M->10M(15M) 0.499ms
[241.691s][info][gc] GC(15625) Pause Young (Allocation Failure) 14M->10M(15M) 0.498ms
[241.696s][info][gc] GC(15626) Pause Young (Allocation Failure) 14M->10M(15M) 0.502ms
[241.701s][info][gc] GC(15627) Pause Young (Allocation Failure) 14M->10M(15M) 0.573ms
[241.707s][info][gc] GC(15628) Pause Young (Allocation Failure) 14M->10M(15M) 0.481ms
[241.711s][info][gc] GC(15629) Pause Young (Allocation Failure) 14M->10M(15M) 0.448ms
[241.716s][info][gc] GC(15630) Pause Young (Allocation Failure) 14M->10M(15M) 0.516ms
[241.721s][info][gc] GC(15631) Pause Young (Allocation Failure) 14M->10M(15M) 0.792ms
[241.726s][info][gc] GC(15632) Pause Young (Allocation Failure) 14M->10M(15M) 0.561ms
[241.732s][info][gc] GC(15633) Pause Young (Allocation Failure) 14M->10M(15M) 0.657ms
[241.737s][info][gc] GC(15634) Pause Young (Allocation Failure) 14M->10M(15M) 0.601ms
[241.742s][info][gc] GC(15635) Pause Young (Allocation Failure) 14M->10M(15M) 0.700ms
[241.748s][info][gc] GC(15636) Pause Young (Allocation Failure) 14M->10M(15M) 0.648ms
[241.753s][info][gc] GC(15637) Pause Young (Allocation Failure) 14M->10M(15M) 0.661ms
[241.758s][info][gc] GC(15638) Pause Young (Allocation Failure) 14M->10M(15M) 0.603ms
[241.764s][info][gc] GC(15639) Pause Young (Allocation Failure) 14M->10M(15M) 0.389ms
[241.768s][info][gc] GC(15640) Pause Young (Allocation Failure) 14M->10M(15M) 0.458ms
[241.773s][info][gc] GC(15641) Pause Young (Allocation Failure) 14M->10M(15M) 0.417ms
[241.778s][info][gc] GC(15642) Pause Young (Allocation Failure) 14M->10M(15M) 0.439ms
[241.784s][info][gc] GC(15643) Pause Young (Allocation Failure) 14M->10M(15M) 0.697ms
[241.790s][info][gc] GC(15644) Pause Young (Allocation Failure) 14M->10M(15M) 0.517ms
[241.795s][info][gc] GC(15645) Pause Young (Allocation Failure) 14M->10M(15M) 0.531ms
[241.800s][info][gc] GC(15646) Pause Young (Allocation Failure) 14M->10M(15M) 0.519ms
[241.805s][info][gc] GC(15647) Pause Young (Allocation Failure) 14M->10M(15M) 0.510ms
[241.811s][info][gc] GC(15648) Pause Young (Allocation Failure) 14M->10M(15M) 0.562ms
[241.816s][info][gc] GC(15649) Pause Young (Allocation Failure) 14M->10M(15M) 0.481ms
[241.821s][info][gc] GC(15650) Pause Young (Allocation Failure) 14M->10M(15M) 0.499ms
[241.826s][info][gc] GC(15651) Pause Young (Allocation Failure) 14M->10M(15M) 0.500ms
[241.831s][info][gc] GC(15652) Pause Young (Allocation Failure) 14M->10M(15M) 0.500ms
[241.837s][info][gc] GC(15653) Pause Young (Allocation Failure) 14M->10M(15M) 0.553ms
[241.842s][info][gc] GC(15654) Pause Young (Allocation Failure) 14M->10M(15M) 0.610ms
[241.846s][info][gc] GC(15655) Pause Young (Allocation Failure) 14M->10M(15M) 0.588ms
[241.852s][info][gc] GC(15656) Pause Young (Allocation Failure) 14M->10M(15M) 0.577ms
[241.857s][info][gc] GC(15657) Pause Young (Allocation Failure) 14M->10M(15M) 0.642ms
[241.863s][info][gc] GC(15658) Pause Young (Allocation Failure) 14M->10M(15M) 0.846ms
[241.867s][info][gc] GC(15659) Pause Young (Allocation Failure) 14M->10M(15M) 0.387ms
[241.872s][info][gc] GC(15660) Pause Young (Allocation Failure) 14M->10M(15M) 0.452ms
[241.877s][info][gc] GC(15661) Pause Young (Allocation Failure) 14M->10M(15M) 0.621ms
[241.886s][info][gc] GC(15662) Pause Young (Allocation Failure) 14M->10M(15M) 0.664ms
[241.892s][info][gc] GC(15663) Pause Young (Allocation Failure) 14M->10M(15M) 0.573ms
[241.898s][info][gc] GC(15664) Pause Young (Allocation Failure) 14M->10M(15M) 0.566ms
[241.906s][info][gc] GC(15665) Pause Young (Allocation Failure) 14M->10M(15M) 0.502ms
[241.912s][info][gc] GC(15666) Pause Young (Allocation Failure) 14M->10M(15M) 0.514ms
[241.918s][info][gc] GC(15667) Pause Young (Allocation Failure) 14M->10M(15M) 0.531ms
[241.923s][info][gc] GC(15668) Pause Young (Allocation Failure) 14M->10M(15M) 0.541ms
[241.929s][info][gc] GC(15669) Pause Young (Allocation Failure) 14M->10M(15M) 0.466ms
[241.934s][info][gc] GC(15670) Pause Young (Allocation Failure) 14M->10M(15M) 0.425ms
[241.939s][info][gc] GC(15671) Pause Young (Allocation Failure) 14M->10M(15M) 0.404ms
[241.944s][info][gc] GC(15672) Pause Young (Allocation Failure) 14M->10M(15M) 0.524ms
[241.949s][info][gc] GC(15673) Pause Young (Allocation Failure) 14M->10M(15M) 0.425ms
[241.954s][info][gc] GC(15674) Pause Young (Allocation Failure) 14M->10M(15M) 0.564ms
[241.959s][info][gc] GC(15675) Pause Young (Allocation Failure) 14M->10M(15M) 0.463ms
[241.965s][info][gc] GC(15676) Pause Young (Allocation Failure) 14M->10M(15M) 0.564ms
[241.971s][info][gc] GC(15677) Pause Young (Allocation Failure) 14M->10M(15M) 0.520ms
[241.976s][info][gc] GC(15678) Pause Young (Allocation Failure) 14M->10M(15M) 0.647ms
[241.981s][info][gc] GC(15679) Pause Young (Allocation Failure) 14M->10M(15M) 0.660ms
[241.987s][info][gc] GC(15680) Pause Young (Allocation Failure) 14M->10M(15M) 0.713ms
[241.992s][info][gc] GC(15681) Pause Young (Allocation Failure) 14M->10M(15M) 0.612ms
[241.998s][info][gc] GC(15682) Pause Young (Allocation Failure) 14M->10M(15M) 0.648ms
[242.003s][info][gc] GC(15683) Pause Young (Allocation Failure) 14M->10M(15M) 0.624ms
[242.009s][info][gc] GC(15684) Pause Young (Allocation Failure) 14M->10M(15M) 0.770ms
[242.014s][info][gc] GC(15685) Pause Young (Allocation Failure) 14M->10M(15M) 0.432ms
[242.019s][info][gc] GC(15686) Pause Young (Allocation Failure) 14M->10M(15M) 0.400ms
[242.024s][info][gc] GC(15687) Pause Young (Allocation Failure) 14M->10M(15M) 0.448ms
[242.029s][info][gc] GC(15688) Pause Young (Allocation Failure) 14M->10M(15M) 0.466ms
[242.034s][info][gc] GC(15689) Pause Young (Allocation Failure) 14M->10M(15M) 0.458ms
[242.039s][info][gc] GC(15690) Pause Young (Allocation Failure) 14M->10M(15M) 0.570ms
[242.044s][info][gc] GC(15691) Pause Young (Allocation Failure) 14M->10M(15M) 0.483ms
[242.050s][info][gc] GC(15692) Pause Young (Allocation Failure) 14M->10M(15M) 0.510ms
[242.055s][info][gc] GC(15693) Pause Young (Allocation Failure) 14M->10M(15M) 0.640ms
[242.060s][info][gc] GC(15694) Pause Young (Allocation Failure) 14M->10M(15M) 0.505ms
[242.065s][info][gc] GC(15695) Pause Young (Allocation Failure) 14M->10M(15M) 0.572ms
[242.071s][info][gc] GC(15696) Pause Young (Allocation Failure) 14M->10M(15M) 0.531ms
[242.077s][info][gc] GC(15697) Pause Young (Allocation Failure) 14M->10M(15M) 0.774ms
[242.085s][info][gc] GC(15698) Pause Young (Allocation Failure) 14M->10M(15M) 0.728ms
[242.091s][info][gc] GC(15699) Pause Young (Allocation Failure) 14M->10M(15M) 0.591ms
[242.095s][info][gc] GC(15700) Pause Young (Allocation Failure) 14M->10M(15M) 0.565ms
[242.100s][info][gc] GC(15701) Pause Young (Allocation Failure) 14M->10M(15M) 0.566ms
[242.106s][info][gc] GC(15702) Pause Young (Allocation Failure) 14M->10M(15M) 0.593ms
[242.113s][info][gc] GC(15703) Pause Young (Allocation Failure) 14M->10M(15M) 0.565ms
[242.118s][info][gc] GC(15704) Pause Young (Allocation Failure) 14M->10M(15M) 0.365ms
[242.123s][info][gc] GC(15705) Pause Young (Allocation Failure) 14M->10M(15M) 0.468ms
[242.128s][info][gc] GC(15706) Pause Young (Allocation Failure) 14M->10M(15M) 0.447ms
[242.133s][info][gc] GC(15707) Pause Young (Allocation Failure) 14M->10M(15M) 0.660ms
[242.139s][info][gc] GC(15708) Pause Young (Allocation Failure) 14M->10M(15M) 0.458ms
[242.144s][info][gc] GC(15709) Pause Young (Allocation Failure) 14M->10M(15M) 0.447ms
[242.149s][info][gc] GC(15710) Pause Young (Allocation Failure) 14M->10M(15M) 0.467ms
[242.155s][info][gc] GC(15711) Pause Young (Allocation Failure) 14M->10M(15M) 0.515ms
[242.163s][info][gc] GC(15712) Pause Young (Allocation Failure) 14M->10M(15M) 0.546ms
[242.168s][info][gc] GC(15713) Pause Young (Allocation Failure) 14M->10M(15M) 0.582ms
[242.174s][info][gc] GC(15714) Pause Young (Allocation Failure) 14M->10M(15M) 0.547ms
[242.178s][info][gc] GC(15715) Pause Young (Allocation Failure) 14M->10M(15M) 0.560ms
[242.185s][info][gc] GC(15716) Pause Young (Allocation Failure) 14M->10M(15M) 0.890ms
[242.191s][info][gc] GC(15717) Pause Young (Allocation Failure) 14M->10M(15M) 0.603ms
[242.196s][info][gc] GC(15718) Pause Young (Allocation Failure) 14M->10M(15M) 0.629ms
[242.202s][info][gc] GC(15719) Pause Young (Allocation Failure) 14M->10M(15M) 0.728ms
[242.209s][info][gc] GC(15720) Pause Young (Allocation Failure) 14M->10M(15M) 0.930ms
[242.217s][info][gc] GC(15721) Pause Young (Allocation Failure) 14M->10M(15M) 0.625ms
[242.222s][info][gc] GC(15722) Pause Young (Allocation Failure) 14M->10M(15M) 0.760ms
[242.228s][info][gc] GC(15723) Pause Young (Allocation Failure) 14M->10M(15M) 0.569ms
[242.234s][info][gc] GC(15724) Pause Young (Allocation Failure) 14M->10M(15M) 0.615ms
[242.241s][info][gc] GC(15725) Pause Young (Allocation Failure) 14M->10M(15M) 0.475ms
[242.247s][info][gc] GC(15726) Pause Young (Allocation Failure) 14M->10M(15M) 0.710ms
[242.254s][info][gc] GC(15727) Pause Young (Allocation Failure) 14M->10M(15M) 0.461ms
[242.260s][info][gc] GC(15728) Pause Young (Allocation Failure) 14M->10M(15M) 0.677ms
[242.266s][info][gc] GC(15729) Pause Young (Allocation Failure) 14M->10M(15M) 0.520ms
[242.272s][info][gc] GC(15730) Pause Young (Allocation Failure) 14M->10M(15M) 0.690ms
[242.278s][info][gc] GC(15731) Pause Young (Allocation Failure) 14M->10M(15M) 0.756ms
[242.284s][info][gc] GC(15732) Pause Young (Allocation Failure) 14M->10M(15M) 0.744ms
[242.291s][info][gc] GC(15733) Pause Young (Allocation Failure) 14M->10M(15M) 0.902ms
[242.300s][info][gc] GC(15734) Pause Young (Allocation Failure) 14M->10M(15M) 0.631ms
[242.307s][info][gc] GC(15735) Pause Young (Allocation Failure) 14M->10M(15M) 0.967ms
[242.314s][info][gc] GC(15736) Pause Young (Allocation Failure) 14M->10M(15M) 0.662ms
[242.321s][info][gc] GC(15737) Pause Young (Allocation Failure) 14M->10M(15M) 0.929ms
[242.329s][info][gc] GC(15738) Pause Young (Allocation Failure) 14M->10M(15M) 0.906ms
[242.336s][info][gc] GC(15739) Pause Young (Allocation Failure) 14M->10M(15M) 0.598ms
[242.341s][info][gc] GC(15740) Pause Young (Allocation Failure) 14M->10M(15M) 0.624ms
[242.347s][info][gc] GC(15741) Pause Young (Allocation Failure) 14M->10M(15M) 0.592ms
[242.352s][info][gc] GC(15742) Pause Young (Allocation Failure) 14M->10M(15M) 0.583ms
[242.357s][info][gc] GC(15743) Pause Young (Allocation Failure) 14M->10M(15M) 0.432ms
[242.362s][info][gc] GC(15744) Pause Young (Allocation Failure) 14M->10M(15M) 0.411ms
[242.368s][info][gc] GC(15745) Pause Young (Allocation Failure) 14M->10M(15M) 0.423ms
[242.373s][info][gc] GC(15746) Pause Young (Allocation Failure) 14M->10M(15M) 0.429ms
[242.378s][info][gc] GC(15747) Pause Young (Allocation Failure) 14M->10M(15M) 0.436ms
[242.383s][info][gc] GC(15748) Pause Young (Allocation Failure) 14M->10M(15M) 0.680ms
[242.390s][info][gc] GC(15749) Pause Young (Allocation Failure) 14M->10M(15M) 0.799ms
[242.397s][info][gc] GC(15750) Pause Young (Allocation Failure) 14M->10M(15M) 0.524ms
[242.402s][info][gc] GC(15751) Pause Young (Allocation Failure) 14M->10M(15M) 0.509ms
[242.408s][info][gc] GC(15752) Pause Young (Allocation Failure) 14M->10M(15M) 0.546ms
[242.414s][info][gc] GC(15753) Pause Young (Allocation Failure) 14M->10M(15M) 0.568ms
[242.419s][info][gc] GC(15754) Pause Young (Allocation Failure) 14M->10M(15M) 0.512ms
[242.425s][info][gc] GC(15755) Pause Young (Allocation Failure) 14M->10M(15M) 1.294ms
[242.430s][info][gc] GC(15756) Pause Young (Allocation Failure) 14M->10M(15M) 0.686ms
[242.437s][info][gc] GC(15757) Pause Young (Allocation Failure) 14M->10M(15M) 0.562ms
[242.442s][info][gc] GC(15758) Pause Young (Allocation Failure) 15M->10M(15M) 0.581ms
[242.448s][info][gc] GC(15759) Pause Young (Allocation Failure) 14M->10M(15M) 0.566ms
[242.453s][info][gc] GC(15760) Pause Young (Allocation Failure) 14M->10M(15M) 0.598ms
[242.459s][info][gc] GC(15761) Pause Young (Allocation Failure) 14M->10M(15M) 0.604ms
[242.464s][info][gc] GC(15762) Pause Young (Allocation Failure) 15M->10M(15M) 0.383ms
[242.469s][info][gc] GC(15763) Pause Young (Allocation Failure) 14M->10M(15M) 0.379ms
[242.474s][info][gc] GC(15764) Pause Young (Allocation Failure) 14M->10M(15M) 0.424ms
[242.479s][info][gc] GC(15765) Pause Young (Allocation Failure) 14M->10M(15M) 0.435ms
[242.484s][info][gc] GC(15766) Pause Young (Allocation Failure) 14M->10M(15M) 0.456ms
[242.490s][info][gc] GC(15767) Pause Young (Allocation Failure) 14M->10M(15M) 0.458ms
[242.494s][info][gc] GC(15768) Pause Young (Allocation Failure) 14M->10M(15M) 0.410ms
[242.500s][info][gc] GC(15769) Pause Young (Allocation Failure) 14M->10M(15M) 0.487ms
[242.505s][info][gc] GC(15770) Pause Young (Allocation Failure) 14M->10M(15M) 0.441ms
[242.510s][info][gc] GC(15771) Pause Young (Allocation Failure) 14M->10M(15M) 0.548ms
[242.515s][info][gc] GC(15772) Pause Young (Allocation Failure) 14M->10M(15M) 0.520ms
[242.521s][info][gc] GC(15773) Pause Young (Allocation Failure) 14M->10M(15M) 0.633ms
[242.526s][info][gc] GC(15774) Pause Young (Allocation Failure) 14M->10M(15M) 0.584ms
[242.531s][info][gc] GC(15775) Pause Young (Allocation Failure) 14M->10M(15M) 0.568ms
[242.537s][info][gc] GC(15776) Pause Young (Allocation Failure) 14M->10M(15M) 0.594ms
[242.542s][info][gc] GC(15777) Pause Young (Allocation Failure) 14M->10M(15M) 0.576ms
[242.547s][info][gc] GC(15778) Pause Young (Allocation Failure) 15M->10M(15M) 0.565ms
[242.553s][info][gc] GC(15779) Pause Young (Allocation Failure) 15M->10M(15M) 0.627ms
[242.558s][info][gc] GC(15780) Pause Young (Allocation Failure) 15M->10M(15M) 0.603ms
[242.563s][info][gc] GC(15781) Pause Young (Allocation Failure) 15M->10M(15M) 0.516ms
[242.568s][info][gc] GC(15782) Pause Young (Allocation Failure) 14M->10M(15M) 0.519ms
[242.573s][info][gc] GC(15783) Pause Young (Allocation Failure) 14M->10M(15M) 0.549ms
[242.580s][info][gc] GC(15784) Pause Young (Allocation Failure) 15M->10M(15M) 0.655ms
[242.586s][info][gc] GC(15785) Pause Young (Allocation Failure) 15M->10M(15M) 0.412ms
[242.593s][info][gc] GC(15786) Pause Young (Allocation Failure) 14M->10M(15M) 0.441ms
[242.598s][info][gc] GC(15787) Pause Young (Allocation Failure) 14M->10M(15M) 0.432ms
[242.603s][info][gc] GC(15788) Pause Young (Allocation Failure) 14M->10M(15M) 0.442ms
[242.608s][info][gc] GC(15789) Pause Young (Allocation Failure) 14M->10M(15M) 0.463ms
[242.614s][info][gc] GC(15790) Pause Young (Allocation Failure) 14M->10M(15M) 0.504ms
[242.619s][info][gc] GC(15791) Pause Young (Allocation Failure) 14M->10M(15M) 0.456ms
[242.625s][info][gc] GC(15792) Pause Young (Allocation Failure) 14M->10M(15M) 0.503ms
[242.630s][info][gc] GC(15793) Pause Young (Allocation Failure) 14M->10M(15M) 0.521ms
[242.635s][info][gc] GC(15794) Pause Young (Allocation Failure) 14M->10M(15M) 0.489ms
[242.640s][info][gc] GC(15795) Pause Young (Allocation Failure) 14M->10M(15M) 0.564ms
[242.645s][info][gc] GC(15796) Pause Young (Allocation Failure) 14M->10M(15M) 0.694ms
[242.650s][info][gc] GC(15797) Pause Young (Allocation Failure) 14M->10M(15M) 0.532ms
[242.656s][info][gc] GC(15798) Pause Young (Allocation Failure) 14M->10M(15M) 0.639ms
[242.660s][info][gc] GC(15799) Pause Young (Allocation Failure) 14M->10M(15M) 0.631ms
[242.665s][info][gc] GC(15800) Pause Young (Allocation Failure) 15M->10M(15M) 0.591ms
[242.670s][info][gc] GC(15801) Pause Young (Allocation Failure) 15M->10M(15M) 0.598ms
[242.676s][info][gc] GC(15802) Pause Young (Allocation Failure) 15M->10M(15M) 0.800ms
[242.683s][info][gc] GC(15803) Pause Young (Allocation Failure) 15M->10M(15M) 0.905ms
[242.689s][info][gc] GC(15804) Pause Young (Allocation Failure) 15M->10M(15M) 0.582ms
[242.694s][info][gc] GC(15805) Pause Young (Allocation Failure) 14M->10M(15M) 0.580ms
[242.699s][info][gc] GC(15806) Pause Young (Allocation Failure) 15M->10M(15M) 0.574ms
[242.704s][info][gc] GC(15807) Pause Young (Allocation Failure) 15M->10M(15M) 0.383ms
[242.710s][info][gc] GC(15808) Pause Young (Allocation Failure) 14M->10M(15M) 0.362ms
[242.715s][info][gc] GC(15809) Pause Young (Allocation Failure) 14M->10M(15M) 0.333ms
[242.720s][info][gc] GC(15810) Pause Young (Allocation Failure) 14M->10M(15M) 0.446ms
[242.724s][info][gc] GC(15811) Pause Young (Allocation Failure) 14M->10M(15M) 0.414ms
[242.729s][info][gc] GC(15812) Pause Young (Allocation Failure) 14M->10M(15M) 0.432ms
[242.735s][info][gc] GC(15813) Pause Young (Allocation Failure) 14M->10M(15M) 0.424ms
[242.740s][info][gc] GC(15814) Pause Young (Allocation Failure) 14M->10M(15M) 0.537ms
[242.745s][info][gc] GC(15815) Pause Young (Allocation Failure) 14M->10M(15M) 0.513ms
[242.750s][info][gc] GC(15816) Pause Young (Allocation Failure) 14M->10M(15M) 0.530ms
[242.755s][info][gc] GC(15817) Pause Young (Allocation Failure) 14M->10M(15M) 0.585ms
[242.761s][info][gc] GC(15818) Pause Young (Allocation Failure) 14M->10M(15M) 0.559ms
[242.766s][info][gc] GC(15819) Pause Young (Allocation Failure) 15M->10M(15M) 0.570ms
[242.771s][info][gc] GC(15820) Pause Young (Allocation Failure) 15M->10M(15M) 0.567ms
[242.775s][info][gc] GC(15821) Pause Young (Allocation Failure) 15M->10M(15M) 0.569ms
[242.780s][info][gc] GC(15822) Pause Young (Allocation Failure) 15M->10M(15M) 0.570ms
[242.785s][info][gc] GC(15823) Pause Young (Allocation Failure) 15M->10M(15M) 0.593ms
[242.791s][info][gc] GC(15824) Pause Young (Allocation Failure) 15M->10M(15M) 0.842ms
[242.797s][info][gc] GC(15825) Pause Young (Allocation Failure) 15M->10M(15M) 0.789ms
[242.802s][info][gc] GC(15826) Pause Young (Allocation Failure) 15M->10M(15M) 0.594ms
[242.807s][info][gc] GC(15827) Pause Young (Allocation Failure) 15M->10M(15M) 0.622ms
[242.813s][info][gc] GC(15828) Pause Young (Allocation Failure) 15M->10M(15M) 0.424ms
[242.818s][info][gc] GC(15829) Pause Young (Allocation Failure) 14M->10M(15M) 0.439ms
[242.823s][info][gc] GC(15830) Pause Young (Allocation Failure) 14M->10M(15M) 0.518ms
[242.828s][info][gc] GC(15831) Pause Young (Allocation Failure) 14M->10M(15M) 0.449ms
[242.833s][info][gc] GC(15832) Pause Young (Allocation Failure) 14M->10M(15M) 0.449ms
[242.839s][info][gc] GC(15833) Pause Young (Allocation Failure) 14M->10M(15M) 0.598ms
[242.844s][info][gc] GC(15834) Pause Young (Allocation Failure) 14M->10M(15M) 0.505ms
[242.849s][info][gc] GC(15835) Pause Young (Allocation Failure) 14M->10M(15M) 0.472ms
[242.855s][info][gc] GC(15836) Pause Young (Allocation Failure) 14M->10M(15M) 0.462ms
[242.860s][info][gc] GC(15837) Pause Young (Allocation Failure) 15M->10M(15M) 0.455ms
[242.865s][info][gc] GC(15838) Pause Young (Allocation Failure) 15M->10M(15M) 0.584ms
[242.871s][info][gc] GC(15839) Pause Young (Allocation Failure) 15M->10M(15M) 0.613ms
[242.876s][info][gc] GC(15840) Pause Young (Allocation Failure) 15M->10M(15M) 0.819ms
[242.881s][info][gc] GC(15841) Pause Young (Allocation Failure) 15M->10M(15M) 0.881ms
[242.888s][info][gc] GC(15842) Pause Young (Allocation Failure) 15M->10M(15M) 0.660ms
[242.894s][info][gc] GC(15843) Pause Young (Allocation Failure) 15M->10M(15M) 0.642ms
[242.903s][info][gc] GC(15844) Pause Young (Allocation Failure) 15M->10M(15M) 0.941ms
[242.911s][info][gc] GC(15845) Pause Young (Allocation Failure) 15M->10M(15M) 0.610ms
[242.916s][info][gc] GC(15846) Pause Young (Allocation Failure) 15M->10M(15M) 0.566ms
[242.922s][info][gc] GC(15847) Pause Young (Allocation Failure) 15M->10M(15M) 0.611ms
[242.927s][info][gc] GC(15848) Pause Young (Allocation Failure) 15M->10M(15M) 0.587ms
[242.932s][info][gc] GC(15849) Pause Young (Allocation Failure) 15M->10M(15M) 0.565ms
[242.937s][info][gc] GC(15850) Pause Young (Allocation Failure) 15M->10M(15M) 0.565ms
[242.942s][info][gc] GC(15851) Pause Young (Allocation Failure) 15M->10M(15M) 0.650ms
[242.949s][info][gc] GC(15852) Pause Young (Allocation Failure) 15M->10M(15M) 0.821ms
[242.954s][info][gc] GC(15853) Pause Young (Allocation Failure) 15M->10M(15M) 0.429ms
[242.959s][info][gc] GC(15854) Pause Young (Allocation Failure) 14M->10M(15M) 0.410ms
[242.964s][info][gc] GC(15855) Pause Young (Allocation Failure) 14M->10M(15M) 0.444ms
[242.969s][info][gc] GC(15856) Pause Young (Allocation Failure) 14M->10M(15M) 0.425ms
[242.974s][info][gc] GC(15857) Pause Young (Allocation Failure) 14M->10M(15M) 0.457ms
[242.980s][info][gc] GC(15858) Pause Young (Allocation Failure) 14M->10M(15M) 0.506ms
[242.985s][info][gc] GC(15859) Pause Young (Allocation Failure) 15M->10M(15M) 0.523ms
[242.991s][info][gc] GC(15860) Pause Young (Allocation Failure) 15M->10M(15M) 0.778ms
[242.997s][info][gc] GC(15861) Pause Young (Allocation Failure) 15M->10M(15M) 0.684ms
[243.002s][info][gc] GC(15862) Pause Young (Allocation Failure) 15M->10M(15M) 0.570ms
[243.007s][info][gc] GC(15863) Pause Young (Allocation Failure) 15M->10M(15M) 0.583ms
[243.013s][info][gc] GC(15864) Pause Young (Allocation Failure) 15M->10M(15M) 0.578ms
[243.018s][info][gc] GC(15865) Pause Young (Allocation Failure) 15M->10M(15M) 0.629ms
[243.023s][info][gc] GC(15866) Pause Young (Allocation Failure) 15M->10M(15M) 0.684ms
[243.028s][info][gc] GC(15867) Pause Young (Allocation Failure) 15M->10M(15M) 0.638ms
[243.033s][info][gc] GC(15868) Pause Young (Allocation Failure) 15M->10M(15M) 0.606ms
[243.039s][info][gc] GC(15869) Pause Young (Allocation Failure) 15M->10M(15M) 0.692ms
[243.043s][info][gc] GC(15870) Pause Young (Allocation Failure) 15M->10M(15M) 0.569ms
[243.048s][info][gc] GC(15871) Pause Young (Allocation Failure) 15M->10M(15M) 0.579ms
[243.053s][info][gc] GC(15872) Pause Young (Allocation Failure) 15M->10M(15M) 0.394ms
[243.060s][info][gc] GC(15873) Pause Young (Allocation Failure) 14M->10M(15M) 0.416ms
[243.065s][info][gc] GC(15874) Pause Young (Allocation Failure) 14M->10M(15M) 0.506ms
[243.073s][info][gc] GC(15875) Pause Young (Allocation Failure) 14M->10M(15M) 0.855ms
[243.081s][info][gc] GC(15876) Pause Young (Allocation Failure) 14M->10M(15M) 0.744ms
[243.089s][info][gc] GC(15877) Pause Young (Allocation Failure) 15M->10M(15M) 0.737ms
[243.094s][info][gc] GC(15878) Pause Young (Allocation Failure) 15M->10M(15M) 0.510ms
[243.101s][info][gc] GC(15879) Pause Young (Allocation Failure) 15M->10M(15M) 0.785ms
[243.108s][info][gc] GC(15880) Pause Young (Allocation Failure) 15M->10M(15M) 0.655ms
[243.114s][info][gc] GC(15881) Pause Young (Allocation Failure) 15M->10M(15M) 0.719ms
[243.121s][info][gc] GC(15882) Pause Young (Allocation Failure) 15M->10M(15M) 0.794ms
[243.129s][info][gc] GC(15883) Pause Young (Allocation Failure) 15M->10M(15M) 0.559ms
[243.135s][info][gc] GC(15884) Pause Young (Allocation Failure) 15M->10M(15M) 0.674ms
[243.140s][info][gc] GC(15885) Pause Young (Allocation Failure) 15M->10M(15M) 0.594ms
[243.145s][info][gc] GC(15886) Pause Young (Allocation Failure) 15M->10M(15M) 0.569ms
[243.152s][info][gc] GC(15887) Pause Young (Allocation Failure) 15M->10M(15M) 0.744ms
[243.158s][info][gc] GC(15888) Pause Young (Allocation Failure) 15M->10M(15M) 0.632ms
[243.164s][info][gc] GC(15889) Pause Young (Allocation Failure) 15M->10M(15M) 0.587ms
[243.173s][info][gc] GC(15890) Pause Young (Allocation Failure) 15M->10M(15M) 0.630ms
[243.179s][info][gc] GC(15891) Pause Young (Allocation Failure) 15M->10M(15M) 0.573ms
[243.184s][info][gc] GC(15892) Pause Young (Allocation Failure) 14M->10M(15M) 0.446ms
[243.190s][info][gc] GC(15893) Pause Young (Allocation Failure) 14M->10M(15M) 0.725ms
[243.196s][info][gc] GC(15894) Pause Young (Allocation Failure) 14M->10M(15M) 0.497ms
[243.204s][info][gc] GC(15895) Pause Young (Allocation Failure) 15M->10M(15M) 0.737ms
[243.211s][info][gc] GC(15896) Pause Young (Allocation Failure) 15M->10M(15M) 0.887ms
[243.217s][info][gc] GC(15897) Pause Young (Allocation Failure) 15M->10M(15M) 0.527ms
[243.222s][info][gc] GC(15898) Pause Young (Allocation Failure) 15M->10M(15M) 0.526ms
[243.228s][info][gc] GC(15899) Pause Young (Allocation Failure) 15M->10M(15M) 0.710ms
[243.235s][info][gc] GC(15900) Pause Young (Allocation Failure) 15M->10M(15M) 0.547ms
[243.241s][info][gc] GC(15901) Pause Young (Allocation Failure) 15M->10M(15M) 0.545ms
[243.246s][info][gc] GC(15902) Pause Young (Allocation Failure) 15M->10M(15M) 0.547ms
[243.252s][info][gc] GC(15903) Pause Young (Allocation Failure) 15M->10M(15M) 0.578ms
[243.258s][info][gc] GC(15904) Pause Young (Allocation Failure) 15M->10M(15M) 0.591ms
[243.264s][info][gc] GC(15905) Pause Young (Allocation Failure) 15M->10M(15M) 0.619ms
[243.269s][info][gc] GC(15906) Pause Young (Allocation Failure) 15M->10M(15M) 0.901ms
[243.275s][info][gc] GC(15907) Pause Young (Allocation Failure) 15M->10M(15M) 0.560ms
[243.282s][info][gc] GC(15908) Pause Young (Allocation Failure) 15M->10M(15M) 0.640ms
[243.287s][info][gc] GC(15909) Pause Young (Allocation Failure) 15M->10M(15M) 0.587ms
[243.292s][info][gc] GC(15910) Pause Young (Allocation Failure) 15M->10M(15M) 0.834ms
[243.297s][info][gc] GC(15911) Pause Young (Allocation Failure) 15M->10M(15M) 0.415ms
[243.302s][info][gc] GC(15912) Pause Young (Allocation Failure) 14M->10M(15M) 0.413ms
[243.307s][info][gc] GC(15913) Pause Young (Allocation Failure) 15M->10M(15M) 0.463ms
[243.313s][info][gc] GC(15914) Pause Young (Allocation Failure) 15M->10M(15M) 0.451ms
[243.318s][info][gc] GC(15915) Pause Young (Allocation Failure) 15M->10M(15M) 0.416ms
[243.325s][info][gc] GC(15916) Pause Young (Allocation Failure) 15M->10M(15M) 0.602ms
[243.330s][info][gc] GC(15917) Pause Young (Allocation Failure) 15M->10M(15M) 0.477ms
[243.335s][info][gc] GC(15918) Pause Young (Allocation Failure) 15M->10M(15M) 0.472ms
[243.340s][info][gc] GC(15919) Pause Young (Allocation Failure) 15M->10M(15M) 0.654ms
[243.346s][info][gc] GC(15920) Pause Young (Allocation Failure) 15M->10M(15M) 0.512ms
[243.351s][info][gc] GC(15921) Pause Young (Allocation Failure) 15M->10M(15M) 0.534ms
[243.356s][info][gc] GC(15922) Pause Young (Allocation Failure) 15M->10M(15M) 0.617ms
[243.362s][info][gc] GC(15923) Pause Young (Allocation Failure) 15M->10M(15M) 0.559ms
[243.368s][info][gc] GC(15924) Pause Young (Allocation Failure) 15M->10M(15M) 0.932ms
[243.373s][info][gc] GC(15925) Pause Young (Allocation Failure) 15M->10M(15M) 0.693ms
[243.378s][info][gc] GC(15926) Pause Young (Allocation Failure) 15M->10M(15M) 0.634ms
[243.384s][info][gc] GC(15927) Pause Young (Allocation Failure) 15M->10M(15M) 0.664ms
[243.390s][info][gc] GC(15928) Pause Young (Allocation Failure) 15M->10M(15M) 0.600ms
[243.395s][info][gc] GC(15929) Pause Young (Allocation Failure) 15M->10M(15M) 0.730ms
[243.402s][info][gc] GC(15930) Pause Young (Allocation Failure) 15M->10M(15M) 0.711ms
[243.408s][info][gc] GC(15931) Pause Young (Allocation Failure) 15M->10M(15M) 0.450ms
[243.414s][info][gc] GC(15932) Pause Young (Allocation Failure) 15M->10M(15M) 0.448ms
[243.419s][info][gc] GC(15933) Pause Young (Allocation Failure) 15M->10M(15M) 0.567ms
[243.426s][info][gc] GC(15934) Pause Young (Allocation Failure) 15M->10M(15M) 0.545ms
[243.431s][info][gc] GC(15935) Pause Young (Allocation Failure) 15M->10M(15M) 0.513ms
[243.436s][info][gc] GC(15936) Pause Young (Allocation Failure) 15M->10M(15M) 0.685ms
[243.443s][info][gc] GC(15937) Pause Young (Allocation Failure) 15M->10M(15M) 0.595ms
[243.450s][info][gc] GC(15938) Pause Young (Allocation Failure) 15M->10M(15M) 0.722ms
[243.455s][info][gc] GC(15939) Pause Young (Allocation Failure) 15M->10M(15M) 0.541ms
[243.460s][info][gc] GC(15940) Pause Young (Allocation Failure) 15M->10M(15M) 0.550ms
[243.465s][info][gc] GC(15941) Pause Young (Allocation Failure) 15M->10M(15M) 0.588ms
[243.470s][info][gc] GC(15942) Pause Young (Allocation Failure) 15M->10M(15M) 0.585ms
[243.475s][info][gc] GC(15943) Pause Young (Allocation Failure) 15M->10M(15M) 0.591ms
[243.480s][info][gc] GC(15944) Pause Young (Allocation Failure) 15M->10M(15M) 0.581ms
[243.486s][info][gc] GC(15945) Pause Young (Allocation Failure) 15M->10M(15M) 0.635ms
[243.491s][info][gc] GC(15946) Pause Young (Allocation Failure) 15M->10M(15M) 0.519ms
[243.496s][info][gc] GC(15947) Pause Young (Allocation Failure) 15M->10M(15M) 0.415ms
[243.502s][info][gc] GC(15948) Pause Young (Allocation Failure) 15M->10M(15M) 0.402ms
[243.508s][info][gc] GC(15949) Pause Young (Allocation Failure) 15M->10M(15M) 0.389ms
[243.513s][info][gc] GC(15950) Pause Young (Allocation Failure) 15M->10M(15M) 0.481ms
[243.519s][info][gc] GC(15951) Pause Young (Allocation Failure) 15M->10M(15M) 0.507ms
[243.525s][info][gc] GC(15952) Pause Young (Allocation Failure) 15M->10M(15M) 0.650ms
[243.530s][info][gc] GC(15953) Pause Young (Allocation Failure) 15M->10M(15M) 0.437ms
[243.535s][info][gc] GC(15954) Pause Young (Allocation Failure) 15M->10M(15M) 0.454ms
[243.540s][info][gc] GC(15955) Pause Young (Allocation Failure) 15M->10M(15M) 0.514ms
[243.545s][info][gc] GC(15956) Pause Young (Allocation Failure) 15M->10M(15M) 0.571ms
[243.550s][info][gc] GC(15957) Pause Young (Allocation Failure) 15M->10M(15M) 0.562ms
[243.556s][info][gc] GC(15958) Pause Young (Allocation Failure) 15M->10M(15M) 0.523ms
[243.561s][info][gc] GC(15959) Pause Young (Allocation Failure) 15M->10M(15M) 0.562ms
[243.567s][info][gc] GC(15960) Pause Young (Allocation Failure) 15M->10M(15M) 0.642ms
[243.572s][info][gc] GC(15961) Pause Young (Allocation Failure) 15M->10M(15M) 0.700ms
[243.577s][info][gc] GC(15962) Pause Young (Allocation Failure) 15M->10M(15M) 0.575ms
[243.583s][info][gc] GC(15963) Pause Young (Allocation Failure) 15M->10M(15M) 0.727ms
[243.587s][info][gc] GC(15964) Pause Young (Allocation Failure) 15M->10M(15M) 0.624ms
[243.592s][info][gc] GC(15965) Pause Young (Allocation Failure) 15M->10M(15M) 0.663ms
[243.599s][info][gc] GC(15966) Pause Young (Allocation Failure) 15M->10M(15M) 0.428ms
[243.605s][info][gc] GC(15967) Pause Young (Allocation Failure) 15M->10M(15M) 0.448ms
[243.610s][info][gc] GC(15968) Pause Young (Allocation Failure) 15M->10M(15M) 0.560ms
[243.615s][info][gc] GC(15969) Pause Young (Allocation Failure) 15M->10M(15M) 0.463ms
[243.620s][info][gc] GC(15970) Pause Young (Allocation Failure) 15M->10M(15M) 0.531ms
[243.626s][info][gc] GC(15971) Pause Young (Allocation Failure) 15M->10M(15M) 0.503ms
[243.631s][info][gc] GC(15972) Pause Young (Allocation Failure) 15M->10M(15M) 0.533ms
[243.636s][info][gc] GC(15973) Pause Young (Allocation Failure) 15M->10M(15M) 0.508ms
[243.642s][info][gc] GC(15974) Pause Young (Allocation Failure) 15M->10M(15M) 0.522ms
[243.647s][info][gc] GC(15975) Pause Young (Allocation Failure) 15M->10M(15M) 0.627ms
[243.653s][info][gc] GC(15976) Pause Young (Allocation Failure) 15M->10M(15M) 0.654ms
[243.660s][info][gc] GC(15977) Pause Young (Allocation Failure) 15M->10M(15M) 0.560ms
[243.665s][info][gc] GC(15978) Pause Young (Allocation Failure) 15M->10M(15M) 0.799ms
[243.671s][info][gc] GC(15979) Pause Young (Allocation Failure) 15M->10M(15M) 0.723ms
[243.677s][info][gc] GC(15980) Pause Young (Allocation Failure) 15M->10M(15M) 0.561ms
[243.684s][info][gc] GC(15981) Pause Young (Allocation Failure) 15M->10M(15M) 0.946ms
[243.690s][info][gc] GC(15982) Pause Young (Allocation Failure) 15M->10M(15M) 0.595ms
[243.695s][info][gc] GC(15983) Pause Young (Allocation Failure) 15M->10M(15M) 0.929ms
[243.702s][info][gc] GC(15984) Pause Young (Allocation Failure) 15M->10M(15M) 0.802ms
[243.707s][info][gc] GC(15985) Pause Young (Allocation Failure) 15M->10M(15M) 0.432ms
[243.712s][info][gc] GC(15986) Pause Young (Allocation Failure) 15M->10M(15M) 0.455ms
[243.721s][info][gc] GC(15987) Pause Young (Allocation Failure) 15M->10M(15M) 0.459ms
[243.726s][info][gc] GC(15988) Pause Young (Allocation Failure) 15M->10M(15M) 0.464ms
[243.731s][info][gc] GC(15989) Pause Young (Allocation Failure) 15M->10M(15M) 0.455ms
[243.736s][info][gc] GC(15990) Pause Young (Allocation Failure) 15M->10M(15M) 0.512ms
[243.741s][info][gc] GC(15991) Pause Young (Allocation Failure) 15M->10M(15M) 0.504ms
[243.747s][info][gc] GC(15992) Pause Young (Allocation Failure) 15M->10M(15M) 0.546ms
[243.752s][info][gc] GC(15993) Pause Young (Allocation Failure) 15M->10M(15M) 0.648ms
[243.757s][info][gc] GC(15994) Pause Young (Allocation Failure) 15M->10M(15M) 0.600ms
[243.762s][info][gc] GC(15995) Pause Young (Allocation Failure) 15M->10M(15M) 0.580ms
[243.768s][info][gc] GC(15996) Pause Young (Allocation Failure) 15M->10M(15M) 0.646ms
[243.773s][info][gc] GC(15997) Pause Young (Allocation Failure) 15M->10M(15M) 0.579ms
[243.778s][info][gc] GC(15998) Pause Young (Allocation Failure) 15M->10M(15M) 0.625ms
[243.783s][info][gc] GC(15999) Pause Young (Allocation Failure) 15M->10M(15M) 0.624ms
[243.788s][info][gc] GC(16000) Pause Young (Allocation Failure) 15M->10M(15M) 0.606ms
[243.794s][info][gc] GC(16001) Pause Young (Allocation Failure) 15M->10M(15M) 0.420ms
[243.830s][info][gc] GC(16002) Pause Full (Allocation Failure) 10M->10M(15M) 36.131ms
[243.835s][info][gc] GC(16003) Pause Young (Allocation Failure) 14M->10M(15M) 0.475ms
[243.840s][info][gc] GC(16004) Pause Young (Allocation Failure) 14M->10M(15M) 0.491ms
[243.845s][info][gc] GC(16005) Pause Young (Allocation Failure) 14M->10M(15M) 0.521ms
[243.850s][info][gc] GC(16006) Pause Young (Allocation Failure) 14M->10M(15M) 0.653ms
[243.855s][info][gc] GC(16007) Pause Young (Allocation Failure) 14M->10M(15M) 0.449ms
[243.860s][info][gc] GC(16008) Pause Young (Allocation Failure) 14M->10M(15M) 0.469ms
[243.867s][info][gc] GC(16009) Pause Young (Allocation Failure) 14M->10M(15M) 0.566ms
[243.872s][info][gc] GC(16010) Pause Young (Allocation Failure) 14M->10M(15M) 0.464ms
[243.879s][info][gc] GC(16011) Pause Young (Allocation Failure) 14M->10M(15M) 0.546ms
[243.884s][info][gc] GC(16012) Pause Young (Allocation Failure) 14M->10M(15M) 0.577ms
[243.890s][info][gc] GC(16013) Pause Young (Allocation Failure) 14M->10M(15M) 0.744ms
[243.897s][info][gc] GC(16014) Pause Young (Allocation Failure) 14M->10M(15M) 0.600ms
[243.904s][info][gc] GC(16015) Pause Young (Allocation Failure) 14M->10M(15M) 0.895ms
[243.909s][info][gc] GC(16016) Pause Young (Allocation Failure) 14M->10M(15M) 0.619ms
[243.915s][info][gc] GC(16017) Pause Young (Allocation Failure) 14M->10M(15M) 0.531ms
[243.921s][info][gc] GC(16018) Pause Young (Allocation Failure) 14M->10M(15M) 0.798ms
[243.928s][info][gc] GC(16019) Pause Young (Allocation Failure) 14M->10M(15M) 0.635ms
[243.934s][info][gc] GC(16020) Pause Young (Allocation Failure) 14M->10M(15M) 0.666ms
[243.940s][info][gc] GC(16021) Pause Young (Allocation Failure) 15M->10M(15M) 0.708ms
[243.945s][info][gc] GC(16022) Pause Young (Allocation Failure) 14M->10M(15M) 0.593ms
[243.950s][info][gc] GC(16023) Pause Young (Allocation Failure) 14M->10M(15M) 0.644ms
[243.955s][info][gc] GC(16024) Pause Young (Allocation Failure) 14M->10M(15M) 0.578ms
[243.961s][info][gc] GC(16025) Pause Young (Allocation Failure) 14M->10M(15M) 0.602ms
[243.966s][info][gc] GC(16026) Pause Young (Allocation Failure) 14M->10M(15M) 0.615ms
[243.971s][info][gc] GC(16027) Pause Young (Allocation Failure) 14M->10M(15M) 0.540ms
[243.976s][info][gc] GC(16028) Pause Young (Allocation Failure) 14M->10M(15M) 0.427ms
[243.982s][info][gc] GC(16029) Pause Young (Allocation Failure) 14M->10M(15M) 0.425ms
[243.986s][info][gc] GC(16030) Pause Young (Allocation Failure) 14M->10M(15M) 0.422ms
[243.992s][info][gc] GC(16031) Pause Young (Allocation Failure) 14M->10M(15M) 0.490ms
[243.997s][info][gc] GC(16032) Pause Young (Allocation Failure) 14M->10M(15M) 0.470ms
[244.002s][info][gc] GC(16033) Pause Young (Allocation Failure) 14M->10M(15M) 0.465ms
[244.007s][info][gc] GC(16034) Pause Young (Allocation Failure) 14M->10M(15M) 0.492ms
[244.012s][info][gc] GC(16035) Pause Young (Allocation Failure) 14M->10M(15M) 0.486ms
[244.017s][info][gc] GC(16036) Pause Young (Allocation Failure) 14M->10M(15M) 0.516ms
[244.022s][info][gc] GC(16037) Pause Young (Allocation Failure) 14M->10M(15M) 0.609ms
[244.027s][info][gc] GC(16038) Pause Young (Allocation Failure) 14M->10M(15M) 0.573ms
[244.032s][info][gc] GC(16039) Pause Young (Allocation Failure) 14M->10M(15M) 0.584ms
[244.038s][info][gc] GC(16040) Pause Young (Allocation Failure) 15M->10M(15M) 0.758ms
[244.044s][info][gc] GC(16041) Pause Young (Allocation Failure) 15M->10M(15M) 0.570ms
[244.048s][info][gc] GC(16042) Pause Young (Allocation Failure) 14M->10M(15M) 0.536ms
[244.054s][info][gc] GC(16043) Pause Young (Allocation Failure) 14M->10M(15M) 0.617ms
[244.059s][info][gc] GC(16044) Pause Young (Allocation Failure) 14M->10M(15M) 0.652ms
[244.064s][info][gc] GC(16045) Pause Young (Allocation Failure) 15M->10M(15M) 0.410ms
[244.069s][info][gc] GC(16046) Pause Young (Allocation Failure) 14M->10M(15M) 0.553ms
[244.077s][info][gc] GC(16047) Pause Young (Allocation Failure) 14M->10M(15M) 0.643ms
[244.085s][info][gc] GC(16048) Pause Young (Allocation Failure) 14M->10M(15M) 0.528ms
[244.092s][info][gc] GC(16049) Pause Young (Allocation Failure) 14M->10M(15M) 0.465ms
[244.097s][info][gc] GC(16050) Pause Young (Allocation Failure) 14M->10M(15M) 0.460ms
[244.102s][info][gc] GC(16051) Pause Young (Allocation Failure) 14M->10M(15M) 0.544ms
[244.108s][info][gc] GC(16052) Pause Young (Allocation Failure) 14M->10M(15M) 0.530ms
[244.113s][info][gc] GC(16053) Pause Young (Allocation Failure) 14M->10M(15M) 0.527ms
[244.120s][info][gc] GC(16054) Pause Young (Allocation Failure) 14M->10M(15M) 0.573ms
[244.126s][info][gc] GC(16055) Pause Young (Allocation Failure) 14M->10M(15M) 0.634ms
[244.132s][info][gc] GC(16056) Pause Young (Allocation Failure) 14M->10M(15M) 0.562ms
[244.137s][info][gc] GC(16057) Pause Young (Allocation Failure) 14M->10M(15M) 0.563ms
[244.143s][info][gc] GC(16058) Pause Young (Allocation Failure) 15M->10M(15M) 0.690ms
[244.148s][info][gc] GC(16059) Pause Young (Allocation Failure) 15M->10M(15M) 0.631ms
[244.154s][info][gc] GC(16060) Pause Young (Allocation Failure) 15M->10M(15M) 0.616ms
[244.159s][info][gc] GC(16061) Pause Young (Allocation Failure) 15M->10M(15M) 0.634ms
[244.164s][info][gc] GC(16062) Pause Young (Allocation Failure) 14M->10M(15M) 0.552ms
[244.169s][info][gc] GC(16063) Pause Young (Allocation Failure) 15M->10M(15M) 0.691ms
[244.174s][info][gc] GC(16064) Pause Young (Allocation Failure) 15M->10M(15M) 0.545ms
[244.180s][info][gc] GC(16065) Pause Young (Allocation Failure) 14M->10M(15M) 0.421ms
[244.184s][info][gc] GC(16066) Pause Young (Allocation Failure) 14M->10M(15M) 0.488ms
[244.190s][info][gc] GC(16067) Pause Young (Allocation Failure) 14M->10M(15M) 0.550ms
[244.196s][info][gc] GC(16068) Pause Young (Allocation Failure) 14M->10M(15M) 0.402ms
[244.201s][info][gc] GC(16069) Pause Young (Allocation Failure) 14M->10M(15M) 0.564ms
[244.206s][info][gc] GC(16070) Pause Young (Allocation Failure) 14M->10M(15M) 0.516ms
[244.213s][info][gc] GC(16071) Pause Young (Allocation Failure) 14M->10M(15M) 0.685ms
[244.218s][info][gc] GC(16072) Pause Young (Allocation Failure) 14M->10M(15M) 0.599ms
[244.223s][info][gc] GC(16073) Pause Young (Allocation Failure) 14M->10M(15M) 0.566ms
[244.229s][info][gc] GC(16074) Pause Young (Allocation Failure) 14M->10M(15M) 0.587ms
[244.235s][info][gc] GC(16075) Pause Young (Allocation Failure) 14M->10M(15M) 0.979ms
[244.242s][info][gc] GC(16076) Pause Young (Allocation Failure) 14M->10M(15M) 0.711ms
[244.247s][info][gc] GC(16077) Pause Young (Allocation Failure) 15M->10M(15M) 0.637ms
[244.252s][info][gc] GC(16078) Pause Young (Allocation Failure) 15M->10M(15M) 0.815ms
[244.257s][info][gc] GC(16079) Pause Young (Allocation Failure) 15M->10M(15M) 0.540ms
[244.263s][info][gc] GC(16080) Pause Young (Allocation Failure) 15M->10M(15M) 0.539ms
[244.268s][info][gc] GC(16081) Pause Young (Allocation Failure) 14M->10M(15M) 0.658ms
[244.273s][info][gc] GC(16082) Pause Young (Allocation Failure) 15M->10M(15M) 0.684ms
[244.278s][info][gc] GC(16083) Pause Young (Allocation Failure) 15M->10M(15M) 0.710ms
[244.283s][info][gc] GC(16084) Pause Young (Allocation Failure) 15M->10M(15M) 0.536ms
[244.289s][info][gc] GC(16085) Pause Young (Allocation Failure) 15M->10M(15M) 0.528ms
[244.297s][info][gc] GC(16086) Pause Young (Allocation Failure) 14M->10M(15M) 0.415ms
[244.304s][info][gc] GC(16087) Pause Young (Allocation Failure) 14M->10M(15M) 0.466ms
[244.309s][info][gc] GC(16088) Pause Young (Allocation Failure) 14M->10M(15M) 0.449ms
[244.315s][info][gc] GC(16089) Pause Young (Allocation Failure) 14M->10M(15M) 0.415ms
[244.320s][info][gc] GC(16090) Pause Young (Allocation Failure) 14M->10M(15M) 0.488ms
[244.326s][info][gc] GC(16091) Pause Young (Allocation Failure) 14M->10M(15M) 0.469ms
[244.331s][info][gc] GC(16092) Pause Young (Allocation Failure) 14M->10M(15M) 0.499ms
[244.338s][info][gc] GC(16093) Pause Young (Allocation Failure) 14M->10M(15M) 0.766ms
[244.344s][info][gc] GC(16094) Pause Young (Allocation Failure) 14M->10M(15M) 0.597ms
[244.350s][info][gc] GC(16095) Pause Young (Allocation Failure) 15M->10M(15M) 0.729ms
[244.356s][info][gc] GC(16096) Pause Young (Allocation Failure) 15M->10M(15M) 0.822ms
[244.362s][info][gc] GC(16097) Pause Young (Allocation Failure) 15M->10M(15M) 0.608ms
[244.368s][info][gc] GC(16098) Pause Young (Allocation Failure) 15M->10M(15M) 0.659ms
[244.376s][info][gc] GC(16099) Pause Young (Allocation Failure) 15M->10M(15M) 0.902ms
[244.383s][info][gc] GC(16100) Pause Young (Allocation Failure) 15M->10M(15M) 0.903ms
[244.389s][info][gc] GC(16101) Pause Young (Allocation Failure) 15M->10M(15M) 0.926ms
[244.397s][info][gc] GC(16102) Pause Young (Allocation Failure) 15M->10M(15M) 0.674ms
[244.404s][info][gc] GC(16103) Pause Young (Allocation Failure) 15M->10M(15M) 0.901ms
[244.410s][info][gc] GC(16104) Pause Young (Allocation Failure) 15M->10M(15M) 0.553ms
[244.416s][info][gc] GC(16105) Pause Young (Allocation Failure) 14M->10M(15M) 0.452ms
[244.423s][info][gc] GC(16106) Pause Young (Allocation Failure) 14M->10M(15M) 0.465ms
[244.428s][info][gc] GC(16107) Pause Young (Allocation Failure) 14M->10M(15M) 0.500ms
[244.435s][info][gc] GC(16108) Pause Young (Allocation Failure) 14M->10M(15M) 0.724ms
[244.443s][info][gc] GC(16109) Pause Young (Allocation Failure) 14M->10M(15M) 0.745ms
[244.450s][info][gc] GC(16110) Pause Young (Allocation Failure) 14M->10M(15M) 0.517ms
[244.455s][info][gc] GC(16111) Pause Young (Allocation Failure) 15M->10M(15M) 0.551ms
[244.461s][info][gc] GC(16112) Pause Young (Allocation Failure) 15M->10M(15M) 0.687ms
[244.467s][info][gc] GC(16113) Pause Young (Allocation Failure) 15M->10M(15M) 0.611ms
[244.472s][info][gc] GC(16114) Pause Young (Allocation Failure) 15M->10M(15M) 0.580ms
[244.477s][info][gc] GC(16115) Pause Young (Allocation Failure) 15M->10M(15M) 0.834ms
[244.484s][info][gc] GC(16116) Pause Young (Allocation Failure) 15M->10M(15M) 0.966ms
[244.490s][info][gc] GC(16117) Pause Young (Allocation Failure) 15M->10M(15M) 0.636ms
[244.496s][info][gc] GC(16118) Pause Young (Allocation Failure) 15M->10M(15M) 0.677ms
[244.502s][info][gc] GC(16119) Pause Young (Allocation Failure) 15M->10M(15M) 0.682ms
[244.507s][info][gc] GC(16120) Pause Young (Allocation Failure) 15M->10M(15M) 0.617ms
[244.514s][info][gc] GC(16121) Pause Young (Allocation Failure) 15M->10M(15M) 0.882ms
[244.521s][info][gc] GC(16122) Pause Young (Allocation Failure) 15M->10M(15M) 0.891ms
[244.528s][info][gc] GC(16123) Pause Young (Allocation Failure) 15M->10M(15M) 0.778ms
[244.535s][info][gc] GC(16124) Pause Young (Allocation Failure) 15M->10M(15M) 0.627ms
[244.542s][info][gc] GC(16125) Pause Young (Allocation Failure) 14M->10M(15M) 0.643ms
[244.550s][info][gc] GC(16126) Pause Young (Allocation Failure) 14M->10M(15M) 0.703ms
[244.556s][info][gc] GC(16127) Pause Young (Allocation Failure) 14M->10M(15M) 0.449ms
[244.562s][info][gc] GC(16128) Pause Young (Allocation Failure) 14M->10M(15M) 0.667ms
[244.567s][info][gc] GC(16129) Pause Young (Allocation Failure) 14M->10M(15M) 0.482ms
[244.573s][info][gc] GC(16130) Pause Young (Allocation Failure) 14M->10M(15M) 0.491ms
[244.579s][info][gc] GC(16131) Pause Young (Allocation Failure) 14M->10M(15M) 0.524ms
[244.587s][info][gc] GC(16132) Pause Young (Allocation Failure) 15M->10M(15M) 0.756ms
[244.596s][info][gc] GC(16133) Pause Young (Allocation Failure) 15M->10M(15M) 0.896ms
[244.601s][info][gc] GC(16134) Pause Young (Allocation Failure) 15M->10M(15M) 0.574ms
[244.607s][info][gc] GC(16135) Pause Young (Allocation Failure) 15M->10M(15M) 0.589ms
[244.613s][info][gc] GC(16136) Pause Young (Allocation Failure) 15M->10M(15M) 0.757ms
[244.619s][info][gc] GC(16137) Pause Young (Allocation Failure) 15M->10M(15M) 0.609ms
[244.626s][info][gc] GC(16138) Pause Young (Allocation Failure) 15M->10M(15M) 0.939ms
[244.634s][info][gc] GC(16139) Pause Young (Allocation Failure) 15M->10M(15M) 0.725ms
[244.639s][info][gc] GC(16140) Pause Young (Allocation Failure) 15M->10M(15M) 0.804ms
[244.648s][info][gc] GC(16141) Pause Young (Allocation Failure) 15M->10M(15M) 0.854ms
[244.655s][info][gc] GC(16142) Pause Young (Allocation Failure) 15M->10M(15M) 0.889ms
[244.662s][info][gc] GC(16143) Pause Young (Allocation Failure) 15M->10M(15M) 0.642ms
[244.669s][info][gc] GC(16144) Pause Young (Allocation Failure) 15M->10M(15M) 0.637ms
[244.676s][info][gc] GC(16145) Pause Young (Allocation Failure) 14M->10M(15M) 0.677ms
[244.684s][info][gc] GC(16146) Pause Young (Allocation Failure) 14M->10M(15M) 0.684ms
[244.692s][info][gc] GC(16147) Pause Young (Allocation Failure) 14M->10M(15M) 0.746ms
[244.700s][info][gc] GC(16148) Pause Young (Allocation Failure) 14M->10M(15M) 0.677ms
[244.708s][info][gc] GC(16149) Pause Young (Allocation Failure) 15M->10M(15M) 0.806ms
[244.715s][info][gc] GC(16150) Pause Young (Allocation Failure) 15M->10M(15M) 0.710ms
[244.724s][info][gc] GC(16151) Pause Young (Allocation Failure) 15M->10M(15M) 0.737ms
[244.731s][info][gc] GC(16152) Pause Young (Allocation Failure) 15M->10M(15M) 0.804ms
[244.739s][info][gc] GC(16153) Pause Young (Allocation Failure) 15M->10M(15M) 0.737ms
[244.744s][info][gc] GC(16154) Pause Young (Allocation Failure) 15M->10M(15M) 0.588ms
[244.752s][info][gc] GC(16155) Pause Young (Allocation Failure) 15M->10M(15M) 0.861ms
[244.758s][info][gc] GC(16156) Pause Young (Allocation Failure) 15M->10M(15M) 0.631ms
[244.766s][info][gc] GC(16157) Pause Young (Allocation Failure) 15M->10M(15M) 0.889ms
[244.773s][info][gc] GC(16158) Pause Young (Allocation Failure) 15M->10M(15M) 0.738ms
[244.779s][info][gc] GC(16159) Pause Young (Allocation Failure) 15M->10M(15M) 0.734ms
[244.786s][info][gc] GC(16160) Pause Young (Allocation Failure) 15M->10M(15M) 0.843ms
[244.791s][info][gc] GC(16161) Pause Young (Allocation Failure) 15M->10M(15M) 0.660ms
[244.797s][info][gc] GC(16162) Pause Young (Allocation Failure) 15M->10M(15M) 0.620ms
[244.804s][info][gc] GC(16163) Pause Young (Allocation Failure) 15M->10M(15M) 0.620ms
[244.809s][info][gc] GC(16164) Pause Young (Allocation Failure) 15M->10M(15M) 0.740ms
[244.817s][info][gc] GC(16165) Pause Young (Allocation Failure) 15M->10M(15M) 0.846ms
[244.824s][info][gc] GC(16166) Pause Young (Allocation Failure) 15M->10M(15M) 0.648ms
[244.830s][info][gc] GC(16167) Pause Young (Allocation Failure) 14M->10M(15M) 0.704ms
[244.836s][info][gc] GC(16168) Pause Young (Allocation Failure) 14M->10M(15M) 0.470ms
[244.843s][info][gc] GC(16169) Pause Young (Allocation Failure) 14M->10M(15M) 0.693ms
[244.851s][info][gc] GC(16170) Pause Young (Allocation Failure) 14M->10M(15M) 0.478ms
[244.857s][info][gc] GC(16171) Pause Young (Allocation Failure) 15M->10M(15M) 0.474ms
[244.864s][info][gc] GC(16172) Pause Young (Allocation Failure) 15M->10M(15M) 0.482ms
[244.871s][info][gc] GC(16173) Pause Young (Allocation Failure) 15M->10M(15M) 0.546ms
[244.879s][info][gc] GC(16174) Pause Young (Allocation Failure) 15M->10M(15M) 0.858ms
[244.887s][info][gc] GC(16175) Pause Young (Allocation Failure) 15M->10M(15M) 0.817ms
[244.895s][info][gc] GC(16176) Pause Young (Allocation Failure) 15M->10M(15M) 0.834ms
[244.903s][info][gc] GC(16177) Pause Young (Allocation Failure) 15M->10M(15M) 0.805ms
[244.917s][info][gc] GC(16178) Pause Young (Allocation Failure) 15M->10M(15M) 0.866ms
[244.925s][info][gc] GC(16179) Pause Young (Allocation Failure) 15M->10M(15M) 0.858ms
[244.933s][info][gc] GC(16180) Pause Young (Allocation Failure) 15M->10M(15M) 0.810ms
[244.939s][info][gc] GC(16181) Pause Young (Allocation Failure) 15M->10M(15M) 0.885ms
[244.947s][info][gc] GC(16182) Pause Young (Allocation Failure) 15M->10M(15M) 0.554ms
[244.953s][info][gc] GC(16183) Pause Young (Allocation Failure) 15M->10M(15M) 0.603ms
[244.961s][info][gc] GC(16184) Pause Young (Allocation Failure) 15M->10M(15M) 0.874ms
[244.966s][info][gc] GC(16185) Pause Young (Allocation Failure) 15M->10M(15M) 0.577ms
[244.971s][info][gc] GC(16186) Pause Young (Allocation Failure) 15M->10M(15M) 0.584ms
[244.977s][info][gc] GC(16187) Pause Young (Allocation Failure) 15M->10M(15M) 0.585ms
[244.982s][info][gc] GC(16188) Pause Young (Allocation Failure) 15M->10M(15M) 0.828ms
[244.987s][info][gc] GC(16189) Pause Young (Allocation Failure) 15M->10M(15M) 0.808ms
[244.993s][info][gc] GC(16190) Pause Young (Allocation Failure) 15M->10M(15M) 0.741ms
[244.997s][info][gc] GC(16191) Pause Young (Allocation Failure) 15M->10M(15M) 0.578ms
[245.003s][info][gc] GC(16192) Pause Young (Allocation Failure) 15M->10M(15M) 0.579ms
[245.008s][info][gc] GC(16193) Pause Young (Allocation Failure) 15M->10M(15M) 0.402ms
[245.013s][info][gc] GC(16194) Pause Young (Allocation Failure) 14M->10M(15M) 0.411ms
[245.018s][info][gc] GC(16195) Pause Young (Allocation Failure) 15M->10M(15M) 0.421ms
[245.023s][info][gc] GC(16196) Pause Young (Allocation Failure) 15M->10M(15M) 0.431ms
[245.028s][info][gc] GC(16197) Pause Young (Allocation Failure) 15M->10M(15M) 0.444ms
[245.033s][info][gc] GC(16198) Pause Young (Allocation Failure) 15M->10M(15M) 0.471ms
[245.038s][info][gc] GC(16199) Pause Young (Allocation Failure) 15M->10M(15M) 0.464ms
[245.043s][info][gc] GC(16200) Pause Young (Allocation Failure) 15M->10M(15M) 0.416ms
[245.049s][info][gc] GC(16201) Pause Young (Allocation Failure) 15M->10M(15M) 0.572ms
[245.054s][info][gc] GC(16202) Pause Young (Allocation Failure) 15M->10M(15M) 0.574ms
[245.059s][info][gc] GC(16203) Pause Young (Allocation Failure) 15M->10M(15M) 0.609ms
[245.065s][info][gc] GC(16204) Pause Young (Allocation Failure) 15M->10M(15M) 0.636ms
[245.070s][info][gc] GC(16205) Pause Young (Allocation Failure) 15M->10M(15M) 0.659ms
[245.075s][info][gc] GC(16206) Pause Young (Allocation Failure) 15M->10M(15M) 0.625ms
[245.080s][info][gc] GC(16207) Pause Young (Allocation Failure) 15M->10M(15M) 0.608ms
[245.085s][info][gc] GC(16208) Pause Young (Allocation Failure) 15M->10M(15M) 0.704ms
[245.092s][info][gc] GC(16209) Pause Young (Allocation Failure) 15M->10M(15M) 1.114ms
[245.101s][info][gc] GC(16210) Pause Young (Allocation Failure) 15M->10M(15M) 0.819ms
[245.107s][info][gc] GC(16211) Pause Young (Allocation Failure) 15M->10M(15M) 0.436ms
[245.111s][info][gc] GC(16212) Pause Young (Allocation Failure) 15M->10M(15M) 0.479ms
[245.117s][info][gc] GC(16213) Pause Young (Allocation Failure) 15M->10M(15M) 0.481ms
[245.122s][info][gc] GC(16214) Pause Young (Allocation Failure) 15M->10M(15M) 0.514ms
[245.128s][info][gc] GC(16215) Pause Young (Allocation Failure) 15M->10M(15M) 0.507ms
[245.133s][info][gc] GC(16216) Pause Young (Allocation Failure) 15M->10M(15M) 0.540ms
[245.138s][info][gc] GC(16217) Pause Young (Allocation Failure) 15M->10M(15M) 0.514ms
[245.143s][info][gc] GC(16218) Pause Young (Allocation Failure) 15M->10M(15M) 0.444ms
[245.150s][info][gc] GC(16219) Pause Young (Allocation Failure) 15M->10M(15M) 0.807ms
[245.155s][info][gc] GC(16220) Pause Young (Allocation Failure) 15M->10M(15M) 0.477ms
[245.160s][info][gc] GC(16221) Pause Young (Allocation Failure) 15M->10M(15M) 0.549ms
[245.165s][info][gc] GC(16222) Pause Young (Allocation Failure) 15M->10M(15M) 0.474ms
[245.170s][info][gc] GC(16223) Pause Young (Allocation Failure) 15M->10M(15M) 0.570ms
[245.175s][info][gc] GC(16224) Pause Young (Allocation Failure) 15M->10M(15M) 0.609ms
[245.181s][info][gc] GC(16225) Pause Young (Allocation Failure) 15M->10M(15M) 0.763ms
[245.185s][info][gc] GC(16226) Pause Young (Allocation Failure) 15M->10M(15M) 0.599ms
[245.191s][info][gc] GC(16227) Pause Young (Allocation Failure) 15M->10M(15M) 0.604ms
[245.196s][info][gc] GC(16228) Pause Young (Allocation Failure) 15M->10M(15M) 0.752ms
[245.202s][info][gc] GC(16229) Pause Young (Allocation Failure) 15M->10M(15M) 0.649ms
[245.208s][info][gc] GC(16230) Pause Young (Allocation Failure) 15M->10M(15M) 0.601ms
[245.214s][info][gc] GC(16231) Pause Young (Allocation Failure) 15M->10M(15M) 0.643ms
[245.219s][info][gc] GC(16232) Pause Young (Allocation Failure) 15M->10M(15M) 0.499ms
[245.227s][info][gc] GC(16233) Pause Young (Allocation Failure) 15M->10M(15M) 0.672ms
[245.232s][info][gc] GC(16234) Pause Young (Allocation Failure) 15M->10M(15M) 0.486ms
[245.236s][info][gc] GC(16235) Pause Young (Allocation Failure) 15M->10M(15M) 0.440ms
[245.242s][info][gc] GC(16236) Pause Young (Allocation Failure) 15M->10M(15M) 0.503ms
[245.247s][info][gc] GC(16237) Pause Young (Allocation Failure) 15M->10M(15M) 0.526ms
[245.253s][info][gc] GC(16238) Pause Young (Allocation Failure) 15M->10M(15M) 0.511ms
[245.259s][info][gc] GC(16239) Pause Young (Allocation Failure) 15M->10M(15M) 0.499ms
[245.265s][info][gc] GC(16240) Pause Young (Allocation Failure) 15M->10M(15M) 0.759ms
[245.272s][info][gc] GC(16241) Pause Young (Allocation Failure) 15M->10M(15M) 0.695ms
[245.278s][info][gc] GC(16242) Pause Young (Allocation Failure) 15M->10M(15M) 0.491ms
[245.283s][info][gc] GC(16243) Pause Young (Allocation Failure) 15M->10M(15M) 0.559ms
[245.288s][info][gc] GC(16244) Pause Young (Allocation Failure) 15M->10M(15M) 0.619ms
[245.294s][info][gc] GC(16245) Pause Young (Allocation Failure) 15M->10M(15M) 0.675ms
[245.299s][info][gc] GC(16246) Pause Young (Allocation Failure) 15M->10M(15M) 0.609ms
[245.304s][info][gc] GC(16247) Pause Young (Allocation Failure) 15M->10M(15M) 0.871ms
[245.309s][info][gc] GC(16248) Pause Young (Allocation Failure) 15M->10M(15M) 0.569ms
[245.315s][info][gc] GC(16249) Pause Young (Allocation Failure) 15M->10M(15M) 0.576ms
[245.320s][info][gc] GC(16250) Pause Young (Allocation Failure) 15M->10M(15M) 0.578ms
[245.325s][info][gc] GC(16251) Pause Young (Allocation Failure) 15M->10M(15M) 0.726ms
[245.331s][info][gc] GC(16252) Pause Young (Allocation Failure) 15M->10M(15M) 0.609ms
[245.336s][info][gc] GC(16253) Pause Young (Allocation Failure) 15M->10M(15M) 0.424ms
[245.341s][info][gc] GC(16254) Pause Young (Allocation Failure) 15M->10M(15M) 0.421ms
[245.346s][info][gc] GC(16255) Pause Young (Allocation Failure) 15M->10M(15M) 0.435ms
[245.351s][info][gc] GC(16256) Pause Young (Allocation Failure) 15M->10M(15M) 0.473ms
[245.356s][info][gc] GC(16257) Pause Young (Allocation Failure) 15M->10M(15M) 0.450ms
[245.361s][info][gc] GC(16258) Pause Young (Allocation Failure) 15M->10M(15M) 0.596ms
[245.367s][info][gc] GC(16259) Pause Young (Allocation Failure) 15M->10M(15M) 0.506ms
[245.372s][info][gc] GC(16260) Pause Young (Allocation Failure) 15M->10M(15M) 0.597ms
[245.377s][info][gc] GC(16261) Pause Young (Allocation Failure) 15M->10M(15M) 0.494ms
[245.383s][info][gc] GC(16262) Pause Young (Allocation Failure) 15M->10M(15M) 0.575ms
[245.388s][info][gc] GC(16263) Pause Young (Allocation Failure) 15M->10M(15M) 0.509ms
[245.393s][info][gc] GC(16264) Pause Young (Allocation Failure) 15M->10M(15M) 0.573ms
[245.398s][info][gc] GC(16265) Pause Young (Allocation Failure) 15M->10M(15M) 0.612ms
[245.405s][info][gc] GC(16266) Pause Young (Allocation Failure) 15M->10M(15M) 0.642ms
[245.410s][info][gc] GC(16267) Pause Young (Allocation Failure) 15M->10M(15M) 0.672ms
[245.415s][info][gc] GC(16268) Pause Young (Allocation Failure) 15M->10M(15M) 0.715ms
[245.420s][info][gc] GC(16269) Pause Young (Allocation Failure) 15M->10M(15M) 0.603ms
[245.425s][info][gc] GC(16270) Pause Young (Allocation Failure) 15M->10M(15M) 0.535ms
[245.430s][info][gc] GC(16271) Pause Young (Allocation Failure) 15M->10M(15M) 0.596ms
[245.437s][info][gc] GC(16272) Pause Young (Allocation Failure) 15M->10M(15M) 0.389ms
[245.442s][info][gc] GC(16273) Pause Young (Allocation Failure) 15M->10M(15M) 0.358ms
[245.447s][info][gc] GC(16274) Pause Young (Allocation Failure) 15M->10M(15M) 0.445ms
[245.452s][info][gc] GC(16275) Pause Young (Allocation Failure) 15M->10M(15M) 0.436ms
[245.457s][info][gc] GC(16276) Pause Young (Allocation Failure) 15M->10M(15M) 0.467ms
[245.463s][info][gc] GC(16277) Pause Young (Allocation Failure) 15M->10M(15M) 0.498ms
[245.471s][info][gc] GC(16278) Pause Young (Allocation Failure) 15M->10M(15M) 0.494ms
[245.476s][info][gc] GC(16279) Pause Young (Allocation Failure) 15M->10M(15M) 0.519ms
[245.482s][info][gc] GC(16280) Pause Young (Allocation Failure) 15M->10M(15M) 0.738ms
[245.487s][info][gc] GC(16281) Pause Young (Allocation Failure) 15M->10M(15M) 0.587ms
[245.492s][info][gc] GC(16282) Pause Young (Allocation Failure) 15M->10M(15M) 0.578ms
[245.525s][info][gc] GC(16283) Pause Full (Allocation Failure) 10M->10M(15M) 33.525ms
[245.572s][info][gc] GC(16284) Pause Full (Allocation Failure) 15M->10M(15M) 38.530ms
[245.577s][info][gc] GC(16285) Pause Young (Allocation Failure) 14M->10M(15M) 0.538ms
[245.582s][info][gc] GC(16286) Pause Young (Allocation Failure) 14M->10M(15M) 0.484ms
[245.587s][info][gc] GC(16287) Pause Young (Allocation Failure) 14M->10M(15M) 0.442ms
[245.593s][info][gc] GC(16288) Pause Young (Allocation Failure) 14M->10M(15M) 0.581ms
[245.598s][info][gc] GC(16289) Pause Young (Allocation Failure) 14M->10M(15M) 0.560ms
[245.603s][info][gc] GC(16290) Pause Young (Allocation Failure) 14M->10M(15M) 0.608ms
[245.608s][info][gc] GC(16291) Pause Young (Allocation Failure) 14M->10M(15M) 0.667ms
[245.614s][info][gc] GC(16292) Pause Young (Allocation Failure) 14M->10M(15M) 0.636ms
[245.619s][info][gc] GC(16293) Pause Young (Allocation Failure) 14M->10M(15M) 0.759ms
[245.624s][info][gc] GC(16294) Pause Young (Allocation Failure) 14M->10M(15M) 0.634ms
[245.629s][info][gc] GC(16295) Pause Young (Allocation Failure) 14M->10M(15M) 0.677ms
[245.634s][info][gc] GC(16296) Pause Young (Allocation Failure) 14M->10M(15M) 0.638ms
[245.639s][info][gc] GC(16297) Pause Young (Allocation Failure) 14M->10M(15M) 0.564ms
[245.644s][info][gc] GC(16298) Pause Young (Allocation Failure) 14M->10M(15M) 0.378ms
[245.650s][info][gc] GC(16299) Pause Young (Allocation Failure) 14M->10M(15M) 0.516ms
[245.655s][info][gc] GC(16300) Pause Young (Allocation Failure) 14M->10M(15M) 0.605ms
[245.660s][info][gc] GC(16301) Pause Young (Allocation Failure) 14M->10M(15M) 0.472ms
[245.665s][info][gc] GC(16302) Pause Young (Allocation Failure) 14M->10M(15M) 0.439ms
[245.671s][info][gc] GC(16303) Pause Young (Allocation Failure) 14M->10M(15M) 0.517ms
[245.676s][info][gc] GC(16304) Pause Young (Allocation Failure) 14M->10M(15M) 0.556ms
[245.683s][info][gc] GC(16305) Pause Young (Allocation Failure) 14M->10M(15M) 0.774ms
[245.688s][info][gc] GC(16306) Pause Young (Allocation Failure) 14M->10M(15M) 0.493ms
[245.693s][info][gc] GC(16307) Pause Young (Allocation Failure) 14M->10M(15M) 0.474ms
[245.699s][info][gc] GC(16308) Pause Young (Allocation Failure) 14M->10M(15M) 0.495ms
[245.704s][info][gc] GC(16309) Pause Young (Allocation Failure) 14M->10M(15M) 0.618ms
[245.709s][info][gc] GC(16310) Pause Young (Allocation Failure) 14M->10M(15M) 0.570ms
[245.714s][info][gc] GC(16311) Pause Young (Allocation Failure) 14M->10M(15M) 0.577ms
[245.720s][info][gc] GC(16312) Pause Young (Allocation Failure) 14M->10M(15M) 0.594ms
[245.725s][info][gc] GC(16313) Pause Young (Allocation Failure) 14M->10M(15M) 0.566ms
[245.730s][info][gc] GC(16314) Pause Young (Allocation Failure) 14M->10M(15M) 0.559ms
[245.735s][info][gc] GC(16315) Pause Young (Allocation Failure) 14M->10M(15M) 0.633ms
[245.740s][info][gc] GC(16316) Pause Young (Allocation Failure) 14M->10M(15M) 0.611ms
[245.745s][info][gc] GC(16317) Pause Young (Allocation Failure) 14M->10M(15M) 0.429ms
[245.750s][info][gc] GC(16318) Pause Young (Allocation Failure) 14M->10M(15M) 0.457ms
[245.755s][info][gc] GC(16319) Pause Young (Allocation Failure) 14M->10M(15M) 0.453ms
[245.760s][info][gc] GC(16320) Pause Young (Allocation Failure) 14M->10M(15M) 0.423ms
[245.766s][info][gc] GC(16321) Pause Young (Allocation Failure) 14M->10M(15M) 0.479ms
[245.771s][info][gc] GC(16322) Pause Young (Allocation Failure) 14M->10M(15M) 0.507ms
[245.776s][info][gc] GC(16323) Pause Young (Allocation Failure) 14M->10M(15M) 0.479ms
[245.781s][info][gc] GC(16324) Pause Young (Allocation Failure) 14M->10M(15M) 0.483ms
[245.787s][info][gc] GC(16325) Pause Young (Allocation Failure) 14M->10M(15M) 0.506ms
[245.792s][info][gc] GC(16326) Pause Young (Allocation Failure) 14M->10M(15M) 0.534ms
[245.797s][info][gc] GC(16327) Pause Young (Allocation Failure) 14M->10M(15M) 0.544ms
[245.802s][info][gc] GC(16328) Pause Young (Allocation Failure) 14M->10M(15M) 0.574ms
[245.807s][info][gc] GC(16329) Pause Young (Allocation Failure) 14M->10M(15M) 0.549ms
[245.812s][info][gc] GC(16330) Pause Young (Allocation Failure) 14M->10M(15M) 0.583ms
[245.817s][info][gc] GC(16331) Pause Young (Allocation Failure) 14M->10M(15M) 0.615ms
[245.822s][info][gc] GC(16332) Pause Young (Allocation Failure) 14M->10M(15M) 0.661ms
[245.827s][info][gc] GC(16333) Pause Young (Allocation Failure) 14M->10M(15M) 0.575ms
[245.833s][info][gc] GC(16334) Pause Young (Allocation Failure) 14M->10M(15M) 0.607ms
[245.838s][info][gc] GC(16335) Pause Young (Allocation Failure) 14M->10M(15M) 0.568ms
[245.843s][info][gc] GC(16336) Pause Young (Allocation Failure) 14M->10M(15M) 0.629ms
[245.848s][info][gc] GC(16337) Pause Young (Allocation Failure) 14M->10M(15M) 0.707ms
[245.855s][info][gc] GC(16338) Pause Young (Allocation Failure) 14M->10M(15M) 0.443ms
[245.859s][info][gc] GC(16339) Pause Young (Allocation Failure) 14M->10M(15M) 0.409ms
[245.865s][info][gc] GC(16340) Pause Young (Allocation Failure) 14M->10M(15M) 0.443ms
[245.870s][info][gc] GC(16341) Pause Young (Allocation Failure) 14M->10M(15M) 0.458ms
[245.875s][info][gc] GC(16342) Pause Young (Allocation Failure) 14M->10M(15M) 0.687ms
[245.882s][info][gc] GC(16343) Pause Young (Allocation Failure) 14M->10M(15M) 0.495ms
[245.889s][info][gc] GC(16344) Pause Young (Allocation Failure) 14M->10M(15M) 0.542ms
[245.895s][info][gc] GC(16345) Pause Young (Allocation Failure) 14M->10M(15M) 0.666ms
[245.901s][info][gc] GC(16346) Pause Young (Allocation Failure) 14M->10M(15M) 0.718ms
[245.906s][info][gc] GC(16347) Pause Young (Allocation Failure) 14M->10M(15M) 0.505ms
[245.911s][info][gc] GC(16348) Pause Young (Allocation Failure) 14M->10M(15M) 0.530ms
[245.918s][info][gc] GC(16349) Pause Young (Allocation Failure) 14M->10M(15M) 0.686ms
[245.924s][info][gc] GC(16350) Pause Young (Allocation Failure) 14M->10M(15M) 0.542ms
[245.930s][info][gc] GC(16351) Pause Young (Allocation Failure) 14M->10M(15M) 0.553ms
[245.935s][info][gc] GC(16352) Pause Young (Allocation Failure) 14M->10M(15M) 0.497ms
[245.941s][info][gc] GC(16353) Pause Young (Allocation Failure) 14M->10M(15M) 0.502ms
[245.946s][info][gc] GC(16354) Pause Young (Allocation Failure) 14M->10M(15M) 0.556ms
[245.951s][info][gc] GC(16355) Pause Young (Allocation Failure) 14M->10M(15M) 0.568ms
[245.957s][info][gc] GC(16356) Pause Young (Allocation Failure) 14M->10M(15M) 0.835ms
[245.963s][info][gc] GC(16357) Pause Young (Allocation Failure) 14M->10M(15M) 0.564ms
[245.968s][info][gc] GC(16358) Pause Young (Allocation Failure) 14M->10M(15M) 0.542ms
[245.973s][info][gc] GC(16359) Pause Young (Allocation Failure) 14M->10M(15M) 0.610ms
[245.978s][info][gc] GC(16360) Pause Young (Allocation Failure) 14M->10M(15M) 0.593ms
[245.984s][info][gc] GC(16361) Pause Young (Allocation Failure) 14M->10M(15M) 0.575ms
[245.988s][info][gc] GC(16362) Pause Young (Allocation Failure) 14M->10M(15M) 0.562ms
[245.993s][info][gc] GC(16363) Pause Young (Allocation Failure) 14M->10M(15M) 0.448ms
[245.998s][info][gc] GC(16364) Pause Young (Allocation Failure) 14M->10M(15M) 0.441ms
[246.003s][info][gc] GC(16365) Pause Young (Allocation Failure) 14M->10M(15M) 0.461ms
[246.009s][info][gc] GC(16366) Pause Young (Allocation Failure) 14M->10M(15M) 0.459ms
[246.014s][info][gc] GC(16367) Pause Young (Allocation Failure) 14M->10M(15M) 0.553ms
[246.020s][info][gc] GC(16368) Pause Young (Allocation Failure) 14M->10M(15M) 0.626ms
[246.027s][info][gc] GC(16369) Pause Young (Allocation Failure) 14M->10M(15M) 0.495ms
[246.032s][info][gc] GC(16370) Pause Young (Allocation Failure) 14M->10M(15M) 0.503ms
[246.037s][info][gc] GC(16371) Pause Young (Allocation Failure) 14M->10M(15M) 0.548ms
[246.045s][info][gc] GC(16372) Pause Young (Allocation Failure) 14M->10M(15M) 0.559ms
[246.050s][info][gc] GC(16373) Pause Young (Allocation Failure) 14M->10M(15M) 0.793ms
[246.059s][info][gc] GC(16374) Pause Young (Allocation Failure) 14M->10M(15M) 0.914ms
[246.065s][info][gc] GC(16375) Pause Young (Allocation Failure) 14M->10M(15M) 0.590ms
[246.072s][info][gc] GC(16376) Pause Young (Allocation Failure) 14M->10M(15M) 0.791ms
[246.081s][info][gc] GC(16377) Pause Young (Allocation Failure) 14M->10M(15M) 1.181ms
[246.089s][info][gc] GC(16378) Pause Young (Allocation Failure) 14M->10M(15M) 0.985ms
[246.094s][info][gc] GC(16379) Pause Young (Allocation Failure) 14M->10M(15M) 0.662ms
[246.103s][info][gc] GC(16380) Pause Young (Allocation Failure) 14M->10M(15M) 0.742ms
[246.110s][info][gc] GC(16381) Pause Young (Allocation Failure) 14M->10M(15M) 0.932ms
[246.118s][info][gc] GC(16382) Pause Young (Allocation Failure) 14M->10M(15M) 0.912ms
[246.125s][info][gc] GC(16383) Pause Young (Allocation Failure) 14M->10M(15M) 0.679ms
[246.134s][info][gc] GC(16384) Pause Young (Allocation Failure) 14M->10M(15M) 0.734ms
[246.140s][info][gc] GC(16385) Pause Young (Allocation Failure) 14M->10M(15M) 0.797ms
[246.146s][info][gc] GC(16386) Pause Young (Allocation Failure) 14M->10M(15M) 0.448ms
[246.152s][info][gc] GC(16387) Pause Young (Allocation Failure) 14M->10M(15M) 0.665ms
[246.160s][info][gc] GC(16388) Pause Young (Allocation Failure) 14M->10M(15M) 0.454ms
[246.166s][info][gc] GC(16389) Pause Young (Allocation Failure) 14M->10M(15M) 0.704ms
[246.172s][info][gc] GC(16390) Pause Young (Allocation Failure) 14M->10M(15M) 0.521ms
[246.180s][info][gc] GC(16391) Pause Young (Allocation Failure) 14M->10M(15M) 0.886ms
[246.187s][info][gc] GC(16392) Pause Young (Allocation Failure) 14M->10M(15M) 0.546ms
[246.192s][info][gc] GC(16393) Pause Young (Allocation Failure) 14M->10M(15M) 0.560ms
[246.199s][info][gc] GC(16394) Pause Young (Allocation Failure) 14M->10M(15M) 0.805ms
[246.208s][info][gc] GC(16395) Pause Young (Allocation Failure) 14M->10M(15M) 0.760ms
[246.216s][info][gc] GC(16396) Pause Young (Allocation Failure) 14M->10M(15M) 1.012ms
[246.224s][info][gc] GC(16397) Pause Young (Allocation Failure) 14M->10M(15M) 0.881ms
[246.231s][info][gc] GC(16398) Pause Young (Allocation Failure) 14M->10M(15M) 0.937ms
[246.237s][info][gc] GC(16399) Pause Young (Allocation Failure) 14M->10M(15M) 0.660ms
[246.244s][info][gc] GC(16400) Pause Young (Allocation Failure) 14M->10M(15M) 0.968ms
[246.250s][info][gc] GC(16401) Pause Young (Allocation Failure) 14M->10M(15M) 0.931ms
[246.256s][info][gc] GC(16402) Pause Young (Allocation Failure) 14M->10M(15M) 0.742ms
[246.263s][info][gc] GC(16403) Pause Young (Allocation Failure) 14M->10M(15M) 0.429ms
[246.269s][info][gc] GC(16404) Pause Young (Allocation Failure) 14M->10M(15M) 0.711ms
[246.277s][info][gc] GC(16405) Pause Young (Allocation Failure) 14M->10M(15M) 0.651ms
[246.283s][info][gc] GC(16406) Pause Young (Allocation Failure) 14M->10M(15M) 0.658ms
[246.288s][info][gc] GC(16407) Pause Young (Allocation Failure) 14M->10M(15M) 0.667ms
[246.296s][info][gc] GC(16408) Pause Young (Allocation Failure) 14M->10M(15M) 0.513ms
[246.304s][info][gc] GC(16409) Pause Young (Allocation Failure) 14M->10M(15M) 0.515ms
[246.309s][info][gc] GC(16410) Pause Young (Allocation Failure) 14M->10M(15M) 0.597ms
[246.316s][info][gc] GC(16411) Pause Young (Allocation Failure) 14M->10M(15M) 1.110ms
[246.324s][info][gc] GC(16412) Pause Young (Allocation Failure) 14M->10M(15M) 0.880ms
[246.332s][info][gc] GC(16413) Pause Young (Allocation Failure) 14M->10M(15M) 0.925ms
[246.341s][info][gc] GC(16414) Pause Young (Allocation Failure) 14M->10M(15M) 0.992ms
[246.350s][info][gc] GC(16415) Pause Young (Allocation Failure) 14M->10M(15M) 0.950ms
[246.358s][info][gc] GC(16416) Pause Young (Allocation Failure) 14M->10M(15M) 0.753ms
[246.364s][info][gc] GC(16417) Pause Young (Allocation Failure) 14M->10M(15M) 0.657ms
[246.369s][info][gc] GC(16418) Pause Young (Allocation Failure) 14M->10M(15M) 1.013ms
[246.376s][info][gc] GC(16419) Pause Young (Allocation Failure) 14M->10M(15M) 0.639ms
[246.382s][info][gc] GC(16420) Pause Young (Allocation Failure) 14M->10M(15M) 0.707ms
[246.389s][info][gc] GC(16421) Pause Young (Allocation Failure) 14M->10M(15M) 0.875ms
[246.394s][info][gc] GC(16422) Pause Young (Allocation Failure) 14M->10M(15M) 0.660ms
[246.403s][info][gc] GC(16423) Pause Young (Allocation Failure) 14M->10M(15M) 0.677ms
[246.412s][info][gc] GC(16424) Pause Young (Allocation Failure) 14M->10M(15M) 1.963ms
[246.418s][info][gc] GC(16425) Pause Young (Allocation Failure) 14M->10M(15M) 0.486ms
[246.423s][info][gc] GC(16426) Pause Young (Allocation Failure) 14M->10M(15M) 0.480ms
[246.430s][info][gc] GC(16427) Pause Young (Allocation Failure) 14M->10M(15M) 0.469ms
[246.435s][info][gc] GC(16428) Pause Young (Allocation Failure) 14M->10M(15M) 0.743ms
[246.440s][info][gc] GC(16429) Pause Young (Allocation Failure) 14M->10M(15M) 0.699ms
[246.445s][info][gc] GC(16430) Pause Young (Allocation Failure) 14M->10M(15M) 0.811ms
[246.453s][info][gc] GC(16431) Pause Young (Allocation Failure) 14M->10M(15M) 0.736ms
[246.460s][info][gc] GC(16432) Pause Young (Allocation Failure) 14M->10M(15M) 0.828ms
[246.467s][info][gc] GC(16433) Pause Young (Allocation Failure) 14M->10M(15M) 0.775ms
[246.475s][info][gc] GC(16434) Pause Young (Allocation Failure) 14M->10M(15M) 0.617ms
[246.482s][info][gc] GC(16435) Pause Young (Allocation Failure) 14M->10M(15M) 1.597ms
[246.492s][info][gc] GC(16436) Pause Young (Allocation Failure) 14M->10M(15M) 0.955ms
[246.499s][info][gc] GC(16437) Pause Young (Allocation Failure) 14M->10M(15M) 0.963ms
[246.508s][info][gc] GC(16438) Pause Young (Allocation Failure) 14M->10M(15M) 0.639ms
[246.515s][info][gc] GC(16439) Pause Young (Allocation Failure) 14M->10M(15M) 0.865ms
[246.520s][info][gc] GC(16440) Pause Young (Allocation Failure) 14M->10M(15M) 0.907ms
[246.525s][info][gc] GC(16441) Pause Young (Allocation Failure) 14M->10M(15M) 0.404ms
[246.532s][info][gc] GC(16442) Pause Young (Allocation Failure) 14M->10M(15M) 0.437ms
[246.538s][info][gc] GC(16443) Pause Young (Allocation Failure) 14M->10M(15M) 0.454ms
[246.544s][info][gc] GC(16444) Pause Young (Allocation Failure) 14M->10M(15M) 1.211ms
[246.549s][info][gc] GC(16445) Pause Young (Allocation Failure) 14M->10M(15M) 0.712ms
[246.555s][info][gc] GC(16446) Pause Young (Allocation Failure) 14M->10M(15M) 0.637ms
[246.560s][info][gc] GC(16447) Pause Young (Allocation Failure) 14M->10M(15M) 0.773ms
[246.565s][info][gc] GC(16448) Pause Young (Allocation Failure) 14M->10M(15M) 0.576ms
[246.573s][info][gc] GC(16449) Pause Young (Allocation Failure) 14M->10M(15M) 0.564ms
[246.581s][info][gc] GC(16450) Pause Young (Allocation Failure) 14M->10M(15M) 0.742ms
[246.588s][info][gc] GC(16451) Pause Young (Allocation Failure) 14M->10M(15M) 0.856ms
[246.594s][info][gc] GC(16452) Pause Young (Allocation Failure) 14M->10M(15M) 0.775ms
[246.600s][info][gc] GC(16453) Pause Young (Allocation Failure) 14M->10M(15M) 0.781ms
[246.607s][info][gc] GC(16454) Pause Young (Allocation Failure) 14M->10M(15M) 0.939ms
[246.613s][info][gc] GC(16455) Pause Young (Allocation Failure) 14M->10M(15M) 0.874ms
[246.621s][info][gc] GC(16456) Pause Young (Allocation Failure) 14M->10M(15M) 0.592ms
[246.628s][info][gc] GC(16457) Pause Young (Allocation Failure) 14M->10M(15M) 0.706ms
[246.633s][info][gc] GC(16458) Pause Young (Allocation Failure) 14M->10M(15M) 0.582ms
[246.638s][info][gc] GC(16459) Pause Young (Allocation Failure) 14M->10M(15M) 0.534ms
[246.645s][info][gc] GC(16460) Pause Young (Allocation Failure) 14M->10M(15M) 0.560ms
[246.650s][info][gc] GC(16461) Pause Young (Allocation Failure) 14M->10M(15M) 0.575ms
[246.656s][info][gc] GC(16462) Pause Young (Allocation Failure) 14M->10M(15M) 0.852ms
[246.662s][info][gc] GC(16463) Pause Young (Allocation Failure) 14M->10M(15M) 0.620ms
[246.667s][info][gc] GC(16464) Pause Young (Allocation Failure) 14M->10M(15M) 0.592ms
[246.672s][info][gc] GC(16465) Pause Young (Allocation Failure) 14M->10M(15M) 0.439ms
[246.676s][info][gc] GC(16466) Pause Young (Allocation Failure) 14M->10M(15M) 0.419ms
[246.684s][info][gc] GC(16467) Pause Young (Allocation Failure) 14M->10M(15M) 0.664ms
[246.692s][info][gc] GC(16468) Pause Young (Allocation Failure) 14M->10M(15M) 0.654ms
[246.700s][info][gc] GC(16469) Pause Young (Allocation Failure) 14M->10M(15M) 0.680ms
[246.706s][info][gc] GC(16470) Pause Young (Allocation Failure) 14M->10M(15M) 0.650ms
[246.711s][info][gc] GC(16471) Pause Young (Allocation Failure) 14M->10M(15M) 0.707ms
[246.716s][info][gc] GC(16472) Pause Young (Allocation Failure) 14M->10M(15M) 0.692ms
[246.721s][info][gc] GC(16473) Pause Young (Allocation Failure) 14M->10M(15M) 0.547ms
[246.726s][info][gc] GC(16474) Pause Young (Allocation Failure) 14M->10M(15M) 0.527ms
[246.732s][info][gc] GC(16475) Pause Young (Allocation Failure) 14M->10M(15M) 0.504ms
[246.737s][info][gc] GC(16476) Pause Young (Allocation Failure) 14M->10M(15M) 0.520ms
[246.742s][info][gc] GC(16477) Pause Young (Allocation Failure) 14M->10M(15M) 0.525ms
[246.747s][info][gc] GC(16478) Pause Young (Allocation Failure) 14M->10M(15M) 0.514ms
[246.752s][info][gc] GC(16479) Pause Young (Allocation Failure) 14M->10M(15M) 0.597ms
[246.758s][info][gc] GC(16480) Pause Young (Allocation Failure) 14M->10M(15M) 0.622ms
[246.763s][info][gc] GC(16481) Pause Young (Allocation Failure) 14M->10M(15M) 0.542ms
[246.768s][info][gc] GC(16482) Pause Young (Allocation Failure) 14M->10M(15M) 0.555ms
[246.773s][info][gc] GC(16483) Pause Young (Allocation Failure) 14M->10M(15M) 0.544ms
[246.778s][info][gc] GC(16484) Pause Young (Allocation Failure) 14M->10M(15M) 0.417ms
[246.783s][info][gc] GC(16485) Pause Young (Allocation Failure) 14M->10M(15M) 0.417ms
[246.788s][info][gc] GC(16486) Pause Young (Allocation Failure) 14M->10M(15M) 0.461ms
[246.793s][info][gc] GC(16487) Pause Young (Allocation Failure) 14M->10M(15M) 0.455ms
[246.798s][info][gc] GC(16488) Pause Young (Allocation Failure) 14M->10M(15M) 0.464ms
[246.803s][info][gc] GC(16489) Pause Young (Allocation Failure) 14M->10M(15M) 0.480ms
[246.808s][info][gc] GC(16490) Pause Young (Allocation Failure) 14M->10M(15M) 0.503ms
[246.814s][info][gc] GC(16491) Pause Young (Allocation Failure) 14M->10M(15M) 0.567ms
[246.818s][info][gc] GC(16492) Pause Young (Allocation Failure) 14M->10M(15M) 0.514ms
[246.823s][info][gc] GC(16493) Pause Young (Allocation Failure) 14M->10M(15M) 0.524ms
[246.830s][info][gc] GC(16494) Pause Young (Allocation Failure) 14M->10M(15M) 0.526ms
[246.835s][info][gc] GC(16495) Pause Young (Allocation Failure) 14M->10M(15M) 0.461ms
[246.840s][info][gc] GC(16496) Pause Young (Allocation Failure) 14M->10M(15M) 0.471ms
[246.845s][info][gc] GC(16497) Pause Young (Allocation Failure) 14M->10M(15M) 0.533ms
[246.850s][info][gc] GC(16498) Pause Young (Allocation Failure) 14M->10M(15M) 0.650ms
[246.856s][info][gc] GC(16499) Pause Young (Allocation Failure) 14M->10M(15M) 0.626ms
[246.862s][info][gc] GC(16500) Pause Young (Allocation Failure) 14M->10M(15M) 0.915ms
[246.868s][info][gc] GC(16501) Pause Young (Allocation Failure) 14M->10M(15M) 0.724ms
[246.873s][info][gc] GC(16502) Pause Young (Allocation Failure) 14M->10M(15M) 0.399ms
[246.878s][info][gc] GC(16503) Pause Young (Allocation Failure) 14M->10M(15M) 0.421ms
[246.883s][info][gc] GC(16504) Pause Young (Allocation Failure) 14M->10M(15M) 0.440ms
[246.888s][info][gc] GC(16505) Pause Young (Allocation Failure) 14M->10M(15M) 0.457ms
[246.895s][info][gc] GC(16506) Pause Young (Allocation Failure) 14M->10M(15M) 0.856ms
[246.900s][info][gc] GC(16507) Pause Young (Allocation Failure) 14M->10M(15M) 0.656ms
[246.905s][info][gc] GC(16508) Pause Young (Allocation Failure) 14M->10M(15M) 0.633ms
[246.911s][info][gc] GC(16509) Pause Young (Allocation Failure) 14M->10M(15M) 0.584ms
[246.916s][info][gc] GC(16510) Pause Young (Allocation Failure) 14M->10M(15M) 0.657ms
[246.922s][info][gc] GC(16511) Pause Young (Allocation Failure) 14M->10M(15M) 0.903ms
[246.928s][info][gc] GC(16512) Pause Young (Allocation Failure) 14M->10M(15M) 0.522ms
[246.933s][info][gc] GC(16513) Pause Young (Allocation Failure) 14M->10M(15M) 0.503ms
[246.939s][info][gc] GC(16514) Pause Young (Allocation Failure) 14M->10M(15M) 0.495ms
[246.944s][info][gc] GC(16515) Pause Young (Allocation Failure) 14M->10M(15M) 0.544ms
[246.949s][info][gc] GC(16516) Pause Young (Allocation Failure) 14M->10M(15M) 0.566ms
[246.954s][info][gc] GC(16517) Pause Young (Allocation Failure) 14M->10M(15M) 0.538ms
[246.960s][info][gc] GC(16518) Pause Young (Allocation Failure) 14M->10M(15M) 0.531ms
[246.965s][info][gc] GC(16519) Pause Young (Allocation Failure) 14M->10M(15M) 0.674ms
[246.971s][info][gc] GC(16520) Pause Young (Allocation Failure) 14M->10M(15M) 0.806ms
[246.976s][info][gc] GC(16521) Pause Young (Allocation Failure) 14M->10M(15M) 0.580ms
[246.982s][info][gc] GC(16522) Pause Young (Allocation Failure) 14M->10M(15M) 0.606ms
[246.987s][info][gc] GC(16523) Pause Young (Allocation Failure) 14M->10M(15M) 0.567ms
[246.992s][info][gc] GC(16524) Pause Young (Allocation Failure) 14M->10M(15M) 0.645ms
[246.997s][info][gc] GC(16525) Pause Young (Allocation Failure) 14M->10M(15M) 0.420ms
[247.002s][info][gc] GC(16526) Pause Young (Allocation Failure) 14M->10M(15M) 0.479ms
[247.007s][info][gc] GC(16527) Pause Young (Allocation Failure) 14M->10M(15M) 0.451ms
[247.012s][info][gc] GC(16528) Pause Young (Allocation Failure) 14M->10M(15M) 0.483ms
[247.017s][info][gc] GC(16529) Pause Young (Allocation Failure) 14M->10M(15M) 0.465ms
[247.022s][info][gc] GC(16530) Pause Young (Allocation Failure) 14M->10M(15M) 0.541ms
[247.027s][info][gc] GC(16531) Pause Young (Allocation Failure) 14M->10M(15M) 0.491ms
[247.032s][info][gc] GC(16532) Pause Young (Allocation Failure) 14M->10M(15M) 0.520ms
[247.038s][info][gc] GC(16533) Pause Young (Allocation Failure) 14M->10M(15M) 0.477ms
[247.043s][info][gc] GC(16534) Pause Young (Allocation Failure) 14M->10M(15M) 0.497ms
[247.049s][info][gc] GC(16535) Pause Young (Allocation Failure) 14M->10M(15M) 0.522ms
[247.055s][info][gc] GC(16536) Pause Young (Allocation Failure) 14M->10M(15M) 0.861ms
[247.063s][info][gc] GC(16537) Pause Young (Allocation Failure) 14M->10M(15M) 0.975ms
[247.071s][info][gc] GC(16538) Pause Young (Allocation Failure) 14M->10M(15M) 1.008ms
[247.079s][info][gc] GC(16539) Pause Young (Allocation Failure) 14M->10M(15M) 0.502ms
[247.084s][info][gc] GC(16540) Pause Young (Allocation Failure) 14M->10M(15M) 0.524ms
[247.089s][info][gc] GC(16541) Pause Young (Allocation Failure) 14M->10M(15M) 0.632ms
[247.096s][info][gc] GC(16542) Pause Young (Allocation Failure) 14M->10M(15M) 0.703ms
[247.101s][info][gc] GC(16543) Pause Young (Allocation Failure) 14M->10M(15M) 0.593ms
[247.106s][info][gc] GC(16544) Pause Young (Allocation Failure) 14M->10M(15M) 0.702ms
[247.112s][info][gc] GC(16545) Pause Young (Allocation Failure) 14M->10M(15M) 0.917ms
[247.119s][info][gc] GC(16546) Pause Young (Allocation Failure) 14M->10M(15M) 0.588ms
[247.125s][info][gc] GC(16547) Pause Young (Allocation Failure) 14M->10M(15M) 0.523ms
[247.132s][info][gc] GC(16548) Pause Young (Allocation Failure) 14M->10M(15M) 0.750ms
[247.137s][info][gc] GC(16549) Pause Young (Allocation Failure) 14M->10M(15M) 0.436ms
[247.142s][info][gc] GC(16550) Pause Young (Allocation Failure) 14M->10M(15M) 0.470ms
[247.148s][info][gc] GC(16551) Pause Young (Allocation Failure) 14M->10M(15M) 0.465ms
[247.153s][info][gc] GC(16552) Pause Young (Allocation Failure) 14M->10M(15M) 0.694ms
[247.158s][info][gc] GC(16553) Pause Young (Allocation Failure) 14M->10M(15M) 0.497ms
[247.164s][info][gc] GC(16554) Pause Young (Allocation Failure) 14M->10M(15M) 0.551ms
[247.171s][info][gc] GC(16555) Pause Young (Allocation Failure) 14M->10M(15M) 0.540ms
[247.177s][info][gc] GC(16556) Pause Young (Allocation Failure) 14M->10M(15M) 0.765ms
[247.182s][info][gc] GC(16557) Pause Young (Allocation Failure) 14M->10M(15M) 0.756ms
[247.188s][info][gc] GC(16558) Pause Young (Allocation Failure) 14M->10M(15M) 0.749ms
[247.194s][info][gc] GC(16559) Pause Young (Allocation Failure) 14M->10M(15M) 0.633ms
[247.200s][info][gc] GC(16560) Pause Young (Allocation Failure) 14M->10M(15M) 0.854ms
[247.206s][info][gc] GC(16561) Pause Young (Allocation Failure) 14M->10M(15M) 0.813ms
[247.211s][info][gc] GC(16562) Pause Young (Allocation Failure) 14M->10M(15M) 0.776ms
[247.217s][info][gc] GC(16563) Pause Young (Allocation Failure) 14M->10M(15M) 0.854ms
[247.223s][info][gc] GC(16564) Pause Young (Allocation Failure) 14M->10M(15M) 0.686ms
[247.229s][info][gc] GC(16565) Pause Young (Allocation Failure) 14M->10M(15M) 0.694ms
[247.234s][info][gc] GC(16566) Pause Young (Allocation Failure) 14M->10M(15M) 0.681ms
[247.239s][info][gc] GC(16567) Pause Young (Allocation Failure) 14M->10M(15M) 0.610ms
[247.245s][info][gc] GC(16568) Pause Young (Allocation Failure) 14M->10M(15M) 0.640ms
[247.250s][info][gc] GC(16569) Pause Young (Allocation Failure) 14M->10M(15M) 0.619ms
[247.256s][info][gc] GC(16570) Pause Young (Allocation Failure) 14M->10M(15M) 0.596ms
[247.263s][info][gc] GC(16571) Pause Young (Allocation Failure) 14M->10M(15M) 0.932ms
[247.269s][info][gc] GC(16572) Pause Young (Allocation Failure) 14M->10M(15M) 0.439ms
[247.274s][info][gc] GC(16573) Pause Young (Allocation Failure) 14M->10M(15M) 0.409ms
[247.279s][info][gc] GC(16574) Pause Young (Allocation Failure) 14M->10M(15M) 0.463ms
[247.285s][info][gc] GC(16575) Pause Young (Allocation Failure) 14M->10M(15M) 0.444ms
[247.290s][info][gc] GC(16576) Pause Young (Allocation Failure) 14M->10M(15M) 0.484ms
[247.296s][info][gc] GC(16577) Pause Young (Allocation Failure) 14M->10M(15M) 0.470ms
[247.301s][info][gc] GC(16578) Pause Young (Allocation Failure) 14M->10M(15M) 0.476ms
[247.306s][info][gc] GC(16579) Pause Young (Allocation Failure) 14M->10M(15M) 0.479ms
[247.311s][info][gc] GC(16580) Pause Young (Allocation Failure) 14M->10M(15M) 0.522ms
[247.316s][info][gc] GC(16581) Pause Young (Allocation Failure) 14M->10M(15M) 0.512ms
[247.322s][info][gc] GC(16582) Pause Young (Allocation Failure) 14M->10M(15M) 0.560ms
[247.327s][info][gc] GC(16583) Pause Young (Allocation Failure) 14M->10M(15M) 0.505ms
[247.332s][info][gc] GC(16584) Pause Young (Allocation Failure) 14M->10M(15M) 0.519ms
[247.338s][info][gc] GC(16585) Pause Young (Allocation Failure) 14M->10M(15M) 0.567ms
[247.343s][info][gc] GC(16586) Pause Young (Allocation Failure) 14M->10M(15M) 0.616ms
[247.348s][info][gc] GC(16587) Pause Young (Allocation Failure) 14M->10M(15M) 0.582ms
[247.354s][info][gc] GC(16588) Pause Young (Allocation Failure) 14M->10M(15M) 0.596ms
[247.360s][info][gc] GC(16589) Pause Young (Allocation Failure) 14M->10M(15M) 0.612ms
[247.366s][info][gc] GC(16590) Pause Young (Allocation Failure) 14M->10M(15M) 0.603ms
[247.372s][info][gc] GC(16591) Pause Young (Allocation Failure) 14M->10M(15M) 0.647ms
[247.377s][info][gc] GC(16592) Pause Young (Allocation Failure) 14M->10M(15M) 0.593ms
[247.382s][info][gc] GC(16593) Pause Young (Allocation Failure) 14M->10M(15M) 0.650ms
[247.388s][info][gc] GC(16594) Pause Young (Allocation Failure) 14M->10M(15M) 0.443ms
[247.393s][info][gc] GC(16595) Pause Young (Allocation Failure) 14M->10M(15M) 0.418ms
[247.400s][info][gc] GC(16596) Pause Young (Allocation Failure) 14M->10M(15M) 0.444ms
[247.405s][info][gc] GC(16597) Pause Young (Allocation Failure) 14M->10M(15M) 0.545ms
[247.410s][info][gc] GC(16598) Pause Young (Allocation Failure) 14M->10M(15M) 0.502ms
[247.415s][info][gc] GC(16599) Pause Young (Allocation Failure) 14M->10M(15M) 0.465ms
[247.421s][info][gc] GC(16600) Pause Young (Allocation Failure) 14M->10M(15M) 0.482ms
[247.425s][info][gc] GC(16601) Pause Young (Allocation Failure) 14M->10M(15M) 0.505ms
[247.430s][info][gc] GC(16602) Pause Young (Allocation Failure) 14M->10M(15M) 0.733ms
[247.435s][info][gc] GC(16603) Pause Young (Allocation Failure) 14M->10M(15M) 0.521ms
[247.440s][info][gc] GC(16604) Pause Young (Allocation Failure) 14M->10M(15M) 0.516ms
[247.445s][info][gc] GC(16605) Pause Young (Allocation Failure) 14M->10M(15M) 0.484ms
[247.451s][info][gc] GC(16606) Pause Young (Allocation Failure) 14M->10M(15M) 0.612ms
[247.456s][info][gc] GC(16607) Pause Young (Allocation Failure) 14M->10M(15M) 0.641ms
[247.461s][info][gc] GC(16608) Pause Young (Allocation Failure) 14M->10M(15M) 0.834ms
[247.467s][info][gc] GC(16609) Pause Young (Allocation Failure) 14M->10M(15M) 0.696ms
[247.472s][info][gc] GC(16610) Pause Young (Allocation Failure) 14M->10M(15M) 0.644ms
[247.478s][info][gc] GC(16611) Pause Young (Allocation Failure) 14M->10M(15M) 0.684ms
[247.484s][info][gc] GC(16612) Pause Young (Allocation Failure) 14M->10M(15M) 0.653ms
[247.489s][info][gc] GC(16613) Pause Young (Allocation Failure) 14M->10M(15M) 0.634ms
[247.493s][info][gc] GC(16614) Pause Young (Allocation Failure) 14M->10M(15M) 0.454ms
[247.499s][info][gc] GC(16615) Pause Young (Allocation Failure) 14M->10M(15M) 0.416ms
[247.504s][info][gc] GC(16616) Pause Young (Allocation Failure) 14M->10M(15M) 0.455ms
[247.509s][info][gc] GC(16617) Pause Young (Allocation Failure) 14M->10M(15M) 0.474ms
[247.514s][info][gc] GC(16618) Pause Young (Allocation Failure) 14M->10M(15M) 0.485ms
[247.520s][info][gc] GC(16619) Pause Young (Allocation Failure) 14M->10M(15M) 0.458ms
[247.524s][info][gc] GC(16620) Pause Young (Allocation Failure) 14M->10M(15M) 0.388ms
[247.530s][info][gc] GC(16621) Pause Young (Allocation Failure) 14M->10M(15M) 0.555ms
[247.535s][info][gc] GC(16622) Pause Young (Allocation Failure) 14M->10M(15M) 0.501ms
[247.540s][info][gc] GC(16623) Pause Young (Allocation Failure) 14M->10M(15M) 0.656ms
[247.546s][info][gc] GC(16624) Pause Young (Allocation Failure) 14M->10M(15M) 0.501ms
[247.551s][info][gc] GC(16625) Pause Young (Allocation Failure) 14M->10M(15M) 0.635ms
[247.557s][info][gc] GC(16626) Pause Young (Allocation Failure) 14M->10M(15M) 0.765ms
[247.562s][info][gc] GC(16627) Pause Young (Allocation Failure) 14M->10M(15M) 0.603ms
[247.567s][info][gc] GC(16628) Pause Young (Allocation Failure) 14M->10M(15M) 0.551ms
[247.573s][info][gc] GC(16629) Pause Young (Allocation Failure) 14M->10M(15M) 0.584ms
[247.578s][info][gc] GC(16630) Pause Young (Allocation Failure) 14M->10M(15M) 0.628ms
[247.583s][info][gc] GC(16631) Pause Young (Allocation Failure) 14M->10M(15M) 0.611ms
[247.588s][info][gc] GC(16632) Pause Young (Allocation Failure) 14M->10M(15M) 0.571ms
[247.594s][info][gc] GC(16633) Pause Young (Allocation Failure) 14M->10M(15M) 0.719ms
[247.598s][info][gc] GC(16634) Pause Young (Allocation Failure) 14M->10M(15M) 0.627ms
[247.603s][info][gc] GC(16635) Pause Young (Allocation Failure) 14M->10M(15M) 0.402ms
[247.609s][info][gc] GC(16636) Pause Young (Allocation Failure) 14M->10M(15M) 0.412ms
[247.614s][info][gc] GC(16637) Pause Young (Allocation Failure) 14M->10M(15M) 0.409ms
[247.619s][info][gc] GC(16638) Pause Young (Allocation Failure) 14M->10M(15M) 0.434ms
[247.624s][info][gc] GC(16639) Pause Young (Allocation Failure) 14M->10M(15M) 0.430ms
[247.629s][info][gc] GC(16640) Pause Young (Allocation Failure) 14M->10M(15M) 0.388ms
[247.634s][info][gc] GC(16641) Pause Young (Allocation Failure) 14M->10M(15M) 0.412ms
[247.639s][info][gc] GC(16642) Pause Young (Allocation Failure) 14M->10M(15M) 0.469ms
[247.644s][info][gc] GC(16643) Pause Young (Allocation Failure) 14M->10M(15M) 0.487ms
[247.649s][info][gc] GC(16644) Pause Young (Allocation Failure) 14M->10M(15M) 0.468ms
[247.654s][info][gc] GC(16645) Pause Young (Allocation Failure) 14M->10M(15M) 0.580ms
[247.659s][info][gc] GC(16646) Pause Young (Allocation Failure) 14M->10M(15M) 0.526ms
[247.665s][info][gc] GC(16647) Pause Young (Allocation Failure) 14M->10M(15M) 0.766ms
[247.670s][info][gc] GC(16648) Pause Young (Allocation Failure) 14M->10M(15M) 0.820ms
[247.676s][info][gc] GC(16649) Pause Young (Allocation Failure) 14M->10M(15M) 0.647ms
[247.684s][info][gc] GC(16650) Pause Young (Allocation Failure) 14M->10M(15M) 0.846ms
[247.689s][info][gc] GC(16651) Pause Young (Allocation Failure) 14M->10M(15M) 0.647ms
[247.694s][info][gc] GC(16652) Pause Young (Allocation Failure) 14M->10M(15M) 0.621ms
[247.700s][info][gc] GC(16653) Pause Young (Allocation Failure) 14M->10M(15M) 0.658ms
[247.705s][info][gc] GC(16654) Pause Young (Allocation Failure) 14M->10M(15M) 0.610ms
[247.710s][info][gc] GC(16655) Pause Young (Allocation Failure) 14M->10M(15M) 0.667ms
[247.715s][info][gc] GC(16656) Pause Young (Allocation Failure) 14M->10M(15M) 0.597ms
[247.720s][info][gc] GC(16657) Pause Young (Allocation Failure) 14M->10M(15M) 0.386ms
[247.725s][info][gc] GC(16658) Pause Young (Allocation Failure) 14M->10M(15M) 0.348ms
[247.730s][info][gc] GC(16659) Pause Young (Allocation Failure) 14M->10M(15M) 0.454ms
[247.736s][info][gc] GC(16660) Pause Young (Allocation Failure) 14M->10M(15M) 0.453ms
[247.741s][info][gc] GC(16661) Pause Young (Allocation Failure) 14M->10M(15M) 0.485ms
[247.746s][info][gc] GC(16662) Pause Young (Allocation Failure) 14M->10M(15M) 0.450ms
[247.751s][info][gc] GC(16663) Pause Young (Allocation Failure) 14M->10M(15M) 0.504ms
[247.756s][info][gc] GC(16664) Pause Young (Allocation Failure) 14M->10M(15M) 0.489ms
[247.761s][info][gc] GC(16665) Pause Young (Allocation Failure) 14M->10M(15M) 0.498ms
[247.766s][info][gc] GC(16666) Pause Young (Allocation Failure) 14M->10M(15M) 0.616ms
[247.771s][info][gc] GC(16667) Pause Young (Allocation Failure) 14M->10M(15M) 0.494ms
[247.776s][info][gc] GC(16668) Pause Young (Allocation Failure) 14M->10M(15M) 0.526ms
[247.781s][info][gc] GC(16669) Pause Young (Allocation Failure) 14M->10M(15M) 0.566ms
[247.787s][info][gc] GC(16670) Pause Young (Allocation Failure) 14M->10M(15M) 0.502ms
[247.792s][info][gc] GC(16671) Pause Young (Allocation Failure) 14M->10M(15M) 0.474ms
[247.797s][info][gc] GC(16672) Pause Young (Allocation Failure) 14M->10M(15M) 0.488ms
[247.802s][info][gc] GC(16673) Pause Young (Allocation Failure) 14M->10M(15M) 0.578ms
[247.807s][info][gc] GC(16674) Pause Young (Allocation Failure) 14M->10M(15M) 0.518ms
[247.812s][info][gc] GC(16675) Pause Young (Allocation Failure) 14M->10M(15M) 0.509ms
[247.818s][info][gc] GC(16676) Pause Young (Allocation Failure) 14M->10M(15M) 0.584ms
[247.822s][info][gc] GC(16677) Pause Young (Allocation Failure) 14M->10M(15M) 0.564ms
[247.827s][info][gc] GC(16678) Pause Young (Allocation Failure) 14M->10M(15M) 0.571ms
[247.833s][info][gc] GC(16679) Pause Young (Allocation Failure) 14M->10M(15M) 0.611ms
[247.837s][info][gc] GC(16680) Pause Young (Allocation Failure) 14M->10M(15M) 0.383ms
[247.844s][info][gc] GC(16681) Pause Young (Allocation Failure) 14M->10M(15M) 0.433ms
[247.849s][info][gc] GC(16682) Pause Young (Allocation Failure) 14M->10M(15M) 0.486ms
[247.854s][info][gc] GC(16683) Pause Young (Allocation Failure) 14M->10M(15M) 0.473ms
[247.859s][info][gc] GC(16684) Pause Young (Allocation Failure) 14M->10M(15M) 0.521ms
[247.864s][info][gc] GC(16685) Pause Young (Allocation Failure) 14M->10M(15M) 0.465ms
[247.870s][info][gc] GC(16686) Pause Young (Allocation Failure) 14M->10M(15M) 0.601ms
[247.875s][info][gc] GC(16687) Pause Young (Allocation Failure) 14M->10M(15M) 0.735ms
[247.881s][info][gc] GC(16688) Pause Young (Allocation Failure) 14M->10M(15M) 0.541ms
[247.888s][info][gc] GC(16689) Pause Young (Allocation Failure) 14M->10M(15M) 0.543ms
[247.895s][info][gc] GC(16690) Pause Young (Allocation Failure) 14M->10M(15M) 0.601ms
[247.902s][info][gc] GC(16691) Pause Young (Allocation Failure) 14M->10M(15M) 0.544ms
[247.908s][info][gc] GC(16692) Pause Young (Allocation Failure) 14M->10M(15M) 0.570ms
[247.914s][info][gc] GC(16693) Pause Young (Allocation Failure) 14M->10M(15M) 0.543ms
[247.921s][info][gc] GC(16694) Pause Young (Allocation Failure) 14M->10M(15M) 0.931ms
[247.927s][info][gc] GC(16695) Pause Young (Allocation Failure) 14M->10M(15M) 0.602ms
[247.932s][info][gc] GC(16696) Pause Young (Allocation Failure) 14M->10M(15M) 0.545ms
[247.937s][info][gc] GC(16697) Pause Young (Allocation Failure) 14M->10M(15M) 0.576ms
[247.943s][info][gc] GC(16698) Pause Young (Allocation Failure) 14M->10M(15M) 0.637ms
[247.948s][info][gc] GC(16699) Pause Young (Allocation Failure) 14M->10M(15M) 0.559ms
[247.953s][info][gc] GC(16700) Pause Young (Allocation Failure) 14M->10M(15M) 0.594ms
[247.958s][info][gc] GC(16701) Pause Young (Allocation Failure) 14M->10M(15M) 0.582ms
[247.963s][info][gc] GC(16702) Pause Young (Allocation Failure) 14M->10M(15M) 0.639ms
[247.968s][info][gc] GC(16703) Pause Young (Allocation Failure) 14M->10M(15M) 0.556ms
[247.973s][info][gc] GC(16704) Pause Young (Allocation Failure) 14M->10M(15M) 0.613ms
[247.979s][info][gc] GC(16705) Pause Young (Allocation Failure) 14M->10M(15M) 0.610ms
[247.984s][info][gc] GC(16706) Pause Young (Allocation Failure) 14M->10M(15M) 0.577ms
[247.989s][info][gc] GC(16707) Pause Young (Allocation Failure) 14M->10M(15M) 0.736ms
[247.995s][info][gc] GC(16708) Pause Young (Allocation Failure) 14M->10M(15M) 0.889ms
[248.002s][info][gc] GC(16709) Pause Young (Allocation Failure) 14M->10M(15M) 0.420ms
[248.007s][info][gc] GC(16710) Pause Young (Allocation Failure) 14M->10M(15M) 0.366ms
[248.012s][info][gc] GC(16711) Pause Young (Allocation Failure) 14M->10M(15M) 0.380ms
[248.017s][info][gc] GC(16712) Pause Young (Allocation Failure) 14M->10M(15M) 0.384ms
[248.022s][info][gc] GC(16713) Pause Young (Allocation Failure) 14M->10M(15M) 0.441ms
[248.027s][info][gc] GC(16714) Pause Young (Allocation Failure) 14M->10M(15M) 0.395ms
[248.032s][info][gc] GC(16715) Pause Young (Allocation Failure) 14M->10M(15M) 0.442ms
[248.038s][info][gc] GC(16716) Pause Young (Allocation Failure) 14M->10M(15M) 0.464ms
[248.043s][info][gc] GC(16717) Pause Young (Allocation Failure) 14M->10M(15M) 0.485ms
[248.048s][info][gc] GC(16718) Pause Young (Allocation Failure) 14M->10M(15M) 0.446ms
[248.053s][info][gc] GC(16719) Pause Young (Allocation Failure) 14M->10M(15M) 0.463ms
[248.058s][info][gc] GC(16720) Pause Young (Allocation Failure) 14M->10M(15M) 0.479ms
[248.064s][info][gc] GC(16721) Pause Young (Allocation Failure) 14M->10M(15M) 0.544ms
[248.069s][info][gc] GC(16722) Pause Young (Allocation Failure) 14M->10M(15M) 0.646ms
[248.077s][info][gc] GC(16723) Pause Young (Allocation Failure) 14M->10M(15M) 0.884ms
[248.088s][info][gc] GC(16724) Pause Young (Allocation Failure) 14M->10M(15M) 0.640ms
[248.093s][info][gc] GC(16725) Pause Young (Allocation Failure) 14M->10M(15M) 0.590ms
[248.100s][info][gc] GC(16726) Pause Young (Allocation Failure) 14M->10M(15M) 0.614ms
[248.105s][info][gc] GC(16727) Pause Young (Allocation Failure) 14M->10M(15M) 0.653ms
[248.111s][info][gc] GC(16728) Pause Young (Allocation Failure) 14M->10M(15M) 0.879ms
[248.119s][info][gc] GC(16729) Pause Young (Allocation Failure) 14M->10M(15M) 0.622ms
[248.125s][info][gc] GC(16730) Pause Young (Allocation Failure) 14M->10M(15M) 0.470ms
[248.131s][info][gc] GC(16731) Pause Young (Allocation Failure) 14M->10M(15M) 0.876ms
[248.139s][info][gc] GC(16732) Pause Young (Allocation Failure) 14M->10M(15M) 0.529ms
[248.144s][info][gc] GC(16733) Pause Young (Allocation Failure) 14M->10M(15M) 0.470ms
[248.150s][info][gc] GC(16734) Pause Young (Allocation Failure) 14M->10M(15M) 0.868ms
[248.155s][info][gc] GC(16735) Pause Young (Allocation Failure) 14M->10M(15M) 0.542ms
[248.161s][info][gc] GC(16736) Pause Young (Allocation Failure) 14M->10M(15M) 0.525ms
[248.167s][info][gc] GC(16737) Pause Young (Allocation Failure) 14M->10M(15M) 0.576ms
[248.173s][info][gc] GC(16738) Pause Young (Allocation Failure) 14M->10M(15M) 0.564ms
[248.178s][info][gc] GC(16739) Pause Young (Allocation Failure) 14M->10M(15M) 0.575ms
[248.184s][info][gc] GC(16740) Pause Young (Allocation Failure) 14M->10M(15M) 0.708ms
[248.190s][info][gc] GC(16741) Pause Young (Allocation Failure) 14M->10M(15M) 0.775ms
[248.196s][info][gc] GC(16742) Pause Young (Allocation Failure) 14M->10M(15M) 0.619ms
[248.203s][info][gc] GC(16743) Pause Young (Allocation Failure) 14M->10M(15M) 0.615ms
[248.211s][info][gc] GC(16744) Pause Young (Allocation Failure) 14M->10M(15M) 0.718ms
[248.217s][info][gc] GC(16745) Pause Young (Allocation Failure) 14M->10M(15M) 0.631ms
[248.222s][info][gc] GC(16746) Pause Young (Allocation Failure) 14M->10M(15M) 0.608ms
[248.229s][info][gc] GC(16747) Pause Young (Allocation Failure) 14M->10M(15M) 1.065ms
[248.235s][info][gc] GC(16748) Pause Young (Allocation Failure) 14M->10M(15M) 0.639ms
[248.242s][info][gc] GC(16749) Pause Young (Allocation Failure) 14M->10M(15M) 0.629ms
[248.247s][info][gc] GC(16750) Pause Young (Allocation Failure) 14M->10M(15M) 0.430ms
[248.252s][info][gc] GC(16751) Pause Young (Allocation Failure) 14M->10M(15M) 0.430ms
[248.257s][info][gc] GC(16752) Pause Young (Allocation Failure) 14M->10M(15M) 0.427ms
[248.263s][info][gc] GC(16753) Pause Young (Allocation Failure) 14M->10M(15M) 0.459ms
[248.268s][info][gc] GC(16754) Pause Young (Allocation Failure) 14M->10M(15M) 0.484ms
[248.273s][info][gc] GC(16755) Pause Young (Allocation Failure) 14M->10M(15M) 0.782ms
[248.280s][info][gc] GC(16756) Pause Young (Allocation Failure) 14M->10M(15M) 0.513ms
[248.285s][info][gc] GC(16757) Pause Young (Allocation Failure) 14M->10M(15M) 0.573ms
[248.290s][info][gc] GC(16758) Pause Young (Allocation Failure) 14M->10M(15M) 0.564ms
[248.296s][info][gc] GC(16759) Pause Young (Allocation Failure) 14M->10M(15M) 0.864ms
[248.302s][info][gc] GC(16760) Pause Young (Allocation Failure) 14M->10M(15M) 0.774ms
[248.307s][info][gc] GC(16761) Pause Young (Allocation Failure) 14M->10M(15M) 0.592ms
[248.312s][info][gc] GC(16762) Pause Young (Allocation Failure) 14M->10M(15M) 0.621ms
[248.318s][info][gc] GC(16763) Pause Young (Allocation Failure) 14M->10M(15M) 0.618ms
[248.323s][info][gc] GC(16764) Pause Young (Allocation Failure) 14M->10M(15M) 0.577ms
[248.328s][info][gc] GC(16765) Pause Young (Allocation Failure) 14M->10M(15M) 0.560ms
[248.333s][info][gc] GC(16766) Pause Young (Allocation Failure) 14M->10M(15M) 0.563ms
[248.338s][info][gc] GC(16767) Pause Young (Allocation Failure) 14M->10M(15M) 0.409ms
[248.344s][info][gc] GC(16768) Pause Young (Allocation Failure) 14M->10M(15M) 0.407ms
[248.349s][info][gc] GC(16769) Pause Young (Allocation Failure) 14M->10M(15M) 0.441ms
[248.354s][info][gc] GC(16770) Pause Young (Allocation Failure) 14M->10M(15M) 0.543ms
[248.359s][info][gc] GC(16771) Pause Young (Allocation Failure) 14M->10M(15M) 0.450ms
[248.364s][info][gc] GC(16772) Pause Young (Allocation Failure) 14M->10M(15M) 0.444ms
[248.369s][info][gc] GC(16773) Pause Young (Allocation Failure) 14M->10M(15M) 0.512ms
[248.375s][info][gc] GC(16774) Pause Young (Allocation Failure) 14M->10M(15M) 0.876ms
[248.382s][info][gc] GC(16775) Pause Young (Allocation Failure) 14M->10M(15M) 0.560ms
[248.389s][info][gc] GC(16776) Pause Young (Allocation Failure) 14M->10M(15M) 0.801ms
[248.394s][info][gc] GC(16777) Pause Young (Allocation Failure) 14M->10M(15M) 0.547ms
[248.401s][info][gc] GC(16778) Pause Young (Allocation Failure) 14M->10M(15M) 0.584ms
[248.408s][info][gc] GC(16779) Pause Young (Allocation Failure) 14M->10M(15M) 0.611ms
[248.415s][info][gc] GC(16780) Pause Young (Allocation Failure) 14M->10M(15M) 0.653ms
[248.423s][info][gc] GC(16781) Pause Young (Allocation Failure) 14M->10M(15M) 0.655ms
[248.428s][info][gc] GC(16782) Pause Young (Allocation Failure) 14M->10M(15M) 0.599ms
[248.435s][info][gc] GC(16783) Pause Young (Allocation Failure) 14M->10M(15M) 0.622ms
[248.441s][info][gc] GC(16784) Pause Young (Allocation Failure) 14M->10M(15M) 0.668ms
[248.446s][info][gc] GC(16785) Pause Young (Allocation Failure) 14M->10M(15M) 0.418ms
[248.452s][info][gc] GC(16786) Pause Young (Allocation Failure) 14M->10M(15M) 0.517ms
[248.458s][info][gc] GC(16787) Pause Young (Allocation Failure) 14M->10M(15M) 0.464ms
[248.463s][info][gc] GC(16788) Pause Young (Allocation Failure) 14M->10M(15M) 0.555ms
[248.468s][info][gc] GC(16789) Pause Young (Allocation Failure) 14M->10M(15M) 0.530ms
[248.474s][info][gc] GC(16790) Pause Young (Allocation Failure) 14M->10M(15M) 0.592ms
[248.479s][info][gc] GC(16791) Pause Young (Allocation Failure) 14M->10M(15M) 0.496ms
[248.485s][info][gc] GC(16792) Pause Young (Allocation Failure) 14M->10M(15M) 0.585ms
[248.490s][info][gc] GC(16793) Pause Young (Allocation Failure) 14M->10M(15M) 0.529ms
[248.495s][info][gc] GC(16794) Pause Young (Allocation Failure) 14M->10M(15M) 0.493ms
[248.502s][info][gc] GC(16795) Pause Young (Allocation Failure) 14M->10M(15M) 0.557ms
[248.507s][info][gc] GC(16796) Pause Young (Allocation Failure) 14M->10M(15M) 0.533ms
[248.512s][info][gc] GC(16797) Pause Young (Allocation Failure) 14M->10M(15M) 0.540ms
[248.521s][info][gc] GC(16798) Pause Young (Allocation Failure) 14M->10M(15M) 0.651ms
[248.526s][info][gc] GC(16799) Pause Young (Allocation Failure) 14M->10M(15M) 0.609ms
[248.533s][info][gc] GC(16800) Pause Young (Allocation Failure) 14M->10M(15M) 0.621ms
[248.539s][info][gc] GC(16801) Pause Young (Allocation Failure) 14M->10M(15M) 0.401ms
[248.544s][info][gc] GC(16802) Pause Young (Allocation Failure) 14M->10M(15M) 0.408ms
[248.549s][info][gc] GC(16803) Pause Young (Allocation Failure) 14M->10M(15M) 0.425ms
[248.554s][info][gc] GC(16804) Pause Young (Allocation Failure) 14M->10M(15M) 0.439ms
[248.560s][info][gc] GC(16805) Pause Young (Allocation Failure) 14M->10M(15M) 0.477ms
[248.565s][info][gc] GC(16806) Pause Young (Allocation Failure) 14M->10M(15M) 0.447ms
[248.569s][info][gc] GC(16807) Pause Young (Allocation Failure) 14M->10M(15M) 0.464ms
[248.574s][info][gc] GC(16808) Pause Young (Allocation Failure) 14M->10M(15M) 0.463ms
[248.583s][info][gc] GC(16809) Pause Young (Allocation Failure) 14M->10M(15M) 0.530ms
[248.588s][info][gc] GC(16810) Pause Young (Allocation Failure) 14M->10M(15M) 0.502ms
[248.597s][info][gc] GC(16811) Pause Young (Allocation Failure) 14M->10M(15M) 0.524ms
[248.602s][info][gc] GC(16812) Pause Young (Allocation Failure) 14M->10M(15M) 0.600ms
[248.608s][info][gc] GC(16813) Pause Young (Allocation Failure) 14M->10M(15M) 0.586ms
[248.613s][info][gc] GC(16814) Pause Young (Allocation Failure) 14M->10M(15M) 0.544ms
[248.618s][info][gc] GC(16815) Pause Young (Allocation Failure) 14M->10M(15M) 0.491ms
[248.623s][info][gc] GC(16816) Pause Young (Allocation Failure) 14M->10M(15M) 0.576ms
[248.628s][info][gc] GC(16817) Pause Young (Allocation Failure) 14M->10M(15M) 0.537ms
[248.633s][info][gc] GC(16818) Pause Young (Allocation Failure) 14M->10M(15M) 0.604ms
[248.638s][info][gc] GC(16819) Pause Young (Allocation Failure) 14M->10M(15M) 0.700ms
[248.644s][info][gc] GC(16820) Pause Young (Allocation Failure) 14M->10M(15M) 0.644ms
[248.649s][info][gc] GC(16821) Pause Young (Allocation Failure) 14M->10M(15M) 0.655ms
[248.654s][info][gc] GC(16822) Pause Young (Allocation Failure) 14M->10M(15M) 0.568ms
[248.660s][info][gc] GC(16823) Pause Young (Allocation Failure) 14M->10M(15M) 0.716ms
[248.665s][info][gc] GC(16824) Pause Young (Allocation Failure) 14M->10M(15M) 0.382ms
[248.670s][info][gc] GC(16825) Pause Young (Allocation Failure) 14M->10M(15M) 0.442ms
[248.676s][info][gc] GC(16826) Pause Young (Allocation Failure) 14M->10M(15M) 0.512ms
[248.683s][info][gc] GC(16827) Pause Young (Allocation Failure) 14M->10M(15M) 0.905ms
[248.690s][info][gc] GC(16828) Pause Young (Allocation Failure) 14M->10M(15M) 0.470ms
[248.695s][info][gc] GC(16829) Pause Young (Allocation Failure) 14M->10M(15M) 0.419ms
[248.700s][info][gc] GC(16830) Pause Young (Allocation Failure) 14M->10M(15M) 0.593ms
[248.706s][info][gc] GC(16831) Pause Young (Allocation Failure) 14M->10M(15M) 0.459ms
[248.712s][info][gc] GC(16832) Pause Young (Allocation Failure) 14M->10M(15M) 0.712ms
[248.716s][info][gc] GC(16833) Pause Young (Allocation Failure) 14M->10M(15M) 0.547ms
[248.721s][info][gc] GC(16834) Pause Young (Allocation Failure) 14M->10M(15M) 0.521ms
[248.726s][info][gc] GC(16835) Pause Young (Allocation Failure) 14M->10M(15M) 0.553ms
[248.731s][info][gc] GC(16836) Pause Young (Allocation Failure) 14M->10M(15M) 0.567ms
[248.737s][info][gc] GC(16837) Pause Young (Allocation Failure) 14M->10M(15M) 0.838ms
[248.741s][info][gc] GC(16838) Pause Young (Allocation Failure) 14M->10M(15M) 0.573ms
[248.746s][info][gc] GC(16839) Pause Young (Allocation Failure) 14M->10M(15M) 0.628ms
[248.753s][info][gc] GC(16840) Pause Young (Allocation Failure) 14M->10M(15M) 0.611ms
[248.758s][info][gc] GC(16841) Pause Young (Allocation Failure) 14M->10M(15M) 0.608ms
[248.763s][info][gc] GC(16842) Pause Young (Allocation Failure) 14M->10M(15M) 0.596ms
[248.768s][info][gc] GC(16843) Pause Young (Allocation Failure) 14M->10M(15M) 0.663ms
[248.773s][info][gc] GC(16844) Pause Young (Allocation Failure) 14M->10M(15M) 0.626ms
[248.778s][info][gc] GC(16845) Pause Young (Allocation Failure) 14M->10M(15M) 0.381ms
[248.783s][info][gc] GC(16846) Pause Young (Allocation Failure) 14M->10M(15M) 0.418ms
[248.788s][info][gc] GC(16847) Pause Young (Allocation Failure) 14M->10M(15M) 0.418ms
[248.793s][info][gc] GC(16848) Pause Young (Allocation Failure) 14M->10M(15M) 0.508ms
[248.798s][info][gc] GC(16849) Pause Young (Allocation Failure) 14M->10M(15M) 0.490ms
[248.804s][info][gc] GC(16850) Pause Young (Allocation Failure) 14M->10M(15M) 0.485ms
[248.809s][info][gc] GC(16851) Pause Young (Allocation Failure) 14M->10M(15M) 0.507ms
[248.814s][info][gc] GC(16852) Pause Young (Allocation Failure) 14M->10M(15M) 0.539ms
[248.818s][info][gc] GC(16853) Pause Young (Allocation Failure) 14M->10M(15M) 0.512ms
[248.823s][info][gc] GC(16854) Pause Young (Allocation Failure) 14M->10M(15M) 0.528ms
[248.828s][info][gc] GC(16855) Pause Young (Allocation Failure) 14M->10M(15M) 0.553ms
[248.834s][info][gc] GC(16856) Pause Young (Allocation Failure) 14M->10M(15M) 0.539ms
[248.839s][info][gc] GC(16857) Pause Young (Allocation Failure) 14M->10M(15M) 0.586ms
[248.844s][info][gc] GC(16858) Pause Young (Allocation Failure) 14M->10M(15M) 0.527ms
[248.849s][info][gc] GC(16859) Pause Young (Allocation Failure) 14M->10M(15M) 0.516ms
[248.855s][info][gc] GC(16860) Pause Young (Allocation Failure) 14M->10M(15M) 0.606ms
[248.860s][info][gc] GC(16861) Pause Young (Allocation Failure) 14M->10M(15M) 0.616ms
[248.865s][info][gc] GC(16862) Pause Young (Allocation Failure) 14M->10M(15M) 0.407ms
[248.870s][info][gc] GC(16863) Pause Young (Allocation Failure) 14M->10M(15M) 0.432ms
[248.875s][info][gc] GC(16864) Pause Young (Allocation Failure) 14M->10M(15M) 0.434ms
[248.881s][info][gc] GC(16865) Pause Young (Allocation Failure) 14M->10M(15M) 0.795ms
[248.887s][info][gc] GC(16866) Pause Young (Allocation Failure) 14M->10M(15M) 0.499ms
[248.893s][info][gc] GC(16867) Pause Young (Allocation Failure) 14M->10M(15M) 0.522ms
[248.899s][info][gc] GC(16868) Pause Young (Allocation Failure) 14M->10M(15M) 0.566ms
[248.904s][info][gc] GC(16869) Pause Young (Allocation Failure) 14M->10M(15M) 0.528ms
[248.910s][info][gc] GC(16870) Pause Young (Allocation Failure) 14M->10M(15M) 0.874ms
[248.915s][info][gc] GC(16871) Pause Young (Allocation Failure) 14M->10M(15M) 0.537ms
[248.921s][info][gc] GC(16872) Pause Young (Allocation Failure) 14M->10M(15M) 0.558ms
[248.927s][info][gc] GC(16873) Pause Young (Allocation Failure) 14M->10M(15M) 0.583ms
[248.934s][info][gc] GC(16874) Pause Young (Allocation Failure) 14M->10M(15M) 0.697ms
[248.939s][info][gc] GC(16875) Pause Young (Allocation Failure) 14M->10M(15M) 0.552ms
[248.945s][info][gc] GC(16876) Pause Young (Allocation Failure) 14M->10M(15M) 0.538ms
[248.950s][info][gc] GC(16877) Pause Young (Allocation Failure) 14M->10M(15M) 0.611ms
[248.955s][info][gc] GC(16878) Pause Young (Allocation Failure) 14M->10M(15M) 0.606ms
[248.961s][info][gc] GC(16879) Pause Young (Allocation Failure) 14M->10M(15M) 0.552ms
[248.966s][info][gc] GC(16880) Pause Young (Allocation Failure) 14M->10M(15M) 0.562ms
[248.971s][info][gc] GC(16881) Pause Young (Allocation Failure) 14M->10M(15M) 0.827ms
[248.977s][info][gc] GC(16882) Pause Young (Allocation Failure) 14M->10M(15M) 0.865ms
[248.982s][info][gc] GC(16883) Pause Young (Allocation Failure) 14M->10M(15M) 0.609ms
[248.987s][info][gc] GC(16884) Pause Young (Allocation Failure) 14M->10M(15M) 0.603ms
[248.993s][info][gc] GC(16885) Pause Young (Allocation Failure) 14M->10M(15M) 0.628ms
[248.997s][info][gc] GC(16886) Pause Young (Allocation Failure) 14M->10M(15M) 0.430ms
[249.002s][info][gc] GC(16887) Pause Young (Allocation Failure) 14M->10M(15M) 0.434ms
[249.007s][info][gc] GC(16888) Pause Young (Allocation Failure) 14M->10M(15M) 0.424ms
[249.014s][info][gc] GC(16889) Pause Young (Allocation Failure) 14M->10M(15M) 0.458ms
[249.020s][info][gc] GC(16890) Pause Young (Allocation Failure) 14M->10M(15M) 0.475ms
[249.025s][info][gc] GC(16891) Pause Young (Allocation Failure) 14M->10M(15M) 0.495ms
[249.030s][info][gc] GC(16892) Pause Young (Allocation Failure) 14M->10M(15M) 0.575ms
[249.035s][info][gc] GC(16893) Pause Young (Allocation Failure) 14M->10M(15M) 0.571ms
[249.040s][info][gc] GC(16894) Pause Young (Allocation Failure) 14M->10M(15M) 0.595ms
[249.045s][info][gc] GC(16895) Pause Young (Allocation Failure) 14M->10M(15M) 0.559ms
[249.051s][info][gc] GC(16896) Pause Young (Allocation Failure) 14M->10M(15M) 0.843ms
[249.056s][info][gc] GC(16897) Pause Young (Allocation Failure) 14M->10M(15M) 0.606ms
[249.060s][info][gc] GC(16898) Pause Young (Allocation Failure) 14M->10M(15M) 0.616ms
[249.065s][info][gc] GC(16899) Pause Young (Allocation Failure) 14M->10M(15M) 0.612ms
[249.070s][info][gc] GC(16900) Pause Young (Allocation Failure) 14M->10M(15M) 0.629ms
[249.076s][info][gc] GC(16901) Pause Young (Allocation Failure) 14M->10M(15M) 0.607ms
[249.084s][info][gc] GC(16902) Pause Young (Allocation Failure) 14M->10M(15M) 1.052ms
[249.092s][info][gc] GC(16903) Pause Young (Allocation Failure) 14M->10M(15M) 0.606ms
[249.097s][info][gc] GC(16904) Pause Young (Allocation Failure) 14M->10M(15M) 0.585ms
[249.102s][info][gc] GC(16905) Pause Young (Allocation Failure) 14M->10M(15M) 0.472ms
[249.107s][info][gc] GC(16906) Pause Young (Allocation Failure) 14M->10M(15M) 0.479ms
[249.112s][info][gc] GC(16907) Pause Young (Allocation Failure) 14M->10M(15M) 0.492ms
[249.117s][info][gc] GC(16908) Pause Young (Allocation Failure) 14M->10M(15M) 0.789ms
[249.124s][info][gc] GC(16909) Pause Young (Allocation Failure) 14M->10M(15M) 0.597ms
[249.130s][info][gc] GC(16910) Pause Young (Allocation Failure) 14M->10M(15M) 0.652ms
[249.135s][info][gc] GC(16911) Pause Young (Allocation Failure) 14M->10M(15M) 0.522ms
[249.140s][info][gc] GC(16912) Pause Young (Allocation Failure) 14M->10M(15M) 0.540ms
[249.145s][info][gc] GC(16913) Pause Young (Allocation Failure) 14M->10M(15M) 0.568ms
[249.151s][info][gc] GC(16914) Pause Young (Allocation Failure) 14M->10M(15M) 0.595ms
[249.156s][info][gc] GC(16915) Pause Young (Allocation Failure) 14M->10M(15M) 0.605ms
[249.161s][info][gc] GC(16916) Pause Young (Allocation Failure) 14M->10M(15M) 0.614ms
[249.168s][info][gc] GC(16917) Pause Young (Allocation Failure) 14M->10M(15M) 1.076ms
[249.174s][info][gc] GC(16918) Pause Young (Allocation Failure) 14M->10M(15M) 0.570ms
[249.179s][info][gc] GC(16919) Pause Young (Allocation Failure) 14M->10M(15M) 0.639ms
[249.185s][info][gc] GC(16920) Pause Young (Allocation Failure) 14M->10M(15M) 0.598ms
[249.190s][info][gc] GC(16921) Pause Young (Allocation Failure) 14M->10M(15M) 0.612ms
[249.195s][info][gc] GC(16922) Pause Young (Allocation Failure) 14M->10M(15M) 0.645ms
[249.200s][info][gc] GC(16923) Pause Young (Allocation Failure) 14M->10M(15M) 0.384ms
[249.205s][info][gc] GC(16924) Pause Young (Allocation Failure) 14M->10M(15M) 0.337ms
[249.210s][info][gc] GC(16925) Pause Young (Allocation Failure) 14M->10M(15M) 0.401ms
[249.215s][info][gc] GC(16926) Pause Young (Allocation Failure) 14M->10M(15M) 0.539ms
[249.222s][info][gc] GC(16927) Pause Young (Allocation Failure) 14M->10M(15M) 0.737ms
[249.228s][info][gc] GC(16928) Pause Young (Allocation Failure) 14M->10M(15M) 0.642ms
[249.234s][info][gc] GC(16929) Pause Young (Allocation Failure) 14M->10M(15M) 0.536ms
[249.241s][info][gc] GC(16930) Pause Young (Allocation Failure) 14M->10M(15M) 0.579ms
[249.248s][info][gc] GC(16931) Pause Young (Allocation Failure) 14M->10M(15M) 0.815ms
[249.253s][info][gc] GC(16932) Pause Young (Allocation Failure) 14M->10M(15M) 0.743ms
[249.260s][info][gc] GC(16933) Pause Young (Allocation Failure) 14M->10M(15M) 0.608ms
[249.268s][info][gc] GC(16934) Pause Young (Allocation Failure) 14M->10M(15M) 0.789ms
[249.273s][info][gc] GC(16935) Pause Young (Allocation Failure) 14M->10M(15M) 0.638ms
[249.280s][info][gc] GC(16936) Pause Young (Allocation Failure) 14M->10M(15M) 0.923ms
[249.287s][info][gc] GC(16937) Pause Young (Allocation Failure) 14M->10M(15M) 0.968ms
[249.295s][info][gc] GC(16938) Pause Young (Allocation Failure) 14M->10M(15M) 0.622ms
[249.301s][info][gc] GC(16939) Pause Young (Allocation Failure) 14M->10M(15M) 0.790ms
[249.307s][info][gc] GC(16940) Pause Young (Allocation Failure) 14M->10M(15M) 0.832ms
[249.313s][info][gc] GC(16941) Pause Young (Allocation Failure) 14M->10M(15M) 0.638ms
[249.320s][info][gc] GC(16942) Pause Young (Allocation Failure) 14M->10M(15M) 0.491ms
[249.325s][info][gc] GC(16943) Pause Young (Allocation Failure) 14M->10M(15M) 0.453ms
[249.333s][info][gc] GC(16944) Pause Young (Allocation Failure) 14M->10M(15M) 0.671ms
[249.339s][info][gc] GC(16945) Pause Young (Allocation Failure) 14M->10M(15M) 0.537ms
[249.345s][info][gc] GC(16946) Pause Young (Allocation Failure) 14M->10M(15M) 0.499ms
[249.349s][info][gc] GC(16947) Pause Young (Allocation Failure) 14M->10M(15M) 0.483ms
[249.354s][info][gc] GC(16948) Pause Young (Allocation Failure) 14M->10M(15M) 0.459ms
[249.360s][info][gc] GC(16949) Pause Young (Allocation Failure) 14M->10M(15M) 0.491ms
[249.365s][info][gc] GC(16950) Pause Young (Allocation Failure) 14M->10M(15M) 0.550ms
[249.371s][info][gc] GC(16951) Pause Young (Allocation Failure) 14M->10M(15M) 0.511ms
[249.376s][info][gc] GC(16952) Pause Young (Allocation Failure) 14M->10M(15M) 0.542ms
[249.381s][info][gc] GC(16953) Pause Young (Allocation Failure) 14M->10M(15M) 0.490ms
[249.386s][info][gc] GC(16954) Pause Young (Allocation Failure) 14M->10M(15M) 0.512ms
[249.391s][info][gc] GC(16955) Pause Young (Allocation Failure) 14M->10M(15M) 0.540ms
[249.396s][info][gc] GC(16956) Pause Young (Allocation Failure) 14M->10M(15M) 0.565ms
[249.402s][info][gc] GC(16957) Pause Young (Allocation Failure) 14M->10M(15M) 0.737ms
[249.408s][info][gc] GC(16958) Pause Young (Allocation Failure) 14M->10M(15M) 0.644ms
[249.412s][info][gc] GC(16959) Pause Young (Allocation Failure) 14M->10M(15M) 0.605ms
[249.419s][info][gc] GC(16960) Pause Young (Allocation Failure) 14M->10M(15M) 0.664ms
[249.424s][info][gc] GC(16961) Pause Young (Allocation Failure) 14M->10M(15M) 0.591ms
[249.429s][info][gc] GC(16962) Pause Young (Allocation Failure) 14M->10M(15M) 0.589ms
[249.434s][info][gc] GC(16963) Pause Young (Allocation Failure) 14M->10M(15M) 0.408ms
[249.439s][info][gc] GC(16964) Pause Young (Allocation Failure) 14M->10M(15M) 0.415ms
[249.444s][info][gc] GC(16965) Pause Young (Allocation Failure) 14M->10M(15M) 0.427ms
[249.449s][info][gc] GC(16966) Pause Young (Allocation Failure) 14M->10M(15M) 0.430ms
[249.454s][info][gc] GC(16967) Pause Young (Allocation Failure) 14M->10M(15M) 0.471ms
[249.459s][info][gc] GC(16968) Pause Young (Allocation Failure) 14M->10M(15M) 0.454ms
[249.464s][info][gc] GC(16969) Pause Young (Allocation Failure) 14M->10M(15M) 0.557ms
[249.469s][info][gc] GC(16970) Pause Young (Allocation Failure) 14M->10M(15M) 0.488ms
[249.474s][info][gc] GC(16971) Pause Young (Allocation Failure) 14M->10M(15M) 0.585ms
[249.480s][info][gc] GC(16972) Pause Young (Allocation Failure) 14M->10M(15M) 0.719ms
[249.485s][info][gc] GC(16973) Pause Young (Allocation Failure) 14M->10M(15M) 0.695ms
[249.490s][info][gc] GC(16974) Pause Young (Allocation Failure) 14M->10M(15M) 0.910ms
[249.495s][info][gc] GC(16975) Pause Young (Allocation Failure) 14M->10M(15M) 0.583ms
[249.500s][info][gc] GC(16976) Pause Young (Allocation Failure) 14M->10M(15M) 0.637ms
[249.505s][info][gc] GC(16977) Pause Young (Allocation Failure) 14M->10M(15M) 0.546ms
[249.511s][info][gc] GC(16978) Pause Young (Allocation Failure) 14M->10M(15M) 1.025ms
[249.516s][info][gc] GC(16979) Pause Young (Allocation Failure) 14M->10M(15M) 0.730ms
[249.524s][info][gc] GC(16980) Pause Young (Allocation Failure) 14M->10M(15M) 0.637ms
[249.528s][info][gc] GC(16981) Pause Young (Allocation Failure) 14M->10M(15M) 0.622ms
[249.534s][info][gc] GC(16982) Pause Young (Allocation Failure) 14M->10M(15M) 0.439ms
[249.540s][info][gc] GC(16983) Pause Young (Allocation Failure) 14M->10M(15M) 0.536ms
[249.545s][info][gc] GC(16984) Pause Young (Allocation Failure) 14M->10M(15M) 0.420ms
[249.550s][info][gc] GC(16985) Pause Young (Allocation Failure) 14M->10M(15M) 0.454ms
[249.555s][info][gc] GC(16986) Pause Young (Allocation Failure) 14M->10M(15M) 0.506ms
[249.560s][info][gc] GC(16987) Pause Young (Allocation Failure) 14M->10M(15M) 0.455ms
[249.565s][info][gc] GC(16988) Pause Young (Allocation Failure) 14M->10M(15M) 0.448ms
[249.570s][info][gc] GC(16989) Pause Young (Allocation Failure) 14M->10M(15M) 0.463ms
[249.575s][info][gc] GC(16990) Pause Young (Allocation Failure) 14M->10M(15M) 0.506ms
[249.580s][info][gc] GC(16991) Pause Young (Allocation Failure) 14M->10M(15M) 0.558ms
[249.585s][info][gc] GC(16992) Pause Young (Allocation Failure) 14M->10M(15M) 0.536ms
[249.590s][info][gc] GC(16993) Pause Young (Allocation Failure) 14M->10M(15M) 0.515ms
[249.595s][info][gc] GC(16994) Pause Young (Allocation Failure) 14M->10M(15M) 0.558ms
[249.601s][info][gc] GC(16995) Pause Young (Allocation Failure) 14M->10M(15M) 0.570ms
[249.605s][info][gc] GC(16996) Pause Young (Allocation Failure) 14M->10M(15M) 0.567ms
[249.611s][info][gc] GC(16997) Pause Young (Allocation Failure) 14M->10M(15M) 0.549ms
[249.616s][info][gc] GC(16998) Pause Young (Allocation Failure) 14M->10M(15M) 0.565ms
[249.621s][info][gc] GC(16999) Pause Young (Allocation Failure) 14M->10M(15M) 0.564ms
[249.626s][info][gc] GC(17000) Pause Young (Allocation Failure) 14M->10M(15M) 0.586ms
[249.631s][info][gc] GC(17001) Pause Young (Allocation Failure) 14M->10M(15M) 0.389ms
[249.636s][info][gc] GC(17002) Pause Young (Allocation Failure) 14M->10M(15M) 0.399ms
[249.641s][info][gc] GC(17003) Pause Young (Allocation Failure) 14M->10M(15M) 0.407ms
[249.646s][info][gc] GC(17004) Pause Young (Allocation Failure) 14M->10M(15M) 0.447ms
[249.651s][info][gc] GC(17005) Pause Young (Allocation Failure) 14M->10M(15M) 0.667ms
[249.656s][info][gc] GC(17006) Pause Young (Allocation Failure) 14M->10M(15M) 0.450ms
[249.662s][info][gc] GC(17007) Pause Young (Allocation Failure) 14M->10M(15M) 0.490ms
[249.667s][info][gc] GC(17008) Pause Young (Allocation Failure) 14M->10M(15M) 0.509ms
[249.672s][info][gc] GC(17009) Pause Young (Allocation Failure) 14M->10M(15M) 0.597ms
[249.677s][info][gc] GC(17010) Pause Young (Allocation Failure) 14M->10M(15M) 0.543ms
[249.684s][info][gc] GC(17011) Pause Young (Allocation Failure) 14M->10M(15M) 0.799ms
[249.690s][info][gc] GC(17012) Pause Young (Allocation Failure) 14M->10M(15M) 0.855ms
[249.696s][info][gc] GC(17013) Pause Young (Allocation Failure) 14M->10M(15M) 0.587ms
[249.703s][info][gc] GC(17014) Pause Young (Allocation Failure) 14M->10M(15M) 0.627ms
[249.708s][info][gc] GC(17015) Pause Young (Allocation Failure) 14M->10M(15M) 0.539ms
[249.714s][info][gc] GC(17016) Pause Young (Allocation Failure) 14M->10M(15M) 0.605ms
[249.719s][info][gc] GC(17017) Pause Young (Allocation Failure) 14M->10M(15M) 0.599ms
[249.726s][info][gc] GC(17018) Pause Young (Allocation Failure) 14M->10M(15M) 0.619ms
[249.731s][info][gc] GC(17019) Pause Young (Allocation Failure) 14M->10M(15M) 0.595ms
[249.736s][info][gc] GC(17020) Pause Young (Allocation Failure) 14M->10M(15M) 0.574ms
[249.742s][info][gc] GC(17021) Pause Young (Allocation Failure) 14M->10M(15M) 0.416ms
[249.747s][info][gc] GC(17022) Pause Young (Allocation Failure) 14M->10M(15M) 0.379ms
[249.752s][info][gc] GC(17023) Pause Young (Allocation Failure) 14M->10M(15M) 0.428ms
[249.757s][info][gc] GC(17024) Pause Young (Allocation Failure) 14M->10M(15M) 0.487ms
[249.762s][info][gc] GC(17025) Pause Young (Allocation Failure) 14M->10M(15M) 0.487ms
[249.767s][info][gc] GC(17026) Pause Young (Allocation Failure) 14M->10M(15M) 0.485ms
[249.772s][info][gc] GC(17027) Pause Young (Allocation Failure) 14M->10M(15M) 0.467ms
[249.777s][info][gc] GC(17028) Pause Young (Allocation Failure) 14M->10M(15M) 0.496ms
[249.782s][info][gc] GC(17029) Pause Young (Allocation Failure) 14M->10M(15M) 0.535ms
[249.788s][info][gc] GC(17030) Pause Young (Allocation Failure) 14M->10M(15M) 0.570ms
[249.793s][info][gc] GC(17031) Pause Young (Allocation Failure) 14M->10M(15M) 0.545ms
[249.798s][info][gc] GC(17032) Pause Young (Allocation Failure) 14M->10M(15M) 0.547ms
[249.803s][info][gc] GC(17033) Pause Young (Allocation Failure) 14M->10M(15M) 0.553ms
[249.808s][info][gc] GC(17034) Pause Young (Allocation Failure) 14M->10M(15M) 0.631ms
[249.814s][info][gc] GC(17035) Pause Young (Allocation Failure) 14M->10M(15M) 0.546ms
[249.819s][info][gc] GC(17036) Pause Young (Allocation Failure) 14M->10M(15M) 0.595ms
[249.824s][info][gc] GC(17037) Pause Young (Allocation Failure) 14M->10M(15M) 0.554ms
[249.829s][info][gc] GC(17038) Pause Young (Allocation Failure) 14M->10M(15M) 0.591ms
[249.834s][info][gc] GC(17039) Pause Young (Allocation Failure) 14M->10M(15M) 0.602ms
[249.840s][info][gc] GC(17040) Pause Young (Allocation Failure) 14M->10M(15M) 0.467ms
[249.845s][info][gc] GC(17041) Pause Young (Allocation Failure) 14M->10M(15M) 0.407ms
[249.850s][info][gc] GC(17042) Pause Young (Allocation Failure) 14M->10M(15M) 0.450ms
[249.855s][info][gc] GC(17043) Pause Young (Allocation Failure) 14M->10M(15M) 0.412ms
[249.860s][info][gc] GC(17044) Pause Young (Allocation Failure) 14M->10M(15M) 0.426ms
[249.865s][info][gc] GC(17045) Pause Young (Allocation Failure) 14M->10M(15M) 0.435ms
[249.870s][info][gc] GC(17046) Pause Young (Allocation Failure) 14M->10M(15M) 0.438ms
[249.876s][info][gc] GC(17047) Pause Young (Allocation Failure) 14M->10M(15M) 0.517ms
[249.881s][info][gc] GC(17048) Pause Young (Allocation Failure) 14M->10M(15M) 1.315ms
[249.887s][info][gc] GC(17049) Pause Young (Allocation Failure) 14M->10M(15M) 0.566ms
[249.895s][info][gc] GC(17050) Pause Young (Allocation Failure) 14M->10M(15M) 1.165ms
[249.902s][info][gc] GC(17051) Pause Young (Allocation Failure) 14M->10M(15M) 0.619ms
[249.909s][info][gc] GC(17052) Pause Young (Allocation Failure) 14M->10M(15M) 0.740ms
[249.914s][info][gc] GC(17053) Pause Young (Allocation Failure) 14M->10M(15M) 0.615ms
[249.921s][info][gc] GC(17054) Pause Young (Allocation Failure) 14M->10M(15M) 0.592ms
[249.926s][info][gc] GC(17055) Pause Young (Allocation Failure) 14M->10M(15M) 0.568ms
[249.933s][info][gc] GC(17056) Pause Young (Allocation Failure) 14M->10M(15M) 0.646ms
[249.938s][info][gc] GC(17057) Pause Young (Allocation Failure) 14M->10M(15M) 0.860ms
[249.944s][info][gc] GC(17058) Pause Young (Allocation Failure) 14M->10M(15M) 0.656ms
[249.951s][info][gc] GC(17059) Pause Young (Allocation Failure) 14M->10M(15M) 0.646ms
[249.956s][info][gc] GC(17060) Pause Young (Allocation Failure) 14M->10M(15M) 0.591ms
[249.961s][info][gc] GC(17061) Pause Young (Allocation Failure) 14M->10M(15M) 0.685ms
[249.966s][info][gc] GC(17062) Pause Young (Allocation Failure) 14M->10M(15M) 0.593ms
[249.972s][info][gc] GC(17063) Pause Young (Allocation Failure) 14M->10M(15M) 0.587ms
[249.976s][info][gc] GC(17064) Pause Young (Allocation Failure) 14M->10M(15M) 0.433ms
[249.982s][info][gc] GC(17065) Pause Young (Allocation Failure) 14M->10M(15M) 0.510ms
[249.986s][info][gc] GC(17066) Pause Young (Allocation Failure) 14M->10M(15M) 0.405ms
[249.992s][info][gc] GC(17067) Pause Young (Allocation Failure) 14M->10M(15M) 0.428ms
[249.997s][info][gc] GC(17068) Pause Young (Allocation Failure) 14M->10M(15M) 0.444ms
[250.003s][info][gc] GC(17069) Pause Young (Allocation Failure) 14M->10M(15M) 0.582ms
[250.008s][info][gc] GC(17070) Pause Young (Allocation Failure) 14M->10M(15M) 0.421ms
[250.013s][info][gc] GC(17071) Pause Young (Allocation Failure) 14M->10M(15M) 0.455ms
[250.018s][info][gc] GC(17072) Pause Young (Allocation Failure) 14M->10M(15M) 0.433ms
[250.023s][info][gc] GC(17073) Pause Young (Allocation Failure) 14M->10M(15M) 0.510ms
[250.028s][info][gc] GC(17074) Pause Young (Allocation Failure) 14M->10M(15M) 0.570ms
[250.033s][info][gc] GC(17075) Pause Young (Allocation Failure) 14M->10M(15M) 0.495ms
[250.038s][info][gc] GC(17076) Pause Young (Allocation Failure) 14M->10M(15M) 0.504ms
[250.043s][info][gc] GC(17077) Pause Young (Allocation Failure) 14M->10M(15M) 0.584ms
[250.048s][info][gc] GC(17078) Pause Young (Allocation Failure) 14M->10M(15M) 0.560ms
[250.053s][info][gc] GC(17079) Pause Young (Allocation Failure) 14M->10M(15M) 0.618ms
[250.058s][info][gc] GC(17080) Pause Young (Allocation Failure) 14M->10M(15M) 0.600ms
[250.064s][info][gc] GC(17081) Pause Young (Allocation Failure) 14M->10M(15M) 0.528ms
[250.069s][info][gc] GC(17082) Pause Young (Allocation Failure) 14M->10M(15M) 0.483ms
[250.073s][info][gc] GC(17083) Pause Young (Allocation Failure) 14M->10M(15M) 0.485ms
[250.080s][info][gc] GC(17084) Pause Young (Allocation Failure) 14M->10M(15M) 1.054ms
[250.089s][info][gc] GC(17085) Pause Young (Allocation Failure) 14M->10M(15M) 1.113ms
[250.097s][info][gc] GC(17086) Pause Young (Allocation Failure) 14M->10M(15M) 0.569ms
[250.103s][info][gc] GC(17087) Pause Young (Allocation Failure) 14M->10M(15M) 0.587ms
[250.108s][info][gc] GC(17088) Pause Young (Allocation Failure) 14M->10M(15M) 0.661ms
[250.113s][info][gc] GC(17089) Pause Young (Allocation Failure) 14M->10M(15M) 0.467ms
[250.119s][info][gc] GC(17090) Pause Young (Allocation Failure) 14M->10M(15M) 0.468ms
[250.124s][info][gc] GC(17091) Pause Young (Allocation Failure) 14M->10M(15M) 0.531ms
[250.129s][info][gc] GC(17092) Pause Young (Allocation Failure) 14M->10M(15M) 0.642ms
[250.136s][info][gc] GC(17093) Pause Young (Allocation Failure) 14M->10M(15M) 1.059ms
[250.143s][info][gc] GC(17094) Pause Young (Allocation Failure) 14M->10M(15M) 0.516ms
[250.148s][info][gc] GC(17095) Pause Young (Allocation Failure) 14M->10M(15M) 0.521ms
[250.153s][info][gc] GC(17096) Pause Young (Allocation Failure) 14M->10M(15M) 0.574ms
[250.158s][info][gc] GC(17097) Pause Young (Allocation Failure) 14M->10M(15M) 0.543ms
[250.164s][info][gc] GC(17098) Pause Young (Allocation Failure) 14M->10M(15M) 0.615ms
[250.170s][info][gc] GC(17099) Pause Young (Allocation Failure) 14M->10M(15M) 0.604ms
[250.175s][info][gc] GC(17100) Pause Young (Allocation Failure) 14M->10M(15M) 0.589ms
[250.181s][info][gc] GC(17101) Pause Young (Allocation Failure) 14M->10M(15M) 0.670ms
[250.188s][info][gc] GC(17102) Pause Young (Allocation Failure) 14M->10M(15M) 0.950ms
[250.193s][info][gc] GC(17103) Pause Young (Allocation Failure) 14M->10M(15M) 0.819ms
[250.199s][info][gc] GC(17104) Pause Young (Allocation Failure) 14M->10M(15M) 0.666ms
[250.206s][info][gc] GC(17105) Pause Young (Allocation Failure) 14M->10M(15M) 0.816ms
[250.212s][info][gc] GC(17106) Pause Young (Allocation Failure) 14M->10M(15M) 0.656ms
[250.218s][info][gc] GC(17107) Pause Young (Allocation Failure) 14M->10M(15M) 0.916ms
[250.225s][info][gc] GC(17108) Pause Young (Allocation Failure) 14M->10M(15M) 0.431ms
[250.230s][info][gc] GC(17109) Pause Young (Allocation Failure) 14M->10M(15M) 0.442ms
[250.237s][info][gc] GC(17110) Pause Young (Allocation Failure) 14M->10M(15M) 0.483ms
[250.244s][info][gc] GC(17111) Pause Young (Allocation Failure) 14M->10M(15M) 0.701ms
[250.250s][info][gc] GC(17112) Pause Young (Allocation Failure) 14M->10M(15M) 0.488ms
[250.255s][info][gc] GC(17113) Pause Young (Allocation Failure) 14M->10M(15M) 0.672ms
[250.260s][info][gc] GC(17114) Pause Young (Allocation Failure) 14M->10M(15M) 0.504ms
[250.266s][info][gc] GC(17115) Pause Young (Allocation Failure) 14M->10M(15M) 0.737ms
[250.273s][info][gc] GC(17116) Pause Young (Allocation Failure) 14M->10M(15M) 0.692ms
[250.278s][info][gc] GC(17117) Pause Young (Allocation Failure) 14M->10M(15M) 0.743ms
[250.283s][info][gc] GC(17118) Pause Young (Allocation Failure) 14M->10M(15M) 0.635ms
[250.288s][info][gc] GC(17119) Pause Young (Allocation Failure) 14M->10M(15M) 0.583ms
[250.294s][info][gc] GC(17120) Pause Young (Allocation Failure) 14M->10M(15M) 0.888ms
[250.300s][info][gc] GC(17121) Pause Young (Allocation Failure) 14M->10M(15M) 0.618ms
[250.306s][info][gc] GC(17122) Pause Young (Allocation Failure) 14M->10M(15M) 0.637ms
[250.313s][info][gc] GC(17123) Pause Young (Allocation Failure) 14M->10M(15M) 1.683ms
[250.318s][info][gc] GC(17124) Pause Young (Allocation Failure) 14M->10M(15M) 0.613ms
[250.324s][info][gc] GC(17125) Pause Young (Allocation Failure) 14M->10M(15M) 0.844ms
[250.329s][info][gc] GC(17126) Pause Young (Allocation Failure) 14M->10M(15M) 0.628ms
[250.334s][info][gc] GC(17127) Pause Young (Allocation Failure) 14M->10M(15M) 0.602ms
[250.339s][info][gc] GC(17128) Pause Young (Allocation Failure) 14M->10M(15M) 0.412ms
[250.344s][info][gc] GC(17129) Pause Young (Allocation Failure) 14M->10M(15M) 0.516ms
[250.349s][info][gc] GC(17130) Pause Young (Allocation Failure) 14M->10M(15M) 0.450ms
[250.354s][info][gc] GC(17131) Pause Young (Allocation Failure) 14M->10M(15M) 0.431ms
[250.359s][info][gc] GC(17132) Pause Young (Allocation Failure) 14M->10M(15M) 0.440ms
[250.365s][info][gc] GC(17133) Pause Young (Allocation Failure) 14M->10M(15M) 0.776ms
[250.371s][info][gc] GC(17134) Pause Young (Allocation Failure) 14M->10M(15M) 0.634ms
[250.376s][info][gc] GC(17135) Pause Young (Allocation Failure) 14M->10M(15M) 0.549ms
[250.381s][info][gc] GC(17136) Pause Young (Allocation Failure) 14M->10M(15M) 0.548ms
[250.386s][info][gc] GC(17137) Pause Young (Allocation Failure) 14M->10M(15M) 0.561ms
[250.391s][info][gc] GC(17138) Pause Young (Allocation Failure) 14M->10M(15M) 0.597ms
[250.396s][info][gc] GC(17139) Pause Young (Allocation Failure) 14M->10M(15M) 0.622ms
[250.401s][info][gc] GC(17140) Pause Young (Allocation Failure) 14M->10M(15M) 0.574ms
[250.407s][info][gc] GC(17141) Pause Young (Allocation Failure) 14M->10M(15M) 0.520ms
[250.413s][info][gc] GC(17142) Pause Young (Allocation Failure) 14M->10M(15M) 0.703ms
[250.418s][info][gc] GC(17143) Pause Young (Allocation Failure) 14M->10M(15M) 0.574ms
[250.423s][info][gc] GC(17144) Pause Young (Allocation Failure) 14M->10M(15M) 0.804ms
[250.428s][info][gc] GC(17145) Pause Young (Allocation Failure) 14M->10M(15M) 0.601ms
[250.433s][info][gc] GC(17146) Pause Young (Allocation Failure) 14M->10M(15M) 0.670ms
[250.439s][info][gc] GC(17147) Pause Young (Allocation Failure) 14M->10M(15M) 0.889ms
[250.445s][info][gc] GC(17148) Pause Young (Allocation Failure) 14M->10M(15M) 0.416ms
[250.450s][info][gc] GC(17149) Pause Young (Allocation Failure) 14M->10M(15M) 0.427ms
[250.455s][info][gc] GC(17150) Pause Young (Allocation Failure) 14M->10M(15M) 0.502ms
[250.460s][info][gc] GC(17151) Pause Young (Allocation Failure) 14M->10M(15M) 0.499ms
[250.465s][info][gc] GC(17152) Pause Young (Allocation Failure) 14M->10M(15M) 0.484ms
[250.470s][info][gc] GC(17153) Pause Young (Allocation Failure) 14M->10M(15M) 0.566ms
[250.476s][info][gc] GC(17154) Pause Young (Allocation Failure) 14M->10M(15M) 0.502ms
[250.482s][info][gc] GC(17155) Pause Young (Allocation Failure) 14M->10M(15M) 0.492ms
[250.487s][info][gc] GC(17156) Pause Young (Allocation Failure) 14M->10M(15M) 0.460ms
[250.492s][info][gc] GC(17157) Pause Young (Allocation Failure) 14M->10M(15M) 0.527ms
[250.498s][info][gc] GC(17158) Pause Young (Allocation Failure) 14M->10M(15M) 0.855ms
[250.504s][info][gc] GC(17159) Pause Young (Allocation Failure) 14M->10M(15M) 0.583ms
[250.509s][info][gc] GC(17160) Pause Young (Allocation Failure) 14M->10M(15M) 1.152ms
[250.515s][info][gc] GC(17161) Pause Young (Allocation Failure) 14M->10M(15M) 0.551ms
[250.520s][info][gc] GC(17162) Pause Young (Allocation Failure) 14M->10M(15M) 0.583ms
[250.525s][info][gc] GC(17163) Pause Young (Allocation Failure) 14M->10M(15M) 0.662ms
[250.530s][info][gc] GC(17164) Pause Young (Allocation Failure) 14M->10M(15M) 0.811ms
[250.536s][info][gc] GC(17165) Pause Young (Allocation Failure) 14M->10M(15M) 0.630ms
[250.540s][info][gc] GC(17166) Pause Young (Allocation Failure) 14M->10M(15M) 0.635ms
[250.547s][info][gc] GC(17167) Pause Young (Allocation Failure) 14M->10M(15M) 0.584ms
[250.553s][info][gc] GC(17168) Pause Young (Allocation Failure) 14M->10M(15M) 0.668ms
[250.561s][info][gc] GC(17169) Pause Young (Allocation Failure) 14M->10M(15M) 0.618ms
[250.565s][info][gc] GC(17170) Pause Young (Allocation Failure) 14M->10M(15M) 0.647ms
[250.571s][info][gc] GC(17171) Pause Young (Allocation Failure) 14M->10M(15M) 0.413ms
[250.575s][info][gc] GC(17172) Pause Young (Allocation Failure) 14M->10M(15M) 0.370ms
[250.580s][info][gc] GC(17173) Pause Young (Allocation Failure) 14M->10M(15M) 0.381ms
[250.585s][info][gc] GC(17174) Pause Young (Allocation Failure) 14M->10M(15M) 0.376ms
[250.590s][info][gc] GC(17175) Pause Young (Allocation Failure) 14M->10M(15M) 0.428ms
[250.596s][info][gc] GC(17176) Pause Young (Allocation Failure) 14M->10M(15M) 0.431ms
[250.601s][info][gc] GC(17177) Pause Young (Allocation Failure) 14M->10M(15M) 0.451ms
[250.606s][info][gc] GC(17178) Pause Young (Allocation Failure) 14M->10M(15M) 0.463ms
[250.613s][info][gc] GC(17179) Pause Young (Allocation Failure) 14M->10M(15M) 0.537ms
[250.618s][info][gc] GC(17180) Pause Young (Allocation Failure) 14M->10M(15M) 0.500ms
[250.623s][info][gc] GC(17181) Pause Young (Allocation Failure) 14M->10M(15M) 0.542ms
[250.628s][info][gc] GC(17182) Pause Young (Allocation Failure) 14M->10M(15M) 0.508ms
[250.633s][info][gc] GC(17183) Pause Young (Allocation Failure) 14M->10M(15M) 0.628ms
[250.638s][info][gc] GC(17184) Pause Young (Allocation Failure) 14M->10M(15M) 0.643ms
[250.644s][info][gc] GC(17185) Pause Young (Allocation Failure) 14M->10M(15M) 0.596ms
[250.649s][info][gc] GC(17186) Pause Young (Allocation Failure) 14M->10M(15M) 0.591ms
[250.654s][info][gc] GC(17187) Pause Young (Allocation Failure) 14M->10M(15M) 0.590ms
[250.659s][info][gc] GC(17188) Pause Young (Allocation Failure) 14M->10M(15M) 0.553ms
[250.666s][info][gc] GC(17189) Pause Young (Allocation Failure) 14M->10M(15M) 0.632ms
[250.671s][info][gc] GC(17190) Pause Young (Allocation Failure) 14M->10M(15M) 0.539ms
[250.676s][info][gc] GC(17191) Pause Young (Allocation Failure) 14M->10M(15M) 0.396ms
[250.682s][info][gc] GC(17192) Pause Young (Allocation Failure) 14M->10M(15M) 0.413ms
[250.688s][info][gc] GC(17193) Pause Young (Allocation Failure) 14M->10M(15M) 0.414ms
[250.693s][info][gc] GC(17194) Pause Young (Allocation Failure) 14M->10M(15M) 0.431ms
[250.699s][info][gc] GC(17195) Pause Young (Allocation Failure) 14M->10M(15M) 0.474ms
[250.704s][info][gc] GC(17196) Pause Young (Allocation Failure) 14M->10M(15M) 0.470ms
[250.710s][info][gc] GC(17197) Pause Young (Allocation Failure) 14M->10M(15M) 0.474ms
[250.715s][info][gc] GC(17198) Pause Young (Allocation Failure) 14M->10M(15M) 0.480ms
[250.720s][info][gc] GC(17199) Pause Young (Allocation Failure) 14M->10M(15M) 0.482ms
[250.726s][info][gc] GC(17200) Pause Young (Allocation Failure) 14M->10M(15M) 0.541ms
[250.731s][info][gc] GC(17201) Pause Young (Allocation Failure) 14M->10M(15M) 0.520ms
[250.736s][info][gc] GC(17202) Pause Young (Allocation Failure) 14M->10M(15M) 0.516ms
[250.743s][info][gc] GC(17203) Pause Young (Allocation Failure) 14M->10M(15M) 0.607ms
[250.748s][info][gc] GC(17204) Pause Young (Allocation Failure) 14M->10M(15M) 0.574ms
[250.753s][info][gc] GC(17205) Pause Young (Allocation Failure) 14M->10M(15M) 0.600ms
[250.759s][info][gc] GC(17206) Pause Young (Allocation Failure) 14M->10M(15M) 0.588ms
[250.763s][info][gc] GC(17207) Pause Young (Allocation Failure) 14M->10M(15M) 0.597ms
[250.768s][info][gc] GC(17208) Pause Young (Allocation Failure) 14M->10M(15M) 0.556ms
[250.773s][info][gc] GC(17209) Pause Young (Allocation Failure) 14M->10M(15M) 0.596ms
[250.779s][info][gc] GC(17210) Pause Young (Allocation Failure) 14M->10M(15M) 0.505ms
[250.784s][info][gc] GC(17211) Pause Young (Allocation Failure) 14M->10M(15M) 0.532ms
[250.789s][info][gc] GC(17212) Pause Young (Allocation Failure) 14M->10M(15M) 0.408ms
[250.795s][info][gc] GC(17213) Pause Young (Allocation Failure) 14M->10M(15M) 0.419ms
[250.800s][info][gc] GC(17214) Pause Young (Allocation Failure) 14M->10M(15M) 0.459ms
[250.805s][info][gc] GC(17215) Pause Young (Allocation Failure) 14M->10M(15M) 0.496ms
[250.810s][info][gc] GC(17216) Pause Young (Allocation Failure) 14M->10M(15M) 0.426ms
[250.815s][info][gc] GC(17217) Pause Young (Allocation Failure) 14M->10M(15M) 0.424ms
[250.820s][info][gc] GC(17218) Pause Young (Allocation Failure) 14M->10M(15M) 0.471ms
[250.825s][info][gc] GC(17219) Pause Young (Allocation Failure) 14M->10M(15M) 0.418ms
[250.831s][info][gc] GC(17220) Pause Young (Allocation Failure) 14M->10M(15M) 0.469ms
[250.836s][info][gc] GC(17221) Pause Young (Allocation Failure) 14M->10M(15M) 0.438ms
[250.841s][info][gc] GC(17222) Pause Young (Allocation Failure) 14M->10M(15M) 0.438ms
[250.846s][info][gc] GC(17223) Pause Young (Allocation Failure) 14M->10M(15M) 0.438ms
[250.851s][info][gc] GC(17224) Pause Young (Allocation Failure) 14M->10M(15M) 0.464ms
[250.857s][info][gc] GC(17225) Pause Young (Allocation Failure) 14M->10M(15M) 0.522ms
[250.862s][info][gc] GC(17226) Pause Young (Allocation Failure) 14M->10M(15M) 0.574ms
[250.867s][info][gc] GC(17227) Pause Young (Allocation Failure) 14M->10M(15M) 0.552ms
[250.872s][info][gc] GC(17228) Pause Young (Allocation Failure) 14M->10M(15M) 0.619ms
[250.878s][info][gc] GC(17229) Pause Young (Allocation Failure) 14M->10M(15M) 0.613ms
[250.883s][info][gc] GC(17230) Pause Young (Allocation Failure) 14M->10M(15M) 0.600ms
[250.889s][info][gc] GC(17231) Pause Young (Allocation Failure) 14M->10M(15M) 0.690ms
[250.894s][info][gc] GC(17232) Pause Young (Allocation Failure) 15M->10M(15M) 0.625ms
[250.903s][info][gc] GC(17233) Pause Young (Allocation Failure) 14M->10M(15M) 1.061ms
[250.908s][info][gc] GC(17234) Pause Young (Allocation Failure) 14M->10M(15M) 0.576ms
[250.915s][info][gc] GC(17235) Pause Young (Allocation Failure) 14M->10M(15M) 1.153ms
[250.919s][info][gc] GC(17236) Pause Young (Allocation Failure) 14M->10M(15M) 0.444ms
[250.924s][info][gc] GC(17237) Pause Young (Allocation Failure) 14M->10M(15M) 0.462ms
[250.932s][info][gc] GC(17238) Pause Young (Allocation Failure) 14M->10M(15M) 0.790ms
[250.937s][info][gc] GC(17239) Pause Young (Allocation Failure) 15M->10M(15M) 0.486ms
[250.942s][info][gc] GC(17240) Pause Young (Allocation Failure) 14M->10M(15M) 0.476ms
[250.948s][info][gc] GC(17241) Pause Young (Allocation Failure) 14M->10M(15M) 0.505ms
[250.952s][info][gc] GC(17242) Pause Young (Allocation Failure) 14M->10M(15M) 0.476ms
[250.957s][info][gc] GC(17243) Pause Young (Allocation Failure) 14M->10M(15M) 0.497ms
[250.963s][info][gc] GC(17244) Pause Young (Allocation Failure) 14M->10M(15M) 0.464ms
[250.968s][info][gc] GC(17245) Pause Young (Allocation Failure) 14M->10M(15M) 0.490ms
[250.973s][info][gc] GC(17246) Pause Young (Allocation Failure) 14M->10M(15M) 0.538ms
[250.978s][info][gc] GC(17247) Pause Young (Allocation Failure) 14M->10M(15M) 0.609ms
[250.983s][info][gc] GC(17248) Pause Young (Allocation Failure) 14M->10M(15M) 0.652ms
[250.988s][info][gc] GC(17249) Pause Young (Allocation Failure) 14M->10M(15M) 0.572ms
[250.994s][info][gc] GC(17250) Pause Young (Allocation Failure) 14M->10M(15M) 0.608ms
[250.998s][info][gc] GC(17251) Pause Young (Allocation Failure) 14M->10M(15M) 0.649ms
[251.004s][info][gc] GC(17252) Pause Young (Allocation Failure) 15M->10M(15M) 0.650ms
[251.009s][info][gc] GC(17253) Pause Young (Allocation Failure) 15M->10M(15M) 0.722ms
[251.015s][info][gc] GC(17254) Pause Young (Allocation Failure) 14M->10M(15M) 0.625ms
[251.020s][info][gc] GC(17255) Pause Young (Allocation Failure) 14M->10M(15M) 0.645ms
[251.025s][info][gc] GC(17256) Pause Young (Allocation Failure) 14M->10M(15M) 0.630ms
[251.029s][info][gc] GC(17257) Pause Young (Allocation Failure) 14M->10M(15M) 0.616ms
[251.034s][info][gc] GC(17258) Pause Young (Allocation Failure) 15M->10M(15M) 0.428ms
[251.039s][info][gc] GC(17259) Pause Young (Allocation Failure) 14M->10M(15M) 0.419ms
[251.045s][info][gc] GC(17260) Pause Young (Allocation Failure) 14M->10M(15M) 0.421ms
[251.051s][info][gc] GC(17261) Pause Young (Allocation Failure) 14M->10M(15M) 0.436ms
[251.056s][info][gc] GC(17262) Pause Young (Allocation Failure) 14M->10M(15M) 0.433ms
[251.061s][info][gc] GC(17263) Pause Young (Allocation Failure) 14M->10M(15M) 0.404ms
[251.066s][info][gc] GC(17264) Pause Young (Allocation Failure) 14M->10M(15M) 0.419ms
[251.071s][info][gc] GC(17265) Pause Young (Allocation Failure) 14M->10M(15M) 0.429ms
[251.078s][info][gc] GC(17266) Pause Young (Allocation Failure) 14M->10M(15M) 0.513ms
[251.085s][info][gc] GC(17267) Pause Young (Allocation Failure) 14M->10M(15M) 0.599ms
[251.091s][info][gc] GC(17268) Pause Young (Allocation Failure) 14M->10M(15M) 0.552ms
[251.096s][info][gc] GC(17269) Pause Young (Allocation Failure) 14M->10M(15M) 0.558ms
[251.102s][info][gc] GC(17270) Pause Young (Allocation Failure) 14M->10M(15M) 0.611ms
[251.108s][info][gc] GC(17271) Pause Young (Allocation Failure) 14M->10M(15M) 0.599ms
[251.113s][info][gc] GC(17272) Pause Young (Allocation Failure) 14M->10M(15M) 0.578ms
[251.119s][info][gc] GC(17273) Pause Young (Allocation Failure) 14M->10M(15M) 0.855ms
[251.126s][info][gc] GC(17274) Pause Young (Allocation Failure) 15M->10M(15M) 0.666ms
[251.131s][info][gc] GC(17275) Pause Young (Allocation Failure) 15M->10M(15M) 0.634ms
[251.139s][info][gc] GC(17276) Pause Young (Allocation Failure) 15M->10M(15M) 0.769ms
[251.144s][info][gc] GC(17277) Pause Young (Allocation Failure) 15M->10M(15M) 0.616ms
[251.150s][info][gc] GC(17278) Pause Young (Allocation Failure) 15M->10M(15M) 0.632ms
[251.156s][info][gc] GC(17279) Pause Young (Allocation Failure) 15M->10M(15M) 0.956ms
[251.161s][info][gc] GC(17280) Pause Young (Allocation Failure) 14M->10M(15M) 0.614ms
[251.166s][info][gc] GC(17281) Pause Young (Allocation Failure) 15M->10M(15M) 0.725ms
[251.172s][info][gc] GC(17282) Pause Young (Allocation Failure) 15M->10M(15M) 0.607ms
[251.178s][info][gc] GC(17283) Pause Young (Allocation Failure) 15M->10M(15M) 0.639ms
[251.185s][info][gc] GC(17284) Pause Young (Allocation Failure) 15M->10M(15M) 0.525ms
[251.192s][info][gc] GC(17285) Pause Young (Allocation Failure) 14M->10M(15M) 0.455ms
[251.198s][info][gc] GC(17286) Pause Young (Allocation Failure) 14M->10M(15M) 0.446ms
[251.205s][info][gc] GC(17287) Pause Young (Allocation Failure) 14M->10M(15M) 0.471ms
[251.210s][info][gc] GC(17288) Pause Young (Allocation Failure) 14M->10M(15M) 0.540ms
[251.217s][info][gc] GC(17289) Pause Young (Allocation Failure) 14M->10M(15M) 0.522ms
[251.223s][info][gc] GC(17290) Pause Young (Allocation Failure) 14M->10M(15M) 0.543ms
[251.228s][info][gc] GC(17291) Pause Young (Allocation Failure) 14M->10M(15M) 0.616ms
[251.235s][info][gc] GC(17292) Pause Young (Allocation Failure) 14M->10M(15M) 0.744ms
[251.241s][info][gc] GC(17293) Pause Young (Allocation Failure) 14M->10M(15M) 0.912ms
[251.249s][info][gc] GC(17294) Pause Young (Allocation Failure) 15M->10M(15M) 0.585ms
[251.257s][info][gc] GC(17295) Pause Young (Allocation Failure) 15M->10M(15M) 1.022ms
[251.263s][info][gc] GC(17296) Pause Young (Allocation Failure) 15M->10M(15M) 0.612ms
[251.270s][info][gc] GC(17297) Pause Young (Allocation Failure) 15M->10M(15M) 0.639ms
[251.278s][info][gc] GC(17298) Pause Young (Allocation Failure) 15M->10M(15M) 0.624ms
[251.285s][info][gc] GC(17299) Pause Young (Allocation Failure) 15M->10M(15M) 0.642ms
[251.292s][info][gc] GC(17300) Pause Young (Allocation Failure) 15M->10M(15M) 0.608ms
[251.299s][info][gc] GC(17301) Pause Young (Allocation Failure) 15M->10M(15M) 0.891ms
[251.306s][info][gc] GC(17302) Pause Young (Allocation Failure) 14M->10M(15M) 0.896ms
[251.313s][info][gc] GC(17303) Pause Young (Allocation Failure) 15M->10M(15M) 1.022ms
[251.319s][info][gc] GC(17304) Pause Young (Allocation Failure) 15M->10M(15M) 0.876ms
[251.324s][info][gc] GC(17305) Pause Young (Allocation Failure) 15M->10M(15M) 0.837ms
[251.330s][info][gc] GC(17306) Pause Young (Allocation Failure) 15M->10M(15M) 0.440ms
[251.335s][info][gc] GC(17307) Pause Young (Allocation Failure) 14M->10M(15M) 0.463ms
[251.342s][info][gc] GC(17308) Pause Young (Allocation Failure) 14M->10M(15M) 0.449ms
[251.348s][info][gc] GC(17309) Pause Young (Allocation Failure) 14M->10M(15M) 0.479ms
[251.353s][info][gc] GC(17310) Pause Young (Allocation Failure) 14M->10M(15M) 0.471ms
[251.358s][info][gc] GC(17311) Pause Young (Allocation Failure) 14M->10M(15M) 0.465ms
[251.363s][info][gc] GC(17312) Pause Young (Allocation Failure) 14M->10M(15M) 0.491ms
[251.368s][info][gc] GC(17313) Pause Young (Allocation Failure) 14M->10M(15M) 0.488ms
[251.373s][info][gc] GC(17314) Pause Young (Allocation Failure) 14M->10M(15M) 0.500ms
[251.379s][info][gc] GC(17315) Pause Young (Allocation Failure) 15M->10M(15M) 0.541ms
[251.384s][info][gc] GC(17316) Pause Young (Allocation Failure) 15M->10M(15M) 0.545ms
[251.390s][info][gc] GC(17317) Pause Young (Allocation Failure) 15M->10M(15M) 0.614ms
[251.395s][info][gc] GC(17318) Pause Young (Allocation Failure) 15M->10M(15M) 0.571ms
[251.400s][info][gc] GC(17319) Pause Young (Allocation Failure) 15M->10M(15M) 0.671ms
[251.406s][info][gc] GC(17320) Pause Young (Allocation Failure) 15M->10M(15M) 0.642ms
[251.411s][info][gc] GC(17321) Pause Young (Allocation Failure) 15M->10M(15M) 0.618ms
[251.416s][info][gc] GC(17322) Pause Young (Allocation Failure) 15M->10M(15M) 0.584ms
[251.421s][info][gc] GC(17323) Pause Young (Allocation Failure) 15M->10M(15M) 0.631ms
[251.426s][info][gc] GC(17324) Pause Young (Allocation Failure) 15M->10M(15M) 0.635ms
[251.431s][info][gc] GC(17325) Pause Young (Allocation Failure) 15M->10M(15M) 0.439ms
[251.436s][info][gc] GC(17326) Pause Young (Allocation Failure) 14M->10M(15M) 0.508ms
[251.442s][info][gc] GC(17327) Pause Young (Allocation Failure) 14M->10M(15M) 0.471ms
[251.446s][info][gc] GC(17328) Pause Young (Allocation Failure) 14M->10M(15M) 0.489ms
[251.451s][info][gc] GC(17329) Pause Young (Allocation Failure) 14M->10M(15M) 0.486ms
[251.459s][info][gc] GC(17330) Pause Young (Allocation Failure) 14M->10M(15M) 0.546ms
[251.464s][info][gc] GC(17331) Pause Young (Allocation Failure) 14M->10M(15M) 0.500ms
[251.468s][info][gc] GC(17332) Pause Young (Allocation Failure) 14M->10M(15M) 0.555ms
[251.474s][info][gc] GC(17333) Pause Young (Allocation Failure) 14M->10M(15M) 0.518ms
[251.479s][info][gc] GC(17334) Pause Young (Allocation Failure) 14M->10M(15M) 0.657ms
[251.484s][info][gc] GC(17335) Pause Young (Allocation Failure) 15M->10M(15M) 0.563ms
[251.489s][info][gc] GC(17336) Pause Young (Allocation Failure) 15M->10M(15M) 0.575ms
[251.494s][info][gc] GC(17337) Pause Young (Allocation Failure) 15M->10M(15M) 0.573ms
[251.499s][info][gc] GC(17338) Pause Young (Allocation Failure) 15M->10M(15M) 0.562ms
[251.505s][info][gc] GC(17339) Pause Young (Allocation Failure) 15M->10M(15M) 0.721ms
[251.511s][info][gc] GC(17340) Pause Young (Allocation Failure) 15M->10M(15M) 0.575ms
[251.517s][info][gc] GC(17341) Pause Young (Allocation Failure) 15M->10M(15M) 0.570ms
[251.523s][info][gc] GC(17342) Pause Young (Allocation Failure) 15M->10M(15M) 0.629ms
[251.528s][info][gc] GC(17343) Pause Young (Allocation Failure) 15M->10M(15M) 0.585ms
[251.533s][info][gc] GC(17344) Pause Young (Allocation Failure) 15M->10M(15M) 0.572ms
[251.539s][info][gc] GC(17345) Pause Young (Allocation Failure) 15M->10M(15M) 0.607ms
[251.544s][info][gc] GC(17346) Pause Young (Allocation Failure) 15M->10M(15M) 0.662ms
[251.549s][info][gc] GC(17347) Pause Young (Allocation Failure) 15M->10M(15M) 0.593ms
[251.554s][info][gc] GC(17348) Pause Young (Allocation Failure) 15M->10M(15M) 0.612ms
[251.560s][info][gc] GC(17349) Pause Young (Allocation Failure) 15M->10M(15M) 0.658ms
[251.565s][info][gc] GC(17350) Pause Young (Allocation Failure) 14M->10M(15M) 0.417ms
[251.571s][info][gc] GC(17351) Pause Young (Allocation Failure) 14M->10M(15M) 0.437ms
[251.579s][info][gc] GC(17352) Pause Young (Allocation Failure) 14M->10M(15M) 0.527ms
[251.584s][info][gc] GC(17353) Pause Young (Allocation Failure) 14M->10M(15M) 0.526ms
[251.589s][info][gc] GC(17354) Pause Young (Allocation Failure) 14M->10M(15M) 0.466ms
[251.594s][info][gc] GC(17355) Pause Young (Allocation Failure) 14M->10M(15M) 0.480ms
[251.599s][info][gc] GC(17356) Pause Young (Allocation Failure) 15M->10M(15M) 0.545ms
[251.604s][info][gc] GC(17357) Pause Young (Allocation Failure) 15M->10M(15M) 0.522ms
[251.610s][info][gc] GC(17358) Pause Young (Allocation Failure) 15M->10M(15M) 0.608ms
[251.616s][info][gc] GC(17359) Pause Young (Allocation Failure) 15M->10M(15M) 0.598ms
[251.621s][info][gc] GC(17360) Pause Young (Allocation Failure) 15M->10M(15M) 0.592ms
[251.626s][info][gc] GC(17361) Pause Young (Allocation Failure) 15M->10M(15M) 0.543ms
[251.632s][info][gc] GC(17362) Pause Young (Allocation Failure) 15M->10M(15M) 0.620ms
[251.637s][info][gc] GC(17363) Pause Young (Allocation Failure) 15M->10M(15M) 0.640ms
[251.642s][info][gc] GC(17364) Pause Young (Allocation Failure) 15M->10M(15M) 1.035ms
[251.647s][info][gc] GC(17365) Pause Young (Allocation Failure) 15M->10M(15M) 0.667ms
[251.652s][info][gc] GC(17366) Pause Young (Allocation Failure) 15M->10M(15M) 0.650ms
[251.657s][info][gc] GC(17367) Pause Young (Allocation Failure) 15M->10M(15M) 0.699ms
[251.662s][info][gc] GC(17368) Pause Young (Allocation Failure) 15M->10M(15M) 0.576ms
[251.669s][info][gc] GC(17369) Pause Young (Allocation Failure) 15M->10M(15M) 0.409ms
[251.673s][info][gc] GC(17370) Pause Young (Allocation Failure) 14M->10M(15M) 0.368ms
[251.679s][info][gc] GC(17371) Pause Young (Allocation Failure) 14M->10M(15M) 0.632ms
[251.686s][info][gc] GC(17372) Pause Young (Allocation Failure) 14M->10M(15M) 0.509ms
[251.691s][info][gc] GC(17373) Pause Young (Allocation Failure) 14M->10M(15M) 0.492ms
[251.696s][info][gc] GC(17374) Pause Young (Allocation Failure) 14M->10M(15M) 0.479ms
[251.701s][info][gc] GC(17375) Pause Young (Allocation Failure) 15M->10M(15M) 0.559ms
[251.707s][info][gc] GC(17376) Pause Young (Allocation Failure) 15M->10M(15M) 0.509ms
[251.712s][info][gc] GC(17377) Pause Young (Allocation Failure) 15M->10M(15M) 0.831ms
[251.717s][info][gc] GC(17378) Pause Young (Allocation Failure) 15M->10M(15M) 0.556ms
[251.722s][info][gc] GC(17379) Pause Young (Allocation Failure) 15M->10M(15M) 0.463ms
[251.727s][info][gc] GC(17380) Pause Young (Allocation Failure) 15M->10M(15M) 0.798ms
[251.733s][info][gc] GC(17381) Pause Young (Allocation Failure) 15M->10M(15M) 0.542ms
[251.737s][info][gc] GC(17382) Pause Young (Allocation Failure) 15M->10M(15M) 0.541ms
[251.743s][info][gc] GC(17383) Pause Young (Allocation Failure) 15M->10M(15M) 0.666ms
[251.748s][info][gc] GC(17384) Pause Young (Allocation Failure) 15M->10M(15M) 0.645ms
[251.753s][info][gc] GC(17385) Pause Young (Allocation Failure) 15M->10M(15M) 0.644ms
[251.758s][info][gc] GC(17386) Pause Young (Allocation Failure) 15M->10M(15M) 0.643ms
[251.764s][info][gc] GC(17387) Pause Young (Allocation Failure) 15M->10M(15M) 0.616ms
[251.768s][info][gc] GC(17388) Pause Young (Allocation Failure) 15M->10M(15M) 0.663ms
[251.773s][info][gc] GC(17389) Pause Young (Allocation Failure) 15M->10M(15M) 0.432ms
[251.778s][info][gc] GC(17390) Pause Young (Allocation Failure) 14M->10M(15M) 0.437ms
[251.783s][info][gc] GC(17391) Pause Young (Allocation Failure) 14M->10M(15M) 0.405ms
[251.788s][info][gc] GC(17392) Pause Young (Allocation Failure) 15M->10M(15M) 0.445ms
[251.793s][info][gc] GC(17393) Pause Young (Allocation Failure) 15M->10M(15M) 0.498ms
[251.798s][info][gc] GC(17394) Pause Young (Allocation Failure) 15M->10M(15M) 0.487ms
[251.803s][info][gc] GC(17395) Pause Young (Allocation Failure) 15M->10M(15M) 0.508ms
[251.808s][info][gc] GC(17396) Pause Young (Allocation Failure) 15M->10M(15M) 0.531ms
[251.813s][info][gc] GC(17397) Pause Young (Allocation Failure) 15M->10M(15M) 0.562ms
[251.818s][info][gc] GC(17398) Pause Young (Allocation Failure) 15M->10M(15M) 0.534ms
[251.823s][info][gc] GC(17399) Pause Young (Allocation Failure) 15M->10M(15M) 0.666ms
[251.828s][info][gc] GC(17400) Pause Young (Allocation Failure) 15M->10M(15M) 0.530ms
[251.833s][info][gc] GC(17401) Pause Young (Allocation Failure) 15M->10M(15M) 0.580ms
[251.839s][info][gc] GC(17402) Pause Young (Allocation Failure) 15M->10M(15M) 0.570ms
[251.844s][info][gc] GC(17403) Pause Young (Allocation Failure) 15M->10M(15M) 0.642ms
[251.849s][info][gc] GC(17404) Pause Young (Allocation Failure) 15M->10M(15M) 0.615ms
[251.854s][info][gc] GC(17405) Pause Young (Allocation Failure) 15M->10M(15M) 0.642ms
[251.860s][info][gc] GC(17406) Pause Young (Allocation Failure) 15M->10M(15M) 0.606ms
[251.865s][info][gc] GC(17407) Pause Young (Allocation Failure) 15M->10M(15M) 0.409ms
[251.870s][info][gc] GC(17408) Pause Young (Allocation Failure) 14M->10M(15M) 0.492ms
[251.875s][info][gc] GC(17409) Pause Young (Allocation Failure) 15M->10M(15M) 0.495ms
[251.882s][info][gc] GC(17410) Pause Young (Allocation Failure) 15M->10M(15M) 0.480ms
[251.889s][info][gc] GC(17411) Pause Young (Allocation Failure) 15M->10M(15M) 0.498ms
[251.895s][info][gc] GC(17412) Pause Young (Allocation Failure) 15M->10M(15M) 0.561ms
[251.900s][info][gc] GC(17413) Pause Young (Allocation Failure) 15M->10M(15M) 0.656ms
[251.906s][info][gc] GC(17414) Pause Young (Allocation Failure) 15M->10M(15M) 0.829ms
[251.913s][info][gc] GC(17415) Pause Young (Allocation Failure) 15M->10M(15M) 0.794ms
[251.918s][info][gc] GC(17416) Pause Young (Allocation Failure) 15M->10M(15M) 0.587ms
[251.923s][info][gc] GC(17417) Pause Young (Allocation Failure) 15M->10M(15M) 0.601ms
[251.930s][info][gc] GC(17418) Pause Young (Allocation Failure) 15M->10M(15M) 0.530ms
[251.936s][info][gc] GC(17419) Pause Young (Allocation Failure) 15M->10M(15M) 0.660ms
[251.941s][info][gc] GC(17420) Pause Young (Allocation Failure) 15M->10M(15M) 0.540ms
[251.946s][info][gc] GC(17421) Pause Young (Allocation Failure) 15M->10M(15M) 0.491ms
[251.951s][info][gc] GC(17422) Pause Young (Allocation Failure) 15M->10M(15M) 0.633ms
[251.956s][info][gc] GC(17423) Pause Young (Allocation Failure) 15M->10M(15M) 0.576ms
[251.961s][info][gc] GC(17424) Pause Young (Allocation Failure) 15M->10M(15M) 0.609ms
[251.966s][info][gc] GC(17425) Pause Young (Allocation Failure) 15M->10M(15M) 0.568ms
[251.971s][info][gc] GC(17426) Pause Young (Allocation Failure) 15M->10M(15M) 0.559ms
[251.976s][info][gc] GC(17427) Pause Young (Allocation Failure) 15M->10M(15M) 0.616ms
[251.981s][info][gc] GC(17428) Pause Young (Allocation Failure) 15M->10M(15M) 0.630ms
[251.986s][info][gc] GC(17429) Pause Young (Allocation Failure) 15M->10M(15M) 0.432ms
[251.991s][info][gc] GC(17430) Pause Young (Allocation Failure) 15M->10M(15M) 0.469ms
[251.996s][info][gc] GC(17431) Pause Young (Allocation Failure) 15M->10M(15M) 0.428ms
[252.001s][info][gc] GC(17432) Pause Young (Allocation Failure) 15M->10M(15M) 0.452ms
[252.006s][info][gc] GC(17433) Pause Young (Allocation Failure) 15M->10M(15M) 0.394ms
[252.011s][info][gc] GC(17434) Pause Young (Allocation Failure) 15M->10M(15M) 0.504ms
[252.016s][info][gc] GC(17435) Pause Young (Allocation Failure) 15M->10M(15M) 0.457ms
[252.021s][info][gc] GC(17436) Pause Young (Allocation Failure) 15M->10M(15M) 0.530ms
[252.026s][info][gc] GC(17437) Pause Young (Allocation Failure) 15M->10M(15M) 0.485ms
[252.031s][info][gc] GC(17438) Pause Young (Allocation Failure) 15M->10M(15M) 0.576ms
[252.036s][info][gc] GC(17439) Pause Young (Allocation Failure) 15M->10M(15M) 0.564ms
[252.041s][info][gc] GC(17440) Pause Young (Allocation Failure) 15M->10M(15M) 0.579ms
[252.046s][info][gc] GC(17441) Pause Young (Allocation Failure) 15M->10M(15M) 0.616ms
[252.051s][info][gc] GC(17442) Pause Young (Allocation Failure) 15M->10M(15M) 0.619ms
[252.055s][info][gc] GC(17443) Pause Young (Allocation Failure) 15M->10M(15M) 0.590ms
[252.061s][info][gc] GC(17444) Pause Young (Allocation Failure) 15M->10M(15M) 0.627ms
[252.071s][info][gc] GC(17445) Pause Young (Allocation Failure) 15M->10M(15M) 0.625ms
[252.079s][info][gc] GC(17446) Pause Young (Allocation Failure) 15M->10M(15M) 0.790ms
[252.087s][info][gc] GC(17447) Pause Young (Allocation Failure) 15M->10M(15M) 0.644ms
[252.092s][info][gc] GC(17448) Pause Young (Allocation Failure) 15M->10M(15M) 0.651ms
[252.097s][info][gc] GC(17449) Pause Young (Allocation Failure) 15M->10M(15M) 0.463ms
[252.102s][info][gc] GC(17450) Pause Young (Allocation Failure) 15M->10M(15M) 0.392ms
[252.107s][info][gc] GC(17451) Pause Young (Allocation Failure) 15M->10M(15M) 0.496ms
[252.113s][info][gc] GC(17452) Pause Young (Allocation Failure) 15M->10M(15M) 0.484ms
[252.119s][info][gc] GC(17453) Pause Young (Allocation Failure) 15M->10M(15M) 0.677ms
[252.125s][info][gc] GC(17454) Pause Young (Allocation Failure) 15M->10M(15M) 0.614ms
[252.132s][info][gc] GC(17455) Pause Young (Allocation Failure) 15M->10M(15M) 0.831ms
[252.137s][info][gc] GC(17456) Pause Young (Allocation Failure) 15M->10M(15M) 0.587ms
[252.143s][info][gc] GC(17457) Pause Young (Allocation Failure) 15M->10M(15M) 0.681ms
[252.148s][info][gc] GC(17458) Pause Young (Allocation Failure) 15M->10M(15M) 0.543ms
[252.153s][info][gc] GC(17459) Pause Young (Allocation Failure) 15M->10M(15M) 0.550ms
[252.159s][info][gc] GC(17460) Pause Young (Allocation Failure) 15M->10M(15M) 0.658ms
[252.164s][info][gc] GC(17461) Pause Young (Allocation Failure) 15M->10M(15M) 0.596ms
[252.169s][info][gc] GC(17462) Pause Young (Allocation Failure) 15M->10M(15M) 0.598ms
[252.174s][info][gc] GC(17463) Pause Young (Allocation Failure) 15M->10M(15M) 0.619ms
[252.179s][info][gc] GC(17464) Pause Young (Allocation Failure) 15M->10M(15M) 0.664ms
[252.186s][info][gc] GC(17465) Pause Young (Allocation Failure) 15M->10M(15M) 0.639ms
[252.192s][info][gc] GC(17466) Pause Young (Allocation Failure) 15M->10M(15M) 0.640ms
[252.198s][info][gc] GC(17467) Pause Young (Allocation Failure) 15M->10M(15M) 0.603ms
[252.203s][info][gc] GC(17468) Pause Young (Allocation Failure) 15M->10M(15M) 0.621ms
[252.210s][info][gc] GC(17469) Pause Young (Allocation Failure) 15M->10M(15M) 0.701ms
[252.215s][info][gc] GC(17470) Pause Young (Allocation Failure) 15M->10M(15M) 0.621ms
[252.221s][info][gc] GC(17471) Pause Young (Allocation Failure) 15M->10M(15M) 0.429ms
[252.226s][info][gc] GC(17472) Pause Young (Allocation Failure) 15M->10M(15M) 0.449ms
[252.231s][info][gc] GC(17473) Pause Young (Allocation Failure) 15M->10M(15M) 0.431ms
[252.238s][info][gc] GC(17474) Pause Young (Allocation Failure) 15M->10M(15M) 0.495ms
[252.243s][info][gc] GC(17475) Pause Young (Allocation Failure) 15M->10M(15M) 0.495ms
[252.249s][info][gc] GC(17476) Pause Young (Allocation Failure) 15M->10M(15M) 0.486ms
[252.254s][info][gc] GC(17477) Pause Young (Allocation Failure) 15M->10M(15M) 0.660ms
[252.259s][info][gc] GC(17478) Pause Young (Allocation Failure) 15M->10M(15M) 0.590ms
[252.265s][info][gc] GC(17479) Pause Young (Allocation Failure) 15M->10M(15M) 0.534ms
[252.270s][info][gc] GC(17480) Pause Young (Allocation Failure) 15M->10M(15M) 0.527ms
[252.275s][info][gc] GC(17481) Pause Young (Allocation Failure) 15M->10M(15M) 0.521ms
[252.280s][info][gc] GC(17482) Pause Young (Allocation Failure) 15M->10M(15M) 0.526ms
[252.285s][info][gc] GC(17483) Pause Young (Allocation Failure) 15M->10M(15M) 0.519ms
[252.291s][info][gc] GC(17484) Pause Young (Allocation Failure) 15M->10M(15M) 0.549ms
[252.296s][info][gc] GC(17485) Pause Young (Allocation Failure) 15M->10M(15M) 0.533ms
[252.302s][info][gc] GC(17486) Pause Young (Allocation Failure) 15M->10M(15M) 0.635ms
[252.307s][info][gc] GC(17487) Pause Young (Allocation Failure) 15M->10M(15M) 0.573ms
[252.313s][info][gc] GC(17488) Pause Young (Allocation Failure) 15M->10M(15M) 0.681ms
[252.318s][info][gc] GC(17489) Pause Young (Allocation Failure) 15M->10M(15M) 0.655ms
[252.323s][info][gc] GC(17490) Pause Young (Allocation Failure) 15M->10M(15M) 0.589ms
[252.329s][info][gc] GC(17491) Pause Young (Allocation Failure) 15M->10M(15M) 0.613ms
[252.334s][info][gc] GC(17492) Pause Young (Allocation Failure) 15M->10M(15M) 0.698ms
[252.342s][info][gc] GC(17493) Pause Young (Allocation Failure) 15M->10M(15M) 0.864ms
[252.346s][info][gc] GC(17494) Pause Young (Allocation Failure) 15M->10M(15M) 0.432ms
[252.351s][info][gc] GC(17495) Pause Young (Allocation Failure) 15M->10M(15M) 0.477ms
[252.384s][info][gc] GC(17496) Pause Full (Allocation Failure) 10M->10M(15M) 32.766ms
[252.425s][info][gc] GC(17497) Pause Full (Allocation Failure) 15M->10M(15M) 33.297ms
[252.467s][info][gc] GC(17498) Pause Full (Allocation Failure) 15M->10M(15M) 34.423ms
[252.509s][info][gc] GC(17499) Pause Full (Allocation Failure) 15M->10M(15M) 34.849ms
[252.515s][info][gc] GC(17500) Pause Young (Allocation Failure) 14M->10M(15M) 0.447ms
[252.521s][info][gc] GC(17501) Pause Young (Allocation Failure) 15M->10M(15M) 0.458ms
[252.526s][info][gc] GC(17502) Pause Young (Allocation Failure) 15M->10M(15M) 0.496ms
[252.531s][info][gc] GC(17503) Pause Young (Allocation Failure) 15M->10M(15M) 0.426ms
[252.536s][info][gc] GC(17504) Pause Young (Allocation Failure) 15M->10M(15M) 0.470ms
[252.542s][info][gc] GC(17505) Pause Young (Allocation Failure) 15M->10M(15M) 0.585ms
[252.548s][info][gc] GC(17506) Pause Young (Allocation Failure) 15M->10M(15M) 0.460ms
[252.553s][info][gc] GC(17507) Pause Young (Allocation Failure) 15M->10M(15M) 0.462ms
[252.558s][info][gc] GC(17508) Pause Young (Allocation Failure) 15M->10M(15M) 0.480ms
[252.563s][info][gc] GC(17509) Pause Young (Allocation Failure) 15M->10M(15M) 0.547ms
[252.568s][info][gc] GC(17510) Pause Young (Allocation Failure) 15M->10M(15M) 0.580ms
[252.573s][info][gc] GC(17511) Pause Young (Allocation Failure) 15M->10M(15M) 0.554ms
[252.578s][info][gc] GC(17512) Pause Young (Allocation Failure) 15M->10M(15M) 0.577ms
[252.583s][info][gc] GC(17513) Pause Young (Allocation Failure) 15M->10M(15M) 0.693ms
[252.588s][info][gc] GC(17514) Pause Young (Allocation Failure) 15M->10M(15M) 0.603ms
[252.593s][info][gc] GC(17515) Pause Young (Allocation Failure) 15M->10M(15M) 0.573ms
[252.598s][info][gc] GC(17516) Pause Young (Allocation Failure) 15M->10M(15M) 0.610ms
[252.603s][info][gc] GC(17517) Pause Young (Allocation Failure) 15M->10M(15M) 0.568ms
[252.608s][info][gc] GC(17518) Pause Young (Allocation Failure) 15M->10M(15M) 0.584ms
[252.614s][info][gc] GC(17519) Pause Young (Allocation Failure) 15M->10M(15M) 0.387ms
[252.619s][info][gc] GC(17520) Pause Young (Allocation Failure) 15M->10M(15M) 0.401ms
[252.624s][info][gc] GC(17521) Pause Young (Allocation Failure) 15M->10M(15M) 0.372ms
[252.629s][info][gc] GC(17522) Pause Young (Allocation Failure) 15M->10M(15M) 0.429ms
[252.634s][info][gc] GC(17523) Pause Young (Allocation Failure) 15M->10M(15M) 0.399ms
[252.641s][info][gc] GC(17524) Pause Young (Allocation Failure) 15M->10M(15M) 0.496ms
[252.646s][info][gc] GC(17525) Pause Young (Allocation Failure) 15M->10M(15M) 0.488ms
[252.652s][info][gc] GC(17526) Pause Young (Allocation Failure) 15M->10M(15M) 0.532ms
[252.656s][info][gc] GC(17527) Pause Young (Allocation Failure) 15M->10M(15M) 0.436ms
[252.662s][info][gc] GC(17528) Pause Young (Allocation Failure) 15M->10M(15M) 0.700ms
[252.667s][info][gc] GC(17529) Pause Young (Allocation Failure) 15M->10M(15M) 0.497ms
[252.672s][info][gc] GC(17530) Pause Young (Allocation Failure) 15M->10M(15M) 0.474ms
[252.677s][info][gc] GC(17531) Pause Young (Allocation Failure) 15M->10M(15M) 0.534ms
[252.685s][info][gc] GC(17532) Pause Young (Allocation Failure) 15M->10M(15M) 0.704ms
[252.689s][info][gc] GC(17533) Pause Young (Allocation Failure) 15M->10M(15M) 0.546ms
[252.697s][info][gc] GC(17534) Pause Young (Allocation Failure) 15M->10M(15M) 0.617ms
[252.703s][info][gc] GC(17535) Pause Young (Allocation Failure) 15M->10M(15M) 0.543ms
[252.708s][info][gc] GC(17536) Pause Young (Allocation Failure) 15M->10M(15M) 0.548ms
[252.715s][info][gc] GC(17537) Pause Young (Allocation Failure) 15M->10M(15M) 0.673ms
[252.720s][info][gc] GC(17538) Pause Young (Allocation Failure) 15M->10M(15M) 0.677ms
[252.726s][info][gc] GC(17539) Pause Young (Allocation Failure) 15M->10M(15M) 0.582ms
[252.731s][info][gc] GC(17540) Pause Young (Allocation Failure) 15M->10M(15M) 0.646ms
[252.735s][info][gc] GC(17541) Pause Young (Allocation Failure) 15M->10M(15M) 0.433ms
[252.740s][info][gc] GC(17542) Pause Young (Allocation Failure) 15M->10M(15M) 0.508ms
[252.747s][info][gc] GC(17543) Pause Young (Allocation Failure) 15M->10M(15M) 0.539ms
[252.752s][info][gc] GC(17544) Pause Young (Allocation Failure) 15M->10M(15M) 0.518ms
[252.757s][info][gc] GC(17545) Pause Young (Allocation Failure) 15M->10M(15M) 0.558ms
[252.762s][info][gc] GC(17546) Pause Young (Allocation Failure) 15M->10M(15M) 0.522ms
[252.767s][info][gc] GC(17547) Pause Young (Allocation Failure) 15M->10M(15M) 0.526ms
[252.772s][info][gc] GC(17548) Pause Young (Allocation Failure) 15M->10M(15M) 0.534ms
[252.777s][info][gc] GC(17549) Pause Young (Allocation Failure) 15M->10M(15M) 0.591ms
[252.783s][info][gc] GC(17550) Pause Young (Allocation Failure) 15M->10M(15M) 0.561ms
[252.814s][info][gc] GC(17551) Pause Full (Allocation Failure) 10M->10M(15M) 31.078ms
[252.854s][info][gc] GC(17552) Pause Full (Allocation Failure) 15M->10M(15M) 33.079ms
[252.899s][info][gc] GC(17553) Pause Full (Allocation Failure) 15M->10M(15M) 37.673ms
[252.950s][info][gc] GC(17554) Pause Full (Allocation Failure) 15M->10M(15M) 42.631ms
[252.992s][info][gc] GC(17555) Pause Full (Allocation Failure) 15M->10M(15M) 34.507ms
[253.033s][info][gc] GC(17556) Pause Full (Allocation Failure) 15M->10M(15M) 33.503ms
[253.074s][info][gc] GC(17557) Pause Full (Allocation Failure) 15M->10M(15M) 34.220ms
[253.132s][info][gc] GC(17558) Pause Full (Allocation Failure) 15M->10M(15M) 41.845ms
[253.188s][info][gc] GC(17559) Pause Full (Allocation Failure) 15M->10M(15M) 42.111ms
[253.234s][info][gc] GC(17560) Pause Full (Allocation Failure) 15M->10M(15M) 36.851ms
[253.281s][info][gc] GC(17561) Pause Full (Allocation Failure) 15M->10M(15M) 37.644ms
[253.326s][info][gc] GC(17562) Pause Full (Allocation Failure) 15M->10M(15M) 37.973ms
[253.373s][info][gc] GC(17563) Pause Full (Allocation Failure) 15M->10M(15M) 36.744ms
[253.417s][info][gc] GC(17564) Pause Full (Allocation Failure) 15M->10M(15M) 36.951ms
[253.460s][info][gc] GC(17565) Pause Full (Allocation Failure) 15M->10M(15M) 34.977ms
[253.503s][info][gc] GC(17566) Pause Full (Allocation Failure) 15M->10M(15M) 35.869ms
[253.549s][info][gc] GC(17567) Pause Full (Allocation Failure) 15M->10M(15M) 38.247ms
[253.592s][info][gc] GC(17568) Pause Full (Allocation Failure) 15M->10M(15M) 35.137ms
[253.636s][info][gc] GC(17569) Pause Full (Allocation Failure) 15M->10M(15M) 34.810ms
[253.690s][info][gc] GC(17570) Pause Full (Allocation Failure) 15M->10M(15M) 44.113ms
[253.734s][info][gc] GC(17571) Pause Full (Allocation Failure) 15M->10M(15M) 35.806ms
[253.775s][info][gc] GC(17572) Pause Full (Allocation Failure) 15M->10M(15M) 33.962ms
[253.817s][info][gc] GC(17573) Pause Full (Allocation Failure) 15M->10M(15M) 33.624ms
[253.862s][info][gc] GC(17574) Pause Full (Allocation Failure) 15M->10M(15M) 35.760ms
[253.909s][info][gc] GC(17575) Pause Full (Allocation Failure) 15M->10M(15M) 39.687ms
[253.957s][info][gc] GC(17576) Pause Full (Allocation Failure) 15M->10M(15M) 38.691ms
[254.002s][info][gc] GC(17577) Pause Full (Allocation Failure) 15M->10M(15M) 34.426ms
[254.044s][info][gc] GC(17578) Pause Full (Allocation Failure) 15M->10M(15M) 34.573ms
[254.093s][info][gc] GC(17579) Pause Full (Allocation Failure) 15M->10M(15M) 41.418ms
[254.140s][info][gc] GC(17580) Pause Full (Allocation Failure) 15M->10M(15M) 40.962ms
[254.194s][info][gc] GC(17581) Pause Full (Allocation Failure) 15M->10M(15M) 44.427ms
[254.244s][info][gc] GC(17582) Pause Full (Allocation Failure) 15M->10M(15M) 40.642ms
[254.288s][info][gc] GC(17583) Pause Full (Allocation Failure) 15M->10M(15M) 35.981ms
[254.336s][info][gc] GC(17584) Pause Full (Allocation Failure) 15M->10M(15M) 37.667ms
[254.381s][info][gc] GC(17585) Pause Full (Allocation Failure) 15M->10M(15M) 36.089ms
[254.433s][info][gc] GC(17586) Pause Full (Allocation Failure) 15M->10M(15M) 41.777ms
[254.491s][info][gc] GC(17587) Pause Full (Allocation Failure) 15M->10M(15M) 49.551ms
[254.544s][info][gc] GC(17588) Pause Full (Allocation Failure) 15M->10M(15M) 42.196ms
[254.601s][info][gc] GC(17589) Pause Full (Allocation Failure) 15M->10M(15M) 44.237ms
[254.666s][info][gc] GC(17590) Pause Full (Allocation Failure) 15M->10M(15M) 49.058ms
[254.681s][info][gc] GC(17591) Pause Young (Allocation Failure) 14M->10M(15M) 9.108ms
[254.724s][info][gc] GC(17592) Pause Full (Allocation Failure) 10M->10M(15M) 42.315ms
[254.786s][info][gc] GC(17593) Pause Full (Allocation Failure) 15M->10M(15M) 52.634ms
[254.852s][info][gc] GC(17594) Pause Full (Allocation Failure) 15M->10M(15M) 53.992ms
[254.922s][info][gc] GC(17595) Pause Full (Allocation Failure) 15M->10M(15M) 56.423ms
[254.988s][info][gc] GC(17596) Pause Full (Allocation Failure) 15M->10M(15M) 53.604ms
[255.063s][info][gc] GC(17597) Pause Full (Allocation Failure) 15M->10M(15M) 51.675ms
[255.131s][info][gc] GC(17598) Pause Full (Allocation Failure) 15M->10M(15M) 55.641ms
[255.194s][info][gc] GC(17599) Pause Full (Allocation Failure) 15M->10M(15M) 48.767ms
[255.247s][info][gc] GC(17600) Pause Full (Allocation Failure) 15M->10M(15M) 44.770ms
[255.292s][info][gc] GC(17601) Pause Full (Allocation Failure) 15M->10M(15M) 36.808ms
[255.337s][info][gc] GC(17602) Pause Full (Allocation Failure) 15M->10M(15M) 36.672ms
[255.383s][info][gc] GC(17603) Pause Full (Allocation Failure) 15M->10M(15M) 38.400ms
[255.425s][info][gc] GC(17604) Pause Full (Allocation Failure) 15M->10M(15M) 33.256ms
[255.471s][info][gc] GC(17605) Pause Full (Allocation Failure) 15M->10M(15M) 37.354ms
[255.515s][info][gc] GC(17606) Pause Full (Allocation Failure) 15M->10M(15M) 36.986ms
[255.558s][info][gc] GC(17607) Pause Full (Allocation Failure) 15M->10M(15M) 35.250ms
[255.600s][info][gc] GC(17608) Pause Full (Allocation Failure) 15M->10M(15M) 33.573ms
[255.646s][info][gc] GC(17609) Pause Full (Allocation Failure) 15M->10M(15M) 38.956ms
[255.693s][info][gc] GC(17610) Pause Full (Allocation Failure) 15M->10M(15M) 39.387ms
[255.739s][info][gc] GC(17611) Pause Full (Allocation Failure) 15M->10M(15M) 37.075ms
[255.780s][info][gc] GC(17612) Pause Full (Allocation Failure) 15M->10M(15M) 33.317ms
[255.826s][info][gc] GC(17613) Pause Full (Allocation Failure) 15M->10M(15M) 38.126ms
[255.867s][info][gc] GC(17614) Pause Full (Allocation Failure) 15M->10M(15M) 32.748ms
[255.910s][info][gc] GC(17615) Pause Full (Allocation Failure) 15M->10M(15M) 36.080ms
[255.977s][info][gc] GC(17616) Pause Full (Allocation Failure) 15M->10M(15M) 53.552ms
[256.039s][info][gc] GC(17617) Pause Full (Allocation Failure) 15M->10M(15M) 47.179ms
[256.084s][info][gc] GC(17618) Pause Full (Allocation Failure) 15M->10M(15M) 36.959ms
[256.133s][info][gc] GC(17619) Pause Full (Allocation Failure) 15M->10M(15M) 38.989ms
[256.176s][info][gc] GC(17620) Pause Full (Allocation Failure) 15M->10M(15M) 35.432ms
[256.221s][info][gc] GC(17621) Pause Full (Allocation Failure) 15M->10M(15M) 37.605ms
[256.267s][info][gc] GC(17622) Pause Full (Allocation Failure) 15M->10M(15M) 38.928ms
[256.310s][info][gc] GC(17623) Pause Full (Allocation Failure) 15M->10M(15M) 34.986ms
[256.322s][info][gc] GC(17624) Pause Young (Allocation Failure) 14M->10M(15M) 7.093ms
[256.356s][info][gc] GC(17625) Pause Full (Allocation Failure) 10M->10M(15M) 33.649ms
[256.400s][info][gc] GC(17626) Pause Full (Allocation Failure) 15M->10M(15M) 35.875ms
[256.461s][info][gc] GC(17627) Pause Full (Allocation Failure) 15M->10M(15M) 49.792ms
[256.506s][info][gc] GC(17628) Pause Full (Allocation Failure) 15M->10M(15M) 36.900ms
[256.519s][info][gc] GC(17629) Pause Young (Allocation Failure) 14M->10M(15M) 6.929ms
[256.555s][info][gc] GC(17630) Pause Full (Allocation Failure) 10M->10M(15M) 35.162ms
[256.602s][info][gc] GC(17631) Pause Full (Allocation Failure) 15M->10M(15M) 38.953ms
[256.664s][info][gc] GC(17632) Pause Full (Allocation Failure) 15M->10M(15M) 54.302ms
[256.726s][info][gc] GC(17633) Pause Full (Allocation Failure) 15M->10M(15M) 48.876ms
[256.770s][info][gc] GC(17634) Pause Full (Allocation Failure) 15M->10M(15M) 35.693ms
[256.816s][info][gc] GC(17635) Pause Full (Allocation Failure) 15M->10M(15M) 36.382ms
[256.858s][info][gc] GC(17636) Pause Full (Allocation Failure) 15M->10M(15M) 35.241ms
[256.903s][info][gc] GC(17637) Pause Full (Allocation Failure) 15M->10M(15M) 36.836ms
[256.951s][info][gc] GC(17638) Pause Full (Allocation Failure) 15M->10M(15M) 38.914ms
[256.997s][info][gc] GC(17639) Pause Full (Allocation Failure) 15M->10M(15M) 36.687ms
[257.039s][info][gc] GC(17640) Pause Full (Allocation Failure) 15M->10M(15M) 34.443ms
[257.088s][info][gc] GC(17641) Pause Full (Allocation Failure) 15M->10M(15M) 41.884ms
[257.136s][info][gc] GC(17642) Pause Full (Allocation Failure) 15M->10M(15M) 40.706ms
[257.183s][info][gc] GC(17643) Pause Full (Allocation Failure) 15M->10M(15M) 37.637ms
[257.240s][info][gc] GC(17644) Pause Full (Allocation Failure) 15M->10M(15M) 46.950ms
[257.286s][info][gc] GC(17645) Pause Full (Allocation Failure) 15M->10M(15M) 37.272ms
[257.327s][info][gc] GC(17646) Pause Full (Allocation Failure) 15M->10M(15M) 34.524ms
[257.368s][info][gc] GC(17647) Pause Full (Allocation Failure) 15M->10M(15M) 32.691ms
[257.409s][info][gc] GC(17648) Pause Full (Allocation Failure) 15M->10M(15M) 33.451ms
[257.454s][info][gc] GC(17649) Pause Full (Allocation Failure) 15M->10M(15M) 37.080ms
[257.494s][info][gc] GC(17650) Pause Full (Allocation Failure) 15M->10M(15M) 33.432ms
[257.535s][info][gc] GC(17651) Pause Full (Allocation Failure) 15M->10M(15M) 32.951ms
[257.576s][info][gc] GC(17652) Pause Full (Allocation Failure) 15M->10M(15M) 34.425ms
[257.618s][info][gc] GC(17653) Pause Full (Allocation Failure) 15M->10M(15M) 33.312ms
[257.660s][info][gc] GC(17654) Pause Full (Allocation Failure) 15M->10M(15M) 34.191ms
[257.704s][info][gc] GC(17655) Pause Full (Allocation Failure) 15M->10M(15M) 34.675ms
[257.748s][info][gc] GC(17656) Pause Full (Allocation Failure) 15M->10M(15M) 35.555ms
[257.791s][info][gc] GC(17657) Pause Full (Allocation Failure) 15M->10M(15M) 35.950ms
[257.835s][info][gc] GC(17658) Pause Full (Allocation Failure) 15M->10M(15M) 36.554ms
[257.878s][info][gc] GC(17659) Pause Full (Allocation Failure) 15M->10M(15M) 35.069ms
[257.920s][info][gc] GC(17660) Pause Full (Allocation Failure) 15M->10M(15M) 33.777ms
[257.965s][info][gc] GC(17661) Pause Full (Allocation Failure) 15M->10M(15M) 36.940ms
[258.007s][info][gc] GC(17662) Pause Full (Allocation Failure) 15M->10M(15M) 33.297ms
[258.048s][info][gc] GC(17663) Pause Full (Allocation Failure) 15M->10M(15M) 33.060ms
[258.099s][info][gc] GC(17664) Pause Full (Allocation Failure) 15M->10M(15M) 42.808ms
[258.148s][info][gc] GC(17665) Pause Full (Allocation Failure) 15M->10M(15M) 40.333ms
[258.195s][info][gc] GC(17666) Pause Full (Allocation Failure) 15M->10M(15M) 39.501ms
[258.238s][info][gc] GC(17667) Pause Full (Allocation Failure) 15M->10M(15M) 34.873ms
[258.281s][info][gc] GC(17668) Pause Full (Allocation Failure) 15M->10M(15M) 35.310ms
[258.326s][info][gc] GC(17669) Pause Full (Allocation Failure) 15M->10M(15M) 37.967ms
[258.370s][info][gc] GC(17670) Pause Full (Allocation Failure) 15M->10M(15M) 36.922ms
[258.413s][info][gc] GC(17671) Pause Full (Allocation Failure) 15M->10M(15M) 35.597ms
[258.458s][info][gc] GC(17672) Pause Full (Allocation Failure) 15M->10M(15M) 36.998ms
[258.501s][info][gc] GC(17673) Pause Full (Allocation Failure) 15M->10M(15M) 35.748ms
[258.543s][info][gc] GC(17674) Pause Full (Allocation Failure) 15M->10M(15M) 34.734ms
[258.588s][info][gc] GC(17675) Pause Full (Allocation Failure) 15M->10M(15M) 36.141ms
[258.628s][info][gc] GC(17676) Pause Full (Allocation Failure) 15M->10M(15M) 33.310ms
[258.670s][info][gc] GC(17677) Pause Full (Allocation Failure) 15M->10M(15M) 34.405ms
[258.717s][info][gc] GC(17678) Pause Full (Allocation Failure) 15M->10M(15M) 38.770ms
[258.761s][info][gc] GC(17679) Pause Full (Allocation Failure) 15M->10M(15M) 36.136ms
[258.806s][info][gc] GC(17680) Pause Full (Allocation Failure) 15M->10M(15M) 37.335ms
[258.848s][info][gc] GC(17681) Pause Full (Allocation Failure) 15M->10M(15M) 34.278ms
[258.889s][info][gc] GC(17682) Pause Full (Allocation Failure) 15M->10M(15M) 34.285ms
[258.934s][info][gc] GC(17683) Pause Full (Allocation Failure) 15M->10M(15M) 36.919ms
[258.979s][info][gc] GC(17684) Pause Full (Allocation Failure) 15M->10M(15M) 36.200ms
[259.021s][info][gc] GC(17685) Pause Full (Allocation Failure) 15M->10M(15M) 33.931ms
[259.068s][info][gc] GC(17686) Pause Full (Allocation Failure) 15M->10M(15M) 40.419ms
[259.113s][info][gc] GC(17687) Pause Full (Allocation Failure) 15M->10M(15M) 36.406ms
[259.159s][info][gc] GC(17688) Pause Full (Allocation Failure) 15M->10M(15M) 38.027ms
[259.208s][info][gc] GC(17689) Pause Full (Allocation Failure) 15M->10M(15M) 41.491ms
[259.258s][info][gc] GC(17690) Pause Full (Allocation Failure) 15M->10M(15M) 40.513ms
[259.303s][info][gc] GC(17691) Pause Full (Allocation Failure) 15M->10M(15M) 36.579ms
[259.346s][info][gc] GC(17692) Pause Full (Allocation Failure) 15M->10M(15M) 34.767ms
[259.389s][info][gc] GC(17693) Pause Full (Allocation Failure) 15M->10M(15M) 36.193ms
[259.432s][info][gc] GC(17694) Pause Full (Allocation Failure) 15M->10M(15M) 35.407ms
[259.477s][info][gc] GC(17695) Pause Full (Allocation Failure) 15M->10M(15M) 37.252ms
[259.519s][info][gc] GC(17696) Pause Full (Allocation Failure) 15M->10M(15M) 35.095ms
[259.562s][info][gc] GC(17697) Pause Full (Allocation Failure) 15M->10M(15M) 34.066ms
[259.607s][info][gc] GC(17698) Pause Full (Allocation Failure) 15M->10M(15M) 36.783ms
[259.650s][info][gc] GC(17699) Pause Full (Allocation Failure) 15M->10M(15M) 34.736ms
[259.703s][info][gc] GC(17700) Pause Full (Allocation Failure) 15M->10M(15M) 44.766ms
[259.745s][info][gc] GC(17701) Pause Full (Allocation Failure) 15M->10M(15M) 34.949ms
[259.788s][info][gc] GC(17702) Pause Full (Allocation Failure) 15M->10M(15M) 36.096ms
[259.829s][info][gc] GC(17703) Pause Full (Allocation Failure) 15M->10M(15M) 33.919ms
[259.871s][info][gc] GC(17704) Pause Full (Allocation Failure) 15M->10M(15M) 35.432ms
[259.917s][info][gc] GC(17705) Pause Full (Allocation Failure) 15M->10M(15M) 37.915ms
[259.963s][info][gc] GC(17706) Pause Full (Allocation Failure) 15M->10M(15M) 37.700ms
[260.010s][info][gc] GC(17707) Pause Full (Allocation Failure) 15M->10M(15M) 36.727ms
[260.053s][info][gc] GC(17708) Pause Full (Allocation Failure) 15M->10M(15M) 35.212ms
[260.102s][info][gc] GC(17709) Pause Full (Allocation Failure) 15M->10M(15M) 42.121ms
[260.149s][info][gc] GC(17710) Pause Full (Allocation Failure) 15M->10M(15M) 38.625ms
[260.193s][info][gc] GC(17711) Pause Full (Allocation Failure) 15M->10M(15M) 36.618ms
[260.246s][info][gc] GC(17712) Pause Full (Allocation Failure) 15M->10M(15M) 41.581ms
[260.293s][info][gc] GC(17713) Pause Full (Allocation Failure) 15M->10M(15M) 39.360ms
[260.339s][info][gc] GC(17714) Pause Full (Allocation Failure) 15M->10M(15M) 38.838ms
[260.382s][info][gc] GC(17715) Pause Full (Allocation Failure) 15M->10M(15M) 33.841ms
[260.422s][info][gc] GC(17716) Pause Full (Allocation Failure) 15M->10M(15M) 33.117ms
[260.463s][info][gc] GC(17717) Pause Full (Allocation Failure) 15M->10M(15M) 33.293ms
[260.504s][info][gc] GC(17718) Pause Full (Allocation Failure) 15M->10M(15M) 34.334ms
[260.549s][info][gc] GC(17719) Pause Full (Allocation Failure) 15M->10M(15M) 37.064ms
[260.592s][info][gc] GC(17720) Pause Full (Allocation Failure) 15M->10M(15M) 36.276ms
[260.636s][info][gc] GC(17721) Pause Full (Allocation Failure) 15M->10M(15M) 36.580ms
[260.681s][info][gc] GC(17722) Pause Full (Allocation Failure) 15M->10M(15M) 36.112ms
[260.726s][info][gc] GC(17723) Pause Full (Allocation Failure) 15M->10M(15M) 35.936ms
[260.769s][info][gc] GC(17724) Pause Full (Allocation Failure) 15M->10M(15M) 35.475ms
[260.813s][info][gc] GC(17725) Pause Full (Allocation Failure) 15M->10M(15M) 36.228ms
[260.856s][info][gc] GC(17726) Pause Full (Allocation Failure) 15M->10M(15M) 36.228ms
[260.901s][info][gc] GC(17727) Pause Full (Allocation Failure) 15M->10M(15M) 36.174ms
[260.946s][info][gc] GC(17728) Pause Full (Allocation Failure) 15M->10M(15M) 36.550ms
[260.993s][info][gc] GC(17729) Pause Full (Allocation Failure) 15M->10M(15M) 36.693ms
[261.036s][info][gc] GC(17730) Pause Full (Allocation Failure) 15M->10M(15M) 35.985ms
[261.083s][info][gc] GC(17731) Pause Full (Allocation Failure) 15M->10M(15M) 39.841ms
[261.128s][info][gc] GC(17732) Pause Full (Allocation Failure) 15M->10M(15M) 37.127ms
[261.172s][info][gc] GC(17733) Pause Full (Allocation Failure) 15M->10M(15M) 34.976ms
[261.217s][info][gc] GC(17734) Pause Full (Allocation Failure) 15M->10M(15M) 37.486ms
[261.257s][info][gc] GC(17735) Pause Full (Allocation Failure) 15M->10M(15M) 33.502ms
[261.301s][info][gc] GC(17736) Pause Full (Allocation Failure) 15M->10M(15M) 35.306ms
[261.343s][info][gc] GC(17737) Pause Full (Allocation Failure) 15M->10M(15M) 35.259ms
[261.384s][info][gc] GC(17738) Pause Full (Allocation Failure) 15M->10M(15M) 32.748ms
[261.428s][info][gc] GC(17739) Pause Full (Allocation Failure) 15M->10M(15M) 34.451ms
[261.469s][info][gc] GC(17740) Pause Full (Allocation Failure) 15M->10M(15M) 34.250ms
[261.513s][info][gc] GC(17741) Pause Full (Allocation Failure) 15M->10M(15M) 35.484ms
[261.556s][info][gc] GC(17742) Pause Full (Allocation Failure) 15M->10M(15M) 36.637ms
[261.606s][info][gc] GC(17743) Pause Full (Allocation Failure) 15M->10M(15M) 35.125ms
[261.651s][info][gc] GC(17744) Pause Full (Allocation Failure) 15M->10M(15M) 37.489ms
[261.701s][info][gc] GC(17745) Pause Full (Allocation Failure) 15M->10M(15M) 42.348ms
[261.748s][info][gc] GC(17746) Pause Full (Allocation Failure) 15M->10M(15M) 35.295ms
[261.790s][info][gc] GC(17747) Pause Full (Allocation Failure) 15M->10M(15M) 33.718ms
[261.831s][info][gc] GC(17748) Pause Full (Allocation Failure) 15M->10M(15M) 33.680ms
[261.873s][info][gc] GC(17749) Pause Full (Allocation Failure) 15M->10M(15M) 34.517ms
[261.918s][info][gc] GC(17750) Pause Full (Allocation Failure) 15M->10M(15M) 37.466ms
[261.964s][info][gc] GC(17751) Pause Full (Allocation Failure) 15M->10M(15M) 36.275ms
[262.009s][info][gc] GC(17752) Pause Full (Allocation Failure) 15M->10M(15M) 36.102ms
[262.050s][info][gc] GC(17753) Pause Full (Allocation Failure) 15M->10M(15M) 33.681ms
[262.113s][info][gc] GC(17754) Pause Full (Allocation Failure) 15M->10M(15M) 56.206ms
[262.175s][info][gc] GC(17755) Pause Full (Allocation Failure) 15M->10M(15M) 48.527ms
[262.231s][info][gc] GC(17756) Pause Full (Allocation Failure) 15M->10M(15M) 44.608ms
[262.281s][info][gc] GC(17757) Pause Full (Allocation Failure) 15M->10M(15M) 37.818ms
[262.335s][info][gc] GC(17758) Pause Full (Allocation Failure) 15M->10M(15M) 45.926ms
[262.385s][info][gc] GC(17759) Pause Full (Allocation Failure) 15M->10M(15M) 36.651ms
[262.430s][info][gc] GC(17760) Pause Full (Allocation Failure) 15M->10M(15M) 36.737ms
[262.484s][info][gc] GC(17761) Pause Full (Allocation Failure) 15M->10M(15M) 42.444ms
[262.539s][info][gc] GC(17762) Pause Full (Allocation Failure) 15M->10M(15M) 44.583ms
[262.610s][info][gc] GC(17763) Pause Full (Allocation Failure) 15M->10M(15M) 55.701ms
[262.678s][info][gc] GC(17764) Pause Full (Allocation Failure) 15M->10M(15M) 54.378ms
[262.746s][info][gc] GC(17765) Pause Full (Allocation Failure) 15M->10M(15M) 54.665ms
[262.815s][info][gc] GC(17766) Pause Full (Allocation Failure) 15M->10M(15M) 54.091ms
[262.882s][info][gc] GC(17767) Pause Full (Allocation Failure) 15M->10M(15M) 52.938ms
[262.947s][info][gc] GC(17768) Pause Full (Allocation Failure) 15M->10M(15M) 52.800ms
[263.017s][info][gc] GC(17769) Pause Full (Allocation Failure) 15M->10M(15M) 56.518ms
[263.063s][info][gc] GC(17770) Pause Full (Allocation Failure) 15M->10M(15M) 35.901ms
[263.120s][info][gc] GC(17771) Pause Full (Allocation Failure) 15M->10M(15M) 49.600ms
[263.177s][info][gc] GC(17772) Pause Full (Allocation Failure) 15M->10M(15M) 44.173ms
[263.235s][info][gc] GC(17773) Pause Full (Allocation Failure) 15M->10M(15M) 49.295ms
[263.297s][info][gc] GC(17774) Pause Full (Allocation Failure) 15M->10M(15M) 48.568ms
[263.352s][info][gc] GC(17775) Pause Full (Allocation Failure) 15M->10M(15M) 47.407ms
[263.416s][info][gc] GC(17776) Pause Full (Allocation Failure) 15M->10M(15M) 50.682ms
[263.477s][info][gc] GC(17777) Pause Full (Allocation Failure) 15M->10M(15M) 51.517ms
[263.534s][info][gc] GC(17778) Pause Full (Allocation Failure) 15M->10M(15M) 45.942ms
[263.584s][info][gc] GC(17779) Pause Full (Allocation Failure) 15M->10M(15M) 40.832ms
[263.629s][info][gc] GC(17780) Pause Full (Allocation Failure) 15M->10M(15M) 36.622ms
[263.685s][info][gc] GC(17781) Pause Full (Allocation Failure) 15M->10M(15M) 46.823ms
[263.746s][info][gc] GC(17782) Pause Full (Allocation Failure) 15M->10M(15M) 48.351ms
[263.808s][info][gc] GC(17783) Pause Full (Allocation Failure) 15M->10M(15M) 51.842ms
[263.879s][info][gc] GC(17784) Pause Full (Allocation Failure) 15M->10M(15M) 58.526ms
[263.943s][info][gc] GC(17785) Pause Full (Allocation Failure) 15M->10M(15M) 48.179ms
[264.014s][info][gc] GC(17786) Pause Full (Allocation Failure) 15M->10M(15M) 56.585ms
[264.079s][info][gc] GC(17787) Pause Full (Allocation Failure) 15M->10M(15M) 47.355ms
[264.138s][info][gc] GC(17788) Pause Full (Allocation Failure) 15M->10M(15M) 45.255ms
[264.195s][info][gc] GC(17789) Pause Full (Allocation Failure) 15M->10M(15M) 45.317ms
[264.249s][info][gc] GC(17790) Pause Full (Allocation Failure) 15M->10M(15M) 42.692ms
[264.304s][info][gc] GC(17791) Pause Full (Allocation Failure) 15M->10M(15M) 43.488ms
[264.360s][info][gc] GC(17792) Pause Full (Allocation Failure) 15M->10M(15M) 46.598ms
[264.415s][info][gc] GC(17793) Pause Full (Allocation Failure) 15M->10M(15M) 41.386ms
[264.463s][info][gc] GC(17794) Pause Full (Allocation Failure) 15M->10M(15M) 36.800ms
[264.523s][info][gc] GC(17795) Pause Full (Allocation Failure) 15M->10M(15M) 47.905ms
[264.581s][info][gc] GC(17796) Pause Full (Allocation Failure) 15M->10M(15M) 44.597ms
[264.637s][info][gc] GC(17797) Pause Full (Allocation Failure) 15M->10M(15M) 47.958ms
[264.697s][info][gc] GC(17798) Pause Full (Allocation Failure) 15M->10M(15M) 47.426ms
[264.770s][info][gc] GC(17799) Pause Full (Allocation Failure) 15M->10M(15M) 53.573ms
[264.837s][info][gc] GC(17800) Pause Full (Allocation Failure) 15M->10M(15M) 52.776ms
[264.905s][info][gc] GC(17801) Pause Full (Allocation Failure) 15M->10M(15M) 54.809ms
[264.972s][info][gc] GC(17802) Pause Full (Allocation Failure) 15M->10M(15M) 53.726ms
[265.045s][info][gc] GC(17803) Pause Full (Allocation Failure) 15M->10M(15M) 60.186ms
[265.113s][info][gc] GC(17804) Pause Full (Allocation Failure) 15M->10M(15M) 54.856ms
[265.181s][info][gc] GC(17805) Pause Full (Allocation Failure) 15M->10M(15M) 53.639ms
[265.249s][info][gc] GC(17806) Pause Full (Allocation Failure) 15M->10M(15M) 52.934ms
[265.317s][info][gc] GC(17807) Pause Full (Allocation Failure) 15M->10M(15M) 55.076ms
[265.386s][info][gc] GC(17808) Pause Full (Allocation Failure) 15M->10M(15M) 53.939ms
[265.451s][info][gc] GC(17809) Pause Full (Allocation Failure) 15M->10M(15M) 53.407ms
[265.520s][info][gc] GC(17810) Pause Full (Allocation Failure) 15M->10M(15M) 54.815ms
[265.583s][info][gc] GC(17811) Pause Full (Allocation Failure) 15M->10M(15M) 48.170ms
[265.634s][info][gc] GC(17812) Pause Full (Allocation Failure) 15M->10M(15M) 42.637ms
[265.706s][info][gc] GC(17813) Pause Full (Allocation Failure) 15M->10M(15M) 55.417ms
[265.775s][info][gc] GC(17814) Pause Full (Allocation Failure) 15M->10M(15M) 52.778ms
[265.848s][info][gc] GC(17815) Pause Full (Allocation Failure) 15M->10M(15M) 64.275ms
[265.926s][info][gc] GC(17816) Pause Full (Allocation Failure) 15M->10M(15M) 64.163ms
[265.989s][info][gc] GC(17817) Pause Full (Allocation Failure) 15M->10M(15M) 46.130ms
[266.046s][info][gc] GC(17818) Pause Full (Allocation Failure) 15M->10M(15M) 47.468ms
[266.113s][info][gc] GC(17819) Pause Full (Allocation Failure) 15M->10M(15M) 54.148ms
[266.174s][info][gc] GC(17820) Pause Full (Allocation Failure) 15M->10M(15M) 49.797ms
[266.233s][info][gc] GC(17821) Pause Full (Allocation Failure) 15M->10M(15M) 48.358ms
[266.297s][info][gc] GC(17822) Pause Full (Allocation Failure) 15M->10M(15M) 49.759ms
[266.352s][info][gc] GC(17823) Pause Full (Allocation Failure) 15M->10M(15M) 46.069ms
[266.422s][info][gc] GC(17824) Pause Full (Allocation Failure) 15M->10M(15M) 56.306ms
[266.484s][info][gc] GC(17825) Pause Full (Allocation Failure) 15M->10M(15M) 48.642ms
[266.543s][info][gc] GC(17826) Pause Full (Allocation Failure) 15M->10M(15M) 46.554ms
[266.597s][info][gc] GC(17827) Pause Full (Allocation Failure) 15M->10M(15M) 42.964ms
[266.658s][info][gc] GC(17828) Pause Full (Allocation Failure) 15M->10M(15M) 48.425ms
[266.723s][info][gc] GC(17829) Pause Full (Allocation Failure) 15M->10M(15M) 52.177ms
[266.797s][info][gc] GC(17830) Pause Full (Allocation Failure) 15M->10M(15M) 58.409ms
[266.864s][info][gc] GC(17831) Pause Full (Allocation Failure) 15M->10M(15M) 54.361ms
[266.931s][info][gc] GC(17832) Pause Full (Allocation Failure) 15M->10M(15M) 52.212ms
[266.997s][info][gc] GC(17833) Pause Full (Allocation Failure) 15M->10M(15M) 53.216ms
[267.057s][info][gc] GC(17834) Pause Full (Allocation Failure) 15M->10M(15M) 45.554ms
[267.122s][info][gc] GC(17835) Pause Full (Allocation Failure) 15M->10M(15M) 51.008ms
[267.187s][info][gc] GC(17836) Pause Full (Allocation Failure) 15M->10M(15M) 50.470ms
[267.253s][info][gc] GC(17837) Pause Full (Allocation Failure) 15M->10M(15M) 52.016ms
[267.315s][info][gc] GC(17838) Pause Full (Allocation Failure) 15M->10M(15M) 50.635ms
[267.375s][info][gc] GC(17839) Pause Full (Allocation Failure) 15M->10M(15M) 51.164ms
[267.441s][info][gc] GC(17840) Pause Full (Allocation Failure) 15M->10M(15M) 52.781ms
[267.514s][info][gc] GC(17841) Pause Full (Allocation Failure) 15M->10M(15M) 59.102ms
[267.583s][info][gc] GC(17842) Pause Full (Allocation Failure) 15M->10M(15M) 54.417ms
[267.645s][info][gc] GC(17843) Pause Full (Allocation Failure) 15M->10M(15M) 51.744ms
[267.717s][info][gc] GC(17844) Pause Full (Allocation Failure) 15M->10M(15M) 57.730ms
[267.775s][info][gc] GC(17845) Pause Full (Allocation Failure) 15M->10M(15M) 45.242ms
[267.824s][info][gc] GC(17846) Pause Full (Allocation Failure) 15M->10M(15M) 41.042ms
[267.886s][info][gc] GC(17847) Pause Full (Allocation Failure) 15M->10M(15M) 50.488ms
[267.944s][info][gc] GC(17848) Pause Full (Allocation Failure) 15M->10M(15M) 50.966ms
[268.012s][info][gc] GC(17849) Pause Full (Allocation Failure) 15M->10M(15M) 54.130ms
[268.080s][info][gc] GC(17850) Pause Full (Allocation Failure) 15M->10M(15M) 55.485ms
[268.133s][info][gc] GC(17851) Pause Full (Allocation Failure) 15M->10M(15M) 42.930ms
[268.190s][info][gc] GC(17852) Pause Full (Allocation Failure) 15M->10M(15M) 46.449ms
[268.252s][info][gc] GC(17853) Pause Full (Allocation Failure) 15M->10M(15M) 48.559ms
[268.310s][info][gc] GC(17854) Pause Full (Allocation Failure) 15M->10M(15M) 48.322ms
[268.377s][info][gc] GC(17855) Pause Full (Allocation Failure) 15M->10M(15M) 51.310ms
[268.440s][info][gc] GC(17856) Pause Full (Allocation Failure) 15M->10M(15M) 51.516ms
[268.509s][info][gc] GC(17857) Pause Full (Allocation Failure) 15M->10M(15M) 54.333ms
[268.572s][info][gc] GC(17858) Pause Full (Allocation Failure) 15M->10M(15M) 49.850ms
[268.627s][info][gc] GC(17859) Pause Full (Allocation Failure) 15M->10M(15M) 42.358ms
[268.683s][info][gc] GC(17860) Pause Full (Allocation Failure) 15M->10M(15M) 45.491ms
[268.740s][info][gc] GC(17861) Pause Full (Allocation Failure) 15M->10M(15M) 42.702ms
[268.800s][info][gc] GC(17862) Pause Full (Allocation Failure) 15M->10M(15M) 51.514ms
[268.869s][info][gc] GC(17863) Pause Full (Allocation Failure) 15M->10M(15M) 55.361ms
[268.937s][info][gc] GC(17864) Pause Full (Allocation Failure) 15M->10M(15M) 54.731ms
[269.004s][info][gc] GC(17865) Pause Full (Allocation Failure) 15M->10M(15M) 52.687ms
[269.050s][info][gc] GC(17866) Pause Full (Allocation Failure) 15M->10M(15M) 36.499ms
[269.102s][info][gc] GC(17867) Pause Full (Allocation Failure) 15M->10M(15M) 42.229ms
[269.151s][info][gc] GC(17868) Pause Full (Allocation Failure) 15M->10M(15M) 38.948ms
[269.195s][info][gc] GC(17869) Pause Full (Allocation Failure) 15M->10M(15M) 37.584ms
[269.241s][info][gc] GC(17870) Pause Full (Allocation Failure) 15M->10M(15M) 36.152ms
[269.287s][info][gc] GC(17871) Pause Full (Allocation Failure) 15M->10M(15M) 37.988ms
[269.336s][info][gc] GC(17872) Pause Full (Allocation Failure) 15M->10M(15M) 39.361ms
[269.382s][info][gc] GC(17873) Pause Full (Allocation Failure) 15M->10M(15M) 38.632ms
[269.429s][info][gc] GC(17874) Pause Full (Allocation Failure) 15M->10M(15M) 38.023ms
[269.470s][info][gc] GC(17875) Pause Full (Allocation Failure) 15M->10M(15M) 34.627ms
[269.513s][info][gc] GC(17876) Pause Full (Allocation Failure) 15M->10M(15M) 36.410ms
[269.558s][info][gc] GC(17877) Pause Full (Allocation Failure) 15M->10M(15M) 36.358ms
[269.601s][info][gc] GC(17878) Pause Full (Allocation Failure) 15M->10M(15M) 35.855ms
[269.647s][info][gc] GC(17879) Pause Full (Allocation Failure) 15M->10M(15M) 37.935ms
[269.703s][info][gc] GC(17880) Pause Full (Allocation Failure) 15M->10M(15M) 47.197ms
[269.766s][info][gc] GC(17881) Pause Full (Allocation Failure) 15M->10M(15M) 52.814ms
[269.848s][info][gc] GC(17882) Pause Full (Allocation Failure) 15M->10M(15M) 70.221ms
[269.922s][info][gc] GC(17883) Pause Full (Allocation Failure) 15M->10M(15M) 57.742ms
[269.991s][info][gc] GC(17884) Pause Full (Allocation Failure) 15M->10M(15M) 55.674ms
[270.058s][info][gc] GC(17885) Pause Full (Allocation Failure) 15M->10M(15M) 54.449ms
[270.134s][info][gc] GC(17886) Pause Full (Allocation Failure) 15M->10M(15M) 59.467ms
[270.207s][info][gc] GC(17887) Pause Full (Allocation Failure) 15M->10M(15M) 59.066ms
[270.274s][info][gc] GC(17888) Pause Full (Allocation Failure) 15M->10M(15M) 52.644ms
[270.345s][info][gc] GC(17889) Pause Full (Allocation Failure) 15M->10M(15M) 57.811ms
[270.417s][info][gc] GC(17890) Pause Full (Allocation Failure) 15M->10M(15M) 56.156ms
[270.488s][info][gc] GC(17891) Pause Full (Allocation Failure) 15M->10M(15M) 57.189ms
[270.560s][info][gc] GC(17892) Pause Full (Allocation Failure) 15M->10M(15M) 58.197ms
[270.630s][info][gc] GC(17893) Pause Full (Allocation Failure) 15M->10M(15M) 56.076ms
[270.713s][info][gc] GC(17894) Pause Full (Allocation Failure) 15M->10M(15M) 66.572ms
[270.785s][info][gc] GC(17895) Pause Full (Allocation Failure) 15M->10M(15M) 56.370ms
[270.847s][info][gc] GC(17896) Pause Full (Allocation Failure) 14M->10M(15M) 53.867ms
[270.913s][info][gc] GC(17897) Pause Full (Allocation Failure) 15M->11M(15M) 51.659ms
[270.933s][info][gc] GC(17898) Pause Young (Allocation Failure) 14M->14M(15M) 14.059ms
[270.980s][info][gc] GC(17899) Pause Full (Allocation Failure) 14M->11M(15M) 46.914ms
[270.999s][info][gc] GC(17900) Pause Young (Allocation Failure) 14M->14M(15M) 13.379ms
[271.057s][info][gc] GC(17901) Pause Full (Allocation Failure) 14M->11M(15M) 57.791ms
[271.075s][info][gc] GC(17902) Pause Young (Allocation Failure) 14M->14M(15M) 12.559ms
[271.130s][info][gc] GC(17903) Pause Full (Allocation Failure) 14M->11M(15M) 54.766ms
[271.149s][info][gc] GC(17904) Pause Young (Allocation Failure) 14M->14M(15M) 14.890ms
[271.206s][info][gc] GC(17905) Pause Full (Allocation Failure) 14M->11M(15M) 56.336ms
[271.224s][info][gc] GC(17906) Pause Young (Allocation Failure) 14M->14M(15M) 12.589ms
[271.278s][info][gc] GC(17907) Pause Full (Allocation Failure) 14M->11M(15M) 53.808ms
[271.295s][info][gc] GC(17908) Pause Young (Allocation Failure) 14M->14M(15M) 12.104ms
[271.365s][info][gc] GC(17909) Pause Full (Allocation Failure) 14M->11M(15M) 69.808ms
[271.390s][info][gc] GC(17910) Pause Young (Allocation Failure) 14M->14M(15M) 18.972ms
[271.442s][info][gc] GC(17911) Pause Full (Allocation Failure) 14M->11M(15M) 51.995ms
[271.461s][info][gc] GC(17912) Pause Young (Allocation Failure) 14M->14M(15M) 13.656ms
[271.512s][info][gc] GC(17913) Pause Full (Allocation Failure) 14M->11M(15M) 50.715ms
[271.531s][info][gc] GC(17914) Pause Young (Allocation Failure) 14M->14M(15M) 13.441ms
[271.586s][info][gc] GC(17915) Pause Full (Allocation Failure) 14M->11M(15M) 54.685ms
[271.606s][info][gc] GC(17916) Pause Young (Allocation Failure) 14M->14M(15M) 14.212ms
[271.660s][info][gc] GC(17917) Pause Full (Allocation Failure) 14M->11M(15M) 54.516ms
[271.679s][info][gc] GC(17918) Pause Young (Allocation Failure) 14M->14M(15M) 13.401ms
[271.733s][info][gc] GC(17919) Pause Full (Allocation Failure) 14M->11M(15M) 53.633ms
[271.752s][info][gc] GC(17920) Pause Young (Allocation Failure) 14M->14M(15M) 13.731ms
[271.807s][info][gc] GC(17921) Pause Full (Allocation Failure) 14M->11M(15M) 54.484ms
[271.822s][info][gc] GC(17922) Pause Young (Allocation Failure) 14M->14M(15M) 9.039ms
[271.867s][info][gc] GC(17923) Pause Full (Allocation Failure) 14M->11M(15M) 45.042ms
[271.883s][info][gc] GC(17924) Pause Young (Allocation Failure) 14M->14M(15M) 10.268ms
[271.927s][info][gc] GC(17925) Pause Full (Allocation Failure) 14M->11M(15M) 43.983ms
[271.944s][info][gc] GC(17926) Pause Young (Allocation Failure) 14M->14M(15M) 11.143ms
[271.989s][info][gc] GC(17927) Pause Full (Allocation Failure) 14M->11M(15M) 44.736ms
[272.005s][info][gc] GC(17928) Pause Young (Allocation Failure) 14M->14M(15M) 11.144ms
[272.052s][info][gc] GC(17929) Pause Full (Allocation Failure) 14M->11M(15M) 46.985ms
[272.068s][info][gc] GC(17930) Pause Young (Allocation Failure) 14M->14M(15M) 11.997ms
[272.122s][info][gc] GC(17931) Pause Full (Allocation Failure) 14M->11M(15M) 53.828ms
[272.137s][info][gc] GC(17932) Pause Young (Allocation Failure) 14M->14M(15M) 9.700ms
[272.188s][info][gc] GC(17933) Pause Full (Allocation Failure) 14M->11M(15M) 50.310ms
[272.204s][info][gc] GC(17934) Pause Young (Allocation Failure) 14M->14M(15M) 11.960ms
[272.251s][info][gc] GC(17935) Pause Full (Allocation Failure) 14M->11M(15M) 46.374ms
[272.269s][info][gc] GC(17936) Pause Young (Allocation Failure) 14M->14M(15M) 13.108ms
[272.318s][info][gc] GC(17937) Pause Full (Allocation Failure) 14M->11M(15M) 48.508ms
[272.334s][info][gc] GC(17938) Pause Young (Allocation Failure) 14M->14M(15M) 12.904ms
[272.406s][info][gc] GC(17939) Pause Full (Allocation Failure) 14M->11M(15M) 71.650ms
[272.420s][info][gc] GC(17940) Pause Young (Allocation Failure) 14M->14M(15M) 9.572ms
[272.456s][info][gc] GC(17941) Pause Full (Allocation Failure) 14M->11M(15M) 35.472ms
[272.470s][info][gc] GC(17942) Pause Young (Allocation Failure) 14M->14M(15M) 9.438ms
[272.505s][info][gc] GC(17943) Pause Full (Allocation Failure) 14M->11M(15M) 34.699ms
[272.517s][info][gc] GC(17944) Pause Young (Allocation Failure) 14M->14M(15M) 8.709ms
[272.551s][info][gc] GC(17945) Pause Full (Allocation Failure) 14M->11M(15M) 34.155ms
[272.564s][info][gc] GC(17946) Pause Young (Allocation Failure) 14M->14M(15M) 9.727ms
[272.600s][info][gc] GC(17947) Pause Full (Allocation Failure) 14M->11M(15M) 35.792ms
[272.613s][info][gc] GC(17948) Pause Young (Allocation Failure) 14M->14M(15M) 9.542ms
[272.648s][info][gc] GC(17949) Pause Full (Allocation Failure) 14M->11M(15M) 34.196ms
[272.660s][info][gc] GC(17950) Pause Young (Allocation Failure) 14M->14M(15M) 9.177ms
[272.704s][info][gc] GC(17951) Pause Full (Allocation Failure) 14M->11M(15M) 43.997ms
[272.722s][info][gc] GC(17952) Pause Young (Allocation Failure) 14M->14M(15M) 12.829ms
[272.760s][info][gc] GC(17953) Pause Full (Allocation Failure) 14M->11M(15M) 37.825ms
[272.773s][info][gc] GC(17954) Pause Young (Allocation Failure) 14M->14M(15M) 8.812ms
[272.807s][info][gc] GC(17955) Pause Full (Allocation Failure) 14M->11M(15M) 34.816ms
[272.820s][info][gc] GC(17956) Pause Young (Allocation Failure) 14M->14M(15M) 8.922ms
[272.853s][info][gc] GC(17957) Pause Full (Allocation Failure) 14M->11M(15M) 33.081ms
[272.864s][info][gc] GC(17958) Pause Young (Allocation Failure) 14M->14M(15M) 8.197ms
[272.903s][info][gc] GC(17959) Pause Full (Allocation Failure) 14M->11M(15M) 37.944ms
[272.918s][info][gc] GC(17960) Pause Young (Allocation Failure) 14M->14M(15M) 10.346ms
[272.956s][info][gc] GC(17961) Pause Full (Allocation Failure) 14M->11M(15M) 38.484ms
[272.968s][info][gc] GC(17962) Pause Young (Allocation Failure) 14M->14M(15M) 7.991ms
[273.000s][info][gc] GC(17963) Pause Full (Allocation Failure) 14M->11M(15M) 32.070ms
[273.014s][info][gc] GC(17964) Pause Young (Allocation Failure) 14M->14M(15M) 10.104ms
[273.047s][info][gc] GC(17965) Pause Full (Allocation Failure) 14M->11M(15M) 32.687ms
[273.058s][info][gc] GC(17966) Pause Young (Allocation Failure) 14M->14M(15M) 7.703ms
[273.097s][info][gc] GC(17967) Pause Full (Allocation Failure) 14M->11M(15M) 39.051ms
[273.109s][info][gc] GC(17968) Pause Young (Allocation Failure) 14M->14M(15M) 8.569ms
[273.146s][info][gc] GC(17969) Pause Full (Allocation Failure) 14M->11M(15M) 36.958ms
[273.159s][info][gc] GC(17970) Pause Young (Allocation Failure) 14M->14M(15M) 9.196ms
[273.197s][info][gc] GC(17971) Pause Full (Allocation Failure) 14M->11M(15M) 37.629ms
[273.213s][info][gc] GC(17972) Pause Young (Allocation Failure) 14M->14M(15M) 12.353ms
[273.250s][info][gc] GC(17973) Pause Full (Allocation Failure) 14M->11M(15M) 36.714ms
[273.262s][info][gc] GC(17974) Pause Young (Allocation Failure) 14M->14M(15M) 8.671ms
[273.296s][info][gc] GC(17975) Pause Full (Allocation Failure) 14M->11M(15M) 34.337ms
[273.309s][info][gc] GC(17976) Pause Young (Allocation Failure) 14M->14M(15M) 9.370ms
[273.343s][info][gc] GC(17977) Pause Full (Allocation Failure) 14M->11M(15M) 33.876ms
[273.356s][info][gc] GC(17978) Pause Young (Allocation Failure) 14M->14M(15M) 9.567ms
[273.390s][info][gc] GC(17979) Pause Full (Allocation Failure) 14M->11M(15M) 33.717ms
[273.403s][info][gc] GC(17980) Pause Young (Allocation Failure) 14M->14M(15M) 9.776ms
[273.437s][info][gc] GC(17981) Pause Full (Allocation Failure) 14M->11M(15M) 33.738ms
[273.449s][info][gc] GC(17982) Pause Young (Allocation Failure) 14M->14M(15M) 8.124ms
[273.481s][info][gc] GC(17983) Pause Full (Allocation Failure) 14M->11M(15M) 32.574ms
[273.494s][info][gc] GC(17984) Pause Young (Allocation Failure) 14M->14M(15M) 9.196ms
[273.530s][info][gc] GC(17985) Pause Full (Allocation Failure) 14M->11M(15M) 35.322ms
[273.541s][info][gc] GC(17986) Pause Young (Allocation Failure) 14M->14M(15M) 7.882ms
[273.574s][info][gc] GC(17987) Pause Full (Allocation Failure) 14M->11M(15M) 32.146ms
[273.586s][info][gc] GC(17988) Pause Young (Allocation Failure) 14M->14M(15M) 9.248ms
[273.621s][info][gc] GC(17989) Pause Full (Allocation Failure) 14M->11M(15M) 34.878ms
[273.634s][info][gc] GC(17990) Pause Young (Allocation Failure) 14M->14M(15M) 9.195ms
[273.668s][info][gc] GC(17991) Pause Full (Allocation Failure) 14M->11M(15M) 34.490ms
[273.690s][info][gc] GC(17992) Pause Young (Allocation Failure) 14M->14M(15M) 16.031ms
[273.728s][info][gc] GC(17993) Pause Full (Allocation Failure) 14M->11M(15M) 38.615ms
[273.741s][info][gc] GC(17994) Pause Young (Allocation Failure) 14M->14M(15M) 8.989ms
[273.775s][info][gc] GC(17995) Pause Full (Allocation Failure) 14M->11M(15M) 34.239ms
[273.787s][info][gc] GC(17996) Pause Young (Allocation Failure) 14M->14M(15M) 8.226ms
[273.819s][info][gc] GC(17997) Pause Full (Allocation Failure) 14M->11M(15M) 32.252ms
[273.832s][info][gc] GC(17998) Pause Young (Allocation Failure) 14M->14M(15M) 8.902ms
[273.867s][info][gc] GC(17999) Pause Full (Allocation Failure) 14M->11M(15M) 35.054ms
[273.878s][info][gc] GC(18000) Pause Young (Allocation Failure) 14M->14M(15M) 8.185ms
[273.911s][info][gc] GC(18001) Pause Full (Allocation Failure) 14M->11M(15M) 32.826ms
[273.924s][info][gc] GC(18002) Pause Young (Allocation Failure) 14M->14M(15M) 8.895ms
[273.963s][info][gc] GC(18003) Pause Full (Allocation Failure) 14M->11M(15M) 39.117ms
[273.977s][info][gc] GC(18004) Pause Young (Allocation Failure) 14M->14M(15M) 8.330ms
[274.010s][info][gc] GC(18005) Pause Full (Allocation Failure) 14M->11M(15M) 32.626ms
[274.021s][info][gc] GC(18006) Pause Young (Allocation Failure) 14M->14M(15M) 7.995ms
[274.053s][info][gc] GC(18007) Pause Full (Allocation Failure) 14M->11M(15M) 32.157ms
[274.065s][info][gc] GC(18008) Pause Young (Allocation Failure) 14M->14M(15M) 8.664ms
[274.109s][info][gc] GC(18009) Pause Full (Allocation Failure) 14M->11M(15M) 43.590ms
[274.120s][info][gc] GC(18010) Pause Young (Allocation Failure) 14M->14M(15M) 7.860ms
[274.158s][info][gc] GC(18011) Pause Full (Allocation Failure) 14M->11M(15M) 37.533ms
[274.169s][info][gc] GC(18012) Pause Young (Allocation Failure) 14M->14M(15M) 8.282ms
[274.207s][info][gc] GC(18013) Pause Full (Allocation Failure) 14M->11M(15M) 37.729ms
[274.221s][info][gc] GC(18014) Pause Young (Allocation Failure) 14M->14M(15M) 9.088ms
[274.258s][info][gc] GC(18015) Pause Full (Allocation Failure) 14M->11M(15M) 36.407ms
[274.271s][info][gc] GC(18016) Pause Young (Allocation Failure) 14M->14M(15M) 10.353ms
[274.305s][info][gc] GC(18017) Pause Full (Allocation Failure) 14M->11M(15M) 33.943ms
[274.318s][info][gc] GC(18018) Pause Young (Allocation Failure) 14M->14M(15M) 9.026ms
[274.353s][info][gc] GC(18019) Pause Full (Allocation Failure) 14M->11M(15M) 34.765ms
[274.365s][info][gc] GC(18020) Pause Young (Allocation Failure) 14M->14M(15M) 8.212ms
[274.397s][info][gc] GC(18021) Pause Full (Allocation Failure) 14M->11M(15M) 32.326ms
[274.410s][info][gc] GC(18022) Pause Young (Allocation Failure) 14M->14M(15M) 9.043ms
[274.445s][info][gc] GC(18023) Pause Full (Allocation Failure) 14M->11M(15M) 35.776ms
[274.457s][info][gc] GC(18024) Pause Young (Allocation Failure) 14M->14M(15M) 8.612ms
[274.490s][info][gc] GC(18025) Pause Full (Allocation Failure) 14M->11M(15M) 32.810ms
[274.503s][info][gc] GC(18026) Pause Young (Allocation Failure) 14M->14M(15M) 8.905ms
[274.536s][info][gc] GC(18027) Pause Full (Allocation Failure) 14M->11M(15M) 33.273ms
[274.548s][info][gc] GC(18028) Pause Young (Allocation Failure) 14M->14M(15M) 9.073ms
[274.584s][info][gc] GC(18029) Pause Full (Allocation Failure) 14M->11M(15M) 35.237ms
[274.596s][info][gc] GC(18030) Pause Young (Allocation Failure) 14M->14M(15M) 8.586ms
[274.641s][info][gc] GC(18031) Pause Full (Allocation Failure) 14M->11M(15M) 45.108ms
[274.654s][info][gc] GC(18032) Pause Young (Allocation Failure) 14M->14M(15M) 9.083ms
[274.705s][info][gc] GC(18033) Pause Full (Allocation Failure) 14M->11M(15M) 50.200ms
[274.721s][info][gc] GC(18034) Pause Young (Allocation Failure) 14M->14M(15M) 10.972ms
[274.765s][info][gc] GC(18035) Pause Full (Allocation Failure) 14M->11M(15M) 43.474ms
[274.781s][info][gc] GC(18036) Pause Young (Allocation Failure) 14M->14M(15M) 11.695ms
[274.830s][info][gc] GC(18037) Pause Full (Allocation Failure) 14M->11M(15M) 48.577ms
[274.844s][info][gc] GC(18038) Pause Young (Allocation Failure) 14M->14M(15M) 9.711ms
[274.892s][info][gc] GC(18039) Pause Full (Allocation Failure) 14M->11M(15M) 48.330ms
[274.911s][info][gc] GC(18040) Pause Young (Allocation Failure) 14M->14M(15M) 13.177ms
[274.957s][info][gc] GC(18041) Pause Full (Allocation Failure) 14M->11M(15M) 46.132ms
[274.983s][info][gc] GC(18042) Pause Young (Allocation Failure) 14M->14M(15M) 13.344ms
[275.033s][info][gc] GC(18043) Pause Full (Allocation Failure) 14M->11M(15M) 49.892ms
[275.051s][info][gc] GC(18044) Pause Young (Allocation Failure) 14M->14M(15M) 11.730ms
[275.097s][info][gc] GC(18045) Pause Full (Allocation Failure) 14M->11M(15M) 45.811ms
[275.113s][info][gc] GC(18046) Pause Young (Allocation Failure) 14M->14M(15M) 11.260ms
[275.158s][info][gc] GC(18047) Pause Full (Allocation Failure) 14M->11M(15M) 45.604ms
[275.174s][info][gc] GC(18048) Pause Young (Allocation Failure) 14M->14M(15M) 11.520ms
[275.215s][info][gc] GC(18049) Pause Full (Allocation Failure) 14M->11M(15M) 41.275ms
[275.233s][info][gc] GC(18050) Pause Young (Allocation Failure) 14M->14M(15M) 12.315ms
[275.284s][info][gc] GC(18051) Pause Full (Allocation Failure) 14M->11M(15M) 50.288ms
[275.299s][info][gc] GC(18052) Pause Young (Allocation Failure) 14M->14M(15M) 11.339ms
[275.341s][info][gc] GC(18053) Pause Full (Allocation Failure) 14M->11M(15M) 42.295ms
[275.355s][info][gc] GC(18054) Pause Young (Allocation Failure) 14M->14M(15M) 9.637ms
[275.396s][info][gc] GC(18055) Pause Full (Allocation Failure) 14M->11M(15M) 41.052ms
[275.411s][info][gc] GC(18056) Pause Young (Allocation Failure) 14M->14M(15M) 9.167ms
[275.446s][info][gc] GC(18057) Pause Full (Allocation Failure) 14M->11M(15M) 35.348ms
[275.458s][info][gc] GC(18058) Pause Young (Allocation Failure) 14M->14M(15M) 8.783ms
[275.494s][info][gc] GC(18059) Pause Full (Allocation Failure) 14M->11M(15M) 35.309ms
[275.505s][info][gc] GC(18060) Pause Young (Allocation Failure) 14M->14M(15M) 8.484ms
[275.540s][info][gc] GC(18061) Pause Full (Allocation Failure) 14M->11M(15M) 34.513ms
[275.553s][info][gc] GC(18062) Pause Young (Allocation Failure) 14M->14M(15M) 8.383ms
[275.588s][info][gc] GC(18063) Pause Full (Allocation Failure) 14M->11M(15M) 34.329ms
[275.599s][info][gc] GC(18064) Pause Young (Allocation Failure) 14M->14M(15M) 7.687ms
[275.633s][info][gc] GC(18065) Pause Full (Allocation Failure) 14M->11M(15M) 34.260ms
[275.646s][info][gc] GC(18066) Pause Young (Allocation Failure) 14M->14M(15M) 9.608ms
[275.685s][info][gc] GC(18067) Pause Full (Allocation Failure) 14M->11M(15M) 38.017ms
[275.698s][info][gc] GC(18068) Pause Young (Allocation Failure) 14M->14M(15M) 10.182ms
[275.733s][info][gc] GC(18069) Pause Full (Allocation Failure) 14M->11M(15M) 34.541ms
[275.745s][info][gc] GC(18070) Pause Young (Allocation Failure) 14M->14M(15M) 9.158ms
[275.781s][info][gc] GC(18071) Pause Full (Allocation Failure) 14M->11M(15M) 35.620ms
[275.793s][info][gc] GC(18072) Pause Young (Allocation Failure) 14M->14M(15M) 8.811ms
[275.825s][info][gc] GC(18073) Pause Full (Allocation Failure) 14M->11M(15M) 31.719ms
[275.837s][info][gc] GC(18074) Pause Young (Allocation Failure) 14M->14M(15M) 7.935ms
[275.871s][info][gc] GC(18075) Pause Full (Allocation Failure) 14M->11M(15M) 33.969ms
[275.882s][info][gc] GC(18076) Pause Young (Allocation Failure) 14M->14M(15M) 8.325ms
[275.915s][info][gc] GC(18077) Pause Full (Allocation Failure) 14M->11M(15M) 32.802ms
[275.929s][info][gc] GC(18078) Pause Young (Allocation Failure) 14M->14M(15M) 9.468ms
[275.966s][info][gc] GC(18079) Pause Full (Allocation Failure) 14M->11M(15M) 36.275ms
[275.979s][info][gc] GC(18080) Pause Young (Allocation Failure) 14M->14M(15M) 8.056ms
[276.016s][info][gc] GC(18081) Pause Full (Allocation Failure) 14M->11M(15M) 36.786ms
[276.029s][info][gc] GC(18082) Pause Young (Allocation Failure) 14M->14M(15M) 9.601ms
[276.063s][info][gc] GC(18083) Pause Full (Allocation Failure) 14M->11M(15M) 34.285ms
[276.081s][info][gc] GC(18084) Pause Young (Allocation Failure) 14M->14M(15M) 13.328ms
[276.117s][info][gc] GC(18085) Pause Full (Allocation Failure) 14M->11M(15M) 35.259ms
[276.133s][info][gc] GC(18086) Pause Young (Allocation Failure) 14M->14M(15M) 11.974ms
[276.169s][info][gc] GC(18087) Pause Full (Allocation Failure) 14M->11M(15M) 35.936ms
[276.186s][info][gc] GC(18088) Pause Young (Allocation Failure) 14M->14M(15M) 10.015ms
[276.227s][info][gc] GC(18089) Pause Full (Allocation Failure) 14M->11M(15M) 41.491ms
[276.242s][info][gc] GC(18090) Pause Young (Allocation Failure) 14M->14M(15M) 10.005ms
[276.279s][info][gc] GC(18091) Pause Full (Allocation Failure) 14M->11M(15M) 36.482ms
[276.294s][info][gc] GC(18092) Pause Young (Allocation Failure) 14M->14M(15M) 10.620ms
[276.329s][info][gc] GC(18093) Pause Full (Allocation Failure) 14M->11M(15M) 35.333ms
[276.343s][info][gc] GC(18094) Pause Young (Allocation Failure) 14M->14M(15M) 10.096ms
[276.377s][info][gc] GC(18095) Pause Full (Allocation Failure) 14M->11M(15M) 34.803ms
[276.391s][info][gc] GC(18096) Pause Young (Allocation Failure) 14M->14M(15M) 9.648ms
[276.426s][info][gc] GC(18097) Pause Full (Allocation Failure) 14M->11M(15M) 35.081ms
[276.437s][info][gc] GC(18098) Pause Young (Allocation Failure) 14M->14M(15M) 7.796ms
[276.470s][info][gc] GC(18099) Pause Full (Allocation Failure) 14M->11M(15M) 33.248ms
[276.483s][info][gc] GC(18100) Pause Young (Allocation Failure) 14M->14M(15M) 9.024ms
[276.518s][info][gc] GC(18101) Pause Full (Allocation Failure) 14M->11M(15M) 34.560ms
[276.530s][info][gc] GC(18102) Pause Young (Allocation Failure) 14M->14M(15M) 8.838ms
[276.564s][info][gc] GC(18103) Pause Full (Allocation Failure) 14M->11M(15M) 33.379ms
[276.576s][info][gc] GC(18104) Pause Young (Allocation Failure) 14M->14M(15M) 8.753ms
[276.613s][info][gc] GC(18105) Pause Full (Allocation Failure) 14M->11M(15M) 37.288ms
[276.625s][info][gc] GC(18106) Pause Young (Allocation Failure) 14M->14M(15M) 8.016ms
[276.659s][info][gc] GC(18107) Pause Full (Allocation Failure) 14M->11M(15M) 33.656ms
[276.672s][info][gc] GC(18108) Pause Young (Allocation Failure) 14M->14M(15M) 9.640ms
[276.710s][info][gc] GC(18109) Pause Full (Allocation Failure) 14M->11M(15M) 37.878ms
[276.722s][info][gc] GC(18110) Pause Young (Allocation Failure) 14M->14M(15M) 8.598ms
[276.756s][info][gc] GC(18111) Pause Full (Allocation Failure) 14M->11M(15M) 33.995ms
[276.769s][info][gc] GC(18112) Pause Young (Allocation Failure) 14M->14M(15M) 8.640ms
[276.803s][info][gc] GC(18113) Pause Full (Allocation Failure) 14M->11M(15M) 34.358ms
[276.817s][info][gc] GC(18114) Pause Young (Allocation Failure) 14M->14M(15M) 9.742ms
[276.852s][info][gc] GC(18115) Pause Full (Allocation Failure) 14M->11M(15M) 34.877ms
[276.864s][info][gc] GC(18116) Pause Young (Allocation Failure) 14M->14M(15M) 8.849ms
[276.898s][info][gc] GC(18117) Pause Full (Allocation Failure) 14M->11M(15M) 34.119ms
[276.912s][info][gc] GC(18118) Pause Young (Allocation Failure) 14M->14M(15M) 8.688ms
[276.949s][info][gc] GC(18119) Pause Full (Allocation Failure) 14M->11M(15M) 36.442ms
[276.961s][info][gc] GC(18120) Pause Young (Allocation Failure) 14M->14M(15M) 8.857ms
[276.996s][info][gc] GC(18121) Pause Full (Allocation Failure) 14M->11M(15M) 34.360ms
[277.010s][info][gc] GC(18122) Pause Young (Allocation Failure) 14M->14M(15M) 8.687ms
[277.043s][info][gc] GC(18123) Pause Full (Allocation Failure) 14M->11M(15M) 32.956ms
[277.055s][info][gc] GC(18124) Pause Young (Allocation Failure) 14M->14M(15M) 8.923ms
[277.096s][info][gc] GC(18125) Pause Full (Allocation Failure) 14M->11M(15M) 41.237ms
[277.110s][info][gc] GC(18126) Pause Young (Allocation Failure) 14M->14M(15M) 10.007ms
[277.149s][info][gc] GC(18127) Pause Full (Allocation Failure) 14M->11M(15M) 39.318ms
[277.162s][info][gc] GC(18128) Pause Young (Allocation Failure) 14M->14M(15M) 9.217ms
[277.201s][info][gc] GC(18129) Pause Full (Allocation Failure) 14M->11M(15M) 38.946ms
[277.214s][info][gc] GC(18130) Pause Young (Allocation Failure) 14M->14M(15M) 8.859ms
[277.256s][info][gc] GC(18131) Pause Full (Allocation Failure) 14M->11M(15M) 41.972ms
[277.270s][info][gc] GC(18132) Pause Young (Allocation Failure) 14M->14M(15M) 8.836ms
[277.307s][info][gc] GC(18133) Pause Full (Allocation Failure) 14M->11M(15M) 37.151ms
[277.319s][info][gc] GC(18134) Pause Young (Allocation Failure) 14M->14M(15M) 8.858ms
[277.354s][info][gc] GC(18135) Pause Full (Allocation Failure) 14M->11M(15M) 34.492ms
[277.368s][info][gc] GC(18136) Pause Young (Allocation Failure) 14M->14M(15M) 10.827ms
[277.402s][info][gc] GC(18137) Pause Full (Allocation Failure) 14M->11M(15M) 34.406ms
[277.415s][info][gc] GC(18138) Pause Young (Allocation Failure) 14M->14M(15M) 8.999ms
[277.447s][info][gc] GC(18139) Pause Full (Allocation Failure) 14M->11M(15M) 32.130ms
[277.459s][info][gc] GC(18140) Pause Young (Allocation Failure) 14M->14M(15M) 8.077ms
[277.493s][info][gc] GC(18141) Pause Full (Allocation Failure) 14M->11M(15M) 33.886ms
[277.504s][info][gc] GC(18142) Pause Young (Allocation Failure) 14M->14M(15M) 8.366ms
[277.539s][info][gc] GC(18143) Pause Full (Allocation Failure) 14M->11M(15M) 34.842ms
[277.553s][info][gc] GC(18144) Pause Young (Allocation Failure) 14M->14M(15M) 10.194ms
[277.588s][info][gc] GC(18145) Pause Full (Allocation Failure) 14M->11M(15M) 34.104ms
[277.600s][info][gc] GC(18146) Pause Young (Allocation Failure) 14M->14M(15M) 8.986ms
[277.634s][info][gc] GC(18147) Pause Full (Allocation Failure) 14M->11M(15M) 34.036ms
[277.646s][info][gc] GC(18148) Pause Young (Allocation Failure) 14M->14M(15M) 8.632ms
[277.687s][info][gc] GC(18149) Pause Full (Allocation Failure) 14M->11M(15M) 40.930ms
[277.700s][info][gc] GC(18150) Pause Young (Allocation Failure) 14M->14M(15M) 8.110ms
[277.732s][info][gc] GC(18151) Pause Full (Allocation Failure) 14M->11M(15M) 32.384ms
[277.744s][info][gc] GC(18152) Pause Young (Allocation Failure) 14M->14M(15M) 8.239ms
[277.778s][info][gc] GC(18153) Pause Full (Allocation Failure) 14M->11M(15M) 34.307ms
[277.791s][info][gc] GC(18154) Pause Young (Allocation Failure) 14M->14M(15M) 8.167ms
[277.823s][info][gc] GC(18155) Pause Full (Allocation Failure) 14M->11M(15M) 32.648ms
[277.835s][info][gc] GC(18156) Pause Young (Allocation Failure) 14M->14M(15M) 8.205ms
[277.867s][info][gc] GC(18157) Pause Full (Allocation Failure) 14M->11M(15M) 32.585ms
[277.880s][info][gc] GC(18158) Pause Young (Allocation Failure) 14M->14M(15M) 8.071ms
[277.913s][info][gc] GC(18159) Pause Full (Allocation Failure) 14M->11M(15M) 33.237ms
[277.927s][info][gc] GC(18160) Pause Young (Allocation Failure) 14M->14M(15M) 9.242ms
[277.962s][info][gc] GC(18161) Pause Full (Allocation Failure) 14M->11M(15M) 34.679ms
[277.975s][info][gc] GC(18162) Pause Young (Allocation Failure) 14M->14M(15M) 8.144ms
[278.013s][info][gc] GC(18163) Pause Full (Allocation Failure) 14M->11M(15M) 37.721ms
[278.027s][info][gc] GC(18164) Pause Young (Allocation Failure) 14M->14M(15M) 9.202ms
[278.062s][info][gc] GC(18165) Pause Full (Allocation Failure) 14M->11M(15M) 34.344ms
[278.074s][info][gc] GC(18166) Pause Young (Allocation Failure) 14M->14M(15M) 9.136ms
[278.122s][info][gc] GC(18167) Pause Full (Allocation Failure) 14M->11M(15M) 47.545ms
[278.137s][info][gc] GC(18168) Pause Young (Allocation Failure) 14M->14M(15M) 10.755ms
[278.176s][info][gc] GC(18169) Pause Full (Allocation Failure) 14M->11M(15M) 39.712ms
[278.188s][info][gc] GC(18170) Pause Young (Allocation Failure) 14M->14M(15M) 8.502ms
[278.233s][info][gc] GC(18171) Pause Full (Allocation Failure) 14M->11M(15M) 44.476ms
[278.252s][info][gc] GC(18172) Pause Young (Allocation Failure) 14M->14M(15M) 13.612ms
[278.303s][info][gc] GC(18173) Pause Full (Allocation Failure) 14M->11M(15M) 50.703ms
[278.321s][info][gc] GC(18174) Pause Young (Allocation Failure) 14M->14M(15M) 12.894ms
[278.360s][info][gc] GC(18175) Pause Full (Allocation Failure) 14M->11M(15M) 39.706ms
[278.373s][info][gc] GC(18176) Pause Young (Allocation Failure) 14M->14M(15M) 9.268ms
[278.409s][info][gc] GC(18177) Pause Full (Allocation Failure) 14M->11M(15M) 35.772ms
[278.423s][info][gc] GC(18178) Pause Young (Allocation Failure) 14M->14M(15M) 10.286ms
[278.457s][info][gc] GC(18179) Pause Full (Allocation Failure) 14M->11M(15M) 34.072ms
[278.470s][info][gc] GC(18180) Pause Young (Allocation Failure) 14M->14M(15M) 9.616ms
[278.503s][info][gc] GC(18181) Pause Full (Allocation Failure) 14M->11M(15M) 33.099ms
[278.516s][info][gc] GC(18182) Pause Young (Allocation Failure) 14M->14M(15M) 9.412ms
[278.552s][info][gc] GC(18183) Pause Full (Allocation Failure) 14M->11M(15M) 35.666ms
[278.564s][info][gc] GC(18184) Pause Young (Allocation Failure) 14M->14M(15M) 8.440ms
[278.597s][info][gc] GC(18185) Pause Full (Allocation Failure) 14M->11M(15M) 32.900ms
[278.609s][info][gc] GC(18186) Pause Young (Allocation Failure) 14M->14M(15M) 8.741ms
[278.646s][info][gc] GC(18187) Pause Full (Allocation Failure) 14M->11M(15M) 37.118ms
[278.657s][info][gc] GC(18188) Pause Young (Allocation Failure) 14M->14M(15M) 7.893ms
[278.694s][info][gc] GC(18189) Pause Full (Allocation Failure) 14M->11M(15M) 36.500ms
[278.707s][info][gc] GC(18190) Pause Young (Allocation Failure) 14M->14M(15M) 9.333ms
[278.742s][info][gc] GC(18191) Pause Full (Allocation Failure) 14M->11M(15M) 35.312ms
[278.755s][info][gc] GC(18192) Pause Young (Allocation Failure) 14M->14M(15M) 9.348ms
[278.791s][info][gc] GC(18193) Pause Full (Allocation Failure) 14M->11M(15M) 35.703ms
[278.804s][info][gc] GC(18194) Pause Young (Allocation Failure) 14M->14M(15M) 9.488ms
[278.838s][info][gc] GC(18195) Pause Full (Allocation Failure) 14M->11M(15M) 34.517ms
[278.851s][info][gc] GC(18196) Pause Young (Allocation Failure) 14M->14M(15M) 9.097ms
[278.888s][info][gc] GC(18197) Pause Full (Allocation Failure) 14M->11M(15M) 37.197ms
[278.901s][info][gc] GC(18198) Pause Young (Allocation Failure) 14M->14M(15M) 10.172ms
[278.936s][info][gc] GC(18199) Pause Full (Allocation Failure) 14M->11M(15M) 34.867ms
[278.951s][info][gc] GC(18200) Pause Young (Allocation Failure) 14M->14M(15M) 9.476ms
[278.988s][info][gc] GC(18201) Pause Full (Allocation Failure) 14M->11M(15M) 36.952ms
[279.003s][info][gc] GC(18202) Pause Young (Allocation Failure) 14M->14M(15M) 9.405ms
[279.036s][info][gc] GC(18203) Pause Full (Allocation Failure) 14M->11M(15M) 33.127ms
[279.048s][info][gc] GC(18204) Pause Young (Allocation Failure) 14M->14M(15M) 8.363ms
[279.080s][info][gc] GC(18205) Pause Full (Allocation Failure) 14M->11M(15M) 32.255ms
[279.095s][info][gc] GC(18206) Pause Young (Allocation Failure) 14M->14M(15M) 11.443ms
[279.137s][info][gc] GC(18207) Pause Full (Allocation Failure) 14M->11M(15M) 41.936ms
[279.150s][info][gc] GC(18208) Pause Young (Allocation Failure) 14M->14M(15M) 9.616ms
[279.189s][info][gc] GC(18209) Pause Full (Allocation Failure) 14M->11M(15M) 38.514ms
[279.201s][info][gc] GC(18210) Pause Young (Allocation Failure) 14M->14M(15M) 8.024ms
[279.241s][info][gc] GC(18211) Pause Full (Allocation Failure) 14M->11M(15M) 39.544ms
[279.254s][info][gc] GC(18212) Pause Young (Allocation Failure) 14M->14M(15M) 9.519ms
[279.290s][info][gc] GC(18213) Pause Full (Allocation Failure) 14M->11M(15M) 36.252ms
[279.304s][info][gc] GC(18214) Pause Young (Allocation Failure) 14M->14M(15M) 10.469ms
[279.338s][info][gc] GC(18215) Pause Full (Allocation Failure) 14M->11M(15M) 33.820ms
[279.356s][info][gc] GC(18216) Pause Young (Allocation Failure) 14M->14M(15M) 13.126ms
[279.390s][info][gc] GC(18217) Pause Full (Allocation Failure) 14M->11M(15M) 33.931ms
[279.402s][info][gc] GC(18218) Pause Young (Allocation Failure) 14M->14M(15M) 9.429ms
[279.439s][info][gc] GC(18219) Pause Full (Allocation Failure) 14M->11M(15M) 36.009ms
[279.450s][info][gc] GC(18220) Pause Young (Allocation Failure) 14M->14M(15M) 8.359ms
[279.482s][info][gc] GC(18221) Pause Full (Allocation Failure) 14M->11M(15M) 31.622ms
[279.494s][info][gc] GC(18222) Pause Young (Allocation Failure) 14M->14M(15M) 8.374ms
[279.527s][info][gc] GC(18223) Pause Full (Allocation Failure) 14M->11M(15M) 32.348ms
[279.543s][info][gc] GC(18224) Pause Young (Allocation Failure) 14M->14M(15M) 13.376ms
[279.586s][info][gc] GC(18225) Pause Full (Allocation Failure) 14M->11M(15M) 43.018ms
[279.600s][info][gc] GC(18226) Pause Young (Allocation Failure) 14M->14M(15M) 8.931ms
[279.644s][info][gc] GC(18227) Pause Full (Allocation Failure) 14M->11M(15M) 43.153ms
[279.658s][info][gc] GC(18228) Pause Young (Allocation Failure) 14M->14M(15M) 9.198ms
[279.704s][info][gc] GC(18229) Pause Full (Allocation Failure) 14M->11M(15M) 45.202ms
[279.719s][info][gc] GC(18230) Pause Young (Allocation Failure) 14M->14M(15M) 10.319ms
[279.758s][info][gc] GC(18231) Pause Full (Allocation Failure) 14M->11M(15M) 39.076ms
[279.773s][info][gc] GC(18232) Pause Young (Allocation Failure) 14M->14M(15M) 9.484ms
[279.816s][info][gc] GC(18233) Pause Full (Allocation Failure) 14M->11M(15M) 42.968ms
[279.831s][info][gc] GC(18234) Pause Young (Allocation Failure) 14M->14M(15M) 9.311ms
[279.877s][info][gc] GC(18235) Pause Full (Allocation Failure) 14M->11M(15M) 46.387ms
[279.891s][info][gc] GC(18236) Pause Young (Allocation Failure) 14M->14M(15M) 9.733ms
[279.937s][info][gc] GC(18237) Pause Full (Allocation Failure) 14M->11M(15M) 45.885ms
[279.954s][info][gc] GC(18238) Pause Young (Allocation Failure) 14M->14M(15M) 12.243ms
[280.000s][info][gc] GC(18239) Pause Full (Allocation Failure) 14M->11M(15M) 46.184ms
[280.016s][info][gc] GC(18240) Pause Young (Allocation Failure) 14M->14M(15M) 9.774ms
[280.064s][info][gc] GC(18241) Pause Full (Allocation Failure) 14M->11M(15M) 48.288ms
[280.078s][info][gc] GC(18242) Pause Young (Allocation Failure) 14M->14M(15M) 10.468ms
[280.125s][info][gc] GC(18243) Pause Full (Allocation Failure) 14M->11M(15M) 46.660ms
[280.139s][info][gc] GC(18244) Pause Young (Allocation Failure) 14M->14M(15M) 8.811ms
[280.173s][info][gc] GC(18245) Pause Full (Allocation Failure) 14M->11M(15M) 34.573ms
[280.188s][info][gc] GC(18246) Pause Young (Allocation Failure) 14M->14M(15M) 11.275ms
[280.225s][info][gc] GC(18247) Pause Full (Allocation Failure) 14M->11M(15M) 37.049ms
[280.240s][info][gc] GC(18248) Pause Young (Allocation Failure) 14M->14M(15M) 8.944ms
[280.282s][info][gc] GC(18249) Pause Full (Allocation Failure) 14M->11M(15M) 42.753ms
[280.298s][info][gc] GC(18250) Pause Young (Allocation Failure) 14M->14M(15M) 9.695ms
[280.338s][info][gc] GC(18251) Pause Full (Allocation Failure) 14M->11M(15M) 39.830ms
[280.354s][info][gc] GC(18252) Pause Young (Allocation Failure) 14M->14M(15M) 12.086ms
[280.399s][info][gc] GC(18253) Pause Full (Allocation Failure) 14M->11M(15M) 45.652ms
[280.415s][info][gc] GC(18254) Pause Young (Allocation Failure) 14M->14M(15M) 10.290ms
[280.452s][info][gc] GC(18255) Pause Full (Allocation Failure) 14M->11M(15M) 36.897ms
[280.464s][info][gc] GC(18256) Pause Young (Allocation Failure) 14M->14M(15M) 9.016ms
[280.502s][info][gc] GC(18257) Pause Full (Allocation Failure) 14M->11M(15M) 38.111ms
[280.517s][info][gc] GC(18258) Pause Young (Allocation Failure) 14M->14M(15M) 9.244ms
[280.562s][info][gc] GC(18259) Pause Full (Allocation Failure) 14M->11M(15M) 45.162ms
[280.574s][info][gc] GC(18260) Pause Young (Allocation Failure) 14M->14M(15M) 8.577ms
[280.610s][info][gc] GC(18261) Pause Full (Allocation Failure) 14M->11M(15M) 35.287ms
[280.623s][info][gc] GC(18262) Pause Young (Allocation Failure) 14M->14M(15M) 9.645ms
[280.660s][info][gc] GC(18263) Pause Full (Allocation Failure) 14M->11M(15M) 37.096ms
[280.672s][info][gc] GC(18264) Pause Young (Allocation Failure) 14M->14M(15M) 7.961ms
[280.708s][info][gc] GC(18265) Pause Full (Allocation Failure) 14M->11M(15M) 35.399ms
[280.720s][info][gc] GC(18266) Pause Young (Allocation Failure) 14M->14M(15M) 8.498ms
[280.757s][info][gc] GC(18267) Pause Full (Allocation Failure) 14M->11M(15M) 37.138ms
[280.769s][info][gc] GC(18268) Pause Young (Allocation Failure) 14M->14M(15M) 8.510ms
[280.804s][info][gc] GC(18269) Pause Full (Allocation Failure) 14M->11M(15M) 34.693ms
[280.817s][info][gc] GC(18270) Pause Young (Allocation Failure) 14M->14M(15M) 8.599ms
[280.851s][info][gc] GC(18271) Pause Full (Allocation Failure) 14M->11M(15M) 34.341ms
[280.863s][info][gc] GC(18272) Pause Young (Allocation Failure) 14M->14M(15M) 8.721ms
[280.898s][info][gc] GC(18273) Pause Full (Allocation Failure) 14M->11M(15M) 34.433ms
[280.912s][info][gc] GC(18274) Pause Young (Allocation Failure) 14M->14M(15M) 8.360ms
[280.947s][info][gc] GC(18275) Pause Full (Allocation Failure) 14M->11M(15M) 34.388ms
[280.962s][info][gc] GC(18276) Pause Young (Allocation Failure) 14M->14M(15M) 9.182ms
[280.997s][info][gc] GC(18277) Pause Full (Allocation Failure) 14M->11M(15M) 35.490ms
[281.011s][info][gc] GC(18278) Pause Young (Allocation Failure) 14M->14M(15M) 9.123ms
[281.044s][info][gc] GC(18279) Pause Full (Allocation Failure) 14M->11M(15M) 33.634ms
[281.057s][info][gc] GC(18280) Pause Young (Allocation Failure) 14M->14M(15M) 9.923ms
[281.092s][info][gc] GC(18281) Pause Full (Allocation Failure) 14M->11M(15M) 34.861ms
[281.106s][info][gc] GC(18282) Pause Young (Allocation Failure) 14M->14M(15M) 10.013ms
[281.143s][info][gc] GC(18283) Pause Full (Allocation Failure) 14M->11M(15M) 36.563ms
[281.160s][info][gc] GC(18284) Pause Young (Allocation Failure) 14M->14M(15M) 12.114ms
[281.197s][info][gc] GC(18285) Pause Full (Allocation Failure) 14M->11M(15M) 37.096ms
[281.212s][info][gc] GC(18286) Pause Young (Allocation Failure) 14M->14M(15M) 9.119ms
[281.247s][info][gc] GC(18287) Pause Full (Allocation Failure) 14M->11M(15M) 34.642ms
[281.260s][info][gc] GC(18288) Pause Young (Allocation Failure) 14M->14M(15M) 9.031ms
[281.295s][info][gc] GC(18289) Pause Full (Allocation Failure) 14M->11M(15M) 34.893ms
[281.306s][info][gc] GC(18290) Pause Young (Allocation Failure) 14M->14M(15M) 8.094ms
[281.341s][info][gc] GC(18291) Pause Full (Allocation Failure) 14M->11M(15M) 34.565ms
[281.354s][info][gc] GC(18292) Pause Young (Allocation Failure) 14M->14M(15M) 9.482ms
[281.386s][info][gc] GC(18293) Pause Full (Allocation Failure) 14M->11M(15M) 32.609ms
[281.398s][info][gc] GC(18294) Pause Young (Allocation Failure) 14M->14M(15M) 8.625ms
[281.435s][info][gc] GC(18295) Pause Full (Allocation Failure) 14M->11M(15M) 37.171ms
[281.448s][info][gc] GC(18296) Pause Young (Allocation Failure) 14M->14M(15M) 8.215ms
[281.480s][info][gc] GC(18297) Pause Full (Allocation Failure) 14M->11M(15M) 32.621ms
[281.493s][info][gc] GC(18298) Pause Young (Allocation Failure) 14M->14M(15M) 9.145ms
[281.530s][info][gc] GC(18299) Pause Full (Allocation Failure) 14M->11M(15M) 37.308ms
[281.542s][info][gc] GC(18300) Pause Young (Allocation Failure) 14M->14M(15M) 8.355ms
[281.574s][info][gc] GC(18301) Pause Full (Allocation Failure) 14M->11M(15M) 32.417ms
[281.587s][info][gc] GC(18302) Pause Young (Allocation Failure) 14M->14M(15M) 8.050ms
[281.620s][info][gc] GC(18303) Pause Full (Allocation Failure) 14M->11M(15M) 33.161ms
[281.632s][info][gc] GC(18304) Pause Young (Allocation Failure) 14M->14M(15M) 8.402ms
[281.668s][info][gc] GC(18305) Pause Full (Allocation Failure) 14M->11M(15M) 35.549ms
[281.680s][info][gc] GC(18306) Pause Young (Allocation Failure) 14M->14M(15M) 8.965ms
[281.717s][info][gc] GC(18307) Pause Full (Allocation Failure) 14M->11M(15M) 36.311ms
[281.729s][info][gc] GC(18308) Pause Young (Allocation Failure) 14M->14M(15M) 8.925ms
[281.765s][info][gc] GC(18309) Pause Full (Allocation Failure) 14M->11M(15M) 36.139ms
[281.779s][info][gc] GC(18310) Pause Young (Allocation Failure) 14M->14M(15M) 10.482ms
[281.813s][info][gc] GC(18311) Pause Full (Allocation Failure) 14M->11M(15M) 34.247ms
[281.826s][info][gc] GC(18312) Pause Young (Allocation Failure) 14M->14M(15M) 9.538ms
[281.861s][info][gc] GC(18313) Pause Full (Allocation Failure) 14M->11M(15M) 34.505ms
[281.873s][info][gc] GC(18314) Pause Young (Allocation Failure) 14M->14M(15M) 9.261ms
[281.913s][info][gc] GC(18315) Pause Full (Allocation Failure) 14M->11M(15M) 39.685ms
[281.927s][info][gc] GC(18316) Pause Young (Allocation Failure) 14M->14M(15M) 9.218ms
[281.964s][info][gc] GC(18317) Pause Full (Allocation Failure) 14M->11M(15M) 36.399ms
[281.979s][info][gc] GC(18318) Pause Young (Allocation Failure) 14M->14M(15M) 8.994ms
[282.016s][info][gc] GC(18319) Pause Full (Allocation Failure) 14M->11M(15M) 37.125ms
[282.029s][info][gc] GC(18320) Pause Young (Allocation Failure) 14M->14M(15M) 8.802ms
[282.063s][info][gc] GC(18321) Pause Full (Allocation Failure) 14M->11M(15M) 33.927ms
[282.075s][info][gc] GC(18322) Pause Young (Allocation Failure) 14M->14M(15M) 8.428ms
[282.114s][info][gc] GC(18323) Pause Full (Allocation Failure) 14M->11M(15M) 39.236ms
[282.128s][info][gc] GC(18324) Pause Young (Allocation Failure) 14M->14M(15M) 9.059ms
[282.169s][info][gc] GC(18325) Pause Full (Allocation Failure) 14M->11M(15M) 41.025ms
[282.182s][info][gc] GC(18326) Pause Young (Allocation Failure) 14M->14M(15M) 8.704ms
[282.229s][info][gc] GC(18327) Pause Full (Allocation Failure) 14M->11M(15M) 47.286ms
[282.248s][info][gc] GC(18328) Pause Young (Allocation Failure) 14M->14M(15M) 12.573ms
[282.287s][info][gc] GC(18329) Pause Full (Allocation Failure) 14M->11M(15M) 39.115ms
[282.303s][info][gc] GC(18330) Pause Young (Allocation Failure) 14M->14M(15M) 10.896ms
[282.345s][info][gc] GC(18331) Pause Full (Allocation Failure) 14M->11M(15M) 41.441ms
[282.359s][info][gc] GC(18332) Pause Young (Allocation Failure) 14M->14M(15M) 9.146ms
[282.402s][info][gc] GC(18333) Pause Full (Allocation Failure) 14M->11M(15M) 43.290ms
[282.419s][info][gc] GC(18334) Pause Young (Allocation Failure) 14M->14M(15M) 10.374ms
[282.459s][info][gc] GC(18335) Pause Full (Allocation Failure) 14M->11M(15M) 40.829ms
[282.473s][info][gc] GC(18336) Pause Young (Allocation Failure) 14M->14M(15M) 10.139ms
[282.514s][info][gc] GC(18337) Pause Full (Allocation Failure) 14M->11M(15M) 41.220ms
[282.531s][info][gc] GC(18338) Pause Young (Allocation Failure) 14M->14M(15M) 12.062ms
[282.579s][info][gc] GC(18339) Pause Full (Allocation Failure) 14M->11M(15M) 48.373ms
[282.593s][info][gc] GC(18340) Pause Young (Allocation Failure) 14M->14M(15M) 9.922ms
[282.630s][info][gc] GC(18341) Pause Full (Allocation Failure) 14M->11M(15M) 37.399ms
[282.648s][info][gc] GC(18342) Pause Young (Allocation Failure) 14M->14M(15M) 11.785ms
[282.690s][info][gc] GC(18343) Pause Full (Allocation Failure) 14M->11M(15M) 41.655ms
[282.703s][info][gc] GC(18344) Pause Young (Allocation Failure) 14M->14M(15M) 9.798ms
[282.742s][info][gc] GC(18345) Pause Full (Allocation Failure) 14M->11M(15M) 39.031ms
[282.756s][info][gc] GC(18346) Pause Young (Allocation Failure) 14M->14M(15M) 10.203ms
[282.802s][info][gc] GC(18347) Pause Full (Allocation Failure) 14M->11M(15M) 45.739ms
[282.815s][info][gc] GC(18348) Pause Young (Allocation Failure) 14M->14M(15M) 10.019ms
[282.855s][info][gc] GC(18349) Pause Full (Allocation Failure) 14M->11M(15M) 39.230ms
[282.868s][info][gc] GC(18350) Pause Young (Allocation Failure) 14M->14M(15M) 9.708ms
[282.910s][info][gc] GC(18351) Pause Full (Allocation Failure) 14M->11M(15M) 41.567ms
[282.930s][info][gc] GC(18352) Pause Young (Allocation Failure) 14M->14M(15M) 13.778ms
[282.968s][info][gc] GC(18353) Pause Full (Allocation Failure) 14M->11M(15M) 38.002ms
[282.986s][info][gc] GC(18354) Pause Young (Allocation Failure) 14M->14M(15M) 13.261ms
[283.029s][info][gc] GC(18355) Pause Full (Allocation Failure) 14M->11M(15M) 43.243ms
[283.045s][info][gc] GC(18356) Pause Young (Allocation Failure) 14M->14M(15M) 10.853ms
[283.087s][info][gc] GC(18357) Pause Full (Allocation Failure) 14M->11M(15M) 41.538ms
[283.103s][info][gc] GC(18358) Pause Young (Allocation Failure) 14M->14M(15M) 10.777ms
[283.142s][info][gc] GC(18359) Pause Full (Allocation Failure) 14M->11M(15M) 38.863ms
[283.160s][info][gc] GC(18360) Pause Young (Allocation Failure) 14M->14M(15M) 12.656ms
[283.206s][info][gc] GC(18361) Pause Full (Allocation Failure) 14M->11M(15M) 45.580ms
[283.225s][info][gc] GC(18362) Pause Young (Allocation Failure) 14M->14M(15M) 13.231ms
[283.266s][info][gc] GC(18363) Pause Full (Allocation Failure) 14M->11M(15M) 41.164ms
[283.282s][info][gc] GC(18364) Pause Young (Allocation Failure) 14M->14M(15M) 12.167ms
[283.326s][info][gc] GC(18365) Pause Full (Allocation Failure) 14M->11M(15M) 44.029ms
[283.342s][info][gc] GC(18366) Pause Young (Allocation Failure) 14M->14M(15M) 10.332ms
[283.383s][info][gc] GC(18367) Pause Full (Allocation Failure) 14M->11M(15M) 41.538ms
[283.400s][info][gc] GC(18368) Pause Young (Allocation Failure) 14M->14M(15M) 11.216ms
[283.434s][info][gc] GC(18369) Pause Full (Allocation Failure) 14M->11M(15M) 34.163ms
[283.447s][info][gc] GC(18370) Pause Young (Allocation Failure) 14M->14M(15M) 8.653ms
[283.482s][info][gc] GC(18371) Pause Full (Allocation Failure) 14M->11M(15M) 35.886ms
[283.496s][info][gc] GC(18372) Pause Young (Allocation Failure) 14M->14M(15M) 8.989ms
[283.530s][info][gc] GC(18373) Pause Full (Allocation Failure) 14M->11M(15M) 34.797ms
[283.542s][info][gc] GC(18374) Pause Young (Allocation Failure) 14M->14M(15M) 8.110ms
[283.574s][info][gc] GC(18375) Pause Full (Allocation Failure) 14M->11M(15M) 31.945ms
[283.588s][info][gc] GC(18376) Pause Young (Allocation Failure) 14M->14M(15M) 8.914ms
[283.625s][info][gc] GC(18377) Pause Full (Allocation Failure) 14M->11M(15M) 37.151ms
[283.638s][info][gc] GC(18378) Pause Young (Allocation Failure) 14M->14M(15M) 9.274ms
[283.673s][info][gc] GC(18379) Pause Full (Allocation Failure) 14M->11M(15M) 35.319ms
[283.693s][info][gc] GC(18380) Pause Young (Allocation Failure) 14M->14M(15M) 13.065ms
[283.728s][info][gc] GC(18381) Pause Full (Allocation Failure) 14M->11M(15M) 34.694ms
[283.740s][info][gc] GC(18382) Pause Young (Allocation Failure) 14M->14M(15M) 9.287ms
[283.775s][info][gc] GC(18383) Pause Full (Allocation Failure) 14M->11M(15M) 34.642ms
[283.787s][info][gc] GC(18384) Pause Young (Allocation Failure) 14M->14M(15M) 8.899ms
[283.822s][info][gc] GC(18385) Pause Full (Allocation Failure) 14M->11M(15M) 34.360ms
[283.834s][info][gc] GC(18386) Pause Young (Allocation Failure) 14M->14M(15M) 9.045ms
[283.867s][info][gc] GC(18387) Pause Full (Allocation Failure) 14M->11M(15M) 32.297ms
[283.879s][info][gc] GC(18388) Pause Young (Allocation Failure) 14M->14M(15M) 9.343ms
[283.915s][info][gc] GC(18389) Pause Full (Allocation Failure) 14M->11M(15M) 35.371ms
[283.929s][info][gc] GC(18390) Pause Young (Allocation Failure) 14M->14M(15M) 9.412ms
[283.965s][info][gc] GC(18391) Pause Full (Allocation Failure) 14M->11M(15M) 36.159ms
[283.979s][info][gc] GC(18392) Pause Young (Allocation Failure) 14M->14M(15M) 8.401ms
[284.011s][info][gc] GC(18393) Pause Full (Allocation Failure) 14M->11M(15M) 32.557ms
[284.024s][info][gc] GC(18394) Pause Young (Allocation Failure) 14M->14M(15M) 9.416ms
[284.061s][info][gc] GC(18395) Pause Full (Allocation Failure) 14M->11M(15M) 36.366ms
[284.074s][info][gc] GC(18396) Pause Young (Allocation Failure) 14M->14M(15M) 9.772ms
[284.116s][info][gc] GC(18397) Pause Full (Allocation Failure) 14M->11M(15M) 42.706ms
[284.131s][info][gc] GC(18398) Pause Young (Allocation Failure) 14M->14M(15M) 9.608ms
[284.169s][info][gc] GC(18399) Pause Full (Allocation Failure) 14M->11M(15M) 37.837ms
[284.185s][info][gc] GC(18400) Pause Young (Allocation Failure) 14M->14M(15M) 10.861ms
[284.223s][info][gc] GC(18401) Pause Full (Allocation Failure) 14M->11M(15M) 37.883ms
[284.236s][info][gc] GC(18402) Pause Young (Allocation Failure) 14M->14M(15M) 9.267ms
[284.271s][info][gc] GC(18403) Pause Full (Allocation Failure) 14M->11M(15M) 35.164ms
[284.283s][info][gc] GC(18404) Pause Young (Allocation Failure) 14M->14M(15M) 8.874ms
[284.317s][info][gc] GC(18405) Pause Full (Allocation Failure) 14M->11M(15M) 33.636ms
[284.329s][info][gc] GC(18406) Pause Young (Allocation Failure) 14M->14M(15M) 9.108ms
[284.364s][info][gc] GC(18407) Pause Full (Allocation Failure) 14M->11M(15M) 34.551ms
[284.376s][info][gc] GC(18408) Pause Young (Allocation Failure) 14M->14M(15M) 9.581ms
[284.412s][info][gc] GC(18409) Pause Full (Allocation Failure) 14M->11M(15M) 35.341ms
[284.424s][info][gc] GC(18410) Pause Young (Allocation Failure) 14M->14M(15M) 8.432ms
[284.458s][info][gc] GC(18411) Pause Full (Allocation Failure) 14M->11M(15M) 34.206ms
[284.470s][info][gc] GC(18412) Pause Young (Allocation Failure) 14M->14M(15M) 8.793ms
[284.503s][info][gc] GC(18413) Pause Full (Allocation Failure) 14M->11M(15M) 32.896ms
[284.515s][info][gc] GC(18414) Pause Young (Allocation Failure) 14M->14M(15M) 8.544ms
[284.548s][info][gc] GC(18415) Pause Full (Allocation Failure) 14M->11M(15M) 32.621ms
[284.560s][info][gc] GC(18416) Pause Young (Allocation Failure) 14M->14M(15M) 8.301ms
[284.594s][info][gc] GC(18417) Pause Full (Allocation Failure) 14M->11M(15M) 34.028ms
[284.607s][info][gc] GC(18418) Pause Young (Allocation Failure) 14M->14M(15M) 9.534ms
[284.652s][info][gc] GC(18419) Pause Full (Allocation Failure) 14M->11M(15M) 45.668ms
[284.674s][info][gc] GC(18420) Pause Young (Allocation Failure) 14M->14M(15M) 15.219ms
[284.735s][info][gc] GC(18421) Pause Full (Allocation Failure) 14M->11M(15M) 60.873ms
[284.762s][info][gc] GC(18422) Pause Young (Allocation Failure) 14M->14M(15M) 21.647ms
[284.805s][info][gc] GC(18423) Pause Full (Allocation Failure) 14M->11M(15M) 42.967ms
[284.820s][info][gc] GC(18424) Pause Young (Allocation Failure) 14M->14M(15M) 9.335ms
[284.871s][info][gc] GC(18425) Pause Full (Allocation Failure) 14M->11M(15M) 50.541ms
[284.885s][info][gc] GC(18426) Pause Young (Allocation Failure) 14M->14M(15M) 10.395ms
[284.929s][info][gc] GC(18427) Pause Full (Allocation Failure) 14M->11M(15M) 43.883ms
[284.947s][info][gc] GC(18428) Pause Young (Allocation Failure) 14M->14M(15M) 12.793ms
[284.993s][info][gc] GC(18429) Pause Full (Allocation Failure) 14M->11M(15M) 46.203ms
[285.009s][info][gc] GC(18430) Pause Young (Allocation Failure) 14M->14M(15M) 10.620ms
[285.059s][info][gc] GC(18431) Pause Full (Allocation Failure) 14M->11M(15M) 50.138ms
[285.078s][info][gc] GC(18432) Pause Young (Allocation Failure) 14M->14M(15M) 13.292ms
[285.134s][info][gc] GC(18433) Pause Full (Allocation Failure) 14M->11M(15M) 56.398ms
[285.149s][info][gc] GC(18434) Pause Young (Allocation Failure) 14M->14M(15M) 10.808ms
[285.198s][info][gc] GC(18435) Pause Full (Allocation Failure) 14M->11M(15M) 49.036ms
[285.214s][info][gc] GC(18436) Pause Young (Allocation Failure) 14M->14M(15M) 11.743ms
[285.257s][info][gc] GC(18437) Pause Full (Allocation Failure) 14M->11M(15M) 42.510ms
[285.273s][info][gc] GC(18438) Pause Young (Allocation Failure) 14M->14M(15M) 11.647ms
[285.320s][info][gc] GC(18439) Pause Full (Allocation Failure) 14M->11M(15M) 47.038ms
[285.337s][info][gc] GC(18440) Pause Young (Allocation Failure) 14M->14M(15M) 11.225ms
[285.387s][info][gc] GC(18441) Pause Full (Allocation Failure) 14M->11M(15M) 50.411ms
[285.403s][info][gc] GC(18442) Pause Young (Allocation Failure) 14M->14M(15M) 11.482ms
[285.452s][info][gc] GC(18443) Pause Full (Allocation Failure) 14M->11M(15M) 48.742ms
[285.468s][info][gc] GC(18444) Pause Young (Allocation Failure) 14M->14M(15M) 10.910ms
[285.515s][info][gc] GC(18445) Pause Full (Allocation Failure) 14M->11M(15M) 46.425ms
[285.533s][info][gc] GC(18446) Pause Young (Allocation Failure) 14M->14M(15M) 13.210ms
[285.580s][info][gc] GC(18447) Pause Full (Allocation Failure) 14M->11M(15M) 46.668ms
[285.593s][info][gc] GC(18448) Pause Young (Allocation Failure) 14M->14M(15M) 10.261ms
[285.645s][info][gc] GC(18449) Pause Full (Allocation Failure) 14M->11M(15M) 51.560ms
[285.663s][info][gc] GC(18450) Pause Young (Allocation Failure) 14M->14M(15M) 12.761ms
[285.716s][info][gc] GC(18451) Pause Full (Allocation Failure) 14M->11M(15M) 52.231ms
[285.734s][info][gc] GC(18452) Pause Young (Allocation Failure) 14M->14M(15M) 13.227ms
[285.781s][info][gc] GC(18453) Pause Full (Allocation Failure) 14M->11M(15M) 46.895ms
[285.794s][info][gc] GC(18454) Pause Young (Allocation Failure) 14M->14M(15M) 9.226ms
[285.836s][info][gc] GC(18455) Pause Full (Allocation Failure) 14M->11M(15M) 42.108ms
[285.850s][info][gc] GC(18456) Pause Young (Allocation Failure) 14M->14M(15M) 9.246ms
[285.886s][info][gc] GC(18457) Pause Full (Allocation Failure) 14M->11M(15M) 35.617ms
[285.898s][info][gc] GC(18458) Pause Young (Allocation Failure) 14M->14M(15M) 9.294ms
[285.934s][info][gc] GC(18459) Pause Full (Allocation Failure) 14M->11M(15M) 35.434ms
[285.947s][info][gc] GC(18460) Pause Young (Allocation Failure) 14M->14M(15M) 9.575ms
[285.984s][info][gc] GC(18461) Pause Full (Allocation Failure) 14M->11M(15M) 36.505ms
[285.998s][info][gc] GC(18462) Pause Young (Allocation Failure) 14M->14M(15M) 10.240ms
[286.033s][info][gc] GC(18463) Pause Full (Allocation Failure) 14M->11M(15M) 34.537ms
[286.046s][info][gc] GC(18464) Pause Young (Allocation Failure) 14M->14M(15M) 8.546ms
[286.079s][info][gc] GC(18465) Pause Full (Allocation Failure) 14M->11M(15M) 32.920ms
[286.095s][info][gc] GC(18466) Pause Young (Allocation Failure) 14M->14M(15M) 11.767ms
[286.135s][info][gc] GC(18467) Pause Full (Allocation Failure) 14M->11M(15M) 40.196ms
[286.152s][info][gc] GC(18468) Pause Young (Allocation Failure) 14M->14M(15M) 13.255ms
[286.186s][info][gc] GC(18469) Pause Full (Allocation Failure) 14M->11M(15M) 34.302ms
[286.200s][info][gc] GC(18470) Pause Young (Allocation Failure) 14M->14M(15M) 9.383ms
[286.239s][info][gc] GC(18471) Pause Full (Allocation Failure) 14M->11M(15M) 38.671ms
[286.253s][info][gc] GC(18472) Pause Young (Allocation Failure) 14M->14M(15M) 9.248ms
[286.288s][info][gc] GC(18473) Pause Full (Allocation Failure) 14M->11M(15M) 35.181ms
[286.300s][info][gc] GC(18474) Pause Young (Allocation Failure) 14M->14M(15M) 8.695ms
[286.334s][info][gc] GC(18475) Pause Full (Allocation Failure) 14M->11M(15M) 33.789ms
[286.347s][info][gc] GC(18476) Pause Young (Allocation Failure) 14M->14M(15M) 8.997ms
[286.380s][info][gc] GC(18477) Pause Full (Allocation Failure) 14M->11M(15M) 33.540ms
[286.392s][info][gc] GC(18478) Pause Young (Allocation Failure) 14M->14M(15M) 8.053ms
[286.425s][info][gc] GC(18479) Pause Full (Allocation Failure) 14M->11M(15M) 33.262ms
[286.437s][info][gc] GC(18480) Pause Young (Allocation Failure) 14M->14M(15M) 8.675ms
[286.473s][info][gc] GC(18481) Pause Full (Allocation Failure) 14M->11M(15M) 35.714ms
[286.486s][info][gc] GC(18482) Pause Young (Allocation Failure) 14M->14M(15M) 9.387ms
[286.522s][info][gc] GC(18483) Pause Full (Allocation Failure) 14M->11M(15M) 36.100ms
[286.535s][info][gc] GC(18484) Pause Young (Allocation Failure) 14M->14M(15M) 8.672ms
[286.571s][info][gc] GC(18485) Pause Full (Allocation Failure) 14M->11M(15M) 36.152ms
[286.584s][info][gc] GC(18486) Pause Young (Allocation Failure) 14M->14M(15M) 8.238ms
[286.618s][info][gc] GC(18487) Pause Full (Allocation Failure) 14M->11M(15M) 34.456ms
[286.631s][info][gc] GC(18488) Pause Young (Allocation Failure) 14M->14M(15M) 8.459ms
[286.664s][info][gc] GC(18489) Pause Full (Allocation Failure) 14M->11M(15M) 33.071ms
[286.676s][info][gc] GC(18490) Pause Young (Allocation Failure) 14M->14M(15M) 8.166ms
[286.714s][info][gc] GC(18491) Pause Full (Allocation Failure) 14M->11M(15M) 38.076ms
[286.726s][info][gc] GC(18492) Pause Young (Allocation Failure) 14M->14M(15M) 8.124ms
[286.762s][info][gc] GC(18493) Pause Full (Allocation Failure) 14M->11M(15M) 35.132ms
[286.774s][info][gc] GC(18494) Pause Young (Allocation Failure) 14M->14M(15M) 8.893ms
[286.810s][info][gc] GC(18495) Pause Full (Allocation Failure) 14M->11M(15M) 36.123ms
[286.824s][info][gc] GC(18496) Pause Young (Allocation Failure) 14M->14M(15M) 8.779ms
[286.861s][info][gc] GC(18497) Pause Full (Allocation Failure) 14M->11M(15M) 36.892ms
[286.874s][info][gc] GC(18498) Pause Young (Allocation Failure) 14M->14M(15M) 9.713ms
[286.911s][info][gc] GC(18499) Pause Full (Allocation Failure) 14M->11M(15M) 36.912ms
[286.926s][info][gc] GC(18500) Pause Young (Allocation Failure) 14M->14M(15M) 11.814ms
[286.963s][info][gc] GC(18501) Pause Full (Allocation Failure) 14M->11M(15M) 36.667ms
[286.976s][info][gc] GC(18502) Pause Young (Allocation Failure) 14M->14M(15M) 9.273ms
[287.011s][info][gc] GC(18503) Pause Full (Allocation Failure) 14M->11M(15M) 35.099ms
[287.026s][info][gc] GC(18504) Pause Young (Allocation Failure) 14M->14M(15M) 9.811ms
[287.065s][info][gc] GC(18505) Pause Full (Allocation Failure) 14M->11M(15M) 38.480ms
[287.080s][info][gc] GC(18506) Pause Young (Allocation Failure) 14M->14M(15M) 11.589ms
[287.116s][info][gc] GC(18507) Pause Full (Allocation Failure) 14M->11M(15M) 36.308ms
[287.131s][info][gc] GC(18508) Pause Young (Allocation Failure) 14M->14M(15M) 9.720ms
[287.166s][info][gc] GC(18509) Pause Full (Allocation Failure) 14M->11M(15M) 34.967ms
[287.182s][info][gc] GC(18510) Pause Young (Allocation Failure) 14M->14M(15M) 10.328ms
[287.223s][info][gc] GC(18511) Pause Full (Allocation Failure) 14M->11M(15M) 40.668ms
[287.238s][info][gc] GC(18512) Pause Young (Allocation Failure) 14M->14M(15M) 9.393ms
[287.277s][info][gc] GC(18513) Pause Full (Allocation Failure) 14M->11M(15M) 39.137ms
[287.289s][info][gc] GC(18514) Pause Young (Allocation Failure) 14M->14M(15M) 8.824ms
[287.323s][info][gc] GC(18515) Pause Full (Allocation Failure) 14M->11M(15M) 33.956ms
[287.335s][info][gc] GC(18516) Pause Young (Allocation Failure) 14M->14M(15M) 8.406ms
[287.370s][info][gc] GC(18517) Pause Full (Allocation Failure) 14M->11M(15M) 34.913ms
[287.383s][info][gc] GC(18518) Pause Young (Allocation Failure) 14M->14M(15M) 9.393ms
[287.420s][info][gc] GC(18519) Pause Full (Allocation Failure) 14M->11M(15M) 36.352ms
[287.432s][info][gc] GC(18520) Pause Young (Allocation Failure) 14M->14M(15M) 9.273ms
[287.468s][info][gc] GC(18521) Pause Full (Allocation Failure) 14M->11M(15M) 35.712ms
[287.481s][info][gc] GC(18522) Pause Young (Allocation Failure) 14M->14M(15M) 9.326ms
[287.514s][info][gc] GC(18523) Pause Full (Allocation Failure) 14M->11M(15M) 33.325ms
[287.526s][info][gc] GC(18524) Pause Young (Allocation Failure) 14M->14M(15M) 8.014ms
[287.560s][info][gc] GC(18525) Pause Full (Allocation Failure) 14M->11M(15M) 34.147ms
[287.573s][info][gc] GC(18526) Pause Young (Allocation Failure) 14M->14M(15M) 8.686ms
[287.607s][info][gc] GC(18527) Pause Full (Allocation Failure) 14M->11M(15M) 34.312ms
[287.620s][info][gc] GC(18528) Pause Young (Allocation Failure) 14M->14M(15M) 9.193ms
[287.654s][info][gc] GC(18529) Pause Full (Allocation Failure) 14M->11M(15M) 33.998ms
[287.667s][info][gc] GC(18530) Pause Young (Allocation Failure) 14M->14M(15M) 9.283ms
[287.707s][info][gc] GC(18531) Pause Full (Allocation Failure) 14M->11M(15M) 39.767ms
[287.723s][info][gc] GC(18532) Pause Young (Allocation Failure) 14M->14M(15M) 8.895ms
[287.759s][info][gc] GC(18533) Pause Full (Allocation Failure) 14M->11M(15M) 36.131ms
[287.772s][info][gc] GC(18534) Pause Young (Allocation Failure) 14M->14M(15M) 9.124ms
[287.804s][info][gc] GC(18535) Pause Full (Allocation Failure) 14M->11M(15M) 32.739ms
[287.816s][info][gc] GC(18536) Pause Young (Allocation Failure) 14M->14M(15M) 8.981ms
[287.850s][info][gc] GC(18537) Pause Full (Allocation Failure) 14M->11M(15M) 33.295ms
[287.863s][info][gc] GC(18538) Pause Young (Allocation Failure) 14M->14M(15M) 9.200ms
[287.897s][info][gc] GC(18539) Pause Full (Allocation Failure) 14M->11M(15M) 33.475ms
[287.913s][info][gc] GC(18540) Pause Young (Allocation Failure) 14M->14M(15M) 13.469ms
[287.949s][info][gc] GC(18541) Pause Full (Allocation Failure) 14M->11M(15M) 35.479ms
[287.966s][info][gc] GC(18542) Pause Young (Allocation Failure) 14M->14M(15M) 12.784ms
[288.002s][info][gc] GC(18543) Pause Full (Allocation Failure) 14M->11M(15M) 36.285ms
[288.014s][info][gc] GC(18544) Pause Young (Allocation Failure) 14M->14M(15M) 8.258ms
[288.048s][info][gc] GC(18545) Pause Full (Allocation Failure) 14M->11M(15M) 33.802ms
[288.062s][info][gc] GC(18546) Pause Young (Allocation Failure) 14M->14M(15M) 9.869ms
[288.100s][info][gc] GC(18547) Pause Full (Allocation Failure) 14M->11M(15M) 38.600ms
[288.112s][info][gc] GC(18548) Pause Young (Allocation Failure) 14M->14M(15M) 7.992ms
[288.149s][info][gc] GC(18549) Pause Full (Allocation Failure) 14M->11M(15M) 37.058ms
[288.162s][info][gc] GC(18550) Pause Young (Allocation Failure) 14M->14M(15M) 9.676ms
[288.207s][info][gc] GC(18551) Pause Full (Allocation Failure) 14M->11M(15M) 44.372ms
[288.221s][info][gc] GC(18552) Pause Young (Allocation Failure) 14M->14M(15M) 9.523ms
[288.266s][info][gc] GC(18553) Pause Full (Allocation Failure) 14M->11M(15M) 44.631ms
[288.279s][info][gc] GC(18554) Pause Young (Allocation Failure) 14M->14M(15M) 9.383ms
[288.313s][info][gc] GC(18555) Pause Full (Allocation Failure) 14M->11M(15M) 34.324ms
[288.326s][info][gc] GC(18556) Pause Young (Allocation Failure) 14M->14M(15M) 9.298ms
[288.361s][info][gc] GC(18557) Pause Full (Allocation Failure) 14M->11M(15M) 35.366ms
[288.375s][info][gc] GC(18558) Pause Young (Allocation Failure) 14M->14M(15M) 9.879ms
[288.411s][info][gc] GC(18559) Pause Full (Allocation Failure) 14M->11M(15M) 35.960ms
[288.423s][info][gc] GC(18560) Pause Young (Allocation Failure) 14M->14M(15M) 9.091ms
[288.459s][info][gc] GC(18561) Pause Full (Allocation Failure) 14M->11M(15M) 35.743ms
[288.471s][info][gc] GC(18562) Pause Young (Allocation Failure) 14M->14M(15M) 8.805ms
[288.504s][info][gc] GC(18563) Pause Full (Allocation Failure) 14M->11M(15M) 32.671ms
[288.515s][info][gc] GC(18564) Pause Young (Allocation Failure) 14M->14M(15M) 8.195ms
[288.549s][info][gc] GC(18565) Pause Full (Allocation Failure) 14M->11M(15M) 33.387ms
[288.563s][info][gc] GC(18566) Pause Young (Allocation Failure) 14M->14M(15M) 10.474ms
[288.598s][info][gc] GC(18567) Pause Full (Allocation Failure) 14M->11M(15M) 34.968ms
[288.609s][info][gc] GC(18568) Pause Young (Allocation Failure) 14M->14M(15M) 8.364ms
[288.643s][info][gc] GC(18569) Pause Full (Allocation Failure) 14M->11M(15M) 33.242ms
[288.655s][info][gc] GC(18570) Pause Young (Allocation Failure) 14M->14M(15M) 8.459ms
[288.690s][info][gc] GC(18571) Pause Full (Allocation Failure) 14M->11M(15M) 35.427ms
[288.704s][info][gc] GC(18572) Pause Young (Allocation Failure) 14M->14M(15M) 10.893ms
[288.737s][info][gc] GC(18573) Pause Full (Allocation Failure) 14M->11M(15M) 32.335ms
[288.748s][info][gc] GC(18574) Pause Young (Allocation Failure) 14M->14M(15M) 7.751ms
[288.781s][info][gc] GC(18575) Pause Full (Allocation Failure) 14M->11M(15M) 33.089ms
[288.793s][info][gc] GC(18576) Pause Young (Allocation Failure) 14M->14M(15M) 8.307ms
[288.827s][info][gc] GC(18577) Pause Full (Allocation Failure) 14M->11M(15M) 34.296ms
[288.839s][info][gc] GC(18578) Pause Young (Allocation Failure) 14M->14M(15M) 8.151ms
[288.872s][info][gc] GC(18579) Pause Full (Allocation Failure) 14M->11M(15M) 33.419ms
[288.885s][info][gc] GC(18580) Pause Young (Allocation Failure) 14M->14M(15M) 8.789ms
[288.920s][info][gc] GC(18581) Pause Full (Allocation Failure) 14M->11M(15M) 34.757ms
[288.934s][info][gc] GC(18582) Pause Young (Allocation Failure) 14M->14M(15M) 9.633ms
[288.970s][info][gc] GC(18583) Pause Full (Allocation Failure) 14M->11M(15M) 35.336ms
[288.983s][info][gc] GC(18584) Pause Young (Allocation Failure) 14M->14M(15M) 8.884ms
[289.018s][info][gc] GC(18585) Pause Full (Allocation Failure) 14M->11M(15M) 35.042ms
[289.032s][info][gc] GC(18586) Pause Young (Allocation Failure) 14M->14M(15M) 10.575ms
[289.068s][info][gc] GC(18587) Pause Full (Allocation Failure) 14M->11M(15M) 35.423ms
[289.082s][info][gc] GC(18588) Pause Young (Allocation Failure) 14M->14M(15M) 10.612ms
[289.119s][info][gc] GC(18589) Pause Full (Allocation Failure) 14M->11M(15M) 36.454ms
[289.131s][info][gc] GC(18590) Pause Young (Allocation Failure) 14M->14M(15M) 9.191ms
[289.170s][info][gc] GC(18591) Pause Full (Allocation Failure) 14M->11M(15M) 37.997ms
[289.182s][info][gc] GC(18592) Pause Young (Allocation Failure) 14M->14M(15M) 9.153ms
[289.220s][info][gc] GC(18593) Pause Full (Allocation Failure) 14M->11M(15M) 37.825ms
[289.234s][info][gc] GC(18594) Pause Young (Allocation Failure) 14M->14M(15M) 9.198ms
[289.271s][info][gc] GC(18595) Pause Full (Allocation Failure) 14M->11M(15M) 36.481ms
[289.288s][info][gc] GC(18596) Pause Young (Allocation Failure) 14M->14M(15M) 11.565ms
[289.327s][info][gc] GC(18597) Pause Full (Allocation Failure) 14M->11M(15M) 39.041ms
[289.339s][info][gc] GC(18598) Pause Young (Allocation Failure) 14M->14M(15M) 9.114ms
[289.373s][info][gc] GC(18599) Pause Full (Allocation Failure) 14M->11M(15M) 33.871ms
[289.385s][info][gc] GC(18600) Pause Young (Allocation Failure) 14M->14M(15M) 8.136ms
[289.418s][info][gc] GC(18601) Pause Full (Allocation Failure) 14M->11M(15M) 33.130ms
[289.429s][info][gc] GC(18602) Pause Young (Allocation Failure) 14M->14M(15M) 7.981ms
[289.462s][info][gc] GC(18603) Pause Full (Allocation Failure) 14M->11M(15M) 32.726ms
[289.475s][info][gc] GC(18604) Pause Young (Allocation Failure) 14M->14M(15M) 8.728ms
[289.511s][info][gc] GC(18605) Pause Full (Allocation Failure) 14M->11M(15M) 36.567ms
[289.524s][info][gc] GC(18606) Pause Young (Allocation Failure) 14M->14M(15M) 8.471ms
[289.557s][info][gc] GC(18607) Pause Full (Allocation Failure) 14M->11M(15M) 33.874ms
[289.571s][info][gc] GC(18608) Pause Young (Allocation Failure) 14M->14M(15M) 9.624ms
[289.606s][info][gc] GC(18609) Pause Full (Allocation Failure) 14M->11M(15M) 35.108ms
[289.619s][info][gc] GC(18610) Pause Young (Allocation Failure) 14M->14M(15M) 9.737ms
[289.655s][info][gc] GC(18611) Pause Full (Allocation Failure) 14M->11M(15M) 35.827ms
[289.667s][info][gc] GC(18612) Pause Young (Allocation Failure) 14M->14M(15M) 8.810ms
[289.705s][info][gc] GC(18613) Pause Full (Allocation Failure) 14M->11M(15M) 38.312ms
[289.718s][info][gc] GC(18614) Pause Young (Allocation Failure) 14M->14M(15M) 9.178ms
[289.754s][info][gc] GC(18615) Pause Full (Allocation Failure) 14M->11M(15M) 36.436ms
[289.767s][info][gc] GC(18616) Pause Young (Allocation Failure) 14M->14M(15M) 9.241ms
[289.802s][info][gc] GC(18617) Pause Full (Allocation Failure) 14M->11M(15M) 35.683ms
[289.815s][info][gc] GC(18618) Pause Young (Allocation Failure) 14M->14M(15M) 9.677ms
[289.848s][info][gc] GC(18619) Pause Full (Allocation Failure) 14M->11M(15M) 33.082ms
[289.860s][info][gc] GC(18620) Pause Young (Allocation Failure) 14M->14M(15M) 8.147ms
[289.893s][info][gc] GC(18621) Pause Full (Allocation Failure) 14M->11M(15M) 32.701ms
[289.907s][info][gc] GC(18622) Pause Young (Allocation Failure) 14M->14M(15M) 8.881ms
[289.939s][info][gc] GC(18623) Pause Full (Allocation Failure) 14M->11M(15M) 32.708ms
[289.954s][info][gc] GC(18624) Pause Young (Allocation Failure) 14M->14M(15M) 10.193ms
[289.992s][info][gc] GC(18625) Pause Full (Allocation Failure) 14M->11M(15M) 38.033ms
[290.006s][info][gc] GC(18626) Pause Young (Allocation Failure) 14M->14M(15M) 9.965ms
[290.039s][info][gc] GC(18627) Pause Full (Allocation Failure) 14M->11M(15M) 32.895ms
[290.050s][info][gc] GC(18628) Pause Young (Allocation Failure) 14M->14M(15M) 7.964ms
[290.089s][info][gc] GC(18629) Pause Full (Allocation Failure) 14M->11M(15M) 38.384ms
[290.102s][info][gc] GC(18630) Pause Young (Allocation Failure) 14M->14M(15M) 10.024ms
[290.141s][info][gc] GC(18631) Pause Full (Allocation Failure) 14M->11M(15M) 39.309ms
[290.155s][info][gc] GC(18632) Pause Young (Allocation Failure) 14M->14M(15M) 9.059ms
[290.194s][info][gc] GC(18633) Pause Full (Allocation Failure) 14M->11M(15M) 38.866ms
[290.211s][info][gc] GC(18634) Pause Young (Allocation Failure) 14M->14M(15M) 11.640ms
[290.255s][info][gc] GC(18635) Pause Full (Allocation Failure) 14M->11M(15M) 44.030ms
[290.268s][info][gc] GC(18636) Pause Young (Allocation Failure) 14M->14M(15M) 8.685ms
[290.305s][info][gc] GC(18637) Pause Full (Allocation Failure) 14M->11M(15M) 36.976ms
[290.318s][info][gc] GC(18638) Pause Young (Allocation Failure) 14M->14M(15M) 8.874ms
[290.353s][info][gc] GC(18639) Pause Full (Allocation Failure) 14M->11M(15M) 35.254ms
[290.366s][info][gc] GC(18640) Pause Young (Allocation Failure) 14M->14M(15M) 8.177ms
[290.399s][info][gc] GC(18641) Pause Full (Allocation Failure) 14M->11M(15M) 32.880ms
[290.412s][info][gc] GC(18642) Pause Young (Allocation Failure) 14M->14M(15M) 8.847ms
[290.446s][info][gc] GC(18643) Pause Full (Allocation Failure) 14M->11M(15M) 33.967ms
[290.458s][info][gc] GC(18644) Pause Young (Allocation Failure) 14M->14M(15M) 8.122ms
[290.491s][info][gc] GC(18645) Pause Full (Allocation Failure) 14M->11M(15M) 32.847ms
[290.504s][info][gc] GC(18646) Pause Young (Allocation Failure) 14M->14M(15M) 9.379ms
[290.539s][info][gc] GC(18647) Pause Full (Allocation Failure) 14M->11M(15M) 35.580ms
[290.552s][info][gc] GC(18648) Pause Young (Allocation Failure) 14M->14M(15M) 8.887ms
[290.587s][info][gc] GC(18649) Pause Full (Allocation Failure) 14M->11M(15M) 34.873ms
[290.599s][info][gc] GC(18650) Pause Young (Allocation Failure) 14M->14M(15M) 8.840ms
[290.633s][info][gc] GC(18651) Pause Full (Allocation Failure) 14M->11M(15M) 34.468ms
[290.645s][info][gc] GC(18652) Pause Young (Allocation Failure) 14M->14M(15M) 8.129ms
[290.678s][info][gc] GC(18653) Pause Full (Allocation Failure) 14M->11M(15M) 32.933ms
[290.691s][info][gc] GC(18654) Pause Young (Allocation Failure) 14M->14M(15M) 8.313ms
[290.724s][info][gc] GC(18655) Pause Full (Allocation Failure) 14M->11M(15M) 32.810ms
[290.736s][info][gc] GC(18656) Pause Young (Allocation Failure) 14M->14M(15M) 8.350ms
[290.770s][info][gc] GC(18657) Pause Full (Allocation Failure) 14M->11M(15M) 33.573ms
[290.783s][info][gc] GC(18658) Pause Young (Allocation Failure) 14M->14M(15M) 9.607ms
[290.817s][info][gc] GC(18659) Pause Full (Allocation Failure) 14M->11M(15M) 34.604ms
[290.829s][info][gc] GC(18660) Pause Young (Allocation Failure) 14M->14M(15M) 8.094ms
[290.864s][info][gc] GC(18661) Pause Full (Allocation Failure) 14M->11M(15M) 34.927ms
[290.876s][info][gc] GC(18662) Pause Young (Allocation Failure) 14M->14M(15M) 8.532ms
[290.917s][info][gc] GC(18663) Pause Full (Allocation Failure) 14M->11M(15M) 40.471ms
[290.932s][info][gc] GC(18664) Pause Young (Allocation Failure) 14M->14M(15M) 10.865ms
[290.970s][info][gc] GC(18665) Pause Full (Allocation Failure) 14M->11M(15M) 37.925ms
[290.982s][info][gc] GC(18666) Pause Young (Allocation Failure) 14M->14M(15M) 8.364ms
[291.014s][info][gc] GC(18667) Pause Full (Allocation Failure) 14M->11M(15M) 32.605ms
[291.027s][info][gc] GC(18668) Pause Young (Allocation Failure) 14M->14M(15M) 8.706ms
[291.061s][info][gc] GC(18669) Pause Full (Allocation Failure) 14M->11M(15M) 33.536ms
[291.080s][info][gc] GC(18670) Pause Young (Allocation Failure) 14M->14M(15M) 14.552ms
[291.132s][info][gc] GC(18671) Pause Full (Allocation Failure) 14M->11M(15M) 51.150ms
[291.149s][info][gc] GC(18672) Pause Young (Allocation Failure) 14M->14M(15M) 11.489ms
[291.200s][info][gc] GC(18673) Pause Full (Allocation Failure) 14M->11M(15M) 50.546ms
[291.215s][info][gc] GC(18674) Pause Young (Allocation Failure) 14M->14M(15M) 9.530ms
[291.265s][info][gc] GC(18675) Pause Full (Allocation Failure) 14M->11M(15M) 49.895ms
[291.282s][info][gc] GC(18676) Pause Young (Allocation Failure) 14M->14M(15M) 12.905ms
[291.330s][info][gc] GC(18677) Pause Full (Allocation Failure) 14M->11M(15M) 47.273ms
[291.346s][info][gc] GC(18678) Pause Young (Allocation Failure) 14M->14M(15M) 12.047ms
[291.393s][info][gc] GC(18679) Pause Full (Allocation Failure) 14M->11M(15M) 47.343ms
[291.408s][info][gc] GC(18680) Pause Young (Allocation Failure) 14M->14M(15M) 9.412ms
[291.451s][info][gc] GC(18681) Pause Full (Allocation Failure) 14M->11M(15M) 42.436ms
[291.465s][info][gc] GC(18682) Pause Young (Allocation Failure) 14M->14M(15M) 9.623ms
[291.505s][info][gc] GC(18683) Pause Full (Allocation Failure) 14M->11M(15M) 40.196ms
[291.518s][info][gc] GC(18684) Pause Young (Allocation Failure) 14M->14M(15M) 8.920ms
[291.557s][info][gc] GC(18685) Pause Full (Allocation Failure) 14M->11M(15M) 39.499ms
[291.570s][info][gc] GC(18686) Pause Young (Allocation Failure) 14M->14M(15M) 9.546ms
[291.607s][info][gc] GC(18687) Pause Full (Allocation Failure) 14M->11M(15M) 36.160ms
[291.619s][info][gc] GC(18688) Pause Young (Allocation Failure) 14M->14M(15M) 8.601ms
[291.651s][info][gc] GC(18689) Pause Full (Allocation Failure) 14M->11M(15M) 32.406ms
[291.664s][info][gc] GC(18690) Pause Young (Allocation Failure) 14M->14M(15M) 8.637ms
[291.701s][info][gc] GC(18691) Pause Full (Allocation Failure) 14M->11M(15M) 37.196ms
[291.716s][info][gc] GC(18692) Pause Young (Allocation Failure) 14M->14M(15M) 8.845ms
[291.749s][info][gc] GC(18693) Pause Full (Allocation Failure) 14M->11M(15M) 33.266ms
[291.761s][info][gc] GC(18694) Pause Young (Allocation Failure) 14M->14M(15M) 8.339ms
[291.797s][info][gc] GC(18695) Pause Full (Allocation Failure) 14M->11M(15M) 35.955ms
[291.810s][info][gc] GC(18696) Pause Young (Allocation Failure) 14M->14M(15M) 9.273ms
[291.845s][info][gc] GC(18697) Pause Full (Allocation Failure) 14M->11M(15M) 35.082ms
[291.857s][info][gc] GC(18698) Pause Young (Allocation Failure) 14M->14M(15M) 8.958ms
[291.893s][info][gc] GC(18699) Pause Full (Allocation Failure) 14M->11M(15M) 35.577ms
[291.905s][info][gc] GC(18700) Pause Young (Allocation Failure) 14M->14M(15M) 8.763ms
[291.940s][info][gc] GC(18701) Pause Full (Allocation Failure) 14M->11M(15M) 34.478ms
[291.954s][info][gc] GC(18702) Pause Young (Allocation Failure) 14M->14M(15M) 9.437ms
[291.991s][info][gc] GC(18703) Pause Full (Allocation Failure) 14M->11M(15M) 36.722ms
[292.004s][info][gc] GC(18704) Pause Young (Allocation Failure) 14M->14M(15M) 9.695ms
[292.039s][info][gc] GC(18705) Pause Full (Allocation Failure) 14M->11M(15M) 34.982ms
[292.052s][info][gc] GC(18706) Pause Young (Allocation Failure) 14M->14M(15M) 9.149ms
[292.092s][info][gc] GC(18707) Pause Full (Allocation Failure) 14M->11M(15M) 40.343ms
[292.105s][info][gc] GC(18708) Pause Young (Allocation Failure) 14M->14M(15M) 8.546ms
[292.141s][info][gc] GC(18709) Pause Full (Allocation Failure) 14M->11M(15M) 35.214ms
[292.153s][info][gc] GC(18710) Pause Young (Allocation Failure) 14M->14M(15M) 8.647ms
[292.193s][info][gc] GC(18711) Pause Full (Allocation Failure) 14M->11M(15M) 40.039ms
[292.209s][info][gc] GC(18712) Pause Young (Allocation Failure) 14M->14M(15M) 11.185ms
[292.244s][info][gc] GC(18713) Pause Full (Allocation Failure) 14M->11M(15M) 35.546ms
[292.258s][info][gc] GC(18714) Pause Young (Allocation Failure) 14M->14M(15M) 9.354ms
[292.293s][info][gc] GC(18715) Pause Full (Allocation Failure) 14M->11M(15M) 35.427ms
[292.306s][info][gc] GC(18716) Pause Young (Allocation Failure) 14M->14M(15M) 9.296ms
[292.340s][info][gc] GC(18717) Pause Full (Allocation Failure) 14M->11M(15M) 34.215ms
[292.353s][info][gc] GC(18718) Pause Young (Allocation Failure) 14M->14M(15M) 8.975ms
[292.388s][info][gc] GC(18719) Pause Full (Allocation Failure) 14M->11M(15M) 34.970ms
[292.400s][info][gc] GC(18720) Pause Young (Allocation Failure) 14M->14M(15M) 8.844ms
[292.434s][info][gc] GC(18721) Pause Full (Allocation Failure) 14M->11M(15M) 33.463ms
[292.445s][info][gc] GC(18722) Pause Young (Allocation Failure) 14M->14M(15M) 8.339ms
[292.481s][info][gc] GC(18723) Pause Full (Allocation Failure) 14M->11M(15M) 35.465ms
[292.494s][info][gc] GC(18724) Pause Young (Allocation Failure) 14M->14M(15M) 8.520ms
[292.526s][info][gc] GC(18725) Pause Full (Allocation Failure) 14M->11M(15M) 32.214ms
[292.539s][info][gc] GC(18726) Pause Young (Allocation Failure) 14M->14M(15M) 9.597ms
[292.572s][info][gc] GC(18727) Pause Full (Allocation Failure) 14M->11M(15M) 33.102ms
[292.584s][info][gc] GC(18728) Pause Young (Allocation Failure) 14M->14M(15M) 8.333ms
[292.619s][info][gc] GC(18729) Pause Full (Allocation Failure) 14M->11M(15M) 34.733ms
[292.632s][info][gc] GC(18730) Pause Young (Allocation Failure) 14M->14M(15M) 9.477ms
[292.664s][info][gc] GC(18731) Pause Full (Allocation Failure) 14M->11M(15M) 32.527ms
[292.676s][info][gc] GC(18732) Pause Young (Allocation Failure) 14M->14M(15M) 8.530ms
[292.716s][info][gc] GC(18733) Pause Full (Allocation Failure) 14M->11M(15M) 40.020ms
[292.729s][info][gc] GC(18734) Pause Young (Allocation Failure) 14M->14M(15M) 8.974ms
[292.765s][info][gc] GC(18735) Pause Full (Allocation Failure) 14M->11M(15M) 36.479ms
[292.778s][info][gc] GC(18736) Pause Young (Allocation Failure) 14M->14M(15M) 9.104ms
[292.812s][info][gc] GC(18737) Pause Full (Allocation Failure) 14M->11M(15M) 34.045ms
[292.824s][info][gc] GC(18738) Pause Young (Allocation Failure) 14M->14M(15M) 8.311ms
[292.856s][info][gc] GC(18739) Pause Full (Allocation Failure) 14M->11M(15M) 32.222ms
[292.868s][info][gc] GC(18740) Pause Young (Allocation Failure) 14M->14M(15M) 8.248ms
[292.900s][info][gc] GC(18741) Pause Full (Allocation Failure) 14M->11M(15M) 32.726ms
[292.916s][info][gc] GC(18742) Pause Young (Allocation Failure) 14M->14M(15M) 12.801ms
[292.951s][info][gc] GC(18743) Pause Full (Allocation Failure) 14M->11M(15M) 34.884ms
[292.967s][info][gc] GC(18744) Pause Young (Allocation Failure) 14M->14M(15M) 11.265ms
[293.003s][info][gc] GC(18745) Pause Full (Allocation Failure) 14M->11M(15M) 35.935ms
[293.016s][info][gc] GC(18746) Pause Young (Allocation Failure) 14M->14M(15M) 9.081ms
[293.051s][info][gc] GC(18747) Pause Full (Allocation Failure) 14M->11M(15M) 34.909ms
[293.063s][info][gc] GC(18748) Pause Young (Allocation Failure) 14M->14M(15M) 9.066ms
[293.100s][info][gc] GC(18749) Pause Full (Allocation Failure) 14M->11M(15M) 37.017ms
[293.112s][info][gc] GC(18750) Pause Young (Allocation Failure) 14M->14M(15M) 8.897ms
[293.148s][info][gc] GC(18751) Pause Full (Allocation Failure) 14M->11M(15M) 35.574ms
[293.162s][info][gc] GC(18752) Pause Young (Allocation Failure) 14M->14M(15M) 10.527ms
[293.199s][info][gc] GC(18753) Pause Full (Allocation Failure) 14M->11M(15M) 37.234ms
[293.212s][info][gc] GC(18754) Pause Young (Allocation Failure) 14M->14M(15M) 9.160ms
[293.250s][info][gc] GC(18755) Pause Full (Allocation Failure) 14M->11M(15M) 37.949ms
[293.263s][info][gc] GC(18756) Pause Young (Allocation Failure) 14M->14M(15M) 9.218ms
[293.298s][info][gc] GC(18757) Pause Full (Allocation Failure) 14M->11M(15M) 35.266ms
[293.311s][info][gc] GC(18758) Pause Young (Allocation Failure) 14M->14M(15M) 9.645ms
[293.346s][info][gc] GC(18759) Pause Full (Allocation Failure) 14M->11M(15M) 35.212ms
[293.359s][info][gc] GC(18760) Pause Young (Allocation Failure) 14M->14M(15M) 9.029ms
[293.391s][info][gc] GC(18761) Pause Full (Allocation Failure) 14M->11M(15M) 32.268ms
[293.403s][info][gc] GC(18762) Pause Young (Allocation Failure) 14M->14M(15M) 8.498ms
[293.438s][info][gc] GC(18763) Pause Full (Allocation Failure) 14M->11M(15M) 34.482ms
[293.450s][info][gc] GC(18764) Pause Young (Allocation Failure) 14M->14M(15M) 8.521ms
[293.486s][info][gc] GC(18765) Pause Full (Allocation Failure) 14M->11M(15M) 36.138ms
[293.500s][info][gc] GC(18766) Pause Young (Allocation Failure) 14M->14M(15M) 9.991ms
[293.534s][info][gc] GC(18767) Pause Full (Allocation Failure) 14M->11M(15M) 34.368ms
[293.547s][info][gc] GC(18768) Pause Young (Allocation Failure) 14M->14M(15M) 9.591ms
[293.582s][info][gc] GC(18769) Pause Full (Allocation Failure) 14M->11M(15M) 35.608ms
[293.595s][info][gc] GC(18770) Pause Young (Allocation Failure) 14M->14M(15M) 9.141ms
[293.630s][info][gc] GC(18771) Pause Full (Allocation Failure) 14M->11M(15M) 34.617ms
[293.641s][info][gc] GC(18772) Pause Young (Allocation Failure) 14M->14M(15M) 8.461ms
[293.699s][info][gc] GC(18773) Pause Full (Allocation Failure) 14M->11M(15M) 57.596ms
[293.718s][info][gc] GC(18774) Pause Young (Allocation Failure) 14M->14M(15M) 13.562ms
[293.765s][info][gc] GC(18775) Pause Full (Allocation Failure) 14M->11M(15M) 46.575ms
[293.778s][info][gc] GC(18776) Pause Young (Allocation Failure) 14M->14M(15M) 9.507ms
[293.814s][info][gc] GC(18777) Pause Full (Allocation Failure) 14M->11M(15M) 36.196ms
[293.827s][info][gc] GC(18778) Pause Young (Allocation Failure) 14M->14M(15M) 9.571ms
[293.862s][info][gc] GC(18779) Pause Full (Allocation Failure) 14M->11M(15M) 34.603ms
[293.874s][info][gc] GC(18780) Pause Young (Allocation Failure) 14M->14M(15M) 8.943ms
[293.909s][info][gc] GC(18781) Pause Full (Allocation Failure) 14M->11M(15M) 35.218ms
[293.923s][info][gc] GC(18782) Pause Young (Allocation Failure) 14M->14M(15M) 9.586ms
[293.960s][info][gc] GC(18783) Pause Full (Allocation Failure) 14M->11M(15M) 36.489ms
[293.977s][info][gc] GC(18784) Pause Young (Allocation Failure) 14M->14M(15M) 12.261ms
[294.018s][info][gc] GC(18785) Pause Full (Allocation Failure) 14M->11M(15M) 40.877ms
[294.031s][info][gc] GC(18786) Pause Young (Allocation Failure) 14M->14M(15M) 8.830ms
[294.066s][info][gc] GC(18787) Pause Full (Allocation Failure) 14M->11M(15M) 35.021ms
[294.083s][info][gc] GC(18788) Pause Young (Allocation Failure) 14M->14M(15M) 13.347ms
[294.120s][info][gc] GC(18789) Pause Full (Allocation Failure) 14M->11M(15M) 37.623ms
[294.135s][info][gc] GC(18790) Pause Young (Allocation Failure) 14M->14M(15M) 11.089ms
[294.174s][info][gc] GC(18791) Pause Full (Allocation Failure) 14M->11M(15M) 38.905ms
[294.188s][info][gc] GC(18792) Pause Young (Allocation Failure) 14M->14M(15M) 9.868ms
[294.231s][info][gc] GC(18793) Pause Full (Allocation Failure) 14M->11M(15M) 42.454ms
[294.246s][info][gc] GC(18794) Pause Young (Allocation Failure) 14M->14M(15M) 10.296ms
[294.286s][info][gc] GC(18795) Pause Full (Allocation Failure) 14M->11M(15M) 39.791ms
[294.302s][info][gc] GC(18796) Pause Young (Allocation Failure) 14M->14M(15M) 10.025ms
[294.338s][info][gc] GC(18797) Pause Full (Allocation Failure) 14M->11M(15M) 36.400ms
[294.356s][info][gc] GC(18798) Pause Young (Allocation Failure) 14M->14M(15M) 13.529ms
[294.409s][info][gc] GC(18799) Pause Full (Allocation Failure) 14M->11M(15M) 53.050ms
[294.429s][info][gc] GC(18800) Pause Young (Allocation Failure) 14M->14M(15M) 13.764ms
[294.470s][info][gc] GC(18801) Pause Full (Allocation Failure) 14M->11M(15M) 41.407ms
[294.483s][info][gc] GC(18802) Pause Young (Allocation Failure) 14M->14M(15M) 9.141ms
[294.518s][info][gc] GC(18803) Pause Full (Allocation Failure) 14M->11M(15M) 35.493ms
[294.530s][info][gc] GC(18804) Pause Young (Allocation Failure) 14M->14M(15M) 8.581ms
[294.572s][info][gc] GC(18805) Pause Full (Allocation Failure) 14M->11M(15M) 41.313ms
[294.585s][info][gc] GC(18806) Pause Young (Allocation Failure) 14M->14M(15M) 9.258ms
[294.621s][info][gc] GC(18807) Pause Full (Allocation Failure) 14M->11M(15M) 35.925ms
[294.634s][info][gc] GC(18808) Pause Young (Allocation Failure) 14M->14M(15M) 9.491ms
[294.669s][info][gc] GC(18809) Pause Full (Allocation Failure) 14M->11M(15M) 35.283ms
[294.683s][info][gc] GC(18810) Pause Young (Allocation Failure) 14M->14M(15M) 10.557ms
[294.728s][info][gc] GC(18811) Pause Full (Allocation Failure) 14M->11M(15M) 44.707ms
[294.742s][info][gc] GC(18812) Pause Young (Allocation Failure) 14M->14M(15M) 9.064ms
[294.785s][info][gc] GC(18813) Pause Full (Allocation Failure) 14M->11M(15M) 42.328ms
[294.802s][info][gc] GC(18814) Pause Young (Allocation Failure) 14M->14M(15M) 11.915ms
[294.849s][info][gc] GC(18815) Pause Full (Allocation Failure) 14M->11M(15M) 46.808ms
[294.864s][info][gc] GC(18816) Pause Young (Allocation Failure) 14M->14M(15M) 9.729ms
[294.910s][info][gc] GC(18817) Pause Full (Allocation Failure) 14M->11M(15M) 45.955ms
[294.928s][info][gc] GC(18818) Pause Young (Allocation Failure) 14M->14M(15M) 12.430ms
[294.971s][info][gc] GC(18819) Pause Full (Allocation Failure) 14M->11M(15M) 43.015ms
[294.990s][info][gc] GC(18820) Pause Young (Allocation Failure) 14M->14M(15M) 13.019ms
[295.043s][info][gc] GC(18821) Pause Full (Allocation Failure) 14M->11M(15M) 52.939ms
[295.065s][info][gc] GC(18822) Pause Young (Allocation Failure) 14M->14M(15M) 13.853ms
[295.112s][info][gc] GC(18823) Pause Full (Allocation Failure) 14M->11M(15M) 47.542ms
[295.131s][info][gc] GC(18824) Pause Young (Allocation Failure) 14M->14M(15M) 13.489ms
[295.184s][info][gc] GC(18825) Pause Full (Allocation Failure) 14M->11M(15M) 52.855ms
[295.199s][info][gc] GC(18826) Pause Young (Allocation Failure) 14M->14M(15M) 10.247ms
[295.249s][info][gc] GC(18827) Pause Full (Allocation Failure) 14M->11M(15M) 49.638ms
[295.269s][info][gc] GC(18828) Pause Young (Allocation Failure) 14M->14M(15M) 12.187ms
[295.319s][info][gc] GC(18829) Pause Full (Allocation Failure) 14M->11M(15M) 49.796ms
[295.335s][info][gc] GC(18830) Pause Young (Allocation Failure) 14M->14M(15M) 10.880ms
[295.382s][info][gc] GC(18831) Pause Full (Allocation Failure) 14M->11M(15M) 46.901ms
[295.396s][info][gc] GC(18832) Pause Young (Allocation Failure) 14M->14M(15M) 10.502ms
[295.435s][info][gc] GC(18833) Pause Full (Allocation Failure) 14M->11M(15M) 39.378ms
[295.448s][info][gc] GC(18834) Pause Young (Allocation Failure) 14M->14M(15M) 9.534ms
[295.498s][info][gc] GC(18835) Pause Full (Allocation Failure) 14M->11M(15M) 49.877ms
[295.518s][info][gc] GC(18836) Pause Young (Allocation Failure) 14M->14M(15M) 13.601ms
[295.562s][info][gc] GC(18837) Pause Full (Allocation Failure) 14M->11M(15M) 43.791ms
[295.574s][info][gc] GC(18838) Pause Young (Allocation Failure) 14M->14M(15M) 9.062ms
[295.611s][info][gc] GC(18839) Pause Full (Allocation Failure) 14M->11M(15M) 37.286ms
[295.625s][info][gc] GC(18840) Pause Young (Allocation Failure) 14M->14M(15M) 9.225ms
[295.660s][info][gc] GC(18841) Pause Full (Allocation Failure) 14M->11M(15M) 34.657ms
[295.672s][info][gc] GC(18842) Pause Young (Allocation Failure) 14M->14M(15M) 8.936ms
[295.711s][info][gc] GC(18843) Pause Full (Allocation Failure) 14M->11M(15M) 38.780ms
[295.723s][info][gc] GC(18844) Pause Young (Allocation Failure) 14M->14M(15M) 9.180ms
[295.759s][info][gc] GC(18845) Pause Full (Allocation Failure) 14M->11M(15M) 35.469ms
[295.771s][info][gc] GC(18846) Pause Young (Allocation Failure) 14M->14M(15M) 8.350ms
[295.806s][info][gc] GC(18847) Pause Full (Allocation Failure) 14M->11M(15M) 35.066ms
[295.819s][info][gc] GC(18848) Pause Young (Allocation Failure) 14M->14M(15M) 9.408ms
[295.855s][info][gc] GC(18849) Pause Full (Allocation Failure) 14M->11M(15M) 35.727ms
[295.867s][info][gc] GC(18850) Pause Young (Allocation Failure) 14M->14M(15M) 8.614ms
[295.899s][info][gc] GC(18851) Pause Full (Allocation Failure) 14M->11M(15M) 32.660ms
[295.917s][info][gc] GC(18852) Pause Young (Allocation Failure) 14M->14M(15M) 14.387ms
[295.953s][info][gc] GC(18853) Pause Full (Allocation Failure) 14M->11M(15M) 35.645ms
[295.967s][info][gc] GC(18854) Pause Young (Allocation Failure) 14M->14M(15M) 9.405ms
[296.003s][info][gc] GC(18855) Pause Full (Allocation Failure) 14M->11M(15M) 35.878ms
[296.018s][info][gc] GC(18856) Pause Young (Allocation Failure) 14M->14M(15M) 8.988ms
[296.053s][info][gc] GC(18857) Pause Full (Allocation Failure) 14M->11M(15M) 35.090ms
[296.066s][info][gc] GC(18858) Pause Young (Allocation Failure) 14M->14M(15M) 8.808ms
[296.104s][info][gc] GC(18859) Pause Full (Allocation Failure) 14M->11M(15M) 38.434ms
[296.117s][info][gc] GC(18860) Pause Young (Allocation Failure) 14M->14M(15M) 8.716ms
[296.153s][info][gc] GC(18861) Pause Full (Allocation Failure) 14M->11M(15M) 36.485ms
[296.167s][info][gc] GC(18862) Pause Young (Allocation Failure) 14M->14M(15M) 10.129ms
[296.207s][info][gc] GC(18863) Pause Full (Allocation Failure) 14M->11M(15M) 39.864ms
[296.221s][info][gc] GC(18864) Pause Young (Allocation Failure) 14M->14M(15M) 9.871ms
[296.264s][info][gc] GC(18865) Pause Full (Allocation Failure) 14M->11M(15M) 43.461ms
[296.281s][info][gc] GC(18866) Pause Young (Allocation Failure) 14M->14M(15M) 12.811ms
[296.320s][info][gc] GC(18867) Pause Full (Allocation Failure) 14M->11M(15M) 38.980ms
[296.332s][info][gc] GC(18868) Pause Young (Allocation Failure) 14M->14M(15M) 8.828ms
[296.368s][info][gc] GC(18869) Pause Full (Allocation Failure) 14M->11M(15M) 36.298ms
[296.381s][info][gc] GC(18870) Pause Young (Allocation Failure) 14M->14M(15M) 9.882ms
[296.418s][info][gc] GC(18871) Pause Full (Allocation Failure) 14M->11M(15M) 36.252ms
[296.431s][info][gc] GC(18872) Pause Young (Allocation Failure) 14M->14M(15M) 9.376ms
[296.467s][info][gc] GC(18873) Pause Full (Allocation Failure) 14M->11M(15M) 36.199ms
[296.479s][info][gc] GC(18874) Pause Young (Allocation Failure) 14M->14M(15M) 8.222ms
[296.514s][info][gc] GC(18875) Pause Full (Allocation Failure) 14M->11M(15M) 35.293ms
[296.528s][info][gc] GC(18876) Pause Young (Allocation Failure) 14M->14M(15M) 9.779ms
[296.565s][info][gc] GC(18877) Pause Full (Allocation Failure) 14M->11M(15M) 36.256ms
[296.580s][info][gc] GC(18878) Pause Young (Allocation Failure) 14M->14M(15M) 10.701ms
[296.616s][info][gc] GC(18879) Pause Full (Allocation Failure) 14M->11M(15M) 36.655ms
[296.629s][info][gc] GC(18880) Pause Young (Allocation Failure) 14M->14M(15M) 9.056ms
[296.664s][info][gc] GC(18881) Pause Full (Allocation Failure) 14M->11M(15M) 35.540ms
[296.678s][info][gc] GC(18882) Pause Young (Allocation Failure) 14M->14M(15M) 9.890ms
[296.716s][info][gc] GC(18883) Pause Full (Allocation Failure) 14M->11M(15M) 38.399ms
[296.730s][info][gc] GC(18884) Pause Young (Allocation Failure) 14M->14M(15M) 9.376ms
[296.766s][info][gc] GC(18885) Pause Full (Allocation Failure) 14M->11M(15M) 35.855ms
[296.778s][info][gc] GC(18886) Pause Young (Allocation Failure) 14M->14M(15M) 8.696ms
[296.814s][info][gc] GC(18887) Pause Full (Allocation Failure) 14M->11M(15M) 35.521ms
[296.828s][info][gc] GC(18888) Pause Young (Allocation Failure) 14M->14M(15M) 11.004ms
[296.862s][info][gc] GC(18889) Pause Full (Allocation Failure) 14M->11M(15M) 33.988ms
[296.874s][info][gc] GC(18890) Pause Young (Allocation Failure) 14M->14M(15M) 9.439ms
[296.908s][info][gc] GC(18891) Pause Full (Allocation Failure) 14M->11M(15M) 33.811ms
[296.920s][info][gc] GC(18892) Pause Young (Allocation Failure) 14M->14M(15M) 8.715ms
[296.954s][info][gc] GC(18893) Pause Full (Allocation Failure) 14M->11M(15M) 33.438ms
[296.969s][info][gc] GC(18894) Pause Young (Allocation Failure) 14M->14M(15M) 11.487ms
[297.009s][info][gc] GC(18895) Pause Full (Allocation Failure) 14M->11M(15M) 40.219ms
[297.022s][info][gc] GC(18896) Pause Young (Allocation Failure) 14M->14M(15M) 9.055ms
[297.057s][info][gc] GC(18897) Pause Full (Allocation Failure) 14M->11M(15M) 34.954ms
[297.070s][info][gc] GC(18898) Pause Young (Allocation Failure) 14M->14M(15M) 9.294ms
[297.115s][info][gc] GC(18899) Pause Full (Allocation Failure) 14M->11M(15M) 44.577ms
[297.127s][info][gc] GC(18900) Pause Young (Allocation Failure) 14M->14M(15M) 9.266ms
[297.168s][info][gc] GC(18901) Pause Full (Allocation Failure) 14M->11M(15M) 40.102ms
[297.184s][info][gc] GC(18902) Pause Young (Allocation Failure) 14M->14M(15M) 9.507ms
[297.225s][info][gc] GC(18903) Pause Full (Allocation Failure) 14M->11M(15M) 40.922ms
[297.241s][info][gc] GC(18904) Pause Young (Allocation Failure) 14M->14M(15M) 11.946ms
[297.280s][info][gc] GC(18905) Pause Full (Allocation Failure) 14M->11M(15M) 39.138ms
[297.293s][info][gc] GC(18906) Pause Young (Allocation Failure) 14M->14M(15M) 9.717ms
[297.333s][info][gc] GC(18907) Pause Full (Allocation Failure) 14M->11M(15M) 39.391ms
[297.347s][info][gc] GC(18908) Pause Young (Allocation Failure) 14M->14M(15M) 8.618ms
[297.384s][info][gc] GC(18909) Pause Full (Allocation Failure) 14M->11M(15M) 37.662ms
[297.396s][info][gc] GC(18910) Pause Young (Allocation Failure) 14M->14M(15M) 8.399ms
[297.429s][info][gc] GC(18911) Pause Full (Allocation Failure) 14M->11M(15M) 33.514ms
[297.442s][info][gc] GC(18912) Pause Young (Allocation Failure) 14M->14M(15M) 9.691ms
[297.479s][info][gc] GC(18913) Pause Full (Allocation Failure) 14M->11M(15M) 36.131ms
[297.491s][info][gc] GC(18914) Pause Young (Allocation Failure) 14M->14M(15M) 9.014ms
[297.524s][info][gc] GC(18915) Pause Full (Allocation Failure) 14M->11M(15M) 32.928ms
[297.537s][info][gc] GC(18916) Pause Young (Allocation Failure) 14M->14M(15M) 9.254ms
[297.575s][info][gc] GC(18917) Pause Full (Allocation Failure) 14M->11M(15M) 37.271ms
[297.586s][info][gc] GC(18918) Pause Young (Allocation Failure) 14M->14M(15M) 8.243ms
[297.621s][info][gc] GC(18919) Pause Full (Allocation Failure) 14M->11M(15M) 34.452ms
[297.633s][info][gc] GC(18920) Pause Young (Allocation Failure) 14M->14M(15M) 8.780ms
[297.666s][info][gc] GC(18921) Pause Full (Allocation Failure) 14M->11M(15M) 33.507ms
[297.679s][info][gc] GC(18922) Pause Young (Allocation Failure) 14M->14M(15M) 8.825ms
[297.718s][info][gc] GC(18923) Pause Full (Allocation Failure) 14M->11M(15M) 38.875ms
[297.731s][info][gc] GC(18924) Pause Young (Allocation Failure) 14M->14M(15M) 8.804ms
[297.766s][info][gc] GC(18925) Pause Full (Allocation Failure) 14M->11M(15M) 35.305ms
[297.779s][info][gc] GC(18926) Pause Young (Allocation Failure) 14M->14M(15M) 8.899ms
[297.814s][info][gc] GC(18927) Pause Full (Allocation Failure) 14M->11M(15M) 35.246ms
[297.826s][info][gc] GC(18928) Pause Young (Allocation Failure) 14M->14M(15M) 8.848ms
[297.861s][info][gc] GC(18929) Pause Full (Allocation Failure) 14M->11M(15M) 34.325ms
[297.873s][info][gc] GC(18930) Pause Young (Allocation Failure) 14M->14M(15M) 8.515ms
[297.907s][info][gc] GC(18931) Pause Full (Allocation Failure) 14M->11M(15M) 33.618ms
[297.922s][info][gc] GC(18932) Pause Young (Allocation Failure) 14M->14M(15M) 9.712ms
[297.955s][info][gc] GC(18933) Pause Full (Allocation Failure) 14M->11M(15M) 32.873ms
[297.968s][info][gc] GC(18934) Pause Young (Allocation Failure) 14M->14M(15M) 9.882ms
[298.004s][info][gc] GC(18935) Pause Full (Allocation Failure) 14M->11M(15M) 35.768ms
[298.018s][info][gc] GC(18936) Pause Young (Allocation Failure) 14M->14M(15M) 9.021ms
[298.054s][info][gc] GC(18937) Pause Full (Allocation Failure) 14M->11M(15M) 36.362ms
[298.067s][info][gc] GC(18938) Pause Young (Allocation Failure) 14M->14M(15M) 8.672ms
[298.106s][info][gc] GC(18939) Pause Full (Allocation Failure) 14M->11M(15M) 38.831ms
[298.118s][info][gc] GC(18940) Pause Young (Allocation Failure) 14M->14M(15M) 9.410ms
[298.155s][info][gc] GC(18941) Pause Full (Allocation Failure) 14M->11M(15M) 36.126ms
[298.166s][info][gc] GC(18942) Pause Young (Allocation Failure) 14M->14M(15M) 8.558ms
[298.201s][info][gc] GC(18943) Pause Full (Allocation Failure) 14M->11M(15M) 34.115ms
[298.215s][info][gc] GC(18944) Pause Young (Allocation Failure) 14M->14M(15M) 9.266ms
[298.251s][info][gc] GC(18945) Pause Full (Allocation Failure) 14M->11M(15M) 36.343ms
[298.264s][info][gc] GC(18946) Pause Young (Allocation Failure) 14M->14M(15M) 9.097ms
[298.300s][info][gc] GC(18947) Pause Full (Allocation Failure) 14M->11M(15M) 35.815ms
[298.312s][info][gc] GC(18948) Pause Young (Allocation Failure) 14M->14M(15M) 9.235ms
[298.348s][info][gc] GC(18949) Pause Full (Allocation Failure) 14M->11M(15M) 35.826ms
[298.363s][info][gc] GC(18950) Pause Young (Allocation Failure) 14M->14M(15M) 11.537ms
[298.398s][info][gc] GC(18951) Pause Full (Allocation Failure) 14M->11M(15M) 35.085ms
[298.411s][info][gc] GC(18952) Pause Young (Allocation Failure) 14M->14M(15M) 9.667ms
[298.447s][info][gc] GC(18953) Pause Full (Allocation Failure) 14M->11M(15M) 35.546ms
[298.460s][info][gc] GC(18954) Pause Young (Allocation Failure) 14M->14M(15M) 9.423ms
[298.492s][info][gc] GC(18955) Pause Full (Allocation Failure) 14M->11M(15M) 32.766ms
[298.506s][info][gc] GC(18956) Pause Young (Allocation Failure) 14M->14M(15M) 9.360ms
[298.541s][info][gc] GC(18957) Pause Full (Allocation Failure) 14M->11M(15M) 35.290ms
[298.553s][info][gc] GC(18958) Pause Young (Allocation Failure) 14M->14M(15M) 9.001ms
[298.587s][info][gc] GC(18959) Pause Full (Allocation Failure) 14M->11M(15M) 34.178ms
[298.599s][info][gc] GC(18960) Pause Young (Allocation Failure) 14M->14M(15M) 8.156ms
[298.633s][info][gc] GC(18961) Pause Full (Allocation Failure) 14M->11M(15M) 33.101ms
[298.646s][info][gc] GC(18962) Pause Young (Allocation Failure) 14M->14M(15M) 9.737ms
[298.680s][info][gc] GC(18963) Pause Full (Allocation Failure) 14M->11M(15M) 34.190ms
[298.694s][info][gc] GC(18964) Pause Young (Allocation Failure) 14M->14M(15M) 8.676ms
[298.727s][info][gc] GC(18965) Pause Full (Allocation Failure) 14M->11M(15M) 32.790ms
[298.738s][info][gc] GC(18966) Pause Young (Allocation Failure) 14M->14M(15M) 8.548ms
[298.774s][info][gc] GC(18967) Pause Full (Allocation Failure) 14M->11M(15M) 35.488ms
[298.787s][info][gc] GC(18968) Pause Young (Allocation Failure) 14M->14M(15M) 8.941ms
[298.821s][info][gc] GC(18969) Pause Full (Allocation Failure) 14M->11M(15M) 34.186ms
[298.833s][info][gc] GC(18970) Pause Young (Allocation Failure) 14M->14M(15M) 9.089ms
[298.868s][info][gc] GC(18971) Pause Full (Allocation Failure) 14M->11M(15M) 34.011ms
[298.879s][info][gc] GC(18972) Pause Young (Allocation Failure) 14M->14M(15M) 8.087ms
[298.919s][info][gc] GC(18973) Pause Full (Allocation Failure) 14M->11M(15M) 40.449ms
[298.934s][info][gc] GC(18974) Pause Young (Allocation Failure) 14M->14M(15M) 10.828ms
[298.971s][info][gc] GC(18975) Pause Full (Allocation Failure) 14M->11M(15M) 36.240ms
[298.984s][info][gc] GC(18976) Pause Young (Allocation Failure) 14M->14M(15M) 9.614ms
[299.021s][info][gc] GC(18977) Pause Full (Allocation Failure) 14M->11M(15M) 36.908ms
[299.033s][info][gc] GC(18978) Pause Young (Allocation Failure) 14M->14M(15M) 9.277ms
[299.069s][info][gc] GC(18979) Pause Full (Allocation Failure) 14M->11M(15M) 35.524ms
[299.083s][info][gc] GC(18980) Pause Young (Allocation Failure) 14M->14M(15M) 9.965ms
[299.126s][info][gc] GC(18981) Pause Full (Allocation Failure) 14M->11M(15M) 42.803ms
[299.139s][info][gc] GC(18982) Pause Young (Allocation Failure) 14M->14M(15M) 9.198ms
[299.176s][info][gc] GC(18983) Pause Full (Allocation Failure) 14M->11M(15M) 37.102ms
[299.189s][info][gc] GC(18984) Pause Young (Allocation Failure) 14M->14M(15M) 8.836ms
[299.229s][info][gc] GC(18985) Pause Full (Allocation Failure) 14M->11M(15M) 40.241ms
[299.242s][info][gc] GC(18986) Pause Young (Allocation Failure) 14M->14M(15M) 9.313ms
[299.278s][info][gc] GC(18987) Pause Full (Allocation Failure) 14M->11M(15M) 35.515ms
[299.290s][info][gc] GC(18988) Pause Young (Allocation Failure) 14M->14M(15M) 8.402ms
[299.323s][info][gc] GC(18989) Pause Full (Allocation Failure) 14M->11M(15M) 33.429ms
[299.336s][info][gc] GC(18990) Pause Young (Allocation Failure) 14M->14M(15M) 9.325ms
[299.369s][info][gc] GC(18991) Pause Full (Allocation Failure) 14M->11M(15M) 32.895ms
[299.383s][info][gc] GC(18992) Pause Young (Allocation Failure) 14M->14M(15M) 9.501ms
[299.419s][info][gc] GC(18993) Pause Full (Allocation Failure) 14M->11M(15M) 36.608ms
[299.432s][info][gc] GC(18994) Pause Young (Allocation Failure) 14M->14M(15M) 8.903ms
[299.467s][info][gc] GC(18995) Pause Full (Allocation Failure) 14M->11M(15M) 35.803ms
[299.480s][info][gc] GC(18996) Pause Young (Allocation Failure) 14M->14M(15M) 8.914ms
[299.514s][info][gc] GC(18997) Pause Full (Allocation Failure) 14M->11M(15M) 33.982ms
[299.527s][info][gc] GC(18998) Pause Young (Allocation Failure) 14M->14M(15M) 9.687ms
[299.560s][info][gc] GC(18999) Pause Full (Allocation Failure) 14M->11M(15M) 33.436ms
[299.572s][info][gc] GC(19000) Pause Young (Allocation Failure) 14M->14M(15M) 8.180ms
[299.605s][info][gc] GC(19001) Pause Full (Allocation Failure) 14M->11M(15M) 33.218ms
[299.617s][info][gc] GC(19002) Pause Young (Allocation Failure) 14M->14M(15M) 8.435ms
[299.653s][info][gc] GC(19003) Pause Full (Allocation Failure) 14M->11M(15M) 36.005ms
[299.665s][info][gc] GC(19004) Pause Young (Allocation Failure) 14M->14M(15M) 8.854ms
[299.707s][info][gc] GC(19005) Pause Full (Allocation Failure) 14M->11M(15M) 41.759ms
[299.720s][info][gc] GC(19006) Pause Young (Allocation Failure) 14M->14M(15M) 9.058ms
[299.756s][info][gc] GC(19007) Pause Full (Allocation Failure) 14M->11M(15M) 36.155ms
[299.769s][info][gc] GC(19008) Pause Young (Allocation Failure) 14M->14M(15M) 9.388ms
[299.802s][info][gc] GC(19009) Pause Full (Allocation Failure) 14M->11M(15M) 33.456ms
[299.815s][info][gc] GC(19010) Pause Young (Allocation Failure) 14M->14M(15M) 8.798ms
[299.851s][info][gc] GC(19011) Pause Full (Allocation Failure) 14M->11M(15M) 36.724ms
[299.864s][info][gc] GC(19012) Pause Young (Allocation Failure) 14M->14M(15M) 8.436ms
[299.902s][info][gc] GC(19013) Pause Full (Allocation Failure) 14M->11M(15M) 37.647ms
[299.917s][info][gc] GC(19014) Pause Young (Allocation Failure) 14M->14M(15M) 11.755ms
[299.952s][info][gc] GC(19015) Pause Full (Allocation Failure) 14M->11M(15M) 35.080ms
[299.971s][info][gc] GC(19016) Pause Young (Allocation Failure) 14M->14M(15M) 14.168ms
[300.012s][info][gc] GC(19017) Pause Full (Allocation Failure) 14M->11M(15M) 40.939ms
[300.026s][info][gc] GC(19018) Pause Young (Allocation Failure) 14M->14M(15M) 10.393ms
[300.062s][info][gc] GC(19019) Pause Full (Allocation Failure) 14M->11M(15M) 35.278ms
[300.079s][info][gc] GC(19020) Pause Young (Allocation Failure) 14M->14M(15M) 13.756ms
[300.123s][info][gc] GC(19021) Pause Full (Allocation Failure) 14M->11M(15M) 43.649ms
[300.137s][info][gc] GC(19022) Pause Young (Allocation Failure) 14M->14M(15M) 10.166ms
[300.180s][info][gc] GC(19023) Pause Full (Allocation Failure) 14M->11M(15M) 42.306ms
[300.194s][info][gc] GC(19024) Pause Young (Allocation Failure) 14M->14M(15M) 10.747ms
[300.231s][info][gc] GC(19025) Pause Full (Allocation Failure) 14M->11M(15M) 36.603ms
[300.244s][info][gc] GC(19026) Pause Young (Allocation Failure) 14M->14M(15M) 9.260ms
[300.282s][info][gc] GC(19027) Pause Full (Allocation Failure) 14M->11M(15M) 38.402ms
[300.294s][info][gc] GC(19028) Pause Young (Allocation Failure) 14M->14M(15M) 8.358ms
[300.331s][info][gc] GC(19029) Pause Full (Allocation Failure) 14M->11M(15M) 37.201ms
[300.343s][info][gc] GC(19030) Pause Young (Allocation Failure) 14M->14M(15M) 8.727ms
[300.379s][info][gc] GC(19031) Pause Full (Allocation Failure) 14M->11M(15M) 35.424ms
[300.395s][info][gc] GC(19032) Pause Young (Allocation Failure) 14M->14M(15M) 12.996ms
[300.430s][info][gc] GC(19033) Pause Full (Allocation Failure) 14M->11M(15M) 34.513ms
[300.443s][info][gc] GC(19034) Pause Young (Allocation Failure) 14M->14M(15M) 9.270ms
[300.477s][info][gc] GC(19035) Pause Full (Allocation Failure) 14M->11M(15M) 33.953ms
[300.490s][info][gc] GC(19036) Pause Young (Allocation Failure) 14M->14M(15M) 9.565ms
[300.527s][info][gc] GC(19037) Pause Full (Allocation Failure) 14M->11M(15M) 37.492ms
[300.540s][info][gc] GC(19038) Pause Young (Allocation Failure) 14M->14M(15M) 8.846ms
[300.577s][info][gc] GC(19039) Pause Full (Allocation Failure) 14M->11M(15M) 37.036ms
[300.591s][info][gc] GC(19040) Pause Young (Allocation Failure) 14M->14M(15M) 9.544ms
[300.626s][info][gc] GC(19041) Pause Full (Allocation Failure) 14M->11M(15M) 34.215ms
[300.639s][info][gc] GC(19042) Pause Young (Allocation Failure) 14M->14M(15M) 10.263ms
[300.675s][info][gc] GC(19043) Pause Full (Allocation Failure) 14M->11M(15M) 35.441ms
[300.689s][info][gc] GC(19044) Pause Young (Allocation Failure) 14M->14M(15M) 11.335ms
[300.724s][info][gc] GC(19045) Pause Full (Allocation Failure) 14M->11M(15M) 34.218ms
[300.736s][info][gc] GC(19046) Pause Young (Allocation Failure) 14M->14M(15M) 8.824ms
[300.771s][info][gc] GC(19047) Pause Full (Allocation Failure) 14M->11M(15M) 34.716ms
[300.782s][info][gc] GC(19048) Pause Young (Allocation Failure) 14M->14M(15M) 8.123ms
[300.814s][info][gc] GC(19049) Pause Full (Allocation Failure) 14M->11M(15M) 32.236ms
[300.826s][info][gc] GC(19050) Pause Young (Allocation Failure) 14M->14M(15M) 8.215ms
[300.863s][info][gc] GC(19051) Pause Full (Allocation Failure) 14M->11M(15M) 36.515ms
[300.876s][info][gc] GC(19052) Pause Young (Allocation Failure) 14M->14M(15M) 9.363ms
[300.912s][info][gc] GC(19053) Pause Full (Allocation Failure) 14M->11M(15M) 36.460ms
[300.927s][info][gc] GC(19054) Pause Young (Allocation Failure) 14M->14M(15M) 9.996ms
[300.964s][info][gc] GC(19055) Pause Full (Allocation Failure) 14M->11M(15M) 36.702ms
[300.978s][info][gc] GC(19056) Pause Young (Allocation Failure) 14M->14M(15M) 9.119ms
[301.016s][info][gc] GC(19057) Pause Full (Allocation Failure) 14M->11M(15M) 37.034ms
[301.028s][info][gc] GC(19058) Pause Young (Allocation Failure) 14M->14M(15M) 8.447ms
[301.064s][info][gc] GC(19059) Pause Full (Allocation Failure) 14M->11M(15M) 35.823ms
[301.079s][info][gc] GC(19060) Pause Young (Allocation Failure) 14M->14M(15M) 9.122ms
[301.116s][info][gc] GC(19061) Pause Full (Allocation Failure) 14M->11M(15M) 36.618ms
[301.132s][info][gc] GC(19062) Pause Young (Allocation Failure) 14M->14M(15M) 10.676ms
[301.169s][info][gc] GC(19063) Pause Full (Allocation Failure) 14M->11M(15M) 37.241ms
[301.183s][info][gc] GC(19064) Pause Young (Allocation Failure) 14M->14M(15M) 9.235ms
[301.222s][info][gc] GC(19065) Pause Full (Allocation Failure) 14M->11M(15M) 38.268ms
[301.234s][info][gc] GC(19066) Pause Young (Allocation Failure) 14M->14M(15M) 9.430ms
[301.269s][info][gc] GC(19067) Pause Full (Allocation Failure) 14M->11M(15M) 34.966ms
[301.282s][info][gc] GC(19068) Pause Young (Allocation Failure) 14M->14M(15M) 9.476ms
[301.316s][info][gc] GC(19069) Pause Full (Allocation Failure) 14M->11M(15M) 34.116ms
[301.330s][info][gc] GC(19070) Pause Young (Allocation Failure) 14M->14M(15M) 10.736ms
[301.369s][info][gc] GC(19071) Pause Full (Allocation Failure) 14M->11M(15M) 38.431ms
[301.381s][info][gc] GC(19072) Pause Young (Allocation Failure) 14M->14M(15M) 8.131ms
[301.421s][info][gc] GC(19073) Pause Full (Allocation Failure) 14M->11M(15M) 39.680ms
[301.434s][info][gc] GC(19074) Pause Young (Allocation Failure) 14M->14M(15M) 9.840ms
[301.469s][info][gc] GC(19075) Pause Full (Allocation Failure) 14M->11M(15M) 34.754ms
[301.482s][info][gc] GC(19076) Pause Young (Allocation Failure) 14M->14M(15M) 9.223ms
[301.516s][info][gc] GC(19077) Pause Full (Allocation Failure) 14M->11M(15M) 34.656ms
[301.529s][info][gc] GC(19078) Pause Young (Allocation Failure) 14M->14M(15M) 9.050ms
[301.562s][info][gc] GC(19079) Pause Full (Allocation Failure) 14M->11M(15M) 33.024ms
[301.575s][info][gc] GC(19080) Pause Young (Allocation Failure) 14M->14M(15M) 9.053ms
[301.610s][info][gc] GC(19081) Pause Full (Allocation Failure) 14M->11M(15M) 35.589ms
[301.623s][info][gc] GC(19082) Pause Young (Allocation Failure) 14M->14M(15M) 9.492ms
[301.657s][info][gc] GC(19083) Pause Full (Allocation Failure) 14M->11M(15M) 33.430ms
[301.669s][info][gc] GC(19084) Pause Young (Allocation Failure) 14M->14M(15M) 8.546ms
[301.705s][info][gc] GC(19085) Pause Full (Allocation Failure) 14M->11M(15M) 36.180ms
[301.717s][info][gc] GC(19086) Pause Young (Allocation Failure) 14M->14M(15M) 8.791ms
[301.754s][info][gc] GC(19087) Pause Full (Allocation Failure) 14M->11M(15M) 36.515ms
[301.766s][info][gc] GC(19088) Pause Young (Allocation Failure) 14M->14M(15M) 9.036ms
[301.801s][info][gc] GC(19089) Pause Full (Allocation Failure) 14M->11M(15M) 34.553ms
[301.813s][info][gc] GC(19090) Pause Young (Allocation Failure) 14M->14M(15M) 9.007ms
[301.848s][info][gc] GC(19091) Pause Full (Allocation Failure) 14M->11M(15M) 34.936ms
[301.861s][info][gc] GC(19092) Pause Young (Allocation Failure) 14M->14M(15M) 8.867ms
[301.894s][info][gc] GC(19093) Pause Full (Allocation Failure) 14M->11M(15M) 33.476ms
[301.906s][info][gc] GC(19094) Pause Young (Allocation Failure) 14M->14M(15M) 8.387ms
[301.941s][info][gc] GC(19095) Pause Full (Allocation Failure) 14M->11M(15M) 34.145ms
[301.954s][info][gc] GC(19096) Pause Young (Allocation Failure) 14M->14M(15M) 9.457ms
[301.988s][info][gc] GC(19097) Pause Full (Allocation Failure) 14M->11M(15M) 34.487ms
[302.002s][info][gc] GC(19098) Pause Young (Allocation Failure) 14M->14M(15M) 9.572ms
[302.039s][info][gc] GC(19099) Pause Full (Allocation Failure) 14M->11M(15M) 37.552ms
[302.053s][info][gc] GC(19100) Pause Young (Allocation Failure) 14M->14M(15M) 9.059ms
[302.098s][info][gc] GC(19101) Pause Full (Allocation Failure) 14M->11M(15M) 45.285ms
[302.113s][info][gc] GC(19102) Pause Young (Allocation Failure) 14M->14M(15M) 10.164ms
[302.150s][info][gc] GC(19103) Pause Full (Allocation Failure) 14M->11M(15M) 37.004ms
[302.164s][info][gc] GC(19104) Pause Young (Allocation Failure) 14M->14M(15M) 9.331ms
[302.201s][info][gc] GC(19105) Pause Full (Allocation Failure) 14M->11M(15M) 36.853ms
[302.214s][info][gc] GC(19106) Pause Young (Allocation Failure) 14M->14M(15M) 9.428ms
[302.251s][info][gc] GC(19107) Pause Full (Allocation Failure) 14M->11M(15M) 37.320ms
[302.264s][info][gc] GC(19108) Pause Young (Allocation Failure) 14M->14M(15M) 9.415ms
[302.299s][info][gc] GC(19109) Pause Full (Allocation Failure) 14M->11M(15M) 35.410ms
[302.313s][info][gc] GC(19110) Pause Young (Allocation Failure) 14M->14M(15M) 8.646ms
[302.349s][info][gc] GC(19111) Pause Full (Allocation Failure) 14M->11M(15M) 35.744ms
[302.361s][info][gc] GC(19112) Pause Young (Allocation Failure) 14M->14M(15M) 8.740ms
[302.396s][info][gc] GC(19113) Pause Full (Allocation Failure) 14M->11M(15M) 35.556ms
[302.409s][info][gc] GC(19114) Pause Young (Allocation Failure) 14M->14M(15M) 8.940ms
[302.443s][info][gc] GC(19115) Pause Full (Allocation Failure) 14M->11M(15M) 33.865ms
[302.455s][info][gc] GC(19116) Pause Young (Allocation Failure) 14M->14M(15M) 9.382ms
[302.492s][info][gc] GC(19117) Pause Full (Allocation Failure) 14M->11M(15M) 36.540ms
[302.504s][info][gc] GC(19118) Pause Young (Allocation Failure) 14M->14M(15M) 9.644ms
[302.538s][info][gc] GC(19119) Pause Full (Allocation Failure) 14M->11M(15M) 33.838ms
[302.552s][info][gc] GC(19120) Pause Young (Allocation Failure) 14M->14M(15M) 10.597ms
[302.585s][info][gc] GC(19121) Pause Full (Allocation Failure) 14M->11M(15M) 32.513ms
[302.597s][info][gc] GC(19122) Pause Young (Allocation Failure) 14M->14M(15M) 8.969ms
[302.631s][info][gc] GC(19123) Pause Full (Allocation Failure) 14M->11M(15M) 33.899ms
[302.643s][info][gc] GC(19124) Pause Young (Allocation Failure) 14M->14M(15M) 8.566ms
[302.676s][info][gc] GC(19125) Pause Full (Allocation Failure) 14M->11M(15M) 32.760ms
[302.690s][info][gc] GC(19126) Pause Young (Allocation Failure) 14M->14M(15M) 10.367ms
[302.723s][info][gc] GC(19127) Pause Full (Allocation Failure) 14M->11M(15M) 32.447ms
[302.736s][info][gc] GC(19128) Pause Young (Allocation Failure) 14M->14M(15M) 9.840ms
[302.773s][info][gc] GC(19129) Pause Full (Allocation Failure) 14M->11M(15M) 37.115ms
[302.785s][info][gc] GC(19130) Pause Young (Allocation Failure) 14M->14M(15M) 8.579ms
[302.821s][info][gc] GC(19131) Pause Full (Allocation Failure) 14M->11M(15M) 36.187ms
[302.833s][info][gc] GC(19132) Pause Young (Allocation Failure) 14M->14M(15M) 8.945ms
[302.869s][info][gc] GC(19133) Pause Full (Allocation Failure) 14M->11M(15M) 35.983ms
[302.882s][info][gc] GC(19134) Pause Young (Allocation Failure) 14M->14M(15M) 9.134ms
[302.917s][info][gc] GC(19135) Pause Full (Allocation Failure) 14M->11M(15M) 35.681ms
[302.931s][info][gc] GC(19136) Pause Young (Allocation Failure) 14M->14M(15M) 9.263ms
[302.968s][info][gc] GC(19137) Pause Full (Allocation Failure) 14M->11M(15M) 37.149ms
[302.981s][info][gc] GC(19138) Pause Young (Allocation Failure) 14M->14M(15M) 9.845ms
[303.019s][info][gc] GC(19139) Pause Full (Allocation Failure) 14M->11M(15M) 37.533ms
[303.031s][info][gc] GC(19140) Pause Young (Allocation Failure) 14M->14M(15M) 8.435ms
[303.065s][info][gc] GC(19141) Pause Full (Allocation Failure) 14M->11M(15M) 33.696ms
[303.080s][info][gc] GC(19142) Pause Young (Allocation Failure) 14M->14M(15M) 10.992ms
[303.123s][info][gc] GC(19143) Pause Full (Allocation Failure) 14M->11M(15M) 43.325ms
[303.136s][info][gc] GC(19144) Pause Young (Allocation Failure) 14M->14M(15M) 9.099ms
[303.184s][info][gc] GC(19145) Pause Full (Allocation Failure) 14M->11M(15M) 47.803ms
[303.196s][info][gc] GC(19146) Pause Young (Allocation Failure) 14M->14M(15M) 9.195ms
[303.245s][info][gc] GC(19147) Pause Full (Allocation Failure) 14M->11M(15M) 49.037ms
[303.262s][info][gc] GC(19148) Pause Young (Allocation Failure) 14M->14M(15M) 12.477ms
[303.310s][info][gc] GC(19149) Pause Full (Allocation Failure) 14M->11M(15M) 47.208ms
[303.323s][info][gc] GC(19150) Pause Young (Allocation Failure) 14M->14M(15M) 10.072ms
[303.364s][info][gc] GC(19151) Pause Full (Allocation Failure) 14M->11M(15M) 40.232ms
[303.382s][info][gc] GC(19152) Pause Young (Allocation Failure) 14M->14M(15M) 13.053ms
[303.426s][info][gc] GC(19153) Pause Full (Allocation Failure) 14M->11M(15M) 44.555ms
[303.443s][info][gc] GC(19154) Pause Young (Allocation Failure) 14M->14M(15M) 13.065ms
[303.494s][info][gc] GC(19155) Pause Full (Allocation Failure) 14M->11M(15M) 50.431ms
[303.506s][info][gc] GC(19156) Pause Young (Allocation Failure) 14M->14M(15M) 9.078ms
[303.542s][info][gc] GC(19157) Pause Full (Allocation Failure) 14M->11M(15M) 36.201ms
[303.557s][info][gc] GC(19158) Pause Young (Allocation Failure) 14M->14M(15M) 8.939ms
[303.593s][info][gc] GC(19159) Pause Full (Allocation Failure) 14M->11M(15M) 36.809ms
[303.607s][info][gc] GC(19160) Pause Young (Allocation Failure) 14M->14M(15M) 9.771ms
[303.642s][info][gc] GC(19161) Pause Full (Allocation Failure) 14M->11M(15M) 34.991ms
[303.654s][info][gc] GC(19162) Pause Young (Allocation Failure) 14M->14M(15M) 8.909ms
[303.696s][info][gc] GC(19163) Pause Full (Allocation Failure) 14M->11M(15M) 42.067ms
[303.713s][info][gc] GC(19164) Pause Young (Allocation Failure) 14M->14M(15M) 11.740ms
[303.750s][info][gc] GC(19165) Pause Full (Allocation Failure) 14M->11M(15M) 36.786ms
[303.762s][info][gc] GC(19166) Pause Young (Allocation Failure) 14M->14M(15M) 8.912ms
[303.798s][info][gc] GC(19167) Pause Full (Allocation Failure) 14M->11M(15M) 35.364ms
[303.810s][info][gc] GC(19168) Pause Young (Allocation Failure) 14M->14M(15M) 9.160ms
[303.846s][info][gc] GC(19169) Pause Full (Allocation Failure) 14M->11M(15M) 35.377ms
[303.858s][info][gc] GC(19170) Pause Young (Allocation Failure) 14M->14M(15M) 8.592ms
[303.891s][info][gc] GC(19171) Pause Full (Allocation Failure) 14M->11M(15M) 33.161ms
[303.903s][info][gc] GC(19172) Pause Young (Allocation Failure) 14M->14M(15M) 8.766ms
[303.941s][info][gc] GC(19173) Pause Full (Allocation Failure) 14M->11M(15M) 37.698ms
[303.957s][info][gc] GC(19174) Pause Young (Allocation Failure) 14M->14M(15M) 11.093ms
[303.993s][info][gc] GC(19175) Pause Full (Allocation Failure) 14M->11M(15M) 36.069ms
[304.006s][info][gc] GC(19176) Pause Young (Allocation Failure) 14M->14M(15M) 8.528ms
[304.041s][info][gc] GC(19177) Pause Full (Allocation Failure) 14M->11M(15M) 34.397ms
[304.052s][info][gc] GC(19178) Pause Young (Allocation Failure) 14M->14M(15M) 8.528ms
[304.091s][info][gc] GC(19179) Pause Full (Allocation Failure) 14M->11M(15M) 38.976ms
[304.105s][info][gc] GC(19180) Pause Young (Allocation Failure) 14M->14M(15M) 9.236ms
[304.142s][info][gc] GC(19181) Pause Full (Allocation Failure) 14M->11M(15M) 37.167ms
[304.157s][info][gc] GC(19182) Pause Young (Allocation Failure) 14M->14M(15M) 10.107ms
[304.196s][info][gc] GC(19183) Pause Full (Allocation Failure) 14M->11M(15M) 39.272ms
[304.210s][info][gc] GC(19184) Pause Young (Allocation Failure) 14M->14M(15M) 9.842ms
[304.246s][info][gc] GC(19185) Pause Full (Allocation Failure) 14M->11M(15M) 35.663ms
[304.258s][info][gc] GC(19186) Pause Young (Allocation Failure) 14M->14M(15M) 9.266ms
[304.294s][info][gc] GC(19187) Pause Full (Allocation Failure) 14M->11M(15M) 35.519ms
[304.306s][info][gc] GC(19188) Pause Young (Allocation Failure) 14M->14M(15M) 9.338ms
[304.340s][info][gc] GC(19189) Pause Full (Allocation Failure) 14M->11M(15M) 33.175ms
[304.353s][info][gc] GC(19190) Pause Young (Allocation Failure) 14M->14M(15M) 10.178ms
[304.387s][info][gc] GC(19191) Pause Full (Allocation Failure) 14M->11M(15M) 34.138ms
[304.400s][info][gc] GC(19192) Pause Young (Allocation Failure) 14M->14M(15M) 9.235ms
[304.435s][info][gc] GC(19193) Pause Full (Allocation Failure) 14M->11M(15M) 34.735ms
[304.446s][info][gc] GC(19194) Pause Young (Allocation Failure) 14M->14M(15M) 8.460ms
[304.480s][info][gc] GC(19195) Pause Full (Allocation Failure) 14M->11M(15M) 33.669ms
[304.495s][info][gc] GC(19196) Pause Young (Allocation Failure) 14M->14M(15M) 8.304ms
[304.529s][info][gc] GC(19197) Pause Full (Allocation Failure) 14M->11M(15M) 34.011ms
[304.541s][info][gc] GC(19198) Pause Young (Allocation Failure) 14M->14M(15M) 9.435ms
[304.576s][info][gc] GC(19199) Pause Full (Allocation Failure) 14M->11M(15M) 35.069ms
[304.588s][info][gc] GC(19200) Pause Young (Allocation Failure) 14M->14M(15M) 8.529ms
[304.625s][info][gc] GC(19201) Pause Full (Allocation Failure) 14M->11M(15M) 36.449ms
[304.637s][info][gc] GC(19202) Pause Young (Allocation Failure) 14M->14M(15M) 8.736ms
[304.670s][info][gc] GC(19203) Pause Full (Allocation Failure) 14M->11M(15M) 32.883ms
[304.683s][info][gc] GC(19204) Pause Young (Allocation Failure) 14M->14M(15M) 10.482ms
[304.719s][info][gc] GC(19205) Pause Full (Allocation Failure) 14M->11M(15M) 35.407ms
[304.731s][info][gc] GC(19206) Pause Young (Allocation Failure) 14M->14M(15M) 9.411ms
[304.767s][info][gc] GC(19207) Pause Full (Allocation Failure) 14M->11M(15M) 35.082ms
[304.779s][info][gc] GC(19208) Pause Young (Allocation Failure) 14M->14M(15M) 9.521ms
[304.820s][info][gc] GC(19209) Pause Full (Allocation Failure) 14M->11M(15M) 40.592ms
[304.836s][info][gc] GC(19210) Pause Young (Allocation Failure) 14M->14M(15M) 12.000ms
[304.880s][info][gc] GC(19211) Pause Full (Allocation Failure) 14M->11M(15M) 44.502ms
[304.894s][info][gc] GC(19212) Pause Young (Allocation Failure) 14M->14M(15M) 9.455ms
[304.932s][info][gc] GC(19213) Pause Full (Allocation Failure) 14M->11M(15M) 37.876ms
[304.952s][info][gc] GC(19214) Pause Young (Allocation Failure) 14M->14M(15M) 14.124ms
[305.004s][info][gc] GC(19215) Pause Full (Allocation Failure) 14M->11M(15M) 51.803ms
[305.022s][info][gc] GC(19216) Pause Young (Allocation Failure) 14M->14M(15M) 13.424ms
[305.069s][info][gc] GC(19217) Pause Full (Allocation Failure) 14M->11M(15M) 47.101ms
[305.089s][info][gc] GC(19218) Pause Young (Allocation Failure) 14M->14M(15M) 13.469ms
[305.140s][info][gc] GC(19219) Pause Full (Allocation Failure) 14M->11M(15M) 50.843ms
[305.158s][info][gc] GC(19220) Pause Young (Allocation Failure) 14M->14M(15M) 13.386ms
[305.203s][info][gc] GC(19221) Pause Full (Allocation Failure) 14M->11M(15M) 44.595ms
[305.222s][info][gc] GC(19222) Pause Young (Allocation Failure) 14M->14M(15M) 13.624ms
[305.267s][info][gc] GC(19223) Pause Full (Allocation Failure) 14M->11M(15M) 45.234ms
[305.285s][info][gc] GC(19224) Pause Young (Allocation Failure) 14M->14M(15M) 13.500ms
[305.330s][info][gc] GC(19225) Pause Full (Allocation Failure) 14M->11M(15M) 44.556ms
[305.346s][info][gc] GC(19226) Pause Young (Allocation Failure) 14M->14M(15M) 12.444ms
[305.395s][info][gc] GC(19227) Pause Full (Allocation Failure) 14M->11M(15M) 48.440ms
[305.413s][info][gc] GC(19228) Pause Young (Allocation Failure) 14M->14M(15M) 13.059ms
[305.461s][info][gc] GC(19229) Pause Full (Allocation Failure) 14M->11M(15M) 48.687ms
[305.478s][info][gc] GC(19230) Pause Young (Allocation Failure) 14M->14M(15M) 11.895ms
[305.522s][info][gc] GC(19231) Pause Full (Allocation Failure) 14M->11M(15M) 43.593ms
[305.538s][info][gc] GC(19232) Pause Young (Allocation Failure) 14M->14M(15M) 12.753ms
[305.585s][info][gc] GC(19233) Pause Full (Allocation Failure) 14M->11M(15M) 46.813ms
[305.600s][info][gc] GC(19234) Pause Young (Allocation Failure) 14M->14M(15M) 10.575ms
[305.639s][info][gc] GC(19235) Pause Full (Allocation Failure) 14M->11M(15M) 38.323ms
[305.651s][info][gc] GC(19236) Pause Young (Allocation Failure) 14M->14M(15M) 9.488ms
[305.689s][info][gc] GC(19237) Pause Full (Allocation Failure) 14M->11M(15M) 37.724ms
[305.702s][info][gc] GC(19238) Pause Young (Allocation Failure) 14M->14M(15M) 9.393ms
[305.737s][info][gc] GC(19239) Pause Full (Allocation Failure) 14M->11M(15M) 35.157ms
[305.749s][info][gc] GC(19240) Pause Young (Allocation Failure) 14M->14M(15M) 8.257ms
[305.782s][info][gc] GC(19241) Pause Full (Allocation Failure) 14M->11M(15M) 33.751ms
[305.795s][info][gc] GC(19242) Pause Young (Allocation Failure) 14M->14M(15M) 9.935ms
[305.829s][info][gc] GC(19243) Pause Full (Allocation Failure) 14M->11M(15M) 33.739ms
[305.842s][info][gc] GC(19244) Pause Young (Allocation Failure) 14M->14M(15M) 9.731ms
[305.880s][info][gc] GC(19245) Pause Full (Allocation Failure) 14M->11M(15M) 37.613ms
[305.893s][info][gc] GC(19246) Pause Young (Allocation Failure) 14M->14M(15M) 9.906ms
[305.930s][info][gc] GC(19247) Pause Full (Allocation Failure) 14M->11M(15M) 36.494ms
[305.946s][info][gc] GC(19248) Pause Young (Allocation Failure) 14M->14M(15M) 12.993ms
[305.985s][info][gc] GC(19249) Pause Full (Allocation Failure) 14M->11M(15M) 38.487ms
[305.998s][info][gc] GC(19250) Pause Young (Allocation Failure) 14M->14M(15M) 10.338ms
[306.041s][info][gc] GC(19251) Pause Full (Allocation Failure) 14M->11M(15M) 42.711ms
[306.055s][info][gc] GC(19252) Pause Young (Allocation Failure) 14M->14M(15M) 9.455ms
[306.102s][info][gc] GC(19253) Pause Full (Allocation Failure) 14M->11M(15M) 47.243ms
[306.119s][info][gc] GC(19254) Pause Young (Allocation Failure) 14M->14M(15M) 12.737ms
[306.169s][info][gc] GC(19255) Pause Full (Allocation Failure) 14M->11M(15M) 49.608ms
[306.186s][info][gc] GC(19256) Pause Young (Allocation Failure) 14M->14M(15M) 10.394ms
[306.238s][info][gc] GC(19257) Pause Full (Allocation Failure) 14M->11M(15M) 51.837ms
[306.252s][info][gc] GC(19258) Pause Young (Allocation Failure) 14M->14M(15M) 10.134ms
[306.292s][info][gc] GC(19259) Pause Full (Allocation Failure) 14M->11M(15M) 39.128ms
[306.304s][info][gc] GC(19260) Pause Young (Allocation Failure) 14M->14M(15M) 9.398ms
[306.343s][info][gc] GC(19261) Pause Full (Allocation Failure) 14M->11M(15M) 39.325ms
[306.356s][info][gc] GC(19262) Pause Young (Allocation Failure) 14M->14M(15M) 8.885ms
[306.388s][info][gc] GC(19263) Pause Full (Allocation Failure) 14M->11M(15M) 32.798ms
[306.401s][info][gc] GC(19264) Pause Young (Allocation Failure) 14M->14M(15M) 8.391ms
[306.435s][info][gc] GC(19265) Pause Full (Allocation Failure) 14M->11M(15M) 33.727ms
[306.447s][info][gc] GC(19266) Pause Young (Allocation Failure) 14M->14M(15M) 8.360ms
[306.479s][info][gc] GC(19267) Pause Full (Allocation Failure) 14M->11M(15M) 32.657ms
[306.491s][info][gc] GC(19268) Pause Young (Allocation Failure) 14M->14M(15M) 8.478ms
[306.527s][info][gc] GC(19269) Pause Full (Allocation Failure) 14M->11M(15M) 35.899ms
[306.541s][info][gc] GC(19270) Pause Young (Allocation Failure) 14M->14M(15M) 10.501ms
[306.580s][info][gc] GC(19271) Pause Full (Allocation Failure) 14M->11M(15M) 39.057ms
[306.593s][info][gc] GC(19272) Pause Young (Allocation Failure) 14M->14M(15M) 9.371ms
[306.628s][info][gc] GC(19273) Pause Full (Allocation Failure) 14M->11M(15M) 35.419ms
[306.641s][info][gc] GC(19274) Pause Young (Allocation Failure) 14M->14M(15M) 8.376ms
[306.675s][info][gc] GC(19275) Pause Full (Allocation Failure) 14M->11M(15M) 34.285ms
[306.692s][info][gc] GC(19276) Pause Young (Allocation Failure) 14M->14M(15M) 13.386ms
[306.733s][info][gc] GC(19277) Pause Full (Allocation Failure) 14M->11M(15M) 41.221ms
[306.745s][info][gc] GC(19278) Pause Young (Allocation Failure) 14M->14M(15M) 8.733ms
[306.780s][info][gc] GC(19279) Pause Full (Allocation Failure) 14M->11M(15M) 34.978ms
[306.795s][info][gc] GC(19280) Pause Young (Allocation Failure) 14M->14M(15M) 11.040ms
[306.829s][info][gc] GC(19281) Pause Full (Allocation Failure) 14M->11M(15M) 34.110ms
[306.841s][info][gc] GC(19282) Pause Young (Allocation Failure) 14M->14M(15M) 8.796ms
[306.875s][info][gc] GC(19283) Pause Full (Allocation Failure) 14M->11M(15M) 33.644ms
[306.887s][info][gc] GC(19284) Pause Young (Allocation Failure) 14M->14M(15M) 8.780ms
[306.925s][info][gc] GC(19285) Pause Full (Allocation Failure) 14M->11M(15M) 37.318ms
[306.942s][info][gc] GC(19286) Pause Young (Allocation Failure) 14M->14M(15M) 12.776ms
[306.982s][info][gc] GC(19287) Pause Full (Allocation Failure) 14M->11M(15M) 39.807ms
[306.995s][info][gc] GC(19288) Pause Young (Allocation Failure) 14M->14M(15M) 8.963ms
[307.030s][info][gc] GC(19289) Pause Full (Allocation Failure) 14M->11M(15M) 35.398ms
[307.042s][info][gc] GC(19290) Pause Young (Allocation Failure) 14M->14M(15M) 8.645ms
[307.081s][info][gc] GC(19291) Pause Full (Allocation Failure) 14M->11M(15M) 38.271ms
[307.095s][info][gc] GC(19292) Pause Young (Allocation Failure) 14M->14M(15M) 9.439ms
[307.128s][info][gc] GC(19293) Pause Full (Allocation Failure) 14M->11M(15M) 33.367ms
[307.142s][info][gc] GC(19294) Pause Young (Allocation Failure) 14M->14M(15M) 9.725ms
[307.178s][info][gc] GC(19295) Pause Full (Allocation Failure) 14M->11M(15M) 35.813ms
[307.193s][info][gc] GC(19296) Pause Young (Allocation Failure) 14M->14M(15M) 11.233ms
[307.237s][info][gc] GC(19297) Pause Full (Allocation Failure) 14M->11M(15M) 43.959ms
[307.249s][info][gc] GC(19298) Pause Young (Allocation Failure) 14M->14M(15M) 8.846ms
[307.286s][info][gc] GC(19299) Pause Full (Allocation Failure) 14M->11M(15M) 36.455ms
[307.297s][info][gc] GC(19300) Pause Young (Allocation Failure) 14M->14M(15M) 8.270ms
[307.331s][info][gc] GC(19301) Pause Full (Allocation Failure) 14M->11M(15M) 34.022ms
[307.344s][info][gc] GC(19302) Pause Young (Allocation Failure) 14M->14M(15M) 8.917ms
[307.376s][info][gc] GC(19303) Pause Full (Allocation Failure) 14M->11M(15M) 32.187ms
[307.388s][info][gc] GC(19304) Pause Young (Allocation Failure) 14M->14M(15M) 8.760ms
[307.422s][info][gc] GC(19305) Pause Full (Allocation Failure) 14M->11M(15M) 33.280ms
[307.434s][info][gc] GC(19306) Pause Young (Allocation Failure) 14M->14M(15M) 8.307ms
[307.474s][info][gc] GC(19307) Pause Full (Allocation Failure) 14M->11M(15M) 40.512ms
[307.492s][info][gc] GC(19308) Pause Young (Allocation Failure) 14M->14M(15M) 14.261ms
[307.529s][info][gc] GC(19309) Pause Full (Allocation Failure) 14M->11M(15M) 36.720ms
[307.541s][info][gc] GC(19310) Pause Young (Allocation Failure) 14M->14M(15M) 9.097ms
[307.575s][info][gc] GC(19311) Pause Full (Allocation Failure) 14M->11M(15M) 34.028ms
[307.592s][info][gc] GC(19312) Pause Young (Allocation Failure) 14M->14M(15M) 10.221ms
[307.633s][info][gc] GC(19313) Pause Full (Allocation Failure) 14M->11M(15M) 40.436ms
[307.646s][info][gc] GC(19314) Pause Young (Allocation Failure) 14M->14M(15M) 9.024ms
[307.680s][info][gc] GC(19315) Pause Full (Allocation Failure) 14M->11M(15M) 33.953ms
[307.697s][info][gc] GC(19316) Pause Young (Allocation Failure) 14M->14M(15M) 11.262ms
[307.732s][info][gc] GC(19317) Pause Full (Allocation Failure) 14M->11M(15M) 34.408ms
[307.746s][info][gc] GC(19318) Pause Young (Allocation Failure) 14M->14M(15M) 10.092ms
[307.779s][info][gc] GC(19319) Pause Full (Allocation Failure) 14M->11M(15M) 33.659ms
[307.794s][info][gc] GC(19320) Pause Young (Allocation Failure) 14M->14M(15M) 9.659ms
[307.831s][info][gc] GC(19321) Pause Full (Allocation Failure) 14M->11M(15M) 37.119ms
[307.844s][info][gc] GC(19322) Pause Young (Allocation Failure) 14M->14M(15M) 9.992ms
[307.877s][info][gc] GC(19323) Pause Full (Allocation Failure) 14M->11M(15M) 32.696ms
[307.891s][info][gc] GC(19324) Pause Young (Allocation Failure) 14M->14M(15M) 10.086ms
[307.926s][info][gc] GC(19325) Pause Full (Allocation Failure) 14M->11M(15M) 34.927ms
[307.941s][info][gc] GC(19326) Pause Young (Allocation Failure) 14M->14M(15M) 11.907ms
[307.975s][info][gc] GC(19327) Pause Full (Allocation Failure) 14M->11M(15M) 34.136ms
[307.988s][info][gc] GC(19328) Pause Young (Allocation Failure) 14M->14M(15M) 9.696ms
[308.023s][info][gc] GC(19329) Pause Full (Allocation Failure) 14M->11M(15M) 34.137ms
[308.037s][info][gc] GC(19330) Pause Young (Allocation Failure) 14M->14M(15M) 9.531ms
[308.076s][info][gc] GC(19331) Pause Full (Allocation Failure) 14M->11M(15M) 39.735ms
[308.093s][info][gc] GC(19332) Pause Young (Allocation Failure) 14M->14M(15M) 11.475ms
[308.136s][info][gc] GC(19333) Pause Full (Allocation Failure) 14M->11M(15M) 43.019ms
[308.153s][info][gc] GC(19334) Pause Young (Allocation Failure) 14M->14M(15M) 10.720ms
[308.193s][info][gc] GC(19335) Pause Full (Allocation Failure) 14M->11M(15M) 40.142ms
[308.210s][info][gc] GC(19336) Pause Young (Allocation Failure) 14M->14M(15M) 11.502ms
[308.248s][info][gc] GC(19337) Pause Full (Allocation Failure) 14M->11M(15M) 37.604ms
[308.263s][info][gc] GC(19338) Pause Young (Allocation Failure) 14M->14M(15M) 10.116ms
[308.297s][info][gc] GC(19339) Pause Full (Allocation Failure) 14M->11M(15M) 33.745ms
[308.312s][info][gc] GC(19340) Pause Young (Allocation Failure) 14M->14M(15M) 8.908ms
[308.344s][info][gc] GC(19341) Pause Full (Allocation Failure) 14M->11M(15M) 31.894ms
[308.358s][info][gc] GC(19342) Pause Young (Allocation Failure) 14M->14M(15M) 9.521ms
[308.391s][info][gc] GC(19343) Pause Full (Allocation Failure) 14M->11M(15M) 32.183ms
[308.406s][info][gc] GC(19344) Pause Young (Allocation Failure) 14M->14M(15M) 10.377ms
[308.438s][info][gc] GC(19345) Pause Full (Allocation Failure) 14M->11M(15M) 31.828ms
[308.453s][info][gc] GC(19346) Pause Young (Allocation Failure) 14M->14M(15M) 9.596ms
[308.485s][info][gc] GC(19347) Pause Full (Allocation Failure) 14M->11M(15M) 31.832ms
[308.497s][info][gc] GC(19348) Pause Young (Allocation Failure) 14M->14M(15M) 8.394ms
[308.532s][info][gc] GC(19349) Pause Full (Allocation Failure) 14M->11M(15M) 34.407ms
[308.545s][info][gc] GC(19350) Pause Young (Allocation Failure) 14M->14M(15M) 8.877ms
[308.581s][info][gc] GC(19351) Pause Full (Allocation Failure) 14M->11M(15M) 35.448ms
[308.595s][info][gc] GC(19352) Pause Young (Allocation Failure) 14M->14M(15M) 8.693ms
[308.628s][info][gc] GC(19353) Pause Full (Allocation Failure) 14M->11M(15M) 33.314ms
[308.642s][info][gc] GC(19354) Pause Young (Allocation Failure) 14M->14M(15M) 9.190ms
[308.673s][info][gc] GC(19355) Pause Full (Allocation Failure) 14M->11M(15M) 31.412ms
[308.691s][info][gc] GC(19356) Pause Young (Allocation Failure) 14M->14M(15M) 12.607ms
[308.722s][info][gc] GC(19357) Pause Full (Allocation Failure) 14M->11M(15M) 31.560ms
[308.735s][info][gc] GC(19358) Pause Young (Allocation Failure) 14M->14M(15M) 8.403ms
[308.767s][info][gc] GC(19359) Pause Full (Allocation Failure) 14M->11M(15M) 31.843ms
[308.783s][info][gc] GC(19360) Pause Young (Allocation Failure) 14M->14M(15M) 10.382ms
[308.816s][info][gc] GC(19361) Pause Full (Allocation Failure) 14M->11M(15M) 32.662ms
[308.832s][info][gc] GC(19362) Pause Young (Allocation Failure) 14M->14M(15M) 11.126ms
[308.867s][info][gc] GC(19363) Pause Full (Allocation Failure) 14M->11M(15M) 34.383ms
[308.881s][info][gc] GC(19364) Pause Young (Allocation Failure) 14M->14M(15M) 9.403ms
[308.915s][info][gc] GC(19365) Pause Full (Allocation Failure) 14M->11M(15M) 34.096ms
[308.931s][info][gc] GC(19366) Pause Young (Allocation Failure) 14M->14M(15M) 10.409ms
[308.965s][info][gc] GC(19367) Pause Full (Allocation Failure) 14M->11M(15M) 34.626ms
[308.983s][info][gc] GC(19368) Pause Young (Allocation Failure) 14M->14M(15M) 12.185ms
[309.020s][info][gc] GC(19369) Pause Full (Allocation Failure) 14M->11M(15M) 36.231ms
[309.035s][info][gc] GC(19370) Pause Young (Allocation Failure) 14M->14M(15M) 9.768ms
[309.070s][info][gc] GC(19371) Pause Full (Allocation Failure) 14M->11M(15M) 35.220ms
[309.085s][info][gc] GC(19372) Pause Young (Allocation Failure) 14M->14M(15M) 11.566ms
[309.127s][info][gc] GC(19373) Pause Full (Allocation Failure) 14M->11M(15M) 41.531ms
[309.143s][info][gc] GC(19374) Pause Young (Allocation Failure) 14M->14M(15M) 11.663ms
[309.180s][info][gc] GC(19375) Pause Full (Allocation Failure) 14M->11M(15M) 37.178ms
[309.196s][info][gc] GC(19376) Pause Young (Allocation Failure) 14M->14M(15M) 12.477ms
[309.233s][info][gc] GC(19377) Pause Full (Allocation Failure) 14M->11M(15M) 36.864ms
[309.247s][info][gc] GC(19378) Pause Young (Allocation Failure) 14M->14M(15M) 9.304ms
[309.283s][info][gc] GC(19379) Pause Full (Allocation Failure) 14M->11M(15M) 36.459ms
[309.299s][info][gc] GC(19380) Pause Young (Allocation Failure) 14M->14M(15M) 10.170ms
[309.335s][info][gc] GC(19381) Pause Full (Allocation Failure) 14M->11M(15M) 35.665ms
[309.349s][info][gc] GC(19382) Pause Young (Allocation Failure) 14M->14M(15M) 9.256ms
[309.381s][info][gc] GC(19383) Pause Full (Allocation Failure) 14M->11M(15M) 31.986ms
[309.393s][info][gc] GC(19384) Pause Young (Allocation Failure) 14M->14M(15M) 9.123ms
[309.426s][info][gc] GC(19385) Pause Full (Allocation Failure) 14M->11M(15M) 32.845ms
[309.442s][info][gc] GC(19386) Pause Young (Allocation Failure) 14M->14M(15M) 10.436ms
[309.477s][info][gc] GC(19387) Pause Full (Allocation Failure) 14M->11M(15M) 35.105ms
[309.493s][info][gc] GC(19388) Pause Young (Allocation Failure) 14M->14M(15M) 10.806ms
[309.527s][info][gc] GC(19389) Pause Full (Allocation Failure) 14M->11M(15M) 33.962ms
[309.541s][info][gc] GC(19390) Pause Young (Allocation Failure) 14M->14M(15M) 8.995ms
[309.579s][info][gc] GC(19391) Pause Full (Allocation Failure) 14M->11M(15M) 37.215ms
[309.593s][info][gc] GC(19392) Pause Young (Allocation Failure) 14M->14M(15M) 9.148ms
[309.626s][info][gc] GC(19393) Pause Full (Allocation Failure) 14M->11M(15M) 32.946ms
[309.642s][info][gc] GC(19394) Pause Young (Allocation Failure) 14M->14M(15M) 10.776ms
[309.673s][info][gc] GC(19395) Pause Full (Allocation Failure) 14M->11M(15M) 31.286ms
[309.693s][info][gc] GC(19396) Pause Young (Allocation Failure) 14M->14M(15M) 13.937ms
[309.728s][info][gc] GC(19397) Pause Full (Allocation Failure) 14M->11M(15M) 34.613ms
[309.742s][info][gc] GC(19398) Pause Young (Allocation Failure) 14M->14M(15M) 9.315ms
[309.774s][info][gc] GC(19399) Pause Full (Allocation Failure) 14M->11M(15M) 32.142ms
[309.791s][info][gc] GC(19400) Pause Young (Allocation Failure) 14M->14M(15M) 12.616ms
[309.836s][info][gc] GC(19401) Pause Full (Allocation Failure) 14M->11M(15M) 44.617ms
[309.852s][info][gc] GC(19402) Pause Young (Allocation Failure) 14M->14M(15M) 12.964ms
[309.899s][info][gc] GC(19403) Pause Full (Allocation Failure) 14M->11M(15M) 46.351ms
[309.912s][info][gc] GC(19404) Pause Young (Allocation Failure) 14M->14M(15M) 9.783ms
[309.957s][info][gc] GC(19405) Pause Full (Allocation Failure) 14M->11M(15M) 44.089ms
[309.974s][info][gc] GC(19406) Pause Young (Allocation Failure) 14M->14M(15M) 12.281ms
[310.013s][info][gc] GC(19407) Pause Full (Allocation Failure) 14M->11M(15M) 39.109ms
[310.028s][info][gc] GC(19408) Pause Young (Allocation Failure) 14M->14M(15M) 9.730ms
[310.063s][info][gc] GC(19409) Pause Full (Allocation Failure) 14M->11M(15M) 34.262ms
[310.076s][info][gc] GC(19410) Pause Young (Allocation Failure) 14M->14M(15M) 9.417ms
[310.114s][info][gc] GC(19411) Pause Full (Allocation Failure) 14M->11M(15M) 37.967ms
[310.128s][info][gc] GC(19412) Pause Young (Allocation Failure) 14M->14M(15M) 10.983ms
[310.165s][info][gc] GC(19413) Pause Full (Allocation Failure) 14M->11M(15M) 36.617ms
[310.178s][info][gc] GC(19414) Pause Young (Allocation Failure) 14M->14M(15M) 10.056ms
[310.213s][info][gc] GC(19415) Pause Full (Allocation Failure) 14M->11M(15M) 34.581ms
[310.224s][info][gc] GC(19416) Pause Young (Allocation Failure) 14M->14M(15M) 8.220ms
[310.256s][info][gc] GC(19417) Pause Full (Allocation Failure) 14M->11M(15M) 31.824ms
[310.269s][info][gc] GC(19418) Pause Young (Allocation Failure) 14M->14M(15M) 9.413ms
[310.305s][info][gc] GC(19419) Pause Full (Allocation Failure) 14M->11M(15M) 36.260ms
[310.318s][info][gc] GC(19420) Pause Young (Allocation Failure) 14M->14M(15M) 8.958ms
[310.349s][info][gc] GC(19421) Pause Full (Allocation Failure) 14M->11M(15M) 31.646ms
[310.362s][info][gc] GC(19422) Pause Young (Allocation Failure) 14M->14M(15M) 9.028ms
[310.396s][info][gc] GC(19423) Pause Full (Allocation Failure) 14M->11M(15M) 34.221ms
[310.409s][info][gc] GC(19424) Pause Young (Allocation Failure) 14M->14M(15M) 9.730ms
[310.444s][info][gc] GC(19425) Pause Full (Allocation Failure) 14M->11M(15M) 34.899ms
[310.455s][info][gc] GC(19426) Pause Young (Allocation Failure) 14M->14M(15M) 7.987ms
[310.488s][info][gc] GC(19427) Pause Full (Allocation Failure) 14M->11M(15M) 33.109ms
[310.500s][info][gc] GC(19428) Pause Young (Allocation Failure) 14M->14M(15M) 8.509ms
[310.532s][info][gc] GC(19429) Pause Full (Allocation Failure) 14M->11M(15M) 31.819ms
[310.544s][info][gc] GC(19430) Pause Young (Allocation Failure) 14M->14M(15M) 8.740ms
[310.576s][info][gc] GC(19431) Pause Full (Allocation Failure) 14M->11M(15M) 32.120ms
[310.589s][info][gc] GC(19432) Pause Young (Allocation Failure) 14M->14M(15M) 8.203ms
[310.623s][info][gc] GC(19433) Pause Full (Allocation Failure) 14M->11M(15M) 33.649ms
[310.635s][info][gc] GC(19434) Pause Young (Allocation Failure) 14M->14M(15M) 8.919ms
[310.668s][info][gc] GC(19435) Pause Full (Allocation Failure) 14M->11M(15M) 32.628ms
[310.679s][info][gc] GC(19436) Pause Young (Allocation Failure) 14M->14M(15M) 8.423ms
[310.717s][info][gc] GC(19437) Pause Full (Allocation Failure) 14M->11M(15M) 37.166ms
[310.728s][info][gc] GC(19438) Pause Young (Allocation Failure) 14M->14M(15M) 8.478ms
[310.761s][info][gc] GC(19439) Pause Full (Allocation Failure) 14M->11M(15M) 32.198ms
[310.772s][info][gc] GC(19440) Pause Young (Allocation Failure) 14M->14M(15M) 8.103ms
[310.804s][info][gc] GC(19441) Pause Full (Allocation Failure) 14M->11M(15M) 32.262ms
[310.816s][info][gc] GC(19442) Pause Young (Allocation Failure) 14M->14M(15M) 8.140ms
[310.849s][info][gc] GC(19443) Pause Full (Allocation Failure) 14M->11M(15M) 33.059ms
[310.862s][info][gc] GC(19444) Pause Young (Allocation Failure) 14M->14M(15M) 10.120ms
[310.893s][info][gc] GC(19445) Pause Full (Allocation Failure) 14M->11M(15M) 31.050ms
[310.906s][info][gc] GC(19446) Pause Young (Allocation Failure) 14M->14M(15M) 9.211ms
[310.942s][info][gc] GC(19447) Pause Full (Allocation Failure) 14M->11M(15M) 36.480ms
[310.956s][info][gc] GC(19448) Pause Young (Allocation Failure) 14M->14M(15M) 9.741ms
[310.991s][info][gc] GC(19449) Pause Full (Allocation Failure) 14M->11M(15M) 34.902ms
[311.003s][info][gc] GC(19450) Pause Young (Allocation Failure) 14M->14M(15M) 8.833ms
[311.036s][info][gc] GC(19451) Pause Full (Allocation Failure) 14M->11M(15M) 32.544ms
[311.049s][info][gc] GC(19452) Pause Young (Allocation Failure) 14M->14M(15M) 9.281ms
[311.086s][info][gc] GC(19453) Pause Full (Allocation Failure) 14M->11M(15M) 37.096ms
[311.101s][info][gc] GC(19454) Pause Young (Allocation Failure) 14M->14M(15M) 9.412ms
[311.136s][info][gc] GC(19455) Pause Full (Allocation Failure) 14M->11M(15M) 35.058ms
[311.149s][info][gc] GC(19456) Pause Young (Allocation Failure) 14M->14M(15M) 8.933ms
[311.180s][info][gc] GC(19457) Pause Full (Allocation Failure) 14M->11M(15M) 31.025ms
[311.195s][info][gc] GC(19458) Pause Young (Allocation Failure) 14M->14M(15M) 12.223ms
[311.233s][info][gc] GC(19459) Pause Full (Allocation Failure) 14M->11M(15M) 37.386ms
[311.245s][info][gc] GC(19460) Pause Young (Allocation Failure) 14M->14M(15M) 9.211ms
[311.279s][info][gc] GC(19461) Pause Full (Allocation Failure) 14M->11M(15M) 33.285ms
[311.291s][info][gc] GC(19462) Pause Young (Allocation Failure) 14M->14M(15M) 8.875ms
[311.326s][info][gc] GC(19463) Pause Full (Allocation Failure) 14M->11M(15M) 34.857ms
[311.337s][info][gc] GC(19464) Pause Young (Allocation Failure) 14M->14M(15M) 8.457ms
[311.372s][info][gc] GC(19465) Pause Full (Allocation Failure) 14M->11M(15M) 35.055ms
[311.385s][info][gc] GC(19466) Pause Young (Allocation Failure) 14M->14M(15M) 9.168ms
[311.416s][info][gc] GC(19467) Pause Full (Allocation Failure) 14M->11M(15M) 31.288ms
[311.428s][info][gc] GC(19468) Pause Young (Allocation Failure) 14M->14M(15M) 8.562ms
[311.459s][info][gc] GC(19469) Pause Full (Allocation Failure) 14M->11M(15M) 31.241ms
[311.471s][info][gc] GC(19470) Pause Young (Allocation Failure) 14M->14M(15M) 8.620ms
[311.502s][info][gc] GC(19471) Pause Full (Allocation Failure) 14M->11M(15M) 31.068ms
[311.514s][info][gc] GC(19472) Pause Young (Allocation Failure) 14M->14M(15M) 8.760ms
[311.548s][info][gc] GC(19473) Pause Full (Allocation Failure) 14M->11M(15M) 33.139ms
[311.560s][info][gc] GC(19474) Pause Young (Allocation Failure) 14M->14M(15M) 9.259ms
[311.600s][info][gc] GC(19475) Pause Full (Allocation Failure) 14M->11M(15M) 40.042ms
[311.613s][info][gc] GC(19476) Pause Young (Allocation Failure) 14M->14M(15M) 8.617ms
[311.644s][info][gc] GC(19477) Pause Full (Allocation Failure) 14M->11M(15M) 31.258ms
[311.656s][info][gc] GC(19478) Pause Young (Allocation Failure) 14M->14M(15M) 8.712ms
[311.690s][info][gc] GC(19479) Pause Full (Allocation Failure) 14M->11M(15M) 34.084ms
[311.703s][info][gc] GC(19480) Pause Young (Allocation Failure) 14M->14M(15M) 9.574ms
[311.736s][info][gc] GC(19481) Pause Full (Allocation Failure) 14M->11M(15M) 33.174ms
[311.748s][info][gc] GC(19482) Pause Young (Allocation Failure) 14M->14M(15M) 8.593ms
[311.783s][info][gc] GC(19483) Pause Full (Allocation Failure) 14M->11M(15M) 34.609ms
[311.796s][info][gc] GC(19484) Pause Young (Allocation Failure) 14M->14M(15M) 9.910ms
[311.829s][info][gc] GC(19485) Pause Full (Allocation Failure) 14M->11M(15M) 33.233ms
[311.842s][info][gc] GC(19486) Pause Young (Allocation Failure) 14M->14M(15M) 9.619ms
[311.873s][info][gc] GC(19487) Pause Full (Allocation Failure) 14M->11M(15M) 30.888ms
[311.885s][info][gc] GC(19488) Pause Young (Allocation Failure) 14M->14M(15M) 9.361ms
[311.919s][info][gc] GC(19489) Pause Full (Allocation Failure) 14M->11M(15M) 34.134ms
[311.933s][info][gc] GC(19490) Pause Young (Allocation Failure) 14M->14M(15M) 9.127ms
[311.965s][info][gc] GC(19491) Pause Full (Allocation Failure) 14M->11M(15M) 31.921ms
[311.978s][info][gc] GC(19492) Pause Young (Allocation Failure) 14M->14M(15M) 9.244ms
[312.013s][info][gc] GC(19493) Pause Full (Allocation Failure) 14M->11M(15M) 35.019ms
[312.026s][info][gc] GC(19494) Pause Young (Allocation Failure) 14M->14M(15M) 8.970ms
[312.058s][info][gc] GC(19495) Pause Full (Allocation Failure) 14M->11M(15M) 32.490ms
[312.072s][info][gc] GC(19496) Pause Young (Allocation Failure) 14M->14M(15M) 8.777ms
[312.109s][info][gc] GC(19497) Pause Full (Allocation Failure) 14M->11M(15M) 37.262ms
[312.124s][info][gc] GC(19498) Pause Young (Allocation Failure) 14M->14M(15M) 9.193ms
[312.160s][info][gc] GC(19499) Pause Full (Allocation Failure) 14M->11M(15M) 36.336ms
[312.172s][info][gc] GC(19500) Pause Young (Allocation Failure) 14M->14M(15M) 8.450ms
[312.209s][info][gc] GC(19501) Pause Full (Allocation Failure) 14M->11M(15M) 36.737ms
[312.227s][info][gc] GC(19502) Pause Young (Allocation Failure) 14M->14M(15M) 13.326ms
[312.265s][info][gc] GC(19503) Pause Full (Allocation Failure) 14M->11M(15M) 37.370ms
[312.277s][info][gc] GC(19504) Pause Young (Allocation Failure) 14M->14M(15M) 9.467ms
[312.312s][info][gc] GC(19505) Pause Full (Allocation Failure) 14M->11M(15M) 34.537ms
[312.324s][info][gc] GC(19506) Pause Young (Allocation Failure) 14M->14M(15M) 9.107ms
[312.356s][info][gc] GC(19507) Pause Full (Allocation Failure) 14M->11M(15M) 31.455ms
[312.367s][info][gc] GC(19508) Pause Young (Allocation Failure) 14M->14M(15M) 8.132ms
[312.398s][info][gc] GC(19509) Pause Full (Allocation Failure) 14M->11M(15M) 30.593ms
[312.410s][info][gc] GC(19510) Pause Young (Allocation Failure) 14M->14M(15M) 8.172ms
[312.441s][info][gc] GC(19511) Pause Full (Allocation Failure) 14M->11M(15M) 30.787ms
[312.455s][info][gc] GC(19512) Pause Young (Allocation Failure) 14M->14M(15M) 11.038ms
[312.490s][info][gc] GC(19513) Pause Full (Allocation Failure) 14M->11M(15M) 34.080ms
[312.502s][info][gc] GC(19514) Pause Young (Allocation Failure) 14M->14M(15M) 9.041ms
[312.535s][info][gc] GC(19515) Pause Full (Allocation Failure) 14M->11M(15M) 32.739ms
[312.547s][info][gc] GC(19516) Pause Young (Allocation Failure) 14M->14M(15M) 9.263ms
[312.580s][info][gc] GC(19517) Pause Full (Allocation Failure) 14M->11M(15M) 33.445ms
[312.593s][info][gc] GC(19518) Pause Young (Allocation Failure) 14M->14M(15M) 9.119ms
[312.631s][info][gc] GC(19519) Pause Full (Allocation Failure) 14M->11M(15M) 38.667ms
[312.644s][info][gc] GC(19520) Pause Young (Allocation Failure) 14M->14M(15M) 9.904ms
[312.679s][info][gc] GC(19521) Pause Full (Allocation Failure) 14M->11M(15M) 33.977ms
[312.693s][info][gc] GC(19522) Pause Young (Allocation Failure) 14M->14M(15M) 9.816ms
[312.728s][info][gc] GC(19523) Pause Full (Allocation Failure) 14M->11M(15M) 34.208ms
[312.740s][info][gc] GC(19524) Pause Young (Allocation Failure) 14M->14M(15M) 9.244ms
[312.773s][info][gc] GC(19525) Pause Full (Allocation Failure) 14M->11M(15M) 32.550ms
[312.785s][info][gc] GC(19526) Pause Young (Allocation Failure) 14M->14M(15M) 8.737ms
[312.816s][info][gc] GC(19527) Pause Full (Allocation Failure) 14M->11M(15M) 30.839ms
[312.827s][info][gc] GC(19528) Pause Young (Allocation Failure) 14M->14M(15M) 8.569ms
[312.859s][info][gc] GC(19529) Pause Full (Allocation Failure) 14M->11M(15M) 31.059ms
[312.871s][info][gc] GC(19530) Pause Young (Allocation Failure) 14M->14M(15M) 8.669ms
[312.904s][info][gc] GC(19531) Pause Full (Allocation Failure) 14M->11M(15M) 32.574ms
[312.918s][info][gc] GC(19532) Pause Young (Allocation Failure) 14M->14M(15M) 10.565ms
[312.954s][info][gc] GC(19533) Pause Full (Allocation Failure) 14M->11M(15M) 36.274ms
[312.970s][info][gc] GC(19534) Pause Young (Allocation Failure) 14M->14M(15M) 10.818ms
[313.004s][info][gc] GC(19535) Pause Full (Allocation Failure) 14M->11M(15M) 34.617ms
[313.018s][info][gc] GC(19536) Pause Young (Allocation Failure) 14M->14M(15M) 9.346ms
[313.050s][info][gc] GC(19537) Pause Full (Allocation Failure) 14M->11M(15M) 32.450ms
[313.066s][info][gc] GC(19538) Pause Young (Allocation Failure) 14M->14M(15M) 12.404ms
[313.100s][info][gc] GC(19539) Pause Full (Allocation Failure) 14M->11M(15M) 33.425ms
[313.111s][info][gc] GC(19540) Pause Young (Allocation Failure) 14M->14M(15M) 8.191ms
[313.148s][info][gc] GC(19541) Pause Full (Allocation Failure) 14M->11M(15M) 36.565ms
[313.163s][info][gc] GC(19542) Pause Young (Allocation Failure) 14M->14M(15M) 10.918ms
[313.202s][info][gc] GC(19543) Pause Full (Allocation Failure) 14M->11M(15M) 38.933ms
[313.217s][info][gc] GC(19544) Pause Young (Allocation Failure) 14M->14M(15M) 10.468ms
[313.251s][info][gc] GC(19545) Pause Full (Allocation Failure) 14M->11M(15M) 34.571ms
[313.265s][info][gc] GC(19546) Pause Young (Allocation Failure) 14M->14M(15M) 10.159ms
[313.299s][info][gc] GC(19547) Pause Full (Allocation Failure) 14M->11M(15M) 34.362ms
[313.314s][info][gc] GC(19548) Pause Young (Allocation Failure) 14M->14M(15M) 10.040ms
[313.348s][info][gc] GC(19549) Pause Full (Allocation Failure) 14M->11M(15M) 34.420ms
[313.360s][info][gc] GC(19550) Pause Young (Allocation Failure) 14M->14M(15M) 8.640ms
[313.395s][info][gc] GC(19551) Pause Full (Allocation Failure) 14M->11M(15M) 34.331ms
[313.408s][info][gc] GC(19552) Pause Young (Allocation Failure) 14M->14M(15M) 9.962ms
[313.442s][info][gc] GC(19553) Pause Full (Allocation Failure) 14M->11M(15M) 33.474ms
[313.455s][info][gc] GC(19554) Pause Young (Allocation Failure) 14M->14M(15M) 9.446ms
[313.487s][info][gc] GC(19555) Pause Full (Allocation Failure) 14M->11M(15M) 32.679ms
[313.500s][info][gc] GC(19556) Pause Young (Allocation Failure) 14M->14M(15M) 8.925ms
[313.535s][info][gc] GC(19557) Pause Full (Allocation Failure) 14M->11M(15M) 34.865ms
[313.547s][info][gc] GC(19558) Pause Young (Allocation Failure) 14M->14M(15M) 9.656ms
[313.581s][info][gc] GC(19559) Pause Full (Allocation Failure) 14M->11M(15M) 33.855ms
[313.595s][info][gc] GC(19560) Pause Young (Allocation Failure) 14M->14M(15M) 10.535ms
[313.629s][info][gc] GC(19561) Pause Full (Allocation Failure) 14M->11M(15M) 33.721ms
[313.643s][info][gc] GC(19562) Pause Young (Allocation Failure) 14M->14M(15M) 10.685ms
[313.679s][info][gc] GC(19563) Pause Full (Allocation Failure) 14M->11M(15M) 35.496ms
[313.694s][info][gc] GC(19564) Pause Young (Allocation Failure) 14M->14M(15M) 10.692ms
[313.729s][info][gc] GC(19565) Pause Full (Allocation Failure) 14M->11M(15M) 34.687ms
[313.742s][info][gc] GC(19566) Pause Young (Allocation Failure) 14M->14M(15M) 8.832ms
[313.773s][info][gc] GC(19567) Pause Full (Allocation Failure) 14M->11M(15M) 31.456ms
[313.787s][info][gc] GC(19568) Pause Young (Allocation Failure) 14M->14M(15M) 8.960ms
[313.821s][info][gc] GC(19569) Pause Full (Allocation Failure) 14M->11M(15M) 34.093ms
[313.834s][info][gc] GC(19570) Pause Young (Allocation Failure) 14M->14M(15M) 9.400ms
[313.868s][info][gc] GC(19571) Pause Full (Allocation Failure) 14M->11M(15M) 33.981ms
[313.881s][info][gc] GC(19572) Pause Young (Allocation Failure) 14M->14M(15M) 9.959ms
[313.917s][info][gc] GC(19573) Pause Full (Allocation Failure) 14M->11M(15M) 35.655ms
[313.932s][info][gc] GC(19574) Pause Young (Allocation Failure) 14M->14M(15M) 9.568ms
[313.968s][info][gc] GC(19575) Pause Full (Allocation Failure) 14M->11M(15M) 35.389ms
[313.983s][info][gc] GC(19576) Pause Young (Allocation Failure) 14M->14M(15M) 11.308ms
[314.020s][info][gc] GC(19577) Pause Full (Allocation Failure) 14M->11M(15M) 36.449ms
[314.034s][info][gc] GC(19578) Pause Young (Allocation Failure) 14M->14M(15M) 9.303ms
[314.070s][info][gc] GC(19579) Pause Full (Allocation Failure) 14M->11M(15M) 36.354ms
[314.086s][info][gc] GC(19580) Pause Young (Allocation Failure) 14M->14M(15M) 10.736ms
[314.127s][info][gc] GC(19581) Pause Full (Allocation Failure) 14M->11M(15M) 41.331ms
[314.141s][info][gc] GC(19582) Pause Young (Allocation Failure) 14M->14M(15M) 9.677ms
[314.182s][info][gc] GC(19583) Pause Full (Allocation Failure) 14M->11M(15M) 41.018ms
[314.199s][info][gc] GC(19584) Pause Young (Allocation Failure) 14M->14M(15M) 13.367ms
[314.241s][info][gc] GC(19585) Pause Full (Allocation Failure) 14M->11M(15M) 41.298ms
[314.255s][info][gc] GC(19586) Pause Young (Allocation Failure) 14M->14M(15M) 9.799ms
[314.294s][info][gc] GC(19587) Pause Full (Allocation Failure) 14M->11M(15M) 39.544ms
[314.307s][info][gc] GC(19588) Pause Young (Allocation Failure) 14M->14M(15M) 9.241ms
[314.345s][info][gc] GC(19589) Pause Full (Allocation Failure) 14M->11M(15M) 37.551ms
[314.359s][info][gc] GC(19590) Pause Young (Allocation Failure) 14M->14M(15M) 9.821ms
[314.396s][info][gc] GC(19591) Pause Full (Allocation Failure) 14M->11M(15M) 36.714ms
[314.408s][info][gc] GC(19592) Pause Young (Allocation Failure) 14M->14M(15M) 9.185ms
[314.442s][info][gc] GC(19593) Pause Full (Allocation Failure) 14M->11M(15M) 33.181ms
[314.454s][info][gc] GC(19594) Pause Young (Allocation Failure) 14M->14M(15M) 9.200ms
[314.488s][info][gc] GC(19595) Pause Full (Allocation Failure) 14M->11M(15M) 33.606ms
[314.502s][info][gc] GC(19596) Pause Young (Allocation Failure) 14M->14M(15M) 10.693ms
[314.535s][info][gc] GC(19597) Pause Full (Allocation Failure) 14M->11M(15M) 33.132ms
[314.547s][info][gc] GC(19598) Pause Young (Allocation Failure) 14M->14M(15M) 8.974ms
[314.583s][info][gc] GC(19599) Pause Full (Allocation Failure) 14M->11M(15M) 35.447ms
[314.595s][info][gc] GC(19600) Pause Young (Allocation Failure) 14M->14M(15M) 9.260ms
[314.639s][info][gc] GC(19601) Pause Full (Allocation Failure) 14M->11M(15M) 43.118ms
[314.655s][info][gc] GC(19602) Pause Young (Allocation Failure) 14M->14M(15M) 11.995ms
[314.696s][info][gc] GC(19603) Pause Full (Allocation Failure) 14M->11M(15M) 41.063ms
[314.716s][info][gc] GC(19604) Pause Young (Allocation Failure) 14M->14M(15M) 14.522ms
[314.760s][info][gc] GC(19605) Pause Full (Allocation Failure) 14M->11M(15M) 43.879ms
[314.773s][info][gc] GC(19606) Pause Young (Allocation Failure) 14M->14M(15M) 9.178ms
[314.810s][info][gc] GC(19607) Pause Full (Allocation Failure) 14M->11M(15M) 36.544ms
[314.822s][info][gc] GC(19608) Pause Young (Allocation Failure) 14M->14M(15M) 9.290ms
[314.862s][info][gc] GC(19609) Pause Full (Allocation Failure) 14M->11M(15M) 39.999ms
[314.878s][info][gc] GC(19610) Pause Young (Allocation Failure) 14M->14M(15M) 10.533ms
[314.926s][info][gc] GC(19611) Pause Full (Allocation Failure) 14M->11M(15M) 48.686ms
[314.942s][info][gc] GC(19612) Pause Young (Allocation Failure) 14M->14M(15M) 11.359ms
[314.986s][info][gc] GC(19613) Pause Full (Allocation Failure) 14M->11M(15M) 43.932ms
[315.010s][info][gc] GC(19614) Pause Young (Allocation Failure) 14M->14M(15M) 14.002ms
[315.061s][info][gc] GC(19615) Pause Full (Allocation Failure) 14M->11M(15M) 51.163ms
[315.089s][info][gc] GC(19616) Pause Young (Allocation Failure) 14M->14M(15M) 13.907ms
[315.154s][info][gc] GC(19617) Pause Full (Allocation Failure) 14M->11M(15M) 64.502ms
[315.173s][info][gc] GC(19618) Pause Young (Allocation Failure) 14M->14M(15M) 13.664ms
[315.218s][info][gc] GC(19619) Pause Full (Allocation Failure) 14M->11M(15M) 45.686ms
[315.237s][info][gc] GC(19620) Pause Young (Allocation Failure) 14M->14M(15M) 13.755ms
[315.283s][info][gc] GC(19621) Pause Full (Allocation Failure) 14M->11M(15M) 46.101ms
[315.302s][info][gc] GC(19622) Pause Young (Allocation Failure) 14M->14M(15M) 12.922ms
[315.346s][info][gc] GC(19623) Pause Full (Allocation Failure) 14M->11M(15M) 43.853ms
[315.364s][info][gc] GC(19624) Pause Young (Allocation Failure) 14M->14M(15M) 13.928ms
[315.419s][info][gc] GC(19625) Pause Full (Allocation Failure) 14M->11M(15M) 54.429ms
[315.438s][info][gc] GC(19626) Pause Young (Allocation Failure) 14M->14M(15M) 13.939ms
[315.487s][info][gc] GC(19627) Pause Full (Allocation Failure) 14M->11M(15M) 49.293ms
[315.505s][info][gc] GC(19628) Pause Young (Allocation Failure) 14M->14M(15M) 12.754ms
[315.554s][info][gc] GC(19629) Pause Full (Allocation Failure) 14M->11M(15M) 48.812ms
[315.572s][info][gc] GC(19630) Pause Young (Allocation Failure) 14M->14M(15M) 12.214ms
[315.620s][info][gc] GC(19631) Pause Full (Allocation Failure) 14M->11M(15M) 47.064ms
[315.637s][info][gc] GC(19632) Pause Young (Allocation Failure) 14M->14M(15M) 12.615ms
[315.688s][info][gc] GC(19633) Pause Full (Allocation Failure) 14M->11M(15M) 51.028ms
[315.705s][info][gc] GC(19634) Pause Young (Allocation Failure) 14M->14M(15M) 12.789ms
[315.749s][info][gc] GC(19635) Pause Full (Allocation Failure) 14M->11M(15M) 43.660ms
[315.768s][info][gc] GC(19636) Pause Young (Allocation Failure) 14M->14M(15M) 13.326ms
[315.812s][info][gc] GC(19637) Pause Full (Allocation Failure) 14M->11M(15M) 43.442ms
[315.831s][info][gc] GC(19638) Pause Young (Allocation Failure) 14M->14M(15M) 14.349ms
[315.873s][info][gc] GC(19639) Pause Full (Allocation Failure) 14M->11M(15M) 41.768ms
[315.885s][info][gc] GC(19640) Pause Young (Allocation Failure) 14M->14M(15M) 9.476ms
[315.921s][info][gc] GC(19641) Pause Full (Allocation Failure) 14M->11M(15M) 35.679ms
[315.936s][info][gc] GC(19642) Pause Young (Allocation Failure) 14M->14M(15M) 9.514ms
[315.970s][info][gc] GC(19643) Pause Full (Allocation Failure) 14M->11M(15M) 34.343ms
[315.986s][info][gc] GC(19644) Pause Young (Allocation Failure) 14M->14M(15M) 10.929ms
[316.027s][info][gc] GC(19645) Pause Full (Allocation Failure) 14M->11M(15M) 40.562ms
[316.042s][info][gc] GC(19646) Pause Young (Allocation Failure) 14M->14M(15M) 10.178ms
[316.077s][info][gc] GC(19647) Pause Full (Allocation Failure) 14M->11M(15M) 34.763ms
[316.092s][info][gc] GC(19648) Pause Young (Allocation Failure) 14M->14M(15M) 11.456ms
[316.139s][info][gc] GC(19649) Pause Full (Allocation Failure) 14M->11M(15M) 46.751ms
[316.153s][info][gc] GC(19650) Pause Young (Allocation Failure) 14M->14M(15M) 9.127ms
[316.198s][info][gc] GC(19651) Pause Full (Allocation Failure) 14M->11M(15M) 45.063ms
[316.216s][info][gc] GC(19652) Pause Young (Allocation Failure) 14M->14M(15M) 13.017ms
[316.263s][info][gc] GC(19653) Pause Full (Allocation Failure) 14M->11M(15M) 47.712ms
[316.282s][info][gc] GC(19654) Pause Young (Allocation Failure) 14M->14M(15M) 13.555ms
[316.325s][info][gc] GC(19655) Pause Full (Allocation Failure) 14M->11M(15M) 42.311ms
[316.340s][info][gc] GC(19656) Pause Young (Allocation Failure) 14M->14M(15M) 11.501ms
[316.385s][info][gc] GC(19657) Pause Full (Allocation Failure) 14M->11M(15M) 44.960ms
[316.399s][info][gc] GC(19658) Pause Young (Allocation Failure) 14M->14M(15M) 10.330ms
[316.454s][info][gc] GC(19659) Pause Full (Allocation Failure) 14M->11M(15M) 54.808ms
[316.474s][info][gc] GC(19660) Pause Young (Allocation Failure) 14M->14M(15M) 13.859ms
[316.526s][info][gc] GC(19661) Pause Full (Allocation Failure) 14M->11M(15M) 52.365ms
[316.546s][info][gc] GC(19662) Pause Young (Allocation Failure) 14M->14M(15M) 12.985ms
[316.584s][info][gc] GC(19663) Pause Full (Allocation Failure) 14M->11M(15M) 37.177ms
[316.602s][info][gc] GC(19664) Pause Young (Allocation Failure) 14M->14M(15M) 13.936ms
[316.660s][info][gc] GC(19665) Pause Full (Allocation Failure) 14M->11M(15M) 57.946ms
[316.677s][info][gc] GC(19666) Pause Young (Allocation Failure) 14M->14M(15M) 11.519ms
[316.722s][info][gc] GC(19667) Pause Full (Allocation Failure) 14M->11M(15M) 45.454ms
[316.741s][info][gc] GC(19668) Pause Young (Allocation Failure) 14M->14M(15M) 12.875ms
[316.789s][info][gc] GC(19669) Pause Full (Allocation Failure) 14M->11M(15M) 47.928ms
[316.807s][info][gc] GC(19670) Pause Young (Allocation Failure) 14M->14M(15M) 13.103ms
[316.848s][info][gc] GC(19671) Pause Full (Allocation Failure) 14M->11M(15M) 41.128ms
[316.862s][info][gc] GC(19672) Pause Young (Allocation Failure) 14M->14M(15M) 9.829ms
[316.895s][info][gc] GC(19673) Pause Full (Allocation Failure) 14M->11M(15M) 33.574ms
[316.908s][info][gc] GC(19674) Pause Young (Allocation Failure) 14M->14M(15M) 9.762ms
[316.943s][info][gc] GC(19675) Pause Full (Allocation Failure) 14M->11M(15M) 35.070ms
[316.957s][info][gc] GC(19676) Pause Young (Allocation Failure) 14M->14M(15M) 9.595ms
[316.993s][info][gc] GC(19677) Pause Full (Allocation Failure) 14M->11M(15M) 36.058ms
[317.006s][info][gc] GC(19678) Pause Young (Allocation Failure) 14M->15M(15M) 9.889ms
[317.039s][info][gc] GC(19679) Pause Full (Allocation Failure) 15M->11M(15M) 32.867ms
[317.052s][info][gc] GC(19680) Pause Young (Allocation Failure) 14M->14M(15M) 8.518ms
[317.087s][info][gc] GC(19681) Pause Full (Allocation Failure) 14M->11M(15M) 35.024ms
[317.099s][info][gc] GC(19682) Pause Young (Allocation Failure) 14M->15M(15M) 8.571ms
[317.134s][info][gc] GC(19683) Pause Full (Allocation Failure) 15M->11M(15M) 34.674ms
[317.147s][info][gc] GC(19684) Pause Young (Allocation Failure) 14M->14M(15M) 10.441ms
[317.184s][info][gc] GC(19685) Pause Full (Allocation Failure) 14M->11M(15M) 36.991ms
[317.197s][info][gc] GC(19686) Pause Young (Allocation Failure) 14M->14M(15M) 9.344ms
[317.233s][info][gc] GC(19687) Pause Full (Allocation Failure) 14M->11M(15M) 36.429ms
[317.247s][info][gc] GC(19688) Pause Young (Allocation Failure) 14M->14M(15M) 9.448ms
[317.287s][info][gc] GC(19689) Pause Full (Allocation Failure) 14M->11M(15M) 39.452ms
[317.300s][info][gc] GC(19690) Pause Young (Allocation Failure) 14M->14M(15M) 9.745ms
[317.333s][info][gc] GC(19691) Pause Full (Allocation Failure) 14M->11M(15M) 32.962ms
[317.345s][info][gc] GC(19692) Pause Young (Allocation Failure) 14M->14M(15M) 8.361ms
[317.376s][info][gc] GC(19693) Pause Full (Allocation Failure) 14M->11M(15M) 30.877ms
[317.389s][info][gc] GC(19694) Pause Young (Allocation Failure) 14M->14M(15M) 8.786ms
[317.423s][info][gc] GC(19695) Pause Full (Allocation Failure) 14M->11M(15M) 33.336ms
[317.436s][info][gc] GC(19696) Pause Young (Allocation Failure) 14M->14M(15M) 10.060ms
[317.470s][info][gc] GC(19697) Pause Full (Allocation Failure) 14M->11M(15M) 33.817ms
[317.484s][info][gc] GC(19698) Pause Young (Allocation Failure) 14M->15M(15M) 10.971ms
[317.516s][info][gc] GC(19699) Pause Full (Allocation Failure) 15M->11M(15M) 32.165ms
[317.528s][info][gc] GC(19700) Pause Young (Allocation Failure) 14M->14M(15M) 9.158ms
[317.560s][info][gc] GC(19701) Pause Full (Allocation Failure) 14M->11M(15M) 31.721ms
[317.573s][info][gc] GC(19702) Pause Young (Allocation Failure) 14M->14M(15M) 10.106ms
[317.607s][info][gc] GC(19703) Pause Full (Allocation Failure) 14M->11M(15M) 33.275ms
[317.618s][info][gc] GC(19704) Pause Young (Allocation Failure) 14M->15M(15M) 8.582ms
[317.652s][info][gc] GC(19705) Pause Full (Allocation Failure) 15M->11M(15M) 33.097ms
[317.663s][info][gc] GC(19706) Pause Young (Allocation Failure) 14M->14M(15M) 8.219ms
[317.697s][info][gc] GC(19707) Pause Full (Allocation Failure) 14M->11M(15M) 34.341ms
[317.713s][info][gc] GC(19708) Pause Young (Allocation Failure) 14M->14M(15M) 11.873ms
[317.745s][info][gc] GC(19709) Pause Full (Allocation Failure) 14M->11M(15M) 31.989ms
[317.757s][info][gc] GC(19710) Pause Young (Allocation Failure) 14M->14M(15M) 8.726ms
[317.789s][info][gc] GC(19711) Pause Full (Allocation Failure) 14M->11M(15M) 32.358ms
[317.802s][info][gc] GC(19712) Pause Young (Allocation Failure) 14M->14M(15M) 9.623ms
[317.837s][info][gc] GC(19713) Pause Full (Allocation Failure) 14M->11M(15M) 34.992ms
[317.850s][info][gc] GC(19714) Pause Young (Allocation Failure) 14M->14M(15M) 9.149ms
[317.886s][info][gc] GC(19715) Pause Full (Allocation Failure) 14M->11M(15M) 36.113ms
[317.898s][info][gc] GC(19716) Pause Young (Allocation Failure) 14M->15M(15M) 9.457ms
[317.933s][info][gc] GC(19717) Pause Full (Allocation Failure) 15M->11M(15M) 34.499ms
[317.948s][info][gc] GC(19718) Pause Young (Allocation Failure) 14M->15M(15M) 10.139ms
[317.981s][info][gc] GC(19719) Pause Full (Allocation Failure) 15M->11M(15M) 33.197ms
[317.993s][info][gc] GC(19720) Pause Young (Allocation Failure) 14M->14M(15M) 8.846ms
[318.025s][info][gc] GC(19721) Pause Full (Allocation Failure) 14M->11M(15M) 31.883ms
[318.039s][info][gc] GC(19722) Pause Young (Allocation Failure) 14M->15M(15M) 9.696ms
[318.073s][info][gc] GC(19723) Pause Full (Allocation Failure) 15M->11M(15M) 34.514ms
[318.090s][info][gc] GC(19724) Pause Young (Allocation Failure) 14M->14M(15M) 12.770ms
[318.130s][info][gc] GC(19725) Pause Full (Allocation Failure) 14M->11M(15M) 40.492ms
[318.146s][info][gc] GC(19726) Pause Young (Allocation Failure) 14M->14M(15M) 11.532ms
[318.183s][info][gc] GC(19727) Pause Full (Allocation Failure) 14M->11M(15M) 36.988ms
[318.197s][info][gc] GC(19728) Pause Young (Allocation Failure) 14M->15M(15M) 10.651ms
[318.238s][info][gc] GC(19729) Pause Full (Allocation Failure) 15M->11M(15M) 40.885ms
[318.252s][info][gc] GC(19730) Pause Young (Allocation Failure) 14M->14M(15M) 9.321ms
[318.290s][info][gc] GC(19731) Pause Full (Allocation Failure) 14M->11M(15M) 37.806ms
[318.305s][info][gc] GC(19732) Pause Young (Allocation Failure) 14M->14M(15M) 10.201ms
[318.341s][info][gc] GC(19733) Pause Full (Allocation Failure) 14M->11M(15M) 36.263ms
[318.355s][info][gc] GC(19734) Pause Young (Allocation Failure) 14M->14M(15M) 9.632ms
[318.390s][info][gc] GC(19735) Pause Full (Allocation Failure) 14M->11M(15M) 35.132ms
[318.403s][info][gc] GC(19736) Pause Young (Allocation Failure) 14M->14M(15M) 9.271ms
[318.438s][info][gc] GC(19737) Pause Full (Allocation Failure) 14M->11M(15M) 35.258ms
[318.451s][info][gc] GC(19738) Pause Young (Allocation Failure) 14M->14M(15M) 9.295ms
[318.483s][info][gc] GC(19739) Pause Full (Allocation Failure) 14M->11M(15M) 31.884ms
[318.495s][info][gc] GC(19740) Pause Young (Allocation Failure) 14M->15M(15M) 8.749ms
[318.528s][info][gc] GC(19741) Pause Full (Allocation Failure) 15M->11M(15M) 32.284ms
[318.541s][info][gc] GC(19742) Pause Young (Allocation Failure) 14M->15M(15M) 9.416ms
[318.575s][info][gc] GC(19743) Pause Full (Allocation Failure) 15M->11M(15M) 34.523ms
[318.588s][info][gc] GC(19744) Pause Young (Allocation Failure) 14M->14M(15M) 9.573ms
[318.620s][info][gc] GC(19745) Pause Full (Allocation Failure) 14M->11M(15M) 32.140ms
[318.633s][info][gc] GC(19746) Pause Young (Allocation Failure) 14M->15M(15M) 9.383ms
[318.667s][info][gc] GC(19747) Pause Full (Allocation Failure) 15M->11M(15M) 34.501ms
[318.679s][info][gc] GC(19748) Pause Young (Allocation Failure) 14M->14M(15M) 8.343ms
[318.713s][info][gc] GC(19749) Pause Full (Allocation Failure) 14M->11M(15M) 33.763ms
[318.731s][info][gc] GC(19750) Pause Young (Allocation Failure) 14M->14M(15M) 14.639ms
[318.764s][info][gc] GC(19751) Pause Full (Allocation Failure) 14M->11M(15M) 32.936ms
[318.777s][info][gc] GC(19752) Pause Young (Allocation Failure) 14M->14M(15M) 9.475ms
[318.811s][info][gc] GC(19753) Pause Full (Allocation Failure) 14M->11M(15M) 33.739ms
[318.825s][info][gc] GC(19754) Pause Young (Allocation Failure) 14M->14M(15M) 10.134ms
[318.859s][info][gc] GC(19755) Pause Full (Allocation Failure) 14M->11M(15M) 34.135ms
[318.872s][info][gc] GC(19756) Pause Young (Allocation Failure) 14M->14M(15M) 9.547ms
[318.903s][info][gc] GC(19757) Pause Full (Allocation Failure) 14M->11M(15M) 31.214ms
[318.916s][info][gc] GC(19758) Pause Young (Allocation Failure) 14M->14M(15M) 9.280ms
[318.952s][info][gc] GC(19759) Pause Full (Allocation Failure) 14M->11M(15M) 36.364ms
[318.969s][info][gc] GC(19760) Pause Young (Allocation Failure) 14M->15M(15M) 12.815ms
[319.004s][info][gc] GC(19761) Pause Full (Allocation Failure) 15M->11M(15M) 35.051ms
[319.017s][info][gc] GC(19762) Pause Young (Allocation Failure) 14M->15M(15M) 9.573ms
[319.051s][info][gc] GC(19763) Pause Full (Allocation Failure) 15M->11M(15M) 34.329ms
[319.064s][info][gc] GC(19764) Pause Young (Allocation Failure) 14M->15M(15M) 9.064ms
[319.100s][info][gc] GC(19765) Pause Full (Allocation Failure) 15M->11M(15M) 35.712ms
[319.114s][info][gc] GC(19766) Pause Young (Allocation Failure) 14M->15M(15M) 10.852ms
[319.149s][info][gc] GC(19767) Pause Full (Allocation Failure) 15M->11M(15M) 34.470ms
[319.163s][info][gc] GC(19768) Pause Young (Allocation Failure) 14M->14M(15M) 10.265ms
[319.201s][info][gc] GC(19769) Pause Full (Allocation Failure) 14M->11M(15M) 37.143ms
[319.214s][info][gc] GC(19770) Pause Young (Allocation Failure) 14M->15M(15M) 10.093ms
[319.254s][info][gc] GC(19771) Pause Full (Allocation Failure) 15M->11M(15M) 40.068ms
[319.268s][info][gc] GC(19772) Pause Young (Allocation Failure) 14M->14M(15M) 9.454ms
[319.302s][info][gc] GC(19773) Pause Full (Allocation Failure) 14M->11M(15M) 33.649ms
[319.315s][info][gc] GC(19774) Pause Young (Allocation Failure) 14M->14M(15M) 9.456ms
[319.348s][info][gc] GC(19775) Pause Full (Allocation Failure) 14M->11M(15M) 33.064ms
[319.360s][info][gc] GC(19776) Pause Young (Allocation Failure) 14M->14M(15M) 8.617ms
[319.391s][info][gc] GC(19777) Pause Full (Allocation Failure) 14M->11M(15M) 31.541ms
[319.405s][info][gc] GC(19778) Pause Young (Allocation Failure) 14M->14M(15M) 10.083ms
[319.439s][info][gc] GC(19779) Pause Full (Allocation Failure) 14M->11M(15M) 34.569ms
[319.452s][info][gc] GC(19780) Pause Young (Allocation Failure) 14M->14M(15M) 9.189ms
[319.487s][info][gc] GC(19781) Pause Full (Allocation Failure) 14M->11M(15M) 35.258ms
[319.500s][info][gc] GC(19782) Pause Young (Allocation Failure) 14M->15M(15M) 9.544ms
[319.534s][info][gc] GC(19783) Pause Full (Allocation Failure) 15M->11M(15M) 34.278ms
[319.547s][info][gc] GC(19784) Pause Young (Allocation Failure) 14M->15M(15M) 9.604ms
[319.579s][info][gc] GC(19785) Pause Full (Allocation Failure) 15M->11M(15M) 32.204ms
[319.592s][info][gc] GC(19786) Pause Young (Allocation Failure) 14M->15M(15M) 9.342ms
[319.622s][info][gc] GC(19787) Pause Full (Allocation Failure) 15M->11M(15M) 30.547ms
[319.635s][info][gc] GC(19788) Pause Young (Allocation Failure) 14M->14M(15M) 8.906ms
[319.667s][info][gc] GC(19789) Pause Full (Allocation Failure) 14M->11M(15M) 31.964ms
[319.679s][info][gc] GC(19790) Pause Young (Allocation Failure) 14M->15M(15M) 8.539ms
[319.715s][info][gc] GC(19791) Pause Full (Allocation Failure) 15M->11M(15M) 36.159ms
[319.728s][info][gc] GC(19792) Pause Young (Allocation Failure) 14M->15M(15M) 9.232ms
[319.764s][info][gc] GC(19793) Pause Full (Allocation Failure) 15M->11M(15M) 35.907ms
[319.777s][info][gc] GC(19794) Pause Young (Allocation Failure) 14M->14M(15M) 9.941ms
[319.808s][info][gc] GC(19795) Pause Full (Allocation Failure) 14M->11M(15M) 31.521ms
[319.822s][info][gc] GC(19796) Pause Young (Allocation Failure) 14M->14M(15M) 9.771ms
[319.855s][info][gc] GC(19797) Pause Full (Allocation Failure) 14M->11M(15M) 33.310ms
[319.867s][info][gc] GC(19798) Pause Young (Allocation Failure) 14M->14M(15M) 8.454ms
[319.898s][info][gc] GC(19799) Pause Full (Allocation Failure) 14M->11M(15M) 31.559ms
[319.911s][info][gc] GC(19800) Pause Young (Allocation Failure) 14M->14M(15M) 9.876ms
[319.949s][info][gc] GC(19801) Pause Full (Allocation Failure) 14M->11M(15M) 37.874ms
[319.963s][info][gc] GC(19802) Pause Young (Allocation Failure) 14M->14M(15M) 9.601ms
[319.997s][info][gc] GC(19803) Pause Full (Allocation Failure) 14M->11M(15M) 34.460ms
[320.009s][info][gc] GC(19804) Pause Young (Allocation Failure) 14M->14M(15M) 9.019ms
[320.044s][info][gc] GC(19805) Pause Full (Allocation Failure) 14M->11M(15M) 34.205ms
[320.057s][info][gc] GC(19806) Pause Young (Allocation Failure) 14M->14M(15M) 9.492ms
[320.093s][info][gc] GC(19807) Pause Full (Allocation Failure) 14M->11M(15M) 36.346ms
[320.106s][info][gc] GC(19808) Pause Young (Allocation Failure) 14M->15M(15M) 9.962ms
[320.143s][info][gc] GC(19809) Pause Full (Allocation Failure) 15M->11M(15M) 36.478ms
[320.158s][info][gc] GC(19810) Pause Young (Allocation Failure) 14M->15M(15M) 11.155ms
[320.195s][info][gc] GC(19811) Pause Full (Allocation Failure) 15M->11M(15M) 37.021ms
[320.212s][info][gc] GC(19812) Pause Young (Allocation Failure) 14M->15M(15M) 12.893ms
[320.249s][info][gc] GC(19813) Pause Full (Allocation Failure) 15M->11M(15M) 37.090ms
[320.264s][info][gc] GC(19814) Pause Young (Allocation Failure) 14M->14M(15M) 9.632ms
[320.298s][info][gc] GC(19815) Pause Full (Allocation Failure) 14M->11M(15M) 34.340ms
[320.311s][info][gc] GC(19816) Pause Young (Allocation Failure) 14M->15M(15M) 9.617ms
[320.345s][info][gc] GC(19817) Pause Full (Allocation Failure) 15M->11M(15M) 33.916ms
[320.359s][info][gc] GC(19818) Pause Young (Allocation Failure) 14M->15M(15M) 10.996ms
[320.393s][info][gc] GC(19819) Pause Full (Allocation Failure) 15M->11M(15M) 33.421ms
[320.406s][info][gc] GC(19820) Pause Young (Allocation Failure) 14M->14M(15M) 9.337ms
[320.439s][info][gc] GC(19821) Pause Full (Allocation Failure) 14M->11M(15M) 32.970ms
[320.451s][info][gc] GC(19822) Pause Young (Allocation Failure) 14M->14M(15M) 8.820ms
[320.485s][info][gc] GC(19823) Pause Full (Allocation Failure) 14M->11M(15M) 33.976ms
[320.498s][info][gc] GC(19824) Pause Young (Allocation Failure) 14M->14M(15M) 9.465ms
[320.529s][info][gc] GC(19825) Pause Full (Allocation Failure) 14M->11M(15M) 31.270ms
[320.543s][info][gc] GC(19826) Pause Young (Allocation Failure) 14M->14M(15M) 10.065ms
[320.574s][info][gc] GC(19827) Pause Full (Allocation Failure) 14M->11M(15M) 31.163ms
[320.586s][info][gc] GC(19828) Pause Young (Allocation Failure) 14M->14M(15M) 8.698ms
[320.617s][info][gc] GC(19829) Pause Full (Allocation Failure) 14M->11M(15M) 31.199ms
[320.629s][info][gc] GC(19830) Pause Young (Allocation Failure) 14M->14M(15M) 8.599ms
[320.664s][info][gc] GC(19831) Pause Full (Allocation Failure) 14M->11M(15M) 35.133ms
[320.676s][info][gc] GC(19832) Pause Young (Allocation Failure) 14M->15M(15M) 9.184ms
[320.711s][info][gc] GC(19833) Pause Full (Allocation Failure) 15M->11M(15M) 34.510ms
[320.724s][info][gc] GC(19834) Pause Young (Allocation Failure) 14M->15M(15M) 9.489ms
[320.759s][info][gc] GC(19835) Pause Full (Allocation Failure) 15M->11M(15M) 34.923ms
[320.774s][info][gc] GC(19836) Pause Young (Allocation Failure) 14M->15M(15M) 11.248ms
[320.808s][info][gc] GC(19837) Pause Full (Allocation Failure) 15M->11M(15M) 33.740ms
[320.821s][info][gc] GC(19838) Pause Young (Allocation Failure) 14M->14M(15M) 9.890ms
[320.854s][info][gc] GC(19839) Pause Full (Allocation Failure) 14M->11M(15M) 33.086ms
[320.867s][info][gc] GC(19840) Pause Young (Allocation Failure) 14M->15M(15M) 9.860ms
[320.901s][info][gc] GC(19841) Pause Full (Allocation Failure) 15M->11M(15M) 33.205ms
[320.913s][info][gc] GC(19842) Pause Young (Allocation Failure) 14M->15M(15M) 8.875ms
[320.946s][info][gc] GC(19843) Pause Full (Allocation Failure) 15M->11M(15M) 33.304ms
[320.962s][info][gc] GC(19844) Pause Young (Allocation Failure) 14M->15M(15M) 10.416ms
[320.999s][info][gc] GC(19845) Pause Full (Allocation Failure) 15M->11M(15M) 37.317ms
[321.012s][info][gc] GC(19846) Pause Young (Allocation Failure) 14M->14M(15M) 8.540ms
[321.044s][info][gc] GC(19847) Pause Full (Allocation Failure) 14M->11M(15M) 32.261ms
[321.059s][info][gc] GC(19848) Pause Young (Allocation Failure) 14M->14M(15M) 9.299ms
[321.095s][info][gc] GC(19849) Pause Full (Allocation Failure) 14M->11M(15M) 35.578ms
[321.114s][info][gc] GC(19850) Pause Young (Allocation Failure) 14M->14M(15M) 13.916ms
[321.150s][info][gc] GC(19851) Pause Full (Allocation Failure) 14M->11M(15M) 36.541ms
[321.166s][info][gc] GC(19852) Pause Young (Allocation Failure) 14M->14M(15M) 11.260ms
[321.207s][info][gc] GC(19853) Pause Full (Allocation Failure) 14M->11M(15M) 40.856ms
[321.223s][info][gc] GC(19854) Pause Young (Allocation Failure) 14M->14M(15M) 10.795ms
[321.258s][info][gc] GC(19855) Pause Full (Allocation Failure) 14M->11M(15M) 35.343ms
[321.271s][info][gc] GC(19856) Pause Young (Allocation Failure) 14M->15M(15M) 9.656ms
[321.306s][info][gc] GC(19857) Pause Full (Allocation Failure) 15M->11M(15M) 35.163ms
[321.319s][info][gc] GC(19858) Pause Young (Allocation Failure) 14M->15M(15M) 9.747ms
[321.352s][info][gc] GC(19859) Pause Full (Allocation Failure) 15M->11M(15M) 32.455ms
[321.366s][info][gc] GC(19860) Pause Young (Allocation Failure) 14M->15M(15M) 9.817ms
[321.400s][info][gc] GC(19861) Pause Full (Allocation Failure) 15M->11M(15M) 33.626ms
[321.412s][info][gc] GC(19862) Pause Young (Allocation Failure) 14M->15M(15M) 8.938ms
[321.444s][info][gc] GC(19863) Pause Full (Allocation Failure) 15M->11M(15M) 31.976ms
[321.457s][info][gc] GC(19864) Pause Young (Allocation Failure) 14M->15M(15M) 9.734ms
[321.488s][info][gc] GC(19865) Pause Full (Allocation Failure) 15M->11M(15M) 31.274ms
[321.503s][info][gc] GC(19866) Pause Young (Allocation Failure) 14M->15M(15M) 11.640ms
[321.535s][info][gc] GC(19867) Pause Full (Allocation Failure) 15M->11M(15M) 32.666ms
[321.548s][info][gc] GC(19868) Pause Young (Allocation Failure) 14M->15M(15M) 9.484ms
[321.583s][info][gc] GC(19869) Pause Full (Allocation Failure) 15M->11M(15M) 35.017ms
[321.596s][info][gc] GC(19870) Pause Young (Allocation Failure) 14M->15M(15M) 9.422ms
[321.627s][info][gc] GC(19871) Pause Full (Allocation Failure) 15M->11M(15M) 31.200ms
[321.641s][info][gc] GC(19872) Pause Young (Allocation Failure) 14M->15M(15M) 10.456ms
[321.674s][info][gc] GC(19873) Pause Full (Allocation Failure) 15M->11M(15M) 33.148ms
[321.689s][info][gc] GC(19874) Pause Young (Allocation Failure) 14M->14M(15M) 10.506ms
[321.720s][info][gc] GC(19875) Pause Full (Allocation Failure) 14M->11M(15M) 30.914ms
[321.733s][info][gc] GC(19876) Pause Young (Allocation Failure) 14M->14M(15M) 9.867ms
[321.765s][info][gc] GC(19877) Pause Full (Allocation Failure) 14M->11M(15M) 31.735ms
[321.780s][info][gc] GC(19878) Pause Young (Allocation Failure) 14M->14M(15M) 12.004ms
[321.813s][info][gc] GC(19879) Pause Full (Allocation Failure) 14M->11M(15M) 32.566ms
[321.826s][info][gc] GC(19880) Pause Young (Allocation Failure) 14M->14M(15M) 9.078ms
[321.856s][info][gc] GC(19881) Pause Full (Allocation Failure) 14M->11M(15M) 29.930ms
[321.868s][info][gc] GC(19882) Pause Young (Allocation Failure) 14M->15M(15M) 9.010ms
[321.897s][info][gc] GC(19883) Pause Full (Allocation Failure) 15M->11M(15M) 29.323ms
[321.909s][info][gc] GC(19884) Pause Young (Allocation Failure) 14M->15M(15M) 8.467ms
[321.940s][info][gc] GC(19885) Pause Full (Allocation Failure) 15M->11M(15M) 31.159ms
[321.953s][info][gc] GC(19886) Pause Young (Allocation Failure) 14M->15M(15M) 9.670ms
[321.985s][info][gc] GC(19887) Pause Full (Allocation Failure) 15M->11M(15M) 31.999ms
[321.998s][info][gc] GC(19888) Pause Young (Allocation Failure) 14M->15M(15M) 9.359ms
[322.031s][info][gc] GC(19889) Pause Full (Allocation Failure) 15M->11M(15M) 33.329ms
[322.044s][info][gc] GC(19890) Pause Young (Allocation Failure) 14M->15M(15M) 9.510ms
[322.076s][info][gc] GC(19891) Pause Full (Allocation Failure) 15M->11M(15M) 31.173ms
[322.088s][info][gc] GC(19892) Pause Young (Allocation Failure) 14M->15M(15M) 8.814ms
[322.130s][info][gc] GC(19893) Pause Full (Allocation Failure) 15M->11M(15M) 42.492ms
[322.145s][info][gc] GC(19894) Pause Young (Allocation Failure) 14M->15M(15M) 10.920ms
[322.186s][info][gc] GC(19895) Pause Full (Allocation Failure) 15M->11M(15M) 40.674ms
[322.198s][info][gc] GC(19896) Pause Young (Allocation Failure) 14M->15M(15M) 9.427ms
[322.241s][info][gc] GC(19897) Pause Full (Allocation Failure) 15M->11M(15M) 42.486ms
[322.254s][info][gc] GC(19898) Pause Young (Allocation Failure) 14M->15M(15M) 9.352ms
[322.290s][info][gc] GC(19899) Pause Full (Allocation Failure) 15M->11M(15M) 35.281ms
[322.303s][info][gc] GC(19900) Pause Young (Allocation Failure) 14M->15M(15M) 9.890ms
[322.335s][info][gc] GC(19901) Pause Full (Allocation Failure) 15M->11M(15M) 31.903ms
[322.348s][info][gc] GC(19902) Pause Young (Allocation Failure) 14M->15M(15M) 9.309ms
[322.380s][info][gc] GC(19903) Pause Full (Allocation Failure) 15M->11M(15M) 32.559ms
[322.392s][info][gc] GC(19904) Pause Young (Allocation Failure) 14M->15M(15M) 8.449ms
[322.423s][info][gc] GC(19905) Pause Full (Allocation Failure) 15M->11M(15M) 30.315ms
[322.435s][info][gc] GC(19906) Pause Young (Allocation Failure) 14M->15M(15M) 8.905ms
[322.466s][info][gc] GC(19907) Pause Full (Allocation Failure) 15M->11M(15M) 30.937ms
[322.478s][info][gc] GC(19908) Pause Young (Allocation Failure) 14M->15M(15M) 9.112ms
[322.509s][info][gc] GC(19909) Pause Full (Allocation Failure) 15M->11M(15M) 31.032ms
[322.522s][info][gc] GC(19910) Pause Young (Allocation Failure) 14M->15M(15M) 9.340ms
[322.554s][info][gc] GC(19911) Pause Full (Allocation Failure) 15M->11M(15M) 32.378ms
[322.567s][info][gc] GC(19912) Pause Young (Allocation Failure) 14M->15M(15M) 10.082ms
[322.598s][info][gc] GC(19913) Pause Full (Allocation Failure) 15M->11M(15M) 30.586ms
[322.609s][info][gc] GC(19914) Pause Young (Allocation Failure) 14M->14M(15M) 8.407ms
[322.640s][info][gc] GC(19915) Pause Full (Allocation Failure) 14M->11M(15M) 30.670ms
[322.652s][info][gc] GC(19916) Pause Young (Allocation Failure) 14M->14M(15M) 9.131ms
[322.687s][info][gc] GC(19917) Pause Full (Allocation Failure) 14M->11M(15M) 34.135ms
[322.700s][info][gc] GC(19918) Pause Young (Allocation Failure) 14M->14M(15M) 9.640ms
[322.730s][info][gc] GC(19919) Pause Full (Allocation Failure) 14M->11M(15M) 30.237ms
[322.743s][info][gc] GC(19920) Pause Young (Allocation Failure) 14M->14M(15M) 8.740ms
[322.773s][info][gc] GC(19921) Pause Full (Allocation Failure) 14M->11M(15M) 29.670ms
[322.785s][info][gc] GC(19922) Pause Young (Allocation Failure) 14M->15M(15M) 8.973ms
[322.822s][info][gc] GC(19923) Pause Full (Allocation Failure) 15M->11M(15M) 36.711ms
[322.833s][info][gc] GC(19924) Pause Young (Allocation Failure) 14M->15M(15M) 8.415ms
[322.863s][info][gc] GC(19925) Pause Full (Allocation Failure) 15M->11M(15M) 29.917ms
[322.875s][info][gc] GC(19926) Pause Young (Allocation Failure) 14M->15M(15M) 8.604ms
[322.908s][info][gc] GC(19927) Pause Full (Allocation Failure) 15M->11M(15M) 32.616ms
[322.922s][info][gc] GC(19928) Pause Young (Allocation Failure) 14M->15M(15M) 10.907ms
[322.959s][info][gc] GC(19929) Pause Full (Allocation Failure) 15M->11M(15M) 36.718ms
[322.973s][info][gc] GC(19930) Pause Young (Allocation Failure) 14M->15M(15M) 9.779ms
[323.006s][info][gc] GC(19931) Pause Full (Allocation Failure) 15M->11M(15M) 33.534ms
[323.019s][info][gc] GC(19932) Pause Young (Allocation Failure) 14M->15M(15M) 9.768ms
[323.052s][info][gc] GC(19933) Pause Full (Allocation Failure) 15M->11M(15M) 32.257ms
[323.067s][info][gc] GC(19934) Pause Young (Allocation Failure) 14M->15M(15M) 11.272ms
[323.100s][info][gc] GC(19935) Pause Full (Allocation Failure) 15M->11M(15M) 32.921ms
[323.115s][info][gc] GC(19936) Pause Young (Allocation Failure) 14M->15M(15M) 10.625ms
[323.154s][info][gc] GC(19937) Pause Full (Allocation Failure) 15M->11M(15M) 39.425ms
[323.167s][info][gc] GC(19938) Pause Young (Allocation Failure) 14M->15M(15M) 9.355ms
[323.209s][info][gc] GC(19939) Pause Full (Allocation Failure) 15M->11M(15M) 42.328ms
[323.225s][info][gc] GC(19940) Pause Young (Allocation Failure) 14M->15M(15M) 11.408ms
[323.261s][info][gc] GC(19941) Pause Full (Allocation Failure) 15M->11M(15M) 35.769ms
[323.274s][info][gc] GC(19942) Pause Young (Allocation Failure) 14M->15M(15M) 9.068ms
[323.306s][info][gc] GC(19943) Pause Full (Allocation Failure) 15M->11M(15M) 32.010ms
[323.318s][info][gc] GC(19944) Pause Young (Allocation Failure) 14M->15M(15M) 9.537ms
[323.350s][info][gc] GC(19945) Pause Full (Allocation Failure) 15M->11M(15M) 31.393ms
[323.363s][info][gc] GC(19946) Pause Young (Allocation Failure) 14M->15M(15M) 10.598ms
[323.396s][info][gc] GC(19947) Pause Full (Allocation Failure) 15M->11M(15M) 32.428ms
[323.408s][info][gc] GC(19948) Pause Young (Allocation Failure) 14M->15M(15M) 9.143ms
[323.439s][info][gc] GC(19949) Pause Full (Allocation Failure) 15M->11M(15M) 30.424ms
[323.450s][info][gc] GC(19950) Pause Young (Allocation Failure) 14M->15M(15M) 8.559ms
[323.480s][info][gc] GC(19951) Pause Full (Allocation Failure) 15M->11M(15M) 29.769ms
[323.492s][info][gc] GC(19952) Pause Young (Allocation Failure) 14M->15M(15M) 8.851ms
[323.523s][info][gc] GC(19953) Pause Full (Allocation Failure) 15M->11M(15M) 31.002ms
[323.535s][info][gc] GC(19954) Pause Young (Allocation Failure) 14M->14M(15M) 8.459ms
[323.566s][info][gc] GC(19955) Pause Full (Allocation Failure) 14M->11M(15M) 31.133ms
[323.581s][info][gc] GC(19956) Pause Young (Allocation Failure) 14M->14M(15M) 11.205ms
[323.614s][info][gc] GC(19957) Pause Full (Allocation Failure) 14M->11M(15M) 33.381ms
[323.627s][info][gc] GC(19958) Pause Young (Allocation Failure) 14M->14M(15M) 9.200ms
[323.657s][info][gc] GC(19959) Pause Full (Allocation Failure) 14M->11M(15M) 30.566ms
[323.670s][info][gc] GC(19960) Pause Young (Allocation Failure) 14M->15M(15M) 9.111ms
[323.704s][info][gc] GC(19961) Pause Full (Allocation Failure) 15M->11M(15M) 34.803ms
[323.717s][info][gc] GC(19962) Pause Young (Allocation Failure) 14M->15M(15M) 9.032ms
[323.749s][info][gc] GC(19963) Pause Full (Allocation Failure) 15M->11M(15M) 31.894ms
[323.761s][info][gc] GC(19964) Pause Young (Allocation Failure) 14M->15M(15M) 9.279ms
[323.793s][info][gc] GC(19965) Pause Full (Allocation Failure) 15M->11M(15M) 31.935ms
[323.806s][info][gc] GC(19966) Pause Young (Allocation Failure) 14M->15M(15M) 9.878ms
[323.837s][info][gc] GC(19967) Pause Full (Allocation Failure) 15M->11M(15M) 31.105ms
[323.849s][info][gc] GC(19968) Pause Young (Allocation Failure) 14M->15M(15M) 8.726ms
[323.881s][info][gc] GC(19969) Pause Full (Allocation Failure) 15M->11M(15M) 32.366ms
[323.894s][info][gc] GC(19970) Pause Young (Allocation Failure) 14M->15M(15M) 9.073ms
[323.924s][info][gc] GC(19971) Pause Full (Allocation Failure) 15M->11M(15M) 29.867ms
[323.937s][info][gc] GC(19972) Pause Young (Allocation Failure) 14M->15M(15M) 8.976ms
[323.967s][info][gc] GC(19973) Pause Full (Allocation Failure) 15M->11M(15M) 30.430ms
[323.983s][info][gc] GC(19974) Pause Young (Allocation Failure) 14M->15M(15M) 10.981ms
[324.016s][info][gc] GC(19975) Pause Full (Allocation Failure) 15M->11M(15M) 33.026ms
[324.029s][info][gc] GC(19976) Pause Young (Allocation Failure) 14M->15M(15M) 8.915ms
[324.060s][info][gc] GC(19977) Pause Full (Allocation Failure) 15M->11M(15M) 31.685ms
[324.073s][info][gc] GC(19978) Pause Young (Allocation Failure) 14M->15M(15M) 8.715ms
[324.107s][info][gc] GC(19979) Pause Full (Allocation Failure) 15M->11M(15M) 34.339ms
[324.120s][info][gc] GC(19980) Pause Young (Allocation Failure) 14M->15M(15M) 9.696ms
[324.156s][info][gc] GC(19981) Pause Full (Allocation Failure) 15M->11M(15M) 35.771ms
[324.168s][info][gc] GC(19982) Pause Young (Allocation Failure) 14M->15M(15M) 8.527ms
[324.200s][info][gc] GC(19983) Pause Full (Allocation Failure) 15M->11M(15M) 32.299ms
[324.215s][info][gc] GC(19984) Pause Young (Allocation Failure) 14M->15M(15M) 10.764ms
[324.250s][info][gc] GC(19985) Pause Full (Allocation Failure) 15M->11M(15M) 33.995ms
[324.263s][info][gc] GC(19986) Pause Young (Allocation Failure) 14M->15M(15M) 10.149ms
[324.295s][info][gc] GC(19987) Pause Full (Allocation Failure) 15M->11M(15M) 32.490ms
[324.310s][info][gc] GC(19988) Pause Young (Allocation Failure) 14M->15M(15M) 11.087ms
[324.342s][info][gc] GC(19989) Pause Full (Allocation Failure) 15M->11M(15M) 32.517ms
[324.355s][info][gc] GC(19990) Pause Young (Allocation Failure) 14M->15M(15M) 9.520ms
[324.388s][info][gc] GC(19991) Pause Full (Allocation Failure) 15M->11M(15M) 33.404ms
[324.400s][info][gc] GC(19992) Pause Young (Allocation Failure) 14M->15M(15M) 8.495ms
[324.430s][info][gc] GC(19993) Pause Full (Allocation Failure) 15M->11M(15M) 30.324ms
[324.442s][info][gc] GC(19994) Pause Young (Allocation Failure) 14M->15M(15M) 8.309ms
[324.472s][info][gc] GC(19995) Pause Full (Allocation Failure) 15M->11M(15M) 29.916ms
[324.484s][info][gc] GC(19996) Pause Young (Allocation Failure) 14M->15M(15M) 9.306ms
[324.515s][info][gc] GC(19997) Pause Full (Allocation Failure) 15M->11M(15M) 30.872ms
[324.528s][info][gc] GC(19998) Pause Young (Allocation Failure) 14M->15M(15M) 9.270ms
[324.561s][info][gc] GC(19999) Pause Full (Allocation Failure) 15M->11M(15M) 33.466ms
[324.574s][info][gc] GC(20000) Pause Young (Allocation Failure) 14M->15M(15M) 9.127ms
[324.611s][info][gc] GC(20001) Pause Full (Allocation Failure) 15M->11M(15M) 36.636ms
[324.625s][info][gc] GC(20002) Pause Young (Allocation Failure) 14M->15M(15M) 8.731ms
[324.656s][info][gc] GC(20003) Pause Full (Allocation Failure) 15M->11M(15M) 30.154ms
[324.667s][info][gc] GC(20004) Pause Young (Allocation Failure) 14M->15M(15M) 8.441ms
[324.701s][info][gc] GC(20005) Pause Full (Allocation Failure) 15M->11M(15M) 33.849ms
[324.714s][info][gc] GC(20006) Pause Young (Allocation Failure) 14M->15M(15M) 10.051ms
[324.749s][info][gc] GC(20007) Pause Full (Allocation Failure) 15M->11M(15M) 34.305ms
[324.761s][info][gc] GC(20008) Pause Young (Allocation Failure) 14M->15M(15M) 8.374ms
[324.792s][info][gc] GC(20009) Pause Full (Allocation Failure) 15M->11M(15M) 30.482ms
[324.804s][info][gc] GC(20010) Pause Young (Allocation Failure) 14M->15M(15M) 9.301ms
[324.841s][info][gc] GC(20011) Pause Full (Allocation Failure) 15M->11M(15M) 36.940ms
[324.854s][info][gc] GC(20012) Pause Young (Allocation Failure) 14M->15M(15M) 9.633ms
[324.887s][info][gc] GC(20013) Pause Full (Allocation Failure) 15M->11M(15M) 32.923ms
[324.903s][info][gc] GC(20014) Pause Young (Allocation Failure) 14M->15M(15M) 11.148ms
[324.939s][info][gc] GC(20015) Pause Full (Allocation Failure) 15M->11M(15M) 35.847ms
[324.954s][info][gc] GC(20016) Pause Young (Allocation Failure) 14M->15M(15M) 10.113ms
[324.990s][info][gc] GC(20017) Pause Full (Allocation Failure) 15M->11M(15M) 35.921ms
[325.004s][info][gc] GC(20018) Pause Young (Allocation Failure) 14M->15M(15M) 9.358ms
[325.037s][info][gc] GC(20019) Pause Full (Allocation Failure) 15M->11M(15M) 32.935ms
[325.055s][info][gc] GC(20020) Pause Young (Allocation Failure) 14M->15M(15M) 12.001ms
[325.100s][info][gc] GC(20021) Pause Full (Allocation Failure) 15M->11M(15M) 45.763ms
[325.121s][info][gc] GC(20022) Pause Young (Allocation Failure) 14M->15M(15M) 14.539ms
[325.175s][info][gc] GC(20023) Pause Full (Allocation Failure) 15M->11M(15M) 53.581ms
[325.195s][info][gc] GC(20024) Pause Young (Allocation Failure) 14M->15M(15M) 13.897ms
[325.247s][info][gc] GC(20025) Pause Full (Allocation Failure) 15M->11M(15M) 51.321ms
[325.266s][info][gc] GC(20026) Pause Young (Allocation Failure) 14M->15M(15M) 14.550ms
[325.317s][info][gc] GC(20027) Pause Full (Allocation Failure) 15M->11M(15M) 51.206ms
[325.339s][info][gc] GC(20028) Pause Young (Allocation Failure) 14M->15M(15M) 15.197ms
[325.389s][info][gc] GC(20029) Pause Full (Allocation Failure) 15M->11M(15M) 49.155ms
[325.408s][info][gc] GC(20030) Pause Young (Allocation Failure) 14M->15M(15M) 14.312ms
[325.458s][info][gc] GC(20031) Pause Full (Allocation Failure) 15M->11M(15M) 50.123ms
[325.480s][info][gc] GC(20032) Pause Young (Allocation Failure) 14M->15M(15M) 14.318ms
[325.533s][info][gc] GC(20033) Pause Full (Allocation Failure) 15M->11M(15M) 53.267ms
[325.553s][info][gc] GC(20034) Pause Young (Allocation Failure) 14M->15M(15M) 15.342ms
[325.607s][info][gc] GC(20035) Pause Full (Allocation Failure) 15M->11M(15M) 53.588ms
[325.626s][info][gc] GC(20036) Pause Young (Allocation Failure) 14M->15M(15M) 14.649ms
[325.676s][info][gc] GC(20037) Pause Full (Allocation Failure) 15M->11M(15M) 50.083ms
[325.696s][info][gc] GC(20038) Pause Young (Allocation Failure) 14M->15M(15M) 14.593ms
[325.746s][info][gc] GC(20039) Pause Full (Allocation Failure) 15M->11M(15M) 50.568ms
[325.765s][info][gc] GC(20040) Pause Young (Allocation Failure) 14M->15M(15M) 14.123ms
[325.817s][info][gc] GC(20041) Pause Full (Allocation Failure) 15M->11M(15M) 51.149ms
[325.836s][info][gc] GC(20042) Pause Young (Allocation Failure) 14M->15M(15M) 14.741ms
[325.888s][info][gc] GC(20043) Pause Full (Allocation Failure) 15M->11M(15M) 51.319ms
[325.907s][info][gc] GC(20044) Pause Young (Allocation Failure) 14M->15M(15M) 14.364ms
[325.958s][info][gc] GC(20045) Pause Full (Allocation Failure) 15M->11M(15M) 50.893ms
[325.977s][info][gc] GC(20046) Pause Young (Allocation Failure) 14M->15M(15M) 14.660ms
[326.031s][info][gc] GC(20047) Pause Full (Allocation Failure) 15M->11M(15M) 53.240ms
[326.057s][info][gc] GC(20048) Pause Young (Allocation Failure) 14M->15M(15M) 18.677ms
[326.105s][info][gc] GC(20049) Pause Full (Allocation Failure) 15M->11M(15M) 48.480ms
[326.126s][info][gc] GC(20050) Pause Young (Allocation Failure) 14M->15M(15M) 16.198ms
[326.181s][info][gc] GC(20051) Pause Full (Allocation Failure) 15M->11M(15M) 53.923ms
[326.201s][info][gc] GC(20052) Pause Young (Allocation Failure) 14M->15M(15M) 14.236ms
[326.253s][info][gc] GC(20053) Pause Full (Allocation Failure) 15M->11M(15M) 52.235ms
[326.272s][info][gc] GC(20054) Pause Young (Allocation Failure) 14M->15M(15M) 14.204ms
[326.327s][info][gc] GC(20055) Pause Full (Allocation Failure) 15M->11M(15M) 54.746ms
[326.358s][info][gc] GC(20056) Pause Young (Allocation Failure) 14M->15M(15M) 25.906ms
[326.455s][info][gc] GC(20057) Pause Full (Allocation Failure) 15M->11M(15M) 96.396ms
[326.477s][info][gc] GC(20058) Pause Young (Allocation Failure) 14M->15M(15M) 17.124ms
[326.532s][info][gc] GC(20059) Pause Full (Allocation Failure) 15M->11M(15M) 55.280ms
[326.553s][info][gc] GC(20060) Pause Young (Allocation Failure) 14M->15M(15M) 15.740ms
[326.610s][info][gc] GC(20061) Pause Full (Allocation Failure) 15M->11M(15M) 56.947ms
[326.631s][info][gc] GC(20062) Pause Young (Allocation Failure) 14M->15M(15M) 15.701ms
[326.685s][info][gc] GC(20063) Pause Full (Allocation Failure) 15M->11M(15M) 53.191ms
[326.704s][info][gc] GC(20064) Pause Young (Allocation Failure) 14M->15M(15M) 14.065ms
[326.746s][info][gc] GC(20065) Pause Full (Allocation Failure) 15M->11M(15M) 41.847ms
[326.765s][info][gc] GC(20066) Pause Young (Allocation Failure) 14M->14M(15M) 12.252ms
[326.804s][info][gc] GC(20067) Pause Full (Allocation Failure) 14M->11M(15M) 38.685ms
[326.822s][info][gc] GC(20068) Pause Young (Allocation Failure) 14M->14M(15M) 14.602ms
[326.871s][info][gc] GC(20069) Pause Full (Allocation Failure) 14M->11M(15M) 49.072ms
[326.885s][info][gc] GC(20070) Pause Young (Allocation Failure) 14M->15M(15M) 9.789ms
[326.932s][info][gc] GC(20071) Pause Full (Allocation Failure) 15M->11M(15M) 46.685ms
[326.946s][info][gc] GC(20072) Pause Young (Allocation Failure) 14M->15M(15M) 10.824ms
[326.985s][info][gc] GC(20073) Pause Full (Allocation Failure) 15M->11M(15M) 38.520ms
[327.005s][info][gc] GC(20074) Pause Young (Allocation Failure) 14M->15M(15M) 14.773ms
[327.049s][info][gc] GC(20075) Pause Full (Allocation Failure) 15M->11M(15M) 44.505ms
[327.065s][info][gc] GC(20076) Pause Young (Allocation Failure) 14M->15M(15M) 10.985ms
[327.108s][info][gc] GC(20077) Pause Full (Allocation Failure) 15M->11M(15M) 42.295ms
[327.124s][info][gc] GC(20078) Pause Young (Allocation Failure) 14M->15M(15M) 11.255ms
[327.165s][info][gc] GC(20079) Pause Full (Allocation Failure) 15M->11M(15M) 40.654ms
[327.182s][info][gc] GC(20080) Pause Young (Allocation Failure) 14M->15M(15M) 12.060ms
[327.225s][info][gc] GC(20081) Pause Full (Allocation Failure) 15M->11M(15M) 42.977ms
[327.245s][info][gc] GC(20082) Pause Young (Allocation Failure) 14M->15M(15M) 13.841ms
[327.288s][info][gc] GC(20083) Pause Full (Allocation Failure) 15M->11M(15M) 43.728ms
[327.304s][info][gc] GC(20084) Pause Young (Allocation Failure) 14M->15M(15M) 11.085ms
[327.347s][info][gc] GC(20085) Pause Full (Allocation Failure) 15M->11M(15M) 42.441ms
[327.364s][info][gc] GC(20086) Pause Young (Allocation Failure) 14M->15M(15M) 13.264ms
[327.421s][info][gc] GC(20087) Pause Full (Allocation Failure) 15M->11M(15M) 56.446ms
[327.440s][info][gc] GC(20088) Pause Young (Allocation Failure) 14M->15M(15M) 14.141ms
[327.490s][info][gc] GC(20089) Pause Full (Allocation Failure) 15M->11M(15M) 50.086ms
[327.509s][info][gc] GC(20090) Pause Young (Allocation Failure) 14M->15M(15M) 13.517ms
[327.561s][info][gc] GC(20091) Pause Full (Allocation Failure) 15M->11M(15M) 52.183ms
[327.583s][info][gc] GC(20092) Pause Young (Allocation Failure) 14M->15M(15M) 17.589ms
[327.628s][info][gc] GC(20093) Pause Full (Allocation Failure) 15M->11M(15M) 44.803ms
[327.642s][info][gc] GC(20094) Pause Young (Allocation Failure) 14M->15M(15M) 9.648ms
[327.683s][info][gc] GC(20095) Pause Full (Allocation Failure) 15M->11M(15M) 41.219ms
[327.702s][info][gc] GC(20096) Pause Young (Allocation Failure) 14M->15M(15M) 13.883ms
[327.753s][info][gc] GC(20097) Pause Full (Allocation Failure) 15M->11M(15M) 50.864ms
[327.770s][info][gc] GC(20098) Pause Young (Allocation Failure) 14M->15M(15M) 12.867ms
[327.813s][info][gc] GC(20099) Pause Full (Allocation Failure) 15M->11M(15M) 43.410ms
[327.827s][info][gc] GC(20100) Pause Young (Allocation Failure) 14M->15M(15M) 10.624ms
[327.874s][info][gc] GC(20101) Pause Full (Allocation Failure) 15M->11M(15M) 46.513ms
[327.896s][info][gc] GC(20102) Pause Young (Allocation Failure) 14M->15M(15M) 16.930ms
[327.943s][info][gc] GC(20103) Pause Full (Allocation Failure) 15M->11M(15M) 47.550ms
[327.960s][info][gc] GC(20104) Pause Young (Allocation Failure) 14M->15M(15M) 12.758ms
[328.006s][info][gc] GC(20105) Pause Full (Allocation Failure) 15M->11M(15M) 46.010ms
[328.022s][info][gc] GC(20106) Pause Young (Allocation Failure) 14M->15M(15M) 11.761ms
[328.057s][info][gc] GC(20107) Pause Full (Allocation Failure) 15M->11M(15M) 35.450ms
[328.075s][info][gc] GC(20108) Pause Young (Allocation Failure) 14M->15M(15M) 13.215ms
[328.134s][info][gc] GC(20109) Pause Full (Allocation Failure) 15M->11M(15M) 59.053ms
[328.156s][info][gc] GC(20110) Pause Young (Allocation Failure) 14M->15M(15M) 17.004ms
[328.214s][info][gc] GC(20111) Pause Full (Allocation Failure) 15M->11M(15M) 57.649ms
[328.238s][info][gc] GC(20112) Pause Young (Allocation Failure) 14M->15M(15M) 15.222ms
[328.300s][info][gc] GC(20113) Pause Full (Allocation Failure) 15M->11M(15M) 61.745ms
[328.336s][info][gc] GC(20114) Pause Young (Allocation Failure) 14M->15M(15M) 15.934ms
[328.389s][info][gc] GC(20115) Pause Full (Allocation Failure) 15M->11M(15M) 53.354ms
[328.408s][info][gc] GC(20116) Pause Young (Allocation Failure) 14M->15M(15M) 13.460ms
[328.454s][info][gc] GC(20117) Pause Full (Allocation Failure) 15M->11M(15M) 46.395ms
[328.469s][info][gc] GC(20118) Pause Young (Allocation Failure) 14M->15M(15M) 11.134ms
[328.506s][info][gc] GC(20119) Pause Full (Allocation Failure) 15M->11M(15M) 36.683ms
[328.523s][info][gc] GC(20120) Pause Young (Allocation Failure) 14M->15M(15M) 14.342ms
[328.570s][info][gc] GC(20121) Pause Full (Allocation Failure) 15M->11M(15M) 46.642ms
[328.587s][info][gc] GC(20122) Pause Young (Allocation Failure) 14M->15M(15M) 12.047ms
[328.625s][info][gc] GC(20123) Pause Full (Allocation Failure) 15M->11M(15M) 38.350ms
[328.644s][info][gc] GC(20124) Pause Young (Allocation Failure) 14M->15M(15M) 14.555ms
[328.692s][info][gc] GC(20125) Pause Full (Allocation Failure) 15M->11M(15M) 46.963ms
[328.707s][info][gc] GC(20126) Pause Young (Allocation Failure) 14M->15M(15M) 10.877ms
[328.751s][info][gc] GC(20127) Pause Full (Allocation Failure) 15M->11M(15M) 43.533ms
[328.770s][info][gc] GC(20128) Pause Young (Allocation Failure) 14M->15M(15M) 13.689ms
[328.814s][info][gc] GC(20129) Pause Full (Allocation Failure) 15M->11M(15M) 44.594ms
[328.833s][info][gc] GC(20130) Pause Young (Allocation Failure) 14M->15M(15M) 14.490ms
[328.875s][info][gc] GC(20131) Pause Full (Allocation Failure) 15M->11M(15M) 42.183ms
[328.891s][info][gc] GC(20132) Pause Young (Allocation Failure) 14M->15M(15M) 12.071ms
[328.939s][info][gc] GC(20133) Pause Full (Allocation Failure) 15M->11M(15M) 47.634ms
[328.954s][info][gc] GC(20134) Pause Young (Allocation Failure) 14M->15M(15M) 10.630ms
[329.004s][info][gc] GC(20135) Pause Full (Allocation Failure) 15M->11M(15M) 49.923ms
[329.025s][info][gc] GC(20136) Pause Young (Allocation Failure) 14M->15M(15M) 14.969ms
[329.075s][info][gc] GC(20137) Pause Full (Allocation Failure) 15M->11M(15M) 50.582ms
[329.095s][info][gc] GC(20138) Pause Young (Allocation Failure) 14M->15M(15M) 14.388ms
[329.139s][info][gc] GC(20139) Pause Full (Allocation Failure) 15M->11M(15M) 43.529ms
[329.156s][info][gc] GC(20140) Pause Young (Allocation Failure) 14M->15M(15M) 12.408ms
[329.199s][info][gc] GC(20141) Pause Full (Allocation Failure) 15M->11M(15M) 42.648ms
[329.217s][info][gc] GC(20142) Pause Young (Allocation Failure) 14M->15M(15M) 13.718ms
[329.263s][info][gc] GC(20143) Pause Full (Allocation Failure) 15M->11M(15M) 45.779ms
[329.282s][info][gc] GC(20144) Pause Young (Allocation Failure) 14M->15M(15M) 13.565ms
[329.331s][info][gc] GC(20145) Pause Full (Allocation Failure) 15M->11M(15M) 48.448ms
[329.349s][info][gc] GC(20146) Pause Young (Allocation Failure) 14M->15M(15M) 13.440ms
[329.393s][info][gc] GC(20147) Pause Full (Allocation Failure) 15M->11M(15M) 44.010ms
[329.408s][info][gc] GC(20148) Pause Young (Allocation Failure) 14M->15M(15M) 10.364ms
[329.450s][info][gc] GC(20149) Pause Full (Allocation Failure) 15M->11M(15M) 41.415ms
[329.464s][info][gc] GC(20150) Pause Young (Allocation Failure) 14M->15M(15M) 10.465ms
[329.504s][info][gc] GC(20151) Pause Full (Allocation Failure) 15M->11M(15M) 40.305ms
[329.528s][info][gc] GC(20152) Pause Young (Allocation Failure) 14M->15M(15M) 14.736ms
[329.590s][info][gc] GC(20153) Pause Full (Allocation Failure) 15M->11M(15M) 61.712ms
[329.609s][info][gc] GC(20154) Pause Young (Allocation Failure) 14M->15M(15M) 13.945ms
[329.666s][info][gc] GC(20155) Pause Full (Allocation Failure) 15M->11M(15M) 56.232ms
[329.689s][info][gc] GC(20156) Pause Young (Allocation Failure) 14M->15M(15M) 17.701ms
[329.746s][info][gc] GC(20157) Pause Full (Allocation Failure) 15M->11M(15M) 57.567ms
[329.766s][info][gc] GC(20158) Pause Young (Allocation Failure) 14M->15M(15M) 14.909ms
[329.815s][info][gc] GC(20159) Pause Full (Allocation Failure) 15M->11M(15M) 49.048ms
[329.834s][info][gc] GC(20160) Pause Young (Allocation Failure) 14M->15M(15M) 13.730ms
[329.901s][info][gc] GC(20161) Pause Full (Allocation Failure) 15M->11M(15M) 66.756ms
[329.924s][info][gc] GC(20162) Pause Young (Allocation Failure) 14M->15M(15M) 15.465ms
[329.983s][info][gc] GC(20163) Pause Full (Allocation Failure) 15M->11M(15M) 58.986ms
[330.004s][info][gc] GC(20164) Pause Young (Allocation Failure) 14M->15M(15M) 14.657ms
[330.066s][info][gc] GC(20165) Pause Full (Allocation Failure) 15M->11M(15M) 62.641ms
[330.090s][info][gc] GC(20166) Pause Young (Allocation Failure) 14M->15M(15M) 18.390ms
[330.149s][info][gc] GC(20167) Pause Full (Allocation Failure) 15M->11M(15M) 58.348ms
[330.169s][info][gc] GC(20168) Pause Young (Allocation Failure) 14M->15M(15M) 15.046ms
[330.219s][info][gc] GC(20169) Pause Full (Allocation Failure) 15M->11M(15M) 49.802ms
[330.239s][info][gc] GC(20170) Pause Young (Allocation Failure) 14M->15M(15M) 14.905ms
[330.301s][info][gc] GC(20171) Pause Full (Allocation Failure) 15M->11M(15M) 61.618ms
[330.320s][info][gc] GC(20172) Pause Young (Allocation Failure) 14M->15M(15M) 13.810ms
[330.380s][info][gc] GC(20173) Pause Full (Allocation Failure) 15M->11M(15M) 60.036ms
[330.408s][info][gc] GC(20174) Pause Young (Allocation Failure) 14M->15M(15M) 14.737ms
[330.470s][info][gc] GC(20175) Pause Full (Allocation Failure) 15M->11M(15M) 61.983ms
[330.499s][info][gc] GC(20176) Pause Young (Allocation Failure) 14M->15M(15M) 21.152ms
[330.558s][info][gc] GC(20177) Pause Full (Allocation Failure) 15M->11M(15M) 58.911ms
[330.576s][info][gc] GC(20178) Pause Young (Allocation Failure) 14M->15M(15M) 13.181ms
[330.628s][info][gc] GC(20179) Pause Full (Allocation Failure) 15M->11M(15M) 51.940ms
[330.646s][info][gc] GC(20180) Pause Young (Allocation Failure) 14M->15M(15M) 12.729ms
[330.696s][info][gc] GC(20181) Pause Full (Allocation Failure) 15M->11M(15M) 50.550ms
[330.717s][info][gc] GC(20182) Pause Young (Allocation Failure) 14M->15M(15M) 15.008ms
[330.777s][info][gc] GC(20183) Pause Full (Allocation Failure) 15M->11M(15M) 59.997ms
[330.811s][info][gc] GC(20184) Pause Young (Allocation Failure) 14M->15M(15M) 14.824ms
[330.872s][info][gc] GC(20185) Pause Full (Allocation Failure) 15M->11M(15M) 60.673ms
[330.899s][info][gc] GC(20186) Pause Young (Allocation Failure) 14M->15M(15M) 15.325ms
[330.950s][info][gc] GC(20187) Pause Full (Allocation Failure) 15M->11M(15M) 50.319ms
[330.969s][info][gc] GC(20188) Pause Young (Allocation Failure) 14M->15M(15M) 14.239ms
[331.019s][info][gc] GC(20189) Pause Full (Allocation Failure) 15M->11M(15M) 50.160ms
[331.036s][info][gc] GC(20190) Pause Young (Allocation Failure) 14M->15M(15M) 11.893ms
[331.083s][info][gc] GC(20191) Pause Full (Allocation Failure) 15M->11M(15M) 46.100ms
[331.099s][info][gc] GC(20192) Pause Young (Allocation Failure) 14M->15M(15M) 11.593ms
[331.144s][info][gc] GC(20193) Pause Full (Allocation Failure) 15M->11M(15M) 44.695ms
[331.160s][info][gc] GC(20194) Pause Young (Allocation Failure) 14M->15M(15M) 12.808ms
[331.203s][info][gc] GC(20195) Pause Full (Allocation Failure) 15M->11M(15M) 43.151ms
[331.222s][info][gc] GC(20196) Pause Young (Allocation Failure) 14M->15M(15M) 14.289ms
[331.272s][info][gc] GC(20197) Pause Full (Allocation Failure) 15M->11M(15M) 49.817ms
[331.291s][info][gc] GC(20198) Pause Young (Allocation Failure) 14M->15M(15M) 14.358ms
[331.341s][info][gc] GC(20199) Pause Full (Allocation Failure) 15M->11M(15M) 49.675ms
[331.357s][info][gc] GC(20200) Pause Young (Allocation Failure) 14M->15M(15M) 10.878ms
[331.401s][info][gc] GC(20201) Pause Full (Allocation Failure) 15M->11M(15M) 43.833ms
[331.420s][info][gc] GC(20202) Pause Young (Allocation Failure) 14M->15M(15M) 14.441ms
[331.463s][info][gc] GC(20203) Pause Full (Allocation Failure) 15M->11M(15M) 41.947ms
[331.477s][info][gc] GC(20204) Pause Young (Allocation Failure) 14M->15M(15M) 9.467ms
[331.529s][info][gc] GC(20205) Pause Full (Allocation Failure) 15M->11M(15M) 51.656ms
[331.550s][info][gc] GC(20206) Pause Young (Allocation Failure) 14M->15M(15M) 14.427ms
[331.602s][info][gc] GC(20207) Pause Full (Allocation Failure) 15M->11M(15M) 52.615ms
[331.622s][info][gc] GC(20208) Pause Young (Allocation Failure) 14M->15M(15M) 14.833ms
[331.674s][info][gc] GC(20209) Pause Full (Allocation Failure) 15M->11M(15M) 51.434ms
[331.696s][info][gc] GC(20210) Pause Young (Allocation Failure) 14M->15M(15M) 15.054ms
[331.756s][info][gc] GC(20211) Pause Full (Allocation Failure) 15M->11M(15M) 59.316ms
[331.773s][info][gc] GC(20212) Pause Young (Allocation Failure) 14M->15M(15M) 11.402ms
[331.816s][info][gc] GC(20213) Pause Full (Allocation Failure) 15M->11M(15M) 42.742ms
[331.831s][info][gc] GC(20214) Pause Young (Allocation Failure) 14M->15M(15M) 10.609ms
[331.872s][info][gc] GC(20215) Pause Full (Allocation Failure) 15M->11M(15M) 40.663ms
[331.886s][info][gc] GC(20216) Pause Young (Allocation Failure) 14M->15M(15M) 10.689ms
[331.924s][info][gc] GC(20217) Pause Full (Allocation Failure) 15M->11M(15M) 38.176ms
[331.943s][info][gc] GC(20218) Pause Young (Allocation Failure) 14M->15M(15M) 13.481ms
[331.993s][info][gc] GC(20219) Pause Full (Allocation Failure) 15M->11M(15M) 50.097ms
[332.016s][info][gc] GC(20220) Pause Young (Allocation Failure) 14M->15M(15M) 17.741ms
[332.059s][info][gc] GC(20221) Pause Full (Allocation Failure) 15M->11M(15M) 43.155ms
[332.073s][info][gc] GC(20222) Pause Young (Allocation Failure) 14M->15M(15M) 9.529ms
[332.115s][info][gc] GC(20223) Pause Full (Allocation Failure) 15M->11M(15M) 42.227ms
[332.132s][info][gc] GC(20224) Pause Young (Allocation Failure) 14M->15M(15M) 10.921ms
[332.179s][info][gc] GC(20225) Pause Full (Allocation Failure) 15M->11M(15M) 46.969ms
[332.198s][info][gc] GC(20226) Pause Young (Allocation Failure) 14M->15M(15M) 13.767ms
[332.248s][info][gc] GC(20227) Pause Full (Allocation Failure) 15M->11M(15M) 49.899ms
[332.266s][info][gc] GC(20228) Pause Young (Allocation Failure) 14M->15M(15M) 13.882ms
[332.314s][info][gc] GC(20229) Pause Full (Allocation Failure) 15M->11M(15M) 47.443ms
[332.332s][info][gc] GC(20230) Pause Young (Allocation Failure) 14M->15M(15M) 12.784ms
[332.380s][info][gc] GC(20231) Pause Full (Allocation Failure) 15M->11M(15M) 48.287ms
[332.399s][info][gc] GC(20232) Pause Young (Allocation Failure) 14M->15M(15M) 13.958ms
[332.447s][info][gc] GC(20233) Pause Full (Allocation Failure) 15M->11M(15M) 48.547ms
[332.466s][info][gc] GC(20234) Pause Young (Allocation Failure) 14M->15M(15M) 13.869ms
[332.514s][info][gc] GC(20235) Pause Full (Allocation Failure) 15M->11M(15M) 48.147ms
[332.533s][info][gc] GC(20236) Pause Young (Allocation Failure) 14M->15M(15M) 14.201ms
[332.583s][info][gc] GC(20237) Pause Full (Allocation Failure) 15M->11M(15M) 49.342ms
[332.601s][info][gc] GC(20238) Pause Young (Allocation Failure) 14M->15M(15M) 13.318ms
[332.652s][info][gc] GC(20239) Pause Full (Allocation Failure) 15M->11M(15M) 50.401ms
[332.672s][info][gc] GC(20240) Pause Young (Allocation Failure) 14M->15M(15M) 14.779ms
[332.732s][info][gc] GC(20241) Pause Full (Allocation Failure) 15M->11M(15M) 60.251ms
[332.752s][info][gc] GC(20242) Pause Young (Allocation Failure) 14M->15M(15M) 13.576ms
[332.807s][info][gc] GC(20243) Pause Full (Allocation Failure) 15M->11M(15M) 54.784ms
[332.824s][info][gc] GC(20244) Pause Young (Allocation Failure) 14M->15M(15M) 13.257ms
[332.871s][info][gc] GC(20245) Pause Full (Allocation Failure) 15M->11M(15M) 46.796ms
[332.889s][info][gc] GC(20246) Pause Young (Allocation Failure) 14M->15M(15M) 13.566ms
[332.931s][info][gc] GC(20247) Pause Full (Allocation Failure) 15M->11M(15M) 42.647ms
[332.947s][info][gc] GC(20248) Pause Young (Allocation Failure) 14M->15M(15M) 11.833ms
[332.993s][info][gc] GC(20249) Pause Full (Allocation Failure) 15M->11M(15M) 45.908ms
[333.012s][info][gc] GC(20250) Pause Young (Allocation Failure) 14M->15M(15M) 14.171ms
[333.063s][info][gc] GC(20251) Pause Full (Allocation Failure) 15M->11M(15M) 50.295ms
[333.082s][info][gc] GC(20252) Pause Young (Allocation Failure) 14M->15M(15M) 14.062ms
[333.131s][info][gc] GC(20253) Pause Full (Allocation Failure) 15M->11M(15M) 49.282ms
[333.149s][info][gc] GC(20254) Pause Young (Allocation Failure) 14M->15M(15M) 12.336ms
[333.195s][info][gc] GC(20255) Pause Full (Allocation Failure) 15M->11M(15M) 45.795ms
[333.214s][info][gc] GC(20256) Pause Young (Allocation Failure) 14M->15M(15M) 13.683ms
[333.262s][info][gc] GC(20257) Pause Full (Allocation Failure) 15M->11M(15M) 47.719ms
[333.281s][info][gc] GC(20258) Pause Young (Allocation Failure) 14M->15M(15M) 13.920ms
[333.325s][info][gc] GC(20259) Pause Full (Allocation Failure) 15M->11M(15M) 43.558ms
[333.344s][info][gc] GC(20260) Pause Young (Allocation Failure) 14M->15M(15M) 14.419ms
[333.389s][info][gc] GC(20261) Pause Full (Allocation Failure) 15M->11M(15M) 44.769ms
[333.404s][info][gc] GC(20262) Pause Young (Allocation Failure) 14M->15M(15M) 10.839ms
[333.454s][info][gc] GC(20263) Pause Full (Allocation Failure) 15M->11M(15M) 49.828ms
[333.473s][info][gc] GC(20264) Pause Young (Allocation Failure) 14M->15M(15M) 14.445ms
[333.524s][info][gc] GC(20265) Pause Full (Allocation Failure) 15M->11M(15M) 50.445ms
[333.543s][info][gc] GC(20266) Pause Young (Allocation Failure) 14M->15M(15M) 14.377ms
[333.588s][info][gc] GC(20267) Pause Full (Allocation Failure) 15M->11M(15M) 44.513ms
[333.606s][info][gc] GC(20268) Pause Young (Allocation Failure) 14M->15M(15M) 13.296ms
[333.639s][info][gc] GC(20269) Pause Full (Allocation Failure) 15M->11M(15M) 32.557ms
[333.651s][info][gc] GC(20270) Pause Young (Allocation Failure) 14M->15M(15M) 9.493ms
[333.691s][info][gc] GC(20271) Pause Full (Allocation Failure) 15M->11M(15M) 39.800ms
[333.710s][info][gc] GC(20272) Pause Young (Allocation Failure) 14M->15M(15M) 13.285ms
[333.746s][info][gc] GC(20273) Pause Full (Allocation Failure) 15M->11M(15M) 36.374ms
[333.759s][info][gc] GC(20274) Pause Young (Allocation Failure) 14M->15M(15M) 9.629ms
[333.796s][info][gc] GC(20275) Pause Full (Allocation Failure) 15M->11M(15M) 36.875ms
[333.810s][info][gc] GC(20276) Pause Young (Allocation Failure) 14M->15M(15M) 10.032ms
[333.849s][info][gc] GC(20277) Pause Full (Allocation Failure) 15M->11M(15M) 39.088ms
[333.862s][info][gc] GC(20278) Pause Young (Allocation Failure) 14M->15M(15M) 10.204ms
[333.897s][info][gc] GC(20279) Pause Full (Allocation Failure) 15M->11M(15M) 34.297ms
[333.910s][info][gc] GC(20280) Pause Young (Allocation Failure) 14M->15M(15M) 9.141ms
[333.942s][info][gc] GC(20281) Pause Full (Allocation Failure) 15M->11M(15M) 31.752ms
[333.955s][info][gc] GC(20282) Pause Young (Allocation Failure) 14M->15M(15M) 9.541ms
[333.987s][info][gc] GC(20283) Pause Full (Allocation Failure) 15M->11M(15M) 32.138ms
[333.999s][info][gc] GC(20284) Pause Young (Allocation Failure) 14M->15M(15M) 8.815ms
[334.031s][info][gc] GC(20285) Pause Full (Allocation Failure) 15M->11M(15M) 32.161ms
[334.044s][info][gc] GC(20286) Pause Young (Allocation Failure) 14M->15M(15M) 9.642ms
[334.078s][info][gc] GC(20287) Pause Full (Allocation Failure) 15M->11M(15M) 33.746ms
[334.093s][info][gc] GC(20288) Pause Young (Allocation Failure) 14M->15M(15M) 9.771ms
[334.125s][info][gc] GC(20289) Pause Full (Allocation Failure) 15M->11M(15M) 31.926ms
[334.139s][info][gc] GC(20290) Pause Young (Allocation Failure) 14M->15M(15M) 9.406ms
[334.174s][info][gc] GC(20291) Pause Full (Allocation Failure) 15M->11M(15M) 34.766ms
[334.193s][info][gc] GC(20292) Pause Young (Allocation Failure) 14M->15M(15M) 13.889ms
[334.234s][info][gc] GC(20293) Pause Full (Allocation Failure) 15M->11M(15M) 41.547ms
[334.250s][info][gc] GC(20294) Pause Young (Allocation Failure) 14M->15M(15M) 11.366ms
[334.296s][info][gc] GC(20295) Pause Full (Allocation Failure) 15M->11M(15M) 45.055ms
[334.314s][info][gc] GC(20296) Pause Young (Allocation Failure) 14M->15M(15M) 13.501ms
[334.364s][info][gc] GC(20297) Pause Full (Allocation Failure) 15M->11M(15M) 49.998ms
[334.381s][info][gc] GC(20298) Pause Young (Allocation Failure) 14M->15M(15M) 11.903ms
[334.426s][info][gc] GC(20299) Pause Full (Allocation Failure) 15M->11M(15M) 45.525ms
[334.443s][info][gc] GC(20300) Pause Young (Allocation Failure) 14M->15M(15M) 12.092ms
[334.492s][info][gc] GC(20301) Pause Full (Allocation Failure) 15M->11M(15M) 48.736ms
[334.512s][info][gc] GC(20302) Pause Young (Allocation Failure) 14M->15M(15M) 14.558ms
[334.561s][info][gc] GC(20303) Pause Full (Allocation Failure) 15M->11M(15M) 48.864ms
[334.583s][info][gc] GC(20304) Pause Young (Allocation Failure) 14M->15M(15M) 16.000ms
[334.635s][info][gc] GC(20305) Pause Full (Allocation Failure) 15M->11M(15M) 51.442ms
[334.653s][info][gc] GC(20306) Pause Young (Allocation Failure) 14M->15M(15M) 12.764ms
[334.705s][info][gc] GC(20307) Pause Full (Allocation Failure) 15M->11M(15M) 51.986ms
[334.722s][info][gc] GC(20308) Pause Young (Allocation Failure) 14M->15M(15M) 12.077ms
[334.762s][info][gc] GC(20309) Pause Full (Allocation Failure) 15M->11M(15M) 40.091ms
[334.778s][info][gc] GC(20310) Pause Young (Allocation Failure) 14M->15M(15M) 11.300ms
[334.815s][info][gc] GC(20311) Pause Full (Allocation Failure) 15M->11M(15M) 37.007ms
[334.833s][info][gc] GC(20312) Pause Young (Allocation Failure) 14M->15M(15M) 13.036ms
[334.873s][info][gc] GC(20313) Pause Full (Allocation Failure) 15M->11M(15M) 39.804ms
[334.888s][info][gc] GC(20314) Pause Young (Allocation Failure) 14M->15M(15M) 11.413ms
[334.930s][info][gc] GC(20315) Pause Full (Allocation Failure) 15M->11M(15M) 42.659ms
[334.950s][info][gc] GC(20316) Pause Young (Allocation Failure) 14M->15M(15M) 14.021ms
[334.989s][info][gc] GC(20317) Pause Full (Allocation Failure) 15M->11M(15M) 39.107ms
[335.005s][info][gc] GC(20318) Pause Young (Allocation Failure) 14M->15M(15M) 10.641ms
[335.044s][info][gc] GC(20319) Pause Full (Allocation Failure) 15M->11M(15M) 39.070ms
[335.065s][info][gc] GC(20320) Pause Young (Allocation Failure) 14M->15M(15M) 14.862ms
[335.117s][info][gc] GC(20321) Pause Full (Allocation Failure) 15M->11M(15M) 52.130ms
[335.138s][info][gc] GC(20322) Pause Young (Allocation Failure) 14M->15M(15M) 14.070ms
[335.189s][info][gc] GC(20323) Pause Full (Allocation Failure) 15M->11M(15M) 51.347ms
[335.210s][info][gc] GC(20324) Pause Young (Allocation Failure) 14M->15M(15M) 14.673ms
[335.262s][info][gc] GC(20325) Pause Full (Allocation Failure) 15M->11M(15M) 52.244ms
[335.281s][info][gc] GC(20326) Pause Young (Allocation Failure) 14M->15M(15M) 14.047ms
[335.357s][info][gc] GC(20327) Pause Full (Allocation Failure) 15M->11M(15M) 75.356ms
[335.376s][info][gc] GC(20328) Pause Young (Allocation Failure) 14M->15M(15M) 13.868ms
[335.425s][info][gc] GC(20329) Pause Full (Allocation Failure) 15M->11M(15M) 49.407ms
[335.445s][info][gc] GC(20330) Pause Young (Allocation Failure) 14M->15M(15M) 14.493ms
[335.495s][info][gc] GC(20331) Pause Full (Allocation Failure) 15M->11M(15M) 49.905ms
[335.514s][info][gc] GC(20332) Pause Young (Allocation Failure) 14M->15M(15M) 14.174ms
[335.568s][info][gc] GC(20333) Pause Full (Allocation Failure) 15M->11M(15M) 53.011ms
[335.588s][info][gc] GC(20334) Pause Young (Allocation Failure) 14M->15M(15M) 15.172ms
[335.640s][info][gc] GC(20335) Pause Full (Allocation Failure) 15M->11M(15M) 52.026ms
[335.660s][info][gc] GC(20336) Pause Young (Allocation Failure) 14M->15M(15M) 15.082ms
[335.713s][info][gc] GC(20337) Pause Full (Allocation Failure) 15M->11M(15M) 53.146ms
[335.734s][info][gc] GC(20338) Pause Young (Allocation Failure) 14M->15M(15M) 14.205ms
[335.785s][info][gc] GC(20339) Pause Full (Allocation Failure) 15M->11M(15M) 51.824ms
[335.809s][info][gc] GC(20340) Pause Young (Allocation Failure) 14M->15M(15M) 14.116ms
[335.862s][info][gc] GC(20341) Pause Full (Allocation Failure) 15M->11M(15M) 53.493ms
[335.882s][info][gc] GC(20342) Pause Young (Allocation Failure) 14M->15M(15M) 14.115ms
[335.934s][info][gc] GC(20343) Pause Full (Allocation Failure) 15M->11M(15M) 52.792ms
[335.954s][info][gc] GC(20344) Pause Young (Allocation Failure) 14M->15M(15M) 14.345ms
[336.008s][info][gc] GC(20345) Pause Full (Allocation Failure) 15M->11M(15M) 53.369ms
[336.030s][info][gc] GC(20346) Pause Young (Allocation Failure) 14M->15M(15M) 16.999ms
[336.084s][info][gc] GC(20347) Pause Full (Allocation Failure) 15M->11M(15M) 53.592ms
[336.105s][info][gc] GC(20348) Pause Young (Allocation Failure) 14M->15M(15M) 14.637ms
[336.158s][info][gc] GC(20349) Pause Full (Allocation Failure) 15M->11M(15M) 53.551ms
[336.184s][info][gc] GC(20350) Pause Young (Allocation Failure) 14M->15M(15M) 15.161ms
[336.237s][info][gc] GC(20351) Pause Full (Allocation Failure) 15M->11M(15M) 53.672ms
[336.258s][info][gc] GC(20352) Pause Young (Allocation Failure) 14M->15M(15M) 14.705ms
[336.311s][info][gc] GC(20353) Pause Full (Allocation Failure) 15M->11M(15M) 52.366ms
[336.333s][info][gc] GC(20354) Pause Young (Allocation Failure) 14M->15M(15M) 13.809ms
[336.386s][info][gc] GC(20355) Pause Full (Allocation Failure) 15M->11M(15M) 52.872ms
[336.408s][info][gc] GC(20356) Pause Young (Allocation Failure) 14M->15M(15M) 16.376ms
[336.461s][info][gc] GC(20357) Pause Full (Allocation Failure) 15M->11M(15M) 52.815ms
[336.481s][info][gc] GC(20358) Pause Young (Allocation Failure) 14M->15M(15M) 14.666ms
[336.538s][info][gc] GC(20359) Pause Full (Allocation Failure) 15M->11M(15M) 56.118ms
[336.560s][info][gc] GC(20360) Pause Young (Allocation Failure) 14M->15M(15M) 14.673ms
[336.624s][info][gc] GC(20361) Pause Full (Allocation Failure) 15M->11M(15M) 63.961ms
[336.645s][info][gc] GC(20362) Pause Young (Allocation Failure) 14M->15M(15M) 15.202ms
[336.701s][info][gc] GC(20363) Pause Full (Allocation Failure) 15M->11M(15M) 56.237ms
[336.722s][info][gc] GC(20364) Pause Young (Allocation Failure) 14M->15M(15M) 14.593ms
[336.774s][info][gc] GC(20365) Pause Full (Allocation Failure) 15M->11M(15M) 52.797ms
[336.796s][info][gc] GC(20366) Pause Young (Allocation Failure) 14M->15M(15M) 14.983ms
[336.843s][info][gc] GC(20367) Pause Full (Allocation Failure) 15M->11M(15M) 47.766ms
[336.863s][info][gc] GC(20368) Pause Young (Allocation Failure) 14M->15M(15M) 14.447ms
[336.915s][info][gc] GC(20369) Pause Full (Allocation Failure) 15M->11M(15M) 51.121ms
[336.934s][info][gc] GC(20370) Pause Young (Allocation Failure) 14M->15M(15M) 13.280ms
[336.983s][info][gc] GC(20371) Pause Full (Allocation Failure) 15M->11M(15M) 48.552ms
[337.002s][info][gc] GC(20372) Pause Young (Allocation Failure) 14M->15M(15M) 14.078ms
[337.049s][info][gc] GC(20373) Pause Full (Allocation Failure) 15M->11M(15M) 46.928ms
[337.065s][info][gc] GC(20374) Pause Young (Allocation Failure) 14M->15M(15M) 10.873ms
[337.107s][info][gc] GC(20375) Pause Full (Allocation Failure) 15M->11M(15M) 42.393ms
[337.122s][info][gc] GC(20376) Pause Young (Allocation Failure) 14M->15M(15M) 9.436ms
[337.163s][info][gc] GC(20377) Pause Full (Allocation Failure) 15M->11M(15M) 40.833ms
[337.184s][info][gc] GC(20378) Pause Young (Allocation Failure) 14M->15M(15M) 15.695ms
[337.233s][info][gc] GC(20379) Pause Full (Allocation Failure) 15M->11M(15M) 48.999ms
[337.267s][info][gc] GC(20380) Pause Young (Allocation Failure) 14M->15M(15M) 28.699ms
[337.316s][info][gc] GC(20381) Pause Full (Allocation Failure) 15M->11M(15M) 48.958ms
[337.335s][info][gc] GC(20382) Pause Young (Allocation Failure) 14M->15M(15M) 14.464ms
[337.372s][info][gc] GC(20383) Pause Full (Allocation Failure) 15M->11M(15M) 36.918ms
[337.386s][info][gc] GC(20384) Pause Young (Allocation Failure) 14M->15M(15M) 9.553ms
[337.419s][info][gc] GC(20385) Pause Full (Allocation Failure) 15M->11M(15M) 32.586ms
[337.433s][info][gc] GC(20386) Pause Young (Allocation Failure) 14M->15M(15M) 8.680ms
[337.467s][info][gc] GC(20387) Pause Full (Allocation Failure) 15M->11M(15M) 34.134ms
[337.479s][info][gc] GC(20388) Pause Young (Allocation Failure) 14M->15M(15M) 9.266ms
[337.512s][info][gc] GC(20389) Pause Full (Allocation Failure) 15M->11M(15M) 32.506ms
[337.523s][info][gc] GC(20390) Pause Young (Allocation Failure) 14M->15M(15M) 8.326ms
[337.554s][info][gc] GC(20391) Pause Full (Allocation Failure) 15M->11M(15M) 30.928ms
[337.567s][info][gc] GC(20392) Pause Young (Allocation Failure) 14M->15M(15M) 9.330ms
[337.597s][info][gc] GC(20393) Pause Full (Allocation Failure) 15M->11M(15M) 30.243ms
[337.610s][info][gc] GC(20394) Pause Young (Allocation Failure) 14M->15M(15M) 10.153ms
[337.640s][info][gc] GC(20395) Pause Full (Allocation Failure) 15M->11M(15M) 29.318ms
[337.654s][info][gc] GC(20396) Pause Young (Allocation Failure) 14M->15M(15M) 9.879ms
[337.693s][info][gc] GC(20397) Pause Full (Allocation Failure) 15M->11M(15M) 38.718ms
[337.710s][info][gc] GC(20398) Pause Young (Allocation Failure) 14M->15M(15M) 13.225ms
[337.748s][info][gc] GC(20399) Pause Full (Allocation Failure) 15M->11M(15M) 37.475ms
[337.761s][info][gc] GC(20400) Pause Young (Allocation Failure) 14M->15M(15M) 9.439ms
[337.795s][info][gc] GC(20401) Pause Full (Allocation Failure) 15M->11M(15M) 33.833ms
[337.808s][info][gc] GC(20402) Pause Young (Allocation Failure) 14M->15M(15M) 9.651ms
[337.840s][info][gc] GC(20403) Pause Full (Allocation Failure) 15M->11M(15M) 32.353ms
[337.853s][info][gc] GC(20404) Pause Young (Allocation Failure) 14M->15M(15M) 9.352ms
[337.891s][info][gc] GC(20405) Pause Full (Allocation Failure) 15M->11M(15M) 37.841ms
[337.909s][info][gc] GC(20406) Pause Young (Allocation Failure) 14M->15M(15M) 13.147ms
[337.971s][info][gc] GC(20407) Pause Full (Allocation Failure) 15M->11M(15M) 62.153ms
[338.001s][info][gc] GC(20408) Pause Young (Allocation Failure) 14M->15M(15M) 13.773ms
[338.053s][info][gc] GC(20409) Pause Full (Allocation Failure) 15M->11M(15M) 51.194ms
[338.075s][info][gc] GC(20410) Pause Young (Allocation Failure) 14M->15M(15M) 14.079ms
[338.128s][info][gc] GC(20411) Pause Full (Allocation Failure) 15M->11M(15M) 52.878ms
[338.150s][info][gc] GC(20412) Pause Young (Allocation Failure) 14M->15M(15M) 17.069ms
[338.203s][info][gc] GC(20413) Pause Full (Allocation Failure) 15M->11M(15M) 52.679ms
[338.223s][info][gc] GC(20414) Pause Young (Allocation Failure) 14M->15M(15M) 14.496ms
[338.274s][info][gc] GC(20415) Pause Full (Allocation Failure) 15M->11M(15M) 50.871ms
[338.296s][info][gc] GC(20416) Pause Young (Allocation Failure) 14M->15M(15M) 15.179ms
[338.348s][info][gc] GC(20417) Pause Full (Allocation Failure) 15M->11M(15M) 52.023ms
[338.367s][info][gc] GC(20418) Pause Young (Allocation Failure) 14M->15M(15M) 14.098ms
[338.416s][info][gc] GC(20419) Pause Full (Allocation Failure) 15M->11M(15M) 49.075ms
[338.438s][info][gc] GC(20420) Pause Young (Allocation Failure) 14M->15M(15M) 16.765ms
[338.486s][info][gc] GC(20421) Pause Full (Allocation Failure) 15M->11M(15M) 48.657ms
[338.507s][info][gc] GC(20422) Pause Young (Allocation Failure) 14M->15M(15M) 14.334ms
[338.561s][info][gc] GC(20423) Pause Full (Allocation Failure) 15M->11M(15M) 53.652ms
[338.587s][info][gc] GC(20424) Pause Young (Allocation Failure) 14M->15M(15M) 17.091ms
[338.643s][info][gc] GC(20425) Pause Full (Allocation Failure) 15M->11M(15M) 55.862ms
[338.663s][info][gc] GC(20426) Pause Young (Allocation Failure) 14M->15M(15M) 14.244ms
[338.715s][info][gc] GC(20427) Pause Full (Allocation Failure) 15M->11M(15M) 51.797ms
[338.735s][info][gc] GC(20428) Pause Young (Allocation Failure) 14M->15M(15M) 14.706ms
[338.784s][info][gc] GC(20429) Pause Full (Allocation Failure) 15M->11M(15M) 48.549ms
[338.805s][info][gc] GC(20430) Pause Young (Allocation Failure) 14M->15M(15M) 16.406ms
[338.854s][info][gc] GC(20431) Pause Full (Allocation Failure) 15M->11M(15M) 49.431ms
[338.873s][info][gc] GC(20432) Pause Young (Allocation Failure) 14M->15M(15M) 13.594ms
[338.932s][info][gc] GC(20433) Pause Full (Allocation Failure) 15M->11M(15M) 59.440ms
[338.954s][info][gc] GC(20434) Pause Young (Allocation Failure) 14M->15M(15M) 15.158ms
[339.010s][info][gc] GC(20435) Pause Full (Allocation Failure) 15M->11M(15M) 55.813ms
[339.035s][info][gc] GC(20436) Pause Young (Allocation Failure) 14M->15M(15M) 19.058ms
[339.089s][info][gc] GC(20437) Pause Full (Allocation Failure) 15M->11M(15M) 54.075ms
[339.114s][info][gc] GC(20438) Pause Young (Allocation Failure) 14M->15M(15M) 14.710ms
[339.170s][info][gc] GC(20439) Pause Full (Allocation Failure) 15M->11M(15M) 55.897ms
[339.188s][info][gc] GC(20440) Pause Young (Allocation Failure) 14M->15M(15M) 12.227ms
[339.231s][info][gc] GC(20441) Pause Full (Allocation Failure) 15M->11M(15M) 42.737ms
[339.248s][info][gc] GC(20442) Pause Young (Allocation Failure) 14M->15M(15M) 12.033ms
[339.401s][info][gc] GC(20443) Pause Full (Allocation Failure) 15M->11M(15M) 153.190ms
[339.494s][info][gc] GC(20444) Pause Young (Allocation Failure) 14M->15M(15M) 15.001ms
[339.548s][info][gc] GC(20445) Pause Full (Allocation Failure) 15M->11M(15M) 53.420ms
[339.567s][info][gc] GC(20446) Pause Young (Allocation Failure) 14M->15M(15M) 14.221ms
[339.620s][info][gc] GC(20447) Pause Full (Allocation Failure) 15M->11M(15M) 52.746ms
[339.642s][info][gc] GC(20448) Pause Young (Allocation Failure) 14M->15M(15M) 13.961ms
[339.697s][info][gc] GC(20449) Pause Full (Allocation Failure) 15M->11M(15M) 54.563ms
[339.719s][info][gc] GC(20450) Pause Young (Allocation Failure) 14M->15M(15M) 14.937ms
[339.775s][info][gc] GC(20451) Pause Full (Allocation Failure) 15M->11M(15M) 56.049ms
[339.794s][info][gc] GC(20452) Pause Young (Allocation Failure) 14M->15M(15M) 14.472ms
[339.849s][info][gc] GC(20453) Pause Full (Allocation Failure) 15M->11M(15M) 55.308ms
[339.871s][info][gc] GC(20454) Pause Young (Allocation Failure) 14M->15M(15M) 14.889ms
[339.923s][info][gc] GC(20455) Pause Full (Allocation Failure) 15M->11M(15M) 52.338ms
[339.944s][info][gc] GC(20456) Pause Young (Allocation Failure) 14M->15M(15M) 15.003ms
[339.994s][info][gc] GC(20457) Pause Full (Allocation Failure) 15M->11M(15M) 49.932ms
[340.012s][info][gc] GC(20458) Pause Young (Allocation Failure) 14M->15M(15M) 11.065ms
[340.049s][info][gc] GC(20459) Pause Full (Allocation Failure) 15M->11M(15M) 37.406ms
[340.066s][info][gc] GC(20460) Pause Young (Allocation Failure) 14M->15M(15M) 11.873ms
[340.110s][info][gc] GC(20461) Pause Full (Allocation Failure) 15M->11M(15M) 43.467ms
[340.126s][info][gc] GC(20462) Pause Young (Allocation Failure) 14M->15M(15M) 12.594ms
[340.163s][info][gc] GC(20463) Pause Full (Allocation Failure) 15M->11M(15M) 36.219ms
[340.177s][info][gc] GC(20464) Pause Young (Allocation Failure) 14M->15M(15M) 9.633ms
[340.215s][info][gc] GC(20465) Pause Full (Allocation Failure) 15M->11M(15M) 37.933ms
[340.234s][info][gc] GC(20466) Pause Young (Allocation Failure) 14M->15M(15M) 12.857ms
[340.279s][info][gc] GC(20467) Pause Full (Allocation Failure) 15M->11M(15M) 45.856ms
[340.297s][info][gc] GC(20468) Pause Young (Allocation Failure) 14M->15M(15M) 13.347ms
[340.337s][info][gc] GC(20469) Pause Full (Allocation Failure) 15M->11M(15M) 40.409ms
[340.352s][info][gc] GC(20470) Pause Young (Allocation Failure) 14M->15M(15M) 10.373ms
[340.389s][info][gc] GC(20471) Pause Full (Allocation Failure) 15M->11M(15M) 36.287ms
[340.401s][info][gc] GC(20472) Pause Young (Allocation Failure) 14M->15M(15M) 9.252ms
[340.433s][info][gc] GC(20473) Pause Full (Allocation Failure) 15M->11M(15M) 31.574ms
[340.445s][info][gc] GC(20474) Pause Young (Allocation Failure) 14M->15M(15M) 9.021ms
[340.477s][info][gc] GC(20475) Pause Full (Allocation Failure) 15M->11M(15M) 31.732ms
[340.490s][info][gc] GC(20476) Pause Young (Allocation Failure) 14M->15M(15M) 9.761ms
[340.522s][info][gc] GC(20477) Pause Full (Allocation Failure) 15M->11M(15M) 31.473ms
[340.534s][info][gc] GC(20478) Pause Young (Allocation Failure) 14M->15M(15M) 9.760ms
[340.567s][info][gc] GC(20479) Pause Full (Allocation Failure) 15M->11M(15M) 32.769ms
[340.584s][info][gc] GC(20480) Pause Young (Allocation Failure) 14M->15M(15M) 11.932ms
[340.626s][info][gc] GC(20481) Pause Full (Allocation Failure) 15M->11M(15M) 42.619ms
[340.642s][info][gc] GC(20482) Pause Young (Allocation Failure) 14M->15M(15M) 10.278ms
[340.682s][info][gc] GC(20483) Pause Full (Allocation Failure) 15M->11M(15M) 40.552ms
[340.701s][info][gc] GC(20484) Pause Young (Allocation Failure) 14M->15M(15M) 14.382ms
[340.751s][info][gc] GC(20485) Pause Full (Allocation Failure) 15M->11M(15M) 49.869ms
[340.767s][info][gc] GC(20486) Pause Young (Allocation Failure) 14M->15M(15M) 12.349ms
[340.812s][info][gc] GC(20487) Pause Full (Allocation Failure) 15M->11M(15M) 44.703ms
[340.828s][info][gc] GC(20488) Pause Young (Allocation Failure) 14M->15M(15M) 11.341ms
[340.865s][info][gc] GC(20489) Pause Full (Allocation Failure) 15M->11M(15M) 37.055ms
[340.879s][info][gc] GC(20490) Pause Young (Allocation Failure) 14M->15M(15M) 9.288ms
[340.920s][info][gc] GC(20491) Pause Full (Allocation Failure) 15M->11M(15M) 40.111ms
[340.935s][info][gc] GC(20492) Pause Young (Allocation Failure) 14M->15M(15M) 12.233ms
[340.980s][info][gc] GC(20493) Pause Full (Allocation Failure) 15M->11M(15M) 44.975ms
[341.002s][info][gc] GC(20494) Pause Young (Allocation Failure) 14M->15M(15M) 14.290ms
[341.048s][info][gc] GC(20495) Pause Full (Allocation Failure) 15M->11M(15M) 45.867ms
[341.068s][info][gc] GC(20496) Pause Young (Allocation Failure) 14M->15M(15M) 13.875ms
[341.121s][info][gc] GC(20497) Pause Full (Allocation Failure) 15M->11M(15M) 52.731ms
[341.141s][info][gc] GC(20498) Pause Young (Allocation Failure) 14M->15M(15M) 14.878ms
[341.184s][info][gc] GC(20499) Pause Full (Allocation Failure) 15M->11M(15M) 42.396ms
[341.202s][info][gc] GC(20500) Pause Young (Allocation Failure) 14M->15M(15M) 12.832ms
[341.249s][info][gc] GC(20501) Pause Full (Allocation Failure) 15M->11M(15M) 46.138ms
[341.263s][info][gc] GC(20502) Pause Young (Allocation Failure) 14M->15M(15M) 9.792ms
[341.298s][info][gc] GC(20503) Pause Full (Allocation Failure) 15M->11M(15M) 34.617ms
[341.312s][info][gc] GC(20504) Pause Young (Allocation Failure) 14M->15M(15M) 10.515ms
[341.344s][info][gc] GC(20505) Pause Full (Allocation Failure) 15M->11M(15M) 31.993ms
[341.357s][info][gc] GC(20506) Pause Young (Allocation Failure) 14M->15M(15M) 9.426ms
[341.390s][info][gc] GC(20507) Pause Full (Allocation Failure) 15M->11M(15M) 33.224ms
[341.403s][info][gc] GC(20508) Pause Young (Allocation Failure) 14M->15M(15M) 9.229ms
[341.434s][info][gc] GC(20509) Pause Full (Allocation Failure) 15M->11M(15M) 30.479ms
[341.447s][info][gc] GC(20510) Pause Young (Allocation Failure) 14M->15M(15M) 10.078ms
[341.491s][info][gc] GC(20511) Pause Full (Allocation Failure) 15M->11M(15M) 44.066ms
[341.509s][info][gc] GC(20512) Pause Young (Allocation Failure) 14M->15M(15M) 13.223ms
[341.557s][info][gc] GC(20513) Pause Full (Allocation Failure) 15M->11M(15M) 47.556ms
[341.571s][info][gc] GC(20514) Pause Young (Allocation Failure) 14M->15M(15M) 9.349ms
[341.608s][info][gc] GC(20515) Pause Full (Allocation Failure) 15M->11M(15M) 36.620ms
[341.622s][info][gc] GC(20516) Pause Young (Allocation Failure) 14M->15M(15M) 9.245ms
[341.655s][info][gc] GC(20517) Pause Full (Allocation Failure) 15M->11M(15M) 33.338ms
[341.667s][info][gc] GC(20518) Pause Young (Allocation Failure) 14M->15M(15M) 8.278ms
[341.700s][info][gc] GC(20519) Pause Full (Allocation Failure) 15M->11M(15M) 32.636ms
[341.715s][info][gc] GC(20520) Pause Young (Allocation Failure) 14M->15M(15M) 11.947ms
[341.756s][info][gc] GC(20521) Pause Full (Allocation Failure) 15M->11M(15M) 41.113ms
[341.775s][info][gc] GC(20522) Pause Young (Allocation Failure) 14M->15M(15M) 12.162ms
[341.814s][info][gc] GC(20523) Pause Full (Allocation Failure) 15M->11M(15M) 38.958ms
[341.834s][info][gc] GC(20524) Pause Young (Allocation Failure) 14M->15M(15M) 14.635ms
[341.873s][info][gc] GC(20525) Pause Full (Allocation Failure) 15M->11M(15M) 38.598ms
[341.885s][info][gc] GC(20526) Pause Young (Allocation Failure) 14M->15M(15M) 9.497ms
[341.918s][info][gc] GC(20527) Pause Full (Allocation Failure) 15M->11M(15M) 32.587ms
[341.931s][info][gc] GC(20528) Pause Young (Allocation Failure) 14M->15M(15M) 9.425ms
[341.965s][info][gc] GC(20529) Pause Full (Allocation Failure) 15M->11M(15M) 33.891ms
[341.979s][info][gc] GC(20530) Pause Young (Allocation Failure) 14M->15M(15M) 11.186ms
[342.013s][info][gc] GC(20531) Pause Full (Allocation Failure) 15M->11M(15M) 34.080ms
[342.026s][info][gc] GC(20532) Pause Young (Allocation Failure) 14M->15M(15M) 9.966ms
[342.059s][info][gc] GC(20533) Pause Full (Allocation Failure) 15M->11M(15M) 33.066ms
[342.072s][info][gc] GC(20534) Pause Young (Allocation Failure) 14M->15M(15M) 9.399ms
[342.111s][info][gc] GC(20535) Pause Full (Allocation Failure) 15M->11M(15M) 38.275ms
[342.123s][info][gc] GC(20536) Pause Young (Allocation Failure) 14M->15M(15M) 8.964ms
[342.159s][info][gc] GC(20537) Pause Full (Allocation Failure) 15M->11M(15M) 35.604ms
[342.173s][info][gc] GC(20538) Pause Young (Allocation Failure) 14M->15M(15M) 9.992ms
[342.210s][info][gc] GC(20539) Pause Full (Allocation Failure) 15M->11M(15M) 37.537ms
[342.228s][info][gc] GC(20540) Pause Young (Allocation Failure) 14M->15M(15M) 11.969ms
[342.267s][info][gc] GC(20541) Pause Full (Allocation Failure) 15M->11M(15M) 38.511ms
[342.284s][info][gc] GC(20542) Pause Young (Allocation Failure) 14M->15M(15M) 12.521ms
[342.319s][info][gc] GC(20543) Pause Full (Allocation Failure) 15M->11M(15M) 35.132ms
[342.333s][info][gc] GC(20544) Pause Young (Allocation Failure) 14M->15M(15M) 10.404ms
[342.364s][info][gc] GC(20545) Pause Full (Allocation Failure) 15M->11M(15M) 31.345ms
[342.377s][info][gc] GC(20546) Pause Young (Allocation Failure) 14M->15M(15M) 9.691ms
[342.409s][info][gc] GC(20547) Pause Full (Allocation Failure) 15M->11M(15M) 31.575ms
[342.422s][info][gc] GC(20548) Pause Young (Allocation Failure) 14M->15M(15M) 9.862ms
[342.455s][info][gc] GC(20549) Pause Full (Allocation Failure) 15M->11M(15M) 33.313ms
[342.469s][info][gc] GC(20550) Pause Young (Allocation Failure) 14M->15M(15M) 10.013ms
[342.504s][info][gc] GC(20551) Pause Full (Allocation Failure) 15M->11M(15M) 35.463ms
[342.518s][info][gc] GC(20552) Pause Young (Allocation Failure) 14M->15M(15M) 10.118ms
[342.552s][info][gc] GC(20553) Pause Full (Allocation Failure) 15M->11M(15M) 34.007ms
[342.564s][info][gc] GC(20554) Pause Young (Allocation Failure) 14M->15M(15M) 9.605ms
[342.598s][info][gc] GC(20555) Pause Full (Allocation Failure) 15M->11M(15M) 33.169ms
[342.610s][info][gc] GC(20556) Pause Young (Allocation Failure) 14M->15M(15M) 9.004ms
[342.643s][info][gc] GC(20557) Pause Full (Allocation Failure) 15M->11M(15M) 32.597ms
[342.655s][info][gc] GC(20558) Pause Young (Allocation Failure) 14M->15M(15M) 9.791ms
[342.689s][info][gc] GC(20559) Pause Full (Allocation Failure) 15M->11M(15M) 34.015ms
[342.702s][info][gc] GC(20560) Pause Young (Allocation Failure) 14M->15M(15M) 9.513ms
[342.736s][info][gc] GC(20561) Pause Full (Allocation Failure) 15M->11M(15M) 33.809ms
[342.748s][info][gc] GC(20562) Pause Young (Allocation Failure) 14M->15M(15M) 8.615ms
[342.783s][info][gc] GC(20563) Pause Full (Allocation Failure) 15M->11M(15M) 35.015ms
[342.797s][info][gc] GC(20564) Pause Young (Allocation Failure) 14M->15M(15M) 9.572ms
[342.833s][info][gc] GC(20565) Pause Full (Allocation Failure) 15M->11M(15M) 36.193ms
[342.845s][info][gc] GC(20566) Pause Young (Allocation Failure) 14M->15M(15M) 9.032ms
[342.879s][info][gc] GC(20567) Pause Full (Allocation Failure) 15M->11M(15M) 33.289ms
[342.891s][info][gc] GC(20568) Pause Young (Allocation Failure) 14M->15M(15M) 8.986ms
[342.924s][info][gc] GC(20569) Pause Full (Allocation Failure) 15M->11M(15M) 32.689ms
[342.939s][info][gc] GC(20570) Pause Young (Allocation Failure) 14M->15M(15M) 12.156ms
[342.972s][info][gc] GC(20571) Pause Full (Allocation Failure) 15M->11M(15M) 33.287ms
[342.985s][info][gc] GC(20572) Pause Young (Allocation Failure) 14M->15M(15M) 8.534ms
[343.016s][info][gc] GC(20573) Pause Full (Allocation Failure) 15M->11M(15M) 31.182ms
[343.029s][info][gc] GC(20574) Pause Young (Allocation Failure) 14M->15M(15M) 10.014ms
[343.063s][info][gc] GC(20575) Pause Full (Allocation Failure) 15M->11M(15M) 33.485ms
[343.078s][info][gc] GC(20576) Pause Young (Allocation Failure) 14M->15M(15M) 11.918ms
[343.110s][info][gc] GC(20577) Pause Full (Allocation Failure) 15M->11M(15M) 31.396ms
[343.124s][info][gc] GC(20578) Pause Young (Allocation Failure) 14M->15M(15M) 10.705ms
[343.156s][info][gc] GC(20579) Pause Full (Allocation Failure) 15M->11M(15M) 32.651ms
[343.170s][info][gc] GC(20580) Pause Young (Allocation Failure) 14M->15M(15M) 10.127ms
[343.210s][info][gc] GC(20581) Pause Full (Allocation Failure) 15M->11M(15M) 40.184ms
[343.226s][info][gc] GC(20582) Pause Young (Allocation Failure) 14M->15M(15M) 11.404ms
[343.271s][info][gc] GC(20583) Pause Full (Allocation Failure) 15M->11M(15M) 44.944ms
[343.286s][info][gc] GC(20584) Pause Young (Allocation Failure) 14M->15M(15M) 11.513ms
[343.322s][info][gc] GC(20585) Pause Full (Allocation Failure) 15M->11M(15M) 36.230ms
[343.335s][info][gc] GC(20586) Pause Young (Allocation Failure) 14M->15M(15M) 9.650ms
[343.371s][info][gc] GC(20587) Pause Full (Allocation Failure) 15M->11M(15M) 35.283ms
[343.384s][info][gc] GC(20588) Pause Young (Allocation Failure) 14M->15M(15M) 10.420ms
[343.421s][info][gc] GC(20589) Pause Full (Allocation Failure) 15M->11M(15M) 36.397ms
[343.433s][info][gc] GC(20590) Pause Young (Allocation Failure) 14M->15M(15M) 8.897ms
[343.464s][info][gc] GC(20591) Pause Full (Allocation Failure) 15M->11M(15M) 31.412ms
[343.477s][info][gc] GC(20592) Pause Young (Allocation Failure) 14M->15M(15M) 9.482ms
[343.508s][info][gc] GC(20593) Pause Full (Allocation Failure) 15M->11M(15M) 31.065ms
[343.520s][info][gc] GC(20594) Pause Young (Allocation Failure) 14M->15M(15M) 9.080ms
[343.555s][info][gc] GC(20595) Pause Full (Allocation Failure) 15M->11M(15M) 34.142ms
[343.566s][info][gc] GC(20596) Pause Young (Allocation Failure) 14M->15M(15M) 8.562ms
[343.597s][info][gc] GC(20597) Pause Full (Allocation Failure) 15M->11M(15M) 30.437ms
[343.609s][info][gc] GC(20598) Pause Young (Allocation Failure) 14M->15M(15M) 8.905ms
[343.645s][info][gc] GC(20599) Pause Full (Allocation Failure) 15M->11M(15M) 35.517ms
[343.656s][info][gc] GC(20600) Pause Young (Allocation Failure) 14M->15M(15M) 8.606ms
[343.689s][info][gc] GC(20601) Pause Full (Allocation Failure) 15M->11M(15M) 33.120ms
[343.702s][info][gc] GC(20602) Pause Young (Allocation Failure) 14M->15M(15M) 8.793ms
[343.738s][info][gc] GC(20603) Pause Full (Allocation Failure) 15M->11M(15M) 36.366ms
[343.751s][info][gc] GC(20604) Pause Young (Allocation Failure) 14M->15M(15M) 9.657ms
[343.784s][info][gc] GC(20605) Pause Full (Allocation Failure) 15M->11M(15M) 33.426ms
[343.801s][info][gc] GC(20606) Pause Young (Allocation Failure) 14M->15M(15M) 12.852ms
[343.833s][info][gc] GC(20607) Pause Full (Allocation Failure) 15M->11M(15M) 32.123ms
[343.845s][info][gc] GC(20608) Pause Young (Allocation Failure) 14M->15M(15M) 9.037ms
[343.879s][info][gc] GC(20609) Pause Full (Allocation Failure) 15M->11M(15M) 34.039ms
[343.891s][info][gc] GC(20610) Pause Young (Allocation Failure) 14M->15M(15M) 8.516ms
[343.922s][info][gc] GC(20611) Pause Full (Allocation Failure) 15M->11M(15M) 31.390ms
[343.936s][info][gc] GC(20612) Pause Young (Allocation Failure) 14M->15M(15M) 9.539ms
[343.968s][info][gc] GC(20613) Pause Full (Allocation Failure) 15M->11M(15M) 31.439ms
[343.981s][info][gc] GC(20614) Pause Young (Allocation Failure) 14M->15M(15M) 10.389ms
[344.012s][info][gc] GC(20615) Pause Full (Allocation Failure) 15M->11M(15M) 30.578ms
[344.024s][info][gc] GC(20616) Pause Young (Allocation Failure) 14M->15M(15M) 8.706ms
[344.058s][info][gc] GC(20617) Pause Full (Allocation Failure) 15M->11M(15M) 34.059ms
[344.071s][info][gc] GC(20618) Pause Young (Allocation Failure) 14M->15M(15M) 9.303ms
[344.108s][info][gc] GC(20619) Pause Full (Allocation Failure) 15M->11M(15M) 37.248ms
[344.121s][info][gc] GC(20620) Pause Young (Allocation Failure) 14M->15M(15M) 9.366ms
[344.155s][info][gc] GC(20621) Pause Full (Allocation Failure) 15M->11M(15M) 34.794ms
[344.167s][info][gc] GC(20622) Pause Young (Allocation Failure) 14M->15M(15M) 8.610ms
[344.198s][info][gc] GC(20623) Pause Full (Allocation Failure) 15M->11M(15M) 30.912ms
[344.214s][info][gc] GC(20624) Pause Young (Allocation Failure) 14M->15M(15M) 11.152ms
[344.254s][info][gc] GC(20625) Pause Full (Allocation Failure) 15M->11M(15M) 40.066ms
[344.273s][info][gc] GC(20626) Pause Young (Allocation Failure) 14M->15M(15M) 13.263ms
[344.307s][info][gc] GC(20627) Pause Full (Allocation Failure) 15M->11M(15M) 33.651ms
[344.323s][info][gc] GC(20628) Pause Young (Allocation Failure) 14M->15M(15M) 11.527ms
[344.357s][info][gc] GC(20629) Pause Full (Allocation Failure) 15M->11M(15M) 34.241ms
[344.372s][info][gc] GC(20630) Pause Young (Allocation Failure) 14M->15M(15M) 9.818ms
[344.404s][info][gc] GC(20631) Pause Full (Allocation Failure) 15M->11M(15M) 32.047ms
[344.417s][info][gc] GC(20632) Pause Young (Allocation Failure) 14M->15M(15M) 9.440ms
[344.447s][info][gc] GC(20633) Pause Full (Allocation Failure) 15M->11M(15M) 30.003ms
[344.459s][info][gc] GC(20634) Pause Young (Allocation Failure) 14M->15M(15M) 8.891ms
[344.490s][info][gc] GC(20635) Pause Full (Allocation Failure) 15M->11M(15M) 30.418ms
[344.502s][info][gc] GC(20636) Pause Young (Allocation Failure) 14M->15M(15M) 9.040ms
[344.532s][info][gc] GC(20637) Pause Full (Allocation Failure) 15M->11M(15M) 29.809ms
[344.546s][info][gc] GC(20638) Pause Young (Allocation Failure) 14M->15M(15M) 9.710ms
[344.580s][info][gc] GC(20639) Pause Full (Allocation Failure) 15M->11M(15M) 33.484ms
[344.592s][info][gc] GC(20640) Pause Young (Allocation Failure) 14M->15M(15M) 8.891ms
[344.623s][info][gc] GC(20641) Pause Full (Allocation Failure) 15M->11M(15M) 30.837ms
[344.637s][info][gc] GC(20642) Pause Young (Allocation Failure) 14M->15M(15M) 10.537ms
[344.689s][info][gc] GC(20643) Pause Full (Allocation Failure) 15M->11M(15M) 52.020ms
[344.708s][info][gc] GC(20644) Pause Young (Allocation Failure) 14M->15M(15M) 12.267ms
[344.748s][info][gc] GC(20645) Pause Full (Allocation Failure) 15M->11M(15M) 39.699ms
[344.769s][info][gc] GC(20646) Pause Young (Allocation Failure) 14M->15M(15M) 13.274ms
[344.804s][info][gc] GC(20647) Pause Full (Allocation Failure) 15M->11M(15M) 35.520ms
[344.822s][info][gc] GC(20648) Pause Young (Allocation Failure) 14M->15M(15M) 13.174ms
[344.856s][info][gc] GC(20649) Pause Full (Allocation Failure) 15M->11M(15M) 33.568ms
[344.868s][info][gc] GC(20650) Pause Young (Allocation Failure) 14M->15M(15M) 9.327ms
[344.902s][info][gc] GC(20651) Pause Full (Allocation Failure) 15M->11M(15M) 33.830ms
[344.915s][info][gc] GC(20652) Pause Young (Allocation Failure) 14M->15M(15M) 9.606ms
[344.951s][info][gc] GC(20653) Pause Full (Allocation Failure) 15M->11M(15M) 35.918ms
[344.963s][info][gc] GC(20654) Pause Young (Allocation Failure) 14M->15M(15M) 9.249ms
[344.997s][info][gc] GC(20655) Pause Full (Allocation Failure) 15M->11M(15M) 33.156ms
[345.009s][info][gc] GC(20656) Pause Young (Allocation Failure) 14M->15M(15M) 9.460ms
[345.045s][info][gc] GC(20657) Pause Full (Allocation Failure) 15M->11M(15M) 35.955ms
[345.062s][info][gc] GC(20658) Pause Young (Allocation Failure) 14M->15M(15M) 12.596ms
[345.097s][info][gc] GC(20659) Pause Full (Allocation Failure) 15M->11M(15M) 35.305ms
[345.113s][info][gc] GC(20660) Pause Young (Allocation Failure) 14M->15M(15M) 11.223ms
[345.155s][info][gc] GC(20661) Pause Full (Allocation Failure) 15M->11M(15M) 41.779ms
[345.171s][info][gc] GC(20662) Pause Young (Allocation Failure) 14M->15M(15M) 11.504ms
[345.211s][info][gc] GC(20663) Pause Full (Allocation Failure) 15M->11M(15M) 40.183ms
[345.227s][info][gc] GC(20664) Pause Young (Allocation Failure) 14M->15M(15M) 10.611ms
[345.273s][info][gc] GC(20665) Pause Full (Allocation Failure) 15M->11M(15M) 45.761ms
[345.292s][info][gc] GC(20666) Pause Young (Allocation Failure) 14M->15M(15M) 14.007ms
[345.336s][info][gc] GC(20667) Pause Full (Allocation Failure) 15M->11M(15M) 43.843ms
[345.351s][info][gc] GC(20668) Pause Young (Allocation Failure) 14M->15M(15M) 10.231ms
[345.391s][info][gc] GC(20669) Pause Full (Allocation Failure) 15M->11M(15M) 40.704ms
[345.406s][info][gc] GC(20670) Pause Young (Allocation Failure) 14M->15M(15M) 11.959ms
[345.446s][info][gc] GC(20671) Pause Full (Allocation Failure) 15M->11M(15M) 39.044ms
[345.458s][info][gc] GC(20672) Pause Young (Allocation Failure) 14M->15M(15M) 9.801ms
[345.502s][info][gc] GC(20673) Pause Full (Allocation Failure) 15M->11M(15M) 43.378ms
[345.519s][info][gc] GC(20674) Pause Young (Allocation Failure) 14M->15M(15M) 13.420ms
[345.554s][info][gc] GC(20675) Pause Full (Allocation Failure) 15M->11M(15M) 35.669ms
[345.569s][info][gc] GC(20676) Pause Young (Allocation Failure) 14M->15M(15M) 11.506ms
[345.606s][info][gc] GC(20677) Pause Full (Allocation Failure) 15M->11M(15M) 37.453ms
[345.619s][info][gc] GC(20678) Pause Young (Allocation Failure) 14M->15M(15M) 9.418ms
[345.652s][info][gc] GC(20679) Pause Full (Allocation Failure) 15M->11M(15M) 32.788ms
[345.665s][info][gc] GC(20680) Pause Young (Allocation Failure) 14M->15M(15M) 9.874ms
[345.707s][info][gc] GC(20681) Pause Full (Allocation Failure) 15M->11M(15M) 41.672ms
[345.721s][info][gc] GC(20682) Pause Young (Allocation Failure) 14M->15M(15M) 9.517ms
[345.757s][info][gc] GC(20683) Pause Full (Allocation Failure) 15M->11M(15M) 35.333ms
[345.769s][info][gc] GC(20684) Pause Young (Allocation Failure) 14M->15M(15M) 9.384ms
[345.804s][info][gc] GC(20685) Pause Full (Allocation Failure) 15M->11M(15M) 34.551ms
[345.820s][info][gc] GC(20686) Pause Young (Allocation Failure) 14M->15M(15M) 11.361ms
[345.854s][info][gc] GC(20687) Pause Full (Allocation Failure) 15M->11M(15M) 33.865ms
[345.866s][info][gc] GC(20688) Pause Young (Allocation Failure) 14M->15M(15M) 9.044ms
[345.898s][info][gc] GC(20689) Pause Full (Allocation Failure) 15M->11M(15M) 30.960ms
[345.909s][info][gc] GC(20690) Pause Young (Allocation Failure) 14M->15M(15M) 8.866ms
[345.946s][info][gc] GC(20691) Pause Full (Allocation Failure) 15M->11M(15M) 36.664ms
[345.958s][info][gc] GC(20692) Pause Young (Allocation Failure) 14M->15M(15M) 8.463ms
[345.990s][info][gc] GC(20693) Pause Full (Allocation Failure) 15M->11M(15M) 31.397ms
[346.002s][info][gc] GC(20694) Pause Young (Allocation Failure) 14M->15M(15M) 8.613ms
[346.033s][info][gc] GC(20695) Pause Full (Allocation Failure) 15M->11M(15M) 30.779ms
[346.044s][info][gc] GC(20696) Pause Young (Allocation Failure) 14M->15M(15M) 8.628ms
[346.077s][info][gc] GC(20697) Pause Full (Allocation Failure) 15M->11M(15M) 32.770ms
[346.089s][info][gc] GC(20698) Pause Young (Allocation Failure) 14M->15M(15M) 8.506ms
[346.122s][info][gc] GC(20699) Pause Full (Allocation Failure) 15M->11M(15M) 32.855ms
[346.134s][info][gc] GC(20700) Pause Young (Allocation Failure) 14M->15M(15M) 9.123ms
[346.169s][info][gc] GC(20701) Pause Full (Allocation Failure) 15M->11M(15M) 34.793ms
[346.184s][info][gc] GC(20702) Pause Young (Allocation Failure) 14M->15M(15M) 10.783ms
[346.230s][info][gc] GC(20703) Pause Full (Allocation Failure) 15M->11M(15M) 46.007ms
[346.250s][info][gc] GC(20704) Pause Young (Allocation Failure) 14M->15M(15M) 13.649ms
[346.295s][info][gc] GC(20705) Pause Full (Allocation Failure) 15M->11M(15M) 44.071ms
[346.309s][info][gc] GC(20706) Pause Young (Allocation Failure) 14M->15M(15M) 9.794ms
[346.341s][info][gc] GC(20707) Pause Full (Allocation Failure) 15M->11M(15M) 32.406ms
[346.354s][info][gc] GC(20708) Pause Young (Allocation Failure) 14M->15M(15M) 9.739ms
[346.388s][info][gc] GC(20709) Pause Full (Allocation Failure) 15M->11M(15M) 33.566ms
[346.401s][info][gc] GC(20710) Pause Young (Allocation Failure) 14M->15M(15M) 9.321ms
[346.434s][info][gc] GC(20711) Pause Full (Allocation Failure) 15M->11M(15M) 32.619ms
[346.446s][info][gc] GC(20712) Pause Young (Allocation Failure) 14M->15M(15M) 9.270ms
[346.478s][info][gc] GC(20713) Pause Full (Allocation Failure) 15M->11M(15M) 31.559ms
[346.490s][info][gc] GC(20714) Pause Young (Allocation Failure) 14M->15M(15M) 9.291ms
[346.521s][info][gc] GC(20715) Pause Full (Allocation Failure) 15M->11M(15M) 31.242ms
[346.535s][info][gc] GC(20716) Pause Young (Allocation Failure) 14M->15M(15M) 10.504ms
[346.578s][info][gc] GC(20717) Pause Full (Allocation Failure) 15M->11M(15M) 42.584ms
[346.598s][info][gc] GC(20718) Pause Young (Allocation Failure) 14M->15M(15M) 14.896ms
[346.650s][info][gc] GC(20719) Pause Full (Allocation Failure) 15M->11M(15M) 51.335ms
[346.665s][info][gc] GC(20720) Pause Young (Allocation Failure) 14M->15M(15M) 11.838ms
[346.708s][info][gc] GC(20721) Pause Full (Allocation Failure) 15M->11M(15M) 42.647ms
[346.722s][info][gc] GC(20722) Pause Young (Allocation Failure) 14M->15M(15M) 10.394ms
[346.760s][info][gc] GC(20723) Pause Full (Allocation Failure) 15M->11M(15M) 37.857ms
[346.772s][info][gc] GC(20724) Pause Young (Allocation Failure) 14M->15M(15M) 9.620ms
[346.819s][info][gc] GC(20725) Pause Full (Allocation Failure) 15M->11M(15M) 46.781ms
[346.839s][info][gc] GC(20726) Pause Young (Allocation Failure) 14M->15M(15M) 14.524ms
[346.884s][info][gc] GC(20727) Pause Full (Allocation Failure) 15M->11M(15M) 44.667ms
[346.902s][info][gc] GC(20728) Pause Young (Allocation Failure) 14M->15M(15M) 13.260ms
[346.946s][info][gc] GC(20729) Pause Full (Allocation Failure) 15M->11M(15M) 43.766ms
[346.964s][info][gc] GC(20730) Pause Young (Allocation Failure) 14M->15M(15M) 12.629ms
[347.001s][info][gc] GC(20731) Pause Full (Allocation Failure) 15M->11M(15M) 36.933ms
[347.016s][info][gc] GC(20732) Pause Young (Allocation Failure) 14M->15M(15M) 11.822ms
[347.057s][info][gc] GC(20733) Pause Full (Allocation Failure) 15M->11M(15M) 40.836ms
[347.071s][info][gc] GC(20734) Pause Young (Allocation Failure) 14M->15M(15M) 9.999ms
[347.108s][info][gc] GC(20735) Pause Full (Allocation Failure) 15M->11M(15M) 36.682ms
[347.122s][info][gc] GC(20736) Pause Young (Allocation Failure) 14M->15M(15M) 10.215ms
[347.156s][info][gc] GC(20737) Pause Full (Allocation Failure) 15M->11M(15M) 34.448ms
[347.170s][info][gc] GC(20738) Pause Young (Allocation Failure) 14M->15M(15M) 10.835ms
[347.204s][info][gc] GC(20739) Pause Full (Allocation Failure) 15M->11M(15M) 33.127ms
[347.218s][info][gc] GC(20740) Pause Young (Allocation Failure) 14M->15M(15M) 9.662ms
[347.258s][info][gc] GC(20741) Pause Full (Allocation Failure) 15M->11M(15M) 39.876ms
[347.272s][info][gc] GC(20742) Pause Young (Allocation Failure) 14M->15M(15M) 10.607ms
[347.307s][info][gc] GC(20743) Pause Full (Allocation Failure) 15M->11M(15M) 35.118ms
[347.323s][info][gc] GC(20744) Pause Young (Allocation Failure) 14M->15M(15M) 11.056ms
[347.357s][info][gc] GC(20745) Pause Full (Allocation Failure) 15M->11M(15M) 33.957ms
[347.370s][info][gc] GC(20746) Pause Young (Allocation Failure) 14M->15M(15M) 9.325ms
[347.403s][info][gc] GC(20747) Pause Full (Allocation Failure) 15M->11M(15M) 32.946ms
[347.416s][info][gc] GC(20748) Pause Young (Allocation Failure) 14M->15M(15M) 9.234ms
[347.449s][info][gc] GC(20749) Pause Full (Allocation Failure) 15M->11M(15M) 33.874ms
[347.461s][info][gc] GC(20750) Pause Young (Allocation Failure) 14M->15M(15M) 8.682ms
[347.498s][info][gc] GC(20751) Pause Full (Allocation Failure) 15M->11M(15M) 36.393ms
[347.510s][info][gc] GC(20752) Pause Young (Allocation Failure) 14M->15M(15M) 8.838ms
[347.548s][info][gc] GC(20753) Pause Full (Allocation Failure) 15M->11M(15M) 38.052ms
[347.566s][info][gc] GC(20754) Pause Young (Allocation Failure) 14M->15M(15M) 12.971ms
[347.603s][info][gc] GC(20755) Pause Full (Allocation Failure) 15M->11M(15M) 37.016ms
[347.616s][info][gc] GC(20756) Pause Young (Allocation Failure) 14M->15M(15M) 9.707ms
[347.648s][info][gc] GC(20757) Pause Full (Allocation Failure) 15M->11M(15M) 32.312ms
[347.661s][info][gc] GC(20758) Pause Young (Allocation Failure) 14M->15M(15M) 9.945ms
[347.696s][info][gc] GC(20759) Pause Full (Allocation Failure) 15M->11M(15M) 34.906ms
[347.709s][info][gc] GC(20760) Pause Young (Allocation Failure) 14M->15M(15M) 9.383ms
[347.742s][info][gc] GC(20761) Pause Full (Allocation Failure) 15M->11M(15M) 32.523ms
[347.755s][info][gc] GC(20762) Pause Young (Allocation Failure) 14M->15M(15M) 10.501ms
[347.790s][info][gc] GC(20763) Pause Full (Allocation Failure) 15M->11M(15M) 34.133ms
[347.805s][info][gc] GC(20764) Pause Young (Allocation Failure) 14M->15M(15M) 11.031ms
[347.839s][info][gc] GC(20765) Pause Full (Allocation Failure) 15M->11M(15M) 34.443ms
[347.852s][info][gc] GC(20766) Pause Young (Allocation Failure) 14M->15M(15M) 9.402ms
[347.884s][info][gc] GC(20767) Pause Full (Allocation Failure) 15M->11M(15M) 32.498ms
[347.898s][info][gc] GC(20768) Pause Young (Allocation Failure) 14M->15M(15M) 9.256ms
[347.930s][info][gc] GC(20769) Pause Full (Allocation Failure) 15M->11M(15M) 32.148ms
[347.944s][info][gc] GC(20770) Pause Young (Allocation Failure) 14M->15M(15M) 10.622ms
[347.977s][info][gc] GC(20771) Pause Full (Allocation Failure) 15M->11M(15M) 33.251ms
[347.990s][info][gc] GC(20772) Pause Young (Allocation Failure) 14M->15M(15M) 9.430ms
[348.025s][info][gc] GC(20773) Pause Full (Allocation Failure) 15M->11M(15M) 34.867ms
[348.038s][info][gc] GC(20774) Pause Young (Allocation Failure) 14M->15M(15M) 10.337ms
[348.074s][info][gc] GC(20775) Pause Full (Allocation Failure) 15M->11M(15M) 36.165ms
[348.087s][info][gc] GC(20776) Pause Young (Allocation Failure) 14M->15M(15M) 9.598ms
[348.121s][info][gc] GC(20777) Pause Full (Allocation Failure) 15M->11M(15M) 33.495ms
[348.134s][info][gc] GC(20778) Pause Young (Allocation Failure) 14M->15M(15M) 9.329ms
[348.168s][info][gc] GC(20779) Pause Full (Allocation Failure) 15M->11M(15M) 33.305ms
[348.183s][info][gc] GC(20780) Pause Young (Allocation Failure) 14M->15M(15M) 10.682ms
[348.220s][info][gc] GC(20781) Pause Full (Allocation Failure) 15M->11M(15M) 37.293ms
[348.234s][info][gc] GC(20782) Pause Young (Allocation Failure) 14M->15M(15M) 10.575ms
[348.267s][info][gc] GC(20783) Pause Full (Allocation Failure) 15M->11M(15M) 32.775ms
[348.280s][info][gc] GC(20784) Pause Young (Allocation Failure) 14M->15M(15M) 9.781ms
[348.313s][info][gc] GC(20785) Pause Full (Allocation Failure) 15M->11M(15M) 32.465ms
[348.325s][info][gc] GC(20786) Pause Young (Allocation Failure) 14M->15M(15M) 9.389ms
[348.359s][info][gc] GC(20787) Pause Full (Allocation Failure) 15M->11M(15M) 33.826ms
[348.372s][info][gc] GC(20788) Pause Young (Allocation Failure) 14M->15M(15M) 9.978ms
[348.404s][info][gc] GC(20789) Pause Full (Allocation Failure) 15M->11M(15M) 32.054ms
[348.417s][info][gc] GC(20790) Pause Young (Allocation Failure) 14M->15M(15M) 9.799ms
[348.451s][info][gc] GC(20791) Pause Full (Allocation Failure) 15M->11M(15M) 33.639ms
[348.463s][info][gc] GC(20792) Pause Young (Allocation Failure) 14M->15M(15M) 9.415ms
[348.496s][info][gc] GC(20793) Pause Full (Allocation Failure) 15M->11M(15M) 32.664ms
[348.508s][info][gc] GC(20794) Pause Young (Allocation Failure) 14M->15M(15M) 8.912ms
[348.541s][info][gc] GC(20795) Pause Full (Allocation Failure) 15M->11M(15M) 32.643ms
[348.554s][info][gc] GC(20796) Pause Young (Allocation Failure) 14M->15M(15M) 9.252ms
[348.587s][info][gc] GC(20797) Pause Full (Allocation Failure) 15M->11M(15M) 33.624ms
[348.600s][info][gc] GC(20798) Pause Young (Allocation Failure) 14M->15M(15M) 9.158ms
[348.633s][info][gc] GC(20799) Pause Full (Allocation Failure) 15M->11M(15M) 32.820ms
[348.645s][info][gc] GC(20800) Pause Young (Allocation Failure) 14M->15M(15M) 9.223ms
[348.676s][info][gc] GC(20801) Pause Full (Allocation Failure) 15M->11M(15M) 30.942ms
[348.690s][info][gc] GC(20802) Pause Young (Allocation Failure) 14M->15M(15M) 10.664ms
[348.724s][info][gc] GC(20803) Pause Full (Allocation Failure) 15M->11M(15M) 33.057ms
[348.736s][info][gc] GC(20804) Pause Young (Allocation Failure) 14M->15M(15M) 9.012ms
[348.768s][info][gc] GC(20805) Pause Full (Allocation Failure) 15M->11M(15M) 32.462ms
[348.782s][info][gc] GC(20806) Pause Young (Allocation Failure) 14M->15M(15M) 9.994ms
[348.815s][info][gc] GC(20807) Pause Full (Allocation Failure) 15M->11M(15M) 33.581ms
[348.833s][info][gc] GC(20808) Pause Young (Allocation Failure) 14M->15M(15M) 12.756ms
[348.865s][info][gc] GC(20809) Pause Full (Allocation Failure) 15M->11M(15M) 32.559ms
[348.877s][info][gc] GC(20810) Pause Young (Allocation Failure) 14M->15M(15M) 8.870ms
[348.908s][info][gc] GC(20811) Pause Full (Allocation Failure) 15M->11M(15M) 30.482ms
[348.920s][info][gc] GC(20812) Pause Young (Allocation Failure) 14M->15M(15M) 9.028ms
[348.954s][info][gc] GC(20813) Pause Full (Allocation Failure) 15M->11M(15M) 34.071ms
[348.967s][info][gc] GC(20814) Pause Young (Allocation Failure) 14M->15M(15M) 10.312ms
[349.000s][info][gc] GC(20815) Pause Full (Allocation Failure) 15M->11M(15M) 33.202ms
[349.013s][info][gc] GC(20816) Pause Young (Allocation Failure) 14M->15M(15M) 9.277ms
[349.047s][info][gc] GC(20817) Pause Full (Allocation Failure) 15M->11M(15M) 33.782ms
[349.059s][info][gc] GC(20818) Pause Young (Allocation Failure) 14M->15M(15M) 8.783ms
[349.093s][info][gc] GC(20819) Pause Full (Allocation Failure) 15M->11M(15M) 33.718ms
[349.105s][info][gc] GC(20820) Pause Young (Allocation Failure) 14M->15M(15M) 9.240ms
[349.139s][info][gc] GC(20821) Pause Full (Allocation Failure) 15M->11M(15M) 34.180ms
[349.153s][info][gc] GC(20822) Pause Young (Allocation Failure) 14M->15M(15M) 10.008ms
[349.187s][info][gc] GC(20823) Pause Full (Allocation Failure) 15M->11M(15M) 33.788ms
[349.203s][info][gc] GC(20824) Pause Young (Allocation Failure) 14M->15M(15M) 10.757ms
[349.240s][info][gc] GC(20825) Pause Full (Allocation Failure) 15M->11M(15M) 36.646ms
[349.254s][info][gc] GC(20826) Pause Young (Allocation Failure) 14M->15M(15M) 10.690ms
[349.288s][info][gc] GC(20827) Pause Full (Allocation Failure) 15M->11M(15M) 33.874ms
[349.301s][info][gc] GC(20828) Pause Young (Allocation Failure) 14M->15M(15M) 9.782ms
[349.335s][info][gc] GC(20829) Pause Full (Allocation Failure) 15M->11M(15M) 33.965ms
[349.350s][info][gc] GC(20830) Pause Young (Allocation Failure) 14M->15M(15M) 11.214ms
[349.384s][info][gc] GC(20831) Pause Full (Allocation Failure) 15M->11M(15M) 33.452ms
[349.397s][info][gc] GC(20832) Pause Young (Allocation Failure) 14M->15M(15M) 10.504ms
[349.430s][info][gc] GC(20833) Pause Full (Allocation Failure) 15M->11M(15M) 32.414ms
[349.442s][info][gc] GC(20834) Pause Young (Allocation Failure) 14M->15M(15M) 8.601ms
[349.480s][info][gc] GC(20835) Pause Full (Allocation Failure) 15M->11M(15M) 38.643ms
[349.492s][info][gc] GC(20836) Pause Young (Allocation Failure) 14M->15M(15M) 8.550ms
[349.524s][info][gc] GC(20837) Pause Full (Allocation Failure) 15M->11M(15M) 32.139ms
[349.537s][info][gc] GC(20838) Pause Young (Allocation Failure) 14M->15M(15M) 9.121ms
[349.570s][info][gc] GC(20839) Pause Full (Allocation Failure) 15M->11M(15M) 32.599ms
[349.582s][info][gc] GC(20840) Pause Young (Allocation Failure) 14M->15M(15M) 9.555ms
[349.616s][info][gc] GC(20841) Pause Full (Allocation Failure) 15M->11M(15M) 33.109ms
[349.629s][info][gc] GC(20842) Pause Young (Allocation Failure) 14M->15M(15M) 10.253ms
[349.663s][info][gc] GC(20843) Pause Full (Allocation Failure) 15M->11M(15M) 33.685ms
[349.677s][info][gc] GC(20844) Pause Young (Allocation Failure) 14M->15M(15M) 10.517ms
[349.711s][info][gc] GC(20845) Pause Full (Allocation Failure) 15M->11M(15M) 34.607ms
[349.724s][info][gc] GC(20846) Pause Young (Allocation Failure) 14M->15M(15M) 9.448ms
[349.757s][info][gc] GC(20847) Pause Full (Allocation Failure) 15M->11M(15M) 32.692ms
[349.769s][info][gc] GC(20848) Pause Young (Allocation Failure) 14M->15M(15M) 8.761ms
[349.802s][info][gc] GC(20849) Pause Full (Allocation Failure) 15M->11M(15M) 33.503ms
[349.818s][info][gc] GC(20850) Pause Young (Allocation Failure) 14M->15M(15M) 11.565ms
[349.851s][info][gc] GC(20851) Pause Full (Allocation Failure) 15M->11M(15M) 32.391ms
[349.864s][info][gc] GC(20852) Pause Young (Allocation Failure) 14M->15M(15M) 9.833ms
[349.903s][info][gc] GC(20853) Pause Full (Allocation Failure) 15M->11M(15M) 38.990ms
[349.915s][info][gc] GC(20854) Pause Young (Allocation Failure) 14M->15M(15M) 9.449ms
[349.948s][info][gc] GC(20855) Pause Full (Allocation Failure) 15M->11M(15M) 32.484ms
[349.961s][info][gc] GC(20856) Pause Young (Allocation Failure) 14M->15M(15M) 10.400ms
[349.992s][info][gc] GC(20857) Pause Full (Allocation Failure) 15M->11M(15M) 30.082ms
[350.005s][info][gc] GC(20858) Pause Young (Allocation Failure) 14M->15M(15M) 8.793ms
[350.036s][info][gc] GC(20859) Pause Full (Allocation Failure) 15M->11M(15M) 31.488ms
[350.048s][info][gc] GC(20860) Pause Young (Allocation Failure) 14M->15M(15M) 8.864ms
[350.079s][info][gc] GC(20861) Pause Full (Allocation Failure) 15M->11M(15M) 30.826ms
[350.093s][info][gc] GC(20862) Pause Young (Allocation Failure) 14M->15M(15M) 9.149ms
[350.127s][info][gc] GC(20863) Pause Full (Allocation Failure) 15M->11M(15M) 34.114ms
[350.140s][info][gc] GC(20864) Pause Young (Allocation Failure) 14M->15M(15M) 9.917ms
[350.175s][info][gc] GC(20865) Pause Full (Allocation Failure) 15M->11M(15M) 35.162ms
[350.189s][info][gc] GC(20866) Pause Young (Allocation Failure) 14M->15M(15M) 9.468ms
[350.223s][info][gc] GC(20867) Pause Full (Allocation Failure) 15M->11M(15M) 34.509ms
[350.239s][info][gc] GC(20868) Pause Young (Allocation Failure) 14M->15M(15M) 12.358ms
[350.270s][info][gc] GC(20869) Pause Full (Allocation Failure) 15M->11M(15M) 31.036ms
[350.285s][info][gc] GC(20870) Pause Young (Allocation Failure) 14M->15M(15M) 11.928ms
[350.315s][info][gc] GC(20871) Pause Full (Allocation Failure) 15M->11M(15M) 29.966ms
[350.328s][info][gc] GC(20872) Pause Young (Allocation Failure) 14M->15M(15M) 10.570ms
[350.369s][info][gc] GC(20873) Pause Full (Allocation Failure) 15M->11M(15M) 40.091ms
[350.381s][info][gc] GC(20874) Pause Young (Allocation Failure) 14M->15M(15M) 9.139ms
[350.411s][info][gc] GC(20875) Pause Full (Allocation Failure) 15M->11M(15M) 30.575ms
[350.424s][info][gc] GC(20876) Pause Young (Allocation Failure) 14M->15M(15M) 9.146ms
[350.454s][info][gc] GC(20877) Pause Full (Allocation Failure) 15M->11M(15M) 30.297ms
[350.467s][info][gc] GC(20878) Pause Young (Allocation Failure) 14M->15M(15M) 9.177ms
[350.497s][info][gc] GC(20879) Pause Full (Allocation Failure) 15M->11M(15M) 29.797ms
[350.510s][info][gc] GC(20880) Pause Young (Allocation Failure) 14M->15M(15M) 9.912ms
[350.543s][info][gc] GC(20881) Pause Full (Allocation Failure) 15M->11M(15M) 33.179ms
[350.555s][info][gc] GC(20882) Pause Young (Allocation Failure) 14M->15M(15M) 9.330ms
[350.594s][info][gc] GC(20883) Pause Full (Allocation Failure) 15M->11M(15M) 39.213ms
[350.610s][info][gc] GC(20884) Pause Young (Allocation Failure) 14M->15M(15M) 11.174ms
[350.644s][info][gc] GC(20885) Pause Full (Allocation Failure) 15M->11M(15M) 33.997ms
[350.658s][info][gc] GC(20886) Pause Young (Allocation Failure) 14M->15M(15M) 10.113ms
[350.698s][info][gc] GC(20887) Pause Full (Allocation Failure) 15M->11M(15M) 40.185ms
[350.713s][info][gc] GC(20888) Pause Young (Allocation Failure) 14M->15M(15M) 10.248ms
[350.767s][info][gc] GC(20889) Pause Full (Allocation Failure) 15M->11M(15M) 53.706ms
[350.785s][info][gc] GC(20890) Pause Young (Allocation Failure) 14M->15M(15M) 13.479ms
[350.833s][info][gc] GC(20891) Pause Full (Allocation Failure) 15M->11M(15M) 47.606ms
[350.854s][info][gc] GC(20892) Pause Young (Allocation Failure) 14M->15M(15M) 15.010ms
[350.905s][info][gc] GC(20893) Pause Full (Allocation Failure) 15M->11M(15M) 50.896ms
[350.920s][info][gc] GC(20894) Pause Young (Allocation Failure) 14M->15M(15M) 11.763ms
[350.966s][info][gc] GC(20895) Pause Full (Allocation Failure) 15M->11M(15M) 45.383ms
[350.982s][info][gc] GC(20896) Pause Young (Allocation Failure) 14M->15M(15M) 11.360ms
[351.024s][info][gc] GC(20897) Pause Full (Allocation Failure) 15M->11M(15M) 41.538ms
[351.042s][info][gc] GC(20898) Pause Young (Allocation Failure) 14M->15M(15M) 12.483ms
[351.091s][info][gc] GC(20899) Pause Full (Allocation Failure) 15M->11M(15M) 49.415ms
[351.104s][info][gc] GC(20900) Pause Young (Allocation Failure) 14M->15M(15M) 9.895ms
[351.141s][info][gc] GC(20901) Pause Full (Allocation Failure) 15M->11M(15M) 37.171ms
[351.155s][info][gc] GC(20902) Pause Young (Allocation Failure) 14M->15M(15M) 10.764ms
[351.193s][info][gc] GC(20903) Pause Full (Allocation Failure) 15M->11M(15M) 38.144ms
[351.211s][info][gc] GC(20904) Pause Young (Allocation Failure) 14M->15M(15M) 12.628ms
[351.252s][info][gc] GC(20905) Pause Full (Allocation Failure) 15M->11M(15M) 40.848ms
[351.264s][info][gc] GC(20906) Pause Young (Allocation Failure) 14M->15M(15M) 9.475ms
[351.300s][info][gc] GC(20907) Pause Full (Allocation Failure) 15M->11M(15M) 35.484ms
[351.315s][info][gc] GC(20908) Pause Young (Allocation Failure) 14M->15M(15M) 11.372ms
[351.346s][info][gc] GC(20909) Pause Full (Allocation Failure) 15M->11M(15M) 31.442ms
[351.359s][info][gc] GC(20910) Pause Young (Allocation Failure) 14M->15M(15M) 9.316ms
[351.395s][info][gc] GC(20911) Pause Full (Allocation Failure) 15M->11M(15M) 35.905ms
[351.408s][info][gc] GC(20912) Pause Young (Allocation Failure) 14M->15M(15M) 9.380ms
[351.439s][info][gc] GC(20913) Pause Full (Allocation Failure) 15M->11M(15M) 30.979ms
[351.453s][info][gc] GC(20914) Pause Young (Allocation Failure) 14M->15M(15M) 9.853ms
[351.485s][info][gc] GC(20915) Pause Full (Allocation Failure) 15M->11M(15M) 31.552ms
[351.498s][info][gc] GC(20916) Pause Young (Allocation Failure) 14M->15M(15M) 8.888ms
[351.535s][info][gc] GC(20917) Pause Full (Allocation Failure) 15M->11M(15M) 37.679ms
[351.552s][info][gc] GC(20918) Pause Young (Allocation Failure) 14M->15M(15M) 11.825ms
[351.587s][info][gc] GC(20919) Pause Full (Allocation Failure) 15M->11M(15M) 34.922ms
[351.600s][info][gc] GC(20920) Pause Young (Allocation Failure) 14M->15M(15M) 10.042ms
[351.631s][info][gc] GC(20921) Pause Full (Allocation Failure) 15M->11M(15M) 31.638ms
[351.645s][info][gc] GC(20922) Pause Young (Allocation Failure) 14M->15M(15M) 9.021ms
[351.676s][info][gc] GC(20923) Pause Full (Allocation Failure) 15M->11M(15M) 30.816ms
[351.690s][info][gc] GC(20924) Pause Young (Allocation Failure) 14M->15M(15M) 10.575ms
[351.723s][info][gc] GC(20925) Pause Full (Allocation Failure) 15M->11M(15M) 33.075ms
[351.735s][info][gc] GC(20926) Pause Young (Allocation Failure) 14M->15M(15M) 8.875ms
[351.767s][info][gc] GC(20927) Pause Full (Allocation Failure) 15M->12M(15M) 32.392ms
[351.781s][info][gc] GC(20928) Pause Young (Allocation Failure) 14M->15M(15M) 11.206ms
[351.820s][info][gc] GC(20929) Pause Full (Allocation Failure) 15M->11M(15M) 38.210ms
[351.848s][info][gc] GC(20930) Pause Young (Allocation Failure) 14M->15M(15M) 16.208ms
[351.904s][info][gc] GC(20931) Pause Full (Allocation Failure) 15M->11M(15M) 55.901ms
[351.922s][info][gc] GC(20932) Pause Young (Allocation Failure) 14M->15M(15M) 13.706ms
[351.984s][info][gc] GC(20933) Pause Full (Allocation Failure) 15M->11M(15M) 61.081ms
[352.001s][info][gc] GC(20934) Pause Young (Allocation Failure) 14M->15M(15M) 11.647ms
[352.035s][info][gc] GC(20935) Pause Full (Allocation Failure) 15M->11M(15M) 34.716ms
[352.049s][info][gc] GC(20936) Pause Young (Allocation Failure) 14M->15M(15M) 10.518ms
[352.083s][info][gc] GC(20937) Pause Full (Allocation Failure) 15M->11M(15M) 33.517ms
[352.097s][info][gc] GC(20938) Pause Young (Allocation Failure) 14M->15M(15M) 9.858ms
[352.133s][info][gc] GC(20939) Pause Full (Allocation Failure) 15M->11M(15M) 36.145ms
[352.146s][info][gc] GC(20940) Pause Young (Allocation Failure) 14M->15M(15M) 10.247ms
[352.180s][info][gc] GC(20941) Pause Full (Allocation Failure) 15M->11M(15M) 33.752ms
[352.194s][info][gc] GC(20942) Pause Young (Allocation Failure) 14M->15M(15M) 10.259ms
[352.229s][info][gc] GC(20943) Pause Full (Allocation Failure) 15M->11M(15M) 35.030ms
[352.245s][info][gc] GC(20944) Pause Young (Allocation Failure) 14M->15M(15M) 11.166ms
[352.281s][info][gc] GC(20945) Pause Full (Allocation Failure) 15M->11M(15M) 35.928ms
[352.294s][info][gc] GC(20946) Pause Young (Allocation Failure) 14M->15M(15M) 10.095ms
[352.328s][info][gc] GC(20947) Pause Full (Allocation Failure) 15M->11M(15M) 34.313ms
[352.341s][info][gc] GC(20948) Pause Young (Allocation Failure) 14M->15M(15M) 9.903ms
[352.374s][info][gc] GC(20949) Pause Full (Allocation Failure) 15M->11M(15M) 32.575ms
[352.387s][info][gc] GC(20950) Pause Young (Allocation Failure) 14M->15M(15M) 9.688ms
[352.424s][info][gc] GC(20951) Pause Full (Allocation Failure) 15M->12M(15M) 37.507ms
[352.439s][info][gc] GC(20952) Pause Young (Allocation Failure) 14M->15M(15M) 11.358ms
[352.472s][info][gc] GC(20953) Pause Full (Allocation Failure) 15M->11M(15M) 33.694ms
[352.486s][info][gc] GC(20954) Pause Young (Allocation Failure) 14M->15M(15M) 10.354ms
[352.521s][info][gc] GC(20955) Pause Full (Allocation Failure) 15M->11M(15M) 35.067ms
[352.535s][info][gc] GC(20956) Pause Young (Allocation Failure) 14M->15M(15M) 9.619ms
[352.570s][info][gc] GC(20957) Pause Full (Allocation Failure) 15M->11M(15M) 34.869ms
[352.582s][info][gc] GC(20958) Pause Young (Allocation Failure) 14M->15M(15M) 9.399ms
[352.615s][info][gc] GC(20959) Pause Full (Allocation Failure) 15M->11M(15M) 32.479ms
[352.628s][info][gc] GC(20960) Pause Young (Allocation Failure) 14M->15M(15M) 9.135ms
[352.661s][info][gc] GC(20961) Pause Full (Allocation Failure) 15M->11M(15M) 33.493ms
[352.674s][info][gc] GC(20962) Pause Young (Allocation Failure) 14M->15M(15M) 9.519ms
[352.710s][info][gc] GC(20963) Pause Full (Allocation Failure) 15M->11M(15M) 35.837ms
[352.724s][info][gc] GC(20964) Pause Young (Allocation Failure) 14M->15M(15M) 9.531ms
[352.758s][info][gc] GC(20965) Pause Full (Allocation Failure) 15M->11M(15M) 34.222ms
[352.771s][info][gc] GC(20966) Pause Young (Allocation Failure) 14M->15M(15M) 9.339ms
[352.806s][info][gc] GC(20967) Pause Full (Allocation Failure) 15M->11M(15M) 35.230ms
[352.821s][info][gc] GC(20968) Pause Young (Allocation Failure) 14M->15M(15M) 10.290ms
[352.871s][info][gc] GC(20969) Pause Full (Allocation Failure) 15M->11M(15M) 50.361ms
[352.889s][info][gc] GC(20970) Pause Young (Allocation Failure) 14M->15M(15M) 12.997ms
[352.946s][info][gc] GC(20971) Pause Full (Allocation Failure) 15M->11M(15M) 57.239ms
[352.966s][info][gc] GC(20972) Pause Young (Allocation Failure) 14M->15M(15M) 14.468ms
[353.017s][info][gc] GC(20973) Pause Full (Allocation Failure) 15M->11M(15M) 51.261ms
[353.035s][info][gc] GC(20974) Pause Young (Allocation Failure) 14M->15M(15M) 12.878ms
[353.073s][info][gc] GC(20975) Pause Full (Allocation Failure) 15M->12M(15M) 37.879ms
[353.090s][info][gc] GC(20976) Pause Young (Allocation Failure) 14M->15M(15M) 12.954ms
[353.142s][info][gc] GC(20977) Pause Full (Allocation Failure) 15M->11M(15M) 51.406ms
[353.169s][info][gc] GC(20978) Pause Young (Allocation Failure) 14M->15M(15M) 15.777ms
[353.236s][info][gc] GC(20979) Pause Full (Allocation Failure) 15M->11M(15M) 66.303ms
[353.280s][info][gc] GC(20980) Pause Young (Allocation Failure) 14M->15M(15M) 14.681ms
[353.331s][info][gc] GC(20981) Pause Full (Allocation Failure) 15M->11M(15M) 50.815ms
[353.352s][info][gc] GC(20982) Pause Young (Allocation Failure) 14M->15M(15M) 15.795ms
[353.399s][info][gc] GC(20983) Pause Full (Allocation Failure) 15M->11M(15M) 46.762ms
[353.417s][info][gc] GC(20984) Pause Young (Allocation Failure) 14M->15M(15M) 13.924ms
[353.466s][info][gc] GC(20985) Pause Full (Allocation Failure) 15M->11M(15M) 49.270ms
[353.488s][info][gc] GC(20986) Pause Young (Allocation Failure) 14M->15M(15M) 17.841ms
[353.539s][info][gc] GC(20987) Pause Full (Allocation Failure) 15M->11M(15M) 51.634ms
[353.557s][info][gc] GC(20988) Pause Young (Allocation Failure) 14M->15M(15M) 13.042ms
[353.596s][info][gc] GC(20989) Pause Full (Allocation Failure) 15M->11M(15M) 38.927ms
[353.617s][info][gc] GC(20990) Pause Young (Allocation Failure) 14M->15M(15M) 16.563ms
[353.663s][info][gc] GC(20991) Pause Full (Allocation Failure) 15M->11M(15M) 46.755ms
[353.682s][info][gc] GC(20992) Pause Young (Allocation Failure) 14M->15M(15M) 12.182ms
[353.743s][info][gc] GC(20993) Pause Full (Allocation Failure) 15M->11M(15M) 60.352ms
[353.759s][info][gc] GC(20994) Pause Young (Allocation Failure) 14M->15M(15M) 11.676ms
[353.800s][info][gc] GC(20995) Pause Full (Allocation Failure) 15M->11M(15M) 40.909ms
[353.818s][info][gc] GC(20996) Pause Young (Allocation Failure) 14M->15M(15M) 13.537ms
[353.854s][info][gc] GC(20997) Pause Full (Allocation Failure) 15M->11M(15M) 35.705ms
[353.867s][info][gc] GC(20998) Pause Young (Allocation Failure) 14M->15M(15M) 9.870ms
[353.905s][info][gc] GC(20999) Pause Full (Allocation Failure) 15M->12M(15M) 37.994ms
[353.919s][info][gc] GC(21000) Pause Young (Allocation Failure) 14M->15M(15M) 10.328ms
[353.956s][info][gc] GC(21001) Pause Full (Allocation Failure) 15M->11M(15M) 37.377ms
[353.970s][info][gc] GC(21002) Pause Young (Allocation Failure) 14M->15M(15M) 9.852ms
[354.006s][info][gc] GC(21003) Pause Full (Allocation Failure) 15M->11M(15M) 35.231ms
[354.019s][info][gc] GC(21004) Pause Young (Allocation Failure) 14M->15M(15M) 9.793ms
[354.054s][info][gc] GC(21005) Pause Full (Allocation Failure) 15M->11M(15M) 35.713ms
[354.069s][info][gc] GC(21006) Pause Young (Allocation Failure) 14M->15M(15M) 11.413ms
[354.106s][info][gc] GC(21007) Pause Full (Allocation Failure) 15M->11M(15M) 37.543ms
[354.123s][info][gc] GC(21008) Pause Young (Allocation Failure) 14M->15M(15M) 11.255ms
[354.164s][info][gc] GC(21009) Pause Full (Allocation Failure) 15M->11M(15M) 41.200ms
[354.182s][info][gc] GC(21010) Pause Young (Allocation Failure) 14M->15M(15M) 13.681ms
[354.227s][info][gc] GC(21011) Pause Full (Allocation Failure) 15M->11M(15M) 44.283ms
[354.243s][info][gc] GC(21012) Pause Young (Allocation Failure) 14M->15M(15M) 10.653ms
[354.289s][info][gc] GC(21013) Pause Full (Allocation Failure) 15M->11M(15M) 45.950ms
[354.305s][info][gc] GC(21014) Pause Young (Allocation Failure) 14M->15M(15M) 12.559ms
[354.345s][info][gc] GC(21015) Pause Full (Allocation Failure) 15M->11M(15M) 39.152ms
[354.358s][info][gc] GC(21016) Pause Young (Allocation Failure) 14M->15M(15M) 10.636ms
[354.396s][info][gc] GC(21017) Pause Full (Allocation Failure) 15M->11M(15M) 37.284ms
[354.412s][info][gc] GC(21018) Pause Young (Allocation Failure) 14M->15M(15M) 11.521ms
[354.453s][info][gc] GC(21019) Pause Full (Allocation Failure) 15M->11M(15M) 40.722ms
[354.466s][info][gc] GC(21020) Pause Young (Allocation Failure) 14M->15M(15M) 9.950ms
[354.501s][info][gc] GC(21021) Pause Full (Allocation Failure) 15M->11M(15M) 34.466ms
[354.515s][info][gc] GC(21022) Pause Young (Allocation Failure) 14M->15M(15M) 9.539ms
[354.552s][info][gc] GC(21023) Pause Full (Allocation Failure) 15M->12M(15M) 36.713ms
[354.566s][info][gc] GC(21024) Pause Young (Allocation Failure) 14M->15M(15M) 10.256ms
[354.600s][info][gc] GC(21025) Pause Full (Allocation Failure) 15M->11M(15M) 34.053ms
[354.613s][info][gc] GC(21026) Pause Young (Allocation Failure) 14M->15M(15M) 9.819ms
[354.646s][info][gc] GC(21027) Pause Full (Allocation Failure) 15M->11M(15M) 33.109ms
[354.660s][info][gc] GC(21028) Pause Young (Allocation Failure) 14M->15M(15M) 10.150ms
[354.695s][info][gc] GC(21029) Pause Full (Allocation Failure) 15M->11M(15M) 34.947ms
[354.708s][info][gc] GC(21030) Pause Young (Allocation Failure) 14M->15M(15M) 9.992ms
[354.740s][info][gc] GC(21031) Pause Full (Allocation Failure) 15M->11M(15M) 32.309ms
[354.752s][info][gc] GC(21032) Pause Young (Allocation Failure) 14M->15M(15M) 8.782ms
[354.792s][info][gc] GC(21033) Pause Full (Allocation Failure) 15M->11M(15M) 39.359ms
[354.809s][info][gc] GC(21034) Pause Young (Allocation Failure) 14M->15M(15M) 12.219ms
[354.845s][info][gc] GC(21035) Pause Full (Allocation Failure) 15M->11M(15M) 35.892ms
[354.857s][info][gc] GC(21036) Pause Young (Allocation Failure) 14M->15M(15M) 9.367ms
[354.890s][info][gc] GC(21037) Pause Full (Allocation Failure) 15M->11M(15M) 32.731ms
[354.901s][info][gc] GC(21038) Pause Young (Allocation Failure) 14M->15M(15M) 8.606ms
[354.932s][info][gc] GC(21039) Pause Full (Allocation Failure) 15M->11M(15M) 30.558ms
[354.946s][info][gc] GC(21040) Pause Young (Allocation Failure) 14M->15M(15M) 9.462ms
[354.978s][info][gc] GC(21041) Pause Full (Allocation Failure) 15M->11M(15M) 31.922ms
[354.991s][info][gc] GC(21042) Pause Young (Allocation Failure) 14M->15M(15M) 9.751ms
[355.024s][info][gc] GC(21043) Pause Full (Allocation Failure) 15M->11M(15M) 32.588ms
[355.038s][info][gc] GC(21044) Pause Young (Allocation Failure) 14M->15M(15M) 9.076ms
[355.079s][info][gc] GC(21045) Pause Full (Allocation Failure) 15M->11M(15M) 41.643ms
[355.098s][info][gc] GC(21046) Pause Young (Allocation Failure) 14M->15M(15M) 13.414ms
[355.137s][info][gc] GC(21047) Pause Full (Allocation Failure) 15M->12M(15M) 39.353ms
[355.200s][info][gc] GC(21048) Pause Full (Allocation Failure) 15M->11M(15M) 49.755ms
[355.224s][info][gc] GC(21049) Pause Young (Allocation Failure) 14M->15M(15M) 14.148ms
[355.274s][info][gc] GC(21050) Pause Full (Allocation Failure) 15M->11M(15M) 49.770ms
[355.296s][info][gc] GC(21051) Pause Young (Allocation Failure) 14M->15M(15M) 14.927ms
[355.350s][info][gc] GC(21052) Pause Full (Allocation Failure) 15M->11M(15M) 53.193ms
[355.368s][info][gc] GC(21053) Pause Young (Allocation Failure) 14M->15M(15M) 14.152ms
[355.418s][info][gc] GC(21054) Pause Full (Allocation Failure) 15M->11M(15M) 49.706ms
[355.438s][info][gc] GC(21055) Pause Young (Allocation Failure) 14M->15M(15M) 14.140ms
[355.493s][info][gc] GC(21056) Pause Full (Allocation Failure) 15M->11M(15M) 55.086ms
[355.516s][info][gc] GC(21057) Pause Young (Allocation Failure) 14M->15M(15M) 17.387ms
[355.571s][info][gc] GC(21058) Pause Full (Allocation Failure) 15M->11M(15M) 54.945ms
[355.591s][info][gc] GC(21059) Pause Young (Allocation Failure) 14M->15M(15M) 13.081ms
[355.627s][info][gc] GC(21060) Pause Full (Allocation Failure) 15M->11M(15M) 36.337ms
[355.641s][info][gc] GC(21061) Pause Young (Allocation Failure) 14M->15M(15M) 11.365ms
[355.674s][info][gc] GC(21062) Pause Full (Allocation Failure) 15M->12M(15M) 32.550ms
[355.691s][info][gc] GC(21063) Pause Young (Allocation Failure) 14M->15M(15M) 13.777ms
[355.726s][info][gc] GC(21064) Pause Full (Allocation Failure) 15M->11M(15M) 34.343ms
[355.738s][info][gc] GC(21065) Pause Young (Allocation Failure) 14M->15M(15M) 8.996ms
[355.769s][info][gc] GC(21066) Pause Full (Allocation Failure) 15M->11M(15M) 30.901ms
[355.781s][info][gc] GC(21067) Pause Young (Allocation Failure) 14M->15M(15M) 8.822ms
[355.812s][info][gc] GC(21068) Pause Full (Allocation Failure) 15M->11M(15M) 31.315ms
[355.827s][info][gc] GC(21069) Pause Young (Allocation Failure) 14M->15M(15M) 11.417ms
[355.865s][info][gc] GC(21070) Pause Full (Allocation Failure) 15M->12M(15M) 37.922ms
[355.878s][info][gc] GC(21071) Pause Young (Allocation Failure) 14M->15M(15M) 8.271ms
[355.908s][info][gc] GC(21072) Pause Full (Allocation Failure) 15M->11M(15M) 29.840ms
[355.922s][info][gc] GC(21073) Pause Young (Allocation Failure) 14M->15M(15M) 9.383ms
[355.959s][info][gc] GC(21074) Pause Full (Allocation Failure) 15M->11M(15M) 36.868ms
[355.981s][info][gc] GC(21075) Pause Young (Allocation Failure) 14M->15M(15M) 15.924ms
[356.020s][info][gc] GC(21076) Pause Full (Allocation Failure) 15M->11M(15M) 39.198ms
[356.033s][info][gc] GC(21077) Pause Young (Allocation Failure) 14M->15M(15M) 9.328ms
[356.067s][info][gc] GC(21078) Pause Full (Allocation Failure) 15M->11M(15M) 33.932ms
[356.081s][info][gc] GC(21079) Pause Young (Allocation Failure) 14M->15M(15M) 11.169ms
[356.116s][info][gc] GC(21080) Pause Full (Allocation Failure) 15M->11M(15M) 34.420ms
[356.130s][info][gc] GC(21081) Pause Young (Allocation Failure) 14M->15M(15M) 10.922ms
[356.165s][info][gc] GC(21082) Pause Full (Allocation Failure) 15M->11M(15M) 35.564ms
[356.179s][info][gc] GC(21083) Pause Young (Allocation Failure) 14M->15M(15M) 9.384ms
[356.216s][info][gc] GC(21084) Pause Full (Allocation Failure) 15M->11M(15M) 37.496ms
[356.232s][info][gc] GC(21085) Pause Young (Allocation Failure) 14M->15M(15M) 10.096ms
[356.266s][info][gc] GC(21086) Pause Full (Allocation Failure) 15M->11M(15M) 33.883ms
[356.278s][info][gc] GC(21087) Pause Young (Allocation Failure) 14M->15M(15M) 9.491ms
[356.311s][info][gc] GC(21088) Pause Full (Allocation Failure) 15M->11M(15M) 33.085ms
[356.324s][info][gc] GC(21089) Pause Young (Allocation Failure) 14M->15M(15M) 9.357ms
[356.357s][info][gc] GC(21090) Pause Full (Allocation Failure) 15M->11M(15M) 33.113ms
[356.369s][info][gc] GC(21091) Pause Young (Allocation Failure) 14M->15M(15M) 8.852ms
[356.405s][info][gc] GC(21092) Pause Full (Allocation Failure) 15M->11M(15M) 35.905ms
[356.417s][info][gc] GC(21093) Pause Young (Allocation Failure) 14M->15M(15M) 9.021ms
[356.447s][info][gc] GC(21094) Pause Full (Allocation Failure) 15M->12M(15M) 30.184ms
[356.461s][info][gc] GC(21095) Pause Young (Allocation Failure) 14M->15M(15M) 10.619ms
[356.493s][info][gc] GC(21096) Pause Full (Allocation Failure) 15M->11M(15M) 31.365ms
[356.505s][info][gc] GC(21097) Pause Young (Allocation Failure) 14M->15M(15M) 8.897ms
[356.539s][info][gc] GC(21098) Pause Full (Allocation Failure) 15M->11M(15M) 34.695ms
[356.551s][info][gc] GC(21099) Pause Young (Allocation Failure) 14M->15M(15M) 8.839ms
[356.583s][info][gc] GC(21100) Pause Full (Allocation Failure) 15M->11M(15M) 31.754ms
[356.596s][info][gc] GC(21101) Pause Young (Allocation Failure) 14M->15M(15M) 10.287ms
[356.631s][info][gc] GC(21102) Pause Full (Allocation Failure) 15M->11M(15M) 34.668ms
[356.643s][info][gc] GC(21103) Pause Young (Allocation Failure) 14M->15M(15M) 9.055ms
[356.674s][info][gc] GC(21104) Pause Full (Allocation Failure) 15M->11M(15M) 30.752ms
[356.688s][info][gc] GC(21105) Pause Young (Allocation Failure) 14M->15M(15M) 10.588ms
[356.720s][info][gc] GC(21106) Pause Full (Allocation Failure) 15M->11M(15M) 32.686ms
[356.733s][info][gc] GC(21107) Pause Young (Allocation Failure) 14M->15M(15M) 9.499ms
[356.763s][info][gc] GC(21108) Pause Full (Allocation Failure) 15M->11M(15M) 30.356ms
[356.776s][info][gc] GC(21109) Pause Young (Allocation Failure) 14M->15M(15M) 9.681ms
[356.817s][info][gc] GC(21110) Pause Full (Allocation Failure) 15M->11M(15M) 41.246ms
[356.838s][info][gc] GC(21111) Pause Young (Allocation Failure) 14M->15M(15M) 14.704ms
[356.876s][info][gc] GC(21112) Pause Full (Allocation Failure) 15M->11M(15M) 38.368ms
[356.890s][info][gc] GC(21113) Pause Young (Allocation Failure) 14M->15M(15M) 10.272ms
[356.922s][info][gc] GC(21114) Pause Full (Allocation Failure) 15M->11M(15M) 32.584ms
[356.935s][info][gc] GC(21115) Pause Young (Allocation Failure) 14M->15M(15M) 9.440ms
[356.968s][info][gc] GC(21116) Pause Full (Allocation Failure) 15M->12M(15M) 32.542ms
[356.980s][info][gc] GC(21117) Pause Young (Allocation Failure) 14M->15M(15M) 9.067ms
[357.013s][info][gc] GC(21118) Pause Full (Allocation Failure) 15M->12M(15M) 32.790ms
[357.049s][info][gc] GC(21119) Pause Full (Allocation Failure) 15M->11M(15M) 30.413ms
[357.063s][info][gc] GC(21120) Pause Young (Allocation Failure) 14M->15M(15M) 10.203ms
[357.097s][info][gc] GC(21121) Pause Full (Allocation Failure) 15M->11M(15M) 34.310ms
[357.110s][info][gc] GC(21122) Pause Young (Allocation Failure) 14M->15M(15M) 9.268ms
[357.142s][info][gc] GC(21123) Pause Full (Allocation Failure) 15M->11M(15M) 31.797ms
[357.155s][info][gc] GC(21124) Pause Young (Allocation Failure) 14M->15M(15M) 9.706ms
[357.200s][info][gc] GC(21125) Pause Full (Allocation Failure) 15M->11M(15M) 45.704ms
[357.220s][info][gc] GC(21126) Pause Young (Allocation Failure) 14M->15M(15M) 14.719ms
[357.268s][info][gc] GC(21127) Pause Full (Allocation Failure) 15M->11M(15M) 47.943ms
[357.286s][info][gc] GC(21128) Pause Young (Allocation Failure) 14M->15M(15M) 12.966ms
[357.321s][info][gc] GC(21129) Pause Full (Allocation Failure) 15M->11M(15M) 34.926ms
[357.334s][info][gc] GC(21130) Pause Young (Allocation Failure) 14M->15M(15M) 9.405ms
[357.369s][info][gc] GC(21131) Pause Full (Allocation Failure) 15M->12M(15M) 35.335ms
[357.382s][info][gc] GC(21132) Pause Young (Allocation Failure) 14M->15M(15M) 9.673ms
[357.416s][info][gc] GC(21133) Pause Full (Allocation Failure) 15M->12M(15M) 33.612ms
[357.453s][info][gc] GC(21134) Pause Full (Allocation Failure) 15M->11M(15M) 31.114ms
[357.465s][info][gc] GC(21135) Pause Young (Allocation Failure) 14M->15M(15M) 8.973ms
[357.497s][info][gc] GC(21136) Pause Full (Allocation Failure) 15M->11M(15M) 31.598ms
[357.511s][info][gc] GC(21137) Pause Young (Allocation Failure) 14M->15M(15M) 9.591ms
[357.545s][info][gc] GC(21138) Pause Full (Allocation Failure) 15M->11M(15M) 34.502ms
[357.560s][info][gc] GC(21139) Pause Young (Allocation Failure) 14M->15M(15M) 11.331ms
[357.592s][info][gc] GC(21140) Pause Full (Allocation Failure) 15M->11M(15M) 31.774ms
[357.604s][info][gc] GC(21141) Pause Young (Allocation Failure) 14M->15M(15M) 8.855ms
[357.635s][info][gc] GC(21142) Pause Full (Allocation Failure) 15M->11M(15M) 30.425ms
[357.648s][info][gc] GC(21143) Pause Young (Allocation Failure) 14M->15M(15M) 9.366ms
[357.679s][info][gc] GC(21144) Pause Full (Allocation Failure) 15M->11M(15M) 31.186ms
[357.695s][info][gc] GC(21145) Pause Young (Allocation Failure) 14M->15M(15M) 11.761ms
[357.736s][info][gc] GC(21146) Pause Full (Allocation Failure) 15M->11M(15M) 40.246ms
[357.750s][info][gc] GC(21147) Pause Young (Allocation Failure) 14M->15M(15M) 9.726ms
[357.786s][info][gc] GC(21148) Pause Full (Allocation Failure) 15M->12M(15M) 36.125ms
[357.799s][info][gc] GC(21149) Pause Young (Allocation Failure) 14M->15M(15M) 10.018ms
[357.832s][info][gc] GC(21150) Pause Full (Allocation Failure) 15M->11M(15M) 32.279ms
[357.847s][info][gc] GC(21151) Pause Young (Allocation Failure) 14M->15M(15M) 12.466ms
[357.888s][info][gc] GC(21152) Pause Full (Allocation Failure) 15M->11M(15M) 40.207ms
[357.908s][info][gc] GC(21153) Pause Young (Allocation Failure) 14M->15M(15M) 14.924ms
[357.959s][info][gc] GC(21154) Pause Full (Allocation Failure) 15M->12M(15M) 51.340ms
[357.978s][info][gc] GC(21155) Pause Young (Allocation Failure) 14M->15M(15M) 14.702ms
[358.012s][info][gc] GC(21156) Pause Full (Allocation Failure) 15M->12M(15M) 33.981ms
[358.054s][info][gc] GC(21157) Pause Full (Allocation Failure) 15M->11M(15M) 34.500ms
[358.066s][info][gc] GC(21158) Pause Young (Allocation Failure) 14M->15M(15M) 9.424ms
[358.104s][info][gc] GC(21159) Pause Full (Allocation Failure) 15M->11M(15M) 37.386ms
[358.116s][info][gc] GC(21160) Pause Young (Allocation Failure) 14M->15M(15M) 9.480ms
[358.151s][info][gc] GC(21161) Pause Full (Allocation Failure) 15M->11M(15M) 34.812ms
[358.164s][info][gc] GC(21162) Pause Young (Allocation Failure) 14M->15M(15M) 9.252ms
[358.202s][info][gc] GC(21163) Pause Full (Allocation Failure) 15M->11M(15M) 38.687ms
[358.217s][info][gc] GC(21164) Pause Young (Allocation Failure) 14M->15M(15M) 9.920ms
[358.256s][info][gc] GC(21165) Pause Full (Allocation Failure) 15M->11M(15M) 39.073ms
[358.269s][info][gc] GC(21166) Pause Young (Allocation Failure) 14M->15M(15M) 10.082ms
[358.302s][info][gc] GC(21167) Pause Full (Allocation Failure) 15M->11M(15M) 32.754ms
[358.314s][info][gc] GC(21168) Pause Young (Allocation Failure) 14M->15M(15M) 9.334ms
[358.346s][info][gc] GC(21169) Pause Full (Allocation Failure) 15M->12M(15M) 31.246ms
[358.358s][info][gc] GC(21170) Pause Young (Allocation Failure) 14M->15M(15M) 9.098ms
[358.388s][info][gc] GC(21171) Pause Full (Allocation Failure) 15M->12M(15M) 30.534ms
[358.426s][info][gc] GC(21172) Pause Full (Allocation Failure) 15M->11M(15M) 30.987ms
[358.438s][info][gc] GC(21173) Pause Young (Allocation Failure) 14M->15M(15M) 8.674ms
[358.474s][info][gc] GC(21174) Pause Full (Allocation Failure) 15M->11M(15M) 36.483ms
[358.487s][info][gc] GC(21175) Pause Young (Allocation Failure) 14M->15M(15M) 9.341ms
[358.520s][info][gc] GC(21176) Pause Full (Allocation Failure) 15M->11M(15M) 33.186ms
[358.532s][info][gc] GC(21177) Pause Young (Allocation Failure) 14M->15M(15M) 8.857ms
[358.564s][info][gc] GC(21178) Pause Full (Allocation Failure) 15M->11M(15M) 31.761ms
[358.576s][info][gc] GC(21179) Pause Young (Allocation Failure) 14M->15M(15M) 8.711ms
[358.607s][info][gc] GC(21180) Pause Full (Allocation Failure) 15M->11M(15M) 30.655ms
[358.618s][info][gc] GC(21181) Pause Young (Allocation Failure) 14M->15M(15M) 8.482ms
[358.651s][info][gc] GC(21182) Pause Full (Allocation Failure) 15M->11M(15M) 32.521ms
[358.663s][info][gc] GC(21183) Pause Young (Allocation Failure) 14M->15M(15M) 9.130ms
[358.699s][info][gc] GC(21184) Pause Full (Allocation Failure) 15M->12M(15M) 35.520ms
[358.741s][info][gc] GC(21185) Pause Full (Allocation Failure) 15M->12M(15M) 33.520ms
[358.779s][info][gc] GC(21186) Pause Full (Allocation Failure) 15M->11M(15M) 32.506ms
[358.793s][info][gc] GC(21187) Pause Young (Allocation Failure) 14M->15M(15M) 9.219ms
[358.823s][info][gc] GC(21188) Pause Full (Allocation Failure) 15M->11M(15M) 30.174ms
[358.837s][info][gc] GC(21189) Pause Young (Allocation Failure) 14M->15M(15M) 10.200ms
[358.871s][info][gc] GC(21190) Pause Full (Allocation Failure) 15M->11M(15M) 33.735ms
[358.884s][info][gc] GC(21191) Pause Young (Allocation Failure) 14M->15M(15M) 9.942ms
[358.918s][info][gc] GC(21192) Pause Full (Allocation Failure) 15M->11M(15M) 34.398ms
[358.933s][info][gc] GC(21193) Pause Young (Allocation Failure) 14M->15M(15M) 11.350ms
[358.966s][info][gc] GC(21194) Pause Full (Allocation Failure) 15M->11M(15M) 33.040ms
[358.978s][info][gc] GC(21195) Pause Young (Allocation Failure) 14M->15M(15M) 9.260ms
[359.009s][info][gc] GC(21196) Pause Full (Allocation Failure) 15M->11M(15M) 30.971ms
[359.021s][info][gc] GC(21197) Pause Young (Allocation Failure) 14M->15M(15M) 9.009ms
[359.053s][info][gc] GC(21198) Pause Full (Allocation Failure) 15M->12M(15M) 31.710ms
[359.101s][info][gc] GC(21199) Pause Full (Allocation Failure) 15M->12M(15M) 37.560ms
[359.148s][info][gc] GC(21200) Pause Full (Allocation Failure) 15M->11M(15M) 37.745ms
[359.159s][info][gc] GC(21201) Pause Young (Allocation Failure) 14M->15M(15M) 8.714ms
[359.198s][info][gc] GC(21202) Pause Full (Allocation Failure) 15M->11M(15M) 38.257ms
[359.212s][info][gc] GC(21203) Pause Young (Allocation Failure) 14M->15M(15M) 10.272ms
[359.252s][info][gc] GC(21204) Pause Full (Allocation Failure) 15M->11M(15M) 39.836ms
[359.265s][info][gc] GC(21205) Pause Young (Allocation Failure) 14M->15M(15M) 9.524ms
[359.298s][info][gc] GC(21206) Pause Full (Allocation Failure) 15M->11M(15M) 32.890ms
[359.312s][info][gc] GC(21207) Pause Young (Allocation Failure) 14M->15M(15M) 10.208ms
[359.345s][info][gc] GC(21208) Pause Full (Allocation Failure) 15M->11M(15M) 32.829ms
[359.359s][info][gc] GC(21209) Pause Young (Allocation Failure) 14M->15M(15M) 11.613ms
[359.393s][info][gc] GC(21210) Pause Full (Allocation Failure) 15M->11M(15M) 33.157ms
[359.405s][info][gc] GC(21211) Pause Young (Allocation Failure) 14M->15M(15M) 8.893ms
[359.435s][info][gc] GC(21212) Pause Full (Allocation Failure) 15M->12M(15M) 30.503ms
[359.448s][info][gc] GC(21213) Pause Young (Allocation Failure) 14M->15M(15M) 10.384ms
[359.482s][info][gc] GC(21214) Pause Full (Allocation Failure) 15M->12M(15M) 33.673ms
[359.522s][info][gc] GC(21215) Pause Full (Allocation Failure) 15M->11M(15M) 32.555ms
[359.535s][info][gc] GC(21216) Pause Young (Allocation Failure) 14M->15M(15M) 10.360ms
[359.568s][info][gc] GC(21217) Pause Full (Allocation Failure) 15M->11M(15M) 32.631ms
[359.580s][info][gc] GC(21218) Pause Young (Allocation Failure) 14M->15M(15M) 9.234ms
[359.613s][info][gc] GC(21219) Pause Full (Allocation Failure) 15M->11M(15M) 32.815ms
[359.626s][info][gc] GC(21220) Pause Young (Allocation Failure) 14M->15M(15M) 9.747ms
[359.659s][info][gc] GC(21221) Pause Full (Allocation Failure) 15M->11M(15M) 32.882ms
[359.671s][info][gc] GC(21222) Pause Young (Allocation Failure) 14M->15M(15M) 9.559ms
[359.706s][info][gc] GC(21223) Pause Full (Allocation Failure) 15M->11M(15M) 34.769ms
[359.721s][info][gc] GC(21224) Pause Young (Allocation Failure) 14M->15M(15M) 9.957ms
[359.751s][info][gc] GC(21225) Pause Full (Allocation Failure) 15M->11M(15M) 29.953ms
[359.765s][info][gc] GC(21226) Pause Young (Allocation Failure) 14M->15M(15M) 10.604ms
[359.798s][info][gc] GC(21227) Pause Full (Allocation Failure) 15M->12M(15M) 33.419ms
[359.814s][info][gc] GC(21228) Pause Young (Allocation Failure) 14M->15M(15M) 11.847ms
[359.851s][info][gc] GC(21229) Pause Full (Allocation Failure) 15M->12M(15M) 36.696ms
[359.891s][info][gc] GC(21230) Pause Full (Allocation Failure) 15M->11M(15M) 34.233ms
[359.904s][info][gc] GC(21231) Pause Young (Allocation Failure) 14M->15M(15M) 9.682ms
[359.937s][info][gc] GC(21232) Pause Full (Allocation Failure) 15M->11M(15M) 33.051ms
[359.950s][info][gc] GC(21233) Pause Young (Allocation Failure) 14M->15M(15M) 9.838ms
[359.985s][info][gc] GC(21234) Pause Full (Allocation Failure) 15M->11M(15M) 34.381ms
[359.997s][info][gc] GC(21235) Pause Young (Allocation Failure) 14M->15M(15M) 8.493ms
[360.029s][info][gc] GC(21236) Pause Full (Allocation Failure) 15M->11M(15M) 32.146ms
[360.040s][info][gc] GC(21237) Pause Young (Allocation Failure) 14M->15M(15M) 8.562ms
[360.074s][info][gc] GC(21238) Pause Full (Allocation Failure) 15M->11M(15M) 33.341ms
[360.089s][info][gc] GC(21239) Pause Young (Allocation Failure) 14M->15M(15M) 12.366ms
[360.122s][info][gc] GC(21240) Pause Full (Allocation Failure) 15M->11M(15M) 33.130ms
[360.135s][info][gc] GC(21241) Pause Young (Allocation Failure) 14M->15M(15M) 9.777ms
[360.167s][info][gc] GC(21242) Pause Full (Allocation Failure) 15M->12M(15M) 31.335ms
[360.180s][info][gc] GC(21243) Pause Young (Allocation Failure) 14M->15M(15M) 10.483ms
[360.211s][info][gc] GC(21244) Pause Full (Allocation Failure) 15M->12M(15M) 31.012ms
[360.259s][info][gc] GC(21245) Pause Full (Allocation Failure) 15M->11M(15M) 39.758ms
[360.273s][info][gc] GC(21246) Pause Young (Allocation Failure) 14M->15M(15M) 10.706ms
[360.310s][info][gc] GC(21247) Pause Full (Allocation Failure) 15M->11M(15M) 37.569ms
[360.323s][info][gc] GC(21248) Pause Young (Allocation Failure) 14M->15M(15M) 9.710ms
[360.360s][info][gc] GC(21249) Pause Full (Allocation Failure) 15M->11M(15M) 36.305ms
[360.372s][info][gc] GC(21250) Pause Young (Allocation Failure) 14M->15M(15M) 8.802ms
[360.403s][info][gc] GC(21251) Pause Full (Allocation Failure) 15M->11M(15M) 31.125ms
[360.416s][info][gc] GC(21252) Pause Young (Allocation Failure) 14M->15M(15M) 10.112ms
[360.449s][info][gc] GC(21253) Pause Full (Allocation Failure) 15M->11M(15M) 32.589ms
[360.462s][info][gc] GC(21254) Pause Young (Allocation Failure) 14M->15M(15M) 9.754ms
[360.495s][info][gc] GC(21255) Pause Full (Allocation Failure) 15M->11M(15M) 33.686ms
[360.508s][info][gc] GC(21256) Pause Young (Allocation Failure) 14M->15M(15M) 9.670ms
[360.543s][info][gc] GC(21257) Pause Full (Allocation Failure) 15M->12M(15M) 34.828ms
[360.556s][info][gc] GC(21258) Pause Young (Allocation Failure) 14M->15M(15M) 9.218ms
[360.588s][info][gc] GC(21259) Pause Full (Allocation Failure) 15M->12M(15M) 31.923ms
[360.628s][info][gc] GC(21260) Pause Full (Allocation Failure) 15M->11M(15M) 33.305ms
[360.640s][info][gc] GC(21261) Pause Young (Allocation Failure) 14M->15M(15M) 8.861ms
[360.672s][info][gc] GC(21262) Pause Full (Allocation Failure) 15M->11M(15M) 31.469ms
[360.687s][info][gc] GC(21263) Pause Young (Allocation Failure) 14M->15M(15M) 12.561ms
[360.718s][info][gc] GC(21264) Pause Full (Allocation Failure) 15M->11M(15M) 30.770ms
[360.731s][info][gc] GC(21265) Pause Young (Allocation Failure) 14M->15M(15M) 8.568ms
[360.763s][info][gc] GC(21266) Pause Full (Allocation Failure) 15M->11M(15M) 32.594ms
[360.776s][info][gc] GC(21267) Pause Young (Allocation Failure) 14M->15M(15M) 8.661ms
[360.814s][info][gc] GC(21268) Pause Full (Allocation Failure) 15M->11M(15M) 38.159ms
[360.828s][info][gc] GC(21269) Pause Young (Allocation Failure) 14M->15M(15M) 11.035ms
[360.862s][info][gc] GC(21270) Pause Full (Allocation Failure) 15M->11M(15M) 33.943ms
[360.876s][info][gc] GC(21271) Pause Young (Allocation Failure) 14M->15M(15M) 10.717ms
[360.910s][info][gc] GC(21272) Pause Full (Allocation Failure) 15M->11M(15M) 33.513ms
[360.922s][info][gc] GC(21273) Pause Young (Allocation Failure) 14M->15M(15M) 9.340ms
[360.957s][info][gc] GC(21274) Pause Full (Allocation Failure) 15M->11M(15M) 34.672ms
[360.970s][info][gc] GC(21275) Pause Young (Allocation Failure) 14M->15M(15M) 9.740ms
[361.012s][info][gc] GC(21276) Pause Full (Allocation Failure) 15M->11M(15M) 42.358ms
[361.032s][info][gc] GC(21277) Pause Young (Allocation Failure) 14M->15M(15M) 12.891ms
[361.086s][info][gc] GC(21278) Pause Full (Allocation Failure) 15M->11M(15M) 53.854ms
[361.104s][info][gc] GC(21279) Pause Young (Allocation Failure) 14M->15M(15M) 13.489ms
[361.150s][info][gc] GC(21280) Pause Full (Allocation Failure) 15M->12M(15M) 46.390ms
[361.216s][info][gc] GC(21281) Pause Full (Allocation Failure) 15M->12M(15M) 57.910ms
[361.284s][info][gc] GC(21282) Pause Full (Allocation Failure) 15M->11M(15M) 54.016ms
[361.310s][info][gc] GC(21283) Pause Young (Allocation Failure) 14M->15M(15M) 19.585ms
[361.356s][info][gc] GC(21284) Pause Full (Allocation Failure) 15M->11M(15M) 45.943ms
[361.373s][info][gc] GC(21285) Pause Young (Allocation Failure) 14M->15M(15M) 9.746ms
[361.408s][info][gc] GC(21286) Pause Full (Allocation Failure) 15M->11M(15M) 34.887ms
[361.428s][info][gc] GC(21287) Pause Young (Allocation Failure) 14M->15M(15M) 16.321ms
[361.466s][info][gc] GC(21288) Pause Full (Allocation Failure) 15M->12M(15M) 38.072ms
[361.481s][info][gc] GC(21289) Pause Young (Allocation Failure) 14M->15M(15M) 10.462ms
[361.525s][info][gc] GC(21290) Pause Full (Allocation Failure) 15M->11M(15M) 44.145ms
[361.540s][info][gc] GC(21291) Pause Young (Allocation Failure) 14M->15M(15M) 9.519ms
[361.596s][info][gc] GC(21292) Pause Full (Allocation Failure) 15M->11M(15M) 56.212ms
[361.628s][info][gc] GC(21293) Pause Young (Allocation Failure) 14M->15M(15M) 26.149ms
[361.662s][info][gc] GC(21294) Pause Full (Allocation Failure) 15M->11M(15M) 33.852ms
[361.680s][info][gc] GC(21295) Pause Young (Allocation Failure) 14M->15M(15M) 11.811ms
[361.723s][info][gc] GC(21296) Pause Full (Allocation Failure) 15M->12M(15M) 43.673ms
[361.740s][info][gc] GC(21297) Pause Young (Allocation Failure) 14M->15M(15M) 12.542ms
[361.773s][info][gc] GC(21298) Pause Full (Allocation Failure) 15M->11M(15M) 33.573ms
[361.797s][info][gc] GC(21299) Pause Young (Allocation Failure) 14M->15M(15M) 16.162ms
[361.834s][info][gc] GC(21300) Pause Full (Allocation Failure) 15M->11M(15M) 37.181ms
[361.848s][info][gc] GC(21301) Pause Young (Allocation Failure) 14M->15M(15M) 10.146ms
[361.906s][info][gc] GC(21302) Pause Full (Allocation Failure) 15M->11M(15M) 58.103ms
[361.932s][info][gc] GC(21303) Pause Young (Allocation Failure) 14M->15M(15M) 19.516ms
[361.978s][info][gc] GC(21304) Pause Full (Allocation Failure) 15M->12M(15M) 45.304ms
[362.053s][info][gc] GC(21305) Pause Full (Allocation Failure) 15M->11M(15M) 63.698ms
[362.078s][info][gc] GC(21306) Pause Young (Allocation Failure) 14M->15M(15M) 19.443ms
[362.137s][info][gc] GC(21307) Pause Full (Allocation Failure) 15M->11M(15M) 58.793ms
[362.161s][info][gc] GC(21308) Pause Young (Allocation Failure) 14M->15M(15M) 18.137ms
[362.218s][info][gc] GC(21309) Pause Full (Allocation Failure) 15M->11M(15M) 56.767ms
[362.235s][info][gc] GC(21310) Pause Young (Allocation Failure) 14M->15M(15M) 13.215ms
[362.282s][info][gc] GC(21311) Pause Full (Allocation Failure) 15M->12M(15M) 46.852ms
[362.301s][info][gc] GC(21312) Pause Young (Allocation Failure) 14M->15M(15M) 13.666ms
[362.347s][info][gc] GC(21313) Pause Full (Allocation Failure) 15M->11M(15M) 46.302ms
[362.373s][info][gc] GC(21314) Pause Young (Allocation Failure) 14M->15M(15M) 19.388ms
[362.411s][info][gc] GC(21315) Pause Full (Allocation Failure) 15M->11M(15M) 38.456ms
[362.428s][info][gc] GC(21316) Pause Young (Allocation Failure) 14M->15M(15M) 13.512ms
[362.470s][info][gc] GC(21317) Pause Full (Allocation Failure) 15M->11M(15M) 41.605ms
[362.483s][info][gc] GC(21318) Pause Young (Allocation Failure) 14M->15M(15M) 9.534ms
[362.520s][info][gc] GC(21319) Pause Full (Allocation Failure) 15M->11M(15M) 36.765ms
[362.540s][info][gc] GC(21320) Pause Young (Allocation Failure) 14M->15M(15M) 14.238ms
[362.590s][info][gc] GC(21321) Pause Full (Allocation Failure) 15M->11M(15M) 50.704ms
[362.605s][info][gc] GC(21322) Pause Young (Allocation Failure) 14M->15M(15M) 10.537ms
[362.641s][info][gc] GC(21323) Pause Full (Allocation Failure) 15M->11M(15M) 35.309ms
[362.654s][info][gc] GC(21324) Pause Young (Allocation Failure) 14M->15M(15M) 9.969ms
[362.688s][info][gc] GC(21325) Pause Full (Allocation Failure) 15M->12M(15M) 33.902ms
[362.700s][info][gc] GC(21326) Pause Young (Allocation Failure) 14M->15M(15M) 9.014ms
[362.731s][info][gc] GC(21327) Pause Full (Allocation Failure) 15M->12M(15M) 30.671ms
[362.768s][info][gc] GC(21328) Pause Full (Allocation Failure) 15M->11M(15M) 30.521ms
[362.779s][info][gc] GC(21329) Pause Young (Allocation Failure) 14M->15M(15M) 8.498ms
[362.814s][info][gc] GC(21330) Pause Full (Allocation Failure) 15M->11M(15M) 35.064ms
[362.832s][info][gc] GC(21331) Pause Young (Allocation Failure) 14M->15M(15M) 14.049ms
[362.868s][info][gc] GC(21332) Pause Full (Allocation Failure) 15M->11M(15M) 35.970ms
[362.880s][info][gc] GC(21333) Pause Young (Allocation Failure) 14M->15M(15M) 9.182ms
[362.913s][info][gc] GC(21334) Pause Full (Allocation Failure) 15M->11M(15M) 32.613ms
[362.926s][info][gc] GC(21335) Pause Young (Allocation Failure) 14M->15M(15M) 9.658ms
[362.957s][info][gc] GC(21336) Pause Full (Allocation Failure) 15M->11M(15M) 31.450ms
[362.970s][info][gc] GC(21337) Pause Young (Allocation Failure) 14M->15M(15M) 9.344ms
[363.001s][info][gc] GC(21338) Pause Full (Allocation Failure) 15M->11M(15M) 31.434ms
[363.014s][info][gc] GC(21339) Pause Young (Allocation Failure) 14M->15M(15M) 9.934ms
[363.054s][info][gc] GC(21340) Pause Full (Allocation Failure) 15M->12M(15M) 39.646ms
[363.097s][info][gc] GC(21341) Pause Full (Allocation Failure) 15M->12M(15M) 35.104ms
[363.137s][info][gc] GC(21342) Pause Full (Allocation Failure) 15M->11M(15M) 34.053ms
[363.150s][info][gc] GC(21343) Pause Young (Allocation Failure) 14M->15M(15M) 9.609ms
[363.182s][info][gc] GC(21344) Pause Full (Allocation Failure) 15M->11M(15M) 31.494ms
[363.196s][info][gc] GC(21345) Pause Young (Allocation Failure) 14M->15M(15M) 9.850ms
[363.231s][info][gc] GC(21346) Pause Full (Allocation Failure) 15M->11M(15M) 35.298ms
[363.245s][info][gc] GC(21347) Pause Young (Allocation Failure) 14M->15M(15M) 9.465ms
[363.279s][info][gc] GC(21348) Pause Full (Allocation Failure) 15M->12M(15M) 34.135ms
[363.292s][info][gc] GC(21349) Pause Young (Allocation Failure) 14M->15M(15M) 9.648ms
[363.325s][info][gc] GC(21350) Pause Full (Allocation Failure) 15M->11M(15M) 33.154ms
[363.339s][info][gc] GC(21351) Pause Young (Allocation Failure) 14M->15M(15M) 9.912ms
[363.373s][info][gc] GC(21352) Pause Full (Allocation Failure) 15M->11M(15M) 34.115ms
[363.386s][info][gc] GC(21353) Pause Young (Allocation Failure) 14M->15M(15M) 10.073ms
[363.418s][info][gc] GC(21354) Pause Full (Allocation Failure) 15M->12M(15M) 31.757ms
[363.432s][info][gc] GC(21355) Pause Young (Allocation Failure) 14M->15M(15M) 10.123ms
[363.466s][info][gc] GC(21356) Pause Full (Allocation Failure) 15M->12M(15M) 33.943ms
[363.506s][info][gc] GC(21357) Pause Full (Allocation Failure) 15M->11M(15M) 33.683ms
[363.519s][info][gc] GC(21358) Pause Young (Allocation Failure) 14M->15M(15M) 9.720ms
[363.552s][info][gc] GC(21359) Pause Full (Allocation Failure) 15M->11M(15M) 32.517ms
[363.564s][info][gc] GC(21360) Pause Young (Allocation Failure) 14M->15M(15M) 8.874ms
[363.596s][info][gc] GC(21361) Pause Full (Allocation Failure) 15M->11M(15M) 32.588ms
[363.612s][info][gc] GC(21362) Pause Young (Allocation Failure) 14M->15M(15M) 9.324ms
[363.661s][info][gc] GC(21363) Pause Full (Allocation Failure) 15M->11M(15M) 49.161ms
[363.676s][info][gc] GC(21364) Pause Young (Allocation Failure) 14M->15M(15M) 10.562ms
[363.718s][info][gc] GC(21365) Pause Full (Allocation Failure) 15M->11M(15M) 41.948ms
[363.732s][info][gc] GC(21366) Pause Young (Allocation Failure) 14M->15M(15M) 10.426ms
[363.772s][info][gc] GC(21367) Pause Full (Allocation Failure) 15M->11M(15M) 39.410ms
[363.785s][info][gc] GC(21368) Pause Young (Allocation Failure) 14M->15M(15M) 9.662ms
[363.822s][info][gc] GC(21369) Pause Full (Allocation Failure) 15M->12M(15M) 36.983ms
[363.871s][info][gc] GC(21370) Pause Full (Allocation Failure) 15M->12M(15M) 38.200ms
[363.913s][info][gc] GC(21371) Pause Full (Allocation Failure) 15M->11M(15M) 34.504ms
[363.927s][info][gc] GC(21372) Pause Young (Allocation Failure) 14M->15M(15M) 9.920ms
[363.964s][info][gc] GC(21373) Pause Full (Allocation Failure) 15M->11M(15M) 37.070ms
[363.977s][info][gc] GC(21374) Pause Young (Allocation Failure) 14M->15M(15M) 9.764ms
[364.010s][info][gc] GC(21375) Pause Full (Allocation Failure) 15M->11M(15M) 33.191ms
[364.023s][info][gc] GC(21376) Pause Young (Allocation Failure) 14M->15M(15M) 9.867ms
[364.056s][info][gc] GC(21377) Pause Full (Allocation Failure) 15M->12M(15M) 33.525ms
[364.101s][info][gc] GC(21378) Pause Full (Allocation Failure) 15M->11M(15M) 36.954ms
[364.114s][info][gc] GC(21379) Pause Young (Allocation Failure) 14M->15M(15M) 9.809ms
[364.147s][info][gc] GC(21380) Pause Full (Allocation Failure) 15M->11M(15M) 32.708ms
[364.159s][info][gc] GC(21381) Pause Young (Allocation Failure) 14M->15M(15M) 8.772ms
[364.198s][info][gc] GC(21382) Pause Full (Allocation Failure) 15M->11M(15M) 38.678ms
[364.212s][info][gc] GC(21383) Pause Young (Allocation Failure) 14M->15M(15M) 9.696ms
[364.245s][info][gc] GC(21384) Pause Full (Allocation Failure) 15M->12M(15M) 33.693ms
[364.260s][info][gc] GC(21385) Pause Young (Allocation Failure) 14M->15M(15M) 8.822ms
[364.291s][info][gc] GC(21386) Pause Full (Allocation Failure) 15M->11M(15M) 30.756ms
[364.304s][info][gc] GC(21387) Pause Young (Allocation Failure) 14M->15M(15M) 8.754ms
[364.342s][info][gc] GC(21388) Pause Full (Allocation Failure) 15M->11M(15M) 37.881ms
[364.358s][info][gc] GC(21389) Pause Young (Allocation Failure) 14M->15M(15M) 11.851ms
[364.396s][info][gc] GC(21390) Pause Full (Allocation Failure) 15M->11M(15M) 37.843ms
[364.415s][info][gc] GC(21391) Pause Young (Allocation Failure) 14M->15M(15M) 13.932ms
[364.453s][info][gc] GC(21392) Pause Full (Allocation Failure) 15M->12M(15M) 38.378ms
[364.496s][info][gc] GC(21393) Pause Full (Allocation Failure) 15M->11M(15M) 33.180ms
[364.509s][info][gc] GC(21394) Pause Young (Allocation Failure) 14M->15M(15M) 9.686ms
[364.542s][info][gc] GC(21395) Pause Full (Allocation Failure) 15M->11M(15M) 33.715ms
[364.558s][info][gc] GC(21396) Pause Young (Allocation Failure) 14M->15M(15M) 11.921ms
[364.599s][info][gc] GC(21397) Pause Full (Allocation Failure) 15M->11M(15M) 40.902ms
[364.614s][info][gc] GC(21398) Pause Young (Allocation Failure) 14M->15M(15M) 11.688ms
[364.660s][info][gc] GC(21399) Pause Full (Allocation Failure) 15M->12M(15M) 46.099ms
[364.679s][info][gc] GC(21400) Pause Young (Allocation Failure) 14M->15M(15M) 14.231ms
[364.719s][info][gc] GC(21401) Pause Full (Allocation Failure) 15M->11M(15M) 39.970ms
[364.737s][info][gc] GC(21402) Pause Young (Allocation Failure) 14M->15M(15M) 14.285ms
[364.781s][info][gc] GC(21403) Pause Full (Allocation Failure) 15M->11M(15M) 43.045ms
[364.801s][info][gc] GC(21404) Pause Young (Allocation Failure) 14M->15M(15M) 14.865ms
[364.834s][info][gc] GC(21405) Pause Full (Allocation Failure) 15M->11M(15M) 33.010ms
[364.852s][info][gc] GC(21406) Pause Young (Allocation Failure) 14M->15M(15M) 14.098ms
[364.894s][info][gc] GC(21407) Pause Full (Allocation Failure) 15M->11M(15M) 41.864ms
[364.912s][info][gc] GC(21408) Pause Young (Allocation Failure) 14M->15M(15M) 12.182ms
[364.951s][info][gc] GC(21409) Pause Full (Allocation Failure) 15M->11M(15M) 39.394ms
[364.970s][info][gc] GC(21410) Pause Young (Allocation Failure) 14M->15M(15M) 14.078ms
[365.019s][info][gc] GC(21411) Pause Full (Allocation Failure) 15M->11M(15M) 48.669ms
[365.034s][info][gc] GC(21412) Pause Young (Allocation Failure) 14M->15M(15M) 10.201ms
[365.070s][info][gc] GC(21413) Pause Full (Allocation Failure) 15M->12M(15M) 36.121ms
[365.090s][info][gc] GC(21414) Pause Young (Allocation Failure) 14M->15M(15M) 14.673ms
[365.141s][info][gc] GC(21415) Pause Full (Allocation Failure) 15M->12M(15M) 50.165ms
[365.205s][info][gc] GC(21416) Pause Full (Allocation Failure) 15M->11M(15M) 51.404ms
[365.224s][info][gc] GC(21417) Pause Young (Allocation Failure) 14M->15M(15M) 14.857ms
[365.277s][info][gc] GC(21418) Pause Full (Allocation Failure) 15M->11M(15M) 52.837ms
[365.296s][info][gc] GC(21419) Pause Young (Allocation Failure) 14M->15M(15M) 14.423ms
[365.342s][info][gc] GC(21420) Pause Full (Allocation Failure) 15M->11M(15M) 45.584ms
[365.360s][info][gc] GC(21421) Pause Young (Allocation Failure) 14M->15M(15M) 12.687ms
[365.405s][info][gc] GC(21422) Pause Full (Allocation Failure) 15M->11M(15M) 45.324ms
[365.425s][info][gc] GC(21423) Pause Young (Allocation Failure) 14M->15M(15M) 15.004ms
[365.469s][info][gc] GC(21424) Pause Full (Allocation Failure) 15M->11M(15M) 43.379ms
[365.485s][info][gc] GC(21425) Pause Young (Allocation Failure) 14M->15M(15M) 12.118ms
[365.521s][info][gc] GC(21426) Pause Full (Allocation Failure) 15M->11M(15M) 36.309ms
[365.534s][info][gc] GC(21427) Pause Young (Allocation Failure) 14M->15M(15M) 10.103ms
[365.570s][info][gc] GC(21428) Pause Full (Allocation Failure) 15M->11M(15M) 36.057ms
[365.586s][info][gc] GC(21429) Pause Young (Allocation Failure) 14M->15M(15M) 12.168ms
[365.624s][info][gc] GC(21430) Pause Full (Allocation Failure) 15M->11M(15M) 38.570ms
[365.643s][info][gc] GC(21431) Pause Young (Allocation Failure) 14M->15M(15M) 14.379ms
[365.682s][info][gc] GC(21432) Pause Full (Allocation Failure) 15M->11M(15M) 39.001ms
[365.702s][info][gc] GC(21433) Pause Young (Allocation Failure) 14M->15M(15M) 14.722ms
[365.746s][info][gc] GC(21434) Pause Full (Allocation Failure) 15M->11M(15M) 44.226ms
[365.765s][info][gc] GC(21435) Pause Young (Allocation Failure) 14M->15M(15M) 12.854ms
[365.815s][info][gc] GC(21436) Pause Full (Allocation Failure) 15M->12M(15M) 50.083ms
[365.879s][info][gc] GC(21437) Pause Full (Allocation Failure) 15M->12M(15M) 49.773ms
[365.941s][info][gc] GC(21438) Pause Full (Allocation Failure) 15M->11M(15M) 53.367ms
[365.965s][info][gc] GC(21439) Pause Young (Allocation Failure) 14M->15M(15M) 16.027ms
[366.007s][info][gc] GC(21440) Pause Full (Allocation Failure) 15M->11M(15M) 41.875ms
[366.027s][info][gc] GC(21441) Pause Young (Allocation Failure) 14M->15M(15M) 14.081ms
[366.077s][info][gc] GC(21442) Pause Full (Allocation Failure) 15M->11M(15M) 49.315ms
[366.097s][info][gc] GC(21443) Pause Young (Allocation Failure) 14M->15M(15M) 15.551ms
[366.146s][info][gc] GC(21444) Pause Full (Allocation Failure) 15M->12M(15M) 48.573ms
[366.165s][info][gc] GC(21445) Pause Young (Allocation Failure) 14M->15M(15M) 12.546ms
[366.213s][info][gc] GC(21446) Pause Full (Allocation Failure) 15M->11M(15M) 48.101ms
[366.232s][info][gc] GC(21447) Pause Young (Allocation Failure) 14M->15M(15M) 13.987ms
[366.280s][info][gc] GC(21448) Pause Full (Allocation Failure) 15M->11M(15M) 48.862ms
[366.297s][info][gc] GC(21449) Pause Young (Allocation Failure) 14M->15M(15M) 12.021ms
[366.336s][info][gc] GC(21450) Pause Full (Allocation Failure) 15M->12M(15M) 38.691ms
[366.357s][info][gc] GC(21451) Pause Young (Allocation Failure) 14M->15M(15M) 15.991ms
[366.401s][info][gc] GC(21452) Pause Full (Allocation Failure) 15M->12M(15M) 43.242ms
[366.443s][info][gc] GC(21453) Pause Full (Allocation Failure) 15M->11M(15M) 35.187ms
[366.461s][info][gc] GC(21454) Pause Young (Allocation Failure) 14M->15M(15M) 14.708ms
[366.518s][info][gc] GC(21455) Pause Full (Allocation Failure) 15M->11M(15M) 56.549ms
[366.541s][info][gc] GC(21456) Pause Young (Allocation Failure) 14M->15M(15M) 17.176ms
[366.590s][info][gc] GC(21457) Pause Full (Allocation Failure) 15M->11M(15M) 49.541ms
[366.611s][info][gc] GC(21458) Pause Young (Allocation Failure) 14M->15M(15M) 15.593ms
[366.666s][info][gc] GC(21459) Pause Full (Allocation Failure) 15M->12M(15M) 54.847ms
[366.686s][info][gc] GC(21460) Pause Young (Allocation Failure) 14M->15M(15M) 15.196ms
[366.735s][info][gc] GC(21461) Pause Full (Allocation Failure) 15M->11M(15M) 48.814ms
[366.755s][info][gc] GC(21462) Pause Young (Allocation Failure) 14M->15M(15M) 15.160ms
[366.807s][info][gc] GC(21463) Pause Full (Allocation Failure) 15M->11M(15M) 52.021ms
[366.828s][info][gc] GC(21464) Pause Young (Allocation Failure) 14M->15M(15M) 14.415ms
[366.882s][info][gc] GC(21465) Pause Full (Allocation Failure) 15M->12M(15M) 54.416ms
[366.947s][info][gc] GC(21466) Pause Full (Allocation Failure) 15M->12M(15M) 51.915ms
[367.001s][info][gc] GC(21467) Pause Full (Allocation Failure) 15M->11M(15M) 45.929ms
[367.021s][info][gc] GC(21468) Pause Young (Allocation Failure) 14M->15M(15M) 14.590ms
[367.071s][info][gc] GC(21469) Pause Full (Allocation Failure) 15M->11M(15M) 50.269ms
[367.091s][info][gc] GC(21470) Pause Young (Allocation Failure) 14M->15M(15M) 15.051ms
[367.140s][info][gc] GC(21471) Pause Full (Allocation Failure) 15M->12M(15M) 48.825ms
[367.156s][info][gc] GC(21472) Pause Young (Allocation Failure) 14M->15M(15M) 12.330ms
[367.207s][info][gc] GC(21473) Pause Full (Allocation Failure) 15M->12M(15M) 51.104ms
[367.270s][info][gc] GC(21474) Pause Full (Allocation Failure) 15M->11M(15M) 51.020ms
[367.289s][info][gc] GC(21475) Pause Young (Allocation Failure) 14M->15M(15M) 14.545ms
[367.338s][info][gc] GC(21476) Pause Full (Allocation Failure) 15M->11M(15M) 48.363ms
[367.358s][info][gc] GC(21477) Pause Young (Allocation Failure) 14M->15M(15M) 15.071ms
[367.407s][info][gc] GC(21478) Pause Full (Allocation Failure) 15M->11M(15M) 48.832ms
[367.426s][info][gc] GC(21479) Pause Young (Allocation Failure) 14M->15M(15M) 14.724ms
[367.477s][info][gc] GC(21480) Pause Full (Allocation Failure) 15M->11M(15M) 51.055ms
[367.497s][info][gc] GC(21481) Pause Young (Allocation Failure) 14M->15M(15M) 14.735ms
[367.548s][info][gc] GC(21482) Pause Full (Allocation Failure) 15M->11M(15M) 50.830ms
[367.567s][info][gc] GC(21483) Pause Young (Allocation Failure) 14M->15M(15M) 14.405ms
[367.614s][info][gc] GC(21484) Pause Full (Allocation Failure) 15M->11M(15M) 46.317ms
[367.633s][info][gc] GC(21485) Pause Young (Allocation Failure) 14M->15M(15M) 14.922ms
[367.685s][info][gc] GC(21486) Pause Full (Allocation Failure) 15M->11M(15M) 51.545ms
[367.706s][info][gc] GC(21487) Pause Young (Allocation Failure) 14M->15M(15M) 15.105ms
[367.756s][info][gc] GC(21488) Pause Full (Allocation Failure) 15M->12M(15M) 50.748ms
[367.773s][info][gc] GC(21489) Pause Young (Allocation Failure) 14M->15M(15M) 11.909ms
[367.818s][info][gc] GC(21490) Pause Full (Allocation Failure) 15M->11M(15M) 44.311ms
[367.834s][info][gc] GC(21491) Pause Young (Allocation Failure) 14M->15M(15M) 11.984ms
[367.878s][info][gc] GC(21492) Pause Full (Allocation Failure) 15M->12M(15M) 43.345ms
[367.892s][info][gc] GC(21493) Pause Young (Allocation Failure) 14M->15M(15M) 9.902ms
[367.939s][info][gc] GC(21494) Pause Full (Allocation Failure) 15M->12M(15M) 46.779ms
[368.004s][info][gc] GC(21495) Pause Full (Allocation Failure) 15M->12M(15M) 53.037ms
[368.066s][info][gc] GC(21496) Pause Full (Allocation Failure) 15M->11M(15M) 50.242ms
[368.085s][info][gc] GC(21497) Pause Young (Allocation Failure) 14M->15M(15M) 14.291ms
[368.137s][info][gc] GC(21498) Pause Full (Allocation Failure) 15M->11M(15M) 51.582ms
[368.157s][info][gc] GC(21499) Pause Young (Allocation Failure) 14M->15M(15M) 14.084ms
[368.208s][info][gc] GC(21500) Pause Full (Allocation Failure) 15M->12M(15M) 50.995ms
[368.229s][info][gc] GC(21501) Pause Young (Allocation Failure) 14M->15M(15M) 16.653ms
[368.279s][info][gc] GC(21502) Pause Full (Allocation Failure) 15M->12M(15M) 49.407ms
[368.347s][info][gc] GC(21503) Pause Full (Allocation Failure) 15M->11M(15M) 51.185ms
[368.367s][info][gc] GC(21504) Pause Young (Allocation Failure) 14M->15M(15M) 14.454ms
[368.422s][info][gc] GC(21505) Pause Full (Allocation Failure) 15M->11M(15M) 54.902ms
[368.442s][info][gc] GC(21506) Pause Young (Allocation Failure) 14M->15M(15M) 14.459ms
[368.492s][info][gc] GC(21507) Pause Full (Allocation Failure) 15M->11M(15M) 50.069ms
[368.512s][info][gc] GC(21508) Pause Young (Allocation Failure) 14M->15M(15M) 15.354ms
[368.563s][info][gc] GC(21509) Pause Full (Allocation Failure) 15M->11M(15M) 51.361ms
[368.585s][info][gc] GC(21510) Pause Young (Allocation Failure) 14M->15M(15M) 16.645ms
[368.638s][info][gc] GC(21511) Pause Full (Allocation Failure) 15M->11M(15M) 52.708ms
[368.659s][info][gc] GC(21512) Pause Young (Allocation Failure) 14M->15M(15M) 17.001ms
[368.714s][info][gc] GC(21513) Pause Full (Allocation Failure) 15M->12M(15M) 54.262ms
[368.734s][info][gc] GC(21514) Pause Young (Allocation Failure) 14M->15M(15M) 15.013ms
[368.782s][info][gc] GC(21515) Pause Full (Allocation Failure) 15M->12M(15M) 47.849ms
[368.829s][info][gc] GC(21516) Pause Full (Allocation Failure) 15M->12M(15M) 38.961ms
[368.896s][info][gc] GC(21517) Pause Full (Allocation Failure) 15M->11M(15M) 55.519ms
[368.916s][info][gc] GC(21518) Pause Young (Allocation Failure) 14M->15M(15M) 14.598ms
[368.962s][info][gc] GC(21519) Pause Full (Allocation Failure) 15M->11M(15M) 46.327ms
[368.977s][info][gc] GC(21520) Pause Young (Allocation Failure) 14M->15M(15M) 9.617ms
[369.012s][info][gc] GC(21521) Pause Full (Allocation Failure) 15M->11M(15M) 35.314ms
[369.028s][info][gc] GC(21522) Pause Young (Allocation Failure) 14M->15M(15M) 10.558ms
[369.067s][info][gc] GC(21523) Pause Full (Allocation Failure) 15M->12M(15M) 38.958ms
[369.086s][info][gc] GC(21524) Pause Young (Allocation Failure) 14M->15M(15M) 14.056ms
[369.138s][info][gc] GC(21525) Pause Full (Allocation Failure) 15M->11M(15M) 51.970ms
[369.158s][info][gc] GC(21526) Pause Young (Allocation Failure) 14M->15M(15M) 14.748ms
[369.208s][info][gc] GC(21527) Pause Full (Allocation Failure) 15M->12M(15M) 49.922ms
[369.227s][info][gc] GC(21528) Pause Young (Allocation Failure) 14M->15M(15M) 14.230ms
[369.268s][info][gc] GC(21529) Pause Full (Allocation Failure) 15M->12M(15M) 41.204ms
[369.321s][info][gc] GC(21530) Pause Full (Allocation Failure) 15M->12M(15M) 43.322ms
[369.383s][info][gc] GC(21531) Pause Full (Allocation Failure) 15M->11M(15M) 50.871ms
[369.402s][info][gc] GC(21532) Pause Young (Allocation Failure) 14M->15M(15M) 14.339ms
[369.443s][info][gc] GC(21533) Pause Full (Allocation Failure) 15M->11M(15M) 40.451ms
[369.461s][info][gc] GC(21534) Pause Young (Allocation Failure) 14M->15M(15M) 13.057ms
[369.502s][info][gc] GC(21535) Pause Full (Allocation Failure) 15M->12M(15M) 41.285ms
[369.517s][info][gc] GC(21536) Pause Young (Allocation Failure) 14M->15M(15M) 10.325ms
[369.563s][info][gc] GC(21537) Pause Full (Allocation Failure) 15M->12M(15M) 45.279ms
[369.616s][info][gc] GC(21538) Pause Full (Allocation Failure) 15M->11M(15M) 43.012ms
[369.633s][info][gc] GC(21539) Pause Young (Allocation Failure) 14M->15M(15M) 14.149ms
[369.682s][info][gc] GC(21540) Pause Full (Allocation Failure) 15M->11M(15M) 48.520ms
[369.702s][info][gc] GC(21541) Pause Young (Allocation Failure) 14M->15M(15M) 14.938ms
[369.751s][info][gc] GC(21542) Pause Full (Allocation Failure) 15M->11M(15M) 48.903ms
[369.764s][info][gc] GC(21543) Pause Young (Allocation Failure) 14M->15M(15M) 9.440ms
[369.802s][info][gc] GC(21544) Pause Full (Allocation Failure) 15M->11M(15M) 37.488ms
[369.820s][info][gc] GC(21545) Pause Young (Allocation Failure) 14M->15M(15M) 12.959ms
[369.863s][info][gc] GC(21546) Pause Full (Allocation Failure) 15M->11M(15M) 42.932ms
[369.878s][info][gc] GC(21547) Pause Young (Allocation Failure) 14M->15M(15M) 11.724ms
[369.918s][info][gc] GC(21548) Pause Full (Allocation Failure) 15M->12M(15M) 40.685ms
[369.933s][info][gc] GC(21549) Pause Young (Allocation Failure) 14M->15M(15M) 10.638ms
[369.976s][info][gc] GC(21550) Pause Full (Allocation Failure) 15M->12M(15M) 43.535ms
[370.022s][info][gc] GC(21551) Pause Full (Allocation Failure) 15M->12M(15M) 37.865ms
[370.078s][info][gc] GC(21552) Pause Full (Allocation Failure) 15M->11M(15M) 44.534ms
[370.097s][info][gc] GC(21553) Pause Young (Allocation Failure) 14M->15M(15M) 14.488ms
[370.147s][info][gc] GC(21554) Pause Full (Allocation Failure) 15M->11M(15M) 49.651ms
[370.165s][info][gc] GC(21555) Pause Young (Allocation Failure) 14M->15M(15M) 13.786ms
[370.215s][info][gc] GC(21556) Pause Full (Allocation Failure) 15M->11M(15M) 49.410ms
[370.232s][info][gc] GC(21557) Pause Young (Allocation Failure) 14M->15M(15M) 13.206ms
[370.277s][info][gc] GC(21558) Pause Full (Allocation Failure) 15M->12M(15M) 45.216ms
[370.295s][info][gc] GC(21559) Pause Young (Allocation Failure) 14M->15M(15M) 13.165ms
[370.339s][info][gc] GC(21560) Pause Full (Allocation Failure) 15M->11M(15M) 43.891ms
[370.354s][info][gc] GC(21561) Pause Young (Allocation Failure) 14M->15M(15M) 10.893ms
[370.397s][info][gc] GC(21562) Pause Full (Allocation Failure) 15M->12M(15M) 42.253ms
[370.411s][info][gc] GC(21563) Pause Young (Allocation Failure) 14M->15M(15M) 10.630ms
[370.452s][info][gc] GC(21564) Pause Full (Allocation Failure) 15M->12M(15M) 41.135ms
[370.514s][info][gc] GC(21565) Pause Full (Allocation Failure) 15M->12M(15M) 48.721ms
[370.574s][info][gc] GC(21566) Pause Full (Allocation Failure) 15M->11M(15M) 50.096ms
[370.592s][info][gc] GC(21567) Pause Young (Allocation Failure) 14M->15M(15M) 14.276ms
[370.637s][info][gc] GC(21568) Pause Full (Allocation Failure) 15M->11M(15M) 44.923ms
[370.656s][info][gc] GC(21569) Pause Young (Allocation Failure) 14M->15M(15M) 14.212ms
[370.693s][info][gc] GC(21570) Pause Full (Allocation Failure) 15M->12M(15M) 36.489ms
[370.711s][info][gc] GC(21571) Pause Young (Allocation Failure) 14M->15M(15M) 12.839ms
[370.750s][info][gc] GC(21572) Pause Full (Allocation Failure) 15M->12M(15M) 39.667ms
[370.813s][info][gc] GC(21573) Pause Full (Allocation Failure) 15M->11M(15M) 51.363ms
[370.833s][info][gc] GC(21574) Pause Young (Allocation Failure) 14M->15M(15M) 14.323ms
[370.883s][info][gc] GC(21575) Pause Full (Allocation Failure) 15M->11M(15M) 50.266ms
[370.902s][info][gc] GC(21576) Pause Young (Allocation Failure) 14M->15M(15M) 13.590ms
[370.946s][info][gc] GC(21577) Pause Full (Allocation Failure) 15M->11M(15M) 44.394ms
[370.959s][info][gc] GC(21578) Pause Young (Allocation Failure) 14M->15M(15M) 9.816ms
[370.991s][info][gc] GC(21579) Pause Full (Allocation Failure) 15M->12M(15M) 32.336ms
[371.004s][info][gc] GC(21580) Pause Young (Allocation Failure) 14M->15M(15M) 9.207ms
[371.034s][info][gc] GC(21581) Pause Full (Allocation Failure) 15M->11M(15M) 30.675ms
[371.048s][info][gc] GC(21582) Pause Young (Allocation Failure) 14M->15M(15M) 10.424ms
[371.078s][info][gc] GC(21583) Pause Full (Allocation Failure) 15M->12M(15M) 29.825ms
[371.096s][info][gc] GC(21584) Pause Young (Allocation Failure) 14M->15M(15M) 15.563ms
[371.135s][info][gc] GC(21585) Pause Full (Allocation Failure) 15M->12M(15M) 38.181ms
[371.177s][info][gc] GC(21586) Pause Full (Allocation Failure) 15M->12M(15M) 34.576ms
[371.218s][info][gc] GC(21587) Pause Full (Allocation Failure) 15M->11M(15M) 35.078ms
[371.237s][info][gc] GC(21588) Pause Young (Allocation Failure) 14M->15M(15M) 13.551ms
[371.271s][info][gc] GC(21589) Pause Full (Allocation Failure) 15M->11M(15M) 34.843ms
[371.284s][info][gc] GC(21590) Pause Young (Allocation Failure) 14M->15M(15M) 9.358ms
[371.317s][info][gc] GC(21591) Pause Full (Allocation Failure) 15M->12M(15M) 32.975ms
[371.330s][info][gc] GC(21592) Pause Young (Allocation Failure) 14M->15M(15M) 9.001ms
[371.364s][info][gc] GC(21593) Pause Full (Allocation Failure) 15M->12M(15M) 33.905ms
[371.404s][info][gc] GC(21594) Pause Full (Allocation Failure) 15M->11M(15M) 32.624ms
[371.415s][info][gc] GC(21595) Pause Young (Allocation Failure) 14M->15M(15M) 8.833ms
[371.446s][info][gc] GC(21596) Pause Full (Allocation Failure) 15M->11M(15M) 30.545ms
[371.458s][info][gc] GC(21597) Pause Young (Allocation Failure) 14M->15M(15M) 8.544ms
[371.491s][info][gc] GC(21598) Pause Full (Allocation Failure) 15M->11M(15M) 32.684ms
[371.503s][info][gc] GC(21599) Pause Young (Allocation Failure) 14M->15M(15M) 8.561ms
[371.535s][info][gc] GC(21600) Pause Full (Allocation Failure) 15M->11M(15M) 32.543ms
[371.548s][info][gc] GC(21601) Pause Young (Allocation Failure) 14M->15M(15M) 9.421ms
[371.581s][info][gc] GC(21602) Pause Full (Allocation Failure) 15M->11M(15M) 32.880ms
[371.597s][info][gc] GC(21603) Pause Young (Allocation Failure) 14M->15M(15M) 13.110ms
[371.630s][info][gc] GC(21604) Pause Full (Allocation Failure) 15M->11M(15M) 33.373ms
[371.646s][info][gc] GC(21605) Pause Young (Allocation Failure) 14M->15M(15M) 12.459ms
[371.686s][info][gc] GC(21606) Pause Full (Allocation Failure) 15M->12M(15M) 40.535ms
[371.706s][info][gc] GC(21607) Pause Young (Allocation Failure) 14M->15M(15M) 14.745ms
[371.750s][info][gc] GC(21608) Pause Full (Allocation Failure) 15M->12M(15M) 44.576ms
[371.807s][info][gc] GC(21609) Pause Full (Allocation Failure) 15M->11M(15M) 50.364ms
[371.826s][info][gc] GC(21610) Pause Young (Allocation Failure) 14M->15M(15M) 14.391ms
[371.877s][info][gc] GC(21611) Pause Full (Allocation Failure) 15M->11M(15M) 50.825ms
[371.895s][info][gc] GC(21612) Pause Young (Allocation Failure) 14M->15M(15M) 12.217ms
[371.938s][info][gc] GC(21613) Pause Full (Allocation Failure) 15M->11M(15M) 42.888ms
[371.957s][info][gc] GC(21614) Pause Young (Allocation Failure) 14M->15M(15M) 15.480ms
[371.997s][info][gc] GC(21615) Pause Full (Allocation Failure) 15M->11M(15M) 40.639ms
[372.012s][info][gc] GC(21616) Pause Young (Allocation Failure) 14M->15M(15M) 11.176ms
[372.053s][info][gc] GC(21617) Pause Full (Allocation Failure) 15M->11M(15M) 41.095ms
[372.067s][info][gc] GC(21618) Pause Young (Allocation Failure) 14M->15M(15M) 9.762ms
[372.105s][info][gc] GC(21619) Pause Full (Allocation Failure) 15M->11M(15M) 37.688ms
[372.122s][info][gc] GC(21620) Pause Young (Allocation Failure) 14M->15M(15M) 12.869ms
[372.164s][info][gc] GC(21621) Pause Full (Allocation Failure) 15M->12M(15M) 41.960ms
[372.179s][info][gc] GC(21622) Pause Young (Allocation Failure) 14M->15M(15M) 10.481ms
[372.226s][info][gc] GC(21623) Pause Full (Allocation Failure) 15M->12M(15M) 47.074ms
[372.280s][info][gc] GC(21624) Pause Full (Allocation Failure) 15M->11M(15M) 43.325ms
[372.298s][info][gc] GC(21625) Pause Young (Allocation Failure) 14M->15M(15M) 14.156ms
[372.340s][info][gc] GC(21626) Pause Full (Allocation Failure) 15M->11M(15M) 41.917ms
[372.357s][info][gc] GC(21627) Pause Young (Allocation Failure) 14M->15M(15M) 14.469ms
[372.395s][info][gc] GC(21628) Pause Full (Allocation Failure) 15M->11M(15M) 37.605ms
[372.413s][info][gc] GC(21629) Pause Young (Allocation Failure) 14M->15M(15M) 12.426ms
[372.447s][info][gc] GC(21630) Pause Full (Allocation Failure) 15M->12M(15M) 34.684ms
[372.466s][info][gc] GC(21631) Pause Young (Allocation Failure) 14M->15M(15M) 14.152ms
[372.507s][info][gc] GC(21632) Pause Full (Allocation Failure) 15M->11M(15M) 41.802ms
[372.522s][info][gc] GC(21633) Pause Young (Allocation Failure) 14M->15M(15M) 10.133ms
[372.560s][info][gc] GC(21634) Pause Full (Allocation Failure) 15M->11M(15M) 37.954ms
[372.577s][info][gc] GC(21635) Pause Young (Allocation Failure) 14M->15M(15M) 13.919ms
[372.626s][info][gc] GC(21636) Pause Full (Allocation Failure) 15M->11M(15M) 48.577ms
[372.645s][info][gc] GC(21637) Pause Young (Allocation Failure) 14M->15M(15M) 14.159ms
[372.696s][info][gc] GC(21638) Pause Full (Allocation Failure) 15M->12M(15M) 50.997ms
[372.717s][info][gc] GC(21639) Pause Young (Allocation Failure) 14M->15M(15M) 15.650ms
[372.763s][info][gc] GC(21640) Pause Full (Allocation Failure) 15M->11M(15M) 46.687ms
[372.778s][info][gc] GC(21641) Pause Young (Allocation Failure) 14M->15M(15M) 9.976ms
[372.819s][info][gc] GC(21642) Pause Full (Allocation Failure) 15M->12M(15M) 40.270ms
[372.836s][info][gc] GC(21643) Pause Young (Allocation Failure) 14M->15M(15M) 12.771ms
[372.879s][info][gc] GC(21644) Pause Full (Allocation Failure) 15M->12M(15M) 42.238ms
[372.928s][info][gc] GC(21645) Pause Full (Allocation Failure) 15M->12M(15M) 42.182ms
[372.984s][info][gc] GC(21646) Pause Full (Allocation Failure) 15M->11M(15M) 45.985ms
[373.003s][info][gc] GC(21647) Pause Young (Allocation Failure) 14M->15M(15M) 13.967ms
[373.039s][info][gc] GC(21648) Pause Full (Allocation Failure) 15M->11M(15M) 36.432ms
[373.058s][info][gc] GC(21649) Pause Young (Allocation Failure) 14M->15M(15M) 14.457ms
[373.098s][info][gc] GC(21650) Pause Full (Allocation Failure) 15M->12M(15M) 40.164ms
[373.114s][info][gc] GC(21651) Pause Young (Allocation Failure) 14M->15M(15M) 11.057ms
[373.158s][info][gc] GC(21652) Pause Full (Allocation Failure) 15M->12M(15M) 43.325ms
[373.211s][info][gc] GC(21653) Pause Full (Allocation Failure) 15M->11M(15M) 41.128ms
[373.227s][info][gc] GC(21654) Pause Young (Allocation Failure) 14M->15M(15M) 11.825ms
[373.263s][info][gc] GC(21655) Pause Full (Allocation Failure) 15M->11M(15M) 35.546ms
[373.284s][info][gc] GC(21656) Pause Young (Allocation Failure) 14M->15M(15M) 15.132ms
[373.317s][info][gc] GC(21657) Pause Full (Allocation Failure) 15M->11M(15M) 33.042ms
[373.330s][info][gc] GC(21658) Pause Young (Allocation Failure) 14M->15M(15M) 10.243ms
[373.362s][info][gc] GC(21659) Pause Full (Allocation Failure) 15M->12M(15M) 31.234ms
[373.374s][info][gc] GC(21660) Pause Young (Allocation Failure) 14M->15M(15M) 9.695ms
[373.408s][info][gc] GC(21661) Pause Full (Allocation Failure) 15M->11M(15M) 33.779ms
[373.421s][info][gc] GC(21662) Pause Young (Allocation Failure) 14M->15M(15M) 9.506ms
[373.452s][info][gc] GC(21663) Pause Full (Allocation Failure) 15M->11M(15M) 31.651ms
[373.465s][info][gc] GC(21664) Pause Young (Allocation Failure) 14M->15M(15M) 9.983ms
[373.497s][info][gc] GC(21665) Pause Full (Allocation Failure) 15M->12M(15M) 31.374ms
[373.510s][info][gc] GC(21666) Pause Young (Allocation Failure) 14M->15M(15M) 10.170ms
[373.543s][info][gc] GC(21667) Pause Full (Allocation Failure) 15M->12M(15M) 32.535ms
[373.584s][info][gc] GC(21668) Pause Full (Allocation Failure) 15M->11M(15M) 33.871ms
[373.596s][info][gc] GC(21669) Pause Young (Allocation Failure) 14M->15M(15M) 9.518ms
[373.629s][info][gc] GC(21670) Pause Full (Allocation Failure) 15M->11M(15M) 32.282ms
[373.641s][info][gc] GC(21671) Pause Young (Allocation Failure) 14M->15M(15M) 8.867ms
[373.675s][info][gc] GC(21672) Pause Full (Allocation Failure) 15M->12M(15M) 34.596ms
[373.692s][info][gc] GC(21673) Pause Young (Allocation Failure) 14M->15M(15M) 13.801ms
[373.733s][info][gc] GC(21674) Pause Full (Allocation Failure) 15M->12M(15M) 40.463ms
[373.746s][info][gc] GC(21675) Pause Young (Allocation Failure) 14M->15M(15M) 9.800ms
[373.783s][info][gc] GC(21676) Pause Full (Allocation Failure) 15M->11M(15M) 37.202ms
[373.796s][info][gc] GC(21677) Pause Young (Allocation Failure) 14M->15M(15M) 10.619ms
[373.830s][info][gc] GC(21678) Pause Full (Allocation Failure) 15M->11M(15M) 33.907ms
[373.844s][info][gc] GC(21679) Pause Young (Allocation Failure) 14M->15M(15M) 10.254ms
[373.879s][info][gc] GC(21680) Pause Full (Allocation Failure) 15M->11M(15M) 35.014ms
[373.893s][info][gc] GC(21681) Pause Young (Allocation Failure) 14M->15M(15M) 9.541ms
[373.926s][info][gc] GC(21682) Pause Full (Allocation Failure) 15M->12M(15M) 32.465ms
[373.938s][info][gc] GC(21683) Pause Young (Allocation Failure) 14M->15M(15M) 8.861ms
[373.970s][info][gc] GC(21684) Pause Full (Allocation Failure) 15M->11M(15M) 32.720ms
[373.983s][info][gc] GC(21685) Pause Young (Allocation Failure) 14M->15M(15M) 9.785ms
[374.014s][info][gc] GC(21686) Pause Full (Allocation Failure) 15M->11M(15M) 30.622ms
[374.027s][info][gc] GC(21687) Pause Young (Allocation Failure) 14M->15M(15M) 9.381ms
[374.058s][info][gc] GC(21688) Pause Full (Allocation Failure) 15M->12M(15M) 31.144ms
[374.071s][info][gc] GC(21689) Pause Young (Allocation Failure) 14M->15M(15M) 9.614ms
[374.109s][info][gc] GC(21690) Pause Full (Allocation Failure) 15M->12M(15M) 38.308ms
[374.153s][info][gc] GC(21691) Pause Full (Allocation Failure) 15M->11M(15M) 37.104ms
[374.166s][info][gc] GC(21692) Pause Young (Allocation Failure) 14M->15M(15M) 9.804ms
[374.202s][info][gc] GC(21693) Pause Full (Allocation Failure) 15M->11M(15M) 35.057ms
[374.216s][info][gc] GC(21694) Pause Young (Allocation Failure) 14M->15M(15M) 10.986ms
[374.262s][info][gc] GC(21695) Pause Full (Allocation Failure) 15M->11M(15M) 45.282ms
[374.276s][info][gc] GC(21696) Pause Young (Allocation Failure) 14M->15M(15M) 9.544ms
[374.311s][info][gc] GC(21697) Pause Full (Allocation Failure) 15M->12M(15M) 35.222ms
[374.327s][info][gc] GC(21698) Pause Young (Allocation Failure) 14M->15M(15M) 10.755ms
[374.363s][info][gc] GC(21699) Pause Full (Allocation Failure) 15M->11M(15M) 35.611ms
[374.377s][info][gc] GC(21700) Pause Young (Allocation Failure) 14M->15M(15M) 9.023ms
[374.410s][info][gc] GC(21701) Pause Full (Allocation Failure) 15M->12M(15M) 33.127ms
[374.425s][info][gc] GC(21702) Pause Young (Allocation Failure) 14M->15M(15M) 9.816ms
[374.458s][info][gc] GC(21703) Pause Full (Allocation Failure) 15M->12M(15M) 32.966ms
[374.501s][info][gc] GC(21704) Pause Full (Allocation Failure) 15M->12M(15M) 33.572ms
[374.546s][info][gc] GC(21705) Pause Full (Allocation Failure) 15M->11M(15M) 34.971ms
[374.558s][info][gc] GC(21706) Pause Young (Allocation Failure) 14M->15M(15M) 9.678ms
[374.592s][info][gc] GC(21707) Pause Full (Allocation Failure) 15M->11M(15M) 33.786ms
[374.606s][info][gc] GC(21708) Pause Young (Allocation Failure) 14M->15M(15M) 11.280ms
[374.639s][info][gc] GC(21709) Pause Full (Allocation Failure) 15M->11M(15M) 32.588ms
[374.653s][info][gc] GC(21710) Pause Young (Allocation Failure) 14M->15M(15M) 9.760ms
[374.688s][info][gc] GC(21711) Pause Full (Allocation Failure) 15M->12M(15M) 35.096ms
[374.705s][info][gc] GC(21712) Pause Young (Allocation Failure) 14M->15M(15M) 11.825ms
[374.736s][info][gc] GC(21713) Pause Full (Allocation Failure) 15M->11M(15M) 30.990ms
[374.752s][info][gc] GC(21714) Pause Young (Allocation Failure) 14M->15M(15M) 11.012ms
[374.788s][info][gc] GC(21715) Pause Full (Allocation Failure) 15M->12M(15M) 36.125ms
[374.810s][info][gc] GC(21716) Pause Young (Allocation Failure) 14M->15M(15M) 17.062ms
[374.850s][info][gc] GC(21717) Pause Full (Allocation Failure) 15M->12M(15M) 39.587ms
[374.901s][info][gc] GC(21718) Pause Full (Allocation Failure) 15M->12M(15M) 38.949ms
[374.946s][info][gc] GC(21719) Pause Full (Allocation Failure) 15M->11M(15M) 33.721ms
[374.958s][info][gc] GC(21720) Pause Young (Allocation Failure) 14M->15M(15M) 9.539ms
[374.991s][info][gc] GC(21721) Pause Full (Allocation Failure) 15M->11M(15M) 32.721ms
[375.005s][info][gc] GC(21722) Pause Young (Allocation Failure) 14M->15M(15M) 9.336ms
[375.039s][info][gc] GC(21723) Pause Full (Allocation Failure) 15M->12M(15M) 33.387ms
[375.053s][info][gc] GC(21724) Pause Young (Allocation Failure) 14M->15M(15M) 11.153ms
[375.087s][info][gc] GC(21725) Pause Full (Allocation Failure) 15M->12M(15M) 34.043ms
[375.138s][info][gc] GC(21726) Pause Full (Allocation Failure) 15M->11M(15M) 40.265ms
[375.157s][info][gc] GC(21727) Pause Young (Allocation Failure) 14M->15M(15M) 14.201ms
[375.195s][info][gc] GC(21728) Pause Full (Allocation Failure) 15M->11M(15M) 37.615ms
[375.215s][info][gc] GC(21729) Pause Young (Allocation Failure) 14M->15M(15M) 14.373ms
[375.253s][info][gc] GC(21730) Pause Full (Allocation Failure) 15M->11M(15M) 38.224ms
[375.269s][info][gc] GC(21731) Pause Young (Allocation Failure) 14M->15M(15M) 11.168ms
[375.303s][info][gc] GC(21732) Pause Full (Allocation Failure) 15M->12M(15M) 33.782ms
[375.316s][info][gc] GC(21733) Pause Young (Allocation Failure) 14M->15M(15M) 10.170ms
[375.349s][info][gc] GC(21734) Pause Full (Allocation Failure) 15M->11M(15M) 32.531ms
[375.364s][info][gc] GC(21735) Pause Young (Allocation Failure) 14M->15M(15M) 9.966ms
[375.394s][info][gc] GC(21736) Pause Full (Allocation Failure) 15M->12M(15M) 30.829ms
[375.410s][info][gc] GC(21737) Pause Young (Allocation Failure) 14M->15M(15M) 12.618ms
[375.445s][info][gc] GC(21738) Pause Full (Allocation Failure) 15M->12M(15M) 34.933ms
[375.500s][info][gc] GC(21739) Pause Full (Allocation Failure) 15M->12M(15M) 43.830ms
[375.550s][info][gc] GC(21740) Pause Full (Allocation Failure) 15M->11M(15M) 42.371ms
[375.565s][info][gc] GC(21741) Pause Young (Allocation Failure) 14M->15M(15M) 10.145ms
[375.604s][info][gc] GC(21742) Pause Full (Allocation Failure) 15M->11M(15M) 38.949ms
[375.619s][info][gc] GC(21743) Pause Young (Allocation Failure) 14M->15M(15M) 10.832ms
[375.667s][info][gc] GC(21744) Pause Full (Allocation Failure) 15M->12M(15M) 47.643ms
[375.717s][info][gc] GC(21745) Pause Full (Allocation Failure) 15M->12M(15M) 42.116ms
[375.763s][info][gc] GC(21746) Pause Full (Allocation Failure) 15M->11M(15M) 36.033ms
[375.780s][info][gc] GC(21747) Pause Young (Allocation Failure) 14M->15M(15M) 13.499ms
[375.816s][info][gc] GC(21748) Pause Full (Allocation Failure) 15M->11M(15M) 35.908ms
[375.832s][info][gc] GC(21749) Pause Young (Allocation Failure) 14M->15M(15M) 11.583ms
[375.867s][info][gc] GC(21750) Pause Full (Allocation Failure) 15M->12M(15M) 34.825ms
[375.881s][info][gc] GC(21751) Pause Young (Allocation Failure) 14M->15M(15M) 10.418ms
[375.913s][info][gc] GC(21752) Pause Full (Allocation Failure) 15M->12M(15M) 32.553ms
[375.956s][info][gc] GC(21753) Pause Full (Allocation Failure) 15M->11M(15M) 34.873ms
[375.969s][info][gc] GC(21754) Pause Young (Allocation Failure) 14M->15M(15M) 10.048ms
[376.000s][info][gc] GC(21755) Pause Full (Allocation Failure) 15M->11M(15M) 30.719ms
[376.013s][info][gc] GC(21756) Pause Young (Allocation Failure) 14M->15M(15M) 10.279ms
[376.046s][info][gc] GC(21757) Pause Full (Allocation Failure) 15M->11M(15M) 33.419ms
[376.059s][info][gc] GC(21758) Pause Young (Allocation Failure) 14M->15M(15M) 9.314ms
[376.092s][info][gc] GC(21759) Pause Full (Allocation Failure) 15M->12M(15M) 32.665ms
[376.104s][info][gc] GC(21760) Pause Young (Allocation Failure) 14M->15M(15M) 9.440ms
[376.139s][info][gc] GC(21761) Pause Full (Allocation Failure) 15M->11M(15M) 34.551ms
[376.154s][info][gc] GC(21762) Pause Young (Allocation Failure) 14M->15M(15M) 11.272ms
[376.184s][info][gc] GC(21763) Pause Full (Allocation Failure) 15M->11M(15M) 29.973ms
[376.196s][info][gc] GC(21764) Pause Young (Allocation Failure) 14M->15M(15M) 9.433ms
[376.227s][info][gc] GC(21765) Pause Full (Allocation Failure) 15M->11M(15M) 30.594ms
[376.239s][info][gc] GC(21766) Pause Young (Allocation Failure) 14M->15M(15M) 8.561ms
[376.272s][info][gc] GC(21767) Pause Full (Allocation Failure) 15M->12M(15M) 32.940ms
[376.284s][info][gc] GC(21768) Pause Young (Allocation Failure) 14M->15M(15M) 9.119ms
[376.319s][info][gc] GC(21769) Pause Full (Allocation Failure) 15M->11M(15M) 34.651ms
[376.333s][info][gc] GC(21770) Pause Young (Allocation Failure) 14M->15M(15M) 10.499ms
[376.365s][info][gc] GC(21771) Pause Full (Allocation Failure) 15M->12M(15M) 31.985ms
[376.406s][info][gc] GC(21772) Pause Full (Allocation Failure) 15M->12M(15M) 34.267ms
[376.467s][info][gc] GC(21773) Pause Full (Allocation Failure) 15M->12M(15M) 51.466ms
[376.515s][info][gc] GC(21774) Pause Full (Allocation Failure) 15M->11M(15M) 41.395ms
[376.538s][info][gc] GC(21775) Pause Young (Allocation Failure) 14M->15M(15M) 15.971ms
[376.572s][info][gc] GC(21776) Pause Full (Allocation Failure) 15M->11M(15M) 33.966ms
[376.585s][info][gc] GC(21777) Pause Young (Allocation Failure) 14M->15M(15M) 9.796ms
[376.620s][info][gc] GC(21778) Pause Full (Allocation Failure) 15M->12M(15M) 34.228ms
[376.632s][info][gc] GC(21779) Pause Young (Allocation Failure) 14M->15M(15M) 8.809ms
[376.663s][info][gc] GC(21780) Pause Full (Allocation Failure) 15M->12M(15M) 31.138ms
[376.676s][info][gc] GC(21781) Pause Young (Allocation Failure) 14M->15M(15M) 9.476ms
[376.710s][info][gc] GC(21782) Pause Full (Allocation Failure) 15M->11M(15M) 34.011ms
[376.722s][info][gc] GC(21783) Pause Young (Allocation Failure) 14M->15M(15M) 9.379ms
[376.764s][info][gc] GC(21784) Pause Full (Allocation Failure) 15M->11M(15M) 41.119ms
[376.777s][info][gc] GC(21785) Pause Young (Allocation Failure) 14M->15M(15M) 10.733ms
[376.811s][info][gc] GC(21786) Pause Full (Allocation Failure) 15M->11M(15M) 33.429ms
[376.825s][info][gc] GC(21787) Pause Young (Allocation Failure) 14M->15M(15M) 10.072ms
[376.863s][info][gc] GC(21788) Pause Full (Allocation Failure) 15M->12M(15M) 37.383ms
[376.905s][info][gc] GC(21789) Pause Full (Allocation Failure) 15M->11M(15M) 35.103ms
[376.917s][info][gc] GC(21790) Pause Young (Allocation Failure) 14M->15M(15M) 9.017ms
[376.954s][info][gc] GC(21791) Pause Full (Allocation Failure) 15M->11M(15M) 36.997ms
[376.966s][info][gc] GC(21792) Pause Young (Allocation Failure) 14M->15M(15M) 9.082ms
[376.999s][info][gc] GC(21793) Pause Full (Allocation Failure) 15M->12M(15M) 32.912ms
[377.012s][info][gc] GC(21794) Pause Young (Allocation Failure) 14M->15M(15M) 9.864ms
[377.045s][info][gc] GC(21795) Pause Full (Allocation Failure) 15M->12M(15M) 32.702ms
[377.085s][info][gc] GC(21796) Pause Full (Allocation Failure) 15M->11M(15M) 32.003ms
[377.097s][info][gc] GC(21797) Pause Young (Allocation Failure) 14M->15M(15M) 9.163ms
[377.130s][info][gc] GC(21798) Pause Full (Allocation Failure) 15M->11M(15M) 32.786ms
[377.142s][info][gc] GC(21799) Pause Young (Allocation Failure) 14M->15M(15M) 8.518ms
[377.174s][info][gc] GC(21800) Pause Full (Allocation Failure) 15M->11M(15M) 31.676ms
[377.186s][info][gc] GC(21801) Pause Young (Allocation Failure) 14M->15M(15M) 9.531ms
[377.220s][info][gc] GC(21802) Pause Full (Allocation Failure) 15M->12M(15M) 33.538ms
[377.234s][info][gc] GC(21803) Pause Young (Allocation Failure) 14M->15M(15M) 10.252ms
[377.268s][info][gc] GC(21804) Pause Full (Allocation Failure) 15M->11M(15M) 33.069ms
[377.281s][info][gc] GC(21805) Pause Young (Allocation Failure) 14M->15M(15M) 9.372ms
[377.312s][info][gc] GC(21806) Pause Full (Allocation Failure) 15M->12M(15M) 30.784ms
[377.326s][info][gc] GC(21807) Pause Young (Allocation Failure) 14M->15M(15M) 10.450ms
[377.356s][info][gc] GC(21808) Pause Full (Allocation Failure) 15M->12M(15M) 30.770ms
[377.395s][info][gc] GC(21809) Pause Full (Allocation Failure) 15M->12M(15M) 31.445ms
[377.434s][info][gc] GC(21810) Pause Full (Allocation Failure) 15M->11M(15M) 31.870ms
[377.447s][info][gc] GC(21811) Pause Young (Allocation Failure) 14M->15M(15M) 8.907ms
[377.479s][info][gc] GC(21812) Pause Full (Allocation Failure) 15M->11M(15M) 31.976ms
[377.493s][info][gc] GC(21813) Pause Young (Allocation Failure) 14M->15M(15M) 10.750ms
[377.524s][info][gc] GC(21814) Pause Full (Allocation Failure) 15M->12M(15M) 30.968ms
[377.537s][info][gc] GC(21815) Pause Young (Allocation Failure) 14M->15M(15M) 9.683ms
[377.572s][info][gc] GC(21816) Pause Full (Allocation Failure) 15M->12M(15M) 35.051ms
[377.614s][info][gc] GC(21817) Pause Full (Allocation Failure) 15M->11M(15M) 32.152ms
[377.626s][info][gc] GC(21818) Pause Young (Allocation Failure) 14M->15M(15M) 9.601ms
[377.659s][info][gc] GC(21819) Pause Full (Allocation Failure) 15M->11M(15M) 32.729ms
[377.672s][info][gc] GC(21820) Pause Young (Allocation Failure) 14M->15M(15M) 9.030ms
[377.708s][info][gc] GC(21821) Pause Full (Allocation Failure) 15M->11M(15M) 35.738ms
[377.720s][info][gc] GC(21822) Pause Young (Allocation Failure) 14M->15M(15M) 8.867ms
[377.751s][info][gc] GC(21823) Pause Full (Allocation Failure) 15M->12M(15M) 31.677ms
[377.764s][info][gc] GC(21824) Pause Young (Allocation Failure) 14M->15M(15M) 9.635ms
[377.795s][info][gc] GC(21825) Pause Full (Allocation Failure) 15M->11M(15M) 30.745ms
[377.811s][info][gc] GC(21826) Pause Young (Allocation Failure) 14M->15M(15M) 10.163ms
[377.847s][info][gc] GC(21827) Pause Full (Allocation Failure) 15M->12M(15M) 36.050ms
[377.864s][info][gc] GC(21828) Pause Young (Allocation Failure) 14M->15M(15M) 13.166ms
[377.901s][info][gc] GC(21829) Pause Full (Allocation Failure) 15M->12M(15M) 36.271ms
[377.941s][info][gc] GC(21830) Pause Full (Allocation Failure) 15M->12M(15M) 34.606ms
[377.981s][info][gc] GC(21831) Pause Full (Allocation Failure) 15M->11M(15M) 33.496ms
[377.994s][info][gc] GC(21832) Pause Young (Allocation Failure) 14M->15M(15M) 10.630ms
[378.025s][info][gc] GC(21833) Pause Full (Allocation Failure) 15M->11M(15M) 30.586ms
[378.037s][info][gc] GC(21834) Pause Young (Allocation Failure) 14M->15M(15M) 9.528ms
[378.070s][info][gc] GC(21835) Pause Full (Allocation Failure) 15M->12M(15M) 32.793ms
[378.128s][info][gc] GC(21836) Pause Full (Allocation Failure) 15M->12M(15M) 46.690ms
[378.176s][info][gc] GC(21837) Pause Full (Allocation Failure) 15M->11M(15M) 37.008ms
[378.194s][info][gc] GC(21838) Pause Young (Allocation Failure) 14M->15M(15M) 13.031ms
[378.235s][info][gc] GC(21839) Pause Full (Allocation Failure) 15M->11M(15M) 41.426ms
[378.253s][info][gc] GC(21840) Pause Young (Allocation Failure) 14M->15M(15M) 12.188ms
[378.291s][info][gc] GC(21841) Pause Full (Allocation Failure) 15M->12M(15M) 38.109ms
[378.339s][info][gc] GC(21842) Pause Full (Allocation Failure) 15M->12M(15M) 38.567ms
[378.381s][info][gc] GC(21843) Pause Full (Allocation Failure) 15M->11M(15M) 35.162ms
[378.394s][info][gc] GC(21844) Pause Young (Allocation Failure) 14M->15M(15M) 9.364ms
[378.428s][info][gc] GC(21845) Pause Full (Allocation Failure) 15M->11M(15M) 34.297ms
[378.441s][info][gc] GC(21846) Pause Young (Allocation Failure) 14M->15M(15M) 9.812ms
[378.474s][info][gc] GC(21847) Pause Full (Allocation Failure) 15M->12M(15M) 32.499ms
[378.486s][info][gc] GC(21848) Pause Young (Allocation Failure) 14M->15M(15M) 9.333ms
[378.522s][info][gc] GC(21849) Pause Full (Allocation Failure) 15M->12M(15M) 35.519ms
[378.570s][info][gc] GC(21850) Pause Full (Allocation Failure) 15M->11M(15M) 39.967ms
[378.587s][info][gc] GC(21851) Pause Young (Allocation Failure) 14M->15M(15M) 13.295ms
[378.620s][info][gc] GC(21852) Pause Full (Allocation Failure) 15M->11M(15M) 32.818ms
[378.634s][info][gc] GC(21853) Pause Young (Allocation Failure) 14M->15M(15M) 9.735ms
[378.665s][info][gc] GC(21854) Pause Full (Allocation Failure) 15M->12M(15M) 30.823ms
[378.677s][info][gc] GC(21855) Pause Young (Allocation Failure) 14M->15M(15M) 9.629ms
[378.713s][info][gc] GC(21856) Pause Full (Allocation Failure) 15M->12M(15M) 35.860ms
[378.753s][info][gc] GC(21857) Pause Full (Allocation Failure) 15M->11M(15M) 33.914ms
[378.766s][info][gc] GC(21858) Pause Young (Allocation Failure) 14M->15M(15M) 10.185ms
[378.800s][info][gc] GC(21859) Pause Full (Allocation Failure) 15M->11M(15M) 33.572ms
[378.813s][info][gc] GC(21860) Pause Young (Allocation Failure) 14M->15M(15M) 9.505ms
[378.844s][info][gc] GC(21861) Pause Full (Allocation Failure) 15M->12M(15M) 30.870ms
[378.859s][info][gc] GC(21862) Pause Young (Allocation Failure) 14M->15M(15M) 11.697ms
[378.893s][info][gc] GC(21863) Pause Full (Allocation Failure) 15M->12M(15M) 34.422ms
[378.935s][info][gc] GC(21864) Pause Full (Allocation Failure) 15M->11M(15M) 35.658ms
[378.949s][info][gc] GC(21865) Pause Young (Allocation Failure) 14M->15M(15M) 11.129ms
[378.981s][info][gc] GC(21866) Pause Full (Allocation Failure) 15M->11M(15M) 32.089ms
[378.995s][info][gc] GC(21867) Pause Young (Allocation Failure) 14M->15M(15M) 9.303ms
[379.028s][info][gc] GC(21868) Pause Full (Allocation Failure) 15M->12M(15M) 33.003ms
[379.040s][info][gc] GC(21869) Pause Young (Allocation Failure) 14M->15M(15M) 8.937ms
[379.071s][info][gc] GC(21870) Pause Full (Allocation Failure) 15M->12M(15M) 30.915ms
[379.113s][info][gc] GC(21871) Pause Full (Allocation Failure) 15M->11M(15M) 34.442ms
[379.125s][info][gc] GC(21872) Pause Young (Allocation Failure) 14M->15M(15M) 8.727ms
[379.159s][info][gc] GC(21873) Pause Full (Allocation Failure) 15M->11M(15M) 33.277ms
[379.171s][info][gc] GC(21874) Pause Young (Allocation Failure) 14M->15M(15M) 9.520ms
[379.204s][info][gc] GC(21875) Pause Full (Allocation Failure) 15M->12M(15M) 33.243ms
[379.219s][info][gc] GC(21876) Pause Young (Allocation Failure) 14M->15M(15M) 9.656ms
[379.259s][info][gc] GC(21877) Pause Full (Allocation Failure) 15M->12M(15M) 40.371ms
[379.302s][info][gc] GC(21878) Pause Full (Allocation Failure) 15M->11M(15M) 32.968ms
[379.315s][info][gc] GC(21879) Pause Young (Allocation Failure) 14M->15M(15M) 9.777ms
[379.347s][info][gc] GC(21880) Pause Full (Allocation Failure) 15M->11M(15M) 31.817ms
[379.359s][info][gc] GC(21881) Pause Young (Allocation Failure) 14M->15M(15M) 9.930ms
[379.390s][info][gc] GC(21882) Pause Full (Allocation Failure) 15M->12M(15M) 30.246ms
[379.404s][info][gc] GC(21883) Pause Young (Allocation Failure) 14M->15M(15M) 10.722ms
[379.436s][info][gc] GC(21884) Pause Full (Allocation Failure) 15M->12M(15M) 31.846ms
[379.448s][info][gc] GC(21885) Pause Young (Allocation Failure) 14M->15M(15M) 8.787ms
[379.482s][info][gc] GC(21886) Pause Full (Allocation Failure) 15M->11M(15M) 34.166ms
[379.495s][info][gc] GC(21887) Pause Young (Allocation Failure) 14M->15M(15M) 9.752ms
[379.526s][info][gc] GC(21888) Pause Full (Allocation Failure) 15M->12M(15M) 31.771ms
[379.540s][info][gc] GC(21889) Pause Young (Allocation Failure) 14M->15M(15M) 10.075ms
[379.572s][info][gc] GC(21890) Pause Full (Allocation Failure) 15M->12M(15M) 31.904ms
[379.611s][info][gc] GC(21891) Pause Full (Allocation Failure) 15M->12M(15M) 33.530ms
[379.649s][info][gc] GC(21892) Pause Full (Allocation Failure) 15M->11M(15M) 31.790ms
[379.662s][info][gc] GC(21893) Pause Young (Allocation Failure) 14M->15M(15M) 9.491ms
[379.695s][info][gc] GC(21894) Pause Full (Allocation Failure) 15M->11M(15M) 33.001ms
[379.708s][info][gc] GC(21895) Pause Young (Allocation Failure) 14M->15M(15M) 9.246ms
[379.740s][info][gc] GC(21896) Pause Full (Allocation Failure) 15M->11M(15M) 31.986ms
[379.752s][info][gc] GC(21897) Pause Young (Allocation Failure) 14M->15M(15M) 9.096ms
[379.785s][info][gc] GC(21898) Pause Full (Allocation Failure) 15M->12M(15M) 33.117ms
[379.798s][info][gc] GC(21899) Pause Young (Allocation Failure) 14M->15M(15M) 9.727ms
[379.831s][info][gc] GC(21900) Pause Full (Allocation Failure) 15M->11M(15M) 32.573ms
[379.849s][info][gc] GC(21901) Pause Young (Allocation Failure) 14M->15M(15M) 13.812ms
[379.891s][info][gc] GC(21902) Pause Full (Allocation Failure) 15M->12M(15M) 41.810ms
[379.933s][info][gc] GC(21903) Pause Full (Allocation Failure) 15M->12M(15M) 34.582ms
[379.972s][info][gc] GC(21904) Pause Full (Allocation Failure) 15M->12M(15M) 33.198ms
[380.012s][info][gc] GC(21905) Pause Full (Allocation Failure) 15M->11M(15M) 34.733ms
[380.024s][info][gc] GC(21906) Pause Young (Allocation Failure) 14M->15M(15M) 9.017ms
[380.055s][info][gc] GC(21907) Pause Full (Allocation Failure) 15M->11M(15M) 30.546ms
[380.070s][info][gc] GC(21908) Pause Young (Allocation Failure) 14M->15M(15M) 11.625ms
[380.103s][info][gc] GC(21909) Pause Full (Allocation Failure) 15M->12M(15M) 33.274ms
[380.115s][info][gc] GC(21910) Pause Young (Allocation Failure) 14M->15M(15M) 9.400ms
[380.150s][info][gc] GC(21911) Pause Full (Allocation Failure) 15M->12M(15M) 34.603ms
[380.189s][info][gc] GC(21912) Pause Full (Allocation Failure) 15M->11M(15M) 31.925ms
[380.203s][info][gc] GC(21913) Pause Young (Allocation Failure) 14M->15M(15M) 10.990ms
[380.238s][info][gc] GC(21914) Pause Full (Allocation Failure) 15M->11M(15M) 35.007ms
[380.254s][info][gc] GC(21915) Pause Young (Allocation Failure) 14M->15M(15M) 10.975ms
[380.293s][info][gc] GC(21916) Pause Full (Allocation Failure) 15M->12M(15M) 39.152ms
[380.306s][info][gc] GC(21917) Pause Young (Allocation Failure) 14M->15M(15M) 9.469ms
[380.337s][info][gc] GC(21918) Pause Full (Allocation Failure) 15M->12M(15M) 31.141ms
[380.379s][info][gc] GC(21919) Pause Full (Allocation Failure) 15M->11M(15M) 36.250ms
[380.393s][info][gc] GC(21920) Pause Young (Allocation Failure) 14M->15M(15M) 10.938ms
[380.427s][info][gc] GC(21921) Pause Full (Allocation Failure) 15M->11M(15M) 33.256ms
[380.440s][info][gc] GC(21922) Pause Young (Allocation Failure) 14M->15M(15M) 10.457ms
[380.474s][info][gc] GC(21923) Pause Full (Allocation Failure) 15M->12M(15M) 33.922ms
[380.487s][info][gc] GC(21924) Pause Young (Allocation Failure) 14M->15M(15M) 9.347ms
[380.519s][info][gc] GC(21925) Pause Full (Allocation Failure) 15M->12M(15M) 31.413ms
[380.532s][info][gc] GC(21926) Pause Young (Allocation Failure) 14M->15M(15M) 10.790ms
[380.566s][info][gc] GC(21927) Pause Full (Allocation Failure) 15M->11M(15M) 33.655ms
[380.578s][info][gc] GC(21928) Pause Young (Allocation Failure) 14M->15M(15M) 9.049ms
[380.619s][info][gc] GC(21929) Pause Full (Allocation Failure) 15M->11M(15M) 40.245ms
[380.632s][info][gc] GC(21930) Pause Young (Allocation Failure) 14M->15M(15M) 9.521ms
[380.668s][info][gc] GC(21931) Pause Full (Allocation Failure) 15M->11M(15M) 35.218ms
[380.684s][info][gc] GC(21932) Pause Young (Allocation Failure) 14M->15M(15M) 11.959ms
[380.719s][info][gc] GC(21933) Pause Full (Allocation Failure) 15M->12M(15M) 34.913ms
[380.760s][info][gc] GC(21934) Pause Full (Allocation Failure) 15M->12M(15M) 34.073ms
[380.772s][info][gc] GC(21935) Pause Young (Allocation Failure) 14M->15M(15M) 8.767ms
[380.805s][info][gc] GC(21936) Pause Full (Allocation Failure) 15M->11M(15M) 33.081ms
[380.820s][info][gc] GC(21937) Pause Young (Allocation Failure) 14M->15M(15M) 10.058ms
[380.857s][info][gc] GC(21938) Pause Full (Allocation Failure) 15M->12M(15M) 37.301ms
[380.902s][info][gc] GC(21939) Pause Full (Allocation Failure) 15M->12M(15M) 37.631ms
[380.940s][info][gc] GC(21940) Pause Full (Allocation Failure) 15M->11M(15M) 31.566ms
[380.953s][info][gc] GC(21941) Pause Young (Allocation Failure) 14M->15M(15M) 9.953ms
[380.987s][info][gc] GC(21942) Pause Full (Allocation Failure) 15M->11M(15M) 33.835ms
[381.000s][info][gc] GC(21943) Pause Young (Allocation Failure) 14M->15M(15M) 9.446ms
[381.034s][info][gc] GC(21944) Pause Full (Allocation Failure) 15M->12M(15M) 34.199ms
[381.077s][info][gc] GC(21945) Pause Full (Allocation Failure) 15M->12M(15M) 35.375ms
[381.120s][info][gc] GC(21946) Pause Full (Allocation Failure) 15M->11M(15M) 33.209ms
[381.133s][info][gc] GC(21947) Pause Young (Allocation Failure) 14M->15M(15M) 9.674ms
[381.169s][info][gc] GC(21948) Pause Full (Allocation Failure) 15M->11M(15M) 35.954ms
[381.182s][info][gc] GC(21949) Pause Young (Allocation Failure) 14M->15M(15M) 9.767ms
[381.218s][info][gc] GC(21950) Pause Full (Allocation Failure) 15M->12M(15M) 35.485ms
[381.235s][info][gc] GC(21951) Pause Young (Allocation Failure) 14M->15M(15M) 13.543ms
[381.271s][info][gc] GC(21952) Pause Full (Allocation Failure) 15M->12M(15M) 36.673ms
[381.313s][info][gc] GC(21953) Pause Full (Allocation Failure) 15M->11M(15M) 35.017ms
[381.325s][info][gc] GC(21954) Pause Young (Allocation Failure) 14M->15M(15M) 8.777ms
[381.357s][info][gc] GC(21955) Pause Full (Allocation Failure) 15M->11M(15M) 31.636ms
[381.369s][info][gc] GC(21956) Pause Young (Allocation Failure) 14M->15M(15M) 9.250ms
[381.402s][info][gc] GC(21957) Pause Full (Allocation Failure) 15M->11M(15M) 32.599ms
[381.415s][info][gc] GC(21958) Pause Young (Allocation Failure) 14M->15M(15M) 8.885ms
[381.446s][info][gc] GC(21959) Pause Full (Allocation Failure) 15M->11M(15M) 31.276ms
[381.459s][info][gc] GC(21960) Pause Young (Allocation Failure) 14M->15M(15M) 10.151ms
[381.493s][info][gc] GC(21961) Pause Full (Allocation Failure) 15M->11M(15M) 33.499ms
[381.505s][info][gc] GC(21962) Pause Young (Allocation Failure) 14M->15M(15M) 9.351ms
[381.540s][info][gc] GC(21963) Pause Full (Allocation Failure) 15M->12M(15M) 34.884ms
[381.584s][info][gc] GC(21964) Pause Full (Allocation Failure) 15M->12M(15M) 36.405ms
[381.623s][info][gc] GC(21965) Pause Full (Allocation Failure) 15M->12M(15M) 33.009ms
[381.663s][info][gc] GC(21966) Pause Full (Allocation Failure) 15M->12M(15M) 32.497ms
[381.675s][info][gc] GC(21967) Pause Young (Allocation Failure) 14M->15M(15M) 9.460ms
[381.709s][info][gc] GC(21968) Pause Full (Allocation Failure) 15M->11M(15M) 33.811ms
[381.722s][info][gc] GC(21969) Pause Young (Allocation Failure) 14M->15M(15M) 9.337ms
[381.755s][info][gc] GC(21970) Pause Full (Allocation Failure) 15M->12M(15M) 33.076ms
[381.767s][info][gc] GC(21971) Pause Young (Allocation Failure) 14M->15M(15M) 9.623ms
[381.803s][info][gc] GC(21972) Pause Full (Allocation Failure) 15M->12M(15M) 35.206ms
[381.848s][info][gc] GC(21973) Pause Full (Allocation Failure) 15M->11M(15M) 36.117ms
[381.861s][info][gc] GC(21974) Pause Young (Allocation Failure) 14M->15M(15M) 9.495ms
[381.893s][info][gc] GC(21975) Pause Full (Allocation Failure) 15M->12M(15M) 32.269ms
[381.906s][info][gc] GC(21976) Pause Young (Allocation Failure) 14M->15M(15M) 9.766ms
[381.940s][info][gc] GC(21977) Pause Full (Allocation Failure) 15M->12M(15M) 33.891ms
[381.980s][info][gc] GC(21978) Pause Full (Allocation Failure) 15M->12M(15M) 32.838ms
[382.019s][info][gc] GC(21979) Pause Full (Allocation Failure) 15M->11M(15M) 33.142ms
[382.031s][info][gc] GC(21980) Pause Young (Allocation Failure) 14M->15M(15M) 9.498ms
[382.062s][info][gc] GC(21981) Pause Full (Allocation Failure) 15M->11M(15M) 30.994ms
[382.076s][info][gc] GC(21982) Pause Young (Allocation Failure) 14M->15M(15M) 10.446ms
[382.115s][info][gc] GC(21983) Pause Full (Allocation Failure) 15M->12M(15M) 39.017ms
[382.128s][info][gc] GC(21984) Pause Young (Allocation Failure) 14M->15M(15M) 9.861ms
[382.162s][info][gc] GC(21985) Pause Full (Allocation Failure) 15M->12M(15M) 34.638ms
[382.206s][info][gc] GC(21986) Pause Full (Allocation Failure) 15M->11M(15M) 36.104ms
[382.220s][info][gc] GC(21987) Pause Young (Allocation Failure) 14M->15M(15M) 11.142ms
[382.260s][info][gc] GC(21988) Pause Full (Allocation Failure) 15M->11M(15M) 40.222ms
[382.278s][info][gc] GC(21989) Pause Young (Allocation Failure) 14M->15M(15M) 13.361ms
[382.310s][info][gc] GC(21990) Pause Full (Allocation Failure) 15M->12M(15M) 32.074ms
[382.323s][info][gc] GC(21991) Pause Young (Allocation Failure) 14M->15M(15M) 9.153ms
[382.356s][info][gc] GC(21992) Pause Full (Allocation Failure) 15M->12M(15M) 33.276ms
[382.398s][info][gc] GC(21993) Pause Full (Allocation Failure) 15M->12M(15M) 35.418ms
[382.411s][info][gc] GC(21994) Pause Young (Allocation Failure) 14M->15M(15M) 9.913ms
[382.444s][info][gc] GC(21995) Pause Full (Allocation Failure) 15M->12M(15M) 32.768ms
[382.457s][info][gc] GC(21996) Pause Young (Allocation Failure) 14M->15M(15M) 9.846ms
[382.488s][info][gc] GC(21997) Pause Full (Allocation Failure) 15M->12M(15M) 30.860ms
[382.525s][info][gc] GC(21998) Pause Full (Allocation Failure) 15M->12M(15M) 31.181ms
[382.565s][info][gc] GC(21999) Pause Full (Allocation Failure) 15M->11M(15M) 32.812ms
[382.578s][info][gc] GC(22000) Pause Young (Allocation Failure) 14M->15M(15M) 9.370ms
[382.609s][info][gc] GC(22001) Pause Full (Allocation Failure) 15M->12M(15M) 31.245ms
[382.624s][info][gc] GC(22002) Pause Young (Allocation Failure) 14M->15M(15M) 10.702ms
[382.666s][info][gc] GC(22003) Pause Full (Allocation Failure) 15M->12M(15M) 41.616ms
[382.713s][info][gc] GC(22004) Pause Full (Allocation Failure) 15M->12M(15M) 40.148ms
[382.755s][info][gc] GC(22005) Pause Full (Allocation Failure) 15M->11M(15M) 34.200ms
[382.772s][info][gc] GC(22006) Pause Young (Allocation Failure) 14M->15M(15M) 13.950ms
[382.810s][info][gc] GC(22007) Pause Full (Allocation Failure) 15M->11M(15M) 37.690ms
[382.826s][info][gc] GC(22008) Pause Young (Allocation Failure) 14M->15M(15M) 12.601ms
[382.870s][info][gc] GC(22009) Pause Full (Allocation Failure) 15M->12M(15M) 43.911ms
[382.889s][info][gc] GC(22010) Pause Young (Allocation Failure) 14M->15M(15M) 13.477ms
[382.928s][info][gc] GC(22011) Pause Full (Allocation Failure) 15M->12M(15M) 38.993ms
[382.968s][info][gc] GC(22012) Pause Full (Allocation Failure) 15M->11M(15M) 33.129ms
[382.980s][info][gc] GC(22013) Pause Young (Allocation Failure) 14M->15M(15M) 9.325ms
[383.011s][info][gc] GC(22014) Pause Full (Allocation Failure) 15M->11M(15M) 31.517ms
[383.024s][info][gc] GC(22015) Pause Young (Allocation Failure) 14M->15M(15M) 8.770ms
[383.055s][info][gc] GC(22016) Pause Full (Allocation Failure) 15M->12M(15M) 31.299ms
[383.067s][info][gc] GC(22017) Pause Young (Allocation Failure) 14M->15M(15M) 8.940ms
[383.102s][info][gc] GC(22018) Pause Full (Allocation Failure) 15M->12M(15M) 34.704ms
[383.146s][info][gc] GC(22019) Pause Full (Allocation Failure) 15M->11M(15M) 34.658ms
[383.162s][info][gc] GC(22020) Pause Young (Allocation Failure) 14M->15M(15M) 12.522ms
[383.193s][info][gc] GC(22021) Pause Full (Allocation Failure) 15M->12M(15M) 30.983ms
[383.206s][info][gc] GC(22022) Pause Young (Allocation Failure) 14M->15M(15M) 10.028ms
[383.243s][info][gc] GC(22023) Pause Full (Allocation Failure) 15M->12M(15M) 36.356ms
[383.287s][info][gc] GC(22024) Pause Full (Allocation Failure) 15M->12M(15M) 35.402ms
[383.327s][info][gc] GC(22025) Pause Full (Allocation Failure) 15M->11M(15M) 33.421ms
[383.339s][info][gc] GC(22026) Pause Young (Allocation Failure) 14M->15M(15M) 9.464ms
[383.372s][info][gc] GC(22027) Pause Full (Allocation Failure) 15M->12M(15M) 32.172ms
[383.384s][info][gc] GC(22028) Pause Young (Allocation Failure) 14M->15M(15M) 9.408ms
[383.417s][info][gc] GC(22029) Pause Full (Allocation Failure) 15M->12M(15M) 32.782ms
[383.459s][info][gc] GC(22030) Pause Full (Allocation Failure) 15M->12M(15M) 35.074ms
[383.496s][info][gc] GC(22031) Pause Full (Allocation Failure) 15M->11M(15M) 31.257ms
[383.507s][info][gc] GC(22032) Pause Young (Allocation Failure) 14M->15M(15M) 8.456ms
[383.546s][info][gc] GC(22033) Pause Full (Allocation Failure) 15M->11M(15M) 38.418ms
[383.559s][info][gc] GC(22034) Pause Young (Allocation Failure) 14M->15M(15M) 8.778ms
[383.593s][info][gc] GC(22035) Pause Full (Allocation Failure) 15M->12M(15M) 33.320ms
[383.605s][info][gc] GC(22036) Pause Young (Allocation Failure) 14M->15M(15M) 9.720ms
[383.643s][info][gc] GC(22037) Pause Full (Allocation Failure) 15M->12M(15M) 37.229ms
[383.700s][info][gc] GC(22038) Pause Full (Allocation Failure) 15M->12M(15M) 47.559ms
[383.714s][info][gc] GC(22039) Pause Young (Allocation Failure) 14M->15M(15M) 9.757ms
[383.760s][info][gc] GC(22040) Pause Full (Allocation Failure) 15M->12M(15M) 46.328ms
[383.774s][info][gc] GC(22041) Pause Young (Allocation Failure) 14M->15M(15M) 9.725ms
[383.809s][info][gc] GC(22042) Pause Full (Allocation Failure) 15M->12M(15M) 35.443ms
[383.825s][info][gc] GC(22043) Pause Young (Allocation Failure) 14M->15M(15M) 11.532ms
[383.859s][info][gc] GC(22044) Pause Full (Allocation Failure) 15M->12M(15M) 33.820ms
[383.898s][info][gc] GC(22045) Pause Full (Allocation Failure) 15M->11M(15M) 31.942ms
[383.911s][info][gc] GC(22046) Pause Young (Allocation Failure) 14M->15M(15M) 9.011ms
[383.944s][info][gc] GC(22047) Pause Full (Allocation Failure) 15M->12M(15M) 32.455ms
[383.956s][info][gc] GC(22048) Pause Young (Allocation Failure) 14M->15M(15M) 9.348ms
[383.989s][info][gc] GC(22049) Pause Full (Allocation Failure) 15M->12M(15M) 32.971ms
[384.029s][info][gc] GC(22050) Pause Full (Allocation Failure) 15M->12M(15M) 32.676ms
[384.067s][info][gc] GC(22051) Pause Full (Allocation Failure) 15M->11M(15M) 32.216ms
[384.082s][info][gc] GC(22052) Pause Young (Allocation Failure) 14M->15M(15M) 9.859ms
[384.113s][info][gc] GC(22053) Pause Full (Allocation Failure) 15M->11M(15M) 30.702ms
[384.129s][info][gc] GC(22054) Pause Young (Allocation Failure) 14M->15M(15M) 12.901ms
[384.164s][info][gc] GC(22055) Pause Full (Allocation Failure) 15M->12M(15M) 34.535ms
[384.178s][info][gc] GC(22056) Pause Young (Allocation Failure) 14M->15M(15M) 10.997ms
[384.218s][info][gc] GC(22057) Pause Full (Allocation Failure) 15M->12M(15M) 39.561ms
[384.266s][info][gc] GC(22058) Pause Full (Allocation Failure) 15M->12M(15M) 38.598ms
[384.279s][info][gc] GC(22059) Pause Young (Allocation Failure) 14M->15M(15M) 9.934ms
[384.312s][info][gc] GC(22060) Pause Full (Allocation Failure) 15M->11M(15M) 33.003ms
[384.325s][info][gc] GC(22061) Pause Young (Allocation Failure) 14M->15M(15M) 9.501ms
[384.357s][info][gc] GC(22062) Pause Full (Allocation Failure) 15M->12M(15M) 31.694ms
[384.369s][info][gc] GC(22063) Pause Young (Allocation Failure) 14M->15M(15M) 8.475ms
[384.400s][info][gc] GC(22064) Pause Full (Allocation Failure) 15M->12M(15M) 30.739ms
[384.440s][info][gc] GC(22065) Pause Full (Allocation Failure) 15M->12M(15M) 33.294ms
[384.453s][info][gc] GC(22066) Pause Young (Allocation Failure) 14M->15M(15M) 9.604ms
[384.486s][info][gc] GC(22067) Pause Full (Allocation Failure) 15M->12M(15M) 33.753ms
[384.499s][info][gc] GC(22068) Pause Young (Allocation Failure) 14M->15M(15M) 10.131ms
[384.533s][info][gc] GC(22069) Pause Full (Allocation Failure) 15M->12M(15M) 32.988ms
[384.577s][info][gc] GC(22070) Pause Full (Allocation Failure) 15M->12M(15M) 36.108ms
[384.615s][info][gc] GC(22071) Pause Full (Allocation Failure) 15M->11M(15M) 31.384ms
[384.627s][info][gc] GC(22072) Pause Young (Allocation Failure) 14M->15M(15M) 9.400ms
[384.659s][info][gc] GC(22073) Pause Full (Allocation Failure) 15M->12M(15M) 31.322ms
[384.672s][info][gc] GC(22074) Pause Young (Allocation Failure) 14M->15M(15M) 9.221ms
[384.705s][info][gc] GC(22075) Pause Full (Allocation Failure) 15M->12M(15M) 33.314ms
[384.745s][info][gc] GC(22076) Pause Full (Allocation Failure) 15M->12M(15M) 33.607ms
[384.784s][info][gc] GC(22077) Pause Full (Allocation Failure) 15M->11M(15M) 33.160ms
[384.797s][info][gc] GC(22078) Pause Young (Allocation Failure) 14M->15M(15M) 9.364ms
[384.828s][info][gc] GC(22079) Pause Full (Allocation Failure) 15M->11M(15M) 30.714ms
[384.844s][info][gc] GC(22080) Pause Young (Allocation Failure) 14M->15M(15M) 13.209ms
[384.878s][info][gc] GC(22081) Pause Full (Allocation Failure) 15M->12M(15M) 34.080ms
[384.921s][info][gc] GC(22082) Pause Full (Allocation Failure) 15M->12M(15M) 33.856ms
[384.965s][info][gc] GC(22083) Pause Full (Allocation Failure) 15M->11M(15M) 36.506ms
[384.978s][info][gc] GC(22084) Pause Young (Allocation Failure) 14M->15M(15M) 9.298ms
[385.010s][info][gc] GC(22085) Pause Full (Allocation Failure) 15M->11M(15M) 32.796ms
[385.023s][info][gc] GC(22086) Pause Young (Allocation Failure) 14M->15M(15M) 9.457ms
[385.056s][info][gc] GC(22087) Pause Full (Allocation Failure) 15M->12M(15M) 33.198ms
[385.069s][info][gc] GC(22088) Pause Young (Allocation Failure) 14M->15M(15M) 9.473ms
[385.117s][info][gc] GC(22089) Pause Full (Allocation Failure) 15M->12M(15M) 48.504ms
[385.132s][info][gc] GC(22090) Pause Young (Allocation Failure) 14M->15M(15M) 10.762ms
[385.176s][info][gc] GC(22091) Pause Full (Allocation Failure) 15M->11M(15M) 43.828ms
[385.192s][info][gc] GC(22092) Pause Young (Allocation Failure) 14M->15M(15M) 11.248ms
[385.230s][info][gc] GC(22093) Pause Full (Allocation Failure) 15M->12M(15M) 37.936ms
[385.243s][info][gc] GC(22094) Pause Young (Allocation Failure) 14M->15M(15M) 9.500ms
[385.278s][info][gc] GC(22095) Pause Full (Allocation Failure) 15M->12M(15M) 34.847ms
[385.316s][info][gc] GC(22096) Pause Full (Allocation Failure) 15M->12M(15M) 30.893ms
[385.357s][info][gc] GC(22097) Pause Full (Allocation Failure) 15M->11M(15M) 34.765ms
[385.371s][info][gc] GC(22098) Pause Young (Allocation Failure) 14M->15M(15M) 10.539ms
[385.402s][info][gc] GC(22099) Pause Full (Allocation Failure) 15M->12M(15M) 30.819ms
[385.416s][info][gc] GC(22100) Pause Young (Allocation Failure) 14M->15M(15M) 10.258ms
[385.448s][info][gc] GC(22101) Pause Full (Allocation Failure) 15M->12M(15M) 32.587ms
[385.490s][info][gc] GC(22102) Pause Full (Allocation Failure) 15M->12M(15M) 34.639ms
[385.529s][info][gc] GC(22103) Pause Full (Allocation Failure) 15M->11M(15M) 33.708ms
[385.542s][info][gc] GC(22104) Pause Young (Allocation Failure) 14M->15M(15M) 8.798ms
[385.575s][info][gc] GC(22105) Pause Full (Allocation Failure) 15M->11M(15M) 32.700ms
[385.588s][info][gc] GC(22106) Pause Young (Allocation Failure) 14M->15M(15M) 8.607ms
[385.619s][info][gc] GC(22107) Pause Full (Allocation Failure) 15M->11M(15M) 30.865ms
[385.632s][info][gc] GC(22108) Pause Young (Allocation Failure) 14M->15M(15M) 10.143ms
[385.662s][info][gc] GC(22109) Pause Full (Allocation Failure) 15M->12M(15M) 30.600ms
[385.676s][info][gc] GC(22110) Pause Young (Allocation Failure) 14M->15M(15M) 10.224ms
[385.711s][info][gc] GC(22111) Pause Full (Allocation Failure) 15M->12M(15M) 35.416ms
[385.725s][info][gc] GC(22112) Pause Young (Allocation Failure) 14M->15M(15M) 10.767ms
[385.761s][info][gc] GC(22113) Pause Full (Allocation Failure) 15M->12M(15M) 35.638ms
[385.803s][info][gc] GC(22114) Pause Full (Allocation Failure) 15M->12M(15M) 35.464ms
[385.845s][info][gc] GC(22115) Pause Full (Allocation Failure) 15M->12M(15M) 34.598ms
[385.886s][info][gc] GC(22116) Pause Full (Allocation Failure) 15M->12M(15M) 33.883ms
[385.899s][info][gc] GC(22117) Pause Young (Allocation Failure) 14M->15M(15M) 9.704ms
[385.938s][info][gc] GC(22118) Pause Full (Allocation Failure) 15M->12M(15M) 38.128ms
[385.950s][info][gc] GC(22119) Pause Young (Allocation Failure) 14M->15M(15M) 9.639ms
[385.990s][info][gc] GC(22120) Pause Full (Allocation Failure) 15M->12M(15M) 39.194ms
[386.030s][info][gc] GC(22121) Pause Full (Allocation Failure) 15M->12M(15M) 33.511ms
[386.069s][info][gc] GC(22122) Pause Full (Allocation Failure) 15M->12M(15M) 32.056ms
[386.084s][info][gc] GC(22123) Pause Young (Allocation Failure) 14M->15M(15M) 10.424ms
[386.116s][info][gc] GC(22124) Pause Full (Allocation Failure) 15M->12M(15M) 31.839ms
[386.129s][info][gc] GC(22125) Pause Young (Allocation Failure) 14M->15M(15M) 9.574ms
[386.165s][info][gc] GC(22126) Pause Full (Allocation Failure) 15M->12M(15M) 36.060ms
[386.214s][info][gc] GC(22127) Pause Full (Allocation Failure) 15M->12M(15M) 42.118ms
[386.257s][info][gc] GC(22128) Pause Full (Allocation Failure) 15M->12M(15M) 36.091ms
[386.273s][info][gc] GC(22129) Pause Young (Allocation Failure) 14M->15M(15M) 10.413ms
[386.306s][info][gc] GC(22130) Pause Full (Allocation Failure) 15M->12M(15M) 33.102ms
[386.319s][info][gc] GC(22131) Pause Young (Allocation Failure) 14M->15M(15M) 10.091ms
[386.351s][info][gc] GC(22132) Pause Full (Allocation Failure) 15M->12M(15M) 31.450ms
[386.392s][info][gc] GC(22133) Pause Full (Allocation Failure) 15M->12M(15M) 33.971ms
[386.431s][info][gc] GC(22134) Pause Full (Allocation Failure) 15M->12M(15M) 33.017ms
[386.444s][info][gc] GC(22135) Pause Young (Allocation Failure) 14M->15M(15M) 8.941ms
[386.479s][info][gc] GC(22136) Pause Full (Allocation Failure) 15M->12M(15M) 34.786ms
[386.492s][info][gc] GC(22137) Pause Young (Allocation Failure) 14M->15M(15M) 10.513ms
[386.525s][info][gc] GC(22138) Pause Full (Allocation Failure) 15M->12M(15M) 33.022ms
[386.566s][info][gc] GC(22139) Pause Full (Allocation Failure) 15M->12M(15M) 33.344ms
[386.606s][info][gc] GC(22140) Pause Full (Allocation Failure) 15M->12M(15M) 34.247ms
[386.618s][info][gc] GC(22141) Pause Young (Allocation Failure) 14M->15M(15M) 8.691ms
[386.652s][info][gc] GC(22142) Pause Full (Allocation Failure) 15M->12M(15M) 33.453ms
[386.670s][info][gc] GC(22143) Pause Young (Allocation Failure) 14M->15M(15M) 14.869ms
[386.722s][info][gc] GC(22144) Pause Full (Allocation Failure) 15M->12M(15M) 52.678ms
[386.774s][info][gc] GC(22145) Pause Full (Allocation Failure) 15M->12M(15M) 43.472ms
[386.830s][info][gc] GC(22146) Pause Full (Allocation Failure) 15M->11M(15M) 43.115ms
[386.852s][info][gc] GC(22147) Pause Young (Allocation Failure) 14M->15M(15M) 16.290ms
[386.904s][info][gc] GC(22148) Pause Full (Allocation Failure) 15M->12M(15M) 51.550ms
[386.919s][info][gc] GC(22149) Pause Young (Allocation Failure) 14M->15M(15M) 11.601ms
[386.955s][info][gc] GC(22150) Pause Full (Allocation Failure) 15M->12M(15M) 36.748ms
[387.000s][info][gc] GC(22151) Pause Full (Allocation Failure) 15M->12M(15M) 37.931ms
[387.037s][info][gc] GC(22152) Pause Full (Allocation Failure) 15M->11M(15M) 30.624ms
[387.050s][info][gc] GC(22153) Pause Young (Allocation Failure) 14M->15M(15M) 9.158ms
[387.082s][info][gc] GC(22154) Pause Full (Allocation Failure) 15M->11M(15M) 32.626ms
[387.095s][info][gc] GC(22155) Pause Young (Allocation Failure) 14M->15M(15M) 9.413ms
[387.130s][info][gc] GC(22156) Pause Full (Allocation Failure) 15M->12M(15M) 34.703ms
[387.143s][info][gc] GC(22157) Pause Young (Allocation Failure) 14M->15M(15M) 10.508ms
[387.179s][info][gc] GC(22158) Pause Full (Allocation Failure) 15M->12M(15M) 35.358ms
[387.223s][info][gc] GC(22159) Pause Full (Allocation Failure) 15M->12M(15M) 36.575ms
[387.237s][info][gc] GC(22160) Pause Young (Allocation Failure) 14M->15M(15M) 9.988ms
[387.271s][info][gc] GC(22161) Pause Full (Allocation Failure) 15M->12M(15M) 34.347ms
[387.284s][info][gc] GC(22162) Pause Young (Allocation Failure) 14M->15M(15M) 9.226ms
[387.317s][info][gc] GC(22163) Pause Full (Allocation Failure) 15M->12M(15M) 32.934ms
[387.330s][info][gc] GC(22164) Pause Young (Allocation Failure) 14M->15M(15M) 9.334ms
[387.375s][info][gc] GC(22165) Pause Full (Allocation Failure) 15M->12M(15M) 44.996ms
[387.428s][info][gc] GC(22166) Pause Full (Allocation Failure) 15M->12M(15M) 43.329ms
[387.442s][info][gc] GC(22167) Pause Young (Allocation Failure) 14M->15M(15M) 10.316ms
[387.474s][info][gc] GC(22168) Pause Full (Allocation Failure) 15M->12M(15M) 31.958ms
[387.512s][info][gc] GC(22169) Pause Full (Allocation Failure) 15M->12M(15M) 31.291ms
[387.550s][info][gc] GC(22170) Pause Full (Allocation Failure) 15M->12M(15M) 32.416ms
[387.590s][info][gc] GC(22171) Pause Full (Allocation Failure) 15M->12M(15M) 33.045ms
[387.604s][info][gc] GC(22172) Pause Young (Allocation Failure) 14M->15M(15M) 10.220ms
[387.638s][info][gc] GC(22173) Pause Full (Allocation Failure) 15M->12M(15M) 34.086ms
[387.653s][info][gc] GC(22174) Pause Young (Allocation Failure) 14M->15M(15M) 9.512ms
[387.686s][info][gc] GC(22175) Pause Full (Allocation Failure) 15M->12M(15M) 33.877ms
[387.728s][info][gc] GC(22176) Pause Full (Allocation Failure) 15M->12M(15M) 34.909ms
[387.766s][info][gc] GC(22177) Pause Full (Allocation Failure) 15M->12M(15M) 32.039ms
[387.779s][info][gc] GC(22178) Pause Young (Allocation Failure) 14M->15M(15M) 9.626ms
[387.815s][info][gc] GC(22179) Pause Full (Allocation Failure) 15M->12M(15M) 35.731ms
[387.829s][info][gc] GC(22180) Pause Young (Allocation Failure) 14M->15M(15M) 10.939ms
[387.865s][info][gc] GC(22181) Pause Full (Allocation Failure) 15M->12M(15M) 35.776ms
[387.903s][info][gc] GC(22182) Pause Full (Allocation Failure) 15M->12M(15M) 31.412ms
[387.942s][info][gc] GC(22183) Pause Full (Allocation Failure) 15M->12M(15M) 31.509ms
[387.955s][info][gc] GC(22184) Pause Young (Allocation Failure) 14M->15M(15M) 9.525ms
[387.986s][info][gc] GC(22185) Pause Full (Allocation Failure) 15M->12M(15M) 31.390ms
[388.003s][info][gc] GC(22186) Pause Young (Allocation Failure) 14M->15M(15M) 11.742ms
[388.037s][info][gc] GC(22187) Pause Full (Allocation Failure) 15M->12M(15M) 33.814ms
[388.077s][info][gc] GC(22188) Pause Full (Allocation Failure) 15M->12M(15M) 33.997ms
[388.121s][info][gc] GC(22189) Pause Full (Allocation Failure) 15M->12M(15M) 35.679ms
[388.136s][info][gc] GC(22190) Pause Young (Allocation Failure) 14M->15M(15M) 10.710ms
[388.168s][info][gc] GC(22191) Pause Full (Allocation Failure) 15M->12M(15M) 32.533ms
[388.182s][info][gc] GC(22192) Pause Young (Allocation Failure) 14M->15M(15M) 10.158ms
[388.217s][info][gc] GC(22193) Pause Full (Allocation Failure) 15M->12M(15M) 34.984ms
[388.257s][info][gc] GC(22194) Pause Full (Allocation Failure) 15M->12M(15M) 33.903ms
[388.298s][info][gc] GC(22195) Pause Full (Allocation Failure) 15M->12M(15M) 33.809ms
[388.311s][info][gc] GC(22196) Pause Young (Allocation Failure) 14M->15M(15M) 9.695ms
[388.342s][info][gc] GC(22197) Pause Full (Allocation Failure) 15M->12M(15M) 31.014ms
[388.356s][info][gc] GC(22198) Pause Young (Allocation Failure) 14M->15M(15M) 11.239ms
[388.389s][info][gc] GC(22199) Pause Full (Allocation Failure) 15M->12M(15M) 32.627ms
[388.427s][info][gc] GC(22200) Pause Full (Allocation Failure) 15M->12M(15M) 31.654ms
[388.469s][info][gc] GC(22201) Pause Full (Allocation Failure) 15M->12M(15M) 32.834ms
[388.481s][info][gc] GC(22202) Pause Young (Allocation Failure) 14M->15M(15M) 9.137ms
[388.513s][info][gc] GC(22203) Pause Full (Allocation Failure) 15M->12M(15M) 31.635ms
[388.526s][info][gc] GC(22204) Pause Young (Allocation Failure) 14M->15M(15M) 9.825ms
[388.558s][info][gc] GC(22205) Pause Full (Allocation Failure) 15M->12M(15M) 31.780ms
[388.596s][info][gc] GC(22206) Pause Full (Allocation Failure) 15M->12M(15M) 31.455ms
[388.634s][info][gc] GC(22207) Pause Full (Allocation Failure) 15M->12M(15M) 31.996ms
[388.647s][info][gc] GC(22208) Pause Young (Allocation Failure) 14M->15M(15M) 9.580ms
[388.679s][info][gc] GC(22209) Pause Full (Allocation Failure) 15M->12M(15M) 31.906ms
[388.694s][info][gc] GC(22210) Pause Young (Allocation Failure) 14M->15M(15M) 9.931ms
[388.727s][info][gc] GC(22211) Pause Full (Allocation Failure) 15M->12M(15M) 33.587ms
[388.765s][info][gc] GC(22212) Pause Full (Allocation Failure) 15M->12M(15M) 31.515ms
[388.805s][info][gc] GC(22213) Pause Full (Allocation Failure) 15M->11M(15M) 32.095ms
[388.818s][info][gc] GC(22214) Pause Young (Allocation Failure) 14M->15M(15M) 9.383ms
[388.849s][info][gc] GC(22215) Pause Full (Allocation Failure) 15M->12M(15M) 30.645ms
[388.862s][info][gc] GC(22216) Pause Young (Allocation Failure) 14M->15M(15M) 9.905ms
[388.896s][info][gc] GC(22217) Pause Full (Allocation Failure) 15M->12M(15M) 34.145ms
[388.939s][info][gc] GC(22218) Pause Full (Allocation Failure) 15M->12M(15M) 34.799ms
[388.978s][info][gc] GC(22219) Pause Full (Allocation Failure) 15M->11M(15M) 32.938ms
[388.990s][info][gc] GC(22220) Pause Young (Allocation Failure) 14M->15M(15M) 8.882ms
[389.022s][info][gc] GC(22221) Pause Full (Allocation Failure) 15M->11M(15M) 31.943ms
[389.035s][info][gc] GC(22222) Pause Young (Allocation Failure) 14M->15M(15M) 10.171ms
[389.070s][info][gc] GC(22223) Pause Full (Allocation Failure) 15M->12M(15M) 34.676ms
[389.113s][info][gc] GC(22224) Pause Full (Allocation Failure) 15M->12M(15M) 34.920ms
[389.153s][info][gc] GC(22225) Pause Full (Allocation Failure) 15M->12M(15M) 33.804ms
[389.165s][info][gc] GC(22226) Pause Young (Allocation Failure) 14M->15M(15M) 9.297ms
[389.199s][info][gc] GC(22227) Pause Full (Allocation Failure) 15M->11M(15M) 34.052ms
[389.214s][info][gc] GC(22228) Pause Young (Allocation Failure) 14M->15M(15M) 10.608ms
[389.251s][info][gc] GC(22229) Pause Full (Allocation Failure) 15M->12M(15M) 36.913ms
[389.265s][info][gc] GC(22230) Pause Young (Allocation Failure) 14M->15M(15M) 9.864ms
[389.298s][info][gc] GC(22231) Pause Full (Allocation Failure) 15M->12M(15M) 32.349ms
[389.337s][info][gc] GC(22232) Pause Full (Allocation Failure) 15M->12M(15M) 32.662ms
[389.350s][info][gc] GC(22233) Pause Young (Allocation Failure) 14M->15M(15M) 9.054ms
[389.381s][info][gc] GC(22234) Pause Full (Allocation Failure) 15M->12M(15M) 31.065ms
[389.394s][info][gc] GC(22235) Pause Young (Allocation Failure) 14M->15M(15M) 9.848ms
[389.426s][info][gc] GC(22236) Pause Full (Allocation Failure) 15M->12M(15M) 32.449ms
[389.466s][info][gc] GC(22237) Pause Full (Allocation Failure) 15M->12M(15M) 32.220ms
[389.504s][info][gc] GC(22238) Pause Full (Allocation Failure) 15M->12M(15M) 31.879ms
[389.516s][info][gc] GC(22239) Pause Young (Allocation Failure) 14M->15M(15M) 8.952ms
[389.553s][info][gc] GC(22240) Pause Full (Allocation Failure) 15M->12M(15M) 36.705ms
[389.567s][info][gc] GC(22241) Pause Young (Allocation Failure) 14M->15M(15M) 10.288ms
[389.602s][info][gc] GC(22242) Pause Full (Allocation Failure) 15M->12M(15M) 35.640ms
[389.646s][info][gc] GC(22243) Pause Full (Allocation Failure) 15M->12M(15M) 35.816ms
[389.694s][info][gc] GC(22244) Pause Full (Allocation Failure) 15M->12M(15M) 39.847ms
[389.707s][info][gc] GC(22245) Pause Young (Allocation Failure) 14M->15M(15M) 10.452ms
[389.742s][info][gc] GC(22246) Pause Full (Allocation Failure) 15M->12M(15M) 34.368ms
[389.756s][info][gc] GC(22247) Pause Young (Allocation Failure) 14M->15M(15M) 10.606ms
[389.792s][info][gc] GC(22248) Pause Full (Allocation Failure) 15M->12M(15M) 35.855ms
[389.836s][info][gc] GC(22249) Pause Full (Allocation Failure) 15M->12M(15M) 35.262ms
[389.882s][info][gc] GC(22250) Pause Full (Allocation Failure) 15M->12M(15M) 37.594ms
[389.896s][info][gc] GC(22251) Pause Young (Allocation Failure) 14M->15M(15M) 11.362ms
[389.932s][info][gc] GC(22252) Pause Full (Allocation Failure) 15M->12M(15M) 35.725ms
[389.946s][info][gc] GC(22253) Pause Young (Allocation Failure) 14M->15M(15M) 10.420ms
[389.981s][info][gc] GC(22254) Pause Full (Allocation Failure) 15M->12M(15M) 34.382ms
[390.026s][info][gc] GC(22255) Pause Full (Allocation Failure) 15M->12M(15M) 38.577ms
[390.068s][info][gc] GC(22256) Pause Full (Allocation Failure) 15M->12M(15M) 34.655ms
[390.082s][info][gc] GC(22257) Pause Young (Allocation Failure) 14M->15M(15M) 10.647ms
[390.120s][info][gc] GC(22258) Pause Full (Allocation Failure) 15M->12M(15M) 37.361ms
[390.133s][info][gc] GC(22259) Pause Young (Allocation Failure) 14M->15M(15M) 10.294ms
[390.170s][info][gc] GC(22260) Pause Full (Allocation Failure) 15M->12M(15M) 37.358ms
[390.218s][info][gc] GC(22261) Pause Full (Allocation Failure) 15M->12M(15M) 41.217ms
[390.269s][info][gc] GC(22262) Pause Full (Allocation Failure) 15M->12M(15M) 43.114ms
[390.287s][info][gc] GC(22263) Pause Young (Allocation Failure) 14M->15M(15M) 11.945ms
[390.320s][info][gc] GC(22264) Pause Full (Allocation Failure) 15M->12M(15M) 32.835ms
[390.332s][info][gc] GC(22265) Pause Young (Allocation Failure) 14M->15M(15M) 9.419ms
[390.365s][info][gc] GC(22266) Pause Full (Allocation Failure) 15M->12M(15M) 33.288ms
[390.404s][info][gc] GC(22267) Pause Full (Allocation Failure) 15M->12M(15M) 31.952ms
[390.445s][info][gc] GC(22268) Pause Full (Allocation Failure) 15M->12M(15M) 34.958ms
[390.458s][info][gc] GC(22269) Pause Young (Allocation Failure) 14M->15M(15M) 9.690ms
[390.492s][info][gc] GC(22270) Pause Full (Allocation Failure) 15M->12M(15M) 34.070ms
[390.505s][info][gc] GC(22271) Pause Young (Allocation Failure) 14M->15M(15M) 9.939ms
[390.539s][info][gc] GC(22272) Pause Full (Allocation Failure) 15M->12M(15M) 33.943ms
[390.580s][info][gc] GC(22273) Pause Full (Allocation Failure) 15M->12M(15M) 33.869ms
[390.621s][info][gc] GC(22274) Pause Full (Allocation Failure) 15M->12M(15M) 34.611ms
[390.634s][info][gc] GC(22275) Pause Young (Allocation Failure) 14M->15M(15M) 10.226ms
[390.668s][info][gc] GC(22276) Pause Full (Allocation Failure) 15M->12M(15M) 32.968ms
[390.683s][info][gc] GC(22277) Pause Young (Allocation Failure) 14M->15M(15M) 12.214ms
[390.719s][info][gc] GC(22278) Pause Full (Allocation Failure) 15M->12M(15M) 35.646ms
[390.760s][info][gc] GC(22279) Pause Full (Allocation Failure) 15M->12M(15M) 35.138ms
[390.798s][info][gc] GC(22280) Pause Full (Allocation Failure) 15M->12M(15M) 30.979ms
[390.812s][info][gc] GC(22281) Pause Young (Allocation Failure) 14M->15M(15M) 9.666ms
[390.847s][info][gc] GC(22282) Pause Full (Allocation Failure) 15M->12M(15M) 34.569ms
[390.863s][info][gc] GC(22283) Pause Young (Allocation Failure) 14M->15M(15M) 11.633ms
[390.900s][info][gc] GC(22284) Pause Full (Allocation Failure) 15M->12M(15M) 37.566ms
[390.944s][info][gc] GC(22285) Pause Full (Allocation Failure) 15M->12M(15M) 37.086ms
[390.987s][info][gc] GC(22286) Pause Full (Allocation Failure) 15M->12M(15M) 34.276ms
[391.001s][info][gc] GC(22287) Pause Young (Allocation Failure) 14M->15M(15M) 10.429ms
[391.036s][info][gc] GC(22288) Pause Full (Allocation Failure) 15M->12M(15M) 34.734ms
[391.049s][info][gc] GC(22289) Pause Young (Allocation Failure) 14M->15M(15M) 9.735ms
[391.087s][info][gc] GC(22290) Pause Full (Allocation Failure) 15M->12M(15M) 37.960ms
[391.128s][info][gc] GC(22291) Pause Full (Allocation Failure) 15M->12M(15M) 35.537ms
[391.168s][info][gc] GC(22292) Pause Full (Allocation Failure) 15M->12M(15M) 34.181ms
[391.185s][info][gc] GC(22293) Pause Young (Allocation Failure) 14M->15M(15M) 13.101ms
[391.227s][info][gc] GC(22294) Pause Full (Allocation Failure) 15M->12M(15M) 42.269ms
[391.242s][info][gc] GC(22295) Pause Young (Allocation Failure) 14M->15M(15M) 10.134ms
[391.277s][info][gc] GC(22296) Pause Full (Allocation Failure) 15M->12M(15M) 35.522ms
[391.320s][info][gc] GC(22297) Pause Full (Allocation Failure) 15M->12M(15M) 35.152ms
[391.362s][info][gc] GC(22298) Pause Full (Allocation Failure) 15M->12M(15M) 34.452ms
[391.375s][info][gc] GC(22299) Pause Young (Allocation Failure) 14M->15M(15M) 10.360ms
[391.409s][info][gc] GC(22300) Pause Full (Allocation Failure) 15M->12M(15M) 33.951ms
[391.424s][info][gc] GC(22301) Pause Young (Allocation Failure) 14M->15M(15M) 11.216ms
[391.461s][info][gc] GC(22302) Pause Full (Allocation Failure) 15M->12M(15M) 37.160ms
[391.503s][info][gc] GC(22303) Pause Full (Allocation Failure) 15M->12M(15M) 34.080ms
[391.548s][info][gc] GC(22304) Pause Full (Allocation Failure) 15M->12M(15M) 37.284ms
[391.560s][info][gc] GC(22305) Pause Young (Allocation Failure) 14M->15M(15M) 8.972ms
[391.592s][info][gc] GC(22306) Pause Full (Allocation Failure) 15M->12M(15M) 31.645ms
[391.605s][info][gc] GC(22307) Pause Young (Allocation Failure) 14M->15M(15M) 10.553ms
[391.642s][info][gc] GC(22308) Pause Full (Allocation Failure) 15M->12M(15M) 37.082ms
[391.685s][info][gc] GC(22309) Pause Full (Allocation Failure) 15M->12M(15M) 36.364ms
[391.725s][info][gc] GC(22310) Pause Full (Allocation Failure) 15M->12M(15M) 32.743ms
[391.740s][info][gc] GC(22311) Pause Young (Allocation Failure) 14M->15M(15M) 11.131ms
[391.774s][info][gc] GC(22312) Pause Full (Allocation Failure) 15M->12M(15M) 34.093ms
[391.787s][info][gc] GC(22313) Pause Young (Allocation Failure) 14M->15M(15M) 10.410ms
[391.824s][info][gc] GC(22314) Pause Full (Allocation Failure) 15M->12M(15M) 37.008ms
[391.872s][info][gc] GC(22315) Pause Full (Allocation Failure) 15M->12M(15M) 38.913ms
[391.914s][info][gc] GC(22316) Pause Full (Allocation Failure) 15M->12M(15M) 35.294ms
[391.927s][info][gc] GC(22317) Pause Young (Allocation Failure) 14M->15M(15M) 10.076ms
[391.963s][info][gc] GC(22318) Pause Full (Allocation Failure) 15M->12M(15M) 35.822ms
[391.976s][info][gc] GC(22319) Pause Young (Allocation Failure) 14M->15M(15M) 9.900ms
[392.012s][info][gc] GC(22320) Pause Full (Allocation Failure) 15M->12M(15M) 35.401ms
[392.055s][info][gc] GC(22321) Pause Full (Allocation Failure) 15M->12M(15M) 36.251ms
[392.102s][info][gc] GC(22322) Pause Full (Allocation Failure) 15M->12M(15M) 37.334ms
[392.116s][info][gc] GC(22323) Pause Young (Allocation Failure) 14M->15M(15M) 10.388ms
[392.153s][info][gc] GC(22324) Pause Full (Allocation Failure) 15M->12M(15M) 37.302ms
[392.167s][info][gc] GC(22325) Pause Young (Allocation Failure) 14M->15M(15M) 9.757ms
[392.205s][info][gc] GC(22326) Pause Full (Allocation Failure) 15M->12M(15M) 38.002ms
[392.248s][info][gc] GC(22327) Pause Full (Allocation Failure) 15M->12M(15M) 36.748ms
[392.296s][info][gc] GC(22328) Pause Full (Allocation Failure) 15M->12M(15M) 36.991ms
[392.309s][info][gc] GC(22329) Pause Young (Allocation Failure) 14M->15M(15M) 9.644ms
[392.343s][info][gc] GC(22330) Pause Full (Allocation Failure) 15M->12M(15M) 34.358ms
[392.357s][info][gc] GC(22331) Pause Young (Allocation Failure) 14M->15M(15M) 9.522ms
[392.391s][info][gc] GC(22332) Pause Full (Allocation Failure) 15M->12M(15M) 33.958ms
[392.433s][info][gc] GC(22333) Pause Full (Allocation Failure) 15M->12M(15M) 35.075ms
[392.474s][info][gc] GC(22334) Pause Full (Allocation Failure) 15M->12M(15M) 34.485ms
[392.487s][info][gc] GC(22335) Pause Young (Allocation Failure) 14M->15M(15M) 9.427ms
[392.521s][info][gc] GC(22336) Pause Full (Allocation Failure) 15M->12M(15M) 34.083ms
[392.534s][info][gc] GC(22337) Pause Young (Allocation Failure) 14M->15M(15M) 9.920ms
[392.568s][info][gc] GC(22338) Pause Full (Allocation Failure) 15M->12M(15M) 34.065ms
[392.609s][info][gc] GC(22339) Pause Full (Allocation Failure) 15M->12M(15M) 35.540ms
[392.649s][info][gc] GC(22340) Pause Full (Allocation Failure) 15M->12M(15M) 32.825ms
[392.663s][info][gc] GC(22341) Pause Young (Allocation Failure) 14M->15M(15M) 10.684ms
[392.696s][info][gc] GC(22342) Pause Full (Allocation Failure) 15M->12M(15M) 33.322ms
[392.710s][info][gc] GC(22343) Pause Young (Allocation Failure) 14M->15M(15M) 10.363ms
[392.743s][info][gc] GC(22344) Pause Full (Allocation Failure) 15M->12M(15M) 33.174ms
[392.783s][info][gc] GC(22345) Pause Full (Allocation Failure) 15M->12M(15M) 33.710ms
[392.823s][info][gc] GC(22346) Pause Full (Allocation Failure) 15M->12M(15M) 33.368ms
[392.838s][info][gc] GC(22347) Pause Young (Allocation Failure) 14M->15M(15M) 10.711ms
[392.873s][info][gc] GC(22348) Pause Full (Allocation Failure) 15M->12M(15M) 35.122ms
[392.885s][info][gc] GC(22349) Pause Young (Allocation Failure) 14M->15M(15M) 9.107ms
[392.917s][info][gc] GC(22350) Pause Full (Allocation Failure) 15M->12M(15M) 31.670ms
[392.958s][info][gc] GC(22351) Pause Full (Allocation Failure) 15M->12M(15M) 34.613ms
[392.997s][info][gc] GC(22352) Pause Full (Allocation Failure) 15M->12M(15M) 32.196ms
[393.008s][info][gc] GC(22353) Pause Young (Allocation Failure) 14M->15M(15M) 8.631ms
[393.042s][info][gc] GC(22354) Pause Full (Allocation Failure) 15M->12M(15M) 33.815ms
[393.055s][info][gc] GC(22355) Pause Young (Allocation Failure) 14M->15M(15M) 9.276ms
[393.095s][info][gc] GC(22356) Pause Full (Allocation Failure) 15M->12M(15M) 40.597ms
[393.137s][info][gc] GC(22357) Pause Full (Allocation Failure) 15M->12M(15M) 34.979ms
[393.183s][info][gc] GC(22358) Pause Full (Allocation Failure) 15M->12M(15M) 35.386ms
[393.197s][info][gc] GC(22359) Pause Young (Allocation Failure) 14M->15M(15M) 10.504ms
[393.237s][info][gc] GC(22360) Pause Full (Allocation Failure) 15M->12M(15M) 40.040ms
[393.254s][info][gc] GC(22361) Pause Young (Allocation Failure) 14M->15M(15M) 12.766ms
[393.289s][info][gc] GC(22362) Pause Full (Allocation Failure) 15M->12M(15M) 34.238ms
[393.330s][info][gc] GC(22363) Pause Full (Allocation Failure) 15M->12M(15M) 34.114ms
[393.368s][info][gc] GC(22364) Pause Full (Allocation Failure) 15M->12M(15M) 31.013ms
[393.381s][info][gc] GC(22365) Pause Young (Allocation Failure) 14M->15M(15M) 9.347ms
[393.415s][info][gc] GC(22366) Pause Full (Allocation Failure) 15M->12M(15M) 34.426ms
[393.428s][info][gc] GC(22367) Pause Young (Allocation Failure) 14M->15M(15M) 9.553ms
[393.460s][info][gc] GC(22368) Pause Full (Allocation Failure) 15M->12M(15M) 32.251ms
[393.499s][info][gc] GC(22369) Pause Full (Allocation Failure) 15M->12M(15M) 31.676ms
[393.539s][info][gc] GC(22370) Pause Full (Allocation Failure) 15M->12M(15M) 32.424ms
[393.551s][info][gc] GC(22371) Pause Young (Allocation Failure) 14M->15M(15M) 9.547ms
[393.583s][info][gc] GC(22372) Pause Full (Allocation Failure) 15M->12M(15M) 31.887ms
[393.597s][info][gc] GC(22373) Pause Young (Allocation Failure) 14M->15M(15M) 10.727ms
[393.631s][info][gc] GC(22374) Pause Full (Allocation Failure) 15M->12M(15M) 34.092ms
[393.672s][info][gc] GC(22375) Pause Full (Allocation Failure) 15M->12M(15M) 32.060ms
[393.713s][info][gc] GC(22376) Pause Full (Allocation Failure) 15M->12M(15M) 34.155ms
[393.727s][info][gc] GC(22377) Pause Young (Allocation Failure) 14M->15M(15M) 10.277ms
[393.760s][info][gc] GC(22378) Pause Full (Allocation Failure) 15M->12M(15M) 33.498ms
[393.773s][info][gc] GC(22379) Pause Young (Allocation Failure) 14M->15M(15M) 9.611ms
[393.808s][info][gc] GC(22380) Pause Full (Allocation Failure) 15M->12M(15M) 35.175ms
[393.853s][info][gc] GC(22381) Pause Full (Allocation Failure) 15M->12M(15M) 36.429ms
[393.900s][info][gc] GC(22382) Pause Full (Allocation Failure) 15M->12M(15M) 39.592ms
[393.921s][info][gc] GC(22383) Pause Young (Allocation Failure) 14M->15M(15M) 14.691ms
[393.956s][info][gc] GC(22384) Pause Full (Allocation Failure) 15M->12M(15M) 35.110ms
[393.969s][info][gc] GC(22385) Pause Young (Allocation Failure) 14M->15M(15M) 9.965ms
[394.003s][info][gc] GC(22386) Pause Full (Allocation Failure) 15M->12M(15M) 34.105ms
[394.041s][info][gc] GC(22387) Pause Full (Allocation Failure) 15M->12M(15M) 30.985ms
[394.080s][info][gc] GC(22388) Pause Full (Allocation Failure) 15M->12M(15M) 32.643ms
[394.093s][info][gc] GC(22389) Pause Young (Allocation Failure) 14M->15M(15M) 10.150ms
[394.135s][info][gc] GC(22390) Pause Full (Allocation Failure) 15M->12M(15M) 41.567ms
[394.151s][info][gc] GC(22391) Pause Young (Allocation Failure) 14M->15M(15M) 12.745ms
[394.205s][info][gc] GC(22392) Pause Full (Allocation Failure) 15M->12M(15M) 52.985ms
[394.257s][info][gc] GC(22393) Pause Full (Allocation Failure) 15M->12M(15M) 40.514ms
[394.303s][info][gc] GC(22394) Pause Full (Allocation Failure) 15M->12M(15M) 34.480ms
[394.317s][info][gc] GC(22395) Pause Young (Allocation Failure) 14M->15M(15M) 10.290ms
[394.352s][info][gc] GC(22396) Pause Full (Allocation Failure) 15M->12M(15M) 35.201ms
[394.365s][info][gc] GC(22397) Pause Young (Allocation Failure) 14M->15M(15M) 10.067ms
[394.399s][info][gc] GC(22398) Pause Full (Allocation Failure) 15M->12M(15M) 33.666ms
[394.441s][info][gc] GC(22399) Pause Full (Allocation Failure) 15M->12M(15M) 33.808ms
[394.479s][info][gc] GC(22400) Pause Full (Allocation Failure) 15M->12M(15M) 32.293ms
[394.493s][info][gc] GC(22401) Pause Young (Allocation Failure) 14M->15M(15M) 10.065ms
[394.526s][info][gc] GC(22402) Pause Full (Allocation Failure) 15M->12M(15M) 33.541ms
[394.539s][info][gc] GC(22403) Pause Young (Allocation Failure) 14M->15M(15M) 9.650ms
[394.576s][info][gc] GC(22404) Pause Full (Allocation Failure) 15M->12M(15M) 36.447ms
[394.617s][info][gc] GC(22405) Pause Full (Allocation Failure) 15M->12M(15M) 34.855ms
[394.659s][info][gc] GC(22406) Pause Full (Allocation Failure) 15M->12M(15M) 34.801ms
[394.672s][info][gc] GC(22407) Pause Young (Allocation Failure) 14M->15M(15M) 9.606ms
[394.709s][info][gc] GC(22408) Pause Full (Allocation Failure) 15M->12M(15M) 36.938ms
[394.722s][info][gc] GC(22409) Pause Young (Allocation Failure) 14M->15M(15M) 9.774ms
[394.757s][info][gc] GC(22410) Pause Full (Allocation Failure) 15M->12M(15M) 34.489ms
[394.800s][info][gc] GC(22411) Pause Full (Allocation Failure) 15M->12M(15M) 36.375ms
[394.847s][info][gc] GC(22412) Pause Full (Allocation Failure) 15M->12M(15M) 35.283ms
[394.862s][info][gc] GC(22413) Pause Young (Allocation Failure) 14M->15M(15M) 10.820ms
[394.895s][info][gc] GC(22414) Pause Full (Allocation Failure) 15M->12M(15M) 33.087ms
[394.908s][info][gc] GC(22415) Pause Young (Allocation Failure) 14M->15M(15M) 9.872ms
[394.942s][info][gc] GC(22416) Pause Full (Allocation Failure) 15M->12M(15M) 33.824ms
[394.982s][info][gc] GC(22417) Pause Full (Allocation Failure) 15M->12M(15M) 33.519ms
[395.023s][info][gc] GC(22418) Pause Full (Allocation Failure) 15M->12M(15M) 34.344ms
[395.035s][info][gc] GC(22419) Pause Young (Allocation Failure) 14M->15M(15M) 8.900ms
[395.068s][info][gc] GC(22420) Pause Full (Allocation Failure) 15M->12M(15M) 32.384ms
[395.087s][info][gc] GC(22421) Pause Young (Allocation Failure) 14M->15M(15M) 14.520ms
[395.133s][info][gc] GC(22422) Pause Full (Allocation Failure) 15M->12M(15M) 46.711ms
[395.183s][info][gc] GC(22423) Pause Full (Allocation Failure) 15M->12M(15M) 37.639ms
[395.237s][info][gc] GC(22424) Pause Full (Allocation Failure) 15M->12M(15M) 44.007ms
[395.263s][info][gc] GC(22425) Pause Young (Allocation Failure) 14M->15M(15M) 12.349ms
[395.301s][info][gc] GC(22426) Pause Full (Allocation Failure) 15M->12M(15M) 38.225ms
[395.316s][info][gc] GC(22427) Pause Young (Allocation Failure) 14M->15M(15M) 10.148ms
[395.350s][info][gc] GC(22428) Pause Full (Allocation Failure) 15M->12M(15M) 33.647ms
[395.390s][info][gc] GC(22429) Pause Full (Allocation Failure) 15M->12M(15M) 33.411ms
[395.428s][info][gc] GC(22430) Pause Full (Allocation Failure) 15M->12M(15M) 31.392ms
[395.441s][info][gc] GC(22431) Pause Young (Allocation Failure) 14M->15M(15M) 10.407ms
[395.476s][info][gc] GC(22432) Pause Full (Allocation Failure) 15M->12M(15M) 34.975ms
[395.489s][info][gc] GC(22433) Pause Young (Allocation Failure) 14M->15M(15M) 9.638ms
[395.522s][info][gc] GC(22434) Pause Full (Allocation Failure) 15M->12M(15M) 33.198ms
[395.563s][info][gc] GC(22435) Pause Full (Allocation Failure) 15M->12M(15M) 33.931ms
[395.615s][info][gc] GC(22436) Pause Full (Allocation Failure) 15M->12M(15M) 45.606ms
[395.634s][info][gc] GC(22437) Pause Young (Allocation Failure) 14M->15M(15M) 14.577ms
[395.679s][info][gc] GC(22438) Pause Full (Allocation Failure) 15M->12M(15M) 45.234ms
[395.695s][info][gc] GC(22439) Pause Young (Allocation Failure) 14M->15M(15M) 10.834ms
[395.728s][info][gc] GC(22440) Pause Full (Allocation Failure) 15M->12M(15M) 33.814ms
[395.768s][info][gc] GC(22441) Pause Full (Allocation Failure) 15M->12M(15M) 32.893ms
[395.812s][info][gc] GC(22442) Pause Full (Allocation Failure) 15M->12M(15M) 36.953ms
[395.826s][info][gc] GC(22443) Pause Young (Allocation Failure) 14M->15M(15M) 10.919ms
[395.861s][info][gc] GC(22444) Pause Full (Allocation Failure) 15M->12M(15M) 35.145ms
[395.874s][info][gc] GC(22445) Pause Young (Allocation Failure) 14M->15M(15M) 9.719ms
[395.907s][info][gc] GC(22446) Pause Full (Allocation Failure) 15M->12M(15M) 32.959ms
[395.946s][info][gc] GC(22447) Pause Full (Allocation Failure) 15M->12M(15M) 31.699ms
[395.985s][info][gc] GC(22448) Pause Full (Allocation Failure) 15M->12M(15M) 31.067ms
[395.997s][info][gc] GC(22449) Pause Young (Allocation Failure) 14M->15M(15M) 9.048ms
[396.029s][info][gc] GC(22450) Pause Full (Allocation Failure) 15M->12M(15M) 31.891ms
[396.041s][info][gc] GC(22451) Pause Young (Allocation Failure) 14M->15M(15M) 8.961ms
[396.071s][info][gc] GC(22452) Pause Full (Allocation Failure) 15M->12M(15M) 30.246ms
[396.113s][info][gc] GC(22453) Pause Full (Allocation Failure) 15M->12M(15M) 33.829ms
[396.157s][info][gc] GC(22454) Pause Full (Allocation Failure) 15M->12M(15M) 33.903ms
[396.169s][info][gc] GC(22455) Pause Young (Allocation Failure) 14M->15M(15M) 9.064ms
[396.203s][info][gc] GC(22456) Pause Full (Allocation Failure) 15M->12M(15M) 34.037ms
[396.217s][info][gc] GC(22457) Pause Young (Allocation Failure) 14M->15M(15M) 10.362ms
[396.252s][info][gc] GC(22458) Pause Full (Allocation Failure) 15M->12M(15M) 34.876ms
[396.310s][info][gc] GC(22459) Pause Full (Allocation Failure) 15M->12M(15M) 49.858ms
[396.367s][info][gc] GC(22460) Pause Full (Allocation Failure) 15M->12M(15M) 47.299ms
[396.380s][info][gc] GC(22461) Pause Young (Allocation Failure) 14M->15M(15M) 9.627ms
[396.414s][info][gc] GC(22462) Pause Full (Allocation Failure) 15M->12M(15M) 33.875ms
[396.427s][info][gc] GC(22463) Pause Young (Allocation Failure) 14M->15M(15M) 9.410ms
[396.460s][info][gc] GC(22464) Pause Full (Allocation Failure) 15M->12M(15M) 32.980ms
[396.500s][info][gc] GC(22465) Pause Full (Allocation Failure) 15M->12M(15M) 34.101ms
[396.542s][info][gc] GC(22466) Pause Full (Allocation Failure) 15M->12M(15M) 36.046ms
[396.555s][info][gc] GC(22467) Pause Young (Allocation Failure) 14M->15M(15M) 10.102ms
[396.587s][info][gc] GC(22468) Pause Full (Allocation Failure) 15M->12M(15M) 32.068ms
[396.599s][info][gc] GC(22469) Pause Young (Allocation Failure) 14M->15M(15M) 8.775ms
[396.630s][info][gc] GC(22470) Pause Full (Allocation Failure) 15M->12M(15M) 30.915ms
[396.671s][info][gc] GC(22471) Pause Full (Allocation Failure) 15M->12M(15M) 34.742ms
[396.713s][info][gc] GC(22472) Pause Full (Allocation Failure) 15M->12M(15M) 34.975ms
[396.726s][info][gc] GC(22473) Pause Young (Allocation Failure) 14M->15M(15M) 10.088ms
[396.760s][info][gc] GC(22474) Pause Full (Allocation Failure) 15M->12M(15M) 33.647ms
[396.773s][info][gc] GC(22475) Pause Young (Allocation Failure) 14M->15M(15M) 10.005ms
[396.823s][info][gc] GC(22476) Pause Full (Allocation Failure) 15M->12M(15M) 50.286ms
[396.881s][info][gc] GC(22477) Pause Full (Allocation Failure) 15M->12M(15M) 47.332ms
[396.945s][info][gc] GC(22478) Pause Full (Allocation Failure) 15M->12M(15M) 52.797ms
[396.966s][info][gc] GC(22479) Pause Young (Allocation Failure) 14M->15M(15M) 15.925ms
[397.018s][info][gc] GC(22480) Pause Full (Allocation Failure) 15M->12M(15M) 52.171ms
[397.038s][info][gc] GC(22481) Pause Young (Allocation Failure) 14M->15M(15M) 14.919ms
[397.091s][info][gc] GC(22482) Pause Full (Allocation Failure) 15M->12M(15M) 52.439ms
[397.155s][info][gc] GC(22483) Pause Full (Allocation Failure) 15M->12M(15M) 53.144ms
[397.218s][info][gc] GC(22484) Pause Full (Allocation Failure) 15M->12M(15M) 51.373ms
[397.236s][info][gc] GC(22485) Pause Young (Allocation Failure) 14M->15M(15M) 13.826ms
[397.287s][info][gc] GC(22486) Pause Full (Allocation Failure) 15M->12M(15M) 51.130ms
[397.307s][info][gc] GC(22487) Pause Young (Allocation Failure) 14M->15M(15M) 13.319ms
[397.356s][info][gc] GC(22488) Pause Full (Allocation Failure) 15M->12M(15M) 48.948ms
[397.418s][info][gc] GC(22489) Pause Full (Allocation Failure) 15M->12M(15M) 50.210ms
[397.484s][info][gc] GC(22490) Pause Full (Allocation Failure) 15M->12M(15M) 56.486ms
[397.504s][info][gc] GC(22491) Pause Young (Allocation Failure) 14M->15M(15M) 14.696ms
[397.557s][info][gc] GC(22492) Pause Full (Allocation Failure) 15M->12M(15M) 52.688ms
[397.576s][info][gc] GC(22493) Pause Young (Allocation Failure) 14M->15M(15M) 13.890ms
[397.625s][info][gc] GC(22494) Pause Full (Allocation Failure) 15M->12M(15M) 49.337ms
[397.690s][info][gc] GC(22495) Pause Full (Allocation Failure) 15M->12M(15M) 53.076ms
[397.753s][info][gc] GC(22496) Pause Full (Allocation Failure) 15M->12M(15M) 51.678ms
[397.772s][info][gc] GC(22497) Pause Young (Allocation Failure) 14M->15M(15M) 14.477ms
[397.825s][info][gc] GC(22498) Pause Full (Allocation Failure) 15M->12M(15M) 52.614ms
[397.845s][info][gc] GC(22499) Pause Young (Allocation Failure) 14M->15M(15M) 14.708ms
[397.896s][info][gc] GC(22500) Pause Full (Allocation Failure) 15M->12M(15M) 50.498ms
[397.959s][info][gc] GC(22501) Pause Full (Allocation Failure) 15M->12M(15M) 51.583ms
[398.027s][info][gc] GC(22502) Pause Full (Allocation Failure) 15M->12M(15M) 53.961ms
[398.047s][info][gc] GC(22503) Pause Young (Allocation Failure) 14M->15M(15M) 14.325ms
[398.099s][info][gc] GC(22504) Pause Full (Allocation Failure) 15M->12M(15M) 51.682ms
[398.119s][info][gc] GC(22505) Pause Young (Allocation Failure) 14M->15M(15M) 14.574ms
[398.172s][info][gc] GC(22506) Pause Full (Allocation Failure) 15M->12M(15M) 52.749ms
[398.237s][info][gc] GC(22507) Pause Full (Allocation Failure) 15M->12M(15M) 51.826ms
[398.306s][info][gc] GC(22508) Pause Full (Allocation Failure) 15M->12M(15M) 54.669ms
[398.328s][info][gc] GC(22509) Pause Young (Allocation Failure) 14M->15M(15M) 14.588ms
[398.384s][info][gc] GC(22510) Pause Full (Allocation Failure) 15M->12M(15M) 55.501ms
[398.407s][info][gc] GC(22511) Pause Young (Allocation Failure) 14M->15M(15M) 15.712ms
[398.463s][info][gc] GC(22512) Pause Full (Allocation Failure) 15M->12M(15M) 55.795ms
[398.534s][info][gc] GC(22513) Pause Full (Allocation Failure) 15M->12M(15M) 56.193ms
[398.610s][info][gc] GC(22514) Pause Full (Allocation Failure) 15M->12M(15M) 62.048ms
[398.630s][info][gc] GC(22515) Pause Young (Allocation Failure) 14M->15M(15M) 15.875ms
[398.685s][info][gc] GC(22516) Pause Full (Allocation Failure) 15M->12M(15M) 54.677ms
[398.705s][info][gc] GC(22517) Pause Young (Allocation Failure) 14M->15M(15M) 15.105ms
[398.754s][info][gc] GC(22518) Pause Full (Allocation Failure) 15M->12M(15M) 48.709ms
[398.824s][info][gc] GC(22519) Pause Full (Allocation Failure) 15M->12M(15M) 56.127ms
[398.891s][info][gc] GC(22520) Pause Full (Allocation Failure) 15M->12M(15M) 52.690ms
[398.912s][info][gc] GC(22521) Pause Young (Allocation Failure) 14M->15M(15M) 15.423ms
[398.960s][info][gc] GC(22522) Pause Full (Allocation Failure) 15M->12M(15M) 48.458ms
[398.979s][info][gc] GC(22523) Pause Young (Allocation Failure) 14M->15M(15M) 13.684ms
[399.025s][info][gc] GC(22524) Pause Full (Allocation Failure) 15M->12M(15M) 45.632ms
[399.082s][info][gc] GC(22525) Pause Full (Allocation Failure) 15M->12M(15M) 46.361ms
[399.140s][info][gc] GC(22526) Pause Full (Allocation Failure) 15M->12M(15M) 47.415ms
[399.158s][info][gc] GC(22527) Pause Young (Allocation Failure) 14M->15M(15M) 13.922ms
[399.211s][info][gc] GC(22528) Pause Full (Allocation Failure) 15M->12M(15M) 52.552ms
[399.230s][info][gc] GC(22529) Pause Young (Allocation Failure) 14M->15M(15M) 14.830ms
[399.285s][info][gc] GC(22530) Pause Full (Allocation Failure) 15M->12M(15M) 55.055ms
[399.345s][info][gc] GC(22531) Pause Full (Allocation Failure) 15M->12M(15M) 47.652ms
[399.403s][info][gc] GC(22532) Pause Full (Allocation Failure) 15M->12M(15M) 48.768ms
[399.421s][info][gc] GC(22533) Pause Young (Allocation Failure) 14M->15M(15M) 13.357ms
[399.469s][info][gc] GC(22534) Pause Full (Allocation Failure) 15M->12M(15M) 47.086ms
[399.485s][info][gc] GC(22535) Pause Young (Allocation Failure) 14M->15M(15M) 12.395ms
[399.534s][info][gc] GC(22536) Pause Full (Allocation Failure) 15M->12M(15M) 48.496ms
[399.593s][info][gc] GC(22537) Pause Full (Allocation Failure) 15M->12M(15M) 47.387ms
[399.650s][info][gc] GC(22538) Pause Full (Allocation Failure) 15M->12M(15M) 46.583ms
[399.667s][info][gc] GC(22539) Pause Young (Allocation Failure) 14M->15M(15M) 12.792ms
[399.718s][info][gc] GC(22540) Pause Full (Allocation Failure) 15M->12M(15M) 51.251ms
[399.737s][info][gc] GC(22541) Pause Young (Allocation Failure) 14M->15M(15M) 13.898ms
[399.786s][info][gc] GC(22542) Pause Full (Allocation Failure) 15M->12M(15M) 49.090ms
[399.849s][info][gc] GC(22543) Pause Full (Allocation Failure) 15M->12M(15M) 51.415ms
[399.915s][info][gc] GC(22544) Pause Full (Allocation Failure) 15M->12M(15M) 53.042ms
[399.934s][info][gc] GC(22545) Pause Young (Allocation Failure) 14M->15M(15M) 14.037ms
[400.005s][info][gc] GC(22546) Pause Full (Allocation Failure) 15M->12M(15M) 71.332ms
[400.025s][info][gc] GC(22547) Pause Young (Allocation Failure) 14M->15M(15M) 15.220ms
[400.078s][info][gc] GC(22548) Pause Full (Allocation Failure) 15M->12M(15M) 52.154ms
[400.137s][info][gc] GC(22549) Pause Full (Allocation Failure) 15M->12M(15M) 48.240ms
[400.200s][info][gc] GC(22550) Pause Full (Allocation Failure) 15M->12M(15M) 51.810ms
[400.220s][info][gc] GC(22551) Pause Young (Allocation Failure) 14M->15M(15M) 15.015ms
[400.275s][info][gc] GC(22552) Pause Full (Allocation Failure) 15M->12M(15M) 54.872ms
[400.294s][info][gc] GC(22553) Pause Young (Allocation Failure) 14M->15M(15M) 13.701ms
[400.344s][info][gc] GC(22554) Pause Full (Allocation Failure) 15M->12M(15M) 50.124ms
[400.407s][info][gc] GC(22555) Pause Full (Allocation Failure) 15M->12M(15M) 51.196ms
[400.463s][info][gc] GC(22556) Pause Full (Allocation Failure) 15M->12M(15M) 46.636ms
[400.482s][info][gc] GC(22557) Pause Young (Allocation Failure) 14M->15M(15M) 13.641ms
[400.532s][info][gc] GC(22558) Pause Full (Allocation Failure) 15M->12M(15M) 49.854ms
[400.551s][info][gc] GC(22559) Pause Young (Allocation Failure) 14M->15M(15M) 14.802ms
[400.603s][info][gc] GC(22560) Pause Full (Allocation Failure) 15M->12M(15M) 51.020ms
[400.666s][info][gc] GC(22561) Pause Full (Allocation Failure) 15M->12M(15M) 51.764ms
[400.734s][info][gc] GC(22562) Pause Full (Allocation Failure) 15M->12M(15M) 57.406ms
[400.755s][info][gc] GC(22563) Pause Young (Allocation Failure) 14M->15M(15M) 15.377ms
[400.807s][info][gc] GC(22564) Pause Full (Allocation Failure) 15M->12M(15M) 52.293ms
[400.827s][info][gc] GC(22565) Pause Young (Allocation Failure) 14M->15M(15M) 14.439ms
[400.879s][info][gc] GC(22566) Pause Full (Allocation Failure) 15M->12M(15M) 52.211ms
[400.945s][info][gc] GC(22567) Pause Full (Allocation Failure) 15M->12M(15M) 53.958ms
[401.012s][info][gc] GC(22568) Pause Full (Allocation Failure) 15M->12M(15M) 55.579ms
[401.032s][info][gc] GC(22569) Pause Young (Allocation Failure) 14M->15M(15M) 15.133ms
[401.091s][info][gc] GC(22570) Pause Full (Allocation Failure) 15M->12M(15M) 59.132ms
[401.113s][info][gc] GC(22571) Pause Young (Allocation Failure) 14M->15M(15M) 16.059ms
[401.172s][info][gc] GC(22572) Pause Full (Allocation Failure) 15M->12M(15M) 58.543ms
[401.238s][info][gc] GC(22573) Pause Full (Allocation Failure) 15M->12M(15M) 54.803ms
[401.316s][info][gc] GC(22574) Pause Full (Allocation Failure) 15M->12M(15M) 64.515ms
[401.339s][info][gc] GC(22575) Pause Young (Allocation Failure) 14M->15M(15M) 18.361ms
[401.403s][info][gc] GC(22576) Pause Full (Allocation Failure) 15M->12M(15M) 64.308ms
[401.431s][info][gc] GC(22577) Pause Young (Allocation Failure) 14M->15M(15M) 21.839ms
[401.483s][info][gc] GC(22578) Pause Full (Allocation Failure) 15M->12M(15M) 52.256ms
[401.503s][info][gc] GC(22579) Pause Young (Allocation Failure) 14M->15M(15M) 14.463ms
[401.556s][info][gc] GC(22580) Pause Full (Allocation Failure) 15M->12M(15M) 53.791ms
[401.624s][info][gc] GC(22581) Pause Full (Allocation Failure) 15M->12M(15M) 54.482ms
[401.645s][info][gc] GC(22582) Pause Young (Allocation Failure) 14M->15M(15M) 15.302ms
[401.699s][info][gc] GC(22583) Pause Full (Allocation Failure) 15M->12M(15M) 53.763ms
[401.767s][info][gc] GC(22584) Pause Full (Allocation Failure) 15M->12M(15M) 55.582ms
[401.835s][info][gc] GC(22585) Pause Full (Allocation Failure) 15M->12M(15M) 56.136ms
[401.904s][info][gc] GC(22586) Pause Full (Allocation Failure) 15M->12M(15M) 57.929ms
[401.924s][info][gc] GC(22587) Pause Young (Allocation Failure) 14M->15M(15M) 14.858ms
[401.977s][info][gc] GC(22588) Pause Full (Allocation Failure) 15M->12M(15M) 53.558ms
[401.999s][info][gc] GC(22589) Pause Young (Allocation Failure) 14M->15M(15M) 15.767ms
[402.052s][info][gc] GC(22590) Pause Full (Allocation Failure) 15M->12M(15M) 52.654ms
[402.119s][info][gc] GC(22591) Pause Full (Allocation Failure) 15M->12M(15M) 53.825ms
[402.185s][info][gc] GC(22592) Pause Full (Allocation Failure) 15M->12M(15M) 54.875ms
[402.206s][info][gc] GC(22593) Pause Young (Allocation Failure) 14M->15M(15M) 15.332ms
[402.261s][info][gc] GC(22594) Pause Full (Allocation Failure) 15M->12M(15M) 55.290ms
[402.281s][info][gc] GC(22595) Pause Young (Allocation Failure) 14M->15M(15M) 15.335ms
[402.335s][info][gc] GC(22596) Pause Full (Allocation Failure) 15M->12M(15M) 53.737ms
[402.357s][info][gc] GC(22597) Pause Young (Allocation Failure) 14M->15M(15M) 16.228ms
[402.416s][info][gc] GC(22598) Pause Full (Allocation Failure) 15M->12M(15M) 59.160ms
[402.486s][info][gc] GC(22599) Pause Full (Allocation Failure) 15M->12M(15M) 57.019ms
[402.506s][info][gc] GC(22600) Pause Young (Allocation Failure) 14M->15M(15M) 15.008ms
[402.561s][info][gc] GC(22601) Pause Full (Allocation Failure) 15M->12M(15M) 54.771ms
[402.582s][info][gc] GC(22602) Pause Young (Allocation Failure) 14M->15M(15M) 14.966ms
[402.635s][info][gc] GC(22603) Pause Full (Allocation Failure) 15M->12M(15M) 52.653ms
[402.700s][info][gc] GC(22604) Pause Full (Allocation Failure) 15M->12M(15M) 53.528ms
[402.767s][info][gc] GC(22605) Pause Full (Allocation Failure) 15M->12M(15M) 54.318ms
[402.787s][info][gc] GC(22606) Pause Young (Allocation Failure) 14M->15M(15M) 14.907ms
[402.840s][info][gc] GC(22607) Pause Full (Allocation Failure) 15M->12M(15M) 52.869ms
[402.906s][info][gc] GC(22608) Pause Full (Allocation Failure) 15M->12M(15M) 54.104ms
[402.972s][info][gc] GC(22609) Pause Full (Allocation Failure) 15M->12M(15M) 53.815ms
[403.035s][info][gc] GC(22610) Pause Full (Allocation Failure) 15M->12M(15M) 52.375ms
[403.056s][info][gc] GC(22611) Pause Young (Allocation Failure) 14M->15M(15M) 14.687ms
[403.109s][info][gc] GC(22612) Pause Full (Allocation Failure) 15M->12M(15M) 53.002ms
[403.130s][info][gc] GC(22613) Pause Young (Allocation Failure) 14M->15M(15M) 15.291ms
[403.183s][info][gc] GC(22614) Pause Full (Allocation Failure) 15M->12M(15M) 52.954ms
[403.249s][info][gc] GC(22615) Pause Full (Allocation Failure) 15M->12M(15M) 53.846ms
[403.322s][info][gc] GC(22616) Pause Full (Allocation Failure) 15M->12M(15M) 61.606ms
[403.342s][info][gc] GC(22617) Pause Young (Allocation Failure) 14M->15M(15M) 14.907ms
[403.396s][info][gc] GC(22618) Pause Full (Allocation Failure) 15M->12M(15M) 53.675ms
[403.415s][info][gc] GC(22619) Pause Young (Allocation Failure) 14M->15M(15M) 14.340ms
[403.467s][info][gc] GC(22620) Pause Full (Allocation Failure) 15M->12M(15M) 51.827ms
[403.487s][info][gc] GC(22621) Pause Young (Allocation Failure) 14M->15M(15M) 14.809ms
[403.540s][info][gc] GC(22622) Pause Full (Allocation Failure) 15M->12M(15M) 52.727ms
[403.607s][info][gc] GC(22623) Pause Full (Allocation Failure) 15M->12M(15M) 53.810ms
[403.627s][info][gc] GC(22624) Pause Young (Allocation Failure) 14M->15M(15M) 15.000ms
[403.679s][info][gc] GC(22625) Pause Full (Allocation Failure) 15M->12M(15M) 52.162ms
[403.745s][info][gc] GC(22626) Pause Full (Allocation Failure) 15M->12M(15M) 53.048ms
[403.817s][info][gc] GC(22627) Pause Full (Allocation Failure) 15M->12M(15M) 61.382ms
[403.882s][info][gc] GC(22628) Pause Full (Allocation Failure) 15M->12M(15M) 54.239ms
[403.902s][info][gc] GC(22629) Pause Young (Allocation Failure) 14M->15M(15M) 14.930ms
[403.958s][info][gc] GC(22630) Pause Full (Allocation Failure) 15M->12M(15M) 55.550ms
[403.978s][info][gc] GC(22631) Pause Young (Allocation Failure) 14M->15M(15M) 14.886ms
[404.033s][info][gc] GC(22632) Pause Full (Allocation Failure) 15M->12M(15M) 55.008ms
[404.100s][info][gc] GC(22633) Pause Full (Allocation Failure) 15M->12M(15M) 55.181ms
[404.166s][info][gc] GC(22634) Pause Full (Allocation Failure) 15M->12M(15M) 55.380ms
[404.188s][info][gc] GC(22635) Pause Young (Allocation Failure) 14M->15M(15M) 16.294ms
[404.242s][info][gc] GC(22636) Pause Full (Allocation Failure) 15M->12M(15M) 54.583ms
[404.263s][info][gc] GC(22637) Pause Young (Allocation Failure) 14M->15M(15M) 15.915ms
[404.319s][info][gc] GC(22638) Pause Full (Allocation Failure) 15M->12M(15M) 55.646ms
[404.390s][info][gc] GC(22639) Pause Full (Allocation Failure) 15M->12M(15M) 54.100ms
[404.452s][info][gc] GC(22640) Pause Full (Allocation Failure) 15M->12M(15M) 51.096ms
[404.472s][info][gc] GC(22641) Pause Young (Allocation Failure) 14M->15M(15M) 14.686ms
[404.525s][info][gc] GC(22642) Pause Full (Allocation Failure) 15M->12M(15M) 52.642ms
[404.544s][info][gc] GC(22643) Pause Young (Allocation Failure) 14M->15M(15M) 14.415ms
[404.596s][info][gc] GC(22644) Pause Full (Allocation Failure) 15M->12M(15M) 51.738ms
[404.617s][info][gc] GC(22645) Pause Young (Allocation Failure) 14M->15M(15M) 15.378ms
[404.676s][info][gc] GC(22646) Pause Full (Allocation Failure) 15M->12M(15M) 58.652ms
[404.745s][info][gc] GC(22647) Pause Full (Allocation Failure) 15M->12M(15M) 56.692ms
[404.766s][info][gc] GC(22648) Pause Young (Allocation Failure) 14M->15M(15M) 15.220ms
[404.823s][info][gc] GC(22649) Pause Full (Allocation Failure) 15M->12M(15M) 57.378ms
[404.845s][info][gc] GC(22650) Pause Young (Allocation Failure) 14M->15M(15M) 15.953ms
[404.907s][info][gc] GC(22651) Pause Full (Allocation Failure) 15M->12M(15M) 62.342ms
[404.979s][info][gc] GC(22652) Pause Full (Allocation Failure) 15M->12M(15M) 58.777ms
[405.052s][info][gc] GC(22653) Pause Full (Allocation Failure) 15M->12M(15M) 60.525ms
[405.073s][info][gc] GC(22654) Pause Young (Allocation Failure) 14M->15M(15M) 16.656ms
[405.127s][info][gc] GC(22655) Pause Full (Allocation Failure) 15M->12M(15M) 53.340ms
[405.147s][info][gc] GC(22656) Pause Young (Allocation Failure) 14M->15M(15M) 15.272ms
[405.199s][info][gc] GC(22657) Pause Full (Allocation Failure) 15M->12M(15M) 51.324ms
[405.268s][info][gc] GC(22658) Pause Full (Allocation Failure) 15M->12M(15M) 56.708ms
[405.332s][info][gc] GC(22659) Pause Full (Allocation Failure) 15M->12M(15M) 54.723ms
[405.354s][info][gc] GC(22660) Pause Young (Allocation Failure) 14M->15M(15M) 14.558ms
[405.409s][info][gc] GC(22661) Pause Full (Allocation Failure) 15M->12M(15M) 55.084ms
[405.429s][info][gc] GC(22662) Pause Young (Allocation Failure) 14M->15M(15M) 14.802ms
[405.482s][info][gc] GC(22663) Pause Full (Allocation Failure) 15M->12M(15M) 52.932ms
[405.551s][info][gc] GC(22664) Pause Full (Allocation Failure) 15M->12M(15M) 55.559ms
[405.617s][info][gc] GC(22665) Pause Full (Allocation Failure) 15M->12M(15M) 54.174ms
[405.636s][info][gc] GC(22666) Pause Young (Allocation Failure) 14M->15M(15M) 14.874ms
[405.692s][info][gc] GC(22667) Pause Full (Allocation Failure) 15M->12M(15M) 55.216ms
[405.713s][info][gc] GC(22668) Pause Young (Allocation Failure) 14M->15M(15M) 15.675ms
[405.770s][info][gc] GC(22669) Pause Full (Allocation Failure) 15M->12M(15M) 57.277ms
[405.840s][info][gc] GC(22670) Pause Full (Allocation Failure) 15M->12M(15M) 54.389ms
[405.916s][info][gc] GC(22671) Pause Full (Allocation Failure) 15M->12M(15M) 57.410ms
[405.936s][info][gc] GC(22672) Pause Young (Allocation Failure) 14M->15M(15M) 14.743ms
[405.991s][info][gc] GC(22673) Pause Full (Allocation Failure) 15M->12M(15M) 54.573ms
[406.011s][info][gc] GC(22674) Pause Young (Allocation Failure) 14M->15M(15M) 15.064ms
[406.062s][info][gc] GC(22675) Pause Full (Allocation Failure) 15M->12M(15M) 51.426ms
[406.131s][info][gc] GC(22676) Pause Full (Allocation Failure) 15M->12M(15M) 56.254ms
[406.202s][info][gc] GC(22677) Pause Full (Allocation Failure) 15M->12M(15M) 59.550ms
[406.221s][info][gc] GC(22678) Pause Young (Allocation Failure) 14M->15M(15M) 13.609ms
[406.274s][info][gc] GC(22679) Pause Full (Allocation Failure) 15M->12M(15M) 52.769ms
[406.296s][info][gc] GC(22680) Pause Young (Allocation Failure) 14M->15M(15M) 15.611ms
[406.354s][info][gc] GC(22681) Pause Full (Allocation Failure) 15M->12M(15M) 57.989ms
[406.424s][info][gc] GC(22682) Pause Full (Allocation Failure) 15M->12M(15M) 56.009ms
[406.488s][info][gc] GC(22683) Pause Full (Allocation Failure) 15M->12M(15M) 53.447ms
[406.507s][info][gc] GC(22684) Pause Young (Allocation Failure) 14M->15M(15M) 14.476ms
[406.564s][info][gc] GC(22685) Pause Full (Allocation Failure) 15M->12M(15M) 56.689ms
[406.586s][info][gc] GC(22686) Pause Young (Allocation Failure) 14M->15M(15M) 16.768ms
[406.643s][info][gc] GC(22687) Pause Full (Allocation Failure) 15M->12M(15M) 56.451ms
[406.661s][info][gc] GC(22688) Pause Young (Allocation Failure) 14M->15M(15M) 12.252ms
[406.713s][info][gc] GC(22689) Pause Full (Allocation Failure) 15M->12M(15M) 51.916ms
[406.782s][info][gc] GC(22690) Pause Full (Allocation Failure) 15M->12M(15M) 55.934ms
[406.802s][info][gc] GC(22691) Pause Young (Allocation Failure) 14M->15M(15M) 15.028ms
[406.859s][info][gc] GC(22692) Pause Full (Allocation Failure) 15M->12M(15M) 56.775ms
[406.928s][info][gc] GC(22693) Pause Full (Allocation Failure) 15M->12M(15M) 56.041ms
[406.996s][info][gc] GC(22694) Pause Full (Allocation Failure) 15M->12M(15M) 54.224ms
[407.063s][info][gc] GC(22695) Pause Full (Allocation Failure) 15M->12M(15M) 56.962ms
[407.082s][info][gc] GC(22696) Pause Young (Allocation Failure) 14M->15M(15M) 14.083ms
[407.138s][info][gc] GC(22697) Pause Full (Allocation Failure) 15M->12M(15M) 56.569ms
[407.159s][info][gc] GC(22698) Pause Young (Allocation Failure) 14M->15M(15M) 15.184ms
[407.215s][info][gc] GC(22699) Pause Full (Allocation Failure) 15M->12M(15M) 56.125ms
[407.288s][info][gc] GC(22700) Pause Full (Allocation Failure) 15M->12M(15M) 58.835ms
[407.356s][info][gc] GC(22701) Pause Full (Allocation Failure) 15M->12M(15M) 54.551ms
[407.376s][info][gc] GC(22702) Pause Young (Allocation Failure) 14M->15M(15M) 15.392ms
[407.432s][info][gc] GC(22703) Pause Full (Allocation Failure) 15M->12M(15M) 55.653ms
[407.452s][info][gc] GC(22704) Pause Young (Allocation Failure) 14M->15M(15M) 15.151ms
[407.509s][info][gc] GC(22705) Pause Full (Allocation Failure) 15M->12M(15M) 56.837ms
[407.581s][info][gc] GC(22706) Pause Full (Allocation Failure) 15M->12M(15M) 57.026ms
[407.650s][info][gc] GC(22707) Pause Full (Allocation Failure) 15M->12M(15M) 56.832ms
[407.670s][info][gc] GC(22708) Pause Young (Allocation Failure) 14M->15M(15M) 15.522ms
[407.728s][info][gc] GC(22709) Pause Full (Allocation Failure) 15M->12M(15M) 57.038ms
[407.749s][info][gc] GC(22710) Pause Young (Allocation Failure) 14M->15M(15M) 16.645ms
[407.807s][info][gc] GC(22711) Pause Full (Allocation Failure) 15M->12M(15M) 57.424ms
[407.878s][info][gc] GC(22712) Pause Full (Allocation Failure) 15M->12M(15M) 55.944ms
[407.939s][info][gc] GC(22713) Pause Full (Allocation Failure) 15M->12M(15M) 50.833ms
[407.960s][info][gc] GC(22714) Pause Young (Allocation Failure) 14M->15M(15M) 15.141ms
[408.012s][info][gc] GC(22715) Pause Full (Allocation Failure) 15M->12M(15M) 52.265ms
[408.032s][info][gc] GC(22716) Pause Young (Allocation Failure) 14M->15M(15M) 14.226ms
[408.085s][info][gc] GC(22717) Pause Full (Allocation Failure) 15M->12M(15M) 53.518ms
[408.153s][info][gc] GC(22718) Pause Full (Allocation Failure) 15M->12M(15M) 55.153ms
[408.222s][info][gc] GC(22719) Pause Full (Allocation Failure) 15M->12M(15M) 57.260ms
[408.242s][info][gc] GC(22720) Pause Young (Allocation Failure) 14M->15M(15M) 14.325ms
[408.292s][info][gc] GC(22721) Pause Full (Allocation Failure) 15M->12M(15M) 49.837ms
[408.313s][info][gc] GC(22722) Pause Young (Allocation Failure) 14M->15M(15M) 14.547ms
[408.368s][info][gc] GC(22723) Pause Full (Allocation Failure) 15M->12M(15M) 54.734ms
[408.436s][info][gc] GC(22724) Pause Full (Allocation Failure) 15M->12M(15M) 54.961ms
[408.497s][info][gc] GC(22725) Pause Full (Allocation Failure) 15M->12M(15M) 50.394ms
[408.516s][info][gc] GC(22726) Pause Young (Allocation Failure) 14M->15M(15M) 14.543ms
[408.570s][info][gc] GC(22727) Pause Full (Allocation Failure) 15M->12M(15M) 53.058ms
[408.590s][info][gc] GC(22728) Pause Young (Allocation Failure) 14M->15M(15M) 14.868ms
[408.645s][info][gc] GC(22729) Pause Full (Allocation Failure) 15M->12M(15M) 55.618ms
[408.712s][info][gc] GC(22730) Pause Full (Allocation Failure) 15M->12M(15M) 53.009ms
[408.775s][info][gc] GC(22731) Pause Full (Allocation Failure) 15M->12M(15M) 51.857ms
[408.794s][info][gc] GC(22732) Pause Young (Allocation Failure) 14M->15M(15M) 14.198ms
[408.846s][info][gc] GC(22733) Pause Full (Allocation Failure) 15M->12M(15M) 51.856ms
[408.867s][info][gc] GC(22734) Pause Young (Allocation Failure) 14M->15M(15M) 15.095ms
[408.921s][info][gc] GC(22735) Pause Full (Allocation Failure) 15M->12M(15M) 54.378ms
[408.942s][info][gc] GC(22736) Pause Young (Allocation Failure) 14M->15M(15M) 14.982ms
[408.994s][info][gc] GC(22737) Pause Full (Allocation Failure) 15M->12M(15M) 51.940ms
[409.091s][info][gc] GC(22738) Pause Full (Allocation Failure) 15M->12M(15M) 83.265ms
[409.208s][info][gc] GC(22739) Pause Young (Allocation Failure) 14M->15M(15M) 15.185ms
[409.261s][info][gc] GC(22740) Pause Full (Allocation Failure) 15M->12M(15M) 52.968ms
[409.326s][info][gc] GC(22741) Pause Full (Allocation Failure) 15M->12M(15M) 51.346ms
[409.396s][info][gc] GC(22742) Pause Full (Allocation Failure) 15M->12M(15M) 56.518ms
[409.462s][info][gc] GC(22743) Pause Full (Allocation Failure) 15M->12M(15M) 55.302ms
[409.484s][info][gc] GC(22744) Pause Young (Allocation Failure) 14M->15M(15M) 16.734ms
[409.535s][info][gc] GC(22745) Pause Full (Allocation Failure) 15M->12M(15M) 50.623ms
[409.555s][info][gc] GC(22746) Pause Young (Allocation Failure) 14M->15M(15M) 14.730ms
[409.605s][info][gc] GC(22747) Pause Full (Allocation Failure) 15M->12M(15M) 50.055ms
[409.670s][info][gc] GC(22748) Pause Full (Allocation Failure) 15M->12M(15M) 53.665ms
[409.733s][info][gc] GC(22749) Pause Full (Allocation Failure) 15M->12M(15M) 51.620ms
[409.753s][info][gc] GC(22750) Pause Young (Allocation Failure) 14M->15M(15M) 14.424ms
[409.803s][info][gc] GC(22751) Pause Full (Allocation Failure) 15M->12M(15M) 49.750ms
[409.822s][info][gc] GC(22752) Pause Young (Allocation Failure) 14M->15M(15M) 14.678ms
[409.872s][info][gc] GC(22753) Pause Full (Allocation Failure) 15M->12M(15M) 49.731ms
[409.937s][info][gc] GC(22754) Pause Full (Allocation Failure) 15M->12M(15M) 53.148ms
[409.996s][info][gc] GC(22755) Pause Full (Allocation Failure) 15M->12M(15M) 47.975ms
[410.015s][info][gc] GC(22756) Pause Young (Allocation Failure) 14M->15M(15M) 14.431ms
[410.066s][info][gc] GC(22757) Pause Full (Allocation Failure) 15M->12M(15M) 50.957ms
[410.086s][info][gc] GC(22758) Pause Young (Allocation Failure) 14M->15M(15M) 14.967ms
[410.136s][info][gc] GC(22759) Pause Full (Allocation Failure) 15M->12M(15M) 50.352ms
[410.208s][info][gc] GC(22760) Pause Full (Allocation Failure) 15M->12M(15M) 60.172ms
[410.269s][info][gc] GC(22761) Pause Full (Allocation Failure) 15M->12M(15M) 50.101ms
[410.289s][info][gc] GC(22762) Pause Young (Allocation Failure) 14M->15M(15M) 15.041ms
[410.340s][info][gc] GC(22763) Pause Full (Allocation Failure) 15M->12M(15M) 51.046ms
[410.413s][info][gc] GC(22764) Pause Full (Allocation Failure) 15M->12M(15M) 60.352ms
[410.467s][info][gc] GC(22765) Pause Full (Allocation Failure) 15M->12M(15M) 41.679ms
[410.520s][info][gc] GC(22766) Pause Full (Allocation Failure) 15M->12M(15M) 43.180ms
[410.537s][info][gc] GC(22767) Pause Young (Allocation Failure) 14M->15M(15M) 11.680ms
[410.581s][info][gc] GC(22768) Pause Full (Allocation Failure) 15M->12M(15M) 43.645ms
[410.632s][info][gc] GC(22769) Pause Full (Allocation Failure) 15M->12M(15M) 42.729ms
[410.693s][info][gc] GC(22770) Pause Full (Allocation Failure) 15M->12M(15M) 51.110ms
[410.750s][info][gc] GC(22771) Pause Full (Allocation Failure) 15M->12M(15M) 46.429ms
[410.765s][info][gc] GC(22772) Pause Young (Allocation Failure) 14M->15M(15M) 11.375ms
[410.803s][info][gc] GC(22773) Pause Full (Allocation Failure) 15M->12M(15M) 38.465ms
[410.863s][info][gc] GC(22774) Pause Full (Allocation Failure) 15M->12M(15M) 47.807ms
[410.912s][info][gc] GC(22775) Pause Full (Allocation Failure) 15M->12M(15M) 39.736ms
[410.966s][info][gc] GC(22776) Pause Full (Allocation Failure) 15M->12M(15M) 44.086ms
[410.982s][info][gc] GC(22777) Pause Young (Allocation Failure) 14M->15M(15M) 11.843ms
[411.027s][info][gc] GC(22778) Pause Full (Allocation Failure) 15M->12M(15M) 44.298ms
[411.087s][info][gc] GC(22779) Pause Full (Allocation Failure) 15M->12M(15M) 48.962ms
[411.145s][info][gc] GC(22780) Pause Full (Allocation Failure) 15M->12M(15M) 48.931ms
[411.198s][info][gc] GC(22781) Pause Full (Allocation Failure) 15M->12M(15M) 44.266ms
[411.255s][info][gc] GC(22782) Pause Full (Allocation Failure) 15M->12M(15M) 45.499ms
[411.316s][info][gc] GC(22783) Pause Full (Allocation Failure) 15M->12M(15M) 50.139ms
[411.366s][info][gc] GC(22784) Pause Full (Allocation Failure) 15M->12M(15M) 38.014ms
[411.417s][info][gc] GC(22785) Pause Full (Allocation Failure) 15M->12M(15M) 40.389ms
[411.467s][info][gc] GC(22786) Pause Full (Allocation Failure) 15M->12M(15M) 37.993ms
[411.528s][info][gc] GC(22787) Pause Full (Allocation Failure) 15M->12M(15M) 50.294ms
[411.581s][info][gc] GC(22788) Pause Full (Allocation Failure) 15M->12M(15M) 40.859ms
[411.627s][info][gc] GC(22789) Pause Full (Allocation Failure) 15M->12M(15M) 35.791ms
[411.683s][info][gc] GC(22790) Pause Full (Allocation Failure) 15M->12M(15M) 42.827ms
[411.748s][info][gc] GC(22791) Pause Full (Allocation Failure) 15M->12M(15M) 52.631ms
[411.812s][info][gc] GC(22792) Pause Full (Allocation Failure) 15M->12M(15M) 52.879ms
[411.871s][info][gc] GC(22793) Pause Full (Allocation Failure) 15M->12M(15M) 47.357ms
[411.936s][info][gc] GC(22794) Pause Full (Allocation Failure) 15M->12M(15M) 51.132ms
[411.998s][info][gc] GC(22795) Pause Full (Allocation Failure) 15M->12M(15M) 51.492ms
[412.049s][info][gc] GC(22796) Pause Full (Allocation Failure) 15M->12M(15M) 39.350ms
[412.095s][info][gc] GC(22797) Pause Full (Allocation Failure) 15M->12M(15M) 37.703ms
[412.147s][info][gc] GC(22798) Pause Full (Allocation Failure) 15M->12M(15M) 42.648ms
[412.208s][info][gc] GC(22799) Pause Full (Allocation Failure) 15M->12M(15M) 49.813ms
[412.263s][info][gc] GC(22800) Pause Full (Allocation Failure) 15M->12M(15M) 45.477ms
[412.308s][info][gc] GC(22801) Pause Full (Allocation Failure) 15M->12M(15M) 35.947ms
[412.363s][info][gc] GC(22802) Pause Full (Allocation Failure) 15M->12M(15M) 45.765ms
[412.425s][info][gc] GC(22803) Pause Full (Allocation Failure) 15M->12M(15M) 50.565ms
[412.477s][info][gc] GC(22804) Pause Full (Allocation Failure) 15M->12M(15M) 40.624ms
[412.526s][info][gc] GC(22805) Pause Full (Allocation Failure) 15M->12M(15M) 38.464ms
[412.578s][info][gc] GC(22806) Pause Full (Allocation Failure) 15M->12M(15M) 39.031ms
[412.636s][info][gc] GC(22807) Pause Full (Allocation Failure) 15M->12M(15M) 50.173ms
[412.697s][info][gc] GC(22808) Pause Full (Allocation Failure) 15M->12M(15M) 49.045ms
[412.753s][info][gc] GC(22809) Pause Full (Allocation Failure) 15M->12M(15M) 49.350ms
[412.768s][info][gc] GC(22810) Pause Young (Allocation Failure) 14M->15M(15M) 12.089ms
[412.812s][info][gc] GC(22811) Pause Full (Allocation Failure) 15M->12M(15M) 43.595ms
[412.877s][info][gc] GC(22812) Pause Full (Allocation Failure) 15M->12M(15M) 53.759ms
[412.942s][info][gc] GC(22813) Pause Full (Allocation Failure) 15M->12M(15M) 52.844ms
[413.008s][info][gc] GC(22814) Pause Full (Allocation Failure) 15M->12M(15M) 52.724ms
[413.027s][info][gc] GC(22815) Pause Young (Allocation Failure) 14M->15M(15M) 14.112ms
[413.081s][info][gc] GC(22816) Pause Full (Allocation Failure) 15M->12M(15M) 53.321ms
[413.145s][info][gc] GC(22817) Pause Full (Allocation Failure) 15M->12M(15M) 53.335ms
[413.211s][info][gc] GC(22818) Pause Full (Allocation Failure) 15M->12M(15M) 53.084ms
[413.275s][info][gc] GC(22819) Pause Full (Allocation Failure) 15M->12M(15M) 52.836ms
[413.340s][info][gc] GC(22820) Pause Full (Allocation Failure) 15M->12M(15M) 52.346ms
[413.405s][info][gc] GC(22821) Pause Full (Allocation Failure) 15M->12M(15M) 53.840ms
[413.469s][info][gc] GC(22822) Pause Full (Allocation Failure) 15M->12M(15M) 53.006ms
[413.536s][info][gc] GC(22823) Pause Full (Allocation Failure) 15M->12M(15M) 52.764ms
[413.606s][info][gc] GC(22824) Pause Full (Allocation Failure) 15M->12M(15M) 55.786ms
[413.678s][info][gc] GC(22825) Pause Full (Allocation Failure) 15M->12M(15M) 60.963ms
[413.745s][info][gc] GC(22826) Pause Full (Allocation Failure) 15M->12M(15M) 54.084ms
[413.810s][info][gc] GC(22827) Pause Full (Allocation Failure) 15M->12M(15M) 54.495ms
[413.875s][info][gc] GC(22828) Pause Full (Allocation Failure) 15M->12M(15M) 50.366ms
[413.935s][info][gc] GC(22829) Pause Full (Allocation Failure) 15M->12M(15M) 49.742ms
[413.998s][info][gc] GC(22830) Pause Full (Allocation Failure) 15M->12M(15M) 50.787ms
[414.059s][info][gc] GC(22831) Pause Full (Allocation Failure) 15M->12M(15M) 50.966ms
[414.113s][info][gc] GC(22832) Pause Full (Allocation Failure) 15M->12M(15M) 40.311ms
[414.175s][info][gc] GC(22833) Pause Full (Allocation Failure) 15M->12M(15M) 50.604ms
[414.240s][info][gc] GC(22834) Pause Full (Allocation Failure) 15M->12M(15M) 53.639ms
[414.287s][info][gc] GC(22835) Pause Full (Allocation Failure) 15M->12M(15M) 40.095ms
[414.337s][info][gc] GC(22836) Pause Full (Allocation Failure) 15M->12M(15M) 39.971ms
[414.393s][info][gc] GC(22837) Pause Full (Allocation Failure) 15M->12M(15M) 44.644ms
[414.454s][info][gc] GC(22838) Pause Full (Allocation Failure) 15M->12M(15M) 50.190ms
[414.516s][info][gc] GC(22839) Pause Full (Allocation Failure) 15M->12M(15M) 49.773ms
[414.573s][info][gc] GC(22840) Pause Full (Allocation Failure) 15M->12M(15M) 43.192ms
[414.631s][info][gc] GC(22841) Pause Full (Allocation Failure) 15M->12M(15M) 47.437ms
[414.689s][info][gc] GC(22842) Pause Full (Allocation Failure) 15M->12M(15M) 46.332ms
[414.744s][info][gc] GC(22843) Pause Full (Allocation Failure) 15M->12M(15M) 44.735ms
[414.806s][info][gc] GC(22844) Pause Full (Allocation Failure) 15M->12M(15M) 49.977ms
[414.870s][info][gc] GC(22845) Pause Full (Allocation Failure) 15M->12M(15M) 52.146ms
[414.935s][info][gc] GC(22846) Pause Full (Allocation Failure) 15M->12M(15M) 52.268ms
[414.994s][info][gc] GC(22847) Pause Full (Allocation Failure) 15M->12M(15M) 48.045ms
[415.039s][info][gc] GC(22848) Pause Full (Allocation Failure) 15M->12M(15M) 37.183ms
[415.092s][info][gc] GC(22849) Pause Full (Allocation Failure) 15M->12M(15M) 46.205ms
[415.153s][info][gc] GC(22850) Pause Full (Allocation Failure) 15M->12M(15M) 50.527ms
[415.216s][info][gc] GC(22851) Pause Full (Allocation Failure) 15M->12M(15M) 51.724ms
[415.280s][info][gc] GC(22852) Pause Full (Allocation Failure) 15M->12M(15M) 51.175ms
[415.342s][info][gc] GC(22853) Pause Full (Allocation Failure) 15M->12M(15M) 51.188ms
[415.394s][info][gc] GC(22854) Pause Full (Allocation Failure) 15M->12M(15M) 42.470ms
[415.443s][info][gc] GC(22855) Pause Full (Allocation Failure) 15M->12M(15M) 40.071ms
[415.506s][info][gc] GC(22856) Pause Full (Allocation Failure) 15M->12M(15M) 49.471ms
[415.550s][info][gc] GC(22857) Pause Full (Allocation Failure) 15M->12M(15M) 34.170ms
[415.589s][info][gc] GC(22858) Pause Full (Allocation Failure) 15M->12M(15M) 33.542ms
[415.633s][info][gc] GC(22859) Pause Full (Allocation Failure) 15M->12M(15M) 36.960ms
[415.675s][info][gc] GC(22860) Pause Full (Allocation Failure) 15M->12M(15M) 34.176ms
[415.720s][info][gc] GC(22861) Pause Full (Allocation Failure) 15M->12M(15M) 37.442ms
[415.766s][info][gc] GC(22862) Pause Full (Allocation Failure) 15M->12M(15M) 39.120ms
[415.805s][info][gc] GC(22863) Pause Full (Allocation Failure) 15M->12M(15M) 33.233ms
[415.851s][info][gc] GC(22864) Pause Full (Allocation Failure) 15M->12M(15M) 38.070ms
[415.899s][info][gc] GC(22865) Pause Full (Allocation Failure) 15M->12M(15M) 40.444ms
[415.939s][info][gc] GC(22866) Pause Full (Allocation Failure) 15M->12M(15M) 32.823ms
[415.988s][info][gc] GC(22867) Pause Full (Allocation Failure) 15M->12M(15M) 39.171ms
[416.035s][info][gc] GC(22868) Pause Full (Allocation Failure) 15M->12M(15M) 35.866ms
[416.078s][info][gc] GC(22869) Pause Full (Allocation Failure) 15M->12M(15M) 36.040ms
[416.127s][info][gc] GC(22870) Pause Full (Allocation Failure) 15M->12M(15M) 43.823ms
[416.191s][info][gc] GC(22871) Pause Full (Allocation Failure) 15M->12M(15M) 51.402ms
[416.251s][info][gc] GC(22872) Pause Full (Allocation Failure) 15M->12M(15M) 47.792ms
[416.298s][info][gc] GC(22873) Pause Full (Allocation Failure) 15M->12M(15M) 40.661ms
[416.353s][info][gc] GC(22874) Pause Full (Allocation Failure) 15M->12M(15M) 45.901ms
[416.404s][info][gc] GC(22875) Pause Full (Allocation Failure) 15M->12M(15M) 40.323ms
[416.451s][info][gc] GC(22876) Pause Full (Allocation Failure) 15M->12M(15M) 39.147ms
[416.498s][info][gc] GC(22877) Pause Full (Allocation Failure) 15M->12M(15M) 41.015ms
[416.561s][info][gc] GC(22878) Pause Full (Allocation Failure) 15M->12M(15M) 52.175ms
[416.605s][info][gc] GC(22879) Pause Full (Allocation Failure) 15M->12M(15M) 36.358ms
[416.661s][info][gc] GC(22880) Pause Full (Allocation Failure) 15M->12M(15M) 46.417ms
[416.721s][info][gc] GC(22881) Pause Full (Allocation Failure) 15M->12M(15M) 49.289ms
[416.785s][info][gc] GC(22882) Pause Full (Allocation Failure) 15M->12M(15M) 53.023ms
[416.846s][info][gc] GC(22883) Pause Full (Allocation Failure) 15M->12M(15M) 51.442ms
[416.905s][info][gc] GC(22884) Pause Full (Allocation Failure) 15M->12M(15M) 43.580ms
[416.963s][info][gc] GC(22885) Pause Full (Allocation Failure) 15M->12M(15M) 45.525ms
[417.027s][info][gc] GC(22886) Pause Full (Allocation Failure) 15M->12M(15M) 52.924ms
[417.086s][info][gc] GC(22887) Pause Full (Allocation Failure) 15M->12M(15M) 48.398ms
[417.146s][info][gc] GC(22888) Pause Full (Allocation Failure) 15M->12M(15M) 47.640ms
[417.194s][info][gc] GC(22889) Pause Full (Allocation Failure) 15M->12M(15M) 38.805ms
[417.250s][info][gc] GC(22890) Pause Full (Allocation Failure) 15M->12M(15M) 49.591ms
[417.310s][info][gc] GC(22891) Pause Full (Allocation Failure) 15M->12M(15M) 49.967ms
[417.365s][info][gc] GC(22892) Pause Full (Allocation Failure) 15M->12M(15M) 41.759ms
[417.413s][info][gc] GC(22893) Pause Full (Allocation Failure) 15M->12M(15M) 41.591ms
[417.467s][info][gc] GC(22894) Pause Full (Allocation Failure) 15M->12M(15M) 43.215ms
[417.512s][info][gc] GC(22895) Pause Full (Allocation Failure) 15M->12M(15M) 39.115ms
[417.558s][info][gc] GC(22896) Pause Full (Allocation Failure) 15M->12M(15M) 37.053ms
[417.602s][info][gc] GC(22897) Pause Full (Allocation Failure) 15M->12M(15M) 36.853ms
[417.657s][info][gc] GC(22898) Pause Full (Allocation Failure) 15M->12M(15M) 42.575ms
[417.715s][info][gc] GC(22899) Pause Full (Allocation Failure) 15M->12M(15M) 49.082ms
[417.767s][info][gc] GC(22900) Pause Full (Allocation Failure) 15M->12M(15M) 44.106ms
[417.822s][info][gc] GC(22901) Pause Full (Allocation Failure) 15M->12M(15M) 47.198ms
[417.878s][info][gc] GC(22902) Pause Full (Allocation Failure) 15M->12M(15M) 42.867ms
[417.933s][info][gc] GC(22903) Pause Full (Allocation Failure) 15M->12M(15M) 41.902ms
[417.980s][info][gc] GC(22904) Pause Full (Allocation Failure) 15M->12M(15M) 39.137ms
[418.024s][info][gc] GC(22905) Pause Full (Allocation Failure) 15M->12M(15M) 36.704ms
[418.063s][info][gc] GC(22906) Pause Full (Allocation Failure) 15M->12M(15M) 33.566ms
[418.104s][info][gc] GC(22907) Pause Full (Allocation Failure) 15M->12M(15M) 33.808ms
[418.143s][info][gc] GC(22908) Pause Full (Allocation Failure) 15M->12M(15M) 33.021ms
[418.183s][info][gc] GC(22909) Pause Full (Allocation Failure) 15M->12M(15M) 33.728ms
[418.221s][info][gc] GC(22910) Pause Full (Allocation Failure) 15M->12M(15M) 32.262ms
[418.260s][info][gc] GC(22911) Pause Full (Allocation Failure) 15M->12M(15M) 32.834ms
[418.300s][info][gc] GC(22912) Pause Full (Allocation Failure) 15M->12M(15M) 32.550ms
[418.342s][info][gc] GC(22913) Pause Full (Allocation Failure) 15M->12M(15M) 35.620ms
[418.382s][info][gc] GC(22914) Pause Full (Allocation Failure) 15M->12M(15M) 34.744ms
[418.421s][info][gc] GC(22915) Pause Full (Allocation Failure) 15M->12M(15M) 32.976ms
[418.462s][info][gc] GC(22916) Pause Full (Allocation Failure) 15M->12M(15M) 34.728ms
[418.500s][info][gc] GC(22917) Pause Full (Allocation Failure) 15M->12M(15M) 31.066ms
[418.538s][info][gc] GC(22918) Pause Full (Allocation Failure) 15M->12M(15M) 32.278ms
[418.578s][info][gc] GC(22919) Pause Full (Allocation Failure) 15M->12M(15M) 33.726ms
[418.617s][info][gc] GC(22920) Pause Full (Allocation Failure) 15M->12M(15M) 31.693ms
[418.654s][info][gc] GC(22921) Pause Full (Allocation Failure) 15M->12M(15M) 30.907ms
[418.704s][info][gc] GC(22922) Pause Full (Allocation Failure) 15M->12M(15M) 43.011ms
[418.743s][info][gc] GC(22923) Pause Full (Allocation Failure) 15M->12M(15M) 33.342ms
[418.785s][info][gc] GC(22924) Pause Full (Allocation Failure) 15M->12M(15M) 35.090ms
[418.834s][info][gc] GC(22925) Pause Full (Allocation Failure) 15M->12M(15M) 42.180ms
[418.881s][info][gc] GC(22926) Pause Full (Allocation Failure) 15M->12M(15M) 36.557ms
[418.922s][info][gc] GC(22927) Pause Full (Allocation Failure) 15M->12M(15M) 33.394ms
[418.967s][info][gc] GC(22928) Pause Full (Allocation Failure) 15M->12M(15M) 38.090ms
[419.013s][info][gc] GC(22929) Pause Full (Allocation Failure) 15M->12M(15M) 36.748ms
[419.055s][info][gc] GC(22930) Pause Full (Allocation Failure) 15M->12M(15M) 35.653ms
[419.096s][info][gc] GC(22931) Pause Full (Allocation Failure) 15M->12M(15M) 34.308ms
[419.136s][info][gc] GC(22932) Pause Full (Allocation Failure) 15M->12M(15M) 32.290ms
[419.175s][info][gc] GC(22933) Pause Full (Allocation Failure) 15M->12M(15M) 32.636ms
[419.215s][info][gc] GC(22934) Pause Full (Allocation Failure) 15M->12M(15M) 33.516ms
[419.254s][info][gc] GC(22935) Pause Full (Allocation Failure) 15M->12M(15M) 31.954ms
[419.296s][info][gc] GC(22936) Pause Full (Allocation Failure) 15M->12M(15M) 34.582ms
[419.334s][info][gc] GC(22937) Pause Full (Allocation Failure) 15M->12M(15M) 31.361ms
[419.374s][info][gc] GC(22938) Pause Full (Allocation Failure) 15M->12M(15M) 32.815ms
[419.413s][info][gc] GC(22939) Pause Full (Allocation Failure) 15M->12M(15M) 33.213ms
[419.451s][info][gc] GC(22940) Pause Full (Allocation Failure) 15M->12M(15M) 31.453ms
[419.491s][info][gc] GC(22941) Pause Full (Allocation Failure) 15M->12M(15M) 34.191ms
[419.529s][info][gc] GC(22942) Pause Full (Allocation Failure) 15M->12M(15M) 32.321ms
[419.566s][info][gc] GC(22943) Pause Full (Allocation Failure) 15M->12M(15M) 31.800ms
[419.608s][info][gc] GC(22944) Pause Full (Allocation Failure) 15M->12M(15M) 34.626ms
[419.646s][info][gc] GC(22945) Pause Full (Allocation Failure) 15M->12M(15M) 32.410ms
[419.687s][info][gc] GC(22946) Pause Full (Allocation Failure) 15M->12M(15M) 34.231ms
[419.728s][info][gc] GC(22947) Pause Full (Allocation Failure) 15M->12M(15M) 35.299ms
[419.768s][info][gc] GC(22948) Pause Full (Allocation Failure) 15M->12M(15M) 33.282ms
[419.808s][info][gc] GC(22949) Pause Full (Allocation Failure) 15M->12M(15M) 33.554ms
[419.853s][info][gc] GC(22950) Pause Full (Allocation Failure) 15M->12M(15M) 38.263ms
[419.898s][info][gc] GC(22951) Pause Full (Allocation Failure) 15M->12M(15M) 37.597ms
[419.941s][info][gc] GC(22952) Pause Full (Allocation Failure) 15M->12M(15M) 36.187ms
[419.983s][info][gc] GC(22953) Pause Full (Allocation Failure) 15M->12M(15M) 34.470ms
[437.340s][info][gc] GC(22954) Pause Full (Allocation Failure) 15M->12M(15M) 42.015ms
[468.369s][info][gc] GC(22955) Pause Full (Allocation Failure) 15M->12M(15M) 48.181ms
[500.381s][info][gc] GC(22956) Pause Full (Allocation Failure) 15M->4M(15M) 36.676ms
