[0.040s][info][gc] Using Serial
[9.153s][info][gc] GC(0) Pause Young (Allocation Failure) 4M->1M(15M) 10.998ms
[9.214s][info][gc] GC(1) Pause Young (Allocation Failure) 6M->1M(15M) 4.396ms
[9.260s][info][gc] GC(2) Pause Young (Allocation Failure) 6M->1M(15M) 0.504ms
[9.368s][info][gc] GC(3) Pause Young (Allocation Failure) 6M->1M(15M) 0.481ms
[9.392s][info][gc] GC(4) Pause Young (Allocation Failure) 6M->1M(15M) 0.402ms
[9.425s][info][gc] GC(5) Pause Young (Allocation Failure) 6M->1M(15M) 0.486ms
[9.448s][info][gc] GC(6) Pause Young (Allocation Failure) 6M->1M(15M) 0.749ms
[9.472s][info][gc] GC(7) Pause Young (Allocation Failure) 6M->2M(15M) 0.565ms
[9.495s][info][gc] GC(8) Pause Young (Allocation Failure) 6M->2M(15M) 0.531ms
[9.517s][info][gc] GC(9) Pause Young (Allocation Failure) 6M->2M(15M) 0.600ms
[9.540s][info][gc] GC(10) Pause Young (Allocation Failure) 6M->2M(15M) 0.506ms
[9.640s][info][gc] GC(11) Pause Young (Allocation Failure) 6M->2M(15M) 0.961ms
[9.721s][info][gc] GC(12) Pause Young (Allocation Failure) 6M->2M(15M) 0.734ms
[9.758s][info][gc] GC(13) Pause Young (Allocation Failure) 6M->2M(15M) 0.700ms
[9.780s][info][gc] GC(14) Pause Young (Allocation Failure) 6M->2M(15M) 0.652ms
[9.802s][info][gc] GC(15) Pause Young (Allocation Failure) 6M->2M(15M) 0.683ms
[9.856s][info][gc] GC(16) Pause Young (Allocation Failure) 6M->2M(15M) 0.745ms
[19.911s][info][gc] GC(17) Pause Young (Allocation Failure) 6M->2M(15M) 0.786ms
[19.923s][info][gc] GC(18) Pause Young (Allocation Failure) 6M->2M(15M) 0.483ms
[19.932s][info][gc] GC(19) Pause Young (Allocation Failure) 6M->2M(15M) 0.497ms
[19.942s][info][gc] GC(20) Pause Young (Allocation Failure) 6M->2M(15M) 0.532ms
[19.956s][info][gc] GC(21) Pause Young (Allocation Failure) 6M->2M(15M) 0.472ms
[19.965s][info][gc] GC(22) Pause Young (Allocation Failure) 6M->2M(15M) 0.554ms
[19.971s][info][gc] GC(23) Pause Young (Allocation Failure) 6M->2M(15M) 0.465ms
[19.977s][info][gc] GC(24) Pause Young (Allocation Failure) 6M->1M(15M) 0.297ms
[19.982s][info][gc] GC(25) Pause Young (Allocation Failure) 6M->1M(15M) 0.282ms
[19.988s][info][gc] GC(26) Pause Young (Allocation Failure) 6M->1M(15M) 0.305ms
[19.994s][info][gc] GC(27) Pause Young (Allocation Failure) 6M->2M(15M) 0.312ms
[20.001s][info][gc] GC(28) Pause Young (Allocation Failure) 6M->2M(15M) 0.345ms
[20.007s][info][gc] GC(29) Pause Young (Allocation Failure) 6M->2M(15M) 0.375ms
[20.013s][info][gc] GC(30) Pause Young (Allocation Failure) 6M->2M(15M) 0.369ms
[20.019s][info][gc] GC(31) Pause Young (Allocation Failure) 6M->2M(15M) 0.335ms
[20.026s][info][gc] GC(32) Pause Young (Allocation Failure) 6M->2M(15M) 0.376ms
[20.033s][info][gc] GC(33) Pause Young (Allocation Failure) 6M->2M(15M) 0.398ms
[20.039s][info][gc] GC(34) Pause Young (Allocation Failure) 6M->2M(15M) 0.398ms
[20.048s][info][gc] GC(35) Pause Young (Allocation Failure) 6M->2M(15M) 0.407ms
[20.054s][info][gc] GC(36) Pause Young (Allocation Failure) 6M->2M(15M) 0.416ms
[20.060s][info][gc] GC(37) Pause Young (Allocation Failure) 6M->2M(15M) 0.423ms
[20.066s][info][gc] GC(38) Pause Young (Allocation Failure) 6M->2M(15M) 0.457ms
[20.072s][info][gc] GC(39) Pause Young (Allocation Failure) 6M->2M(15M) 0.642ms
[20.079s][info][gc] GC(40) Pause Young (Allocation Failure) 6M->2M(15M) 0.467ms
[20.086s][info][gc] GC(41) Pause Young (Allocation Failure) 6M->2M(15M) 0.493ms
[20.093s][info][gc] GC(42) Pause Young (Allocation Failure) 6M->2M(15M) 0.472ms
[20.124s][info][gc] GC(43) Pause Young (Allocation Failure) 6M->2M(15M) 0.882ms
[20.134s][info][gc] GC(44) Pause Young (Allocation Failure) 6M->2M(15M) 0.729ms
[20.144s][info][gc] GC(45) Pause Young (Allocation Failure) 6M->2M(15M) 0.618ms
[20.152s][info][gc] GC(46) Pause Young (Allocation Failure) 6M->1M(15M) 0.292ms
[20.158s][info][gc] GC(47) Pause Young (Allocation Failure) 6M->2M(15M) 0.311ms
[20.164s][info][gc] GC(48) Pause Young (Allocation Failure) 6M->2M(15M) 0.317ms
[20.175s][info][gc] GC(49) Pause Young (Allocation Failure) 6M->2M(15M) 0.286ms
[20.181s][info][gc] GC(50) Pause Young (Allocation Failure) 6M->2M(15M) 0.290ms
[20.186s][info][gc] GC(51) Pause Young (Allocation Failure) 6M->2M(15M) 0.322ms
[20.192s][info][gc] GC(52) Pause Young (Allocation Failure) 6M->2M(15M) 0.286ms
[20.198s][info][gc] GC(53) Pause Young (Allocation Failure) 6M->2M(15M) 0.359ms
[20.205s][info][gc] GC(54) Pause Young (Allocation Failure) 6M->2M(15M) 0.329ms
[20.211s][info][gc] GC(55) Pause Young (Allocation Failure) 6M->2M(15M) 0.494ms
[20.217s][info][gc] GC(56) Pause Young (Allocation Failure) 6M->2M(15M) 0.689ms
[20.223s][info][gc] GC(57) Pause Young (Allocation Failure) 6M->2M(15M) 0.364ms
[20.230s][info][gc] GC(58) Pause Young (Allocation Failure) 6M->2M(15M) 0.367ms
[20.236s][info][gc] GC(59) Pause Young (Allocation Failure) 6M->2M(15M) 0.494ms
[20.241s][info][gc] GC(60) Pause Young (Allocation Failure) 6M->2M(15M) 0.454ms
[20.247s][info][gc] GC(61) Pause Young (Allocation Failure) 6M->2M(15M) 0.487ms
[20.253s][info][gc] GC(62) Pause Young (Allocation Failure) 6M->2M(15M) 0.477ms
[20.259s][info][gc] GC(63) Pause Young (Allocation Failure) 6M->2M(15M) 0.673ms
[20.265s][info][gc] GC(64) Pause Young (Allocation Failure) 6M->2M(15M) 0.483ms
[20.274s][info][gc] GC(65) Pause Young (Allocation Failure) 6M->2M(15M) 0.534ms
[20.282s][info][gc] GC(66) Pause Young (Allocation Failure) 6M->2M(15M) 0.746ms
[20.291s][info][gc] GC(67) Pause Young (Allocation Failure) 6M->2M(15M) 0.747ms
[20.302s][info][gc] GC(68) Pause Young (Allocation Failure) 6M->2M(15M) 0.454ms
[20.308s][info][gc] GC(69) Pause Young (Allocation Failure) 6M->2M(15M) 0.309ms
[20.314s][info][gc] GC(70) Pause Young (Allocation Failure) 6M->2M(15M) 0.434ms
[20.320s][info][gc] GC(71) Pause Young (Allocation Failure) 6M->2M(15M) 0.375ms
[20.325s][info][gc] GC(72) Pause Young (Allocation Failure) 6M->2M(15M) 0.323ms
[20.331s][info][gc] GC(73) Pause Young (Allocation Failure) 6M->2M(15M) 0.360ms
[20.337s][info][gc] GC(74) Pause Young (Allocation Failure) 6M->2M(15M) 0.337ms
[20.343s][info][gc] GC(75) Pause Young (Allocation Failure) 6M->2M(15M) 0.344ms
[20.348s][info][gc] GC(76) Pause Young (Allocation Failure) 6M->2M(15M) 0.367ms
[20.353s][info][gc] GC(77) Pause Young (Allocation Failure) 6M->2M(15M) 0.381ms
[20.359s][info][gc] GC(78) Pause Young (Allocation Failure) 6M->2M(15M) 0.375ms
[20.365s][info][gc] GC(79) Pause Young (Allocation Failure) 6M->2M(15M) 0.631ms
[20.370s][info][gc] GC(80) Pause Young (Allocation Failure) 6M->2M(15M) 0.407ms
[20.376s][info][gc] GC(81) Pause Young (Allocation Failure) 6M->2M(15M) 0.506ms
[20.381s][info][gc] GC(82) Pause Young (Allocation Failure) 6M->2M(15M) 0.430ms
[20.387s][info][gc] GC(83) Pause Young (Allocation Failure) 6M->2M(15M) 0.446ms
[20.394s][info][gc] GC(84) Pause Young (Allocation Failure) 6M->2M(15M) 0.498ms
[20.400s][info][gc] GC(85) Pause Young (Allocation Failure) 6M->2M(15M) 0.407ms
[20.405s][info][gc] GC(86) Pause Young (Allocation Failure) 6M->2M(15M) 0.435ms
[20.411s][info][gc] GC(87) Pause Young (Allocation Failure) 6M->2M(15M) 0.615ms
[20.416s][info][gc] GC(88) Pause Young (Allocation Failure) 6M->2M(15M) 0.632ms
[20.423s][info][gc] GC(89) Pause Young (Allocation Failure) 6M->2M(15M) 0.266ms
[20.430s][info][gc] GC(90) Pause Young (Allocation Failure) 6M->2M(15M) 0.272ms
[20.438s][info][gc] GC(91) Pause Young (Allocation Failure) 6M->2M(15M) 0.273ms
[20.443s][info][gc] GC(92) Pause Young (Allocation Failure) 6M->2M(15M) 0.316ms
[20.448s][info][gc] GC(93) Pause Young (Allocation Failure) 6M->2M(15M) 0.300ms
[20.454s][info][gc] GC(94) Pause Young (Allocation Failure) 6M->2M(15M) 0.410ms
[20.462s][info][gc] GC(95) Pause Young (Allocation Failure) 6M->2M(15M) 0.331ms
[20.467s][info][gc] GC(96) Pause Young (Allocation Failure) 6M->2M(15M) 0.414ms
[20.473s][info][gc] GC(97) Pause Young (Allocation Failure) 6M->2M(15M) 0.362ms
[20.479s][info][gc] GC(98) Pause Young (Allocation Failure) 6M->2M(15M) 0.589ms
[20.486s][info][gc] GC(99) Pause Young (Allocation Failure) 6M->2M(15M) 0.376ms
[20.492s][info][gc] GC(100) Pause Young (Allocation Failure) 6M->2M(15M) 0.415ms
[20.499s][info][gc] GC(101) Pause Young (Allocation Failure) 6M->2M(15M) 0.453ms
[20.505s][info][gc] GC(102) Pause Young (Allocation Failure) 6M->2M(15M) 0.430ms
[20.511s][info][gc] GC(103) Pause Young (Allocation Failure) 6M->2M(15M) 0.398ms
[20.516s][info][gc] GC(104) Pause Young (Allocation Failure) 6M->2M(15M) 0.403ms
[20.522s][info][gc] GC(105) Pause Young (Allocation Failure) 6M->2M(15M) 0.454ms
[20.528s][info][gc] GC(106) Pause Young (Allocation Failure) 6M->2M(15M) 0.412ms
[20.533s][info][gc] GC(107) Pause Young (Allocation Failure) 6M->2M(15M) 0.633ms
[20.539s][info][gc] GC(108) Pause Young (Allocation Failure) 6M->2M(15M) 0.438ms
[20.544s][info][gc] GC(109) Pause Young (Allocation Failure) 6M->2M(15M) 0.264ms
[20.549s][info][gc] GC(110) Pause Young (Allocation Failure) 6M->2M(15M) 0.267ms
[20.555s][info][gc] GC(111) Pause Young (Allocation Failure) 6M->2M(15M) 0.303ms
[20.561s][info][gc] GC(112) Pause Young (Allocation Failure) 6M->2M(15M) 0.320ms
[20.567s][info][gc] GC(113) Pause Young (Allocation Failure) 6M->2M(15M) 0.320ms
[20.573s][info][gc] GC(114) Pause Young (Allocation Failure) 6M->2M(15M) 0.369ms
[20.578s][info][gc] GC(115) Pause Young (Allocation Failure) 6M->2M(15M) 0.509ms
[20.583s][info][gc] GC(116) Pause Young (Allocation Failure) 6M->2M(15M) 0.380ms
[20.589s][info][gc] GC(117) Pause Young (Allocation Failure) 6M->2M(15M) 0.385ms
[20.594s][info][gc] GC(118) Pause Young (Allocation Failure) 6M->2M(15M) 0.391ms
[20.599s][info][gc] GC(119) Pause Young (Allocation Failure) 6M->2M(15M) 0.423ms
[20.604s][info][gc] GC(120) Pause Young (Allocation Failure) 6M->2M(15M) 0.422ms
[20.610s][info][gc] GC(121) Pause Young (Allocation Failure) 6M->2M(15M) 0.460ms
[20.616s][info][gc] GC(122) Pause Young (Allocation Failure) 6M->2M(15M) 0.395ms
[20.621s][info][gc] GC(123) Pause Young (Allocation Failure) 6M->2M(15M) 0.466ms
[20.626s][info][gc] GC(124) Pause Young (Allocation Failure) 6M->2M(15M) 0.465ms
[20.632s][info][gc] GC(125) Pause Young (Allocation Failure) 6M->2M(15M) 0.439ms
[20.638s][info][gc] GC(126) Pause Young (Allocation Failure) 6M->2M(15M) 0.450ms
[20.644s][info][gc] GC(127) Pause Young (Allocation Failure) 6M->2M(15M) 0.430ms
[20.650s][info][gc] GC(128) Pause Young (Allocation Failure) 6M->2M(15M) 0.447ms
[20.656s][info][gc] GC(129) Pause Young (Allocation Failure) 6M->2M(15M) 0.393ms
[20.662s][info][gc] GC(130) Pause Young (Allocation Failure) 6M->2M(15M) 0.326ms
[20.668s][info][gc] GC(131) Pause Young (Allocation Failure) 6M->2M(15M) 0.383ms
[20.674s][info][gc] GC(132) Pause Young (Allocation Failure) 6M->2M(15M) 0.310ms
[20.681s][info][gc] GC(133) Pause Young (Allocation Failure) 6M->2M(15M) 0.433ms
[20.686s][info][gc] GC(134) Pause Young (Allocation Failure) 6M->2M(15M) 0.333ms
[20.694s][info][gc] GC(135) Pause Young (Allocation Failure) 6M->2M(15M) 0.375ms
[20.700s][info][gc] GC(136) Pause Young (Allocation Failure) 6M->2M(15M) 0.361ms
[20.709s][info][gc] GC(137) Pause Young (Allocation Failure) 6M->2M(15M) 0.361ms
[20.716s][info][gc] GC(138) Pause Young (Allocation Failure) 6M->2M(15M) 0.375ms
[20.722s][info][gc] GC(139) Pause Young (Allocation Failure) 6M->2M(15M) 0.544ms
[20.728s][info][gc] GC(140) Pause Young (Allocation Failure) 6M->2M(15M) 0.641ms
[20.736s][info][gc] GC(141) Pause Young (Allocation Failure) 6M->2M(15M) 0.398ms
[20.741s][info][gc] GC(142) Pause Young (Allocation Failure) 6M->2M(15M) 0.397ms
[20.748s][info][gc] GC(143) Pause Young (Allocation Failure) 6M->2M(15M) 0.645ms
[20.754s][info][gc] GC(144) Pause Young (Allocation Failure) 6M->2M(15M) 0.456ms
[20.762s][info][gc] GC(145) Pause Young (Allocation Failure) 6M->2M(15M) 0.429ms
[20.769s][info][gc] GC(146) Pause Young (Allocation Failure) 6M->2M(15M) 0.431ms
[20.775s][info][gc] GC(147) Pause Young (Allocation Failure) 6M->2M(15M) 0.424ms
[20.782s][info][gc] GC(148) Pause Young (Allocation Failure) 6M->2M(15M) 0.454ms
[20.788s][info][gc] GC(149) Pause Young (Allocation Failure) 6M->2M(15M) 0.429ms
[20.793s][info][gc] GC(150) Pause Young (Allocation Failure) 6M->2M(15M) 0.261ms
[20.799s][info][gc] GC(151) Pause Young (Allocation Failure) 6M->2M(15M) 0.286ms
[20.804s][info][gc] GC(152) Pause Young (Allocation Failure) 6M->2M(15M) 0.282ms
[20.811s][info][gc] GC(153) Pause Young (Allocation Failure) 6M->2M(15M) 0.292ms
[20.817s][info][gc] GC(154) Pause Young (Allocation Failure) 6M->2M(15M) 0.303ms
[20.822s][info][gc] GC(155) Pause Young (Allocation Failure) 6M->2M(15M) 0.315ms
[20.832s][info][gc] GC(156) Pause Young (Allocation Failure) 6M->2M(15M) 0.326ms
[20.838s][info][gc] GC(157) Pause Young (Allocation Failure) 6M->2M(15M) 0.337ms
[20.843s][info][gc] GC(158) Pause Young (Allocation Failure) 6M->2M(15M) 0.364ms
[20.849s][info][gc] GC(159) Pause Young (Allocation Failure) 6M->2M(15M) 0.359ms
[20.854s][info][gc] GC(160) Pause Young (Allocation Failure) 6M->2M(15M) 0.557ms
[20.860s][info][gc] GC(161) Pause Young (Allocation Failure) 6M->2M(15M) 0.376ms
[20.866s][info][gc] GC(162) Pause Young (Allocation Failure) 6M->2M(15M) 0.364ms
[20.871s][info][gc] GC(163) Pause Young (Allocation Failure) 6M->2M(15M) 0.406ms
[20.877s][info][gc] GC(164) Pause Young (Allocation Failure) 6M->2M(15M) 0.416ms
[20.885s][info][gc] GC(165) Pause Young (Allocation Failure) 6M->2M(15M) 0.434ms
[20.890s][info][gc] GC(166) Pause Young (Allocation Failure) 6M->2M(15M) 0.425ms
[20.896s][info][gc] GC(167) Pause Young (Allocation Failure) 6M->2M(15M) 0.412ms
[20.901s][info][gc] GC(168) Pause Young (Allocation Failure) 6M->2M(15M) 0.598ms
[20.907s][info][gc] GC(169) Pause Young (Allocation Failure) 6M->2M(15M) 0.508ms
[20.913s][info][gc] GC(170) Pause Young (Allocation Failure) 6M->2M(15M) 0.418ms
[20.919s][info][gc] GC(171) Pause Young (Allocation Failure) 6M->2M(15M) 0.440ms
[20.924s][info][gc] GC(172) Pause Young (Allocation Failure) 6M->2M(15M) 0.266ms
[20.929s][info][gc] GC(173) Pause Young (Allocation Failure) 6M->2M(15M) 0.272ms
[20.936s][info][gc] GC(174) Pause Young (Allocation Failure) 6M->2M(15M) 0.450ms
[20.942s][info][gc] GC(175) Pause Young (Allocation Failure) 6M->2M(15M) 0.338ms
[20.948s][info][gc] GC(176) Pause Young (Allocation Failure) 6M->2M(15M) 0.328ms
[20.955s][info][gc] GC(177) Pause Young (Allocation Failure) 6M->2M(15M) 0.316ms
[20.960s][info][gc] GC(178) Pause Young (Allocation Failure) 6M->2M(15M) 0.337ms
[20.968s][info][gc] GC(179) Pause Young (Allocation Failure) 6M->2M(15M) 0.359ms
[20.973s][info][gc] GC(180) Pause Young (Allocation Failure) 6M->2M(15M) 0.375ms
[20.978s][info][gc] GC(181) Pause Young (Allocation Failure) 6M->2M(15M) 0.403ms
